2026-09-27T04:24:17+00:00
COMMAND         %CPU   RSS
mysqld           1.5 861880
nginx            0.2 17224
nginx            0.2 17184
isuride          0.0  9016
rcu_preempt      0.0     0
jbd2/sda1-8      0.0     0
kworker/u4:1-fl  0.0     0
kworker/u4:3-ev  0.0     0
kworker/1:1H-kb  0.0     0
2026-09-27T04:24:19+00:00
COMMAND         %CPU   RSS
bench           10.0 50464
mysqld           1.5 892472
isuride          0.8 15084
nginx            0.2 17224
nginx            0.2 17184
rcu_preempt      0.0     0
jbd2/sda1-8      0.0     0
kworker/u4:1-ev  0.0     0
kworker/u4:3-ev  0.0     0
2026-09-27T04:24:21+00:00
COMMAND         %CPU   RSS
bench           14.4 69900
isuride          2.8 15820
mysqld           1.5 893480
nginx            0.2 17224
nginx            0.2 17184
rcu_preempt      0.0     0
jbd2/sda1-8      0.0     0
kworker/u4:1-ex  0.0     0
kworker/u4:3-ev  0.0     0
2026-09-27T04:24:23+00:00
COMMAND         %CPU   RSS
bench           19.1 102400
isuride          5.2 16260
mysqld           1.5 896456
nginx            0.2 17224
nginx            0.2 17184
rcu_preempt      0.0     0
jbd2/sda1-8      0.0     0
kworker/u4:1-fl  0.0     0
kworker/u4:3-ev  0.0     0
2026-09-27T04:24:25+00:00
COMMAND         %CPU   RSS
bench           21.0 125756
isuride          7.4 18276
mysqld           1.5 899436
nginx            0.2 17224
nginx            0.2 17184
rcu_preempt      0.0     0
jbd2/sda1-8      0.0     0
kworker/u4:1-ev  0.0     0
kworker/u4:3-ev  0.0     0
2026-09-27T04:24:27+00:00
COMMAND         %CPU   RSS
bench           22.1 159920
isuride          9.2 18720
mysqld           1.5 903392
nginx            0.2 17224
nginx            0.2 17184
rcu_preempt      0.0     0
jbd2/sda1-8      0.0     0
kworker/u4:1-ev  0.0     0
kworker/u4:3-ev  0.0     0
2026-09-27T04:24:29+00:00
COMMAND         %CPU   RSS
bench           22.9 172296
curl            11.1 12308
isuride         11.0 19264
mysqld           1.5 907296
nginx            0.2 17224
nginx            0.2 17184
rcu_preempt      0.0     0
jbd2/sda1-8      0.0     0
kworker/u4:1-fl  0.0     0
2026-09-27T04:24:31+00:00
COMMAND         %CPU   RSS
bench           23.5 191560
isuride         12.7 21448
mysqld           1.5 910528
nginx            0.2 17224
nginx            0.2 17184
rcu_preempt      0.0     0
jbd2/sda1-8      0.0     0
kworker/u4:1-fl  0.0     0
sh               0.0  1588
2026-09-27T04:24:33+00:00
COMMAND         %CPU   RSS
bench           23.9 204240
isuride         14.3 21588
mysqld           1.5 914348
nginx            0.3 17224
nginx            0.3 17184
rcu_preempt      0.0     0
jbd2/sda1-8      0.0     0
kworker/u4:1-fl  0.0     0
sh               0.0  1588
2026-09-27T04:24:35+00:00
COMMAND         %CPU   RSS
bench           24.1 213804
isuride         15.7 21536
mysqld           1.5 917720
nginx            0.3 17224
nginx            0.3 17184
rcu_preempt      0.0     0
jbd2/sda1-8      0.0     0
kworker/u4:1-fl  0.0     0
kworker/u4:3-ev  0.0     0
2026-09-27T04:24:37+00:00
COMMAND         %CPU   RSS
bench           24.0 226004
isuride         16.9 23164
mysqld           1.5 919220
nginx            0.3 17224
nginx            0.3 17184
rcu_preempt      0.0     0
jbd2/sda1-8      0.0     0
kworker/u4:1-fl  0.0     0
kworker/u4:3-ev  0.0     0
2026-09-27T04:24:39+00:00
COMMAND         %CPU   RSS
bench           24.1 239236
isuride         18.0 24972
mysqld           1.5 925828
nginx            0.3 17224
nginx            0.3 17184
rcu_preempt      0.0     0
jbd2/sda1-8      0.0     0
kworker/u4:1-ev  0.0     0
kworker/u4:3-fl  0.0     0
2026-09-27T04:24:41+00:00
COMMAND         %CPU   RSS
bench           24.3 253272
isuride         19.1 24052
mysqld           1.5 927184
nginx            0.3 17224
nginx            0.3 17184
rcu_preempt      0.0     0
jbd2/sda1-8      0.0     0
kworker/u4:1-ev  0.0     0
kworker/u4:3-ev  0.0     0
2026-09-27T04:24:43+00:00
COMMAND         %CPU   RSS
bench           24.3 257236
isuride         19.9 25704
mysqld           1.5 928828
nginx            0.3 17224
nginx            0.3 17184
rcu_preempt      0.0     0
jbd2/sda1-8      0.0     0
kworker/u4:1-ex  0.0     0
kworker/u4:3-ev  0.0     0
2026-09-27T04:24:45+00:00
COMMAND         %CPU   RSS
bench           24.6 271368
isuride         20.7 25464
curl             6.6 12292
mysqld           1.5 931896
nginx            0.3 17224
nginx            0.3 17184
rcu_preempt      0.0     0
jbd2/sda1-8      0.0     0
kworker/u4:1-wr  0.0     0
2026-09-27T04:24:47+00:00
COMMAND         %CPU   RSS
bench           24.9 295156
isuride         21.5 28504
mysqld           1.5 934024
nginx            0.3 17224
nginx            0.3 17184
rcu_preempt      0.0     0
jbd2/sda1-8      0.0     0
kworker/u4:1-ev  0.0     0
kworker/u4:3-ev  0.0     0
2026-09-27T04:24:49+00:00
COMMAND         %CPU   RSS
bench           25.2 323924
isuride         22.1 27608
mysqld           1.5 935928
nginx            0.3 17224
nginx            0.3 17184
rcu_preempt      0.0     0
jbd2/sda1-8      0.0     0
kworker/u4:1-ex  0.0     0
kworker/u4:3-ev  0.0     0
2026-09-27T04:24:51+00:00
COMMAND         %CPU   RSS
bench           25.3 330752
isuride         22.8 30512
curl             5.2 12308
mysqld           1.5 939468
nginx            0.3 17224
nginx            0.3 17184
rcu_preempt      0.0     0
jbd2/sda1-8      0.0     0
kworker/u4:1-ev  0.0     0
2026-09-27T04:24:53+00:00
COMMAND         %CPU   RSS
bench           25.4 349496
isuride         23.4 31900
mysqld           1.5 941016
nginx            0.3 17224
nginx            0.3 17184
rcu_preempt      0.0     0
jbd2/sda1-8      0.0     0
kworker/u4:1-ev  0.0     0
kworker/u4:3-ex  0.0     0
2026-09-27T04:24:55+00:00
COMMAND         %CPU   RSS
bench           25.4 369752
isuride         24.0 30620
curl             4.7 12308
mysqld           1.5 944176
nginx            0.3 17224
nginx            0.3 17184
rcu_preempt      0.0     0
jbd2/sda1-8      0.0     0
kworker/u4:1-ev  0.0     0
2026-09-27T04:24:57+00:00
COMMAND         %CPU   RSS
bench           25.5 380128
isuride         24.4 34360
mysqld           1.6 944028
nginx            0.3 17224
nginx            0.3 17184
rcu_preempt      0.0     0
jbd2/sda1-8      0.0     0
kworker/u4:1-ex  0.0     0
kworker/u4:3-wr  0.0     0
2026-09-27T04:24:59+00:00
COMMAND         %CPU   RSS
bench           25.5 382220
isuride         24.9 34516
mysqld           1.6 945940
nginx            0.3 17224
nginx            0.3 17184
rcu_preempt      0.0     0
jbd2/sda1-8      0.0     0
kworker/u4:1-ex  0.0     0
kworker/u4:3-ev  0.0     0
2026-09-27T04:25:01+00:00
COMMAND         %CPU   RSS
bench           25.7 404844
isuride         25.4 33648
mysqld           1.6 946184
nginx            0.3 17224
nginx            0.3 17184
rcu_preempt      0.0     0
jbd2/sda1-8      0.0     0
kworker/u4:1-ev  0.0     0
kworker/u4:3-ev  0.0     0
2026-09-27T04:25:03+00:00
COMMAND         %CPU   RSS
isuride         25.9 33132
bench           25.7 407820
mysqld           1.6 946504
nginx            0.3 17224
nginx            0.3 17184
rcu_preempt      0.0     0
jbd2/sda1-8      0.0     0
kworker/u4:1-ev  0.0     0
kworker/u4:3-ev  0.0     0
2026-09-27T04:25:05+00:00
COMMAND         %CPU   RSS
isuride         26.2 36600
bench           26.0 435156
mysqld           1.6 946692
nginx            0.3 17224
nginx            0.3 17184
rcu_preempt      0.0     0
jbd2/sda1-8      0.0     0
kworker/u4:1-ev  0.0     0
kworker/u4:3-ex  0.0     0
2026-09-27T04:25:07+00:00
COMMAND         %CPU   RSS
isuride         26.6 36856
bench           26.1 440724
mysqld           1.6 947732
nginx            0.3 17184
nginx            0.3 17224
rcu_preempt      0.0     0
jbd2/sda1-8      0.0     0
kworker/u4:1-ev  0.0     0
kworker/u4:2-ex  0.0     0
2026-09-27T04:25:09+00:00
COMMAND         %CPU   RSS
isuride         26.9 33956
bench           26.2 470024
mysqld           1.6 948744
nginx            0.3 17184
nginx            0.3 17224
rcu_preempt      0.0     0
jbd2/sda1-8      0.0     0
kworker/u4:1-ev  0.0     0
kworker/u4:2-ev  0.0     0
2026-09-27T04:25:11+00:00
COMMAND         %CPU   RSS
isuride         27.2 38452
bench           26.2 472408
mysqld           1.6 949552
nginx            0.3 17184
nginx            0.3 17224
rcu_preempt      0.0     0
jbd2/sda1-8      0.0     0
kworker/u4:2-ex  0.0     0
kworker/u4:1-ev  0.0     0
2026-09-27T04:25:13+00:00
COMMAND         %CPU   RSS
isuride         27.5 36964
bench           26.3 503488
mysqld           1.6 949552
nginx            0.3 17184
nginx            0.3 17224
rcu_preempt      0.0     0
jbd2/sda1-8      0.0     0
kworker/u4:2-wr  0.0     0
kworker/u4:1-ev  0.0     0
2026-09-27T04:25:15+00:00
COMMAND         %CPU   RSS
isuride         27.8 40476
bench           26.4 504980
mysqld           1.6 950196
nginx            0.3 17184
nginx            0.3 17224
rcu_preempt      0.0     0
jbd2/sda1-8      0.0     0
kworker/u4:2-ev  0.0     0
kworker/u4:1-ev  0.0     0
2026-09-27T04:25:17+00:00
COMMAND         %CPU   RSS
isuride         28.1 41000
bench           26.4 506824
mysqld           1.6 952112
curl             1.5 12308
nginx            0.3 17184
nginx            0.3 17224
rcu_preempt      0.0     0
jbd2/sda1-8      0.0     0
kworker/u4:2-ex  0.0     0
2026-09-27T04:25:19+00:00
COMMAND         %CPU   RSS
isuride         28.5 34580
bench           26.4 543664
curl             5.2 12300
mysqld           1.6 952112
nginx            0.3 17184
nginx            0.3 17224
rcu_preempt      0.0     0
jbd2/sda1-8      0.0     0
kworker/u4:2-ev  0.0     0
2026-09-27T04:25:21+00:00
COMMAND         %CPU   RSS
isuride         28.9 33900
bench           26.3 543672
mysqld           1.6 952112
nginx            0.3 17184
nginx            0.3 17224
rcu_preempt      0.0     0
jbd2/sda1-8      0.0     0
kworker/u4:2-ev  0.0     0
kworker/u4:1-ev  0.0     0
