procs -----------memory---------- ---swap-- -----io---- -system-- -------cpu------- -----timestamp-----
 r  b   swpd   free   buff  cache   si   so    bi    bo   in   cs us sy id wa st gu                 UTC
 2  0      0 705148  91656 2153476    0    0    24   410  665    9  4  1 95  0  0  0 2026-09-27 04:24:17
 1  0      0 666116  91656 2146160    0    0     0 63276 15854 31590 27 12 42 18  0  0 2026-09-27 04:24:18
 2  1      0 655824  91656 2146716    0    0     0 10160 20074 59260 22 17 59  2  0  0 2026-09-27 04:24:19
 5  0      0 659988  91656 2148316    0    0     0 16212 24645 78012 26 19 51  4  0  0 2026-09-27 04:24:20
10  1      0 642124  91656 2149152    0    0     0 18992 29763 104846 37 29 31  3  0  0 2026-09-27 04:24:21
18  0      0 623304  91656 2150236    0    0     0 22448 27825 110791 46 34 16  4  0  0 2026-09-27 04:24:22
24  0      0 604404  91656 2151544    0    0     0 22220 26109 116722 48 35 14  3  0  0 2026-09-27 04:24:23
15  1      0 585572  91656 2152624    0    0     0 27124 22659 101635 49 35 10  5  0  0 2026-09-27 04:24:24
16  1      0 568496  91656 2154716    0    0     0 23104 23236 100044 49 36 10  4  0  0 2026-09-27 04:24:25
 3  0      0 545340  91656 2157056    0    0     0 22868 24072 106690 50 36 11  3  0  0 2026-09-27 04:24:26
 9  1      0 528916  91656 2159144    0    0     0 25556 22116 98656 52 35  9  4  0  0 2026-09-27 04:24:27
10  0      0 523020  91656 2160208    0    0     0 25164 23358 101033 51 37  7  5  0  0 2026-09-27 04:24:28
11  0      0 507956  91656 2161216    0    0     0 23636 22377 99494 56 39  3  2  0  0 2026-09-27 04:24:29
15  1      0 487788  91656 2162604    0    0     0 24544 21694 100793 57 37  4  2  0  0 2026-09-27 04:24:30
16  1      0 480016  91656 2163836    0    0     0 25436 22220 98508 52 39  5  4  0  0 2026-09-27 04:24:31
42  1      0 466660  91656 2164972    0    0     0 24420 22219 102033 55 39  4  2  0  0 2026-09-27 04:24:32
33  0      0 460128  91656 2166076    0    0     0 28340 20847 102330 55 41  3  2  0  0 2026-09-27 04:24:33
23  0      0 448452  91656 2167284    0    0     0 31816 21359 96410 55 39  5  2  0  0 2026-09-27 04:24:34
30  0      0 447252  91656 2168576    0    0     0 24864 21563 101087 53 39  6  2  0  0 2026-09-27 04:24:35
14  0      0 438476  91656 2170824    0    0     0 26772 20996 101461 55 39  5  2  0  0 2026-09-27 04:24:36
31  0      0 426068  91656 2172920    0    0     0 26168 21574 97216 54 38  5  3  0  0 2026-09-27 04:24:37
procs -----------memory---------- ---swap-- -----io---- -system-- -------cpu------- -----timestamp-----
 r  b   swpd   free   buff  cache   si   so    bi    bo   in   cs us sy id wa st gu                 UTC
34  0      0 423412  91656 2174160    0    0     0 25740 19919 95981 56 38  4  2  0  0 2026-09-27 04:24:38
28  0      0 398524  91656 2175400    0    0     0 26824 19593 95189 59 37  3  2  0  0 2026-09-27 04:24:39
14  1      0 401124  91656 2176612    0    0     0 24888 21957 102363 55 39  4  2  0  0 2026-09-27 04:24:40
38  0      0 383264  91656 2178072    0    0     0 23264 20589 103387 61 35  3  1  0  0 2026-09-27 04:24:41
24  1      0 380012  91656 2179188    0    0     0 24224 21025 95165 56 34  6  4  0  0 2026-09-27 04:24:42
13  1      0 371696  91656 2180424    0    0     0 23356 21895 99465 59 36  4  2  0  0 2026-09-27 04:24:43
38  1      0 357596  91656 2181780    0    0     0 24120 18168 94600 60 36  3  1  0  0 2026-09-27 04:24:44
15  1      0 348584  91656 2183116    0    0     0 27948 19965 99865 62 36  2  1  0  0 2026-09-27 04:24:45
27  0      0 331668  91656 2184472    0    0     0 22040 21524 95475 59 36  4  1  0  0 2026-09-27 04:24:46
20  1      0 323296  91656 2186688    0    0     0 25340 21295 95913 57 39  3  1  0  0 2026-09-27 04:24:47
20  0      0 309732  91656 2188336    0    0     0 25532 23166 98455 57 38  4  2  0  0 2026-09-27 04:24:48
 9  1      0 286624  91656 2189284    0    0     0 28696 18212 95313 60 38  2  1  0  0 2026-09-27 04:24:49
28  0      0 273092  91656 2191748    0    0     0 26240 21184 94484 59 38  2  1  0  0 2026-09-27 04:24:50
15  0      0 271220  91656 2192912    0    0     0 23424 22719 100677 60 36  3  1  0  0 2026-09-27 04:24:51
62  0      0 244316  91656 2194268    0    0     0 25604 19620 94352 59 38  2  1  0  0 2026-09-27 04:24:52
15  1      0 247136  91656 2195608    0    0     0 25972 20065 97834 58 36  3  3  0  0 2026-09-27 04:24:53
10  1      0 236316  91656 2196744    0    0     0 24824 20137 93689 58 36  4  2  0  0 2026-09-27 04:24:54
10  1      0 228380  91656 2197888    0    0     0 30088 20928 95511 60 37  2  1  0  0 2026-09-27 04:24:55
51  0      0 205464  91656 2199104    0    0     0 23640 19728 89780 61 34  3  2  0  0 2026-09-27 04:24:56
14  1      0 194380  91656 2200528    0    0     0 25444 20538 90524 57 36  5  3  0  0 2026-09-27 04:24:57
10  1      0 192368  91656 2201376    0    0     0 26320 21230 92610 55 39  3  2  0  0 2026-09-27 04:24:58
procs -----------memory---------- ---swap-- -----io---- -system-- -------cpu------- -----timestamp-----
 r  b   swpd   free   buff  cache   si   so    bi    bo   in   cs us sy id wa st gu                 UTC
15  1      0 182540  91656 2203560    0    0     0 27120 20637 88866 61 37  2  1  0  0 2026-09-27 04:24:59
59  0      0 172844  91656 2204708    0    0     0 25956 20637 92290 56 40  2  2  0  0 2026-09-27 04:25:00
32  1      0 159492  91656 2205896    0    0     0 25004 20639 95011 60 37  3  1  0  0 2026-09-27 04:25:01
39  0      0 163124  91656 2208180    0    0     0 26860 20429 94923 59 39  2  1  0  0 2026-09-27 04:25:02
18  1      0 155932  91656 2209484    0    0     0 24096 20116 97565 61 38  1  1  0  0 2026-09-27 04:25:03
35  1      0 137892  91656 2210672    0    0     0 23384 19908 89064 61 35  3  1  0  0 2026-09-27 04:25:04
19  0      0 121316  91656 2211884    0    0     0 30764 18493 87587 63 34  2  1  0  0 2026-09-27 04:25:05
16  1      0 120924  91656 2212968    0    0     0 23032 19561 87828 63 35  2  1  0  0 2026-09-27 04:25:06
20  1      0 119684  91656 2214244    0    0     0 25388 20292 95146 59 37  3  2  0  0 2026-09-27 04:25:07
22  1      0  97536  91656 2215540    0    0     0 23204 20344 88617 61 35  3  1  0  0 2026-09-27 04:25:08
29  1      0  89628  91656 2216712    0    0     0 23336 19453 91630 62 35  3  1  0  0 2026-09-27 04:25:09
31  1      0  78884  91656 2217808    0    0     0 24816 19874 85156 60 35  3  2  0  0 2026-09-27 04:25:10
34  0      0  75652  91656 2218864    0    0     0 26860 20115 93537 56 40  3  2  0  0 2026-09-27 04:25:11
12  1      0  67368  91656 2220252    0    0     0 25784 20263 93290 60 38  1  1  0  0 2026-09-27 04:25:12
11  0      0 124400  91108 2153612    0    0     0 24460 18868 90439 61 38  1  1  0  0 2026-09-27 04:25:13
56  0      0 105088  91108 2155628    0    0     0 24532 18707 87804 63 35  1  1  0  0 2026-09-27 04:25:14
39  0      0 104004  91108 2159500    0    0     0 31860 19949 89647 62 37  1  0  0  0 2026-09-27 04:25:15
 8  1      0  95396  91108 2162248    0    0     0 26660 19243 87866 59 37  3  1  0  0 2026-09-27 04:25:16
12  1      0  94212  91108 2164828    0    0     0 25736 19780 92845 60 37  2  1  0  0 2026-09-27 04:25:17
37  0      0  79672  91108 2166740    0    0     0 25640 19258 91490 62 37  1  1  0  0 2026-09-27 04:25:18
37  0      0  64628  91108 2169940    0    0     0 19008 19134 105364 63 36  2  0  0  0 2026-09-27 04:25:19
procs -----------memory---------- ---swap-- -----io---- -system-- -------cpu------- -----timestamp-----
 r  b   swpd   free   buff  cache   si   so    bi    bo   in   cs us sy id wa st gu                 UTC
 5  0      0  63688  91108 2171508    0    0     0  6784 22063 119580 66 31  3  0  0  0 2026-09-27 04:25:20
15  0      0  62116  91108 2173440    0    0     0  4108 21331 124586 65 29  6  0  0  0 2026-09-27 04:25:21
13  0      0 142868  88592 2101780    0    0     0  3676 18633 122515 66 30  5  0  0  0 2026-09-27 04:25:22
16  0      0 138484  88592 2103424    0    0     0  3752 16505 129877 69 28  3  0  0  0 2026-09-27 04:25:23
