2026-09-26T09:39:59+00:00
COMMAND         %CPU   RSS
mysqld          44.7 807292
nginx            1.5  9712
nginx            1.5  9628
systemd-journal  1.1 203196
rsyslogd         0.6  5536
jbd2/sda1-8      0.6     0
kworker/1:1H-kb  0.2     0
rcu_preempt      0.2     0
kworker/0:1H-kb  0.2     0
2026-09-26T09:40:01+00:00
COMMAND         %CPU   RSS
mysqld          44.8 896956
bench            9.0 51200
nginx            1.5  9712
nginx            1.5  9628
systemd-journal  1.1 203628
isuride          0.9 14844
rsyslogd         0.6  5536
jbd2/sda1-8      0.6     0
kworker/1:1H-kb  0.2     0
2026-09-26T09:40:03+00:00
COMMAND         %CPU   RSS
mysqld          44.8 851924
bench            8.7 53328
isuride          2.4 15208
nginx            1.5  9712
nginx            1.5  9628
systemd-journal  1.1 204888
rsyslogd         0.6  5536
jbd2/sda1-8      0.6     0
kworker/1:1H-kb  0.2     0
2026-09-26T09:40:05+00:00
COMMAND         %CPU   RSS
mysqld          44.8 853040
bench            9.3 53668
isuride          4.1 15608
nginx            1.5  9712
nginx            1.5  9628
systemd-journal  1.1 209244
rsyslogd         0.6  5536
jbd2/sda1-8      0.6     0
kworker/1:1H-kb  0.2     0
2026-09-26T09:40:07+00:00
COMMAND         %CPU   RSS
mysqld          44.9 854148
bench            9.6 58544
isuride          5.5 15792
nginx            1.5  9712
nginx            1.5  9628
systemd-journal  1.1 210672
rsyslogd         0.6  5536
jbd2/sda1-8      0.6     0
kworker/1:1H-kb  0.2     0
2026-09-26T09:40:09+00:00
COMMAND         %CPU   RSS
mysqld          45.0 857352
curl            12.5 12296
bench           10.4 63588
isuride          7.1 16612
nginx            1.5  9712
nginx            1.5  9628
systemd-journal  1.1 211932
rsyslogd         0.6  5536
jbd2/sda1-8      0.6     0
2026-09-26T09:40:11+00:00
COMMAND         %CPU   RSS
mysqld          45.0 860548
bench           10.7 70676
isuride          8.4 15920
nginx            1.5  9712
nginx            1.5  9628
systemd-journal  1.1 213160
rsyslogd         0.6  5536
jbd2/sda1-8      0.6     0
kworker/1:1H-kb  0.2     0
2026-09-26T09:40:13+00:00
COMMAND         %CPU   RSS
mysqld          45.1 865236
bench           11.1 77980
isuride          9.5 16788
nginx            1.5  9712
nginx            1.5  9628
systemd-journal  1.1 217800
rsyslogd         0.6  5536
jbd2/sda1-8      0.6     0
kworker/1:1H-kb  0.2     0
2026-09-26T09:40:15+00:00
COMMAND         %CPU   RSS
mysqld          45.2 867476
bench           11.4 81376
isuride         10.7 17028
nginx            1.5  9712
nginx            1.5  9628
systemd-journal  1.1 219648
rsyslogd         0.6  5536
jbd2/sda1-8      0.6     0
kworker/1:1H-kb  0.2     0
2026-09-26T09:40:17+00:00
COMMAND         %CPU   RSS
mysqld          45.3 871848
isuride         11.7 16788
bench           11.5 84812
nginx            1.5  9712
nginx            1.5  9628
systemd-journal  1.1 220864
rsyslogd         0.6  5536
jbd2/sda1-8      0.6     0
kworker/1:1H-kb  0.2     0
2026-09-26T09:40:19+00:00
COMMAND         %CPU   RSS
mysqld          45.3 899144
isuride         12.4 17140
bench           11.7 88348
nginx            1.5  9712
nginx            1.5  9628
systemd-journal  1.1 222004
rsyslogd         0.6  5536
jbd2/sda1-8      0.6     0
kworker/1:1H-kb  0.2     0
2026-09-26T09:40:21+00:00
COMMAND         %CPU   RSS
mysqld          45.4 944036
isuride         13.1 17980
bench           11.8 94280
curl             7.6 12304
nginx            1.5  9712
nginx            1.5  9628
systemd-journal  1.1 226492
rsyslogd         0.6  5536
jbd2/sda1-8      0.6     0
2026-09-26T09:40:23+00:00
COMMAND         %CPU   RSS
mysqld          45.5 879700
isuride         13.8 17544
bench           12.0 96904
nginx            1.5  9712
nginx            1.5  9628
systemd-journal  1.1 228232
rsyslogd         0.6  5536
jbd2/sda1-8      0.6     0
kworker/1:1H-kb  0.2     0
2026-09-26T09:40:25+00:00
COMMAND         %CPU   RSS
mysqld          45.6 879784
isuride         14.3 17476
bench           12.1 102200
nginx            1.6  9712
nginx            1.5  9628
systemd-journal  1.1 229544
rsyslogd         0.6  5532
jbd2/sda1-8      0.6     0
kworker/1:1H-kb  0.2     0
2026-09-26T09:40:27+00:00
COMMAND         %CPU   RSS
mysqld          45.7 882920
isuride         14.8 17844
bench           12.2 108324
nginx            1.6  9712
nginx            1.5  9628
systemd-journal  1.1 232824
rsyslogd         0.6  5532
jbd2/sda1-8      0.6     0
kworker/1:1H-kb  0.2     0
2026-09-26T09:40:29+00:00
COMMAND         %CPU   RSS
mysqld          45.8 885204
isuride         15.3 18692
bench           12.1 108420
nginx            1.6  9712
nginx            1.5  9628
systemd-journal  1.1 235528
rsyslogd         0.6  5532
jbd2/sda1-8      0.6     0
kworker/1:1H-kb  0.2     0
2026-09-26T09:40:31+00:00
COMMAND         %CPU   RSS
mysqld          45.9 882212
isuride         15.7 18976
bench           12.2 110496
nginx            1.6  9712
nginx            1.5  9628
systemd-journal  1.1 238936
rsyslogd         0.6  5532
jbd2/sda1-8      0.6     0
kworker/1:1H-kb  0.2     0
2026-09-26T09:40:33+00:00
COMMAND         %CPU   RSS
mysqld          45.9 884316
isuride         16.1 18104
bench           12.2 113712
nginx            1.6  9712
nginx            1.5  9628
systemd-journal  1.1 241224
rsyslogd         0.6  5532
jbd2/sda1-8      0.6     0
kworker/1:1H-kb  0.2     0
2026-09-26T09:40:35+00:00
COMMAND         %CPU   RSS
mysqld          46.0 887512
isuride         16.5 18476
bench           12.3 116872
nginx            1.6  9712
nginx            1.5  9628
systemd-journal  1.1 244544
rsyslogd         0.6  5532
jbd2/sda1-8      0.6     0
kworker/1:1H-kb  0.2     0
2026-09-26T09:40:37+00:00
COMMAND         %CPU   RSS
mysqld          46.1 904720
isuride         16.8 18836
bench           12.3 118480
nginx            1.6  9712
nginx            1.5  9628
systemd-journal  1.1 246460
rsyslogd         0.6  5532
jbd2/sda1-8      0.6     0
kworker/1:1H-kb  0.2     0
2026-09-26T09:40:39+00:00
COMMAND         %CPU   RSS
mysqld          46.2 922192
isuride         17.1 19832
bench           12.3 123180
nginx            1.6  9712
nginx            1.5  9628
systemd-journal  1.1 247928
rsyslogd         0.6  5532
jbd2/sda1-8      0.6     0
kworker/1:1H-kb  0.2     0
2026-09-26T09:40:41+00:00
COMMAND         %CPU   RSS
mysqld          46.3 879380
isuride         17.4 19872
bench           12.3 125252
nginx            1.6  9712
nginx            1.6  9628
systemd-journal  1.1 249056
rsyslogd         0.6  5532
jbd2/sda1-8      0.6     0
kworker/1:1H-kb  0.2     0
2026-09-26T09:40:43+00:00
COMMAND         %CPU   RSS
mysqld          46.4 864068
isuride         17.8 20168
bench           12.4 125444
nginx            1.6  9712
nginx            1.6  9628
systemd-journal  1.1 251868
rsyslogd         0.6  5532
jbd2/sda1-8      0.6     0
kworker/1:1H-kb  0.2     0
2026-09-26T09:40:45+00:00
COMMAND         %CPU   RSS
mysqld          46.4 905712
isuride         18.1 19652
bench           12.7 132572
nginx            1.6  9712
nginx            1.6  9628
systemd-journal  1.2 254708
rsyslogd         0.6  5532
jbd2/sda1-8      0.6     0
kworker/1:1H-kb  0.2     0
2026-09-26T09:40:47+00:00
COMMAND         %CPU   RSS
mysqld          46.5 861152
isuride         18.4 20408
bench           12.8 132768
nginx            1.6  9712
nginx            1.6  9628
systemd-journal  1.2 254900
rsyslogd         0.6  5532
jbd2/sda1-8      0.6     0
kworker/1:1H-kb  0.2     0
2026-09-26T09:40:49+00:00
COMMAND         %CPU   RSS
mysqld          46.6 861256
isuride         18.6 20748
bench           12.8 139332
nginx            1.6  9712
nginx            1.6  9628
systemd-journal  1.2 254984
rsyslogd         0.6  5532
jbd2/sda1-8      0.6     0
kworker/1:1H-kb  0.2     0
2026-09-26T09:40:51+00:00
COMMAND         %CPU   RSS
mysqld          46.7 864820
isuride         18.9 21684
bench           12.8 139336
nginx            1.6  9712
nginx            1.6  9628
systemd-journal  1.2 256352
rsyslogd         0.6  5532
jbd2/sda1-8      0.6     0
kworker/1:1H-kb  0.2     0
2026-09-26T09:40:53+00:00
COMMAND         %CPU   RSS
mysqld          46.8 865960
isuride         19.0 21280
bench           12.9 146896
nginx            1.6  9712
nginx            1.6  9628
systemd-journal  1.2 257296
rsyslogd         0.6  5532
jbd2/sda1-8      0.6     0
kworker/1:1H-kb  0.2     0
2026-09-26T09:40:55+00:00
COMMAND         %CPU   RSS
mysqld          46.9 894596
isuride         19.2 21340
bench           12.9 146980
curl             4.1 12304
nginx            1.6  9712
nginx            1.6  9636
systemd-journal  1.2 258116
rsyslogd         0.6  5532
jbd2/sda1-8      0.6     0
2026-09-26T09:40:57+00:00
COMMAND         %CPU   RSS
mysqld          47.0 869948
isuride         19.4 21840
bench           13.1 147084
nginx            1.6  9712
nginx            1.6  9644
systemd-journal  1.2 258736
rsyslogd         0.6  5532
jbd2/sda1-8      0.6     0
kworker/1:1H-kb  0.2     0
2026-09-26T09:40:59+00:00
COMMAND         %CPU   RSS
mysqld          47.1 904308
isuride         19.6 23788
bench           13.1 154064
nginx            1.6  9712
nginx            1.6  9696
systemd-journal  1.2 261508
rsyslogd         0.6  5532
jbd2/sda1-8      0.6     0
kworker/1:1H-kb  0.2     0
2026-09-26T09:41:01+00:00
COMMAND         %CPU   RSS
mysqld          47.2 852372
isuride         19.8 19256
bench           13.1 154192
nginx            1.6  9712
nginx            1.6  9696
systemd-journal  1.2 264648
rsyslogd         0.6  5532
jbd2/sda1-8      0.6     0
kworker/1:1H-kb  0.2     0
2026-09-26T09:41:03+00:00
COMMAND         %CPU   RSS
mysqld          47.2 852468
isuride         20.2 19112
bench           13.1 163864
nginx            1.6  9712
nginx            1.6  9696
systemd-journal  1.2 266900
rsyslogd         0.6  5532
jbd2/sda1-8      0.6     0
kworker/1:1H-kb  0.2     0
