procs -----------memory---------- ---swap-- -----io---- -system-- -------cpu------- -----timestamp-----
 r  b   swpd   free   buff  cache   si   so    bi    bo   in   cs us sy id wa st gu                 UTC
 2  0      0 1490064  88140 1443976    0    0   291  5889 6342  113 25 10 64  0  0  0 2026-09-26 09:39:59
16  0      0 1409580  88140 1444308    0    0    32 53652 17275 36864 32 14 39 15  0  0 2026-09-26 09:40:00
 9  0      0 1370804  88140 1450064    0    0     0  5940 17932 53602 63 13 23  1  0  0 2026-09-26 09:40:01
 3  0      0 1352344  88140 1445812    0    0     0 12524 25328 71680 34 17 47  2  0  0 2026-09-26 09:40:02
 9  0      0 1348312  88140 1446628    0    0     0  7988 22146 70121 46 21 32  1  0  0 2026-09-26 09:40:03
 3  0      0 1357412  88140 1447532    0    0     0 10372 24864 80022 43 20 35  2  0  0 2026-09-26 09:40:04
 0  0      0 1341788  88140 1448504    0    0     0 10240 23584 77467 52 21 26  1  0  0 2026-09-26 09:40:05
 0  1      0 1341312  88140 1449524    0    0     0 10452 27092 93115 42 24 33  2  0  0 2026-09-26 09:40:06
 7  0      0 1334096  88140 1450616    0    0     0 11996 21877 78424 55 25 18  1  0  0 2026-09-26 09:40:07
 9  0      0 1337208  88140 1451700    0    0     0 11748 23687 90753 48 26 24  2  0  0 2026-09-26 09:40:08
25  1      0 1365952  88140 1453012    0    0     0 16236 18173 65892 65 29  4  1  0  0 2026-09-26 09:40:09
19  0      0 1356864  88140 1459796    0    0     0 14680 21211 84633 61 29  9  1  0  0 2026-09-26 09:40:10
10  0      0 1317472  88140 1455364    0    0     0 17424 20092 77627 59 27 13  1  0  0 2026-09-26 09:40:11
18  0      0 1290136  88140 1458968    0    0     0 16100 18410 75313 62 28  9  2  0  0 2026-09-26 09:40:12
 3  1      0 1313128  88140 1458852    0    0     0 35900 20529 83328 59 32  9  1  0  0 2026-09-26 09:40:13
17  0      0 1296024  88140 1461336    0    0     0 15016 18049 70839 68 27  4  1  0  0 2026-09-26 09:40:14
23  0      0 1348408  88140 1461192    0    0     0 16868 19849 79353 59 32  7  1  0  0 2026-09-26 09:40:15
 9  1      0 1307448  88140 1462248    0    0     0 15884 17793 72562 63 29  6  1  0  0 2026-09-26 09:40:16
 6  0      0 1308152  88140 1463464    0    0     0 15592 20374 82705 59 30 10  2  0  0 2026-09-26 09:40:17
 3  1      0 1272788  88140 1464640    0    0     0 15104 19582 73897 66 30  4  0  0  0 2026-09-26 09:40:18
11  0      0 1266688  88140 1472268    0    0     0 16796 19738 73982 63 27  9  2  0  0 2026-09-26 09:40:19
procs -----------memory---------- ---swap-- -----io---- -system-- -------cpu------- -----timestamp-----
 r  b   swpd   free   buff  cache   si   so    bi    bo   in   cs us sy id wa st gu                 UTC
30  0      0 1259336  88140 1467032    0    0     0 14600 19877 76747 63 29  7  1  0  0 2026-09-26 09:40:20
17  0      0 1253836  88140 1474560    0    0     0 14420 17989 72020 64 32  4  1  0  0 2026-09-26 09:40:21
45  0      0 1262828  88140 1469116    0    0     0 12940 13756 52905 69 31  1  0  0  0 2026-09-26 09:40:22
13  0      0 1254288  88140 1471908    0    0     0 13232 17226 61206 68 29  3  1  0  0 2026-09-26 09:40:23
23  0      0 1279156  88140 1471732    0    0     0 16988 18877 77924 65 27  6  2  0  0 2026-09-26 09:40:24
 6  0      0 1276808  88140 1472960    0    0     0 15604 16019 63094 71 25  4  1  0  0 2026-09-26 09:40:25
 9  0      0 1282808  88140 1474160    0    0     0 18784 19656 79363 64 28  6  1  0  0 2026-09-26 09:40:26
29  0      0 1267808  88140 1475468    0    0     0 14940 17111 70011 67 27  6  1  0  0 2026-09-26 09:40:27
12  1      0 1270720  88140 1488376    0    0     0 42024 18965 71498 63 30  5  2  0  0 2026-09-26 09:40:28
 6  0      0 1235700  88140 1477804    0    0     0 15012 16953 64730 68 29  3  1  0  0 2026-09-26 09:40:29
23  0      0 1231596  88140 1484292    0    0     0 17856 18004 62531 68 27  4  1  0  0 2026-09-26 09:40:30
16  0      0 1230924  88140 1482408    0    0     0 13656 18571 70411 67 28  5  1  0  0 2026-09-26 09:40:31
15  1      0 1190856  88140 1486272    0    0     0 13584 18761 66689 70 26  4  1  0  0 2026-09-26 09:40:32
 7  1      0 1217836  88140 1484772    0    0     0 15160 19488 76361 65 28  7  1  0  0 2026-09-26 09:40:33
25  0      0 1207684  88140 1487280    0    0     0 14516 17874 63145 67 29  3  1  0  0 2026-09-26 09:40:34
24  1      0 1239456  88140 1487092    0    0     0 17876 19547 76196 63 29  6  2  0  0 2026-09-26 09:40:35
20  1      0 1197032  88140 1490412    0    0     0 16556 18577 66780 66 31  3  1  0  0 2026-09-26 09:40:36
27  0      0 1205364  88140 1505192    0    0     0 18584 19194 73182 65 29  5  1  0  0 2026-09-26 09:40:37
15  0      0 1190688  88140 1493168    0    0     0 18436 18028 69607 65 30  3  1  0  0 2026-09-26 09:40:38
38  0      0 1190436  88140 1500060    0    0     0 15700 16559 63692 68 27  4  1  0  0 2026-09-26 09:40:39
39  0      0 1227952  88140 1495180    0    0     0 16632 17708 68574 66 30  3  1  0  0 2026-09-26 09:40:40
procs -----------memory---------- ---swap-- -----io---- -system-- -------cpu------- -----timestamp-----
 r  b   swpd   free   buff  cache   si   so    bi    bo   in   cs us sy id wa st gu                 UTC
 9  0      0 1202928  88140 1500216    0    0     0 20484 15468 57351 69 29  2  1  0  0 2026-09-26 09:40:41
14  0      0 1241688  88140 1500588    0    0     0 16764 16331 66312 65 31  3  1  0  0 2026-09-26 09:40:42
16  0      0 1216368  88140 1503208    0    0     0 45208 16288 60481 71 28  1  0  0  0 2026-09-26 09:40:43
41  0      0 1255728  88140 1502872    0    0     0 16864 17754 68904 62 32  5  1  0  0 2026-09-26 09:40:44
17  0      0 1164548  88140 1506632    0    0     0 15860 14517 48542 67 31  1  1  0  0 2026-09-26 09:40:45
34  0      0 1194052  88140 1514020    0    0     0 12360 14379 53663 64 34  2  1  0  0 2026-09-26 09:40:46
11  1      0 1201700  88140 1504712    0    0     0 13760 16113 58022 70 27  2  1  0  0 2026-09-26 09:40:47
26  1      0 1200976  88140 1512680    0    0     0 24592 16141 63581 65 31  4  1  0  0 2026-09-26 09:40:48
36  0      0 1224704  88140 1506872    0    0     0 13356 15834 54559 66 30  3  1  0  0 2026-09-26 09:40:49
10  0      0 1173412  88140 1512640    0    0     0 13140 15490 51356 69 29  2  1  0  0 2026-09-26 09:40:50
 4  1      0 1201472  88140 1508472    0    0     0 14184 15993 55012 69 29  1  1  0  0 2026-09-26 09:40:51
 9  1      0 1159392  88140 1512716    0    0     0 13436 16149 54785 72 27  1  0  0  0 2026-09-26 09:40:52
 8  0      0 1197636  88140 1510256    0    0     0 14560 16247 59751 69 29  2  1  0  0 2026-09-26 09:40:53
48  0      0 1169684  88140 1515788    0    0     0  9364 12829 39084 71 28  1  0  0  0 2026-09-26 09:40:54
16  0      0 1190052  88140 1521856    0    0     0 14952 15038 58740 68 29  2  1  0  0 2026-09-26 09:40:55
40  0      0 1181420  88140 1514256    0    0     0  9400 12694 39558 70 30  0  0  0  0 2026-09-26 09:40:56
26  1      0 1189944  88140 1542648    0    0     0 11580 11683 36225 64 36  1  0  0  0 2026-09-26 09:40:57
33  0      0 1177712  88140 1513788    0    0     0 11620 12393 46531 71 29  0  1  0  0 2026-09-26 09:40:58
32  0      0 1166936  88140 1521280    0    0     0 12424 15157 51585 73 26  1  0  0  0 2026-09-26 09:40:59
21  0      0 1192004  88140 1515752    0    0     0 15152 15420 58332 71 27  3  1  0  0 2026-09-26 09:41:00
10  0      0 1202996  88140 1516988    0    0     0  1600 14924 77246 70 23  7  0  0  0 2026-09-26 09:41:01
procs -----------memory---------- ---swap-- -----io---- -system-- -------cpu------- -----timestamp-----
 r  b   swpd   free   buff  cache   si   so    bi    bo   in   cs us sy id wa st gu                 UTC
26  0      0 1201244  88140 1518408    0    0     0   832 19242 88237 65 23 11  0  0  0 2026-09-26 09:41:02
15  0      0 1202532  88140 1519780    0    0     0   764 19385 91829 65 23 12  0  0  0 2026-09-26 09:41:03
10  0      0 1209716  88140 1521096    0    0     0   932 20294 89979 63 24 13  0  0  0 2026-09-26 09:41:04
