2026-09-26T08:15:08+00:00
COMMAND         %CPU   RSS
systemd-resolve  0.3 12448
mysqld           0.2 648772
isuride          0.1 10200
rcu_preempt      0.0     0
kworker/u4:3-ev  0.0     0
kworker/u4:2-ev  0.0     0
kworker/u4:4-ev  0.0     0
multipathd       0.0 26488
ksoftirqd/1      0.0     0
2026-09-26T08:15:10+00:00
COMMAND         %CPU   RSS
bench           10.0 49468
isuride          0.9 15164
systemd-resolve  0.3 12448
mysqld           0.3 681568
rcu_preempt      0.0     0
kworker/u4:3-ex  0.0     0
kworker/u4:2-ev  0.0     0
kworker/u4:0-ev  0.0     0
kworker/u4:4-ev  0.0     0
2026-09-26T08:15:12+00:00
COMMAND         %CPU   RSS
bench           10.7 53356
isuride          2.5 15196
systemd-resolve  0.3 12448
mysqld           0.3 695904
rcu_preempt      0.0     0
kworker/u4:3-ex  0.0     0
kworker/u4:2-ev  0.0     0
kworker/u4:0-ev  0.0     0
kworker/u4:4-ev  0.0     0
2026-09-26T08:15:14+00:00
COMMAND         %CPU   RSS
bench           10.4 53880
isuride          3.7 16004
systemd-resolve  0.3 12448
mysqld           0.3 715012
rcu_preempt      0.0     0
kworker/u4:3-ev  0.0     0
kworker/u4:2-ev  0.0     0
kworker/u4:0-ev  0.0     0
kworker/u4:4-ev  0.0     0
2026-09-26T08:15:16+00:00
COMMAND         %CPU   RSS
bench           10.4 54024
isuride          4.8 16040
systemd-resolve  0.3 12448
mysqld           0.3 753272
rcu_preempt      0.0     0
kworker/u4:3-wr  0.0     0
kworker/u4:2-ev  0.0     0
kworker/u4:0-wr  0.0     0
kworker/u4:4-ev  0.0     0
2026-09-26T08:15:18+00:00
COMMAND         %CPU   RSS
bench           10.3 55140
isuride          5.5 16248
systemd-resolve  0.3 12448
mysqld           0.3 694044
rcu_preempt      0.0     0
kworker/u4:3-ev  0.0     0
kworker/u4:2-ev  0.0     0
kworker/u4:0-ev  0.0     0
kworker/u4:4-ev  0.0     0
2026-09-26T08:15:20+00:00
COMMAND         %CPU   RSS
curl            11.1 12344
bench           10.2 58152
isuride          6.2 16508
systemd-resolve  0.3 12448
mysqld           0.3 683840
rcu_preempt      0.0     0
kworker/u4:3-ev  0.0     0
kworker/u4:2-ev  0.0     0
kworker/u4:0-ev  0.0     0
2026-09-26T08:15:22+00:00
COMMAND         %CPU   RSS
bench           10.1 58392
isuride          6.9 16616
systemd-resolve  0.3 12448
mysqld           0.3 681956
rcu_preempt      0.0     0
kworker/u4:3-ev  0.0     0
kworker/u4:2-ev  0.0     0
kworker/u4:0-ev  0.0     0
multipathd       0.0 26488
2026-09-26T08:15:24+00:00
COMMAND         %CPU   RSS
bench           10.0 61280
isuride          7.4 16912
systemd-resolve  0.3 12448
mysqld           0.3 682140
rcu_preempt      0.0     0
kworker/u4:3-ex  0.0     0
kworker/u4:2-ev  0.0     0
kworker/u4:0-ev  0.0     0
multipathd       0.0 26488
2026-09-26T08:15:26+00:00
COMMAND         %CPU   RSS
bench            9.9 62112
isuride          7.9 16856
systemd-resolve  0.3 12448
mysqld           0.3 682228
rcu_preempt      0.0     0
kworker/u4:3-ev  0.0     0
kworker/u4:2-ev  0.0     0
kworker/u4:0-wr  0.0     0
multipathd       0.0 26488
2026-09-26T08:15:28+00:00
COMMAND         %CPU   RSS
bench            9.8 66764
isuride          8.3 16880
systemd-resolve  0.3 12448
mysqld           0.3 682744
rcu_preempt      0.0     0
kworker/u4:3-ev  0.0     0
kworker/u4:2-ev  0.0     0
kworker/u4:0-ev  0.0     0
multipathd       0.0 26488
2026-09-26T08:15:30+00:00
COMMAND         %CPU   RSS
bench            9.8 67972
isuride          8.7 17104
systemd-resolve  0.3 12448
mysqld           0.3 684376
rcu_preempt      0.0     0
kworker/u4:3-ev  0.0     0
kworker/u4:0-ev  0.0     0
kworker/u4:2-ev  0.0     0
multipathd       0.0 26488
2026-09-26T08:15:32+00:00
COMMAND         %CPU   RSS
bench            9.8 68936
isuride          9.0 16776
systemd-resolve  0.3 12448
mysqld           0.3 694364
rcu_preempt      0.0     0
kworker/u4:3-ev  0.0     0
kworker/u4:0-wr  0.0     0
kworker/u4:2-ev  0.0     0
multipathd       0.0 26488
2026-09-26T08:15:34+00:00
COMMAND         %CPU   RSS
bench            9.7 71028
isuride          9.3 18116
systemd-resolve  0.3 12448
mysqld           0.3 741828
rcu_preempt      0.0     0
kworker/u4:3-ev  0.0     0
kworker/u4:0-ev  0.0     0
kworker/u4:2-ev  0.0     0
multipathd       0.0 26488
2026-09-26T08:15:36+00:00
COMMAND         %CPU   RSS
bench            9.7 73560
isuride          9.5 17464
curl             1.9 12344
systemd-resolve  0.3 12448
mysqld           0.3 742964
rcu_preempt      0.0     0
kworker/u4:0-wr  0.0     0
kworker/u4:3-ev  0.0     0
multipathd       0.0 26488
2026-09-26T08:15:38+00:00
COMMAND         %CPU   RSS
isuride          9.8 17576
bench            9.7 78340
systemd-resolve  0.3 12448
mysqld           0.3 771004
rcu_preempt      0.0     0
kworker/u4:0-fl  0.0     0
kworker/u4:3-ev  0.0     0
multipathd       0.0 26488
ksoftirqd/1      0.0     0
2026-09-26T08:15:40+00:00
COMMAND         %CPU   RSS
isuride         10.0 18348
bench            9.7 83528
curl             7.6 12376
systemd-resolve  0.3 12448
mysqld           0.3 769596
rcu_preempt      0.0     0
kworker/u4:0-fl  0.0     0
kworker/u4:3-ev  0.0     0
multipathd       0.0 26488
2026-09-26T08:15:42+00:00
COMMAND         %CPU   RSS
isuride         10.3 19352
bench            9.6 84388
curl             2.9 12344
systemd-resolve  0.3 12448
mysqld           0.3 684956
rcu_preempt      0.0     0
kworker/u4:0-fl  0.0     0
kworker/u4:3-ev  0.0     0
multipathd       0.0 26488
2026-09-26T08:15:44+00:00
COMMAND         %CPU   RSS
isuride         10.4 19420
bench            9.6 87840
curl             6.2 11980
systemd-resolve  0.3 12448
mysqld           0.3 684104
rcu_preempt      0.0     0
kworker/u4:0-fl  0.0     0
kworker/u4:3-ev  0.0     0
kworker/u4:4-ev  0.0     0
2026-09-26T08:15:46+00:00
COMMAND         %CPU   RSS
isuride         10.6 19932
bench            9.6 90956
systemd-resolve  0.3 12448
mysqld           0.3 684404
rcu_preempt      0.0     0
kworker/u4:0-fl  0.0     0
kworker/u4:3-ev  0.0     0
kworker/u4:4-fl  0.0     0
multipathd       0.0 26488
2026-09-26T08:15:48+00:00
COMMAND         %CPU   RSS
isuride         10.7 19936
bench            9.6 91608
systemd-resolve  0.3 12448
mysqld           0.3 688996
rcu_preempt      0.0     0
kworker/u4:0-fl  0.0     0
kworker/u4:3-ev  0.0     0
kworker/u4:4-ev  0.0     0
multipathd       0.0 26488
2026-09-26T08:15:50+00:00
COMMAND         %CPU   RSS
isuride         10.9 19228
bench            9.5 96588
curl             1.7 12328
systemd-resolve  0.3 12448
mysqld           0.3 713764
rcu_preempt      0.0     0
kworker/u4:0-fl  0.0     0
kworker/u4:3-ev  0.0     0
kworker/u4:4-wr  0.0     0
2026-09-26T08:15:52+00:00
COMMAND         %CPU   RSS
isuride         11.0 20056
bench            9.5 96700
systemd-resolve  0.3 12448
mysqld           0.3 727048
rcu_preempt      0.0     0
kworker/u4:3-wr  0.0     0
kworker/u4:0-fl  0.0     0
kworker/u4:4-ev  0.0     0
multipathd       0.0 26488
2026-09-26T08:15:54+00:00
COMMAND         %CPU   RSS
isuride         11.1 19852
bench            9.5 105400
systemd-resolve  0.3 12448
mysqld           0.3 763860
rcu_preempt      0.0     0
kworker/u4:3-ev  0.0     0
kworker/u4:0-fl  0.0     0
kworker/u4:4-ev  0.0     0
multipathd       0.0 26488
2026-09-26T08:15:56+00:00
COMMAND         %CPU   RSS
isuride         11.2 20904
bench            9.5 106252
curl             1.5 12328
systemd-resolve  0.3 12448
mysqld           0.3 771944
rcu_preempt      0.0     0
kworker/u4:3-ev  0.0     0
kworker/u4:0-fl  0.0     0
kworker/u4:4-ev  0.0     0
2026-09-26T08:15:58+00:00
COMMAND         %CPU   RSS
isuride         11.3 20828
bench            9.4 106832
curl             3.1 12344
systemd-resolve  0.3 12448
mysqld           0.3 746112
rcu_preempt      0.0     0
kworker/u4:3-wr  0.0     0
kworker/u4:0-fl  0.0     0
kworker/u4:4-ev  0.0     0
2026-09-26T08:16:00+00:00
COMMAND         %CPU   RSS
isuride         11.4 20412
bench            9.4 114516
systemd-resolve  0.3 12448
mysqld           0.3 685068
rcu_preempt      0.0     0
kworker/u4:3-ev  0.0     0
kworker/u4:0-fl  0.0     0
kworker/u4:4-ev  0.0     0
multipathd       0.0 26488
2026-09-26T08:16:02+00:00
COMMAND         %CPU   RSS
isuride         11.4 20096
bench            9.4 114916
systemd-resolve  0.3 12448
mysqld           0.3 733328
rcu_preempt      0.0     0
kworker/u4:3-wr  0.0     0
kworker/u4:0-fl  0.0     0
kworker/u4:4-fl  0.0     0
multipathd       0.0 26488
2026-09-26T08:16:04+00:00
COMMAND         %CPU   RSS
isuride         11.6 20016
bench            9.4 115344
systemd-resolve  0.3 12448
mysqld           0.3 685224
rcu_preempt      0.0     0
kworker/u4:3-ev  0.0     0
kworker/u4:0-fl  0.0     0
bash             0.0  2052
kworker/u4:4-ev  0.0     0
2026-09-26T08:16:06+00:00
COMMAND         %CPU   RSS
isuride         11.6 21268
bench            9.4 119532
systemd-resolve  0.3 12448
mysqld           0.3 712340
rcu_preempt      0.0     0
kworker/u4:3-ev  0.0     0
kworker/u4:0-fl  0.0     0
bash             0.0  2052
kworker/u4:4-ev  0.0     0
2026-09-26T08:16:08+00:00
COMMAND         %CPU   RSS
isuride         11.7 21196
bench            9.3 124716
curl             4.1 12344
systemd-resolve  0.3 12448
mysqld           0.3 711356
rcu_preempt      0.0     0
kworker/u4:3-ev  0.0     0
kworker/u4:0-fl  0.0     0
bash             0.0  2052
2026-09-26T08:16:10+00:00
COMMAND         %CPU   RSS
isuride         11.8 20528
bench            9.3 124928
systemd-resolve  0.3 12448
mysqld           0.3 685188
rcu_preempt      0.0     0
kworker/u4:3-ev  0.0     0
kworker/u4:0-fl  0.0     0
kworker/u4:4-wr  0.0     0
bash             0.0  2052
2026-09-26T08:16:12+00:00
COMMAND         %CPU   RSS
isuride         11.8 18236
bench            9.2 124928
systemd-resolve  0.3 12448
mysqld           0.3 684872
rcu_preempt      0.0     0
kworker/u4:3-fl  0.0     0
kworker/u4:0-fl  0.0     0
kworker/u4:4-wr  0.0     0
bash             0.0  2052
