procs -----------memory---------- ---swap-- -----io---- -system-- -------cpu------- -----timestamp-----
 r  b   swpd   free   buff  cache   si   so    bi    bo   in   cs us sy id wa st gu                 UTC
 4  0      0 1653128  84424 1427496    0    0     1    12  319    1  1  1 98  0  0  0 2026-09-26 08:15:08
 1  0      0 1592176  84424 1432644    0    0    32 36456 11714 22331 29 13 44 14  0  0 2026-09-26 08:15:09
 4  1      0 1596552  84424 1432964    0    0     0  9300 11282 33566 77 12 11  1  0  0 2026-09-26 08:15:10
 6  0      0 1533636  84424 1433596    0    0     0  2664 13867 46615 73 18  8  1  0  0 2026-09-26 08:15:11
16  0      0 1534956  84424 1441668    0    0     0  4468 14686 50789 71 19 10  1  0  0 2026-09-26 08:15:12
15  0      0 1558252  84424 1434960    0    0     0  4388 12514 42131 78 19  3  0  0  0 2026-09-26 08:15:13
24  0      0 1531148  84424 1440312    0    0     0  5256 13671 45401 81 17  2  1  0  0 2026-09-26 08:15:14
11  0      0 1576660  84424 1436664    0    0     0 16736 11873 39015 80 19  2  0  0  0 2026-09-26 08:15:15
38  0      0 1515104  84424 1442580    0    0     0  6436 11331 37211 80 20  1  0  0  0 2026-09-26 08:15:16
20  0      0 1545668  84424 1437904    0    0     0  5740 11716 38783 80 18  2  1  0  0 2026-09-26 08:15:17
17  0      0 1514548  84424 1439704    0    0     0  4952 10916 34508 80 19  1  0  0  0 2026-09-26 08:15:18
36  0      0 1557560  84424 1439104    0    0     0  5760 11196 37902 79 19  2  0  0  0 2026-09-26 08:15:19
39  0      0 1511620  84424 1439908    0    0     0  4876 10051 30884 83 16  1  0  0  0 2026-09-26 08:15:20
34  0      0 1554264  84424 1445724    0    0     0  5924 10506 36614 81 18  1  0  0  0 2026-09-26 08:15:21
18  0      0 1554968  84424 1441284    0    0     0  6848 10366 32933 83 16  0  0  0  0 2026-09-26 08:15:22
21  0      0 1536164  84424 1447144    0    0     0  5212 10662 34512 80 19  1  0  0  0 2026-09-26 08:15:23
28  0      0 1486616  84424 1442260    0    0     0  5104 10004 31758 82 17  1  0  0  0 2026-09-26 08:15:24
37  0      0 1487624  84424 1448448    0    0     0  5348 10415 31671 83 16  1  0  0  0 2026-09-26 08:15:25
12  0      0 1571568  84424 1444544    0    0     0  6264 9913 32290 79 19  2  1  0  0 2026-09-26 08:15:26
35  0      0 1479700  84424 1449656    0    0     0  4836 9016 27741 83 16  1  0  0  0 2026-09-26 08:15:27
39  0      0 1530832  84424 1446976    0    0     0  5740 9315 31792 82 18  0  0  0  0 2026-09-26 08:15:28
procs -----------memory---------- ---swap-- -----io---- -system-- -------cpu------- -----timestamp-----
 r  b   swpd   free   buff  cache   si   so    bi    bo   in   cs us sy id wa st gu                 UTC
40  0      0 1466660  84424 1452040    0    0     0  4608 8794 28286 84 16  0  0  0  0 2026-09-26 08:15:29
39  0      0 1514016  84424 1450632    0    0     0  5788 9872 32247 82 16  1  1  0  0 2026-09-26 08:15:30
22  0      0 1464936  84424 1452128    0    0     0 13236 8541 27066 83 17  0  0  0  0 2026-09-26 08:15:31
32  0      0 1514480  84424 1455180    0    0     0  7388 8449 29467 83 17  0  0  0  0 2026-09-26 08:15:32
38  1      0 1469468  84424 1449864    0    0     0  4484 8133 25517 83 16  1  1  0  0 2026-09-26 08:15:33
51  1      0 1469788  84424 1455988    0    0     0  5360 8405 26884 83 16  1  0  0  0 2026-09-26 08:15:34
42  0      0 1483524  84424 1451816    0    0     0  5596 9602 27765 83 17  1  0  0  0 2026-09-26 08:15:35
41  0      0 1468400  84424 1458204    0    0     0 21860 9908 27449 82 18  1  0  0  0 2026-09-26 08:15:36
31  1      0 1508064  84424 1452784    0    0     0  5216 10173 31522 84 16  1  0  0  0 2026-09-26 08:15:37
51  0      0 1458716  84424 1459072    0    0     0  6500 9982 29394 83 17  0  0  0  0 2026-09-26 08:15:38
26  1      0 1529428  84424 1463680    0    0     0  4840 10975 32207 82 17  1  0  0  0 2026-09-26 08:15:39
27  2      0 1454900  84424 1459032    0    0     0  4676 9380 26920 85 15  0  0  0  0 2026-09-26 08:15:40
53  0      0 1452336  84424 1460784    0    0     0  5036 8757 27500 82 17  1  0  0  0 2026-09-26 08:15:41
35  1      0 1467620  84424 1456424    0    0     0  4236 7711 24773 86 14  0  0  0  0 2026-09-26 08:15:42
34  1      0 1463404  84424 1461980    0    0     0  4608 9540 29043 84 16  0  0  0  0 2026-09-26 08:15:43
29  0      0 1512344  84424 1456292    0    0     0  4580 9004 27784 86 14  1  0  0  0 2026-09-26 08:15:44
18  0      0 1440516  84424 1461572    0    0     0  4092 8193 25684 85 15  0  0  0  0 2026-09-26 08:15:45
49  0      0 1470108  84424 1457292    0    0     0  4920 8747 27644 85 14  1  0  0  0 2026-09-26 08:15:46
32  0      0 1430084  84424 1462792    0    0     0  4588 9224 28080 84 16  0  0  0  0 2026-09-26 08:15:47
54  0      0 1478648  84424 1464200    0    0     0  4824 9083 28516 83 16  0  0  0  0 2026-09-26 08:15:48
60  0      0 1404256  84424 1465052    0    0     0  4228 8431 24767 84 16  0  0  0  0 2026-09-26 08:15:49
procs -----------memory---------- ---swap-- -----io---- -system-- -------cpu------- -----timestamp-----
 r  b   swpd   free   buff  cache   si   so    bi    bo   in   cs us sy id wa st gu                 UTC
34  0      0 1482560  84424 1465540    0    0     0  4876 10324 30310 83 17  1  0  0  0 2026-09-26 08:15:50
19  0      0 1403992  84424 1464856    0    0     0  4516 8807 25396 85 15  0  0  0  0 2026-09-26 08:15:51
59  0      0 1433080  84424 1466580    0    0     0  4516 7885 24687 84 15  1  1  0  0 2026-09-26 08:15:52
36  0      0 1476060  84424 1460620    0    0     0  4560 8909 26246 85 15  1  0  0  0 2026-09-26 08:15:53
68  0      0 1442776  84424 1467468    0    0     0  4372 8362 25583 85 15  0  0  0  0 2026-09-26 08:15:54
60  0      0 1402080  84424 1461624    0    0     0  4256 8510 26202 86 15  0  0  0  0 2026-09-26 08:15:55
55  1      0 1395560  84424 1468408    0    0     0 12448 9917 28437 84 15  1  0  0  0 2026-09-26 08:15:56
55  0      0 1437260  84424 1466372    0    0     0  6992 8799 26931 85 16  0  0  0  0 2026-09-26 08:15:57
53  0      0 1420432  84424 1466916    0    0     0  6944 8519 24555 86 15  0  0  0  0 2026-09-26 08:15:58
27  0      0 1473828  84424 1470132    0    0     0  5560 9780 28966 85 15  0  0  0  0 2026-09-26 08:15:59
28  0      0 1420612  84424 1465228    0    0     0  5372 9156 26676 85 15  0  0  0  0 2026-09-26 08:16:00
48  0      0 1447164  84424 1472380    0    0     0 24352 8949 27040 81 18  1  0  0  0 2026-09-26 08:16:01
31  0      0 1407976  84424 1470144    0    0     0  4508 8865 25401 84 15  0  0  0  0 2026-09-26 08:16:02
44  0      0 1409376  84424 1467956    0    0     0  4844 8808 26074 84 15  1  0  0  0 2026-09-26 08:16:03
66  0      0 1416052  84424 1467008    0    0     0  5200 10283 31565 82 18  1  0  0  0 2026-09-26 08:16:04
53  0      0 1403464  84424 1474660    0    0     0  4160 9081 26530 84 16  1  0  0  0 2026-09-26 08:16:05
25  0      0 1449096  84424 1472832    0    0     0  4072 9213 26764 83 17  1  0  0  0 2026-09-26 08:16:06
41  0      0 1381868  84424 1474536    0    0     0  4872 8412 25729 85 15  0  0  0  0 2026-09-26 08:16:07
12  0      0 1395504  84424 1484980    0    0     0  4516 9369 28168 86 14  0  0  0  0 2026-09-26 08:16:08
24  0      0 1365140  84424 1482628    0    0     0 11688 8834 27368 83 17  1  0  0  0 2026-09-26 08:16:09
15  0      0 1420780  84424 1477320    0    0     0  2228 7547 25243 86 14  1  0  0  0 2026-09-26 08:16:10
procs -----------memory---------- ---swap-- -----io---- -system-- -------cpu------- -----timestamp-----
 r  b   swpd   free   buff  cache   si   so    bi    bo   in   cs us sy id wa st gu                 UTC
34  0      0 1442792  84424 1477752    0    0     0   816 8018 25688 86 13  1  0  0  0 2026-09-26 08:16:11
34  1      0 1460836  84424 1478200    0    0     0   640 7675 26237 86 13  1  0  0  0 2026-09-26 08:16:12
19  0      0 1468400  84424 1478440    0    0     0   732 7951 26227 85 14  2  0  0  0 2026-09-26 08:16:13
21  0      0 1465720  84424 1478828    0    0     0   596 7971 25661 88 11  1  0  0  0 2026-09-26 08:16:14
