2026-09-26T09:55:58+00:00
COMMAND         %CPU   RSS
mysqld          49.0 899600
nginx            1.8  9712
nginx            1.7  9696
systemd-journal  1.3 297260
jbd2/sda1-8      0.7     0
rsyslogd         0.7  5532
isuride          0.4 10364
rcu_preempt      0.2     0
kworker/1:1H-kb  0.2     0
2026-09-26T09:56:00+00:00
COMMAND         %CPU   RSS
mysqld          49.0 926628
bench           10.5 46872
nginx            1.8  9712
nginx            1.7  9696
systemd-journal  1.3 297448
isuride          0.8 15588
jbd2/sda1-8      0.7     0
rsyslogd         0.7  5532
rcu_preempt      0.2     0
2026-09-26T09:56:02+00:00
COMMAND         %CPU   RSS
mysqld          49.0 930800
bench           11.9 51396
isuride          2.6 15252
nginx            1.8  9712
nginx            1.7  9696
systemd-journal  1.3 298688
jbd2/sda1-8      0.7     0
rsyslogd         0.7  5532
rcu_preempt      0.2     0
2026-09-26T09:56:04+00:00
COMMAND         %CPU   RSS
mysqld          49.1 935940
bench           13.1 51896
isuride          4.4 15688
nginx            1.8  9712
nginx            1.7  9696
systemd-journal  1.3 299484
jbd2/sda1-8      0.7     0
rsyslogd         0.7  5532
rcu_preempt      0.2     0
2026-09-26T09:56:06+00:00
COMMAND         %CPU   RSS
ps              50.0  3772
mysqld          49.1 946624
bench           13.6 52140
isuride          5.9 15816
nginx            1.8  9712
nginx            1.7  9696
systemd-journal  1.3 300212
jbd2/sda1-8      0.7     0
rsyslogd         0.7  5532
2026-09-26T09:56:08+00:00
COMMAND         %CPU   RSS
mysqld          49.2 970560
bench           14.4 55100
isuride          7.1 16368
curl             5.0  9204
nginx            1.8  9712
nginx            1.7  9696
systemd-journal  1.3 300812
jbd2/sda1-8      0.7     0
rsyslogd         0.7  5532
2026-09-26T09:56:10+00:00
COMMAND         %CPU   RSS
mysqld          49.2 988728
bench           14.6 59040
isuride          8.2 16600
nginx            1.8  9712
nginx            1.7  9696
systemd-journal  1.3 301424
jbd2/sda1-8      0.7     0
rsyslogd         0.7  5532
rcu_preempt      0.2     0
2026-09-26T09:56:12+00:00
COMMAND         %CPU   RSS
mysqld          49.3 965952
bench           14.7 61308
isuride          9.4 16468
nginx            1.8  9712
nginx            1.7  9696
systemd-journal  1.3 302728
jbd2/sda1-8      0.7     0
rsyslogd         0.7  5532
rcu_preempt      0.2     0
2026-09-26T09:56:14+00:00
COMMAND         %CPU   RSS
mysqld          49.3 967332
bench           14.9 62776
isuride         10.2 16772
curl             6.4 12300
nginx            1.8  9712
nginx            1.8  9696
systemd-journal  1.3 304996
jbd2/sda1-8      0.7     0
rsyslogd         0.7  5532
2026-09-26T09:56:16+00:00
COMMAND         %CPU   RSS
mysqld          49.4 954928
bench           15.0 65332
curl            13.0 12316
isuride         11.1 17036
nginx            1.8  9712
nginx            1.8  9696
systemd-journal  1.3 306676
jbd2/sda1-8      0.7     0
rsyslogd         0.7  5532
2026-09-26T09:56:18+00:00
COMMAND         %CPU   RSS
mysqld          49.4 958292
bench           15.0 70068
isuride         12.0 17096
nginx            1.8  9712
nginx            1.8  9696
systemd-journal  1.3 307536
jbd2/sda1-8      0.7     0
rsyslogd         0.7  5532
rcu_preempt      0.3     0
2026-09-26T09:56:20+00:00
COMMAND         %CPU   RSS
mysqld          49.5 960348
bench           15.5 70132
isuride         12.8 17128
nginx            1.8  9712
nginx            1.8  9696
systemd-journal  1.3 308184
jbd2/sda1-8      0.7     0
rsyslogd         0.7  5532
rcu_preempt      0.3     0
2026-09-26T09:56:22+00:00
COMMAND         %CPU   RSS
mysqld          49.5 962404
bench           15.5 71260
isuride         13.4 17684
nginx            1.8  9712
nginx            1.8  9696
systemd-journal  1.3 308724
jbd2/sda1-8      0.7     0
rsyslogd         0.7  5532
rcu_preempt      0.3     0
2026-09-26T09:56:25+00:00
COMMAND         %CPU   RSS
mysqld          49.6 963548
bench           15.6 74236
isuride         14.0 18088
curl             6.0 12316
nginx            1.8  9712
nginx            1.8  9696
systemd-journal  1.3 309112
jbd2/sda1-8      0.7     0
rsyslogd         0.7  5532
2026-09-26T09:56:27+00:00
COMMAND         %CPU   RSS
mysqld          49.6 983780
bench           15.8 74860
isuride         14.4 18956
nginx            1.8  9712
nginx            1.8  9696
systemd-journal  1.3 165512
jbd2/sda1-8      0.7     0
rsyslogd         0.7  5532
rcu_preempt      0.3     0
2026-09-26T09:56:29+00:00
COMMAND         %CPU   RSS
mysqld          49.7 996788
curl            16.6 12016
bench           15.8 79112
isuride         14.8 19108
nginx            1.8  9712
nginx            1.8  9696
systemd-journal  1.4 165912
jbd2/sda1-8      0.7     0
rsyslogd         0.7  5532
2026-09-26T09:56:31+00:00
COMMAND         %CPU   RSS
mysqld          49.7 992064
bench           15.7 79804
isuride         15.2 19784
nginx            1.8  9712
nginx            1.8  9696
systemd-journal  1.4 166392
jbd2/sda1-8      0.7     0
rsyslogd         0.7  5532
rcu_preempt      0.3     0
2026-09-26T09:56:33+00:00
COMMAND         %CPU   RSS
mysqld          49.8 974464
bench           15.8 84200
isuride         15.7 18356
nginx            1.8  9712
nginx            1.8  9696
systemd-journal  1.4 166916
jbd2/sda1-8      0.7     0
rsyslogd         0.7  5532
rcu_preempt      0.3     0
2026-09-26T09:56:35+00:00
COMMAND         %CPU   RSS
mysqld          49.8 974464
isuride         16.0 18928
bench           15.9 87244
nginx            1.8  9712
nginx            1.8  9696
systemd-journal  1.4 167428
jbd2/sda1-8      0.7     0
rsyslogd         0.7  5532
rcu_preempt      0.3     0
2026-09-26T09:56:37+00:00
COMMAND         %CPU   RSS
mysqld          49.9 975476
isuride         16.4 19408
bench           15.9 91468
nginx            1.8  9712
nginx            1.8  9696
systemd-journal  1.4 168016
jbd2/sda1-8      0.7     0
rsyslogd         0.7  5532
rcu_preempt      0.3     0
2026-09-26T09:56:39+00:00
COMMAND         %CPU   RSS
mysqld          49.9 977508
isuride         16.8 20024
bench           16.0 94816
nginx            1.8  9712
nginx            1.8  9696
systemd-journal  1.4 168536
jbd2/sda1-8      0.7     0
rsyslogd         0.7  5532
rcu_preempt      0.3     0
2026-09-26T09:56:41+00:00
COMMAND         %CPU   RSS
mysqld          50.0 984208
isuride         17.0 18700
bench           16.0 98248
nginx            1.8  9712
nginx            1.8  9696
systemd-journal  1.4 169068
jbd2/sda1-8      0.7     0
rsyslogd         0.7  5532
rcu_preempt      0.3     0
2026-09-26T09:56:43+00:00
COMMAND         %CPU   RSS
mysqld          50.0 983692
isuride         17.3 19392
bench           15.9 98720
curl             5.0 11780
nginx            1.8  9712
nginx            1.8  9696
systemd-journal  1.4 169360
jbd2/sda1-8      0.7     0
rsyslogd         0.7  5532
2026-09-26T09:56:45+00:00
COMMAND         %CPU   RSS
mysqld          50.1 1012436
isuride         17.5 20352
bench           16.1 104896
nginx            1.8  9712
nginx            1.8  9696
systemd-journal  1.4 171308
jbd2/sda1-8      0.7     0
rsyslogd         0.7  5532
rcu_preempt      0.3     0
2026-09-26T09:56:47+00:00
COMMAND         %CPU   RSS
mysqld          50.1 1013200
isuride         17.7 20160
bench           16.0 105508
nginx            1.8  9712
nginx            1.8  9696
systemd-journal  1.4 173080
jbd2/sda1-8      0.7     0
rsyslogd         0.7  5532
rcu_preempt      0.3     0
2026-09-26T09:56:49+00:00
COMMAND         %CPU   RSS
mysqld          50.2 1016800
isuride         17.9 19540
bench           16.0 107068
nginx            1.8  9712
nginx            1.8  9696
systemd-journal  1.4 174260
jbd2/sda1-8      0.7     0
rsyslogd         0.7  5532
rcu_preempt      0.3     0
2026-09-26T09:56:51+00:00
COMMAND         %CPU   RSS
mysqld          50.2 976896
isuride         18.2 19672
bench           16.0 113836
curl             6.2 12316
nginx            1.8  9712
nginx            1.8  9696
systemd-journal  1.4 174956
jbd2/sda1-8      0.7     0
rsyslogd         0.7  5532
2026-09-26T09:56:53+00:00
COMMAND         %CPU   RSS
mysqld          50.3 978972
isuride         18.4 19848
bench           15.9 114116
nginx            1.8  9712
nginx            1.8  9696
systemd-journal  1.4 175712
jbd2/sda1-8      0.7     0
rsyslogd         0.7  5532
rcu_preempt      0.3     0
2026-09-26T09:56:55+00:00
COMMAND         %CPU   RSS
mysqld          50.3 974156
isuride         18.6 19644
bench           15.9 120788
nginx            1.8  9712
nginx            1.8  9696
systemd-journal  1.4 176448
jbd2/sda1-8      0.7     0
rsyslogd         0.7  5532
rcu_preempt      0.3     0
2026-09-26T09:56:57+00:00
COMMAND         %CPU   RSS
mysqld          50.4 973108
isuride         18.8 19412
bench           15.8 120896
nginx            1.8  9712
nginx            1.8  9696
systemd-journal  1.4 179064
jbd2/sda1-8      0.7     0
rsyslogd         0.7  5532
rcu_preempt      0.3     0
2026-09-26T09:56:59+00:00
COMMAND         %CPU   RSS
mysqld          50.5 984936
isuride         19.0 19592
bench           15.7 129808
nginx            1.8  9712
nginx            1.8  9696
systemd-journal  1.4 180540
jbd2/sda1-8      0.8     0
rsyslogd         0.7  5532
rcu_preempt      0.3     0
2026-09-26T09:57:01+00:00
COMMAND         %CPU   RSS
mysqld          50.5 966972
isuride         19.1 18228
bench           15.5 130028
nginx            1.8  9712
nginx            1.8  9696
systemd-journal  1.4 182016
jbd2/sda1-8      0.8     0
rsyslogd         0.7  5532
rcu_preempt      0.3     0
2026-09-26T09:57:03+00:00
COMMAND         %CPU   RSS
mysqld          50.5 966996
isuride         19.4 18048
bench           15.4 136500
nginx            1.8  9712
nginx            1.8  9696
systemd-journal  1.4 183472
jbd2/sda1-8      0.8     0
rsyslogd         0.7  5532
rcu_preempt      0.3     0
2026-09-26T09:57:05+00:00
COMMAND         %CPU   RSS
mysqld          50.6 967044
isuride         19.7 17832
bench           15.2 136504
nginx            1.8  9712
nginx            1.8  9696
systemd-journal  1.4 187684
jbd2/sda1-8      0.8     0
rsyslogd         0.7  5532
rcu_preempt      0.3     0
