procs -----------memory---------- ---swap-- -----io---- -system-- -------cpu------- -----timestamp-----
 r  b   swpd   free   buff  cache   si   so    bi    bo   in   cs us sy id wa st gu                 UTC
 2  0      0 897564  89120 1950904    0    0   199  6361 6873  122 28 11 60  1  0  0 2026-09-26 09:55:58
 2  1      0 857288  89120 1940940    0    0     0 33332 9361 17039 26 14 40 19  0  0 2026-09-26 09:55:59
16  0      0 840320  89120 1951412    0    0     0 19464 14193 32535 55 15 23  7  0  0 2026-09-26 09:56:00
 1  0      0 752888  89120 1952060    0    0     0  4808 11237 35847 76 19  5  1  0  0 2026-09-26 09:56:01
12  0      0 752640  89120 1952776    0    0     0  7192 18593 57589 49 21 27  2  0  0 2026-09-26 09:56:02
 5  1      0 766096  89120 1953308    0    0     0 18280 14581 43914 65 26  8  1  0  0 2026-09-26 09:56:03
16  1      0 775260  89120 1954188    0    0     0 11016 17749 56677 59 25 14  3  0  0 2026-09-26 09:56:04
12  1      0 746756  89120 1954768    0    0     0 10304 14187 42800 69 27  4  1  0  0 2026-09-26 09:56:05
18  0      0 767936  89120 1962688    0    0     0 11060 15578 50396 59 28 12  2  0  0 2026-09-26 09:56:06
 5  0      0 773096  89120 1956060    0    0     0 10264 13538 40495 69 27  3  1  0  0 2026-09-26 09:56:07
17  0      0 767552  89120 1961908    0    0     0 11552 14450 43719 65 28  6  1  0  0 2026-09-26 09:56:08
13  1      0 773008  89120 1957080    0    0     0 10112 12869 37794 67 27  4  2  0  0 2026-09-26 09:56:09
20  1      0 741432  89120 1961280    0    0     0 11228 13049 38680 66 31  3  1  0  0 2026-09-26 09:56:10
22  0      0 755620  89120 1960336    0    0     0 12496 13317 42777 65 31  3  1  0  0 2026-09-26 09:56:11
16  0      0 739260  89120 1963320    0    0     0 10804 11859 36289 66 29  3  2  0  0 2026-09-26 09:56:12
10  0      0 775352  89120 1961848    0    0     0 30700 11972 38305 61 32  5  2  0  0 2026-09-26 09:56:13
15  0      0 726616  89120 1965664    0    0     0  8824 10773 29530 69 30  1  1  0  0 2026-09-26 09:56:14
20  0      0 731948  89120 1965208    0    0     0 13264 14617 46080 65 28  5  2  0  0 2026-09-26 09:56:15
21  1      0 729484  89120 1963584    0    0     0 12248 13642 39812 68 29  2  1  0  0 2026-09-26 09:56:16
14  0      0 734968  89120 1975340    0    0     0 10172 12015 35104 65 30  4  1  0  0 2026-09-26 09:56:17
10  0      0 722252  89120 1964600    0    0     0 10156 11939 37358 67 30  2  1  0  0 2026-09-26 09:56:18
procs -----------memory---------- ---swap-- -----io---- -system-- -------cpu------- -----timestamp-----
 r  b   swpd   free   buff  cache   si   so    bi    bo   in   cs us sy id wa st gu                 UTC
18  0      0 711820  89120 1968568    0    0     0  8388 9233 27458 64 34  1  1  0  0 2026-09-26 09:56:19
 8  1      0 728856  89120 1965660    0    0     0 12564 12755 42241 65 30  4  1  0  0 2026-09-26 09:56:20
42  1      0 728596  89120 1967336    0    0     0 11932 12637 38185 68 29  2  1  0  0 2026-09-26 09:56:21
37  0      0 748968  89120 1967792    0    0     0 13336 13395 40382 60 35  4  2  0  0 2026-09-26 09:56:22
31  0      0 725812  89120 1972808    0    0     0  7784 8717 22881 65 31  2  2  0  0 2026-09-26 09:56:23
27  0      0 706456  89120 1968612    0    0     0  5904 8455 21858 66 33  1  0  0  0 2026-09-26 09:56:24
19  0      0 682052  89120 1969940    0    0     0  8188 11948 31153 68 31  1  1  0  0 2026-09-26 09:56:25
20  0      0 680600  89120 1988224    0    0     0  9032 12167 33482 57 40  3  1  0  0 2026-09-26 09:56:26
15  1      0 666016  89120 1982056    0    0     0 25756 9889 26625 68 30  2  1  0  0 2026-09-26 09:56:27
11  1      0 676772  89120 1988324    0    0     0 10308 11029 32113 66 32  1  1  0  0 2026-09-26 09:56:28
 9  0      0 688756  89120 1982004    0    0     0  8560 12100 35402 71 27  2  1  0  0 2026-09-26 09:56:29
60  0      0 682464  89120 1985036    0    0     0 11248 13373 40418 71 27  2  1  0  0 2026-09-26 09:56:30
18  2      0 707472  89120 1982916    0    0     0 11236 12657 40427 67 29  4  1  0  0 2026-09-26 09:56:31
19  1      0 676260  89120 1985472    0    0     0 10436 10996 35276 71 26  1  1  0  0 2026-09-26 09:56:32
35  0      0 693720  89120 1984588    0    0     0 10396 11532 35788 61 33  3  2  0  0 2026-09-26 09:56:33
29  0      0 662724  89120 1986432    0    0     0 10120 12314 34207 68 31  0  0  0  0 2026-09-26 09:56:34
21  0      0 678168  89120 1999576    0    0     0 10852 13121 40946 69 29  2  1  0  0 2026-09-26 09:56:35
27  0      0 633604  89120 1986292    0    0     0 11324 13895 43587 70 29  1  1  0  0 2026-09-26 09:56:36
21  0      0 662572  89120 1992032    0    0     0 11676 12567 38928 66 30  3  1  0  0 2026-09-26 09:56:37
 8  1      0 670984  89120 1987336    0    0     0 10064 11981 37320 67 30  2  1  0  0 2026-09-26 09:56:38
12  0      0 622852  89120 1994228    0    0     0  9704 12113 35255 71 27  2  0  0  0 2026-09-26 09:56:39
procs -----------memory---------- ---swap-- -----io---- -system-- -------cpu------- -----timestamp-----
 r  b   swpd   free   buff  cache   si   so    bi    bo   in   cs us sy id wa st gu                 UTC
56  0      0 618252  89120 1988424    0    0     0 11256 13166 41681 64 31  4  1  0  0 2026-09-26 09:56:40
16  0      0 617432  89120 1992636    0    0     0  8424 10293 30260 70 28  1  1  0  0 2026-09-26 09:56:41
22  0      0 648972  89120 1989196    0    0     0  6684 9603 26662 66 31  2  1  0  0 2026-09-26 09:56:42
18  0      0 618260  89120 1993308    0    0     0  5728 7491 19711 73 26  1  0  0  0 2026-09-26 09:56:43
13  0      0 642760  89120 1994712    0    0     0 25288 9999 28595 64 32  2  1  0  0 2026-09-26 09:56:44
19  1      0 600252  89120 1993212    0    0     0  7328 10452 27955 71 28  1  0  0  0 2026-09-26 09:56:45
12  0      0 636264  89120 1997700    0    0     0 11168 12315 36383 67 31  2  1  0  0 2026-09-26 09:56:46
17  1      0 655744  89120 1992972    0    0     0 12592 13756 41414 67 30  2  1  0  0 2026-09-26 09:56:47
19  0      0 618676  89120 1999960    0    0     0 13652 11840 37752 68 29  2  1  0  0 2026-09-26 09:56:48
42  0      0 600180  89120 1993804    0    0     0  9140 11752 34612 69 29  2  1  0  0 2026-09-26 09:56:49
28  1      0 579288  89120 1997060    0    0     0 11036 12794 34318 70 28  2  0  0  0 2026-09-26 09:56:50
24  0      0 616260  89120 1997992    0    0     0 12200 13406 42930 65 31  3  1  0  0 2026-09-26 09:56:51
18  0      0 602204  89120 1995708    0    0     0 13888 14321 47356 71 26  2  1  0  0 2026-09-26 09:56:52
18  1      0 608828  89120 2004132    0    0     0 13560 12886 48100 65 30  4  2  0  0 2026-09-26 09:56:53
18  0      0 633448  89120 1998148    0    0     0 15280 14744 49527 67 30  2  1  0  0 2026-09-26 09:56:54
26  0      0 616304  89120 2004600    0    0     0 17152 16327 57995 68 28  3  1  0  0 2026-09-26 09:56:55
10  1      0 604984  89120 2000100    0    0     0 17340 17371 61996 66 29  4  2  0  0 2026-09-26 09:56:56
 7  0      0 580408  89120 2003616    0    0     0 13660 13917 47106 69 28  3  1  0  0 2026-09-26 09:56:57
22  1      0 604272  89120 2001632    0    0     0 14312 13573 50107 67 30  2  1  0  0 2026-09-26 09:56:58
27  1      0 538536  89120 2005240    0    0     0 25512 15286 47751 67 30  2  1  0  0 2026-09-26 09:56:59
 4  0      0 578464  89120 2003352    0    0     0 11196 19897 74225 67 24  9  1  0  0 2026-09-26 09:57:00
procs -----------memory---------- ---swap-- -----io---- -system-- -------cpu------- -----timestamp-----
 r  b   swpd   free   buff  cache   si   so    bi    bo   in   cs us sy id wa st gu                 UTC
 8  0      0 596352  89120 2004448    0    0     0  1004 20746 87135 62 19 19  0  0  0 2026-09-26 09:57:01
10  0      0 607784  89120 2005636    0    0     0   836 21918 92860 63 21 16  0  0  0 2026-09-26 09:57:02
 2  0      0 620832  89120 2006552    0    0     0  1044 19517 79748 62 21 16  1  0  0 2026-09-26 09:57:03
 4  0      0 624968  89120 2010376    0    0     0  3884 21413 91598 66 19 15  0  0  0 2026-09-26 09:57:04
