time=01:13:22.627 level=DEBUG source=/tmp/isucon14/bench/cmd/run.go:90 msg=target targetURL=https://isuride.xiv.isucon.net targetAddr=127.0.0.1:443 benchrun.GetTargetAddress()="" paymentURL=http://127.0.0.1:12346
time=01:13:22.628 level=INFO msg=負荷走行を開始します
time=01:13:25.259 level=DEBUG source=/tmp/isucon14/bench/benchmarker/scenario/scenario.go:315 msg=時間経過 tick=60
time=01:13:25.259 level=DEBUG source=/tmp/isucon14/bench/benchmarker/scenario/scenario.go:317 msg=eval reqs=4 score="[0 0 0 3 1]" criteria="[4 1 4 4]"
time=01:13:27.037 level=INFO msg=一定の売上が立ったためオーナーの椅子が増加します 名前=椅子やいちば 増加数=1
time=01:13:27.040 level=INFO msg=一定の売上が立ったためオーナーの椅子が増加します 名前="Vintage Vibe Seats" 増加数=1
time=01:13:27.044 level=INFO msg=一定の売上が立ったためオーナーの椅子が増加します 名前=座り心地再生所 増加数=1
time=01:13:27.046 level=INFO msg=一定の売上が立ったためオーナーの椅子が増加します 名前=PulseRide 増加数=1
time=01:13:27.060 level=DEBUG source=/tmp/isucon14/bench/benchmarker/scenario/scenario.go:315 msg=時間経過 tick=120
time=01:13:27.060 level=DEBUG source=/tmp/isucon14/bench/benchmarker/scenario/scenario.go:317 msg=eval reqs=19 score="[0 0 0 13 6]" criteria="[19 6 19 19]"
time=01:13:28.838 level=INFO msg=一定の売上が立ったためオーナーの椅子が増加します 名前="Vintage Vibe Seats" 増加数=1
time=01:13:28.843 level=INFO msg=一定の売上が立ったためオーナーの椅子が増加します 名前=瞬道タクシー 増加数=1
time=01:13:28.843 level=INFO msg=一定の売上が立ったためオーナーの椅子が増加します 名前=椅子やいちば 増加数=1
time=01:13:28.859 level=DEBUG source=/tmp/isucon14/bench/benchmarker/scenario/scenario.go:315 msg=時間経過 tick=180
time=01:13:28.859 level=INFO msg=これまでに地域内の評判によって7人、既存ユーザーの招待経由で29人が新規登録しました
time=01:13:28.859 level=INFO msg=0.0%のライドは椅子がマッチされるまでの時間、72.4%のライドはマッチされた椅子が乗車地点までに掛かる時間、0.0%のライドは椅子の実移動時間に不満がありました
time=01:13:28.859 level=DEBUG source=/tmp/isucon14/bench/benchmarker/scenario/scenario.go:317 msg=eval reqs=29 score="[0 0 0 21 8]" criteria="[29 8 29 29]"
time=01:13:30.648 level=INFO msg=一定の売上が立ったためオーナーの椅子が増加します 名前=瞬道タクシー 増加数=1
time=01:13:30.648 level=INFO msg=一定の売上が立ったためオーナーの椅子が増加します 名前=座り心地再生所 増加数=1
time=01:13:30.653 level=INFO msg=一定の売上が立ったためオーナーの椅子が増加します 名前=PulseRide 増加数=2
time=01:13:30.658 level=INFO msg=一定の売上が立ったためオーナーの椅子が増加します 名前="Vintage Vibe Seats" 増加数=1
time=01:13:30.660 level=DEBUG source=/tmp/isucon14/bench/benchmarker/scenario/scenario.go:315 msg=時間経過 tick=240
time=01:13:30.660 level=DEBUG source=/tmp/isucon14/bench/benchmarker/scenario/scenario.go:317 msg=eval reqs=44 score="[0 0 0 33 11]" criteria="[44 11 44 44]"
time=01:13:32.441 level=INFO msg=一定の売上が立ったためオーナーの椅子が増加します 名前=PulseRide 増加数=2
time=01:13:32.443 level=INFO msg=一定の売上が立ったためオーナーの椅子が増加します 名前="Vintage Vibe Seats" 増加数=1
time=01:13:32.447 level=INFO msg=一定の売上が立ったためオーナーの椅子が増加します 名前=座り心地再生所 増加数=1
time=01:13:32.460 level=DEBUG source=/tmp/isucon14/bench/benchmarker/scenario/scenario.go:315 msg=時間経過 tick=300
time=01:13:32.460 level=DEBUG source=/tmp/isucon14/bench/benchmarker/scenario/scenario.go:317 msg=eval reqs=57 score="[0 0 1 40 16]" criteria="[56 16 57 57]"
time=01:13:32.482 level=INFO msg=一定の売上が立ったためオーナーの椅子が増加します 名前=椅子やいちば 増加数=1
time=01:13:32.488 level=INFO msg=一定の売上が立ったためオーナーの椅子が増加します 名前=瞬道タクシー 増加数=1
time=01:13:34.259 level=INFO msg=これまでに地域内の評判によって19人、既存ユーザーの招待経由で64人が新規登録しました
time=01:13:34.259 level=INFO msg=12.7%のライドは椅子がマッチされるまでの時間、71.8%のライドはマッチされた椅子が乗車地点までに掛かる時間、1.4%のライドは椅子の実移動時間に不満がありました
time=01:13:34.259 level=DEBUG source=/tmp/isucon14/bench/benchmarker/scenario/scenario.go:315 msg=時間経過 tick=360
time=01:13:34.259 level=DEBUG source=/tmp/isucon14/bench/benchmarker/scenario/scenario.go:317 msg=eval reqs=71 score="[0 0 7 48 16]" criteria="[62 20 71 69]"
time=01:13:34.267 level=INFO msg=一定の売上が立ったためオーナーの椅子が増加します 名前=椅子やいちば 増加数=1
time=01:13:34.288 level=INFO msg=一定の売上が立ったためオーナーの椅子が増加します 名前=座り心地再生所 増加数=2
time=01:13:34.288 level=INFO msg=一定の売上が立ったためオーナーの椅子が増加します 名前="Vintage Vibe Seats" 増加数=1
time=01:13:34.295 level=INFO msg=一定の売上が立ったためオーナーの椅子が増加します 名前=PulseRide 増加数=2
time=01:13:35.716 level=WARN msg="ユーザー登録に失敗しました (CODE=17): POST /api/app/usersへのリクエストに対して、期待されたHTTPステータスコードが確認できませんでした (expected:201, actual:500)"
time=01:13:36.060 level=DEBUG source=/tmp/isucon14/bench/benchmarker/scenario/scenario.go:315 msg=時間経過 tick=420
time=01:13:36.060 level=DEBUG source=/tmp/isucon14/bench/benchmarker/scenario/scenario.go:317 msg=eval reqs=95 score="[0 5 16 58 16]" criteria="[69 29 92 85]"
time=01:13:36.079 level=INFO msg=一定の売上が立ったためオーナーの椅子が増加します 名前=瞬道タクシー 増加数=2
time=01:13:36.086 level=INFO msg=一定の売上が立ったためオーナーの椅子が増加します 名前="Vintage Vibe Seats" 増加数=2
time=01:13:36.092 level=INFO msg=一定の売上が立ったためオーナーの椅子が増加します 名前=PulseRide 増加数=2
time=01:13:36.092 level=INFO msg=一定の売上が立ったためオーナーの椅子が増加します 名前=椅子やいちば 増加数=1
time=01:13:36.092 level=INFO msg=一定の売上が立ったためオーナーの椅子が増加します 名前=座り心地再生所 増加数=1
time=01:13:37.860 level=DEBUG source=/tmp/isucon14/bench/benchmarker/scenario/scenario.go:315 msg=時間経過 tick=480
time=01:13:37.860 level=DEBUG source=/tmp/isucon14/bench/benchmarker/scenario/scenario.go:317 msg=eval reqs=120 score="[0 19 21 64 16]" criteria="[74 35 113 95]"
time=01:13:37.868 level=INFO msg=一定の売上が立ったためオーナーの椅子が増加します 名前=椅子やいちば 増加数=1
time=01:13:37.872 level=INFO msg=一定の売上が立ったためオーナーの椅子が増加します 名前=瞬道タクシー 増加数=2
time=01:13:37.877 level=INFO msg=一定の売上が立ったためオーナーの椅子が増加します 名前=座り心地再生所 増加数=1
time=01:13:37.891 level=INFO msg=一定の売上が立ったためオーナーの椅子が増加します 名前=PulseRide 増加数=2
time=01:13:37.891 level=INFO msg=一定の売上が立ったためオーナーの椅子が増加します 名前="Vintage Vibe Seats" 増加数=1
time=01:13:39.660 level=DEBUG source=/tmp/isucon14/bench/benchmarker/scenario/scenario.go:315 msg=時間経過 tick=540
time=01:13:39.660 level=DEBUG source=/tmp/isucon14/bench/benchmarker/scenario/scenario.go:317 msg=eval reqs=147 score="[4 29 31 67 16]" criteria="[79 45 130 102]"
time=01:13:39.660 level=INFO msg=これまでに地域内の評判によって31人、既存ユーザーの招待経由で81人が新規登録しました
time=01:13:39.660 level=INFO msg=これまでに低評価なライドによって22人が利用をやめました
time=01:13:39.660 level=INFO msg=46.3%のライドは椅子がマッチされるまでの時間、69.4%のライドはマッチされた椅子が乗車地点までに掛かる時間、21.1%のライドは椅子の実移動時間に不満がありました
time=01:13:39.662 level=INFO msg=一定の売上が立ったためオーナーの椅子が増加します 名前=瞬道タクシー 増加数=1
time=01:13:39.664 level=INFO msg=一定の売上が立ったためオーナーの椅子が増加します 名前=PulseRide 増加数=2
time=01:13:39.665 level=INFO msg=一定の売上が立ったためオーナーの椅子が増加します 名前="Vintage Vibe Seats" 増加数=3
time=01:13:39.669 level=INFO msg=一定の売上が立ったためオーナーの椅子が増加します 名前=座り心地再生所 増加数=2
time=01:13:39.672 level=INFO msg=一定の売上が立ったためオーナーの椅子が増加します 名前=椅子やいちば 増加数=1
time=01:13:41.460 level=DEBUG source=/tmp/isucon14/bench/benchmarker/scenario/scenario.go:315 msg=時間経過 tick=600
time=01:13:41.460 level=DEBUG source=/tmp/isucon14/bench/benchmarker/scenario/scenario.go:317 msg=eval reqs=173 score="[9 37 36 74 17]" criteria="[81 58 149 111]"
time=01:13:41.540 level=INFO msg=一定の売上が立ったためオーナーの椅子が増加します 名前=座り心地再生所 増加数=2
time=01:13:41.547 level=INFO msg=一定の売上が立ったためオーナーの椅子が増加します 名前="Vintage Vibe Seats" 増加数=1
time=01:13:41.550 level=INFO msg=一定の売上が立ったためオーナーの椅子が増加します 名前=瞬道タクシー 増加数=1
time=01:13:41.560 level=INFO msg=一定の売上が立ったためオーナーの椅子が増加します 名前=椅子やいちば 増加数=2
time=01:13:41.572 level=INFO msg=一定の売上が立ったためオーナーの椅子が増加します 名前=PulseRide 増加数=2
time=01:13:43.266 level=DEBUG source=/tmp/isucon14/bench/benchmarker/scenario/scenario.go:315 msg=時間経過 tick=660
time=01:13:43.266 level=DEBUG source=/tmp/isucon14/bench/benchmarker/scenario/scenario.go:317 msg=eval reqs=202 score="[15 47 41 80 19]" criteria="[91 70 167 117]"
time=01:13:43.305 level=INFO msg=一定の売上が立ったためオーナーの椅子が増加します 名前=瞬道タクシー 増加数=1
time=01:13:43.307 level=INFO msg=一定の売上が立ったためオーナーの椅子が増加します 名前=椅子やいちば 増加数=1
time=01:13:43.336 level=INFO msg=一定の売上が立ったためオーナーの椅子が増加します 名前=PulseRide 増加数=3
time=01:13:43.347 level=INFO msg=一定の売上が立ったためオーナーの椅子が増加します 名前=座り心地再生所 増加数=1
time=01:13:43.362 level=INFO msg=一定の売上が立ったためオーナーの椅子が増加します 名前="Vintage Vibe Seats" 増加数=2
time=01:13:45.046 level=WARN msg="ユーザー登録に失敗しました (CODE=17): POST /api/app/usersへのリクエストに対して、期待されたHTTPステータスコードが確認できませんでした (expected:201, actual:500)"
time=01:13:45.059 level=DEBUG source=/tmp/isucon14/bench/benchmarker/scenario/scenario.go:315 msg=時間経過 tick=720
time=01:13:45.060 level=DEBUG source=/tmp/isucon14/bench/benchmarker/scenario/scenario.go:317 msg=eval reqs=227 score="[23 50 45 89 20]" criteria="[105 83 178 121]"
time=01:13:45.060 level=INFO msg=これまでに地域内の評判によって43人、既存ユーザーの招待経由で102人が新規登録しました
time=01:13:45.060 level=INFO msg=これまでに低評価なライドによって36人が利用をやめました
time=01:13:45.060 level=INFO msg=53.7%のライドは椅子がマッチされるまでの時間、63.4%のライドはマッチされた椅子が乗車地点までに掛かる時間、34.1%のライドは椅子の実移動時間に不満がありました
time=01:13:45.117 level=INFO msg=一定の売上が立ったためオーナーの椅子が増加します 名前=PulseRide 増加数=1
time=01:13:45.147 level=INFO msg=一定の売上が立ったためオーナーの椅子が増加します 名前=瞬道タクシー 増加数=2
time=01:13:45.159 level=INFO msg=一定の売上が立ったためオーナーの椅子が増加します 名前="Vintage Vibe Seats" 増加数=2
time=01:13:45.170 level=INFO msg=一定の売上が立ったためオーナーの椅子が増加します 名前=椅子やいちば 増加数=1
time=01:13:45.178 level=INFO msg=一定の売上が立ったためオーナーの椅子が増加します 名前=座り心地再生所 増加数=2
time=01:13:45.527 level=WARN msg="ユーザー登録に失敗しました (CODE=17): POST /api/app/usersへのリクエストに対して、期待されたHTTPステータスコードが確認できませんでした (expected:201, actual:500)"
time=01:13:46.860 level=DEBUG source=/tmp/isucon14/bench/benchmarker/scenario/scenario.go:315 msg=時間経過 tick=780
time=01:13:46.860 level=DEBUG source=/tmp/isucon14/bench/benchmarker/scenario/scenario.go:317 msg=eval reqs=258 score="[25 58 52 101 22]" criteria="[132 101 193 127]"
time=01:13:46.953 level=INFO msg=一定の売上が立ったためオーナーの椅子が増加します 名前=瞬道タクシー 増加数=1
time=01:13:46.953 level=INFO msg=一定の売上が立ったためオーナーの椅子が増加します 名前=座り心地再生所 増加数=1
time=01:13:46.971 level=INFO msg=一定の売上が立ったためオーナーの椅子が増加します 名前=椅子やいちば 増加数=1
time=01:13:47.014 level=INFO msg=一定の売上が立ったためオーナーの椅子が増加します 名前="Vintage Vibe Seats" 増加数=2
time=01:13:47.072 level=INFO msg=一定の売上が立ったためオーナーの椅子が増加します 名前=PulseRide 増加数=2
time=01:13:47.197 level=WARN msg="取得した付近の椅子情報に不備があります (CODE=30): ID:01M3F7W8G252HZ3BXKPBPWV32Vの椅子は既にライド中です"
time=01:13:47.516 level=WARN msg="ユーザー登録に失敗しました (CODE=17): POST /api/app/usersへのリクエストに対して、期待されたHTTPステータスコードが確認できませんでした (expected:201, actual:500)"
time=01:13:47.913 level=WARN msg="ユーザー登録に失敗しました (CODE=17): POST /api/app/usersへのリクエストに対して、期待されたHTTPステータスコードが確認できませんでした (expected:201, actual:500)"
time=01:13:48.660 level=DEBUG source=/tmp/isucon14/bench/benchmarker/scenario/scenario.go:315 msg=時間経過 tick=840
time=01:13:48.660 level=DEBUG source=/tmp/isucon14/bench/benchmarker/scenario/scenario.go:317 msg=eval reqs=284 score="[28 69 53 110 24]" criteria="[154 112 205 130]"
time=01:13:48.723 level=INFO msg=一定の売上が立ったためオーナーの椅子が増加します 名前=座り心地再生所 増加数=2
time=01:13:48.751 level=INFO msg=一定の売上が立ったためオーナーの椅子が増加します 名前=瞬道タクシー 増加数=2
time=01:13:48.773 level=INFO msg=一定の売上が立ったためオーナーの椅子が増加します 名前="Vintage Vibe Seats" 増加数=1
time=01:13:48.843 level=INFO msg=一定の売上が立ったためオーナーの椅子が増加します 名前=椅子やいちば 増加数=1
time=01:13:48.856 level=INFO msg=一定の売上が立ったためオーナーの椅子が増加します 名前=PulseRide 増加数=2
time=01:13:50.459 level=INFO msg=これまでに地域内の評判によって55人、既存ユーザーの招待経由で131人が新規登録しました
time=01:13:50.459 level=INFO msg=これまでに低評価なライドによって50人が利用をやめました
time=01:13:50.459 level=INFO msg=41.1%のライドは椅子がマッチされるまでの時間、59.2%のライドはマッチされた椅子が乗車地点までに掛かる時間、45.3%のライドは椅子の実移動時間に不満がありました
time=01:13:50.459 level=DEBUG source=/tmp/isucon14/bench/benchmarker/scenario/scenario.go:315 msg=時間経過 tick=900
time=01:13:50.459 level=DEBUG source=/tmp/isucon14/bench/benchmarker/scenario/scenario.go:317 msg=eval reqs=319 score="[28 82 66 119 24]" criteria="[188 130 214 135]"
time=01:13:50.576 level=INFO msg=一定の売上が立ったためオーナーの椅子が増加します 名前="Vintage Vibe Seats" 増加数=3
time=01:13:50.593 level=INFO msg=一定の売上が立ったためオーナーの椅子が増加します 名前=椅子やいちば 増加数=1
time=01:13:50.601 level=INFO msg=一定の売上が立ったためオーナーの椅子が増加します 名前=座り心地再生所 増加数=3
time=01:13:50.627 level=INFO msg=一定の売上が立ったためオーナーの椅子が増加します 名前=瞬道タクシー 増加数=2
time=01:13:50.653 level=INFO msg=一定の売上が立ったためオーナーの椅子が増加します 名前=PulseRide 増加数=2
time=01:13:52.059 level=WARN msg="ユーザー登録に失敗しました (CODE=17): POST /api/app/usersへのリクエストに対して、期待されたHTTPステータスコードが確認できませんでした (expected:201, actual:500)"
time=01:13:52.260 level=DEBUG source=/tmp/isucon14/bench/benchmarker/scenario/scenario.go:315 msg=時間経過 tick=960
time=01:13:52.260 level=DEBUG source=/tmp/isucon14/bench/benchmarker/scenario/scenario.go:317 msg=eval reqs=353 score="[28 93 82 125 25]" criteria="[222 152 221 137]"
time=01:13:52.327 level=INFO msg=一定の売上が立ったためオーナーの椅子が増加します 名前=椅子やいちば 増加数=1
time=01:13:52.341 level=INFO msg=一定の売上が立ったためオーナーの椅子が増加します 名前=瞬道タクシー 増加数=1
time=01:13:52.357 level=INFO msg=一定の売上が立ったためオーナーの椅子が増加します 名前=PulseRide 増加数=2
time=01:13:52.525 level=INFO msg=一定の売上が立ったためオーナーの椅子が増加します 名前=座り心地再生所 増加数=2
time=01:13:54.059 level=DEBUG source=/tmp/isucon14/bench/benchmarker/scenario/scenario.go:315 msg=時間経過 tick=1020
time=01:13:54.059 level=DEBUG source=/tmp/isucon14/bench/benchmarker/scenario/scenario.go:317 msg=eval reqs=375 score="[29 101 90 129 26]" criteria="[243 165 225 139]"
time=01:13:54.145 level=INFO msg=一定の売上が立ったためオーナーの椅子が増加します 名前=瞬道タクシー 増加数=1
time=01:13:54.166 level=INFO msg=一定の売上が立ったためオーナーの椅子が増加します 名前=PulseRide 増加数=1
time=01:13:54.171 level=INFO msg=一定の売上が立ったためオーナーの椅子が増加します 名前=椅子やいちば 増加数=1
time=01:13:54.204 level=INFO msg=一定の売上が立ったためオーナーの椅子が増加します 名前=座り心地再生所 増加数=1
time=01:13:54.209 level=INFO msg=一定の売上が立ったためオーナーの椅子が増加します 名前="Vintage Vibe Seats" 増加数=2
time=01:13:55.860 level=INFO msg=これまでに地域内の評判によって67人、既存ユーザーの招待経由で142人が新規登録しました
time=01:13:55.860 level=INFO msg=これまでに低評価なライドによって60人が利用をやめました
time=01:13:55.860 level=INFO msg=32.7%のライドは椅子がマッチされるまでの時間、54.5%のライドはマッチされた椅子が乗車地点までに掛かる時間、54.3%のライドは椅子の実移動時間に不満がありました
time=01:13:55.860 level=DEBUG source=/tmp/isucon14/bench/benchmarker/scenario/scenario.go:315 msg=時間経過 tick=1080
time=01:13:55.860 level=DEBUG source=/tmp/isucon14/bench/benchmarker/scenario/scenario.go:317 msg=eval reqs=404 score="[29 110 106 133 26]" criteria="[272 184 228 141]"
time=01:13:56.011 level=INFO msg=一定の売上が立ったためオーナーの椅子が増加します 名前=座り心地再生所 増加数=1
time=01:13:56.015 level=INFO msg=一定の売上が立ったためオーナーの椅子が増加します 名前=瞬道タクシー 増加数=1
time=01:13:56.094 level=INFO msg=一定の売上が立ったためオーナーの椅子が増加します 名前="Vintage Vibe Seats" 増加数=1
time=01:13:56.099 level=INFO msg=一定の売上が立ったためオーナーの椅子が増加します 名前=PulseRide 増加数=1
time=01:13:56.295 level=INFO msg=一定の売上が立ったためオーナーの椅子が増加します 名前=椅子やいちば 増加数=2
time=01:13:57.660 level=DEBUG source=/tmp/isucon14/bench/benchmarker/scenario/scenario.go:315 msg=時間経過 tick=1140
time=01:13:57.660 level=DEBUG source=/tmp/isucon14/bench/benchmarker/scenario/scenario.go:317 msg=eval reqs=438 score="[30 120 126 135 27]" criteria="[304 205 232 144]"
time=01:13:57.843 level=INFO msg=一定の売上が立ったためオーナーの椅子が増加します 名前="Vintage Vibe Seats" 増加数=2
time=01:13:57.897 level=INFO msg=一定の売上が立ったためオーナーの椅子が増加します 名前=座り心地再生所 増加数=2
time=01:13:57.950 level=INFO msg=一定の売上が立ったためオーナーの椅子が増加します 名前=椅子やいちば 増加数=1
time=01:13:57.952 level=INFO msg=一定の売上が立ったためオーナーの椅子が増加します 名前=PulseRide 増加数=2
time=01:13:58.224 level=INFO msg=一定の売上が立ったためオーナーの椅子が増加します 名前=瞬道タクシー 増加数=2
time=01:13:59.459 level=DEBUG source=/tmp/isucon14/bench/benchmarker/scenario/scenario.go:315 msg=時間経過 tick=1200
time=01:13:59.459 level=DEBUG source=/tmp/isucon14/bench/benchmarker/scenario/scenario.go:317 msg=eval reqs=460 score="[30 127 136 139 28]" criteria="[326 220 236 146]"
time=01:13:59.573 level=INFO msg=一定の売上が立ったためオーナーの椅子が増加します 名前=座り心地再生所 増加数=1
time=01:13:59.585 level=INFO msg=一定の売上が立ったためオーナーの椅子が増加します 名前=PulseRide 増加数=1
time=01:13:59.627 level=INFO msg=一定の売上が立ったためオーナーの椅子が増加します 名前="Vintage Vibe Seats" 増加数=1
time=01:13:59.638 level=INFO msg=一定の売上が立ったためオーナーの椅子が増加します 名前=椅子やいちば 増加数=1
time=01:13:59.662 level=INFO msg=一定の売上が立ったためオーナーの椅子が増加します 名前=瞬道タクシー 増加数=1
time=01:14:01.260 level=INFO msg=これまでに地域内の評判によって79人、既存ユーザーの招待経由で152人が新規登録しました
time=01:14:01.260 level=INFO msg=これまでに低評価なライドによって70人が利用をやめました
time=01:14:01.260 level=INFO msg=27.3%のライドは椅子がマッチされるまでの時間、52.2%のライドはマッチされた椅子が乗車地点までに掛かる時間、60.7%のライドは椅子の実移動時間に不満がありました
time=01:14:01.260 level=DEBUG source=/tmp/isucon14/bench/benchmarker/scenario/scenario.go:315 msg=時間経過 tick=1260
time=01:14:01.260 level=DEBUG source=/tmp/isucon14/bench/benchmarker/scenario/scenario.go:317 msg=eval reqs=490 score="[30 142 149 141 28]" criteria="[356 234 237 148]"
time=01:14:01.336 level=INFO msg=一定の売上が立ったためオーナーの椅子が増加します 名前=椅子やいちば 増加数=2
time=01:14:01.369 level=INFO msg=一定の売上が立ったためオーナーの椅子が増加します 名前="Vintage Vibe Seats" 増加数=1
time=01:14:01.377 level=INFO msg=一定の売上が立ったためオーナーの椅子が増加します 名前=瞬道タクシー 増加数=1
time=01:14:01.388 level=INFO msg=一定の売上が立ったためオーナーの椅子が増加します 名前=座り心地再生所 増加数=1
time=01:14:01.464 level=INFO msg=一定の売上が立ったためオーナーの椅子が増加します 名前=PulseRide 増加数=2
time=01:14:03.060 level=DEBUG source=/tmp/isucon14/bench/benchmarker/scenario/scenario.go:315 msg=時間経過 tick=1320
time=01:14:03.060 level=DEBUG source=/tmp/isucon14/bench/benchmarker/scenario/scenario.go:317 msg=eval reqs=522 score="[30 155 166 143 28]" criteria="[388 252 238 150]"
time=01:14:03.170 level=INFO msg=一定の売上が立ったためオーナーの椅子が増加します 名前=椅子やいちば 増加数=2
time=01:14:03.221 level=INFO msg=一定の売上が立ったためオーナーの椅子が増加します 名前=瞬道タクシー 増加数=1
time=01:14:03.266 level=INFO msg=一定の売上が立ったためオーナーの椅子が増加します 名前="Vintage Vibe Seats" 増加数=2
time=01:14:03.317 level=INFO msg=一定の売上が立ったためオーナーの椅子が増加します 名前=座り心地再生所 増加数=2
time=01:14:03.464 level=INFO msg=一定の売上が立ったためオーナーの椅子が増加します 名前=PulseRide 増加数=1
time=01:14:04.860 level=DEBUG source=/tmp/isucon14/bench/benchmarker/scenario/scenario.go:315 msg=時間経過 tick=1380
time=01:14:04.860 level=DEBUG source=/tmp/isucon14/bench/benchmarker/scenario/scenario.go:317 msg=eval reqs=549 score="[30 167 177 147 28]" criteria="[415 267 239 153]"
time=01:14:05.109 level=INFO msg=一定の売上が立ったためオーナーの椅子が増加します 名前=座り心地再生所 増加数=1
time=01:14:05.192 level=INFO msg=一定の売上が立ったためオーナーの椅子が増加します 名前="Vintage Vibe Seats" 増加数=1
time=01:14:05.236 level=INFO msg=一定の売上が立ったためオーナーの椅子が増加します 名前=椅子やいちば 増加数=1
time=01:14:05.300 level=INFO msg=一定の売上が立ったためオーナーの椅子が増加します 名前=PulseRide 増加数=1
time=01:14:06.660 level=DEBUG source=/tmp/isucon14/bench/benchmarker/scenario/scenario.go:315 msg=時間経過 tick=1440
time=01:14:06.660 level=DEBUG source=/tmp/isucon14/bench/benchmarker/scenario/scenario.go:317 msg=eval reqs=575 score="[30 176 194 147 28]" criteria="[441 284 239 153]"
time=01:14:06.660 level=INFO msg=これまでに地域内の評判によって91人、既存ユーザーの招待経由で158人が新規登録しました
time=01:14:06.660 level=INFO msg=これまでに低評価なライドによって78人が利用をやめました
time=01:14:06.660 level=INFO msg=23.3%のライドは椅子がマッチされるまでの時間、50.6%のライドはマッチされた椅子が乗車地点までに掛かる時間、65.9%のライドは椅子の実移動時間に不満がありました
time=01:14:06.818 level=INFO msg=一定の売上が立ったためオーナーの椅子が増加します 名前=PulseRide 増加数=2
time=01:14:06.835 level=INFO msg=一定の売上が立ったためオーナーの椅子が増加します 名前="Vintage Vibe Seats" 増加数=1
time=01:14:06.869 level=INFO msg=一定の売上が立ったためオーナーの椅子が増加します 名前=瞬道タクシー 増加数=2
time=01:14:06.904 level=INFO msg=一定の売上が立ったためオーナーの椅子が増加します 名前=座り心地再生所 増加数=1
time=01:14:07.012 level=INFO msg=一定の売上が立ったためオーナーの椅子が増加します 名前=椅子やいちば 増加数=1
time=01:14:08.459 level=DEBUG source=/tmp/isucon14/bench/benchmarker/scenario/scenario.go:315 msg=時間経過 tick=1500
time=01:14:08.459 level=DEBUG source=/tmp/isucon14/bench/benchmarker/scenario/scenario.go:317 msg=eval reqs=609 score="[31 190 212 148 28]" criteria="[474 303 239 154]"
time=01:14:08.593 level=INFO msg=一定の売上が立ったためオーナーの椅子が増加します 名前=椅子やいちば 増加数=1
time=01:14:08.638 level=INFO msg=一定の売上が立ったためオーナーの椅子が増加します 名前="Vintage Vibe Seats" 増加数=1
time=01:14:08.723 level=INFO msg=一定の売上が立ったためオーナーの椅子が増加します 名前=瞬道タクシー 増加数=2
time=01:14:08.994 level=INFO msg=一定の売上が立ったためオーナーの椅子が増加します 名前=PulseRide 増加数=1
time=01:14:09.464 level=INFO msg=一定の売上が立ったためオーナーの椅子が増加します 名前=座り心地再生所 増加数=2
time=01:14:10.260 level=DEBUG source=/tmp/isucon14/bench/benchmarker/scenario/scenario.go:315 msg=時間経過 tick=1560
time=01:14:10.260 level=DEBUG source=/tmp/isucon14/bench/benchmarker/scenario/scenario.go:317 msg=eval reqs=637 score="[33 194 231 151 28]" criteria="[500 325 240 156]"
time=01:14:10.388 level=INFO msg=一定の売上が立ったためオーナーの椅子が増加します 名前=座り心地再生所 増加数=1
time=01:14:10.423 level=INFO msg=一定の売上が立ったためオーナーの椅子が増加します 名前=瞬道タクシー 増加数=1
time=01:14:10.456 level=INFO msg=一定の売上が立ったためオーナーの椅子が増加します 名前=椅子やいちば 増加数=1
time=01:14:10.460 level=INFO msg=一定の売上が立ったためオーナーの椅子が増加します 名前=PulseRide 増加数=1
time=01:14:10.508 level=INFO msg=一定の売上が立ったためオーナーの椅子が増加します 名前="Vintage Vibe Seats" 増加数=1
time=01:14:12.059 level=INFO msg=これまでに地域内の評判によって103人、既存ユーザーの招待経由で166人が新規登録しました
time=01:14:12.059 level=INFO msg=これまでに低評価なライドによって85人が利用をやめました
time=01:14:12.059 level=INFO msg=20.4%のライドは椅子がマッチされるまでの時間、48.1%のライドはマッチされた椅子が乗車地点までに掛かる時間、70.3%のライドは椅子の実移動時間に不満がありました
time=01:14:12.059 level=DEBUG source=/tmp/isucon14/bench/benchmarker/scenario/scenario.go:315 msg=時間経過 tick=1620
time=01:14:12.059 level=DEBUG source=/tmp/isucon14/bench/benchmarker/scenario/scenario.go:317 msg=eval reqs=673 score="[33 206 251 155 28]" criteria="[536 349 242 158]"
time=01:14:12.264 level=INFO msg=一定の売上が立ったためオーナーの椅子が増加します 名前=瞬道タクシー 増加数=1
time=01:14:12.278 level=INFO msg=一定の売上が立ったためオーナーの椅子が増加します 名前="Vintage Vibe Seats" 増加数=2
time=01:14:12.293 level=INFO msg=一定の売上が立ったためオーナーの椅子が増加します 名前=椅子やいちば 増加数=2
time=01:14:12.382 level=INFO msg=一定の売上が立ったためオーナーの椅子が増加します 名前=座り心地再生所 増加数=1
time=01:14:12.550 level=INFO msg=一定の売上が立ったためオーナーの椅子が増加します 名前=PulseRide 増加数=2
time=01:14:13.859 level=DEBUG source=/tmp/isucon14/bench/benchmarker/scenario/scenario.go:315 msg=時間経過 tick=1680
time=01:14:13.860 level=DEBUG source=/tmp/isucon14/bench/benchmarker/scenario/scenario.go:317 msg=eval reqs=706 score="[33 220 266 159 28]" criteria="[569 368 243 161]"
time=01:14:14.006 level=INFO msg=一定の売上が立ったためオーナーの椅子が増加します 名前=椅子やいちば 増加数=2
time=01:14:14.154 level=INFO msg=一定の売上が立ったためオーナーの椅子が増加します 名前=座り心地再生所 増加数=3
time=01:14:15.660 level=DEBUG source=/tmp/isucon14/bench/benchmarker/scenario/scenario.go:315 msg=時間経過 tick=1740
time=01:14:15.660 level=DEBUG source=/tmp/isucon14/bench/benchmarker/scenario/scenario.go:317 msg=eval reqs=736 score="[33 227 287 161 28]" criteria="[599 391 245 161]"
time=01:14:15.743 level=INFO msg=一定の売上が立ったためオーナーの椅子が増加します 名前=瞬道タクシー 増加数=1
time=01:14:15.748 level=INFO msg=一定の売上が立ったためオーナーの椅子が増加します 名前="Vintage Vibe Seats" 増加数=1
time=01:14:15.749 level=INFO msg=一定の売上が立ったためオーナーの椅子が増加します 名前=座り心地再生所 増加数=1
time=01:14:15.753 level=INFO msg=一定の売上が立ったためオーナーの椅子が増加します 名前=PulseRide 増加数=3
time=01:14:15.825 level=INFO msg=一定の売上が立ったためオーナーの椅子が増加します 名前=椅子やいちば 増加数=1
time=01:14:17.459 level=DEBUG source=/tmp/isucon14/bench/benchmarker/scenario/scenario.go:315 msg=時間経過 tick=1800
time=01:14:17.460 level=INFO msg=これまでに地域内の評判によって115人、既存ユーザーの招待経由で174人が新規登録しました
time=01:14:17.460 level=INFO msg=これまでに低評価なライドによって91人が利用をやめました
time=01:14:17.460 level=INFO msg=17.7%のライドは椅子がマッチされるまでの時間、45.6%のライドはマッチされた椅子が乗車地点までに掛かる時間、73.5%のライドは椅子の実移動時間に不満がありました
time=01:14:17.460 level=DEBUG source=/tmp/isucon14/bench/benchmarker/scenario/scenario.go:317 msg=eval reqs=774 score="[33 235 313 165 28]" criteria="[637 421 246 164]"
time=01:14:17.543 level=INFO msg=一定の売上が立ったためオーナーの椅子が増加します 名前=座り心地再生所 増加数=1
time=01:14:17.545 level=INFO msg=一定の売上が立ったためオーナーの椅子が増加します 名前="Vintage Vibe Seats" 増加数=1
time=01:14:17.656 level=INFO msg=一定の売上が立ったためオーナーの椅子が増加します 名前=PulseRide 増加数=2
time=01:14:17.702 level=INFO msg=一定の売上が立ったためオーナーの椅子が増加します 名前=椅子やいちば 増加数=1
time=01:14:17.758 level=INFO msg=一定の売上が立ったためオーナーの椅子が増加します 名前=瞬道タクシー 増加数=2
time=01:14:19.260 level=DEBUG source=/tmp/isucon14/bench/benchmarker/scenario/scenario.go:315 msg=時間経過 tick=1860
time=01:14:19.260 level=DEBUG source=/tmp/isucon14/bench/benchmarker/scenario/scenario.go:317 msg=eval reqs=809 score="[33 243 336 169 28]" criteria="[670 450 246 168]"
time=01:14:19.562 level=INFO msg=一定の売上が立ったためオーナーの椅子が増加します 名前=PulseRide 増加数=1
time=01:14:19.709 level=INFO msg=一定の売上が立ったためオーナーの椅子が増加します 名前=瞬道タクシー 増加数=1
time=01:14:19.749 level=INFO msg=一定の売上が立ったためオーナーの椅子が増加します 名前="Vintage Vibe Seats" 増加数=1
time=01:14:19.808 level=INFO msg=一定の売上が立ったためオーナーの椅子が増加します 名前=座り心地再生所 増加数=2
time=01:14:21.060 level=DEBUG source=/tmp/isucon14/bench/benchmarker/scenario/scenario.go:315 msg=時間経過 tick=1920
time=01:14:21.060 level=DEBUG source=/tmp/isucon14/bench/benchmarker/scenario/scenario.go:317 msg=eval reqs=848 score="[33 249 368 170 28]" criteria="[709 483 246 169]"
time=01:14:21.280 level=INFO msg=一定の売上が立ったためオーナーの椅子が増加します 名前=瞬道タクシー 増加数=1
time=01:14:21.334 level=INFO msg=一定の売上が立ったためオーナーの椅子が増加します 名前=椅子やいちば 増加数=1
time=01:14:21.416 level=INFO msg=一定の売上が立ったためオーナーの椅子が増加します 名前="Vintage Vibe Seats" 増加数=1
time=01:14:21.835 level=INFO msg=一定の売上が立ったためオーナーの椅子が増加します 名前=座り心地再生所 増加数=1
time=01:14:21.893 level=INFO msg=一定の売上が立ったためオーナーの椅子が増加します 名前=PulseRide 増加数=1
time=01:14:22.860 level=DEBUG source=/tmp/isucon14/bench/benchmarker/scenario/scenario.go:315 msg=時間経過 tick=1980
time=01:14:22.860 level=DEBUG source=/tmp/isucon14/bench/benchmarker/scenario/scenario.go:317 msg=eval reqs=876 score="[33 254 390 171 28]" criteria="[737 506 246 170]"
time=01:14:22.860 level=INFO msg=これまでに地域内の評判によって127人、既存ユーザーの招待経由で180人が新規登録しました
time=01:14:22.860 level=INFO msg=これまでに低評価なライドによって92人が利用をやめました
time=01:14:22.860 level=INFO msg=15.9%のライドは椅子がマッチされるまでの時間、42.2%のライドはマッチされた椅子が乗車地点までに掛かる時間、76.3%のライドは椅子の実移動時間に不満がありました
time=01:14:23.149 level=INFO msg=一定の売上が立ったためオーナーの椅子が増加します 名前=椅子やいちば 増加数=1
time=01:14:23.160 level=INFO msg=一定の売上が立ったためオーナーの椅子が増加します 名前=PulseRide 増加数=1
time=01:14:23.182 level=INFO msg=一定の売上が立ったためオーナーの椅子が増加します 名前=瞬道タクシー 増加数=1
time=01:14:23.263 level=INFO msg=一定の売上が立ったためオーナーの椅子が増加します 名前="Vintage Vibe Seats" 増加数=1
time=01:14:28.460 level=INFO msg=最終地域情報 名前=チェアタウン ユーザー登録数=183 アクティブユーザー数=133
time=01:14:28.460 level=INFO msg=最終地域情報 名前=コシカケシティ ユーザー登録数=142 アクティブユーザー数=99
time=01:14:28.460 level=INFO msg=最終オーナー情報 名前="Vintage Vibe Seats" 売上=1045400 椅子数=46
time=01:14:28.460 level=INFO msg=最終オーナー情報 名前=瞬道タクシー 売上=862900 椅子数=41
time=01:14:28.460 level=INFO msg=最終オーナー情報 名前=椅子やいちば 売上=844800 椅子数=40
time=01:14:28.460 level=INFO msg=最終オーナー情報 名前=座り心地再生所 売上=1124500 椅子数=48
time=01:14:28.460 level=INFO msg=最終オーナー情報 名前=PulseRide 売上=1309600 椅子数=54
time=01:14:28.460 level=INFO msg=15.4%のライドは椅子がマッチされるまでの時間、41.1%のライドはマッチされた椅子が乗車地点までに掛かる時間、77.0%のライドは椅子の実移動時間に不満がありました
time=01:14:28.460 level=INFO msg=結果 pass=true スコア=64117 種別エラー数="map[17:6 30:1]"
time=01:14:28.460 level=INFO msg=負荷走行が終了しました
