2026-09-26T16:13:22+00:00
COMMAND         %CPU   RSS
nginx            1.3 16944
nginx            1.3 17304
mysqld           0.4 434248
jbd2/sda1-8      0.3     0
kworker/0:1H-kb  0.1     0
kworker/1:1H-kb  0.1     0
systemd          0.0 12560
rcu_preempt      0.0     0
kworker/u4:2-ev  0.0     0
2026-09-26T16:13:24+00:00
COMMAND         %CPU   RSS
bench            9.5 50064
nginx            1.3 16944
nginx            1.3 17304
isuride          0.8 15120
mysqld           0.6 522412
jbd2/sda1-8      0.3     0
kworker/0:1H-kb  0.1     0
kworker/1:1H-kb  0.1     0
systemd          0.0 12560
2026-09-26T16:13:26+00:00
COMMAND         %CPU   RSS
bench           13.9 72588
isuride          2.7 15528
nginx            1.3 16944
nginx            1.3 17304
mysqld           1.0 525420
jbd2/sda1-8      0.3     0
kworker/0:1H-kb  0.1     0
kworker/1:1H-kb  0.1     0
systemd          0.0 12560
2026-09-26T16:13:28+00:00
COMMAND         %CPU   RSS
bench           17.2 106152
isuride          5.0 16000
mysqld           1.5 529596
nginx            1.3 16944
nginx            1.3 17304
jbd2/sda1-8      0.3     0
kworker/0:1H-kb  0.1     0
kworker/1:1H-kb  0.1     0
rcu_preempt      0.0     0
2026-09-26T16:13:30+00:00
COMMAND         %CPU   RSS
bench           19.3 128744
isuride          7.2 16980
mysqld           2.1 536268
nginx            1.3 16944
nginx            1.3 17304
jbd2/sda1-8      0.3     0
kworker/0:1H-kb  0.1     0
kworker/1:1H-kb  0.1     0
rcu_preempt      0.0     0
2026-09-26T16:13:32+00:00
COMMAND         %CPU   RSS
bench           21.0 158956
isuride          9.3 19888
mysqld           2.8 543764
nginx            1.4 16944
nginx            1.3 17304
jbd2/sda1-8      0.3     0
kworker/0:1H-kb  0.1     0
kworker/1:1H-kb  0.1     0
rcu_preempt      0.0     0
2026-09-26T16:13:34+00:00
COMMAND         %CPU   RSS
bench           22.5 189152
isuride         11.3 19556
mysqld           3.5 550592
nginx            1.4 16944
nginx            1.4 17304
jbd2/sda1-8      0.3     0
kworker/0:1H-kb  0.1     0
kworker/1:1H-kb  0.1     0
rcu_preempt      0.0     0
2026-09-26T16:13:36+00:00
COMMAND         %CPU   RSS
bench           23.5 203136
isuride         13.2 20640
mysqld           4.3 557080
nginx            1.4 16944
nginx            1.4 17304
jbd2/sda1-8      0.3     0
kworker/0:1H-kb  0.1     0
kworker/1:1H-kb  0.1     0
rcu_preempt      0.0     0
2026-09-26T16:13:38+00:00
COMMAND         %CPU   RSS
bench           24.3 225028
curl            16.6 12304
isuride         14.8 22556
mysqld           5.1 562052
nginx            1.4 16944
nginx            1.4 17304
jbd2/sda1-8      0.3     0
kworker/0:1H-kb  0.1     0
kworker/1:1H-kb  0.1     0
2026-09-26T16:13:40+00:00
COMMAND         %CPU   RSS
bench           24.9 243928
isuride         16.2 23736
mysqld           5.8 571460
nginx            1.5 16944
nginx            1.5 17304
jbd2/sda1-8      0.3     0
kworker/0:1H-kb  0.1     0
kworker/1:1H-kb  0.1     0
rcu_preempt      0.0     0
2026-09-26T16:13:42+00:00
COMMAND         %CPU   RSS
bench           25.3 260552
isuride         17.6 24792
mysqld           6.6 577304
nginx            1.5 16944
nginx            1.5 17304
jbd2/sda1-8      0.3     0
kworker/0:1H-kb  0.1     0
kworker/1:1H-kb  0.1     0
rcu_preempt      0.0     0
2026-09-26T16:13:44+00:00
COMMAND         %CPU   RSS
bench           25.6 279516
isuride         18.8 27004
mysqld           7.4 582412
nginx            1.5 16944
nginx            1.5 17304
jbd2/sda1-8      0.3     0
kworker/0:1H-kb  0.1     0
kworker/1:1H-kb  0.1     0
rcu_preempt      0.0     0
2026-09-26T16:13:46+00:00
COMMAND         %CPU   RSS
bench           26.0 300076
isuride         19.9 27608
mysqld           8.2 586540
nginx            1.6 16944
nginx            1.5 17304
jbd2/sda1-8      0.3     0
kworker/0:1H-kb  0.1     0
kworker/1:1H-kb  0.1     0
rcu_preempt      0.0     0
2026-09-26T16:13:48+00:00
COMMAND         %CPU   RSS
bench           26.6 324264
isuride         20.8 29264
curl            10.0 12304
mysqld           8.9 589600
nginx            1.6 16944
nginx            1.6 17304
jbd2/sda1-8      0.3     0
kworker/0:1H-kb  0.1     0
kworker/1:1H-kb  0.1     0
2026-09-26T16:13:50+00:00
COMMAND         %CPU   RSS
bench           26.9 353576
isuride         21.7 29156
mysqld           9.6 592164
nginx            1.6 16944
nginx            1.6 17304
jbd2/sda1-8      0.3     0
kworker/0:1H-kb  0.1     0
kworker/1:1H-kb  0.1     0
rcu_preempt      0.1     0
2026-09-26T16:13:52+00:00
COMMAND         %CPU   RSS
bench           26.9 355100
isuride         22.4 31824
mysqld          10.4 593332
curl             4.1 12288
nginx            1.6 16944
nginx            1.6 17304
jbd2/sda1-8      0.3     0
kworker/0:1H-kb  0.1     0
kworker/1:1H-kb  0.1     0
2026-09-26T16:13:54+00:00
COMMAND         %CPU   RSS
bench           26.8 377616
isuride         22.8 32256
mysqld          11.3 596796
curl             3.8 12292
nginx            1.7 16944
nginx            1.6 17304
jbd2/sda1-8      0.3     0
kworker/0:1H-kb  0.1     0
kworker/1:1H-kb  0.1     0
2026-09-26T16:13:56+00:00
COMMAND         %CPU   RSS
bench           26.7 380156
isuride         23.2 33096
mysqld          12.2 600932
nginx            1.7 16944
nginx            1.7 17304
jbd2/sda1-8      0.3     0
kworker/0:1H-kb  0.1     0
kworker/1:1H-kb  0.1     0
rcu_preempt      0.1     0
2026-09-26T16:13:58+00:00
COMMAND         %CPU   RSS
bench           26.7 400952
isuride         23.5 34632
mysqld          13.1 605928
nginx            1.7 16944
nginx            1.7 17304
jbd2/sda1-8      0.3     0
kworker/0:1H-kb  0.1     0
kworker/1:1H-kb  0.1     0
rcu_preempt      0.1     0
2026-09-26T16:14:00+00:00
COMMAND         %CPU   RSS
bench           26.6 403500
isuride         23.9 36180
mysqld          13.9 610548
curl            11.1 12076
nginx            1.7 16944
nginx            1.7 17304
jbd2/sda1-8      0.3     0
kworker/0:1H-kb  0.1     0
kworker/1:1H-kb  0.1     0
2026-09-26T16:14:02+00:00
COMMAND         %CPU   RSS
bench           26.5 421560
isuride         24.1 37228
mysqld          14.8 607908
nginx            1.7 16944
nginx            1.7 17304
jbd2/sda1-8      0.3     0
kworker/0:1H-kb  0.1     0
kworker/1:1H-kb  0.1     0
rcu_preempt      0.1     0
2026-09-26T16:14:04+00:00
COMMAND         %CPU   RSS
bench           26.3 424408
isuride         24.3 38792
mysqld          15.7 609296
nginx            1.7 16944
nginx            1.7 17304
jbd2/sda1-8      0.3     0
kworker/0:1H-kb  0.1     0
kworker/1:1H-kb  0.1     0
rcu_preempt      0.1     0
2026-09-26T16:14:06+00:00
COMMAND         %CPU   RSS
bench           26.3 446884
isuride         24.5 38856
mysqld          16.5 611364
nginx            1.8 16944
nginx            1.7 17304
jbd2/sda1-8      0.4     0
kworker/0:1H-kb  0.1     0
kworker/1:1H-kb  0.1     0
rcu_preempt      0.1     0
2026-09-26T16:14:08+00:00
COMMAND         %CPU   RSS
bench           26.2 448260
isuride         24.6 38988
mysqld          17.4 612804
curl             3.5 12304
nginx            1.8 16944
nginx            1.8 17304
jbd2/sda1-8      0.4     0
kworker/0:1H-kb  0.1     0
kworker/1:1H-kb  0.1     0
2026-09-26T16:14:10+00:00
COMMAND         %CPU   RSS
bench           26.2 470016
isuride         24.8 37464
mysqld          18.2 613256
curl             3.2 12304
nginx            1.8 16944
nginx            1.8 17304
jbd2/sda1-8      0.4     0
kworker/0:1H-kb  0.1     0
kworker/1:1H-kb  0.1     0
2026-09-26T16:14:12+00:00
COMMAND         %CPU   RSS
bench           26.1 471400
isuride         25.0 41084
mysqld          19.0 614712
curl             3.8 12304
nginx            1.8 16944
nginx            1.8 17304
jbd2/sda1-8      0.4     0
kworker/0:1H-kb  0.1     0
kworker/1:1H-kb  0.1     0
2026-09-26T16:14:14+00:00
COMMAND         %CPU   RSS
bench           26.0 474264
isuride         25.1 41052
mysqld          19.8 615268
nginx            1.8 16944
nginx            1.8 17304
jbd2/sda1-8      0.4     0
kworker/0:1H-kb  0.1     0
kworker/1:1H-kb  0.1     0
rcu_preempt      0.1     0
2026-09-26T16:14:16+00:00
COMMAND         %CPU   RSS
bench           26.0 501004
isuride         25.3 42716
mysqld          20.6 617456
nginx            1.9 16944
curl             1.8 12288
nginx            1.8 17304
jbd2/sda1-8      0.4     0
kworker/0:1H-kb  0.1     0
kworker/1:1H-kb  0.1     0
2026-09-26T16:14:18+00:00
COMMAND         %CPU   RSS
bench           26.0 503252
isuride         25.5 43188
mysqld          21.3 622588
curl             3.7 12304
nginx            1.9 17040
nginx            1.8 17304
jbd2/sda1-8      0.4     0
kworker/0:1H-kb  0.1     0
kworker/1:1H-kb  0.1     0
2026-09-26T16:14:20+00:00
COMMAND         %CPU   RSS
bench           25.9 527132
isuride         25.5 43588
mysqld          22.1 619928
nginx            1.9 17060
nginx            1.9 17304
jbd2/sda1-8      0.4     0
kworker/0:1H-kb  0.2     0
kworker/1:1H-kb  0.1     0
rcu_preempt      0.1     0
2026-09-26T16:14:22+00:00
COMMAND         %CPU   RSS
bench           25.9 536088
isuride         25.7 44876
mysqld          22.9 620576
nginx            1.9 17088
nginx            1.9 17316
jbd2/sda1-8      0.4     0
kworker/0:1H-kb  0.2     0
kworker/1:1H-kb  0.1     0
rcu_preempt      0.1     0
2026-09-26T16:14:24+00:00
COMMAND         %CPU   RSS
isuride         26.0 34972
bench           25.8 538688
mysqld          23.5 620836
nginx            1.9 17096
nginx            1.9 17364
jbd2/sda1-8      0.4     0
kworker/0:1H-kb  0.2     0
kworker/1:1H-kb  0.1     0
rcu_preempt      0.1     0
2026-09-26T16:14:26+00:00
COMMAND         %CPU   RSS
isuride         26.6 33864
bench           25.9 562528
mysqld          24.0 620836
nginx            1.9 17096
nginx            1.9 17364
jbd2/sda1-8      0.4     0
kworker/0:1H-kb  0.2     0
kworker/1:1H-kb  0.1     0
rcu_preempt      0.1     0
