procs -----------memory---------- ---swap-- -----io---- -system-- -------cpu------- -----timestamp-----
 r  b   swpd   free   buff  cache   si   so    bi    bo   in   cs us sy id wa st gu                 UTC
 4  0      0 2675388  83704 635964    0    0   843  3934 3699   78 10  6 84  0  0  0 2026-09-26 16:13:22
 0  0      0 2557112  83708 631068    0    0     0 59320 18490 41424 29 14 41 15  0  0 2026-09-26 16:13:23
 3  1      0 2554340  83708 631496    0    0     0  3928 23224 65338 16 11 72  1  0  0 2026-09-26 16:13:24
 4  0      0 2547568  83708 633096    0    0     0  7576 26517 82914 22 18 59  2  0  0 2026-09-26 16:13:25
 0  1      0 2534612  83708 634192    0    0     0  9572 31126 106929 34 23 42  2  0  0 2026-09-26 16:13:26
 7  1      0 2512736  83708 635324    0    0     0 13424 30608 120776 39 27 33  1  0  0 2026-09-26 16:13:27
 2  0      0 2488572  83708 636468    0    0     0 10724 31149 128966 40 28 31  1  0  0 2026-09-26 16:13:28
 1  0      0 2475272  83708 637788    0    0     0 13552 27855 128342 46 32 21  1  0  0 2026-09-26 16:13:29
 9  1      0 2454608  83708 641296    0    0     0 14800 27290 126436 47 32 20  1  0  0 2026-09-26 16:13:30
24  1      0 2430696  83708 642812    0    0     0 15288 24793 127352 51 32 16  2  0  0 2026-09-26 16:13:31
21  1      0 2408116  83708 645500    0    0     0 18416 23707 120761 53 35 10  2  0  0 2026-09-26 16:13:32
 7  0      0 2391440  83708 646900    0    0     0 16048 22132 118134 58 36  5  1  0  0 2026-09-26 16:13:33
 7  1      0 2366172  83708 648460    0    0     0 21124 21421 122751 55 40  4  1  0  0 2026-09-26 16:13:34
 6  0      0 2349568  83708 649956    0    0     0 21084 23477 119287 57 40  3  1  0  0 2026-09-26 16:13:35
15  0      0 2341028  83708 651656    0    0     0 19900 23436 119728 56 41  2  1  0  0 2026-09-26 16:13:36
15  0      0 2330812  83708 653260    0    0     0 28540 20004 119297 59 38  2  1  0  0 2026-09-26 16:13:37
10  0      0 2323468  83708 655896    0    0     0 22820 19582 126448 58 40  2  1  0  0 2026-09-26 16:13:38
12  0      0 2297604  83708 657276    0    0     0 22092 19606 121137 60 38  1  1  0  0 2026-09-26 16:13:39
25  0      0 2292988  83708 659996    0    0     0 23152 22002 121332 58 40  2  0  0  0 2026-09-26 16:13:40
11  0      0 2265032  83708 661348    0    0     0 20192 22226 110813 59 40  2  1  0  0 2026-09-26 16:13:41
10  0      0 2254932  83708 662900    0    0     0 22004 21865 115039 60 40  1  0  0  0 2026-09-26 16:13:42
procs -----------memory---------- ---swap-- -----io---- -system-- -------cpu------- -----timestamp-----
 r  b   swpd   free   buff  cache   si   so    bi    bo   in   cs us sy id wa st gu                 UTC
28  0      0 2239088  83708 664496    0    0     0 22344 23068 115283 61 38  1  1  0  0 2026-09-26 16:13:43
10  0      0 2221728  83708 666036    0    0     0 21236 21767 111331 63 36  1  0  0  0 2026-09-26 16:13:44
13  0      0 2206412  83708 667748    0    0     0 23092 18918 115198 60 39  0  1  0  0 2026-09-26 16:13:45
15  0      0 2196108  83708 669248    0    0     0 22964 21929 117289 60 40  1  0  0  0 2026-09-26 16:13:46
10  1      0 2180736  83708 670816    0    0     0 24696 22542 110690 61 39  0  0  0  0 2026-09-26 16:13:47
40  0      0 2158560  83708 673368    0    0     0 30320 20662 113572 63 36  1  0  0  0 2026-09-26 16:13:48
21  0      0 2154528  83708 674984    0    0     0 22784 23104 109814 61 39  0  0  0  0 2026-09-26 16:13:49
 8  1      0 2132920  83708 676416    0    0     0 22512 21192 106585 61 38  1  0  0  0 2026-09-26 16:13:50
15  0      0 2118904  83708 679068    0    0     0 24492 20283 113960 59 40  1  1  0  0 2026-09-26 16:13:51
34  0      0 2121396  83708 680584    0    0     0 20140 22259 115979 64 36  1  0  0  0 2026-09-26 16:13:52
18  1      0 2096968  83708 682136    0    0     0 14348 22083 105666 72 29  0  0  0  0 2026-09-26 16:13:53
17  0      0 2088948  83708 683184    0    0     0 11656 22393 104810 72 28  0  0  0  0 2026-09-26 16:13:54
43  0      0 2074344  83708 684464    0    0     0 12628 23206 109387 72 28  0  0  0  0 2026-09-26 16:13:55
50  0      0 2071404  83708 685804    0    0     0 13520 22518 102486 71 29  0  0  0  0 2026-09-26 16:13:56
 9  0      0 2058328  83708 687212    0    0     0 10344 20476 103427 74 26  1  0  0  0 2026-09-26 16:13:57
23  0      0 2052812  83708 688516    0    0     0 13820 21842 112248 71 29  0  0  0  0 2026-09-26 16:13:58
12  0      0 2042380  83708 689856    0    0     0 11656 20698 109038 72 28  0  0  0  0 2026-09-26 16:13:59
15  0      0 2031280  83708 693860    0    0     0 12080 23233 114957 72 28  0  0  0  0 2026-09-26 16:14:00
37  0      0 2022492  83708 693864    0    0     0 12032 22953 111230 72 29  0  0  0  0 2026-09-26 16:14:01
17  0      0 2006616  83708 696324    0    0     0 14844 20727 105884 72 27  0  0  0  0 2026-09-26 16:14:02
19  0      0 2009492  83708 697256    0    0     0 26460 24846 112733 68 32  0  0  0  0 2026-09-26 16:14:03
procs -----------memory---------- ---swap-- -----io---- -system-- -------cpu------- -----timestamp-----
 r  b   swpd   free   buff  cache   si   so    bi    bo   in   cs us sy id wa st gu                 UTC
 6  1      0 2000480  83708 698472    0    0     0 15624 23605 100001 71 29  0  0  0  0 2026-09-26 16:14:04
13  0      0 2000580  83708 699768    0    0     0 13692 20672 111569 73 28  0  0  0  0 2026-09-26 16:14:05
23  0      0 1964800  83708 700952    0    0     0 12864 21370 100404 72 29  0  0  0  0 2026-09-26 16:14:06
 7  0      0 1968880  83708 702276    0    0     0 14444 23501 112585 70 30  0  0  0  0 2026-09-26 16:14:07
38  0      0 1965528  83708 703652    0    0     0 12336 20772 103684 76 24  0  0  0  0 2026-09-26 16:14:08
21  0      0 1963972  83708 705076    0    0     0 14020 22896 96590 75 26  0  0  0  0 2026-09-26 16:14:09
58  0      0 1954240  83708 706104    0    0     0 12300 22285 105834 72 28  0  0  0  0 2026-09-26 16:14:10
22  0      0 1926808  83708 707988    0    0     0 10900 20739 102912 74 26  0  0  0  0 2026-09-26 16:14:11
15  0      0 1926808  83708 708704    0    0     0 14272 21254 103068 72 28  0  0  0  0 2026-09-26 16:14:12
26  0      0 1924792  83708 711204    0    0     0 12988 21542 104477 74 27  0  0  0  0 2026-09-26 16:14:13
25  0      0 1924400  83708 712376    0    0     0 14756 21688 101569 72 28  0  0  0  0 2026-09-26 16:14:14
16  0      0 1905440  83708 714776    0    0     0 13332 23414 105694 73 28  0  0  0  0 2026-09-26 16:14:15
21  0      0 1902480  83708 716208    0    0     0 10568 22674 107192 74 26  0  0  0  0 2026-09-26 16:14:16
41  0      0 1887400  83708 717632    0    0     0 10748 20057 105279 74 26  0  0  0  0 2026-09-26 16:14:17
13  0      0 1883648  83712 721364    0    0     0 25884 23225 95647 71 29  0  0  0  0 2026-09-26 16:14:18
16  0      0 1881984  83712 721100    0    0     0 13712 21025 100022 70 30  0  0  0  0 2026-09-26 16:14:19
49  0      0 1861584  83712 723460    0    0     0 13220 22132 99088 74 26  0  0  0  0 2026-09-26 16:14:20
22  0      0 1837924  83712 723428    0    0     0 13868 19927 89254 74 26  0  0  0  0 2026-09-26 16:14:21
 9  1      0 1838724  83712 724856    0    0     0 11140 19500 97026 74 27  0  0  0  0 2026-09-26 16:14:22
35  0      0 1835784  83712 726196    0    0     0 12184 23884 112097 72 28  0  0  0  0 2026-09-26 16:14:23
19  0      0 1835280  83712 727020    0    0     0  8348 20477 131393 68 32  1  0  0  0 2026-09-26 16:14:24
procs -----------memory---------- ---swap-- -----io---- -system-- -------cpu------- -----timestamp-----
 r  b   swpd   free   buff  cache   si   so    bi    bo   in   cs us sy id wa st gu                 UTC
49  0      0 1843120  83712 727868    0    0     0  4600 20106 134714 68 31  2  0  0  0 2026-09-26 16:14:25
 4  0      0 1826740  83712 728604    0    0     0  3348 19085 130382 67 31  2  1  0  0 2026-09-26 16:14:26
53  0      0 1828680  83712 729428    0    0     0  3344 18831 136387 65 32  3  0  0  0 2026-09-26 16:14:27
