2026-10-07T14:19:55+00:00
COMMAND         %CPU   RSS
mysqld           2.2 433700
snapd            0.9 44108
systemd          0.7 12540
systemd-journal  0.3 18792
nginx            0.2 11028
nginx            0.2 11028
kworker/u4:0-fl  0.1     0
systemd          0.0 10864
rcu_preempt      0.0     0
2026-10-07T14:19:57+00:00
COMMAND         %CPU   RSS
bench            7.5 47504
mysqld           3.5 521644
snapd            0.9 44108
systemd          0.7 12540
isuride          0.4 14868
nginx            0.3 11920
systemd-journal  0.3 18792
nginx            0.2 12004
kworker/u4:0-ev  0.1     0
2026-10-07T14:19:59+00:00
COMMAND         %CPU   RSS
bench           10.7 70592
mysqld           4.4 524020
isuride          1.6 16024
snapd            0.8 44108
systemd          0.7 12540
nginx            0.4 12272
nginx            0.4 12584
systemd-journal  0.2 18792
kworker/u4:0-ev  0.1     0
2026-10-07T14:20:01+00:00
COMMAND         %CPU   RSS
bench           14.9 97196
mysqld           5.8 526192
isuride          2.9 17820
snapd            0.8 44108
systemd          0.7 12540
nginx            0.6 13148
nginx            0.6 13040
systemd-journal  0.2 18792
jbd2/sda1-8      0.1     0
2026-10-07T14:20:03+00:00
COMMAND         %CPU   RSS
bench           17.9 139068
mysqld           7.4 529216
isuride          4.2 20096
nginx            0.8 14064
nginx            0.8 13872
snapd            0.8 44108
systemd          0.6 12540
systemd-journal  0.2 18796
jbd2/sda1-8      0.2     0
2026-10-07T14:20:05+00:00
COMMAND         %CPU   RSS
bench           20.0 176164
mysqld           9.3 535332
isuride          5.6 23984
nginx            1.1 15592
nginx            1.0 14952
snapd            0.7 44108
systemd          0.6 12540
jbd2/sda1-8      0.3     0
systemd-journal  0.2 18800
2026-10-07T14:20:07+00:00
COMMAND         %CPU   RSS
bench           22.6 251360
mysqld          11.3 537844
isuride          6.9 26988
nginx            1.3 17216
nginx            1.3 16136
snapd            0.7 44108
systemd          0.6 12540
jbd2/sda1-8      0.4     0
systemd-journal  0.2 18804
2026-10-07T14:20:09+00:00
COMMAND         %CPU   RSS
bench           24.3 309740
mysqld          13.4 539920
isuride          8.2 30664
nginx            1.6 18988
nginx            1.5 17544
snapd            0.7 44108
systemd          0.6 12540
jbd2/sda1-8      0.5     0
kworker/1:1H-kb  0.2     0
2026-10-07T14:20:11+00:00
COMMAND         %CPU   RSS
bench           25.5 370084
mysqld          15.6 542400
isuride          9.6 34396
curl             9.0 12292
nginx            1.9 20416
nginx            1.8 18420
snapd            0.7 44108
systemd          0.6 12540
jbd2/sda1-8      0.5     0
2026-10-07T14:20:13+00:00
COMMAND         %CPU   RSS
bench           25.9 372728
mysqld          17.8 544476
isuride         10.9 36408
nginx            2.1 21880
nginx            2.0 20224
snapd            0.6 44108
jbd2/sda1-8      0.6     0
systemd          0.5 12540
kworker/1:1H-kb  0.3     0
2026-10-07T14:20:15+00:00
COMMAND         %CPU   RSS
bench           26.3 435360
mysqld          19.7 545672
isuride         12.1 38204
nginx            2.2 22660
nginx            2.2 20856
jbd2/sda1-8      0.6     0
snapd            0.6 44108
systemd          0.5 12540
kworker/1:1H-kb  0.3     0
2026-10-07T14:20:17+00:00
COMMAND         %CPU   RSS
bench           26.5 435400
mysqld          21.8 546984
isuride         13.2 41108
nginx            2.4 23076
nginx            2.4 21956
jbd2/sda1-8      0.7     0
snapd            0.6 44108
systemd          0.5 12540
kworker/1:1H-kb  0.3     0
2026-10-07T14:20:19+00:00
COMMAND         %CPU   RSS
bench           27.0 481984
mysqld          23.8 547864
isuride         14.4 43624
nginx            2.6 23540
nginx            2.5 22204
jbd2/sda1-8      0.7     0
snapd            0.6 44108
systemd          0.5 12540
kworker/1:1H-kb  0.3     0
2026-10-07T14:20:21+00:00
COMMAND         %CPU   RSS
bench           27.1 484712
mysqld          25.7 548992
isuride         15.2 44320
nginx            2.7 23964
nginx            2.7 22880
jbd2/sda1-8      0.8     0
snapd            0.6 44108
systemd          0.5 12540
kworker/1:1H-kb  0.4     0
2026-10-07T14:20:24+00:00
COMMAND         %CPU   RSS
mysqld          27.5 550388
bench           27.2 487972
isuride         16.2 45324
nginx            2.9 24580
nginx            2.9 23008
jbd2/sda1-8      0.8     0
snapd            0.5 44108
systemd          0.5 12540
kworker/1:1H-kb  0.4     0
2026-10-07T14:20:26+00:00
COMMAND         %CPU   RSS
mysqld          29.3 551336
bench           27.6 536732
isuride         17.0 46632
curl            10.0 12292
nginx            3.0 24588
nginx            3.0 23996
jbd2/sda1-8      0.9     0
snapd            0.5 44108
systemd          0.5 12540
2026-10-07T14:20:28+00:00
COMMAND         %CPU   RSS
mysqld          31.1 552528
bench           27.6 539768
isuride         17.8 49160
nginx            3.2 25144
nginx            3.1 24452
jbd2/sda1-8      0.9     0
snapd            0.5 44108
kworker/1:1H-kb  0.5     0
systemd          0.4 12540
2026-10-07T14:20:30+00:00
COMMAND         %CPU   RSS
mysqld          32.8 552780
bench           27.9 552172
isuride         18.5 49296
nginx            3.3 25544
nginx            3.3 24484
jbd2/sda1-8      0.9     0
snapd            0.5 44108
kworker/1:1H-kb  0.5     0
systemd          0.4 12540
2026-10-07T14:20:32+00:00
COMMAND         %CPU   RSS
mysqld          34.3 553456
bench           28.2 579488
isuride         19.1 50128
nginx            3.4 25216
nginx            3.4 26188
jbd2/sda1-8      1.0     0
snapd            0.5 44108
kworker/1:1H-kb  0.5     0
systemd          0.4 12540
2026-10-07T14:20:34+00:00
COMMAND         %CPU   RSS
mysqld          35.9 553972
bench           28.2 582300
isuride         19.6 54536
nginx            3.5 26228
nginx            3.5 26500
jbd2/sda1-8      1.0     0
kworker/1:1H-kb  0.5     0
snapd            0.5 44108
systemd          0.4 12540
2026-10-07T14:20:36+00:00
COMMAND         %CPU   RSS
mysqld          37.4 556024
bench           28.3 596720
isuride         20.2 54940
nginx            3.6 26976
nginx            3.6 27252
jbd2/sda1-8      1.0     0
kworker/1:1H-kb  0.5     0
snapd            0.5 44108
systemd          0.4 12540
2026-10-07T14:20:38+00:00
COMMAND         %CPU   RSS
mysqld          38.8 557080
bench           28.6 638644
isuride         20.6 56504
nginx            3.7 26996
nginx            3.7 27708
jbd2/sda1-8      1.1     0
kworker/1:1H-kb  0.5     0
snapd            0.4 44108
kworker/0:1H-kb  0.4     0
2026-10-07T14:20:40+00:00
COMMAND         %CPU   RSS
mysqld          40.0 557876
bench           28.6 639756
isuride         20.9 57584
nginx            3.8 27260
nginx            3.8 28196
curl             1.8 12292
jbd2/sda1-8      1.1     0
kworker/1:1H-kb  0.5     0
snapd            0.4 44108
2026-10-07T14:20:42+00:00
COMMAND         %CPU   RSS
mysqld          41.3 558580
bench           28.5 641096
isuride         21.3 60108
nginx            3.9 27960
nginx            3.9 28436
curl             1.3 12296
jbd2/sda1-8      1.1     0
kworker/1:1H-kb  0.5     0
snapd            0.4 44108
2026-10-07T14:20:44+00:00
COMMAND         %CPU   RSS
mysqld          42.7 560904
bench           28.4 663664
isuride         21.7 60220
nginx            4.0 28740
nginx            3.9 28724
curl             2.0 12304
jbd2/sda1-8      1.2     0
kworker/1:1H-kb  0.5     0
snapd            0.4 44108
2026-10-07T14:20:46+00:00
COMMAND         %CPU   RSS
mysqld          43.9 562132
bench           28.6 710236
isuride         22.1 61296
curl             4.7 12304
nginx            4.1 29108
nginx            4.0 28948
jbd2/sda1-8      1.2     0
kworker/1:1H-kb  0.5     0
kworker/0:1H-kb  0.4     0
2026-10-07T14:20:48+00:00
COMMAND         %CPU   RSS
mysqld          45.0 563636
bench           28.6 712128
isuride         22.3 62908
nginx            4.2 29156
nginx            4.1 29464
curl             1.6     0
jbd2/sda1-8      1.2     0
kworker/1:1H-kb  0.6     0
kworker/0:1H-kb  0.4     0
2026-10-07T14:20:50+00:00
COMMAND         %CPU   RSS
mysqld          46.3 564424
bench           28.5 714332
isuride         22.6 62988
nginx            4.2 29828
nginx            4.1 29956
jbd2/sda1-8      1.2     0
kworker/1:1H-kb  0.6     0
kworker/0:1H-kb  0.4     0
snapd            0.4 44108
2026-10-07T14:20:52+00:00
COMMAND         %CPU   RSS
mysqld          47.3 566152
bench           28.5 718696
isuride         22.9 64028
nginx            4.3 30648
nginx            4.2 30544
jbd2/sda1-8      1.3     0
kworker/1:1H-kb  0.6     0
kworker/0:1H-kb  0.5     0
snapd            0.4 44108
2026-10-07T14:20:54+00:00
COMMAND         %CPU   RSS
mysqld          48.4 566536
bench           28.6 761672
isuride         23.1 66060
nginx            4.3 30880
nginx            4.2 30848
curl             1.8 12300
jbd2/sda1-8      1.3     0
kworker/1:1H-kb  0.6     0
kworker/0:1H-kb  0.5     0
2026-10-07T14:20:56+00:00
COMMAND         %CPU   RSS
mysqld          49.5 567480
bench           28.7 762224
isuride         23.3 67080
nginx            4.4 31032
nginx            4.3 31384
jbd2/sda1-8      1.3     0
kworker/1:1H-kb  0.6     0
kworker/0:1H-kb  0.5     0
snapd            0.4 44108
2026-10-07T14:20:58+00:00
COMMAND         %CPU   RSS
mysqld          50.2 567996
bench           28.4 764312
isuride         23.4 67720
nginx            4.4 31100
nginx            4.3 31576
jbd2/sda1-8      1.3     0
kworker/1:1H-kb  0.6     0
kworker/0:1H+kb  0.5     0
snapd            0.4 44108
2026-10-07T14:21:00+00:00
COMMAND         %CPU   RSS
mysqld          49.4 568016
bench           27.5 764576
isuride         22.9 67720
nginx            4.3 31104
nginx            4.2 31576
jbd2/sda1-8      1.3     0
kworker/1:1H-kb  0.6     0
kworker/0:1H-kb  0.5     0
snapd            0.3 44108
