procs -----------memory---------- ---swap-- -----io---- -system-- -------cpu------- -----timestamp-----
 r  b   swpd   free   buff  cache   si   so    bi    bo   in   cs us sy id wa st gu                 UTC
 1  1      0 2861752  21300 520496    0    0  9165   792 1184    9  5  5 90  1  0  0 2026-10-07 14:19:55
 1  0      0 2734072  27556 572316    0    0 20500 61448 12735 23818 26 11 42 21  0  0 2026-10-07 14:19:56
 6  0      0 2670816  30676 573036    0    0   532 10124 16890 42074 19 11 65  5  0  0 2026-10-07 14:19:57
 7  0      0 2663340  34228 574996    0    0     0 12204 15969 45237 17 13 67  3  0  0 2026-10-07 14:19:58
 3  1      0 2649164  38516 576480    0    0     0 14644 17399 56257 22 19 55  4  0  0 2026-10-07 14:19:59
 7  1      0 2627016  43676 578260    0    0     0 17380 19835 66805 26 24 46  4  0  0 2026-10-07 14:20:00
 0  0      0 2604628  48800 580156    0    0     0 19232 20542 71520 32 24 40  4  0  0 2026-10-07 14:20:01
 6  0      0 2574192  52336 582420    0    0     0 18840 20460 73042 36 26 33  5  0  0 2026-10-07 14:20:02
 0  1      0 2544964  55784 586636    0    0     0 23360 23476 84104 37 28 30  5  0  0 2026-10-07 14:20:03
 6  0      0 2513000  59092 589128    0    0     0 22428 21663 82741 42 29 25  4  0  0 2026-10-07 14:20:04
 0  0      0 2482088  62404 592000    0    0     0 23428 22299 90564 43 30 23  4  0  0 2026-10-07 14:20:05
 6  0      0 2432516  65672 594664    0    0     0 23928 21959 85985 48 35 11  5  0  0 2026-10-07 14:20:06
11  1      0 2391736  67824 598636    0    0   120 24704 23478 90666 52 33 11  5  0  0 2026-10-07 14:20:07
16  1      0 2372668  70000 601556    0    0     0 26344 23190 92752 53 36  7  4  0  0 2026-10-07 14:20:08
32  0      0 2307780  71956 604568    0    0     0 25736 22518 91505 56 32  8  4  0  0 2026-10-07 14:20:09
35  0      0 2295264  74056 607720    0    0     0 26480 23975 98341 54 35  7  4  0  0 2026-10-07 14:20:10
41  1      0 2225996  75196 610676    0    0     0 24608 21825 86513 57 36  5  2  0  0 2026-10-07 14:20:11
36  1      0 2219044  76164 613888    0    0     0 30836 22160 97370 57 37  4  2  0  0 2026-10-07 14:20:12
16  0      0 2206936  77184 618372    0    0     0 25984 22967 92981 57 34  7  2  0  0 2026-10-07 14:20:13
25  1      0 2152008  78268 622568    0    0     0 26428 24025 98382 53 35  9  3  0  0 2026-10-07 14:20:14
20  1      0 2126684  79220 625620    0    0     0 23660 22734 94782 58 32  7  2  0  0 2026-10-07 14:20:15
procs -----------memory---------- ---swap-- -----io---- -system-- -------cpu------- -----timestamp-----
 r  b   swpd   free   buff  cache   si   so    bi    bo   in   cs us sy id wa st gu                 UTC
22  0      0 2123748  79836 628500    0    0     0 25700 23787 95295 54 36  6  3  0  0 2026-10-07 14:20:16
38  1      0 2116720  80348 631580    0    0     0 27184 22408 93715 58 37  4  2  0  0 2026-10-07 14:20:17
16  0      0 2100168  80948 634996    0    0     0 26112 24020 108054 56 38  4  2  0  0 2026-10-07 14:20:18
43  0      0 2052568  81496 638416    0    0     0 25572 20384 101426 62 36  2  0  0  0 2026-10-07 14:20:19
39  0      0 2048428  81916 641584    0    0     0 25304 22964 99914 56 36  6  2  0  0 2026-10-07 14:20:20
33  1      0 2046916  82292 644736    0    0     0 26600 22773 99232 56 37  5  3  0  0 2026-10-07 14:20:21
24  2      0 2032348  82580 648768    0    0     0 29884 22719 97274 57 36  5  2  0  0 2026-10-07 14:20:22
13  1      0 2026556  82916 653084    0    0     0 26072 22334 101144 60 35  4  1  0  0 2026-10-07 14:20:23
14  1      0 1984656  83208 656304    0    0     0 23208 21917 103662 61 37  2  0  0  0 2026-10-07 14:20:24
22  0      0 1966768  83400 659616    0    0    12 24628 21621 98316 62 35  2  1  0  0 2026-10-07 14:20:25
15  1      0 1959936  83536 662784    0    0     0 22544 19619 86903 64 34  1  1  0  0 2026-10-07 14:20:26
47  0      0 1951168  83672 667012    0    0     0 25984 22661 100947 58 36  5  1  0  0 2026-10-07 14:20:27
26  1      0 1945404  83932 670296    0    0    92 25728 22528 101047 61 36  3  1  0  0 2026-10-07 14:20:28
12  0      0 1934568  84128 673232    0    0     0 24372 20306 87734 61 36  3  1  0  0 2026-10-07 14:20:29
20  1      0 1900112  84232 675920    0    0     0 25892 20713 90442 64 34  2  1  0  0 2026-10-07 14:20:30
 7  1      0 1894316  84328 678740    0    0     0 26180 20880 90886 61 36  3  1  0  0 2026-10-07 14:20:31
 7  1      0 1885496  84432 683572    0    0     0 33716 20057 87263 60 35  4  2  0  0 2026-10-07 14:20:32
15  1      0 1875976  84568 686720    0    0     0 24236 21438 95413 62 35  3  1  0  0 2026-10-07 14:20:33
29  1      0 1868940  84664 689832    0    0     0 24132 21331 99214 62 35  2  1  0  0 2026-10-07 14:20:34
37  0      0 1859676  84732 692732    0    0     0 24384 19954 88585 62 36  2  1  0  0 2026-10-07 14:20:35
40  0      0 1805500  84788 702864    0    0     0 30488 18605 80584 63 34  2  1  0  0 2026-10-07 14:20:36
procs -----------memory---------- ---swap-- -----io---- -system-- -------cpu------- -----timestamp-----
 r  b   swpd   free   buff  cache   si   so    bi    bo   in   cs us sy id wa st gu                 UTC
21  1      0 1790136  84820 705672    0    0     0 22240 19005 85188 64 33  3  1  0  0 2026-10-07 14:20:37
27  0      0 1785852  84896 708472    0    0     0 24624 20918 91601 63 31  5  2  0  0 2026-10-07 14:20:38
13  0      0 1779564  84948 712160    0    0     0 25356 21803 85942 58 30  9  3  0  0 2026-10-07 14:20:39
41  0      0 1774524  84996 714732    0    0     0 25296 20584 82564 60 31  7  3  0  0 2026-10-07 14:20:40
35  0      0 1769736  85020 717068    0    0     0 22676 20947 84928 60 31  6  2  0  0 2026-10-07 14:20:41
53  0      0 1762888  85060 721008    0    0     0 31088 19035 83804 62 35  2  1  0  0 2026-10-07 14:20:42
39  1      0 1743568  85120 726048    0    0     0 26880 21079 92505 61 35  3  1  0  0 2026-10-07 14:20:43
46  0      0 1696992  85156 728988    0    0     0 24192 20343 91400 62 36  2  1  0  0 2026-10-07 14:20:44
15  1      0 1678176  85168 732156    0    0   128 24440 19077 86862 64 35  1  0  0  0 2026-10-07 14:20:45
10  1      0 1671124  85176 734452    0    0     0 24176 20627 81602 65 30  3  2  0  0 2026-10-07 14:20:46
12  0      0 1665864  85188 736716    0    0     0 24820 20233 76810 60 31  6  3  0  0 2026-10-07 14:20:47
15  1      0 1659564  85204 740252    0    0     0 23036 19716 83627 64 31  5  1  0  0 2026-10-07 14:20:48
35  0      0 1655280  85212 743068    0    0     0 21616 19061 85431 66 31  3  1  0  0 2026-10-07 14:20:49
35  1      0 1649748  85232 746832    0    0     0 27376 20863 90752 62 35  3  1  0  0 2026-10-07 14:20:50
15  0      0 1638448  85244 750264    0    0     0 25720 19882 85328 60 34  4  2  0  0 2026-10-07 14:20:51
50  0      0 1629880  85244 753892    0    0     0 24320 19957 84083 62 33  4  2  0  0 2026-10-07 14:20:52
42  0      0 1585556  85248 757612    0    0     0 29360 18943 83878 64 32  4  1  0  0 2026-10-07 14:20:53
52  0      0 1579536  85252 760588    0    0     0 22380 20007 84960 65 31  4  1  0  0 2026-10-07 14:20:54
29  0      0 1576764  85272 763052    0    0     0 22444 19248 83251 67 30  3  1  0  0 2026-10-07 14:20:55
11  0      0 1572004  85284 765408    0    0     0 23032 19563 79479 65 32  2  1  0  0 2026-10-07 14:20:56
 1  0      0 1569736  85284 766920    0    0     0 20820 17107 69616 47 26 25  2  0  0 2026-10-07 14:20:57
procs -----------memory---------- ---swap-- -----io---- -system-- -------cpu------- -----timestamp-----
 r  b   swpd   free   buff  cache   si   so    bi    bo   in   cs us sy id wa st gu                 UTC
 0  0      0 1565704  85284 767104    0    0     0  7612 13551 30976  9  6 83  2  0  0 2026-10-07 14:20:58
 2  0      0 1565704  85284 767112    0    0     0  5196 9257 19136  5  2 92  1  0  0 2026-10-07 14:20:59
 0  0      0 1565452  85288 767112    0    0     0  4952 8332 17300  4  2 93  1  0  0 2026-10-07 14:21:00
 1  0      0 1565452  85288 767112    0    0     0  4552 9541 19676  6  4 89  2  0  0 2026-10-07 14:21:01
