2026-09-27T09:05:26+00:00
COMMAND         %CPU   RSS
mysqld           2.1 433908
systemd          1.0 12528
systemd-journal  0.2 22348
nginx            0.2  7888
snapd            0.2 41236
nginx            0.1  7888
systemd          0.1 10852
kworker/u4:1-fl  0.1     0
ModemManager     0.0 11988
2026-09-27T09:05:28+00:00
COMMAND         %CPU   RSS
bench            9.0 48088
mysqld           3.8 522080
systemd          0.9 12528
isuride          0.7 14568
nginx            0.3  8672
nginx            0.3  8520
systemd-journal  0.3 22348
snapd            0.2 41236
systemd          0.1 10852
2026-09-27T09:05:30+00:00
COMMAND         %CPU   RSS
bench           14.7 69748
mysqld           5.4 525436
isuride          2.4 15164
systemd          0.9 12528
nginx            0.6  8712
nginx            0.6  8732
systemd-journal  0.2 22352
snapd            0.2 41236
jbd2/sda1-8      0.1     0
2026-09-27T09:05:32+00:00
COMMAND         %CPU   RSS
curl            33.3 12304
bench           18.1 104856
mysqld           7.9 528232
isuride          4.5 15916
nginx            1.0  9172
nginx            0.9  9176
systemd          0.8 12528
systemd-journal  0.2 22352
jbd2/sda1-8      0.2     0
2026-09-27T09:05:34+00:00
COMMAND         %CPU   RSS
bench           21.0 140596
mysqld          10.5 534992
isuride          6.5 17536
nginx            1.3  9720
nginx            1.3  9700
systemd          0.8 12528
jbd2/sda1-8      0.3     0
systemd-journal  0.2 22356
snapd            0.2 41236
2026-09-27T09:05:36+00:00
COMMAND         %CPU   RSS
bench           23.0 174868
mysqld          13.5 536848
isuride          8.7 17964
nginx            1.7 10184
nginx            1.7 10252
systemd          0.8 12528
jbd2/sda1-8      0.4     0
systemd-journal  0.2 22356
snapd            0.2 41236
2026-09-27T09:05:38+00:00
COMMAND         %CPU   RSS
bench           24.8 218728
mysqld          16.3 538856
isuride         10.5 20460
nginx            2.1 11136
nginx            2.1 11012
systemd          0.7 12528
jbd2/sda1-8      0.5     0
systemd-journal  0.2 22360
kworker/1:1H+kb  0.2     0
2026-09-27T09:05:40+00:00
COMMAND         %CPU   RSS
bench           25.9 243896
mysqld          19.1 540468
isuride         12.3 21712
nginx            2.5 11844
nginx            2.4 11580
systemd          0.7 12528
jbd2/sda1-8      0.6     0
kworker/0:1H-kb  0.3     0
kworker/1:1H-kb  0.2     0
2026-09-27T09:05:42+00:00
COMMAND         %CPU   RSS
bench           26.3 270480
mysqld          21.4 541732
curl            16.6 12296
isuride         13.8 21528
nginx            2.8 12360
nginx            2.7 12048
systemd          0.7 12528
jbd2/sda1-8      0.7     0
kworker/0:1H-kb  0.3     0
2026-09-27T09:05:44+00:00
COMMAND         %CPU   RSS
bench           26.9 293160
mysqld          23.9 542768
isuride         15.3 22460
nginx            3.1 12824
nginx            3.1 12724
jbd2/sda1-8      0.7     0
systemd          0.7 12528
kworker/0:1H-kb  0.3     0
kworker/1:1H-kb  0.3     0
2026-09-27T09:05:46+00:00
COMMAND         %CPU   RSS
bench           27.4 312704
mysqld          26.3 544148
isuride         16.7 24468
nginx            3.4 13292
nginx            3.4 13104
jbd2/sda1-8      0.8     0
systemd          0.6 12528
kworker/0:1H-kb  0.4     0
kworker/1:1H-kb  0.3     0
2026-09-27T09:05:48+00:00
COMMAND         %CPU   RSS
mysqld          28.4 545184
bench           27.9 334788
isuride         18.0 24948
nginx            3.8 13632
nginx            3.6 13564
jbd2/sda1-8      0.9     0
systemd          0.6 12528
kworker/0:1H-kb  0.4     0
kworker/1:1H-kb  0.3     0
2026-09-27T09:05:50+00:00
COMMAND         %CPU   RSS
mysqld          30.2 546392
bench           28.3 348360
isuride         19.0 26016
nginx            4.0 14096
nginx            3.9 13924
jbd2/sda1-8      0.9     0
systemd          0.6 12528
kworker/0:1H-kb  0.4     0
kworker/1:1H-kb  0.3     0
2026-09-27T09:05:52+00:00
COMMAND         %CPU   RSS
mysqld          32.0 547372
bench           28.7 370904
isuride         19.9 26740
nginx            4.2 14396
nginx            4.1 14264
jbd2/sda1-8      1.0     0
systemd          0.6 12528
kworker/0:1H-kb  0.4     0
kworker/1:1H-kb  0.3     0
2026-09-27T09:05:54+00:00
COMMAND         %CPU   RSS
mysqld          33.7 548232
bench           29.1 387104
isuride         20.8 29112
curl            11.1 12280
nginx            4.5 15128
nginx            4.3 14588
jbd2/sda1-8      1.0     0
systemd          0.5 12528
kworker/0:1H-kb  0.5     0
2026-09-27T09:05:56+00:00
COMMAND         %CPU   RSS
mysqld          35.3 549204
bench           29.5 405524
isuride         21.5 31180
nginx            4.8 15824
nginx            4.6 15140
jbd2/sda1-8      1.1     0
systemd          0.5 12528
kworker/0:1H-kb  0.5     0
kworker/1:1H-kb  0.4     0
2026-09-27T09:05:58+00:00
COMMAND         %CPU   RSS
mysqld          36.7 551144
bench           29.9 446448
isuride         22.2 32096
curl             5.2 12304
nginx            5.0 16204
nginx            4.8 15292
jbd2/sda1-8      1.1     0
systemd          0.5 12528
kworker/0:1H-kb  0.5     0
2026-09-27T09:06:00+00:00
COMMAND         %CPU   RSS
mysqld          38.1 552388
bench           30.5 482192
isuride         22.8 33528
nginx            5.3 16300
nginx            5.0 15520
jbd2/sda1-8      1.1     0
kworker/0:1H-kb  0.5     0
systemd          0.5 12528
kworker/1:1H-kb  0.4     0
2026-09-27T09:06:02+00:00
COMMAND         %CPU   RSS
mysqld          39.5 553312
bench           30.6 483124
isuride         23.5 34548
nginx            5.5 16776
nginx            5.2 16228
jbd2/sda1-8      1.2     0
kworker/0:1H-kb  0.5     0
systemd          0.5 12528
kworker/1:1H-kb  0.4     0
2026-09-27T09:06:04+00:00
COMMAND         %CPU   RSS
mysqld          40.8 554028
bench           30.9 509068
isuride         24.0 35936
nginx            5.7 17088
nginx            5.3 16600
curl             5.0 12304
jbd2/sda1-8      1.2     0
kworker/0:1H-kb  0.5     0
systemd          0.5 12528
2026-09-27T09:06:07+00:00
COMMAND         %CPU   RSS
mysqld          42.0 554896
bench           31.1 517000
isuride         24.5 35420
nginx            5.9 17100
nginx            5.5 16800
curl             4.1 12304
jbd2/sda1-8      1.2     0
kworker/0:1H-kb  0.5     0
kworker/1:1H-kb  0.5     0
2026-09-27T09:06:09+00:00
COMMAND         %CPU   RSS
mysqld          43.0 555912
bench           31.4 524256
isuride         25.0 37728
curl             9.0 12288
nginx            6.1 17200
nginx            5.7 17172
jbd2/sda1-8      1.3     0
kworker/0:1H-kb  0.6     0
kworker/1:1H-kb  0.5     0
2026-09-27T09:06:11+00:00
COMMAND         %CPU   RSS
mysqld          44.1 557720
bench           31.7 543276
isuride         25.5 37424
nginx            6.2 17200
nginx            5.9 17180
curl             4.1 12304
jbd2/sda1-8      1.3     0
kworker/0:1H-kb  0.6     0
kworker/1:1H-kb  0.5     0
2026-09-27T09:06:13+00:00
COMMAND         %CPU   RSS
mysqld          45.0 558220
bench           31.8 546968
isuride         25.9 39520
nginx            6.4 17272
nginx            6.1 17280
curl             2.6 12304
jbd2/sda1-8      1.3     0
kworker/0:1H-kb  0.6     0
kworker/1:1H-kb  0.5     0
2026-09-27T09:06:15+00:00
COMMAND         %CPU   RSS
mysqld          46.0 559080
bench           32.1 570516
isuride         26.3 36508
nginx            6.6 17272
nginx            6.4 17280
jbd2/sda1-8      1.4     0
kworker/0:1H-kb  0.6     0
kworker/1:1H-kb  0.5     0
systemd          0.4 12528
2026-09-27T09:06:17+00:00
COMMAND         %CPU   RSS
mysqld          46.9 559708
bench           32.4 591288
isuride         26.6 40376
nginx            6.8 17308
nginx            6.5 17288
jbd2/sda1-8      1.4     0
kworker/0:1H-kb  0.6     0
kworker/1:1H-kb  0.5     0
systemd          0.4 12528
2026-09-27T09:06:19+00:00
COMMAND         %CPU   RSS
mysqld          47.8 560384
bench           32.5 592932
isuride         27.0 39752
nginx            6.9 17348
nginx            6.7 17524
curl             4.0 12304
jbd2/sda1-8      1.4     0
kworker/0:1H-kb  0.6     0
kworker/1:1H-kb  0.5     0
2026-09-27T09:06:21+00:00
COMMAND         %CPU   RSS
mysqld          48.6 561312
bench           32.7 609712
isuride         27.3 39388
nginx            7.1 17348
nginx            6.9 17524
curl             2.3 12300
jbd2/sda1-8      1.4     0
kworker/0:1H-kb  0.6     0
kworker/1:1H-kb  0.6     0
2026-09-27T09:06:23+00:00
COMMAND         %CPU   RSS
mysqld          49.4 562768
bench           32.7 611460
isuride         27.7 41632
curl            25.0 12304
nginx            7.3 17452
nginx            7.1 17524
jbd2/sda1-8      1.4     0
kworker/0:1H-kb  0.7     0
kworker/1:1H-kb  0.5     0
2026-09-27T09:06:25+00:00
COMMAND         %CPU   RSS
mysqld          50.1 564340
bench           33.0 624564
isuride         27.9 43132
nginx            7.5 17504
nginx            7.3 17524
jbd2/sda1-8      1.5     0
kworker/0:1H-kb  0.7     0
kworker/1:1H-kb  0.6     0
systemd          0.4 12528
2026-09-27T09:06:27+00:00
COMMAND         %CPU   RSS
mysqld          50.9 565788
bench           33.1 627368
isuride         28.2 42336
nginx            7.7 17504
nginx            7.5 17524
curl             2.8 12300
jbd2/sda1-8      1.5     0
kworker/0:1H-kb  0.7     0
kworker/1:1H-kb  0.6     0
2026-09-27T09:06:29+00:00
COMMAND         %CPU   RSS
mysqld          51.6 566676
bench           33.3 643532
isuride         28.5 29924
nginx            7.8 17504
nginx            7.6 17524
curl             4.7 12304
jbd2/sda1-8      1.5     0
kworker/0:1H-kb  0.7     0
kworker/1:1H-kb  0.6     0
2026-09-27T09:06:31+00:00
COMMAND         %CPU   RSS
mysqld          52.0 566676
bench           33.5 681528
isuride         29.0 28668
nginx            8.0 17504
nginx            7.8 17524
jbd2/sda1-8      1.5     0
kworker/0:1H-kb  0.7     0
kworker/1:1H-kb  0.6     0
systemd          0.3 12528
