procs -----------memory---------- ---swap-- -----io---- -system-- -------cpu------- -----timestamp-----
 r  b   swpd   free   buff  cache   si   so    bi    bo   in   cs us sy id wa st gu                 UTC
 3  1      0 2958940  20584 432988    0    0 10392  1080 1218   88  6  4 90  1  0  0 2026-09-27 09:05:26
 5  0      0 2826956  26720 480644    0    0 20804 55016 12870 24883 27  9 43 20  0  0 2026-09-27 09:05:27
 0  0      0 2771676  30636 482404    0    0   492 18552 26762 69826 19 16 59  6  0  0 2026-09-27 09:05:28
 2  0      0 2779192  34412 483588    0    0    40 13776 26717 77082 24 20 52  4  0  0 2026-09-27 09:05:29
13  0      0 2754768  39596 486388    0    0     0 19964 32500 101379 27 29 40  4  0  0 2026-09-27 09:05:30
 8  1      0 2725448  45412 488404    0    0     0 23825 29391 110384 38 32 27  4  0  0 2026-09-27 09:05:31
 4  0      0 2696004  48860 491788    0    0    76 22804 30579 119508 35 35 27  3  0  0 2026-09-27 09:05:32
11  1      0 2668648  52464 494152    0    0    92 23612 26620 112974 45 34 17  3  0  0 2026-09-27 09:05:33
15  0      0 2634196  57132 497540    0    0     0 29004 24246 100970 48 35 10  7  0  0 2026-09-27 09:05:34
20  0      0 2609064  61240 499948    0    0     0 27088 25657 110706 51 38  8  4  0  0 2026-09-27 09:05:35
11  1      0 2580840  64188 502664    0    0     0 44572 25129 109912 52 43  4  1  0  0 2026-09-27 09:05:36
41  1      0 2553748  66700 506488    0    0    16 26968 23217 102850 54 39  5  2  0  0 2026-09-27 09:05:37
26  1      0 2519728  69456 509228    0    0   120 27316 22685 105099 53 39  5  3  0  0 2026-09-27 09:05:38
 8  1      0 2501080  71300 511784    0    0     0 25488 21985 98757 53 41  4  2  0  0 2026-09-27 09:05:39
13  1      0 2480676  73036 514504    0    0     0 29784 20934 106866 54 43  2  1  0  0 2026-09-27 09:05:40
46  0      0 2452524  74728 516816    0    0     0 26668 22362 102309 51 39  6  3  0  0 2026-09-27 09:05:41
33  1      0 2443740  76376 519564    0    0     0 32496 22380 105323 52 41  3  4  0  0 2026-09-27 09:05:42
16  0      0 2416076  77380 522144    0    0     0 30024 22319 102922 57 41  2  1  0  0 2026-09-27 09:05:43
11  1      0 2412408  78240 524412    0    0     0 24428 17957 80098 55 43  1  1  0  0 2026-09-27 09:05:44
59  1      0 2405272  79260 528076    0    0     0 29788 22239 105217 52 45  2  1  0  0 2026-09-27 09:05:45
54  0      0 2378948  79900 530792    0    0    12 26696 20586 92673 60 40  1  0  0  0 2026-09-27 09:05:46
procs -----------memory---------- ---swap-- -----io---- -system-- -------cpu------- -----timestamp-----
 r  b   swpd   free   buff  cache   si   so    bi    bo   in   cs us sy id wa st gu                 UTC
44  0      0 2374876  80368 534564    0    0     0 36100 21246 102188 58 40  2  1  0  0 2026-09-27 09:05:47
24  0      0 2346500  80964 537740    0    0     0 27584 20108 104251 58 40  1  1  0  0 2026-09-27 09:05:48
28  1      0 2341624  81516 540596    0    0     0 27808 19965 94210 55 41  3  1  0  0 2026-09-27 09:05:49
12  0      0 2325568  81896 543612    0    0     0 28064 21470 99839 55 39  4  2  0  0 2026-09-27 09:05:50
55  1      0 2317720  82204 546808    0    0     0 27816 21512 97290 55 41  3  2  0  0 2026-09-27 09:05:51
11  0      0 2295644  82476 549744    0    0     0 25640 20283 94677 58 39  3  1  0  0 2026-09-27 09:05:52
56  0      0 2279812  82680 552904    0    0     0 25272 19964 98517 60 38  2  1  0  0 2026-09-27 09:05:53
50  0      0 2268784  82888 555968    0    0     0 27044 20074 94593 57 40  3  1  0  0 2026-09-27 09:05:54
25  0      0 2237032  83064 558944    0    0     0 25140 19938 94308 58 38  3  1  0  0 2026-09-27 09:05:55
41  0      0 2232048  83252 562008    0    0     0 27512 20766 96898 54 41  4  2  0  0 2026-09-27 09:05:56
56  1      0 2186040  83392 565032    0    0     0 34348 20624 95931 59 39  2  1  0  0 2026-09-27 09:05:57
51  0      0 2177004  83572 570128    0    0     0 29920 20562 101671 58 40  2  1  0  0 2026-09-27 09:05:58
27  0      0 2170508  83684 573008    0    0     0 28608 19310 98016 58 40  1  1  0  0 2026-09-27 09:05:59
30  0      0 2131308  83804 575904    0    0     0 31072 19559 93722 60 39  1  0  0  0 2026-09-27 09:06:00
37  0      0 2126656  83928 579040    0    0     0 31948 18125 95558 57 41  1  1  0  0 2026-09-27 09:06:01
24  1      0 2124096  83960 582080    0    0     0 26904 19938 94510 59 38  3  1  0  0 2026-09-27 09:06:02
 8  1      0 2101928  84012 585072    0    0     0 28856 19654 97361 57 40  2  1  0  0 2026-09-27 09:06:03
10  0      0 2086084  84088 587832    0    0     0 27664 18762 88598 57 38  3  1  0  0 2026-09-27 09:06:04
15  1      0 2081592  84144 590728    0    0     0 29476 19464 94747 57 41  2  1  0  0 2026-09-27 09:06:05
22  0      0 2076248  84216 593608    0    0     0 28128 19173 89290 60 38  1  1  0  0 2026-09-27 09:06:06
45  0      0 2059280  84268 596400    0    0     0 38364 19869 92653 59 40  1  1  0  0 2026-09-27 09:06:07
procs -----------memory---------- ---swap-- -----io---- -system-- -------cpu------- -----timestamp-----
 r  b   swpd   free   buff  cache   si   so    bi    bo   in   cs us sy id wa st gu                 UTC
12  0      0 2057016  84316 599348    0    0     0 27896 21845 91835 55 41  3  1  0  0 2026-09-27 09:06:08
 8  1      0 2046560  84344 601928    0    0     0 26708 18083 87458 58 40  2  1  0  0 2026-09-27 09:06:09
22  1      0 2028724  84376 604848    0    0     0 26324 18724 88087 62 36  1  1  0  0 2026-09-27 09:06:10
19  1      0 2021244  84416 609644    0    0     0 30036 21202 86677 60 38  2  1  0  0 2026-09-27 09:06:11
30  0      0 2013388  84432 613504    0    0     0 25640 21007 90650 60 38  2  1  0  0 2026-09-27 09:06:12
39  0      0 1986928  84432 616136    0    0     0 25944 17778 84994 60 39  1  1  0  0 2026-09-27 09:06:13
19  1      0 1991548  84440 618816    0    0     0 25552 19782 89201 58 41  1  0  0  0 2026-09-27 09:06:14
13  0      0 1981316  84448 621356    0    0     0 27260 19798 88819 59 40  1  1  0  0 2026-09-27 09:06:15
52  0      0 1967732  84464 624044    0    0     0 26448 20383 90110 60 40  1  0  0  0 2026-09-27 09:06:16
46  1      0 1951988  84468 626692    0    0     0 34332 17748 83912 63 37  1  1  0  0 2026-09-27 09:06:17
30  0      0 1948208  84468 629652    0    0     0 24968 18819 89010 60 39  1  0  0  0 2026-09-27 09:06:18
38  0      0 1944220  84468 632296    0    0     0 24924 18294 80264 57 42  0  0  0  0 2026-09-27 09:06:19
36  0      0 1924208  84468 634756    0    0    20 24292 19098 81752 62 38  0  0  0  0 2026-09-27 09:06:20
36  1      0 1918188  84480 637448    0    0     0 25568 18960 87536 60 40  1  0  0  0 2026-09-27 09:06:21
43  0      0 1902980  84480 647660    0    0     0 32868 20546 83734 60 38  1  0  0  0 2026-09-27 09:06:22
50  0      0 1900200  84488 650412    0    0     0 24372 19990 87790 60 39  1  0  0  0 2026-09-27 09:06:23
38  1      0 1885340  84496 655008    0    0     0 27088 16695 83484 64 36  1  0  0  0 2026-09-27 09:06:24
23  0      0 1878656  84500 657616    0    0     0 24632 17966 80144 60 40  0  0  0  0 2026-09-27 09:06:25
23  1      0 1873880  84504 661380    0    0     0 24572 19026 82140 63 37  1  0  0  0 2026-09-27 09:06:26
25  1      0 1854584  84512 663992    0    0     0 33312 17257 76417 65 35  0  0  0  0 2026-09-27 09:06:27
 5  1      0 1850832  84512 665900    0    0     0 20844 19218 97723 63 36  1  0  0  0 2026-09-27 09:06:28
procs -----------memory---------- ---swap-- -----io---- -system-- -------cpu------- -----timestamp-----
 r  b   swpd   free   buff  cache   si   so    bi    bo   in   cs us sy id wa st gu                 UTC
 6  0      0 1853384  84512 667376    0    0     0  8068 17833 114891 64 34  1  0  0  0 2026-09-27 09:06:29
54  0      0 1841448  84512 668960    0    0     0  4508 14882 120570 64 34  2  0  0  0 2026-09-27 09:06:30
11  0      0 1827560  84512 670608    0    0     0  4308 16907 115070 66 33  2  0  0  0 2026-09-27 09:06:31
32  0      0 1822084  84512 672328    0    0     0  4016 16151 122136 63 35  3  0  0  0 2026-09-27 09:06:32
