time=19:30:18.196 level=DEBUG source=/tmp/isucon14/bench/cmd/run.go:90 msg=target targetURL=https://isuride.xiv.isucon.net targetAddr=127.0.0.1:443 benchrun.GetTargetAddress()="" paymentURL=http://127.0.0.1:12346
time=19:30:18.196 level=INFO msg=負荷走行を開始します
time=19:30:20.911 level=DEBUG source=/tmp/isucon14/bench/benchmarker/scenario/scenario.go:315 msg=時間経過 tick=60
time=19:30:20.911 level=DEBUG source=/tmp/isucon14/bench/benchmarker/scenario/scenario.go:317 msg=eval reqs=0 score="[0 0 0 0 0]" criteria="[0 0 0 0]"
time=19:30:22.710 level=DEBUG source=/tmp/isucon14/bench/benchmarker/scenario/scenario.go:315 msg=時間経過 tick=120
time=19:30:22.710 level=DEBUG source=/tmp/isucon14/bench/benchmarker/scenario/scenario.go:317 msg=eval reqs=0 score="[0 0 0 0 0]" criteria="[0 0 0 0]"
time=19:30:24.511 level=DEBUG source=/tmp/isucon14/bench/benchmarker/scenario/scenario.go:315 msg=時間経過 tick=180
time=19:30:24.511 level=DEBUG source=/tmp/isucon14/bench/benchmarker/scenario/scenario.go:317 msg=eval reqs=4 score="[0 0 2 2 0]" criteria="[2 0 4 4]"
time=19:30:24.511 level=INFO msg=これまでに地域内の評判によって3人、既存ユーザーの招待経由で2人が新規登録しました
time=19:30:24.511 level=INFO msg=50.0%のライドは椅子がマッチされるまでの時間、100.0%のライドはマッチされた椅子が乗車地点までに掛かる時間、0.0%のライドは椅子の実移動時間に不満がありました
time=19:30:26.311 level=DEBUG source=/tmp/isucon14/bench/benchmarker/scenario/scenario.go:315 msg=時間経過 tick=240
time=19:30:26.311 level=DEBUG source=/tmp/isucon14/bench/benchmarker/scenario/scenario.go:317 msg=eval reqs=5 score="[0 0 2 3 0]" criteria="[3 0 5 5]"
time=19:30:28.110 level=DEBUG source=/tmp/isucon14/bench/benchmarker/scenario/scenario.go:315 msg=時間経過 tick=300
time=19:30:28.110 level=DEBUG source=/tmp/isucon14/bench/benchmarker/scenario/scenario.go:317 msg=eval reqs=7 score="[0 0 4 3 0]" criteria="[3 0 7 7]"
time=19:30:29.889 level=INFO msg=一定の売上が立ったためオーナーの椅子が増加します 名前="Urban Wheels" 増加数=1
time=19:30:29.894 level=INFO msg=一定の売上が立ったためオーナーの椅子が増加します 名前=暮らしの椅子研究所 増加数=1
time=19:30:29.910 level=INFO msg=これまでに地域内の評判によって9人、既存ユーザーの招待経由で5人が新規登録しました
time=19:30:29.910 level=INFO msg=54.5%のライドは椅子がマッチされるまでの時間、100.0%のライドはマッチされた椅子が乗車地点までに掛かる時間、0.0%のライドは椅子の実移動時間に不満がありました
time=19:30:29.910 level=DEBUG source=/tmp/isucon14/bench/benchmarker/scenario/scenario.go:315 msg=時間経過 tick=360
time=19:30:29.910 level=DEBUG source=/tmp/isucon14/bench/benchmarker/scenario/scenario.go:317 msg=eval reqs=11 score="[0 0 6 5 0]" criteria="[5 0 11 11]"
time=19:30:31.696 level=INFO msg=一定の売上が立ったためオーナーの椅子が増加します 名前=PulseRide 増加数=1
time=19:30:31.710 level=DEBUG source=/tmp/isucon14/bench/benchmarker/scenario/scenario.go:315 msg=時間経過 tick=420
time=19:30:31.710 level=DEBUG source=/tmp/isucon14/bench/benchmarker/scenario/scenario.go:317 msg=eval reqs=15 score="[0 0 9 6 0]" criteria="[6 0 15 15]"
time=19:30:33.510 level=DEBUG source=/tmp/isucon14/bench/benchmarker/scenario/scenario.go:315 msg=時間経過 tick=480
time=19:30:33.510 level=DEBUG source=/tmp/isucon14/bench/benchmarker/scenario/scenario.go:317 msg=eval reqs=18 score="[0 0 11 7 0]" criteria="[7 0 18 18]"
time=19:30:35.288 level=INFO msg=一定の売上が立ったためオーナーの椅子が増加します 名前=街のりタクシー 増加数=1
time=19:30:35.310 level=DEBUG source=/tmp/isucon14/bench/benchmarker/scenario/scenario.go:315 msg=時間経過 tick=540
time=19:30:35.311 level=DEBUG source=/tmp/isucon14/bench/benchmarker/scenario/scenario.go:317 msg=eval reqs=22 score="[0 0 13 9 0]" criteria="[9 0 22 22]"
time=19:30:35.311 level=INFO msg=これまでに地域内の評判によって16人、既存ユーザーの招待経由で9人が新規登録しました
time=19:30:35.311 level=INFO msg=59.1%のライドは椅子がマッチされるまでの時間、100.0%のライドはマッチされた椅子が乗車地点までに掛かる時間、0.0%のライドは椅子の実移動時間に不満がありました
time=19:30:37.094 level=INFO msg=一定の売上が立ったためオーナーの椅子が増加します 名前=暮らしの椅子研究所 増加数=1
time=19:30:37.110 level=DEBUG source=/tmp/isucon14/bench/benchmarker/scenario/scenario.go:315 msg=時間経過 tick=600
time=19:30:37.110 level=DEBUG source=/tmp/isucon14/bench/benchmarker/scenario/scenario.go:317 msg=eval reqs=26 score="[0 0 16 10 0]" criteria="[10 0 26 26]"
time=19:30:37.112 level=INFO msg=一定の売上が立ったためオーナーの椅子が増加します 名前=ZenDrive 増加数=1
time=19:30:38.894 level=INFO msg=一定の売上が立ったためオーナーの椅子が増加します 名前="Urban Wheels" 増加数=1
time=19:30:38.897 level=INFO msg=一定の売上が立ったためオーナーの椅子が増加します 名前=PulseRide 増加数=1
time=19:30:38.910 level=DEBUG source=/tmp/isucon14/bench/benchmarker/scenario/scenario.go:315 msg=時間経過 tick=660
time=19:30:38.910 level=DEBUG source=/tmp/isucon14/bench/benchmarker/scenario/scenario.go:317 msg=eval reqs=29 score="[0 0 18 11 0]" criteria="[10 1 29 29]"
time=19:30:40.710 level=DEBUG source=/tmp/isucon14/bench/benchmarker/scenario/scenario.go:315 msg=時間経過 tick=720
time=19:30:40.710 level=INFO msg=これまでに地域内の評判によって25人、既存ユーザーの招待経由で12人が新規登録しました
time=19:30:40.710 level=INFO msg=これまでに低評価なライドによって1人が利用をやめました
time=19:30:40.710 level=INFO msg=68.8%のライドは椅子がマッチされるまでの時間、93.8%のライドはマッチされた椅子が乗車地点までに掛かる時間、1.6%のライドは椅子の実移動時間に不満がありました
time=19:30:40.710 level=DEBUG source=/tmp/isucon14/bench/benchmarker/scenario/scenario.go:317 msg=eval reqs=32 score="[0 1 19 12 0]" criteria="[10 2 31 32]"
time=19:30:42.486 level=INFO msg=一定の売上が立ったためオーナーの椅子が増加します 名前=街のりタクシー 増加数=1
time=19:30:42.500 level=INFO msg=一定の売上が立ったためオーナーの椅子が増加します 名前=ZenDrive 増加数=1
time=19:30:42.510 level=DEBUG source=/tmp/isucon14/bench/benchmarker/scenario/scenario.go:315 msg=時間経過 tick=780
time=19:30:42.510 level=DEBUG source=/tmp/isucon14/bench/benchmarker/scenario/scenario.go:317 msg=eval reqs=34 score="[0 1 21 12 0]" criteria="[10 2 33 34]"
time=19:30:44.300 level=INFO msg=一定の売上が立ったためオーナーの椅子が増加します 名前=暮らしの椅子研究所 増加数=1
time=19:30:44.310 level=DEBUG source=/tmp/isucon14/bench/benchmarker/scenario/scenario.go:315 msg=時間経過 tick=840
time=19:30:44.310 level=DEBUG source=/tmp/isucon14/bench/benchmarker/scenario/scenario.go:317 msg=eval reqs=36 score="[0 1 23 12 0]" criteria="[10 2 35 36]"
time=19:30:46.109 level=INFO msg=一定の売上が立ったためオーナーの椅子が増加します 名前=ZenDrive 増加数=1
time=19:30:46.110 level=DEBUG source=/tmp/isucon14/bench/benchmarker/scenario/scenario.go:315 msg=時間経過 tick=900
time=19:30:46.110 level=DEBUG source=/tmp/isucon14/bench/benchmarker/scenario/scenario.go:317 msg=eval reqs=37 score="[0 1 24 12 0]" criteria="[10 2 36 37]"
time=19:30:46.111 level=INFO msg=これまでに地域内の評判によって32人、既存ユーザーの招待経由で12人が新規登録しました
time=19:30:46.111 level=INFO msg=これまでに低評価なライドによって1人が利用をやめました
time=19:30:46.111 level=INFO msg=73.0%のライドは椅子がマッチされるまでの時間、94.6%のライドはマッチされた椅子が乗車地点までに掛かる時間、1.4%のライドは椅子の実移動時間に不満がありました
time=19:30:47.894 level=INFO msg=一定の売上が立ったためオーナーの椅子が増加します 名前=PulseRide 増加数=1
time=19:30:47.911 level=DEBUG source=/tmp/isucon14/bench/benchmarker/scenario/scenario.go:315 msg=時間経過 tick=960
time=19:30:47.911 level=DEBUG source=/tmp/isucon14/bench/benchmarker/scenario/scenario.go:317 msg=eval reqs=42 score="[0 2 27 13 0]" criteria="[10 3 40 42]"
time=19:30:49.707 level=INFO msg=一定の売上が立ったためオーナーの椅子が増加します 名前="Urban Wheels" 増加数=1
time=19:30:49.710 level=DEBUG source=/tmp/isucon14/bench/benchmarker/scenario/scenario.go:315 msg=時間経過 tick=1020
time=19:30:49.710 level=DEBUG source=/tmp/isucon14/bench/benchmarker/scenario/scenario.go:317 msg=eval reqs=46 score="[0 2 31 13 0]" criteria="[10 3 44 46]"
time=19:30:51.510 level=INFO msg=これまでに地域内の評判によって41人、既存ユーザーの招待経由で13人が新規登録しました
time=19:30:51.510 level=INFO msg=これまでに低評価なライドによって1人が利用をやめました
time=19:30:51.510 level=INFO msg=78.7%のライドは椅子がマッチされるまでの時間、93.6%のライドはマッチされた椅子が乗車地点までに掛かる時間、2.1%のライドは椅子の実移動時間に不満がありました
time=19:30:51.510 level=DEBUG source=/tmp/isucon14/bench/benchmarker/scenario/scenario.go:315 msg=時間経過 tick=1080
time=19:30:51.510 level=DEBUG source=/tmp/isucon14/bench/benchmarker/scenario/scenario.go:317 msg=eval reqs=47 score="[0 2 32 13 0]" criteria="[10 3 45 47]"
time=19:30:51.518 level=INFO msg=一定の売上が立ったためオーナーの椅子が増加します 名前=PulseRide 増加数=1
time=19:30:53.311 level=DEBUG source=/tmp/isucon14/bench/benchmarker/scenario/scenario.go:315 msg=時間経過 tick=1140
time=19:30:53.311 level=DEBUG source=/tmp/isucon14/bench/benchmarker/scenario/scenario.go:317 msg=eval reqs=50 score="[0 2 35 13 0]" criteria="[10 3 48 50]"
time=19:30:53.319 level=INFO msg=一定の売上が立ったためオーナーの椅子が増加します 名前=街のりタクシー 増加数=1
time=19:30:55.093 level=INFO msg=一定の売上が立ったためオーナーの椅子が増加します 名前="Urban Wheels" 増加数=1
time=19:30:55.108 level=INFO msg=一定の売上が立ったためオーナーの椅子が増加します 名前=暮らしの椅子研究所 増加数=1
time=19:30:55.110 level=DEBUG source=/tmp/isucon14/bench/benchmarker/scenario/scenario.go:315 msg=時間経過 tick=1200
time=19:30:55.110 level=DEBUG source=/tmp/isucon14/bench/benchmarker/scenario/scenario.go:317 msg=eval reqs=56 score="[0 5 38 13 0]" criteria="[10 3 51 56]"
time=19:30:56.910 level=INFO msg=一定の売上が立ったためオーナーの椅子が増加します 名前=暮らしの椅子研究所 増加数=1
time=19:30:56.911 level=DEBUG source=/tmp/isucon14/bench/benchmarker/scenario/scenario.go:315 msg=時間経過 tick=1260
time=19:30:56.911 level=DEBUG source=/tmp/isucon14/bench/benchmarker/scenario/scenario.go:317 msg=eval reqs=61 score="[0 8 40 13 0]" criteria="[10 3 54 60]"
time=19:30:56.911 level=INFO msg=これまでに地域内の評判によって49人、既存ユーザーの招待経由で13人が新規登録しました
time=19:30:56.911 level=INFO msg=これまでに低評価なライドによって6人が利用をやめました
time=19:30:56.911 level=INFO msg=83.6%のライドは椅子がマッチされるまでの時間、95.1%のライドはマッチされた椅子が乗車地点までに掛かる時間、6.6%のライドは椅子の実移動時間に不満がありました
time=19:30:58.710 level=DEBUG source=/tmp/isucon14/bench/benchmarker/scenario/scenario.go:315 msg=時間経過 tick=1320
time=19:30:58.710 level=DEBUG source=/tmp/isucon14/bench/benchmarker/scenario/scenario.go:317 msg=eval reqs=61 score="[0 8 40 13 0]" criteria="[10 3 54 60]"
time=19:31:00.511 level=DEBUG source=/tmp/isucon14/bench/benchmarker/scenario/scenario.go:315 msg=時間経過 tick=1380
time=19:31:00.511 level=DEBUG source=/tmp/isucon14/bench/benchmarker/scenario/scenario.go:317 msg=eval reqs=64 score="[0 9 42 13 0]" criteria="[10 3 56 63]"
time=19:31:00.513 level=INFO msg=一定の売上が立ったためオーナーの椅子が増加します 名前=PulseRide 増加数=1
time=19:31:00.516 level=INFO msg=一定の売上が立ったためオーナーの椅子が増加します 名前=街のりタクシー 増加数=1
time=19:31:02.310 level=DEBUG source=/tmp/isucon14/bench/benchmarker/scenario/scenario.go:315 msg=時間経過 tick=1440
time=19:31:02.311 level=INFO msg=これまでに地域内の評判によって60人、既存ユーザーの招待経由で13人が新規登録しました
time=19:31:02.311 level=INFO msg=これまでに低評価なライドによって6人が利用をやめました
time=19:31:02.311 level=INFO msg=84.8%のライドは椅子がマッチされるまでの時間、95.5%のライドはマッチされた椅子が乗車地点までに掛かる時間、7.6%のライドは椅子の実移動時間に不満がありました
time=19:31:02.311 level=DEBUG source=/tmp/isucon14/bench/benchmarker/scenario/scenario.go:317 msg=eval reqs=66 score="[0 10 43 13 0]" criteria="[10 3 57 65]"
time=19:31:02.336 level=INFO msg=一定の売上が立ったためオーナーの椅子が増加します 名前="Urban Wheels" 増加数=1
time=19:31:04.104 level=INFO msg=一定の売上が立ったためオーナーの椅子が増加します 名前=暮らしの椅子研究所 増加数=1
time=19:31:04.111 level=DEBUG source=/tmp/isucon14/bench/benchmarker/scenario/scenario.go:315 msg=時間経過 tick=1500
time=19:31:04.111 level=DEBUG source=/tmp/isucon14/bench/benchmarker/scenario/scenario.go:317 msg=eval reqs=71 score="[0 14 44 13 0]" criteria="[10 3 60 68]"
time=19:31:04.141 level=INFO msg=一定の売上が立ったためオーナーの椅子が増加します 名前=PulseRide 増加数=1
time=19:31:05.902 level=INFO msg=一定の売上が立ったためオーナーの椅子が増加します 名前="Urban Wheels" 増加数=1
time=19:31:05.903 level=INFO msg=一定の売上が立ったためオーナーの椅子が増加します 名前=ZenDrive 増加数=1
time=19:31:05.910 level=DEBUG source=/tmp/isucon14/bench/benchmarker/scenario/scenario.go:315 msg=時間経過 tick=1560
time=19:31:05.911 level=DEBUG source=/tmp/isucon14/bench/benchmarker/scenario/scenario.go:317 msg=eval reqs=74 score="[1 16 44 13 0]" criteria="[10 3 61 69]"
time=19:31:07.710 level=DEBUG source=/tmp/isucon14/bench/benchmarker/scenario/scenario.go:315 msg=時間経過 tick=1620
time=19:31:07.710 level=DEBUG source=/tmp/isucon14/bench/benchmarker/scenario/scenario.go:317 msg=eval reqs=77 score="[1 16 47 13 0]" criteria="[10 3 64 72]"
time=19:31:07.710 level=INFO msg=これまでに地域内の評判によって68人、既存ユーザーの招待経由で13人が新規登録しました
time=19:31:07.710 level=INFO msg=これまでに低評価なライドによって11人が利用をやめました
time=19:31:07.710 level=INFO msg=87.0%のライドは椅子がマッチされるまでの時間、96.1%のライドはマッチされた椅子が乗車地点までに掛かる時間、11.7%のライドは椅子の実移動時間に不満がありました
time=19:31:07.751 level=INFO msg=一定の売上が立ったためオーナーの椅子が増加します 名前=暮らしの椅子研究所 増加数=1
time=19:31:09.510 level=DEBUG source=/tmp/isucon14/bench/benchmarker/scenario/scenario.go:315 msg=時間経過 tick=1680
time=19:31:09.510 level=DEBUG source=/tmp/isucon14/bench/benchmarker/scenario/scenario.go:317 msg=eval reqs=81 score="[2 19 47 13 0]" criteria="[10 3 65 74]"
time=19:31:09.518 level=INFO msg=一定の売上が立ったためオーナーの椅子が増加します 名前=街のりタクシー 増加数=1
time=19:31:09.550 level=INFO msg=一定の売上が立ったためオーナーの椅子が増加します 名前=ZenDrive 増加数=1
time=19:31:11.310 level=DEBUG source=/tmp/isucon14/bench/benchmarker/scenario/scenario.go:315 msg=時間経過 tick=1740
time=19:31:11.310 level=DEBUG source=/tmp/isucon14/bench/benchmarker/scenario/scenario.go:317 msg=eval reqs=83 score="[3 20 47 13 0]" criteria="[10 3 65 75]"
time=19:31:13.110 level=DEBUG source=/tmp/isucon14/bench/benchmarker/scenario/scenario.go:315 msg=時間経過 tick=1800
time=19:31:13.110 level=DEBUG source=/tmp/isucon14/bench/benchmarker/scenario/scenario.go:317 msg=eval reqs=86 score="[4 22 47 13 0]" criteria="[10 3 66 76]"
time=19:31:13.110 level=INFO msg=これまでに地域内の評判によって75人、既存ユーザーの招待経由で13人が新規登録しました
time=19:31:13.110 level=INFO msg=これまでに低評価なライドによって16人が利用をやめました
time=19:31:13.110 level=INFO msg=88.4%のライドは椅子がマッチされるまでの時間、96.5%のライドはマッチされた椅子が乗車地点までに掛かる時間、17.4%のライドは椅子の実移動時間に不満がありました
time=19:31:13.149 level=INFO msg=一定の売上が立ったためオーナーの椅子が増加します 名前="Urban Wheels" 増加数=1
time=19:31:14.910 level=DEBUG source=/tmp/isucon14/bench/benchmarker/scenario/scenario.go:315 msg=時間経過 tick=1860
time=19:31:14.910 level=DEBUG source=/tmp/isucon14/bench/benchmarker/scenario/scenario.go:317 msg=eval reqs=89 score="[4 23 48 14 0]" criteria="[10 4 68 79]"
time=19:31:14.937 level=INFO msg=一定の売上が立ったためオーナーの椅子が増加します 名前=PulseRide 増加数=1
time=19:31:16.711 level=DEBUG source=/tmp/isucon14/bench/benchmarker/scenario/scenario.go:315 msg=時間経過 tick=1920
time=19:31:16.711 level=DEBUG source=/tmp/isucon14/bench/benchmarker/scenario/scenario.go:317 msg=eval reqs=92 score="[4 25 48 15 0]" criteria="[10 5 70 81]"
time=19:31:16.746 level=INFO msg=一定の売上が立ったためオーナーの椅子が増加します 名前=PulseRide 増加数=1
time=19:31:18.510 level=DEBUG source=/tmp/isucon14/bench/benchmarker/scenario/scenario.go:315 msg=時間経過 tick=1980
time=19:31:18.510 level=INFO msg=これまでに地域内の評判によって81人、既存ユーザーの招待経由で15人が新規登録しました
time=19:31:18.510 level=INFO msg=これまでに低評価なライドによって20人が利用をやめました
time=19:31:18.510 level=DEBUG source=/tmp/isucon14/bench/benchmarker/scenario/scenario.go:317 msg=eval reqs=94 score="[4 27 48 15 0]" criteria="[10 5 72 81]"
time=19:31:18.510 level=INFO msg=89.4%のライドは椅子がマッチされるまでの時間、94.7%のライドはマッチされた椅子が乗車地点までに掛かる時間、18.6%のライドは椅子の実移動時間に不満がありました
time=19:31:18.548 level=INFO msg=一定の売上が立ったためオーナーの椅子が増加します 名前=街のりタクシー 増加数=1
time=19:31:24.112 level=INFO msg=最終地域情報 名前=チェアタウン ユーザー登録数=58 アクティブユーザー数=48
time=19:31:24.112 level=INFO msg=最終地域情報 名前=コシカケシティ ユーザー登録数=50 アクティブユーザー数=39
time=19:31:24.112 level=INFO msg=最終オーナー情報 名前=街のりタクシー 売上=101800 椅子数=10
time=19:31:24.112 level=INFO msg=最終オーナー情報 名前=暮らしの椅子研究所 売上=118800 椅子数=11
time=19:31:24.112 level=INFO msg=最終オーナー情報 名前="Urban Wheels" 売上=120200 椅子数=11
time=19:31:24.112 level=INFO msg=最終オーナー情報 名前=PulseRide 売上=129900 椅子数=12
time=19:31:24.112 level=INFO msg=最終オーナー情報 名前=ZenDrive 売上=97600 椅子数=9
time=19:31:24.112 level=INFO msg=89.5%のライドは椅子がマッチされるまでの時間、94.7%のライドはマッチされた椅子が乗車地点までに掛かる時間、19.5%のライドは椅子の実移動時間に不満がありました
time=19:31:24.112 level=INFO msg=結果 pass=true スコア=9127 種別エラー数=map[]
time=19:31:24.112 level=INFO msg=負荷走行が終了しました
