2026-09-26T10:30:18+00:00
COMMAND         %CPU   RSS
mysqld          48.8 1065852
nginx            1.8 10156
nginx            1.8 10208
systemd-journal  1.3 261068
jbd2/sda1-8      0.7     0
rsyslogd         0.7  5584
rcu_preempt      0.2     0
kworker/0:1H-kb  0.2     0
kworker/1:1H-kb  0.2     0
2026-09-26T10:30:20+00:00
COMMAND         %CPU   RSS
mysqld          48.8 1068040
bench            8.0 49984
nginx            1.8 10156
nginx            1.8 10208
systemd-journal  1.3 261508
isuride          0.7 14928
jbd2/sda1-8      0.7     0
rsyslogd         0.7  5584
rcu_preempt      0.2     0
2026-09-26T10:30:22+00:00
COMMAND         %CPU   RSS
mysqld          48.7 1068648
bench            7.4 53268
nginx            1.8 10156
nginx            1.8 10208
isuride          1.8 15752
systemd-journal  1.3 262428
jbd2/sda1-8      0.7     0
rsyslogd         0.7  5584
rcu_preempt      0.2     0
2026-09-26T10:30:24+00:00
COMMAND         %CPU   RSS
mysqld          48.7 1069288
bench            7.8 53292
isuride          3.2 15484
nginx            1.8 10156
nginx            1.8 10208
systemd-journal  1.3 263504
jbd2/sda1-8      0.7     0
rsyslogd         0.7  5584
rcu_preempt      0.2     0
2026-09-26T10:30:26+00:00
COMMAND         %CPU   RSS
mysqld          48.7 1070272
bench            8.7 57680
isuride          4.7 15720
nginx            1.8 10156
nginx            1.8 10208
systemd-journal  1.3 266100
jbd2/sda1-8      0.7     0
rsyslogd         0.7  5584
rcu_preempt      0.2     0
2026-09-26T10:30:28+00:00
COMMAND         %CPU   RSS
mysqld          48.7 1071788
bench            9.4 66592
isuride          6.3 16128
nginx            1.8 10156
nginx            1.8 10208
systemd-journal  1.3 269740
jbd2/sda1-8      0.7     0
rsyslogd         0.7  5584
rcu_preempt      0.2     0
2026-09-26T10:30:30+00:00
COMMAND         %CPU   RSS
mysqld          48.7 1073488
bench           10.2 70160
isuride          7.8 15668
nginx            1.8 10156
nginx            1.8 10208
systemd-journal  1.3 271572
jbd2/sda1-8      0.7     0
rsyslogd         0.7  5584
rcu_preempt      0.2     0
2026-09-26T10:30:32+00:00
COMMAND         %CPU   RSS
mysqld          48.7 1074984
bench           10.7 77864
isuride          9.2 15904
nginx            1.8 10156
nginx            1.8 10208
systemd-journal  1.3 273156
jbd2/sda1-8      0.7     0
rsyslogd         0.7  5584
rcu_preempt      0.2     0
2026-09-26T10:30:34+00:00
COMMAND         %CPU   RSS
mysqld          48.7 1078060
bench           11.2 84744
isuride         10.5 16416
nginx            1.8 10156
nginx            1.8 10208
systemd-journal  1.3 278544
jbd2/sda1-8      0.7     0
rsyslogd         0.7  5584
rcu_preempt      0.2     0
2026-09-26T10:30:36+00:00
COMMAND         %CPU   RSS
mysqld          48.8 1081588
isuride         11.6 16508
bench           11.6 91828
nginx            1.8 10156
nginx            1.8 10208
systemd-journal  1.3 280652
jbd2/sda1-8      0.7     0
rsyslogd         0.7  5584
rcu_preempt      0.2     0
2026-09-26T10:30:38+00:00
COMMAND         %CPU   RSS
mysqld          48.8 1085584
isuride         12.8 16692
bench           12.0 101384
nginx            1.8 10156
nginx            1.8 10208
systemd-journal  1.3 285636
jbd2/sda1-8      0.7     0
rsyslogd         0.7  5584
rcu_preempt      0.2     0
2026-09-26T10:30:40+00:00
COMMAND         %CPU   RSS
mysqld          48.8 1088872
isuride         13.9 17092
bench           12.4 110404
nginx            1.8 10156
nginx            1.8 10208
systemd-journal  1.3 288556
jbd2/sda1-8      0.7     0
rsyslogd         0.7  5584
rcu_preempt      0.2     0
2026-09-26T10:30:42+00:00
COMMAND         %CPU   RSS
mysqld          48.8 1091044
isuride         14.9 16944
bench           12.7 114128
nginx            1.8 10156
nginx            1.8 10208
systemd-journal  1.3 292812
jbd2/sda1-8      0.7     0
rsyslogd         0.7  5584
rcu_preempt      0.2     0
2026-09-26T10:30:44+00:00
COMMAND         %CPU   RSS
mysqld          48.8 1093844
isuride         15.9 16968
bench           13.0 119948
nginx            1.8 10156
nginx            1.8 10208
systemd-journal  1.3 297276
jbd2/sda1-8      0.7     0
rsyslogd         0.7  5584
rcu_preempt      0.2     0
2026-09-26T10:30:46+00:00
COMMAND         %CPU   RSS
mysqld          48.8 1095740
isuride         16.8 17956
bench           13.3 125916
nginx            1.8 10156
nginx            1.8 10208
systemd-journal  1.3 299740
jbd2/sda1-8      0.7     0
rsyslogd         0.7  5584
rcu_preempt      0.2     0
2026-09-26T10:30:48+00:00
COMMAND         %CPU   RSS
mysqld          48.8 1097956
isuride         17.7 17656
bench           13.6 130092
nginx            1.8 10156
nginx            1.8 10208
systemd-journal  1.3 305848
jbd2/sda1-8      0.7     0
rsyslogd         0.7  5584
rcu_preempt      0.2     0
2026-09-26T10:30:50+00:00
COMMAND         %CPU   RSS
mysqld          48.8 1095628
isuride         18.5 18752
bench           13.8 137264
nginx            1.8 10156
nginx            1.8 10208
systemd-journal  1.3 306580
jbd2/sda1-8      0.7     0
rsyslogd         0.7  5584
rcu_preempt      0.2     0
2026-09-26T10:30:52+00:00
COMMAND         %CPU   RSS
mysqld          48.9 1090932
isuride         19.3 18120
bench           14.1 142152
nginx            1.8 10156
nginx            1.8 10208
systemd-journal  1.3 306580
jbd2/sda1-8      0.7     0
rsyslogd         0.7  5584
rcu_preempt      0.2     0
2026-09-26T10:30:54+00:00
COMMAND         %CPU   RSS
mysqld          48.9 1085204
isuride         20.1 18896
bench           14.3 144888
nginx            1.8 10156
nginx            1.8 10208
systemd-journal  1.3 306580
jbd2/sda1-8      0.7     0
rsyslogd         0.7  5584
rcu_preempt      0.2     0
2026-09-26T10:30:56+00:00
COMMAND         %CPU   RSS
mysqld          48.9 1087508
isuride         20.8 17912
bench           14.6 148572
nginx            1.8 10156
nginx            1.8 10208
systemd-journal  1.3 306580
jbd2/sda1-8      0.7     0
rsyslogd         0.7  5584
rcu_preempt      0.2     0
2026-09-26T10:30:58+00:00
COMMAND         %CPU   RSS
mysqld          48.9 1083608
isuride         21.4 19512
bench           14.7 155932
nginx            1.8 10156
nginx            1.8 10208
systemd-journal  1.3 306580
rsyslogd         0.7  5584
jbd2/sda1-8      0.7     0
rcu_preempt      0.2     0
2026-09-26T10:31:00+00:00
COMMAND         %CPU   RSS
mysqld          48.9 1081820
isuride         22.0 18496
bench           14.9 161132
nginx            1.8 10156
nginx            1.8 10208
systemd-journal  1.3 306580
rsyslogd         0.7  5584
jbd2/sda1-8      0.7     0
rcu_preempt      0.2     0
2026-09-26T10:31:02+00:00
COMMAND         %CPU   RSS
mysqld          49.0 1075020
isuride         22.6 18944
bench           15.1 167520
nginx            1.8 10156
nginx            1.8 10208
systemd-journal  1.3 306580
rsyslogd         0.7  5584
jbd2/sda1-8      0.7     0
rcu_preempt      0.2     0
2026-09-26T10:31:04+00:00
COMMAND         %CPU   RSS
mysqld          49.0 1075820
isuride         23.2 19932
bench           15.3 170728
nginx            1.8 10156
nginx            1.8 10208
systemd-journal  1.3 306580
rsyslogd         0.7  5584
jbd2/sda1-8      0.7     0
rcu_preempt      0.2     0
2026-09-26T10:31:06+00:00
COMMAND         %CPU   RSS
mysqld          49.0 1079000
isuride         23.7 20968
bench           15.5 172540
nginx            1.8 10156
nginx            1.8 10208
systemd-journal  1.3 307968
rsyslogd         0.7  5584
jbd2/sda1-8      0.7     0
kworker/1:1H-kb  0.2     0
2026-09-26T10:31:08+00:00
COMMAND         %CPU   RSS
mysqld          49.0 1074340
isuride         24.2 20668
bench           15.6 180052
nginx            1.8 10156
nginx            1.8 10208
systemd-journal  1.4 166660
rsyslogd         0.7  5584
jbd2/sda1-8      0.7     0
kworker/1:1H-kb  0.2     0
2026-09-26T10:31:10+00:00
COMMAND         %CPU   RSS
mysqld          49.0 1074400
isuride         24.6 19492
bench           15.8 184236
nginx            1.8 10176
nginx            1.8 10208
systemd-journal  1.4 169108
rsyslogd         0.7  5584
jbd2/sda1-8      0.7     0
kworker/1:1H-kb  0.2     0
2026-09-26T10:31:12+00:00
COMMAND         %CPU   RSS
mysqld          49.1 1075628
isuride         25.1 20952
bench           15.9 188356
curl             7.6 12184
nginx            1.9 10184
nginx            1.8 10208
systemd-journal  1.4 175356
rsyslogd         0.7  5584
jbd2/sda1-8      0.7     0
2026-09-26T10:31:14+00:00
COMMAND         %CPU   RSS
mysqld          49.1 1075472
isuride         25.4 20588
bench           16.0 188356
nginx            1.9 10184
nginx            1.8 10208
systemd-journal  1.4 180432
rsyslogd         0.7  5584
jbd2/sda1-8      0.7     0
kworker/1:1H-kb  0.2     0
2026-09-26T10:31:16+00:00
COMMAND         %CPU   RSS
mysqld          49.1 1075356
isuride         25.9 21632
bench           16.1 195220
nginx            1.9 10196
nginx            1.9 10208
systemd-journal  1.4 183092
rsyslogd         0.7  5584
jbd2/sda1-8      0.7     0
kworker/1:1H-kb  0.2     0
2026-09-26T10:31:18+00:00
COMMAND         %CPU   RSS
mysqld          49.1 1074504
isuride         26.2 20412
bench           16.2 199932
nginx            1.9 10268
nginx            1.9 10208
systemd-journal  1.4 183848
rsyslogd         0.7  5584
jbd2/sda1-8      0.7     0
kworker/1:1H-kb  0.2     0
2026-09-26T10:31:20+00:00
COMMAND         %CPU   RSS
mysqld          49.1 1072572
isuride         26.6 18976
bench           16.3 208348
nginx            1.9 10268
nginx            1.9 10208
systemd-journal  1.4 183848
rsyslogd         0.7  5584
jbd2/sda1-8      0.7     0
kworker/1:1H-kb  0.2     0
2026-09-26T10:31:22+00:00
COMMAND         %CPU   RSS
mysqld          49.2 1072700
isuride         27.1 18952
curl            16.6 12180
bench           16.4 208352
nginx            1.9 10268
nginx            1.9 10208
systemd-journal  1.4 183848
rsyslogd         0.7  5584
jbd2/sda1-8      0.7     0
