procs -----------memory---------- ---swap-- -----io---- -system-- -------cpu------- -----timestamp-----
 r  b   swpd   free   buff  cache   si   so    bi    bo   in   cs us sy id wa st gu                 UTC
 3  0      0 234552  73980 2459080    0    0   152  6691 7279  132 28 12 60  1  0  0 2026-09-26 10:30:18
13  0      0 203088  73984 2460780    0    0   180 57124 17742 37814 32 14 40 15  0  0 2026-09-26 10:30:19
 0  0      0 197044  73984 2461616    0    0     0 10160 10638 33365 13 11 75  2  0  0 2026-09-26 10:30:20
 0  0      0 194032  73984 2462368    0    0     0  6048 17252 49336 16 11 71  2  0  0 2026-09-26 10:30:21
 7  0      0 192272  73984 2463168    0    0     0  7044 15729 49611 18 12 68  2  0  0 2026-09-26 10:30:22
 2  0      0 191796  73984 2464140    0    0     0 20772 23846 67634 20 17 59  3  0  0 2026-09-26 10:30:23
 0  0      0 191796  73984 2465072    0    0     0  8916 24396 72296 24 17 56  2  0  0 2026-09-26 10:30:24
 5  0      0 191320  73984 2466204    0    0     0 10408 28779 88014 28 24 47  2  0  0 2026-09-26 10:30:25
 4  0      0 189808  73984 2467308    0    0     0 10840 30384 91140 28 22 49  2  0  0 2026-09-26 10:30:26
 0  0      0 186784  73984 2468664    0    0     0 10276 29725 97158 32 25 41  2  0  0 2026-09-26 10:30:27
10  0      0 181260  73984 2469916    0    0     0  8568 30061 94881 32 22 44  2  0  0 2026-09-26 10:30:28
 9  0      0 173228  73984 2471228    0    0     0 12064 28712 98410 36 26 36  2  0  0 2026-09-26 10:30:29
 7  0      0 168984  73984 2472576    0    0     0 11968 30597 105972 37 27 35  2  0  0 2026-09-26 10:30:30
11  1      0 164700  73984 2473864    0    0     0 11352 29459 102715 34 28 36  2  0  0 2026-09-26 10:30:31
 1  0      0 157392  73984 2475324    0    0     0 11988 28803 105247 39 28 32  2  0  0 2026-09-26 10:30:32
 7  0      0 147312  73984 2476980    0    0     0 13064 29743 108287 39 25 34  1  0  0 2026-09-26 10:30:33
11  0      0 141188  73984 2480712    0    0     0 33496 26017 103296 42 30 25  3  0  0 2026-09-26 10:30:34
13  0      0 134176  73984 2483336    0    0     0 14056 25891 100530 43 29 26  2  0  0 2026-09-26 10:30:35
13  0      0 126444  73984 2484972    0    0     0 11752 26492 107465 42 29 27  2  0  0 2026-09-26 10:30:36
16  1      0 112416  73984 2486676    0    0     0 17084 25658 104718 45 28 25  2  0  0 2026-09-26 10:30:37
 8  0      0 109168  73984 2488792    0    0     0 13068 25539 109450 43 33 22  2  0  0 2026-09-26 10:30:38
procs -----------memory---------- ---swap-- -----io---- -system-- -------cpu------- -----timestamp-----
 r  b   swpd   free   buff  cache   si   so    bi    bo   in   cs us sy id wa st gu                 UTC
12  0      0 106408  73984 2490504    0    0     0 42640 24508 107885 47 31 20  2  0  0 2026-09-26 10:30:39
11  0      0  91540  73984 2492476    0    0     0 12820 25984 118190 49 31 19  1  0  0 2026-09-26 10:30:40
 8  0      0  84648  73984 2494392    0    0     0 13152 25171 112167 47 32 19  2  0  0 2026-09-26 10:30:41
 5  0      0  80112  73984 2497204    0    0     0 12196 24343 110062 49 29 20  1  0  0 2026-09-26 10:30:42
20  0      0  74344  73984 2499156    0    0     0 16496 25749 107920 51 30 18  2  0  0 2026-09-26 10:30:43
11  0      0  67540  73984 2501044    0    0     0 13660 23565 108547 52 32 14  1  0  0 2026-09-26 10:30:44
21  0      0  98444  73124 2473032    0    0     0 14728 24673 111951 53 35 12  1  0  0 2026-09-26 10:30:45
34  0      0  92960  73124 2474928    0    0     0 15612 23473 106510 52 34 14  1  0  0 2026-09-26 10:30:46
 7  0      0  82728  73124 2477956    0    0     0 23280 23080 100987 54 36  9  2  0  0 2026-09-26 10:30:47
 7  0      0  76136  73124 2482224    0    0     0 21020 21734 101990 53 35 11  2  0  0 2026-09-26 10:30:48
 9  1      0  68532  73124 2483876    0    0     0 64480 22776 102875 55 37  7  2  0  0 2026-09-26 10:30:49
 4  1      0  75740  73108 2473396    0    0     0 16892 23688 99476 54 34 10  2  0  0 2026-09-26 10:30:50
26  1      0  70252  73108 2474484    0    0     0 15248 23937 105843 52 35 11  2  0  0 2026-09-26 10:30:51
13  0      0  73352  73108 2475596    0    0     0 17612 22361 106577 54 38  7  1  0  0 2026-09-26 10:30:52
 4  0      0  74592  73108 2476708    0    0     0 17324 21774 106780 54 36  9  2  0  0 2026-09-26 10:30:53
15  0      0  71960  73108 2477692    0    0     0 17684 21793 99545 54 37  7  2  0  0 2026-09-26 10:30:54
27  0      0  69708  73108 2478832    0    0     0 14600 21886 106369 56 36  7  1  0  0 2026-09-26 10:30:55
20  1      0  80932  73092 2463124    0    0     0 14524 21647 108201 58 34  7  1  0  0 2026-09-26 10:30:56
12  0      0  79388  73092 2464240    0    0     0 14500 22109 107226 54 36  9  1  0  0 2026-09-26 10:30:57
29  1      0  74500  73092 2465320    0    0     0 15272 21570 101000 53 36 10  2  0  0 2026-09-26 10:30:58
34  1      0  73564  73092 2466448    0    0     0 23184 20060 96478 54 38  6  2  0  0 2026-09-26 10:30:59
procs -----------memory---------- ---swap-- -----io---- -system-- -------cpu------- -----timestamp-----
 r  b   swpd   free   buff  cache   si   so    bi    bo   in   cs us sy id wa st gu                 UTC
13  2      0  80148  73092 2463876    0    0     0 19088 22603 96818 57 37  5  1  0  0 2026-09-26 10:31:00
53  0      0  75348  73092 2466192    0    0     0 19784 20988 101838 56 40  4  1  0  0 2026-09-26 10:31:01
17  1      0  86208  73052 2456476    0    0     0 23960 20875 100676 56 38  5  1  0  0 2026-09-26 10:31:02
17  0      0  85412  73052 2457520    0    0     4 19244 21546 99155 59 36  5  1  0  0 2026-09-26 10:31:03
22  2      0  80212  73052 2458688    0    0     0 20868 21064 97320 57 37  5  1  0  0 2026-09-26 10:31:04
 9  1      0 106532  73052 2425776    0    0     0 16956 21046 96835 57 37  5  1  0  0 2026-09-26 10:31:05
17  0      0 106244  73052 2427536    0    0     0 20544 18168 96597 59 36  4  1  0  0 2026-09-26 10:31:06
26  1      0  82160  73052 2440672    0    0     0 19000 18563 93111 58 38  4  1  0  0 2026-09-26 10:31:07
53  1      0  79192  73052 2442888    0    0     0 31452 21579 95625 54 41  4  1  0  0 2026-09-26 10:31:08
17  0      0  79920  73052 2445220    0    0     0 17284 19477 96348 60 37  3  0  0  0 2026-09-26 10:31:09
 9  2      0  73228  73052 2447248    0    0     0 17112 20909 99756 57 38  4  1  0  0 2026-09-26 10:31:10
 8  0      0  83836  73052 2441072    0    0     4 17132 20679 96494 58 39  3  0  0  0 2026-09-26 10:31:11
 8  1      0  81140  73052 2443360    0    0     0 17628 21296 98920 57 36  5  2  0  0 2026-09-26 10:31:12
 9  1      0  81772  73052 2435584    0    0     4 19236 21866 99650 57 39  4  1  0  0 2026-09-26 10:31:13
 9  0      0  73068  73052 2437648    0    0     0 20476 20424 92273 58 36  6  1  0  0 2026-09-26 10:31:14
15  1      0  86540  73052 2428860    0    0     0 17548 21878 95509 57 37  5  1  0  0 2026-09-26 10:31:15
26  0      0  77692  73052 2431076    0    0     0 16772 21515 94450 58 37  4  1  0  0 2026-09-26 10:31:16
10  1      0  75792  73052 2433272    0    0     0 17916 20672 92380 59 37  4  1  0  0 2026-09-26 10:31:17
24  1      0  86632  73052 2424020    0    0     0 21888 20480 96558 59 37  3  1  0  0 2026-09-26 10:31:18
22  0      0  80644  73052 2425208    0    0     0 20024 20969 95552 55 39  5  1  0  0 2026-09-26 10:31:19
 9  1      0  76108  73052 2426484    0    0     0 25056 21888 120509 61 32  8  0  0  0 2026-09-26 10:31:20
procs -----------memory---------- ---swap-- -----io---- -system-- -------cpu------- -----timestamp-----
 r  b   swpd   free   buff  cache   si   so    bi    bo   in   cs us sy id wa st gu                 UTC
15  0      0  72808  73052 2427708    0    0     0  1064 20732 117769 63 28  8  0  0  0 2026-09-26 10:31:21
34  0      0  68808  73052 2429012    0    0     0  1240 20878 116209 65 30  6  0  0  0 2026-09-26 10:31:22
 5  1      0  82660  73052 2419488    0    0     0  1288 20438 114874 63 31  6  0  0  0 2026-09-26 10:31:23
