2026-09-26T10:36:39+00:00
COMMAND         %CPU   RSS
mysqld          47.3 1068876
nginx            1.8 10392
nginx            1.8 10404
systemd-journal  1.3 269088
rsyslogd         0.7  5584
jbd2/sda1-8      0.7     0
kworker/1:1H-kb  0.2     0
kworker/0:1H-kb  0.2     0
rcu_preempt      0.2     0
2026-09-26T10:36:41+00:00
COMMAND         %CPU   RSS
mysqld          47.3 1070028
bench            9.5 49656
nginx            1.8 10392
nginx            1.8 10404
systemd-journal  1.3 269816
isuride          1.0 15060
rsyslogd         0.7  5584
jbd2/sda1-8      0.7     0
kworker/1:1H-kb  0.2     0
2026-09-26T10:36:43+00:00
COMMAND         %CPU   RSS
mysqld          47.3 1070784
bench           10.4 54744
isuride          3.0 15628
nginx            1.8 10392
nginx            1.8 10404
systemd-journal  1.3 270996
rsyslogd         0.7  5584
jbd2/sda1-8      0.7     0
kworker/1:1H-kb  0.2     0
2026-09-26T10:36:45+00:00
COMMAND         %CPU   RSS
mysqld          47.3 1072000
bench           13.6 71572
isuride          5.5 15932
nginx            1.8 10392
nginx            1.8 10404
systemd-journal  1.3 273856
rsyslogd         0.7  5584
jbd2/sda1-8      0.7     0
kworker/1:1H-kb  0.2     0
2026-09-26T10:36:47+00:00
COMMAND         %CPU   RSS
mysqld          47.3 1075024
bench           15.8 87208
isuride          8.2 16780
nginx            1.8 10392
nginx            1.8 10404
systemd-journal  1.3 278532
rsyslogd         0.7  5584
jbd2/sda1-8      0.7     0
kworker/0:1H-kb  0.2     0
2026-09-26T10:36:49+00:00
COMMAND         %CPU   RSS
mysqld          47.3 1077564
bench           17.4 102692
isuride         10.7 18892
nginx            1.8 10392
nginx            1.8 10404
systemd-journal  1.3 280480
rsyslogd         0.7  5584
jbd2/sda1-8      0.7     0
kworker/0:1H-kb  0.2     0
2026-09-26T10:36:51+00:00
COMMAND         %CPU   RSS
mysqld          47.4 1079676
bench           18.4 117484
isuride         12.8 19436
nginx            1.8 10392
nginx            1.8 10404
systemd-journal  1.3 285940
rsyslogd         0.7  5584
jbd2/sda1-8      0.7     0
kworker/0:1H-kb  0.2     0
2026-09-26T10:36:53+00:00
COMMAND         %CPU   RSS
mysqld          47.4 1079604
bench           18.7 122912
isuride         14.7 20068
nginx            1.8 10392
nginx            1.8 10404
systemd-journal  1.3 288312
rsyslogd         0.7  5584
jbd2/sda1-8      0.7     0
kworker/0:1H-kb  0.2     0
2026-09-26T10:36:55+00:00
COMMAND         %CPU   RSS
mysqld          47.4 1079524
bench           19.3 131540
isuride         16.3 21012
nginx            1.9 10392
nginx            1.8 10404
systemd-journal  1.3 289820
rsyslogd         0.7  5584
jbd2/sda1-8      0.7     0
kworker/0:1H-kb  0.2     0
2026-09-26T10:36:57+00:00
COMMAND         %CPU   RSS
mysqld          47.4 1076220
bench           19.5 138844
isuride         17.6 22068
curl            10.0 12316
nginx            1.9 10392
nginx            1.8 10404
systemd-journal  1.3 294572
rsyslogd         0.7  5584
jbd2/sda1-8      0.7     0
2026-09-26T10:36:59+00:00
COMMAND         %CPU   RSS
mysqld          47.4 1078248
bench           19.4 143804
isuride         18.8 21540
curl             5.8 12316
nginx            1.9 10392
nginx            1.8 10404
systemd-journal  1.3 295648
rsyslogd         0.7  5584
jbd2/sda1-8      0.7     0
2026-09-26T10:37:01+00:00
COMMAND         %CPU   RSS
mysqld          47.5 1076920
isuride         20.1 20296
bench           19.6 154156
curl            10.0 12300
nginx            1.9 10392
nginx            1.8 10404
systemd-journal  1.3 295648
rsyslogd         0.7  5584
jbd2/sda1-8      0.7     0
2026-09-26T10:37:03+00:00
COMMAND         %CPU   RSS
mysqld          47.5 1076988
isuride         21.2 23168
bench           19.6 157296
nginx            1.9 10392
nginx            1.8 10404
systemd-journal  1.3 295648
rsyslogd         0.7  5584
jbd2/sda1-8      0.7     0
kworker/0:1H-kb  0.2     0
2026-09-26T10:37:05+00:00
COMMAND         %CPU   RSS
mysqld          47.5 1076780
isuride         22.2 23156
bench           19.6 163772
nginx            1.9 10392
nginx            1.8 10404
systemd-journal  1.3 295648
rsyslogd         0.7  5584
jbd2/sda1-8      0.7     0
kworker/0:1H-kb  0.2     0
2026-09-26T10:37:07+00:00
COMMAND         %CPU   RSS
mysqld          47.5 1074132
isuride         23.1 22872
bench           19.5 170192
nginx            1.9 10448
nginx            1.8 10404
systemd-journal  1.3 296080
rsyslogd         0.7  5584
jbd2/sda1-8      0.7     0
kworker/0:1H-kb  0.2     0
2026-09-26T10:37:09+00:00
COMMAND         %CPU   RSS
mysqld          47.5 1074112
isuride         23.9 25184
bench           19.6 172480
nginx            1.9 10660
nginx            1.8 10468
systemd-journal  1.3 297860
rsyslogd         0.7  5584
jbd2/sda1-8      0.7     0
kworker/0:1H-kb  0.2     0
2026-09-26T10:37:11+00:00
COMMAND         %CPU   RSS
mysqld          47.6 1073444
isuride         24.6 26952
bench           19.6 185632
curl             3.8 12316
nginx            1.9 10772
nginx            1.8 10560
systemd-journal  1.3 302716
rsyslogd         0.7  5584
jbd2/sda1-8      0.7     0
2026-09-26T10:37:13+00:00
COMMAND         %CPU   RSS
mysqld          47.6 1073740
isuride         25.3 24480
bench           19.5 196648
nginx            1.9 10864
nginx            1.8 10704
systemd-journal  1.3 304832
rsyslogd         0.7  5584
jbd2/sda1-8      0.7     0
kworker/0:1H-kb  0.2     0
2026-09-26T10:37:15+00:00
COMMAND         %CPU   RSS
mysqld          47.6 1074904
isuride         26.1 23776
bench           19.4 197072
nginx            1.9 10996
nginx            1.9 10784
systemd-journal  1.3 306780
rsyslogd         0.7  5584
jbd2/sda1-8      0.7     0
kworker/0:1H-kb  0.2     0
2026-09-26T10:37:17+00:00
COMMAND         %CPU   RSS
mysqld          47.6 1078532
isuride         26.7 24632
curl            20.0 12292
bench           19.3 210136
nginx            1.9 11152
nginx            1.9 10832
systemd-journal  1.3 165792
rsyslogd         0.7  5632
jbd2/sda1-8      0.7     0
2026-09-26T10:37:19+00:00
COMMAND         %CPU   RSS
mysqld          47.6 1077156
isuride         27.3 26520
bench           19.3 210528
nginx            1.9 11152
nginx            1.9 10852
systemd-journal  1.3 167652
rsyslogd         0.7  5632
jbd2/sda1-8      0.7     0
kworker/0:1H-kb  0.2     0
2026-09-26T10:37:21+00:00
COMMAND         %CPU   RSS
mysqld          47.7 1074792
isuride         27.9 24136
bench           19.2 221344
curl             3.1 12308
nginx            1.9 11152
nginx            1.9 10908
systemd-journal  1.3 172784
rsyslogd         0.7  5632
jbd2/sda1-8      0.7     0
2026-09-26T10:37:23+00:00
COMMAND         %CPU   RSS
mysqld          47.7 1072556
isuride         28.4 27200
bench           19.2 229256
curl             5.2 12312
nginx            1.9 11196
nginx            1.9 10972
systemd-journal  1.3 174880
rsyslogd         0.7  5632
jbd2/sda1-8      0.7     0
2026-09-26T10:37:26+00:00
COMMAND         %CPU   RSS
mysqld          47.7 1073904
isuride         29.0 27172
bench           19.2 230868
curl             4.3 12316
nginx            1.9 11244
nginx            1.9 11088
systemd-journal  1.3 174880
rsyslogd         0.7  5632
jbd2/sda1-8      0.7     0
2026-09-26T10:37:28+00:00
COMMAND         %CPU   RSS
mysqld          47.7 1076164
isuride         29.5 29364
bench           19.2 245692
nginx            1.9 11320
nginx            1.9 11144
systemd-journal  1.3 174880
rsyslogd         0.7  5632
jbd2/sda1-8      0.7     0
kworker/0:1H-kb  0.2     0
2026-09-26T10:37:30+00:00
COMMAND         %CPU   RSS
mysqld          47.8 1072832
isuride         29.9 28376
bench           19.1 247152
nginx            1.9 11404
nginx            1.9 11356
systemd-journal  1.3 174880
rsyslogd         0.7  5632
jbd2/sda1-8      0.7     0
kworker/0:1H-kb  0.2     0
2026-09-26T10:37:32+00:00
COMMAND         %CPU   RSS
mysqld          47.8 1074500
isuride         30.4 29232
bench           19.1 253788
nginx            1.9 11508
nginx            1.9 11448
systemd-journal  1.3 174880
rsyslogd         0.7  5632
jbd2/sda1-8      0.7     0
kworker/0:1H-kb  0.2     0
2026-09-26T10:37:34+00:00
COMMAND         %CPU   RSS
mysqld          47.8 1073060
isuride         30.8 23416
bench           19.0 253792
nginx            1.9 11508
nginx            1.9 11448
systemd-journal  1.3 174880
rsyslogd         0.7  5632
jbd2/sda1-8      0.7     0
kworker/0:1H-kb  0.2     0
2026-09-26T10:37:36+00:00
COMMAND         %CPU   RSS
mysqld          47.8 1072668
isuride         31.3 22420
bench           19.0 268560
nginx            1.9 11508
nginx            1.9 11448
systemd-journal  1.3 174880
rsyslogd         0.7  5632
jbd2/sda1-8      0.7     0
kworker/0:1H-kb  0.2     0
