procs -----------memory---------- ---swap-- -----io---- -system-- -------cpu------- -----timestamp-----
 r  b   swpd   free   buff  cache   si   so    bi    bo   in   cs us sy id wa st gu                 UTC
 5  0      0 258624  74024 2441048    0    0   151  6647 7348  135 27 12 61  1  0  0 2026-09-26 10:36:39
 7  0      0 194108  74024 2447920    0    0   104 62764 18438 41301 32 15 39 15  0  0 2026-09-26 10:36:40
 4  0      0 193860  74024 2449160    0    0    16  6804 22640 64514 18 15 66  2  0  0 2026-09-26 10:36:41
 0  0      0 193608  74024 2450312    0    0     0  9744 25302 76358 25 18 55  2  0  0 2026-09-26 10:36:42
11  0      0 193368  74024 2451840    0    0     0 13056 29754 96263 34 25 39  2  0  0 2026-09-26 10:36:43
 5  0      0 192668  74024 2453512    0    0     0 29384 26965 100801 38 31 28  3  0  0 2026-09-26 10:36:44
 9  1      0 183652  74024 2455596    0    0     4 20940 26690 114500 48 40 10  2  0  0 2026-09-26 10:36:45
14  0      0 167608  74024 2460220    0    0     0 22008 26109 115762 51 41  8  1  0  0 2026-09-26 10:36:46
11  0      0 154000  74024 2464120    0    0     0 23772 25225 119124 50 40  9  1  0  0 2026-09-26 10:36:47
36  0      0 140948  74024 2466404    0    0     0 24636 22244 104538 55 43  3  0  0  0 2026-09-26 10:36:48
24  0      0 137100  74024 2468904    0    0     0 25200 22142 105713 56 43  2  1  0  0 2026-09-26 10:36:49
 6  0      0 120088  74024 2472300    0    0     0 26148 22149 104435 54 44  2  1  0  0 2026-09-26 10:36:50
 5  1      0 108776  74024 2474568    0    0     0 23964 22058 101803 55 42  3  1  0  0 2026-09-26 10:36:51
32  1      0  97624  74024 2476828    0    0     0 26464 21183 99412 55 43  2  1  0  0 2026-09-26 10:36:52
19  1      0  94132  74024 2479360    0    0     0 24396 21497 103156 52 43  4  1  0  0 2026-09-26 10:36:53
14  0      0  83412  74024 2482628    0    0     4 49668 21161 96139 55 43  2  1  0  0 2026-09-26 10:36:54
45  0      0  81980  74024 2484280    0    0     0 18836 16504 70764 55 42  2  1  0  0 2026-09-26 10:36:55
18  0      0  75692  74024 2486068    0    0     0 17372 13989 65445 56 44  1  0  0  0 2026-09-26 10:36:56
14  0      0  75532  74024 2488240    0    0     0 29372 19621 92743 54 41  3  2  0  0 2026-09-26 10:36:57
10  0      0  69324  74024 2490212    0    0     0 24708 21446 91827 52 42  4  2  0  0 2026-09-26 10:36:58
 9  0      0  91920  73132 2463812    0    0     0 53232 20699 92723 53 40  5  2  0  0 2026-09-26 10:36:59
procs -----------memory---------- ---swap-- -----io---- -system-- -------cpu------- -----timestamp-----
 r  b   swpd   free   buff  cache   si   so    bi    bo   in   cs us sy id wa st gu                 UTC
57  1      0  89148  73132 2465240    0    0     0 26748 19825 98843 54 44  2  1  0  0 2026-09-26 10:37:00
57  0      0  79396  73132 2466768    0    0     0 25184 19089 98349 58 39  2  1  0  0 2026-09-26 10:37:01
59  0      0  76960  73132 2468300    0    0     0 24176 22529 98168 56 40  3  1  0  0 2026-09-26 10:37:02
 6  1      0  68296  73132 2470884    0    0     4 24372 20469 91010 56 40  3  2  0  0 2026-09-26 10:37:03
15  0      0  67216  73132 2472320    0    0     0 25436 18824 92932 55 43  2  0  0  0 2026-09-26 10:37:04
 7  0      0  81084  73112 2460208    0    0    16 30932 19216 102134 54 42  3  1  0  0 2026-09-26 10:37:05
49  0      0  74712  73112 2461616    0    0     0 26424 21681 96406 55 43  2  1  0  0 2026-09-26 10:37:06
 8  0      0  83524  73100 2453112    0    0     0 25204 18931 90551 57 40  3  1  0  0 2026-09-26 10:37:07
13  0      0  67948  73100 2455472    0    0     0 30140 18420 85953 57 43  1  1  0  0 2026-09-26 10:37:08
 3  1      0  71012  73100 2457268    0    0     0 29024 18337 94285 54 45  1  0  0  0 2026-09-26 10:37:09
19  0      0  82112  73076 2428972    0    0     0 29708 19362 93127 57 40  2  1  0  0 2026-09-26 10:37:10
16  2      0  80216  73076 2431316    0    0     4 26292 19720 98697 57 42  1  0  0  0 2026-09-26 10:37:11
 9  1      0  86828  73076 2425404    0    0     0 45512 18312 91214 55 42  2  1  0  0 2026-09-26 10:37:12
95  1      0  73692  73076 2427832    0    0     0 26504 17740 95404 54 45  1  1  0  0 2026-09-26 10:37:13
27  1      0  83016  73076 2420168    0    0     0 27640 19493 92761 57 41  2  1  0  0 2026-09-26 10:37:14
43  0      0  80468  73076 2422492    0    0     0 30056 20879 93976 54 44  1  1  0  0 2026-09-26 10:37:15
69  0      0  74656  73080 2415300    0    0     4 42004 17493 85029 55 44  1  1  0  0 2026-09-26 10:37:16
11  0      0  69836  73084 2408656    0    0     0 22152 18511 83818 58 41  1  1  0  0 2026-09-26 10:37:17
14  0      0  83216  73084 2401456    0    0     0 28436 20526 92122 56 43  1  1  0  0 2026-09-26 10:37:18
62  0      0  84032  73084 2394496    0    0     4 24072 19286 93126 56 42  1  0  0  0 2026-09-26 10:37:19
28  0      0  69148  73084 2398008    0    0     0 23716 20331 95400 56 43  1  0  0  0 2026-09-26 10:37:20
procs -----------memory---------- ---swap-- -----io---- -system-- -------cpu------- -----timestamp-----
 r  b   swpd   free   buff  cache   si   so    bi    bo   in   cs us sy id wa st gu                 UTC
30  0      0  86672  73084 2382360    0    0     0 25064 19139 91371 58 41  1  1  0  0 2026-09-26 10:37:21
22  0      0  82336  73084 2384752    0    0     0 24496 20076 98211 56 43  2  0  0  0 2026-09-26 10:37:22
51  0      0  93760  73084 2368216    0    0     0 24616 16438 90069 57 41  1  1  0  0 2026-09-26 10:37:23
15  0      0  97872  73084 2369836    0    0     0 21344 18785 88733 57 41  1  1  0  0 2026-09-26 10:37:24
77  0      0  87588  73084 2371216    0    0     0 26108 19663 90354 60 40  0  0  0  0 2026-09-26 10:37:25
21  1      0  84092  73084 2373844    0    0     0 20856 20243 93303 58 40  2  1  0  0 2026-09-26 10:37:26
20  2      0  75832  73084 2364864    0    0     4 20984 19389 87269 60 40  1  0  0  0 2026-09-26 10:37:27
21  0      0  87052  73084 2342320    0    0     0 24184 18928 88030 60 40  1  0  0  0 2026-09-26 10:37:28
44  0      0  94276  73084 2343228    0    0     0 21952 19737 92398 58 41  1  0  0  0 2026-09-26 10:37:29
 9  0      0  83160  73084 2344432    0    0     0 20772 16888 88652 57 42  1  0  0  0 2026-09-26 10:37:30
30  1      0  85292  73084 2345804    0    0     0 22144 18227 93875 56 43  1  1  0  0 2026-09-26 10:37:31
46  0      0  88988  73084 2346936    0    0     0 10456 19465 108219 63 35  2  0  0  0 2026-09-26 10:37:32
11  0      0  93316  73084 2347872    0    0     0 19468 18630 108203 62 33  5  0  0  0 2026-09-26 10:37:33
41  0      0  91872  73084 2348960    0    0     0  1440 19689 110145 65 30  5  0  0  0 2026-09-26 10:37:34
36  0      0  78224  73084 2349896    0    0     0  1280 17328 109035 65 32  4  0  0  0 2026-09-26 10:37:35
41  0      0  73228  73084 2350976    0    0     0  1288 19776 112143 64 32  4  0  0  0 2026-09-26 10:37:36
