2026-10-07T14:12:18+00:00
COMMAND         %CPU   RSS
nginx            2.3 31840
nginx            2.3 31544
mysqld           0.2 654568
isuride          0.0  9192
kworker/u4:4-ex  0.0     0
sh               0.0  1588
kworker/u4:3-fl  0.0     0
rcu_preempt      0.0     0
kworker/0:0-cgr  0.0     0
2026-10-07T14:12:20+00:00
COMMAND         %CPU   RSS
bench            7.0 44812
nginx            2.3 31840
nginx            2.3 31544
isuride          0.4 15108
mysqld           0.2 688520
kworker/u4:4-ex  0.0     0
sh               0.0  1588
kworker/u4:3-wr  0.0     0
rcu_preempt      0.0     0
2026-10-07T14:12:22+00:00
COMMAND         %CPU   RSS
bench           11.9 66568
nginx            2.3 31840
nginx            2.3 31544
isuride          1.6 15804
mysqld           0.2 688924
kworker/u4:4-ex  0.0     0
kworker/u4:3-ev  0.0     0
sh               0.0  1588
rcu_preempt      0.0     0
2026-10-07T14:12:24+00:00
COMMAND         %CPU   RSS
bench           14.4 98728
isuride          3.0 17664
nginx            2.3 31840
nginx            2.3 31544
mysqld           0.2 689496
kworker/u4:4-ex  0.0     0
kworker/u4:3-fl  0.0     0
sh               0.0  1588
rcu_preempt      0.0     0
2026-10-07T14:12:26+00:00
COMMAND         %CPU   RSS
bench           16.8 132292
isuride          4.3 20352
nginx            2.4 31840
nginx            2.4 31544
mysqld           0.2 690420
kworker/u4:4-ex  0.0     0
kworker/u4:3-ev  0.0     0
sh               0.0  1588
rcu_preempt      0.0     0
2026-10-07T14:12:28+00:00
COMMAND         %CPU   RSS
bench           20.2 182152
isuride          5.7 23156
nginx            2.4 31844
nginx            2.4 31544
mysqld           0.2 691860
kworker/u4:4-ex  0.0     0
kworker/u4:3-ev  0.0     0
sh               0.0  1588
rcu_preempt      0.0     0
2026-10-07T14:12:30+00:00
COMMAND         %CPU   RSS
bench           22.0 228760
isuride          7.0 26920
nginx            2.5 31848
nginx            2.5 31552
mysqld           0.2 693324
kworker/u4:4-ex  0.0     0
kworker/u4:3-ex  0.0     0
rcu_preempt      0.0     0
sh               0.0  1588
2026-10-07T14:12:32+00:00
COMMAND         %CPU   RSS
bench           23.4 270280
isuride          8.3 30248
nginx            2.6 31852
nginx            2.5 31560
mysqld           0.2 694224
kworker/u4:4-ex  0.0     0
kworker/u4:3-ev  0.0     0
rcu_preempt      0.0     0
kworker/u4:2-ev  0.0     0
2026-10-07T14:12:34+00:00
COMMAND         %CPU   RSS
bench           24.7 320924
isuride          9.5 34180
nginx            2.6 31852
nginx            2.6 31560
mysqld           0.2 695256
kworker/u4:4-ex  0.0     0
kworker/u4:3-ev  0.0     0
rcu_preempt      0.0     0
kworker/u4:2-ev  0.0     0
2026-10-07T14:12:36+00:00
COMMAND         %CPU   RSS
bench           25.4 371488
isuride         10.8 35208
nginx            2.7 31856
nginx            2.6 31560
mysqld           0.2 695864
kworker/u4:4-ex  0.0     0
kworker/u4:3-ev  0.0     0
rcu_preempt      0.0     0
kworker/u4:2-ev  0.0     0
2026-10-07T14:12:38+00:00
COMMAND         %CPU   RSS
bench           25.8 372764
isuride         12.0 38500
nginx            2.7 31876
nginx            2.7 31564
mysqld           0.2 697224
kworker/u4:4-ex  0.0     0
kworker/u4:3-ev  0.0     0
rcu_preempt      0.0     0
kworker/u4:2-ev  0.0     0
2026-10-07T14:12:40+00:00
COMMAND         %CPU   RSS
bench           26.2 436280
isuride         13.2 39572
nginx            2.8 31876
nginx            2.7 31568
mysqld           0.2 697840
kworker/u4:4-ex  0.0     0
kworker/u4:3-ev  0.0     0
rcu_preempt      0.0     0
kworker/u4:2-ev  0.0     0
2026-10-07T14:12:42+00:00
COMMAND         %CPU   RSS
ps              50.0  3768
bench           26.3 436524
isuride         14.3 41080
nginx            2.8 31908
nginx            2.7 31568
mysqld           0.2 698580
kworker/u4:4-ex  0.0     0
kworker/u4:3-ev  0.0     0
rcu_preempt      0.0     0
2026-10-07T14:12:44+00:00
COMMAND         %CPU   RSS
bench           26.4 439008
isuride         15.1 42328
nginx            2.9 31908
nginx            2.8 31568
mysqld           0.2 698868
kworker/u4:4-ex  0.0     0
kworker/u4:3-ex  0.0     0
rcu_preempt      0.0     0
kworker/u4:2-ev  0.0     0
2026-10-07T14:12:46+00:00
COMMAND         %CPU   RSS
bench           26.8 485580
isuride         16.0 42968
curl             9.0 12344
nginx            2.9 31924
nginx            2.8 31584
mysqld           0.2 700024
kworker/u4:4-ex  0.0     0
kworker/u4:3-ev  0.0     0
rcu_preempt      0.0     0
2026-10-07T14:12:48+00:00
COMMAND         %CPU   RSS
bench           26.8 487264
isuride         16.9 45564
nginx            3.0 31924
nginx            2.9 31616
mysqld           0.2 700664
kworker/u4:4-ex  0.0     0
kworker/u4:3-ex  0.0     0
rcu_preempt      0.0     0
kworker/u4:2-ev  0.0     0
2026-10-07T14:12:50+00:00
COMMAND         %CPU   RSS
bench           27.1 492840
isuride         17.7 45812
curl            11.1 12376
nginx            3.0 31928
nginx            2.9 31616
mysqld           0.2 701492
kworker/u4:4-ex  0.0     0
kworker/u4:3-ev  0.0     0
rcu_preempt      0.0     0
2026-10-07T14:12:52+00:00
COMMAND         %CPU   RSS
bench           27.4 521180
isuride         18.3 48340
curl             3.5 12344
nginx            3.0 31932
nginx            3.0 31616
mysqld           0.2 702544
kworker/u4:4-ex  0.0     0
kworker/u4:3-ev  0.0     0
rcu_preempt      0.0     0
2026-10-07T14:12:54+00:00
COMMAND         %CPU   RSS
bench           27.6 521964
isuride         19.0 48368
nginx            3.1 31932
nginx            3.0 31624
curl             2.0 12332
mysqld           0.2 703868
kworker/u4:4-ex  0.0     0
kworker/u4:3-ev  0.0     0
rcu_preempt      0.0     0
2026-10-07T14:12:56+00:00
COMMAND         %CPU   RSS
bench           27.5 525140
isuride         19.5 50412
nginx            3.1 31932
nginx            3.0 31636
curl             2.1 12344
mysqld           0.2 704944
kworker/u4:4-ex  0.0     0
kworker/u4:3-ex  0.0     0
rcu_preempt      0.0     0
2026-10-07T14:12:58+00:00
COMMAND         %CPU   RSS
bench           27.6 563336
isuride         20.1 51528
nginx            3.2 31936
nginx            3.1 31636
mysqld           0.2 705432
kworker/u4:0-ev  0.2     0
kworker/u4:4-ex  0.0     0
kworker/u4:3-ex  0.0     0
rcu_preempt      0.0     0
2026-10-07T14:13:00+00:00
COMMAND         %CPU   RSS
bench           27.9 573996
isuride         20.6 53428
nginx            3.2 31952
nginx            3.1 31636
mysqld           0.2 705576
kworker/u4:0-ev  0.1     0
kworker/u4:4-ex  0.0     0
kworker/u4:3-ex  0.0     0
rcu_preempt      0.0     0
2026-10-07T14:13:02+00:00
COMMAND         %CPU   RSS
bench           28.1 583392
isuride         21.2 53764
nginx            3.3 31968
nginx            3.2 31636
mysqld           0.2 705676
kworker/u4:0-ev  0.2     0
kworker/u4:4-ex  0.0     0
kworker/u4:3-ex  0.0     0
rcu_preempt      0.0     0
2026-10-07T14:13:04+00:00
COMMAND         %CPU   RSS
bench           28.5 620644
isuride         21.6 55668
nginx            3.3 31972
nginx            3.2 31636
curl             1.0 12340
kworker/u4:0-ev  0.3     0
mysqld           0.2 705552
kworker/u4:4-ex  0.0     0
kworker/u4:3-ex  0.0     0
2026-10-07T14:13:06+00:00
COMMAND         %CPU   RSS
bench           28.6 621500
isuride         22.1 57612
nginx            3.3 31972
nginx            3.3 31684
curl             1.8 12340
kworker/u4:0-ev  0.3     0
mysqld           0.2 705792
kworker/u4:4-ex  0.0     0
kworker/u4:3-ex  0.0     0
2026-10-07T14:13:08+00:00
COMMAND         %CPU   RSS
bench           28.6 623052
isuride         22.6 59160
curl             3.5 12344
nginx            3.4 31972
nginx            3.3 31688
kworker/u4:0-ev  0.3     0
mysqld           0.2 705712
kworker/u4:4-ex  0.0     0
kworker/u4:3-ex  0.0     0
2026-10-07T14:13:10+00:00
COMMAND         %CPU   RSS
bench           28.7 633556
isuride         23.1 60824
curl             7.1 12344
nginx            3.4 31984
nginx            3.3 31688
kworker/u4:0-ex  0.3     0
mysqld           0.2 705900
kworker/u4:4-ex  0.0     0
kworker/u4:3-ex  0.0     0
2026-10-07T14:13:12+00:00
COMMAND         %CPU   RSS
bench           29.4 706468
isuride         23.4 61212
curl             4.3 12344
nginx            3.5 31984
nginx            3.4 31688
kworker/u4:0-ev  0.3     0
mysqld           0.2 705932
kworker/u4:4-ex  0.0     0
kworker/u4:3-ex  0.0     0
2026-10-07T14:13:14+00:00
COMMAND         %CPU   RSS
bench           29.4 706956
isuride         23.8 62876
curl            13.0 12344
nginx            3.5 31988
nginx            3.4 31692
kworker/u4:0-ex  0.3     0
mysqld           0.2 706936
kworker/u4:4-ex  0.0     0
kworker/u4:3-ex  0.0     0
2026-10-07T14:13:16+00:00
COMMAND         %CPU   RSS
bench           29.5 710052
isuride         24.1 64916
curl            14.2 12132
nginx            3.5 31992
nginx            3.4 31692
kworker/u4:0-ev  0.3     0
mysqld           0.2 707124
kworker/u4:4-ex  0.0     0
kworker/u4:3-ex  0.0     0
2026-10-07T14:13:18+00:00
COMMAND         %CPU   RSS
bench           29.6 713224
isuride         24.4 66096
nginx            3.6 32012
curl             3.5 12376
nginx            3.5 31696
kworker/u4:0-ev  0.3     0
mysqld           0.2 707316
kworker/u4:4-ex  0.0     0
kworker/u4:3-ex  0.0     0
2026-10-07T14:13:20+00:00
COMMAND         %CPU   RSS
bench           29.2 729604
isuride         24.4 67144
nginx            3.6 32032
nginx            3.5 31708
kworker/u4:0-ev  0.3     0
mysqld           0.2 707472
kworker/u4:4-ex  0.0     0
kworker/u4:3-ex  0.0     0
rcu_preempt      0.0     0
2026-10-07T14:13:22+00:00
COMMAND         %CPU   RSS
bench           28.4 729720
isuride         23.9 67144
nginx            3.5 32032
nginx            3.5 31708
kworker/u4:0-ev  0.3     0
mysqld           0.2 707472
kworker/u4:4-wr  0.0     0
kworker/u4:3-ex  0.0     0
rcu_preempt      0.0     0
