procs -----------memory---------- ---swap-- -----io---- -system-- -------cpu------- -----timestamp-----
 r  b   swpd   free   buff  cache   si   so    bi    bo   in   cs us sy id wa st gu                 UTC
 2  0      0 993532  97340 1996104    0    0     3    17  339    1  3  1 96  0  0  0 2026-10-07 14:12:18
 4  0      0 979636  97340 1972740    0    0     0 62528 12107 23370 28 13 42 18  0  0 2026-10-07 14:12:19
 0  0      0 967580  97340 1973108    0    0     0  8904 15002 37345 18 10 69  4  0  0 2026-10-07 14:12:20
 3  1      0 965312  97340 1974508    0    0     0 11516 13902 39714 16 13 67  4  0  0 2026-10-07 14:12:21
 2  2      0 958268  97340 1975224    0    0     0 14552 18277 59564 28 22 46  4  0  0 2026-10-07 14:12:22
 0  0      0 945220  97340 1976148    0    0     0 18584 19637 64836 31 24 41  4  0  0 2026-10-07 14:12:23
 0  0      0 927332  97340 1976968    0    0     0 18488 17945 62252 30 22 44  4  0  0 2026-10-07 14:12:24
 5  0      0 906192  97340 1980128    0    0     0 21224 20068 71811 32 27 37  4  0  0 2026-10-07 14:12:25
11  1      0 883792  97340 1981060    0    0     0 18680 19679 71434 33 28 35  3  0  0 2026-10-07 14:12:26
 2  0      0 863876  97340 1982528    0    0     0 21664 22168 82935 47 32 17  4  0  0 2026-10-07 14:12:27
 9  0      0 835160  97340 1983888    0    0     0 22796 22794 89123 39 30 27  3  0  0 2026-10-07 14:12:28
14  1      0 813104  97340 1986504    0    0     0 29812 23649 96141 46 34 15  5  0  0 2026-10-07 14:12:29
17  1      0 779716  97340 1987888    0    0     0 25524 24100 94940 48 33 13  6  0  0 2026-10-07 14:12:30
14  1      0 729320  97340 1989600    0    0     0 25784 21499 88492 49 33 11  7  0  0 2026-10-07 14:12:31
15  1      0 727288  97340 1990888    0    0     0 24112 20351 82509 53 37  5  5  0  0 2026-10-07 14:12:32
 8  0      0 686616  97340 1992404    0    0     0 30004 22610 96691 52 36  7  5  0  0 2026-10-07 14:12:33
41  0      0 664312  97340 1994104    0    0     0 30316 23272 99401 51 37  7  5  0  0 2026-10-07 14:12:34
35  1      0 652748  97340 1996848    0    0     0 31204 24518 103888 54 36  6  4  0  0 2026-10-07 14:12:35
38  1      0 607120  97340 1998244    0    0     0 26060 20112 76907 55 35  6  4  0  0 2026-10-07 14:12:36
56  0      0 603080  97340 2000668    0    0     0 24464 22388 93424 58 36  5  2  0  0 2026-10-07 14:12:37
10  1      0 596412  97340 2002280    0    0     0 26956 20705 89770 56 35  5  4  0  0 2026-10-07 14:12:38
procs -----------memory---------- ---swap-- -----io---- -system-- -------cpu------- -----timestamp-----
 r  b   swpd   free   buff  cache   si   so    bi    bo   in   cs us sy id wa st gu                 UTC
13  1      0 571256  97340 2003944    0    0     0 29856 22575 97633 54 37  6  4  0  0 2026-10-07 14:12:39
41  0      0 525952  97340 2005608    0    0     0 31928 23702 102411 58 35  5  2  0  0 2026-10-07 14:12:40
12  1      0 522892  97340 2007368    0    0     0 26200 23441 98630 56 34  7  3  0  0 2026-10-07 14:12:41
39  1      0 520344  97340 2008684    0    0     0 24836 20744 91035 57 33  5  4  0  0 2026-10-07 14:12:42
19  1      0 515596  97340 2010964    0    0     0 20692 15788 70023 58 36  4  2  0  0 2026-10-07 14:12:43
20  1      0 514084  97340 2011936    0    0     0 18072 14576 64214 61 34  4  1  0  0 2026-10-07 14:12:44
51  0      0 489712  97340 2013300    0    0     0 25200 20837 87794 57 36  6  2  0  0 2026-10-07 14:12:45
12  1      0 459472  97340 2015620    0    0     0 22844 18768 74574 59 35  5  2  0  0 2026-10-07 14:12:46
10  0      0 455584  97340 2016980    0    0     0 21352 20957 83962 58 33  5  3  0  0 2026-10-07 14:12:47
11  0      0 451608  97340 2018340    0    0     0 23396 23196 92018 52 36  9  3  0  0 2026-10-07 14:12:48
25  0      0 451028  97340 2019604    0    0     0 26260 20563 85622 57 34  6  3  0  0 2026-10-07 14:12:49
30  0      0 444760  97340 2021352    0    0     0 23840 22570 92608 58 36  5  2  0  0 2026-10-07 14:12:50
19  1      0 407724  97340 2039456    0    0     0 39448 21420 84829 56 33  8  3  0  0 2026-10-07 14:12:51
38  1      0 381808  97340 2040652    0    0     0 22704 17841 77582 59 36  5  1  0  0 2026-10-07 14:12:52
24  1      0 378784  97340 2043236    0    0     0 23516 20259 87448 59 35  5  2  0  0 2026-10-07 14:12:53
35  0      0 374752  97340 2045720    0    0     0 23564 19900 82628 59 34  5  2  0  0 2026-10-07 14:12:54
17  1      0 371228  97344 2046984    0    0     0 33548 20405 79963 52 35  7  6  0  0 2026-10-07 14:12:55
46  0      0 365272  97344 2049504    0    0     0 24472 20956 88625 57 34  6  3  0  0 2026-10-07 14:12:56
38  0      0 361020  97344 2050720    0    0     0 20868 21947 86068 56 34  7  3  0  0 2026-10-07 14:12:57
53  0      0 330108  97344 2052176    0    0     0 24436 20511 85275 56 35  6  3  0  0 2026-10-07 14:12:58
43  0      0 310524  97344 2053572    0    0     0 22760 19526 80627 61 34  4  1  0  0 2026-10-07 14:12:59
procs -----------memory---------- ---swap-- -----io---- -system-- -------cpu------- -----timestamp-----
 r  b   swpd   free   buff  cache   si   so    bi    bo   in   cs us sy id wa st gu                 UTC
17  1      0 311316  97344 2055464    0    0     0 24176 23918 101294 57 34  7  2  0  0 2026-10-07 14:13:00
23  0      0 306432  97344 2056732    0    0     0 24928 23179 98514 55 34  8  2  0  0 2026-10-07 14:13:01
30  0      0 294884  97344 2060076    0    0     0 22824 18944 81569 60 35  4  1  0  0 2026-10-07 14:13:02
 9  1      0 283756  97344 2067076    0    0     0 28488 17709 80349 61 36  2  1  0  0 2026-10-07 14:13:03
26  0      0 250520  97344 2069960    0    0     0 24268 21706 87391 61 33  5  2  0  0 2026-10-07 14:13:04
35  0      0 245432  97344 2071684    0    0     0 27128 21108 92838 62 31  5  2  0  0 2026-10-07 14:13:05
25  1      0 241196  97344 2074312    0    0     0 24484 20998 84686 58 34  6  2  0  0 2026-10-07 14:13:06
33  0      0 237992  97344 2075428    0    0     0 20492 17530 80863 60 37  3  1  0  0 2026-10-07 14:13:07
23  0      0 234756  97344 2077712    0    0     0 22284 18982 81548 61 35  3  1  0  0 2026-10-07 14:13:08
46  2      0 229252  97344 2079372    0    0     0 20860 17841 74997 59 35  5  2  0  0 2026-10-07 14:13:09
19  0      0 228416  97344 2080560    0    0     0 21132 18493 76196 59 37  4  1  0  0 2026-10-07 14:13:10
15  0      0 184028  97344 2082080    0    0     0 19140 16530 72434 62 34  4  1  0  0 2026-10-07 14:13:11
56  0      0 142952  97344 2084228    0    0     0 20380 16415 70139 58 39  2  1  0  0 2026-10-07 14:13:12
37  0      0 135644  97344 2085624    0    0     0 21824 20359 87115 59 35  5  1  0  0 2026-10-07 14:13:13
24  1      0 136036  97344 2088184    0    0     0 25992 23129 98919 59 35  5  2  0  0 2026-10-07 14:13:14
20  0      0 129804  97344 2089556    0    0     0 31380 19124 91439 57 37  4  2  0  0 2026-10-07 14:13:15
45  0      0 125268  97344 2091016    0    0     0 26772 19581 87733 57 35  5  3  0  0 2026-10-07 14:13:16
13  1      0 120328  97344 2092328    0    0     0 21308 18185 72085 60 35  4  2  0  0 2026-10-07 14:13:17
31  1      0 113780  97344 2096796    0    0     0 28500 20881 92310 55 34  7  4  0  0 2026-10-07 14:13:18
14  1      0 106476  97344 2099152    0    0     0 24660 19831 85640 56 36  6  2  0  0 2026-10-07 14:13:19
 1  0      0  94128  97344 2100048    0    0     0 18120 16062 65096 35 24 40  2  0  0 2026-10-07 14:13:20
procs -----------memory---------- ---swap-- -----io---- -system-- -------cpu------- -----timestamp-----
 r  b   swpd   free   buff  cache   si   so    bi    bo   in   cs us sy id wa st gu                 UTC
 0  0      0 104548  97344 2095548    0    0     0  7268 13571 28728  7  6 86  2  0  0 2026-10-07 14:13:21
 0  0      0 105304  97344 2095428    0    0     0  5228 9653 19866  5  4 90  1  0  0 2026-10-07 14:13:22
 0  0      0 105304  97344 2095428    0    0     0  4872 9003 18943  5  4 90  1  0  0 2026-10-07 14:13:23
 1  0      0 105304  97344 2095428    0    0     0  4524 10038 20327  4  3 92  1  0  0 2026-10-07 14:13:24
