2026-09-26T09:06:25+00:00
COMMAND         %CPU   RSS
mysqld          80.3 754620
nginx            1.5  9764
nginx            1.5  9684
systemd-journal  0.8 64384
jbd2/sda1-8      0.6     0
rsyslogd         0.4  5524
snapd            0.2 39644
kworker/1:1H-kb  0.2     0
rcu_preempt      0.2     0
2026-09-26T09:06:27+00:00
COMMAND         %CPU   RSS
mysqld          80.3 826312
bench            9.5 48600
nginx            1.5  9764
nginx            1.5  9684
isuride          0.9 15244
systemd-journal  0.8 64744
jbd2/sda1-8      0.6     0
rsyslogd         0.4  5524
snapd            0.2 39644
2026-09-26T09:06:29+00:00
COMMAND         %CPU   RSS
mysqld          80.3 844304
bench            9.2 53384
isuride          2.6 15372
nginx            1.5  9764
nginx            1.5  9684
systemd-journal  0.8 65516
jbd2/sda1-8      0.6     0
rsyslogd         0.4  5524
snapd            0.2 39644
2026-09-26T09:06:31+00:00
COMMAND         %CPU   RSS
mysqld          80.3 818508
bench            9.3 53572
isuride          4.0 16052
nginx            1.5  9764
nginx            1.5  9684
systemd-journal  0.8 68272
jbd2/sda1-8      0.6     0
rsyslogd         0.4  5524
snapd            0.2 39644
2026-09-26T09:06:33+00:00
COMMAND         %CPU   RSS
mysqld          80.4 803360
bench            9.8 59252
isuride          5.3 16072
nginx            1.5  9764
nginx            1.5  9684
systemd-journal  0.8 69464
jbd2/sda1-8      0.6     0
rsyslogd         0.4  5524
snapd            0.2 39644
2026-09-26T09:06:35+00:00
COMMAND         %CPU   RSS
mysqld          80.4 805512
bench           10.0 60972
isuride          6.6 16432
nginx            1.5  9764
nginx            1.5  9684
systemd-journal  0.8 70504
jbd2/sda1-8      0.6     0
rsyslogd         0.4  5524
snapd            0.2 39644
2026-09-26T09:06:37+00:00
COMMAND         %CPU   RSS
mysqld          80.5 810176
bench           10.2 66700
isuride          7.8 16364
nginx            1.5  9764
nginx            1.5  9684
systemd-journal  0.8 41112
jbd2/sda1-8      0.6     0
rsyslogd         0.4  5524
snapd            0.2 39644
2026-09-26T09:06:39+00:00
COMMAND         %CPU   RSS
mysqld          80.6 812384
bench           10.8 68572
isuride          8.9 17808
curl             6.2 12324
nginx            1.6  9764
nginx            1.5  9684
systemd-journal  0.8 41112
jbd2/sda1-8      0.6     0
rsyslogd         0.4  5524
2026-09-26T09:06:41+00:00
COMMAND         %CPU   RSS
mysqld          80.7 813516
bench           11.2 75192
isuride          9.9 17004
nginx            1.6  9764
nginx            1.5  9684
systemd-journal  0.8 41112
jbd2/sda1-8      0.6     0
rsyslogd         0.4  5524
snapd            0.2 39644
2026-09-26T09:06:43+00:00
COMMAND         %CPU   RSS
mysqld          80.8 816884
bench           11.4 79888
isuride         10.8 16988
nginx            1.6  9764
nginx            1.5  9684
systemd-journal  0.8 41112
jbd2/sda1-8      0.7     0
rsyslogd         0.4  5524
snapd            0.2 39644
2026-09-26T09:06:45+00:00
COMMAND         %CPU   RSS
mysqld          80.9 820172
bench           12.0 80480
isuride         11.8 17636
nginx            1.6  9764
nginx            1.5  9684
systemd-journal  0.8 41112
jbd2/sda1-8      0.7     0
rsyslogd         0.4  5524
snapd            0.2 39644
2026-09-26T09:06:47+00:00
COMMAND         %CPU   RSS
mysqld          81.0 856176
isuride         12.3 17768
bench           12.1 83696
curl             8.3 12208
nginx            1.6  9764
nginx            1.6  9684
systemd-journal  0.8 41112
jbd2/sda1-8      0.7     0
rsyslogd         0.4  5524
2026-09-26T09:06:49+00:00
COMMAND         %CPU   RSS
mysqld          81.1 868996
isuride         12.9 18024
bench           12.4 88324
nginx            1.6  9764
nginx            1.6  9684
systemd-journal  0.8 41112
jbd2/sda1-8      0.7     0
rsyslogd         0.4  5524
snapd            0.2 39644
2026-09-26T09:06:51+00:00
COMMAND         %CPU   RSS
mysqld          81.2 848272
isuride         13.5 17704
bench           12.4 90200
nginx            1.6  9764
nginx            1.6  9684
systemd-journal  0.8 41112
jbd2/sda1-8      0.7     0
rsyslogd         0.4  5524
snapd            0.2 39644
2026-09-26T09:06:53+00:00
COMMAND         %CPU   RSS
mysqld          81.3 862096
isuride         14.0 18180
bench           12.4 92884
nginx            1.6  9764
nginx            1.6  9684
systemd-journal  0.8 41112
jbd2/sda1-8      0.7     0
rsyslogd         0.4  5524
snapd            0.2 39644
2026-09-26T09:06:55+00:00
COMMAND         %CPU   RSS
mysqld          81.4 832064
isuride         14.4 18004
bench           12.4 95464
nginx            1.6  9764
nginx            1.6  9684
systemd-journal  0.8 41112
jbd2/sda1-8      0.7     0
rsyslogd         0.4  5524
snapd            0.2 39644
2026-09-26T09:06:57+00:00
COMMAND         %CPU   RSS
mysqld          81.5 831576
isuride         14.8 19168
bench           12.5 101496
nginx            1.6  9764
nginx            1.6  9684
systemd-journal  0.8 41468
jbd2/sda1-8      0.7     0
rsyslogd         0.4  5524
kworker/1:1H-kb  0.2     0
2026-09-26T09:06:59+00:00
COMMAND         %CPU   RSS
mysqld          81.5 833752
isuride         15.2 19216
bench           12.4 103972
nginx            1.6  9764
nginx            1.6  9684
systemd-journal  0.8 42388
jbd2/sda1-8      0.7     0
rsyslogd         0.4  5524
kworker/1:1H-kb  0.2     0
2026-09-26T09:07:01+00:00
COMMAND         %CPU   RSS
mysqld          81.6 832792
isuride         15.5 18356
bench           12.4 104568
nginx            1.6  9764
nginx            1.6  9684
systemd-journal  0.8 43472
jbd2/sda1-8      0.7     0
rsyslogd         0.4  5524
kworker/1:1H-kb  0.2     0
2026-09-26T09:07:03+00:00
COMMAND         %CPU   RSS
mysqld          81.7 818828
isuride         15.8 20036
bench           12.7 111792
nginx            1.6  9764
nginx            1.6  9684
systemd-journal  0.8 43924
jbd2/sda1-8      0.7     0
rsyslogd         0.4  5524
kworker/1:1H-kb  0.2     0
2026-09-26T09:07:05+00:00
COMMAND         %CPU   RSS
mysqld          81.8 855676
isuride         16.2 19640
bench           12.7 112060
curl             5.0 12324
nginx            1.6  9764
nginx            1.6  9684
systemd-journal  0.8 44872
jbd2/sda1-8      0.7     0
rsyslogd         0.4  5524
2026-09-26T09:07:07+00:00
COMMAND         %CPU   RSS
mysqld          81.9 905804
isuride         16.4 20640
bench           12.7 117892
nginx            1.6  9764
nginx            1.6  9684
systemd-journal  0.8 45664
jbd2/sda1-8      0.7     0
rsyslogd         0.4  5524
kworker/1:1H-kb  0.2     0
2026-09-26T09:07:09+00:00
COMMAND         %CPU   RSS
mysqld          82.0 856132
isuride         16.6 19484
bench           12.6 117972
nginx            1.6  9764
nginx            1.6  9684
systemd-journal  0.8 45664
jbd2/sda1-8      0.7     0
rsyslogd         0.4  5524
kworker/1:1H-kb  0.2     0
2026-09-26T09:07:11+00:00
COMMAND         %CPU   RSS
mysqld          82.1 828324
isuride         16.9 19092
bench           12.6 124468
nginx            1.6  9764
nginx            1.6  9684
systemd-journal  0.8 45664
jbd2/sda1-8      0.7     0
rsyslogd         0.4  5524
kworker/1:1H-kb  0.2     0
2026-09-26T09:07:13+00:00
COMMAND         %CPU   RSS
mysqld          82.3 825588
isuride         17.1 20744
bench           12.6 126192
nginx            1.6  9764
nginx            1.6  9684
systemd-journal  0.8 45664
jbd2/sda1-8      0.7     0
rsyslogd         0.4  5524
kworker/1:1H-kb  0.2     0
2026-09-26T09:07:15+00:00
COMMAND         %CPU   RSS
mysqld          82.4 828772
isuride         17.3 20316
bench           12.6 131132
nginx            1.6  9764
nginx            1.6  9684
systemd-journal  0.8 45664
jbd2/sda1-8      0.7     0
rsyslogd         0.4  5524
kworker/1:1H-kb  0.2     0
2026-09-26T09:07:17+00:00
COMMAND         %CPU   RSS
mysqld          82.5 833000
isuride         17.5 20804
bench           12.5 131396
nginx            1.6  9764
nginx            1.6  9684
systemd-journal  0.8 45664
jbd2/sda1-8      0.7     0
rsyslogd         0.5  5524
kworker/1:1H-kb  0.2     0
2026-09-26T09:07:19+00:00
COMMAND         %CPU   RSS
mysqld          82.6 829936
isuride         17.7 21164
curl            14.2 12324
bench           12.5 137888
nginx            1.6  9764
nginx            1.6  9684
systemd-journal  0.8 45664
jbd2/sda1-8      0.7     0
rsyslogd         0.5  5524
2026-09-26T09:07:21+00:00
COMMAND         %CPU   RSS
mysqld          82.7 836188
isuride         17.8 20564
bench           12.5 137896
curl             7.1 12320
nginx            1.6  9764
nginx            1.6  9684
systemd-journal  0.8 45664
jbd2/sda1-8      0.7     0
rsyslogd         0.5  5524
2026-09-26T09:07:23+00:00
COMMAND         %CPU   RSS
mysqld          82.8 839016
isuride         17.9 21236
bench           12.5 143536
nginx            1.7  9764
nginx            1.6  9688
systemd-journal  0.9 45664
jbd2/sda1-8      0.7     0
rsyslogd         0.5  5524
kworker/1:1H-kb  0.2     0
2026-09-26T09:07:25+00:00
COMMAND         %CPU   RSS
mysqld          82.9 889864
isuride         18.0 21048
bench           12.4 143708
nginx            1.7  9764
nginx            1.6  9692
systemd-journal  0.9 45664
jbd2/sda1-8      0.7     0
rsyslogd         0.5  5524
kworker/1:1H-kb  0.2     0
2026-09-26T09:07:27+00:00
COMMAND         %CPU   RSS
mysqld          83.0 818760
isuride         18.2 18956
bench           12.4 152984
nginx            1.7  9764
nginx            1.6  9692
systemd-journal  0.9 46460
jbd2/sda1-8      0.7     0
rsyslogd         0.5  5524
kworker/1:1H-kb  0.2     0
2026-09-26T09:07:29+00:00
COMMAND         %CPU   RSS
mysqld          83.1 818808
isuride         18.6 18676
bench           12.3 153000
nginx            1.7  9764
nginx            1.6  9692
systemd-journal  0.9 50460
jbd2/sda1-8      0.7     0
rsyslogd         0.5  5524
kworker/1:1H-kb  0.2     0
