procs -----------memory---------- ---swap-- -----io---- -system-- -------cpu------- -----timestamp-----
 r  b   swpd   free   buff  cache   si   so    bi    bo   in   cs us sy id wa st gu                 UTC
 2  0      0 360824 162604 2561020    0    0   432 10749 7318  113 40 11 49  1  0  0 2026-09-26 09:06:25
 9  0      0 264100 162604 2566616    0    0     0 54268 16798 35260 32 14 40 15  0  0 2026-09-26 09:06:26
17  0      0 228672 162604 2572380    0    0     0  3420 15170 46278 70 11 18  1  0  0 2026-09-26 09:06:27
 0  0      0 227336 162604 2568144    0    0     0  9384 22657 64914 42 15 42  1  0  0 2026-09-26 09:06:28
17  0      0 203528 162604 2573808    0    0     0  6436 18926 55904 49 20 31  1  0  0 2026-09-26 09:06:29
 2  0      0 202344 162604 2569820    0    0     0  9020 23750 73759 47 19 33  2  0  0 2026-09-26 09:06:30
14  1      0 183672 162604 2571952    0    0     0 10232 21804 68385 57 22 20  1  0  0 2026-09-26 09:06:31
 0  0      0 209280 162604 2571792    0    0     0 10784 19089 70387 61 23 16  1  0  0 2026-09-26 09:06:32
12  1      0 169236 162604 2574504    0    0     0 10220 20411 74047 59 24 16  1  0  0 2026-09-26 09:06:33
 7  0      0 176852 162604 2575740    0    0     0 12800 20573 76377 59 27 13  1  0  0 2026-09-26 09:06:34
 8  0      0 154428 162604 2577020    0    0     0 13956 20006 71315 63 26 11  1  0  0 2026-09-26 09:06:35
46  1      0 155720 162604 2584668    0    0     0 14400 20632 77439 61 28 10  1  0  0 2026-09-26 09:06:36
22  0      0 214736 162608 2579652    0    0     0 30904 18530 68842 63 30  6  1  0  0 2026-09-26 09:06:37
18  1      0 178992 162608 2586244    0    0     0 17300 20601 77880 62 29  8  1  0  0 2026-09-26 09:06:38
15  1      0 185572 162608 2582244    0    0     0 15488 17573 60713 67 31  2  1  0  0 2026-09-26 09:06:39
19  0      0 159140 162608 2586412    0    0     0 16688 17801 59505 66 31  2  1  0  0 2026-09-26 09:06:40
13  0      0 185804 162608 2583772    0    0     0 16904 19106 74289 66 32  2  0  0  0 2026-09-26 09:06:41
16  0      0 177336 162608 2584648    0    0     0 19172 17194 70484 68 28  4  1  0  0 2026-09-26 09:06:42
24  0      0 183864 162608 2585584    0    0     0 17348 18938 72891 64 32  3  1  0  0 2026-09-26 09:06:43
22  0      0 104524 162608 2588552    0    0     0  9428 10335 33996 68 30  1  1  0  0 2026-09-26 09:06:44
10  1      0 125516 162608 2586320    0    0     0  7588 9638 30079 61 38  1  0  0  0 2026-09-26 09:06:45
procs -----------memory---------- ---swap-- -----io---- -system-- -------cpu------- -----timestamp-----
 r  b   swpd   free   buff  cache   si   so    bi    bo   in   cs us sy id wa st gu                 UTC
19  0      0 156660 162608 2586920    0    0     0 11768 12819 44394 71 28  1  0  0  0 2026-09-26 09:06:46
10  0      0 152688 162608 2597932    0    0     0 14856 16072 60650 65 30  4  1  0  0 2026-09-26 09:06:47
26  1      0 115344 162608 2588012    0    0     0  9340 12466 38805 66 31  2  1  0  0 2026-09-26 09:06:48
14  0      0  93416 162608 2593628    0    0     0 12740 13944 47491 64 31  3  2  0  0 2026-09-26 09:06:49
15  0      0  91004 162608 2589136    0    0     0 15092 17144 61523 65 33  2  1  0  0 2026-09-26 09:06:50
17  1      0 103104 162608 2591236    0    0     0 14408 17432 60604 64 30  5  2  0  0 2026-09-26 09:06:51
29  0      0 127496 162608 2590596    0    0     0 15520 19020 72468 63 30  6  1  0  0 2026-09-26 09:06:52
34  0      0  80720 162608 2595384    0    0     0 12816 16658 55113 70 27  2  1  0  0 2026-09-26 09:06:53
25  0      0  95532 162608 2591956    0    0     0 18348 18101 65371 67 29  3  1  0  0 2026-09-26 09:06:54
20  1      0 121628 162608 2592656    0    0     0 16428 14776 58706 68 28  3  1  0  0 2026-09-26 09:06:55
12  0      0 116352 162608 2605428    0    0     0 19056 19135 69108 66 27  5  2  0  0 2026-09-26 09:06:56
11  1      0 131464 162544 2586940    0    0     0 12048 12534 42615 69 30  1  0  0  0 2026-09-26 09:06:57
19  0      0  94412 162544 2593592    0    0     0 16784 15582 57693 69 28  3  1  0  0 2026-09-26 09:06:58
16  0      0 118392 162544 2589056    0    0     0 14184 17076 56346 65 28  4  2  0  0 2026-09-26 09:06:59
20  1      0  69548 162544 2593364    0    0     0 15284 14724 51367 69 28  2  1  0  0 2026-09-26 09:07:00
45  0      0  83796 162544 2591744    0    0     0 18112 18151 66958 65 31  3  1  0  0 2026-09-26 09:07:01
39  0      0  77124 162544 2596772    0    0     0 10088 10924 35898 68 30  2  1  0  0 2026-09-26 09:07:02
35  0      0  84576 162548 2594332    0    0     0 11092 9075 28686 66 32  1  1  0  0 2026-09-26 09:07:03
33  0      0  89752 162548 2593684    0    0     0 14484 14681 50958 70 30  0  0  0  0 2026-09-26 09:07:04
 8  0      0  87764 162548 2605012    0    0     0 17440 17888 65609 64 32  3  1  0  0 2026-09-26 09:07:05
17  0      0 181004 161068 2540568    0    0     0 16692 17161 62140 66 33  1  0  0  0 2026-09-26 09:07:06
procs -----------memory---------- ---swap-- -----io---- -system-- -------cpu------- -----timestamp-----
 r  b   swpd   free   buff  cache   si   so    bi    bo   in   cs us sy id wa st gu                 UTC
33  1      0 126280 161068 2550604    0    0     0 16936 17500 63496 68 26  5  1  0  0 2026-09-26 09:07:07
31  0      0 149724 161068 2544000    0    0     0 17096 16660 64837 69 31  1  1  0  0 2026-09-26 09:07:08
15  0      0 112124 161068 2550136    0    0     0 18848 17540 56740 67 29  4  1  0  0 2026-09-26 09:07:09
32  0      0 135624 161068 2546188    0    0     0 15472 16501 58388 67 30  2  1  0  0 2026-09-26 09:07:10
23  0      0 100544 161068 2551256    0    0     0 17576 15642 56017 72 27  1  0  0  0 2026-09-26 09:07:11
19  0      0 142040 161068 2547200    0    0     0 16604 17263 62393 66 29  4  2  0  0 2026-09-26 09:07:12
22  1      0 115216 161068 2547592    0    0     0 11308 14230 42286 73 27  0  0  0  0 2026-09-26 09:07:13
31  0      0 135516 161068 2559424    0    0     0 15056 15882 59053 71 26  3  1  0  0 2026-09-26 09:07:14
 6  1      0  69820 161068 2551660    0    0     0 13848 13931 47823 71 27  1  1  0  0 2026-09-26 09:07:15
26  0      0 110568 161068 2559756    0    0     0 16736 16362 58795 69 27  3  1  0  0 2026-09-26 09:07:16
42  0      0 104008 161068 2550532    0    0     0 16520 17556 58840 69 29  2  1  0  0 2026-09-26 09:07:17
15  0      0  85216 161008 2550072    0    0     0 14952 14171 51588 72 29  0  0  0  0 2026-09-26 09:07:18
20  0      0 221916 160460 2476676    0    0     0 18800 15438 55897 66 30  3  1  0  0 2026-09-26 09:07:19
10  0      0 168952 160460 2478844    0    0     0 15604 13815 52159 72 28  0  0  0  0 2026-09-26 09:07:20
38  0      0 181840 160460 2477748    0    0     0 17828 17983 65989 66 33  1  0  0  0 2026-09-26 09:07:21
14  0      0 154668 160460 2479992    0    0     0 14464 14748 50565 71 28  1  1  0  0 2026-09-26 09:07:22
15  0      0 174208 160460 2490800    0    0     0 16800 17217 62117 68 29  3  1  0  0 2026-09-26 09:07:23
18  1      0 175160 160460 2480900    0    0     0 14488 14635 44150 73 27  0  0  0  0 2026-09-26 09:07:24
54  0      0 166416 160460 2488224    0    0     0 15336 16808 56090 71 26  3  1  0  0 2026-09-26 09:07:25
21  0      0 191964 160460 2480136    0    0     0 17860 15626 56704 74 25  1  0  0  0 2026-09-26 09:07:26
 5  0      0 208552 160460 2481180    0    0     0  1308 15489 74027 74 20  7  0  0  0 2026-09-26 09:07:27
procs -----------memory---------- ---swap-- -----io---- -system-- -------cpu------- -----timestamp-----
 r  b   swpd   free   buff  cache   si   so    bi    bo   in   cs us sy id wa st gu                 UTC
 5  0      0 208888 160460 2482416    0    0     0   948 18503 84277 66 22 12  0  0  0 2026-09-26 09:07:28
 5  0      0 214300 160460 2483692    0    0     0   784 17245 79805 70 20 10  0  0  0 2026-09-26 09:07:29
12  0      0 211988 160460 2484776    0    0     0   748 17244 80587 68 21 12  0  0  0 2026-09-26 09:07:30
