time=18:25:00.410 level=INFO msg=負荷走行を開始します
time=18:25:00.410 level=DEBUG source=/tmp/isucon14/bench/cmd/run.go:90 msg=target targetURL=https://isuride.xiv.isucon.net targetAddr=127.0.0.1:443 benchrun.GetTargetAddress()="" paymentURL=http://127.0.0.1:12346
time=18:25:03.136 level=DEBUG source=/tmp/isucon14/bench/benchmarker/scenario/scenario.go:315 msg=時間経過 tick=60
time=18:25:03.137 level=DEBUG source=/tmp/isucon14/bench/benchmarker/scenario/scenario.go:317 msg=eval reqs=0 score="[0 0 0 0 0]" criteria="[0 0 0 0]"
time=18:25:04.936 level=DEBUG source=/tmp/isucon14/bench/benchmarker/scenario/scenario.go:315 msg=時間経過 tick=120
time=18:25:04.936 level=DEBUG source=/tmp/isucon14/bench/benchmarker/scenario/scenario.go:317 msg=eval reqs=0 score="[0 0 0 0 0]" criteria="[0 0 0 0]"
time=18:25:06.736 level=DEBUG source=/tmp/isucon14/bench/benchmarker/scenario/scenario.go:315 msg=時間経過 tick=180
time=18:25:06.736 level=DEBUG source=/tmp/isucon14/bench/benchmarker/scenario/scenario.go:317 msg=eval reqs=1 score="[0 0 0 1 0]" criteria="[1 0 1 1]"
time=18:25:06.736 level=INFO msg=これまでに地域内の評判によって1人、既存ユーザーの招待経由で1人が新規登録しました
time=18:25:06.736 level=INFO msg=0.0%のライドは椅子がマッチされるまでの時間、100.0%のライドはマッチされた椅子が乗車地点までに掛かる時間、0.0%のライドは椅子の実移動時間に不満がありました
time=18:25:08.536 level=DEBUG source=/tmp/isucon14/bench/benchmarker/scenario/scenario.go:315 msg=時間経過 tick=240
time=18:25:08.536 level=DEBUG source=/tmp/isucon14/bench/benchmarker/scenario/scenario.go:317 msg=eval reqs=1 score="[0 0 0 1 0]" criteria="[1 0 1 1]"
time=18:25:10.336 level=DEBUG source=/tmp/isucon14/bench/benchmarker/scenario/scenario.go:315 msg=時間経過 tick=300
time=18:25:10.336 level=DEBUG source=/tmp/isucon14/bench/benchmarker/scenario/scenario.go:317 msg=eval reqs=3 score="[0 0 0 2 1]" criteria="[3 1 3 3]"
time=18:25:12.136 level=INFO msg=これまでに地域内の評判によって4人、既存ユーザーの招待経由で3人が新規登録しました
time=18:25:12.136 level=INFO msg=これまでに低評価なライドによって1人が利用をやめました
time=18:25:12.136 level=INFO msg=25.0%のライドは椅子がマッチされるまでの時間、75.0%のライドはマッチされた椅子が乗車地点までに掛かる時間、12.5%のライドは椅子の実移動時間に不満がありました
time=18:25:12.136 level=DEBUG source=/tmp/isucon14/bench/benchmarker/scenario/scenario.go:315 msg=時間経過 tick=360
time=18:25:12.136 level=DEBUG source=/tmp/isucon14/bench/benchmarker/scenario/scenario.go:317 msg=eval reqs=4 score="[0 1 0 2 1]" criteria="[3 1 4 3]"
time=18:25:13.932 level=INFO msg=一定の売上が立ったためオーナーの椅子が増加します 名前=椅子再生工房 増加数=1
time=18:25:13.935 level=DEBUG source=/tmp/isucon14/bench/benchmarker/scenario/scenario.go:315 msg=時間経過 tick=420
time=18:25:13.936 level=DEBUG source=/tmp/isucon14/bench/benchmarker/scenario/scenario.go:317 msg=eval reqs=8 score="[1 1 2 3 1]" criteria="[6 1 6 5]"
time=18:25:13.939 level=INFO msg=一定の売上が立ったためオーナーの椅子が増加します 名前="Skyline Taxis" 増加数=1
time=18:25:15.732 level=INFO msg=一定の売上が立ったためオーナーの椅子が増加します 名前="Skyline Taxis" 増加数=1
time=18:25:15.735 level=DEBUG source=/tmp/isucon14/bench/benchmarker/scenario/scenario.go:315 msg=時間経過 tick=480
time=18:25:15.735 level=DEBUG source=/tmp/isucon14/bench/benchmarker/scenario/scenario.go:317 msg=eval reqs=14 score="[1 2 6 4 1]" criteria="[12 1 9 8]"
time=18:25:15.738 level=INFO msg=一定の売上が立ったためオーナーの椅子が増加します 名前=座心工房 増加数=1
time=18:25:17.536 level=DEBUG source=/tmp/isucon14/bench/benchmarker/scenario/scenario.go:315 msg=時間経過 tick=540
time=18:25:17.536 level=DEBUG source=/tmp/isucon14/bench/benchmarker/scenario/scenario.go:317 msg=eval reqs=18 score="[2 3 7 5 1]" criteria="[14 1 10 11]"
time=18:25:17.536 level=INFO msg=これまでに地域内の評判によって9人、既存ユーザーの招待経由で6人が新規登録しました
time=18:25:17.536 level=INFO msg=これまでに低評価なライドによって3人が利用をやめました
time=18:25:17.536 level=INFO msg=22.2%のライドは椅子がマッチされるまでの時間、94.4%のライドはマッチされた椅子が乗車地点までに掛かる時間、41.7%のライドは椅子の実移動時間に不満がありました
time=18:25:19.336 level=DEBUG source=/tmp/isucon14/bench/benchmarker/scenario/scenario.go:315 msg=時間経過 tick=600
time=18:25:19.336 level=DEBUG source=/tmp/isucon14/bench/benchmarker/scenario/scenario.go:317 msg=eval reqs=22 score="[3 4 9 5 1]" criteria="[17 1 11 12]"
time=18:25:21.135 level=DEBUG source=/tmp/isucon14/bench/benchmarker/scenario/scenario.go:315 msg=時間経過 tick=660
time=18:25:21.135 level=DEBUG source=/tmp/isucon14/bench/benchmarker/scenario/scenario.go:317 msg=eval reqs=23 score="[3 4 10 5 1]" criteria="[17 1 12 13]"
time=18:25:22.936 level=INFO msg=これまでに地域内の評判によって18人、既存ユーザーの招待経由で6人が新規登録しました
time=18:25:22.936 level=INFO msg=これまでに低評価なライドによって5人が利用をやめました
time=18:25:22.936 level=INFO msg=33.3%のライドは椅子がマッチされるまでの時間、96.3%のライドはマッチされた椅子が乗車地点までに掛かる時間、46.3%のライドは椅子の実移動時間に不満がありました
time=18:25:22.936 level=DEBUG source=/tmp/isucon14/bench/benchmarker/scenario/scenario.go:315 msg=時間経過 tick=720
time=18:25:22.936 level=DEBUG source=/tmp/isucon14/bench/benchmarker/scenario/scenario.go:317 msg=eval reqs=27 score="[4 5 12 5 1]" criteria="[18 1 14 15]"
time=18:25:22.958 level=INFO msg=一定の売上が立ったためオーナーの椅子が増加します 名前="Skyline Taxis" 増加数=1
time=18:25:24.736 level=DEBUG source=/tmp/isucon14/bench/benchmarker/scenario/scenario.go:315 msg=時間経過 tick=780
time=18:25:24.736 level=DEBUG source=/tmp/isucon14/bench/benchmarker/scenario/scenario.go:317 msg=eval reqs=31 score="[6 6 13 5 1]" criteria="[18 1 15 17]"
time=18:25:24.756 level=INFO msg=一定の売上が立ったためオーナーの椅子が増加します 名前="Artisan Seats" 増加数=1
time=18:25:24.767 level=INFO msg=一定の売上が立ったためオーナーの椅子が増加します 名前=座心工房 増加数=1
time=18:25:26.536 level=DEBUG source=/tmp/isucon14/bench/benchmarker/scenario/scenario.go:315 msg=時間経過 tick=840
time=18:25:26.536 level=DEBUG source=/tmp/isucon14/bench/benchmarker/scenario/scenario.go:317 msg=eval reqs=33 score="[7 6 14 5 1]" criteria="[18 1 16 18]"
time=18:25:26.571 level=INFO msg=一定の売上が立ったためオーナーの椅子が増加します 名前="Skyline Taxis" 増加数=1
time=18:25:28.336 level=INFO msg=これまでに地域内の評判によって25人、既存ユーザーの招待経由で6人が新規登録しました
time=18:25:28.336 level=INFO msg=これまでに低評価なライドによって9人が利用をやめました
time=18:25:28.336 level=INFO msg=42.9%のライドは椅子がマッチされるまでの時間、97.1%のライドはマッチされた椅子が乗車地点までに掛かる時間、51.4%のライドは椅子の実移動時間に不満がありました
time=18:25:28.336 level=DEBUG source=/tmp/isucon14/bench/benchmarker/scenario/scenario.go:315 msg=時間経過 tick=900
time=18:25:28.336 level=DEBUG source=/tmp/isucon14/bench/benchmarker/scenario/scenario.go:317 msg=eval reqs=35 score="[7 8 14 5 1]" criteria="[20 1 16 18]"
time=18:25:30.135 level=DEBUG source=/tmp/isucon14/bench/benchmarker/scenario/scenario.go:315 msg=時間経過 tick=960
time=18:25:30.135 level=DEBUG source=/tmp/isucon14/bench/benchmarker/scenario/scenario.go:317 msg=eval reqs=39 score="[8 11 14 5 1]" criteria="[21 1 18 18]"
time=18:25:30.155 level=INFO msg=一定の売上が立ったためオーナーの椅子が増加します 名前=座心工房 増加数=2
time=18:25:31.936 level=DEBUG source=/tmp/isucon14/bench/benchmarker/scenario/scenario.go:315 msg=時間経過 tick=1020
time=18:25:31.936 level=DEBUG source=/tmp/isucon14/bench/benchmarker/scenario/scenario.go:317 msg=eval reqs=40 score="[8 11 15 5 1]" criteria="[21 2 19 18]"
time=18:25:31.955 level=INFO msg=一定の売上が立ったためオーナーの椅子が増加します 名前=椅子再生工房 増加数=1
time=18:25:33.736 level=INFO msg=これまでに地域内の評判によって31人、既存ユーザーの招待経由で6人が新規登録しました
time=18:25:33.736 level=INFO msg=これまでに低評価なライドによって14人が利用をやめました
time=18:25:33.736 level=INFO msg=51.2%のライドは椅子がマッチされるまでの時間、93.0%のライドはマッチされた椅子が乗車地点までに掛かる時間、54.7%のライドは椅子の実移動時間に不満がありました
time=18:25:33.736 level=DEBUG source=/tmp/isucon14/bench/benchmarker/scenario/scenario.go:315 msg=時間経過 tick=1080
time=18:25:33.736 level=DEBUG source=/tmp/isucon14/bench/benchmarker/scenario/scenario.go:317 msg=eval reqs=43 score="[9 12 16 5 1]" criteria="[21 3 21 18]"
time=18:25:33.803 level=INFO msg=一定の売上が立ったためオーナーの椅子が増加します 名前=座心工房 増加数=1
time=18:25:35.541 level=DEBUG source=/tmp/isucon14/bench/benchmarker/scenario/scenario.go:315 msg=時間経過 tick=1140
time=18:25:35.544 level=DEBUG source=/tmp/isucon14/bench/benchmarker/scenario/scenario.go:317 msg=eval reqs=47 score="[11 14 16 5 1]" criteria="[21 3 23 18]"
time=18:25:35.615 level=INFO msg=一定の売上が立ったためオーナーの椅子が増加します 名前=椅子再生工房 増加数=1
time=18:25:37.336 level=DEBUG source=/tmp/isucon14/bench/benchmarker/scenario/scenario.go:315 msg=時間経過 tick=1200
time=18:25:37.336 level=DEBUG source=/tmp/isucon14/bench/benchmarker/scenario/scenario.go:317 msg=eval reqs=48 score="[11 14 17 5 1]" criteria="[21 4 24 18]"
time=18:25:37.415 level=INFO msg=一定の売上が立ったためオーナーの椅子が増加します 名前="Skyline Taxis" 増加数=1
time=18:25:39.136 level=INFO msg=これまでに地域内の評判によって39人、既存ユーザーの招待経由で6人が新規登録しました
time=18:25:39.136 level=INFO msg=これまでに低評価なライドによって18人が利用をやめました
time=18:25:39.136 level=INFO msg=59.6%のライドは椅子がマッチされるまでの時間、92.3%のライドはマッチされた椅子が乗車地点までに掛かる時間、57.7%のライドは椅子の実移動時間に不満がありました
time=18:25:39.136 level=DEBUG source=/tmp/isucon14/bench/benchmarker/scenario/scenario.go:315 msg=時間経過 tick=1260
time=18:25:39.136 level=DEBUG source=/tmp/isucon14/bench/benchmarker/scenario/scenario.go:317 msg=eval reqs=52 score="[13 16 17 5 1]" criteria="[21 4 25 19]"
time=18:25:39.205 level=WARN msg="取得したオーナーの椅子一覧の情報が想定しているものと異なります (CODE=26): total_distanceの反映が遅いデータがあります (id: 01M3EGH7N4ZJSN7466NNPPGHP7)"
time=18:25:40.936 level=DEBUG source=/tmp/isucon14/bench/benchmarker/scenario/scenario.go:315 msg=時間経過 tick=1320
time=18:25:40.936 level=DEBUG source=/tmp/isucon14/bench/benchmarker/scenario/scenario.go:317 msg=eval reqs=54 score="[14 17 17 5 1]" criteria="[21 4 25 20]"
time=18:25:40.950 level=INFO msg=一定の売上が立ったためオーナーの椅子が増加します 名前="Artisan Seats" 増加数=1
time=18:25:40.975 level=INFO msg=一定の売上が立ったためオーナーの椅子が増加します 名前="Skyline Taxis" 増加数=1
time=18:25:40.977 level=INFO msg=一定の売上が立ったためオーナーの椅子が増加します 名前=座心工房 増加数=1
time=18:25:42.735 level=DEBUG source=/tmp/isucon14/bench/benchmarker/scenario/scenario.go:315 msg=時間経過 tick=1380
time=18:25:42.736 level=DEBUG source=/tmp/isucon14/bench/benchmarker/scenario/scenario.go:317 msg=eval reqs=54 score="[14 17 17 5 1]" criteria="[21 4 25 20]"
time=18:25:44.535 level=DEBUG source=/tmp/isucon14/bench/benchmarker/scenario/scenario.go:315 msg=時間経過 tick=1440
time=18:25:44.536 level=DEBUG source=/tmp/isucon14/bench/benchmarker/scenario/scenario.go:317 msg=eval reqs=54 score="[14 17 17 5 1]" criteria="[21 4 25 20]"
time=18:25:44.536 level=INFO msg=これまでに地域内の評判によって45人、既存ユーザーの招待経由で6人が新規登録しました
time=18:25:44.536 level=INFO msg=これまでに低評価なライドによって20人が利用をやめました
time=18:25:44.536 level=INFO msg=61.1%のライドは椅子がマッチされるまでの時間、92.6%のライドはマッチされた椅子が乗車地点までに掛かる時間、58.3%のライドは椅子の実移動時間に不満がありました
time=18:25:46.335 level=DEBUG source=/tmp/isucon14/bench/benchmarker/scenario/scenario.go:315 msg=時間経過 tick=1500
time=18:25:46.335 level=DEBUG source=/tmp/isucon14/bench/benchmarker/scenario/scenario.go:317 msg=eval reqs=58 score="[18 17 17 5 1]" criteria="[21 4 25 20]"
time=18:25:46.424 level=INFO msg=一定の売上が立ったためオーナーの椅子が増加します 名前=座心工房 増加数=1
time=18:25:48.135 level=DEBUG source=/tmp/isucon14/bench/benchmarker/scenario/scenario.go:315 msg=時間経過 tick=1560
time=18:25:48.135 level=DEBUG source=/tmp/isucon14/bench/benchmarker/scenario/scenario.go:317 msg=eval reqs=60 score="[20 17 17 5 1]" criteria="[21 4 25 20]"
time=18:25:48.246 level=INFO msg=一定の売上が立ったためオーナーの椅子が増加します 名前=座心工房 増加数=1
time=18:25:49.936 level=INFO msg=これまでに地域内の評判によって51人、既存ユーザーの招待経由で6人が新規登録しました
time=18:25:49.936 level=INFO msg=これまでに低評価なライドによって27人が利用をやめました
time=18:25:49.936 level=INFO msg=66.1%のライドは椅子がマッチされるまでの時間、93.5%のライドはマッチされた椅子が乗車地点までに掛かる時間、63.7%のライドは椅子の実移動時間に不満がありました
time=18:25:49.936 level=DEBUG source=/tmp/isucon14/bench/benchmarker/scenario/scenario.go:315 msg=時間経過 tick=1620
time=18:25:49.936 level=DEBUG source=/tmp/isucon14/bench/benchmarker/scenario/scenario.go:317 msg=eval reqs=62 score="[22 17 17 5 1]" criteria="[21 4 25 20]"
time=18:25:50.018 level=INFO msg=一定の売上が立ったためオーナーの椅子が増加します 名前=椅子再生工房 増加数=1
time=18:25:51.735 level=DEBUG source=/tmp/isucon14/bench/benchmarker/scenario/scenario.go:315 msg=時間経過 tick=1680
time=18:25:51.736 level=DEBUG source=/tmp/isucon14/bench/benchmarker/scenario/scenario.go:317 msg=eval reqs=64 score="[24 17 17 5 1]" criteria="[21 4 25 20]"
time=18:25:51.821 level=INFO msg=一定の売上が立ったためオーナーの椅子が増加します 名前="Skyline Taxis" 増加数=1
time=18:25:53.536 level=DEBUG source=/tmp/isucon14/bench/benchmarker/scenario/scenario.go:315 msg=時間経過 tick=1740
time=18:25:53.536 level=DEBUG source=/tmp/isucon14/bench/benchmarker/scenario/scenario.go:317 msg=eval reqs=65 score="[25 17 17 5 1]" criteria="[21 4 25 20]"
time=18:25:55.335 level=INFO msg=これまでに地域内の評判によって57人、既存ユーザーの招待経由で7人が新規登録しました
time=18:25:55.335 level=INFO msg=これまでに低評価なライドによって30人が利用をやめました
time=18:25:55.335 level=INFO msg=68.7%のライドは椅子がマッチされるまでの時間、92.5%のライドはマッチされた椅子が乗車地点までに掛かる時間、64.2%のライドは椅子の実移動時間に不満がありました
time=18:25:55.335 level=DEBUG source=/tmp/isucon14/bench/benchmarker/scenario/scenario.go:315 msg=時間経過 tick=1800
time=18:25:55.335 level=DEBUG source=/tmp/isucon14/bench/benchmarker/scenario/scenario.go:317 msg=eval reqs=67 score="[25 18 17 6 1]" criteria="[21 5 26 22]"
time=18:25:57.136 level=DEBUG source=/tmp/isucon14/bench/benchmarker/scenario/scenario.go:315 msg=時間経過 tick=1860
time=18:25:57.136 level=DEBUG source=/tmp/isucon14/bench/benchmarker/scenario/scenario.go:317 msg=eval reqs=68 score="[26 18 17 6 1]" criteria="[21 5 26 22]"
time=18:25:57.201 level=INFO msg=一定の売上が立ったためオーナーの椅子が増加します 名前="Artisan Seats" 増加数=1
time=18:25:58.936 level=DEBUG source=/tmp/isucon14/bench/benchmarker/scenario/scenario.go:315 msg=時間経過 tick=1920
time=18:25:58.936 level=DEBUG source=/tmp/isucon14/bench/benchmarker/scenario/scenario.go:317 msg=eval reqs=69 score="[27 18 17 6 1]" criteria="[21 5 26 22]"
time=18:25:59.074 level=INFO msg=一定の売上が立ったためオーナーの椅子が増加します 名前="Skyline Taxis" 増加数=1
time=18:26:00.736 level=DEBUG source=/tmp/isucon14/bench/benchmarker/scenario/scenario.go:315 msg=時間経過 tick=1980
time=18:26:00.736 level=DEBUG source=/tmp/isucon14/bench/benchmarker/scenario/scenario.go:317 msg=eval reqs=69 score="[27 18 17 6 1]" criteria="[21 5 26 22]"
time=18:26:00.736 level=INFO msg=これまでに地域内の評判によって63人、既存ユーザーの招待経由で7人が新規登録しました
time=18:26:00.736 level=INFO msg=これまでに低評価なライドによって32人が利用をやめました
time=18:26:00.736 level=INFO msg=69.6%のライドは椅子がマッチされるまでの時間、92.8%のライドはマッチされた椅子が乗車地点までに掛かる時間、65.2%のライドは椅子の実移動時間に不満がありました
time=18:26:06.336 level=INFO msg=最終地域情報 名前=チェアタウン ユーザー登録数=49 アクティブユーザー数=25
time=18:26:06.336 level=INFO msg=最終地域情報 名前=コシカケシティ ユーザー登録数=33 アクティブユーザー数=24
time=18:26:06.336 level=INFO msg=最終オーナー情報 名前="Artisan Seats" 売上=53100 椅子数=7
time=18:26:06.336 level=INFO msg=最終オーナー情報 名前=椅子再生工房 売上=74200 椅子数=8
time=18:26:06.336 level=INFO msg=最終オーナー情報 名前="Skyline Taxis" 売上=132700 椅子数=12
time=18:26:06.336 level=INFO msg=最終オーナー情報 名前=レトロ椅子館 売上=14700 椅子数=4
time=18:26:06.336 level=INFO msg=最終オーナー情報 名前=座心工房 売上=135000 椅子数=12
time=18:26:06.336 level=INFO msg=70.0%のライドは椅子がマッチされるまでの時間、92.9%のライドはマッチされた椅子が乗車地点までに掛かる時間、65.7%のライドは椅子の実移動時間に不満がありました
time=18:26:06.336 level=INFO msg=結果 pass=true スコア=7104 種別エラー数=map[26:1]
time=18:26:06.336 level=INFO msg=負荷走行が終了しました
