2026-09-26T09:25:00+00:00
COMMAND         %CPU   RSS
mysqld          17.8 592596
nginx            0.8  9568
nginx            0.7  9508
systemd-journal  0.5 143988
jbd2/sda1-8      0.2     0
rsyslogd         0.2  5528
rcu_preempt      0.1     0
kworker/1:1H-kb  0.0     0
kworker/0:1H-kb  0.0     0
2026-09-26T09:25:02+00:00
COMMAND         %CPU   RSS
mysqld          17.9 679900
bench            8.9 49732
isuride          0.8 15168
nginx            0.8  9568
nginx            0.7  9508
systemd-journal  0.5 144464
jbd2/sda1-8      0.2     0
rsyslogd         0.2  5528
rcu_preempt      0.1     0
2026-09-26T09:25:04+00:00
COMMAND         %CPU   RSS
mysqld          18.1 633368
bench            8.4 52188
isuride          2.3 15404
nginx            0.8  9568
nginx            0.7  9508
systemd-journal  0.5 145364
jbd2/sda1-8      0.2     0
rsyslogd         0.2  5528
rcu_preempt      0.1     0
2026-09-26T09:25:06+00:00
COMMAND         %CPU   RSS
mysqld          18.2 637560
bench            8.9 52340
isuride          3.8 15872
nginx            0.8  9568
nginx            0.7  9508
systemd-journal  0.5 146452
rsyslogd         0.2  5528
jbd2/sda1-8      0.2     0
rcu_preempt      0.1     0
2026-09-26T09:25:08+00:00
COMMAND         %CPU   RSS
mysqld          18.4 642104
bench            9.3 55524
isuride          5.2 16404
nginx            0.8  9568
nginx            0.7  9508
systemd-journal  0.5 147652
rsyslogd         0.2  5528
jbd2/sda1-8      0.2     0
rcu_preempt      0.1     0
2026-09-26T09:25:10+00:00
COMMAND         %CPU   RSS
mysqld          18.6 645248
bench            9.7 58228
isuride          6.5 16492
nginx            0.8  9568
nginx            0.7  9508
systemd-journal  0.5 151432
rsyslogd         0.2  5528
jbd2/sda1-8      0.2     0
rcu_preempt      0.1     0
2026-09-26T09:25:12+00:00
COMMAND         %CPU   RSS
mysqld          18.8 648792
bench            9.7 62640
isuride          7.6 16828
nginx            0.8  9568
nginx            0.7  9508
systemd-journal  0.5 153472
rsyslogd         0.2  5528
jbd2/sda1-8      0.2     0
rcu_preempt      0.1     0
2026-09-26T09:25:14+00:00
COMMAND         %CPU   RSS
mysqld          19.0 653308
bench           10.0 65308
isuride          8.5 17880
nginx            0.8  9568
nginx            0.7  9508
systemd-journal  0.5 154660
rsyslogd         0.2  5528
jbd2/sda1-8      0.2     0
rcu_preempt      0.1     0
2026-09-26T09:25:16+00:00
COMMAND         %CPU   RSS
mysqld          19.2 656436
bench           10.2 72220
isuride          9.3 16880
nginx            0.8  9568
nginx            0.7  9508
systemd-journal  0.5 155692
jbd2/sda1-8      0.2     0
rsyslogd         0.2  5528
rcu_preempt      0.1     0
2026-09-26T09:25:18+00:00
COMMAND         %CPU   RSS
mysqld          19.4 659872
bench           10.4 77480
isuride         10.0 17248
nginx            0.8  9568
nginx            0.7  9508
systemd-journal  0.5 158732
jbd2/sda1-8      0.2     0
rsyslogd         0.2  5528
rcu_preempt      0.1     0
2026-09-26T09:25:20+00:00
COMMAND         %CPU   RSS
mysqld          19.7 672456
isuride         10.7 17336
bench           10.5 84236
nginx            0.8  9568
nginx            0.7  9508
systemd-journal  0.5 161668
jbd2/sda1-8      0.2     0
rsyslogd         0.2  5528
rcu_preempt      0.1     0
2026-09-26T09:25:22+00:00
COMMAND         %CPU   RSS
mysqld          19.9 697304
isuride         11.2 17936
bench           10.6 89612
nginx            0.9  9568
nginx            0.7  9508
systemd-journal  0.5 165944
jbd2/sda1-8      0.2     0
rsyslogd         0.2  5528
rcu_preempt      0.1     0
2026-09-26T09:25:24+00:00
COMMAND         %CPU   RSS
mysqld          20.1 667840
isuride         11.8 17496
bench           10.7 94376
curl             8.3 12304
nginx            0.9  9568
nginx            0.7  9508
systemd-journal  0.5 167028
jbd2/sda1-8      0.2     0
rsyslogd         0.2  5528
2026-09-26T09:25:26+00:00
COMMAND         %CPU   RSS
mysqld          20.3 668600
isuride         12.4 17476
bench           10.8 99056
nginx            0.9  9568
nginx            0.7  9508
systemd-journal  0.5 168296
rsyslogd         0.2  5528
jbd2/sda1-8      0.2     0
rcu_preempt      0.1     0
2026-09-26T09:25:28+00:00
COMMAND         %CPU   RSS
mysqld          20.6 668736
isuride         12.9 17948
bench           11.0 101644
nginx            0.9  9568
nginx            0.7  9508
systemd-journal  0.5 169500
rsyslogd         0.2  5528
jbd2/sda1-8      0.2     0
rcu_preempt      0.1     0
2026-09-26T09:25:30+00:00
COMMAND         %CPU   RSS
mysqld          20.8 672060
isuride         13.3 18272
bench           11.1 102180
nginx            0.9  9568
nginx            0.7  9508
systemd-journal  0.5 173640
rsyslogd         0.2  5528
jbd2/sda1-8      0.2     0
rcu_preempt      0.1     0
2026-09-26T09:25:32+00:00
COMMAND         %CPU   RSS
mysqld          21.0 673184
isuride         13.7 18852
bench           11.2 107684
nginx            0.9  9568
nginx            0.7  9508
systemd-journal  0.5 175424
rsyslogd         0.2  5528
jbd2/sda1-8      0.2     0
rcu_preempt      0.1     0
2026-09-26T09:25:34+00:00
COMMAND         %CPU   RSS
mysqld          21.2 673656
isuride         14.0 18404
bench           11.2 111364
nginx            0.9  9568
nginx            0.8  9508
systemd-journal  0.5 176588
rsyslogd         0.2  5528
jbd2/sda1-8      0.2     0
rcu_preempt      0.1     0
2026-09-26T09:25:36+00:00
COMMAND         %CPU   RSS
mysqld          21.5 672912
isuride         14.4 18740
bench           11.3 114488
nginx            0.9  9568
nginx            0.8  9508
systemd-journal  0.5 179704
rsyslogd         0.2  5528
jbd2/sda1-8      0.2     0
rcu_preempt      0.1     0
2026-09-26T09:25:38+00:00
COMMAND         %CPU   RSS
mysqld          21.7 700408
isuride         14.7 20152
bench           11.3 116976
nginx            0.9  9568
nginx            0.8  9508
systemd-journal  0.5 181364
rsyslogd         0.2  5528
jbd2/sda1-8      0.2     0
rcu_preempt      0.1     0
2026-09-26T09:25:40+00:00
COMMAND         %CPU   RSS
mysqld          22.0 706924
isuride         15.0 19988
bench           11.4 121500
nginx            0.9  9568
nginx            0.8  9508
systemd-journal  0.6 182656
rsyslogd         0.2  5528
jbd2/sda1-8      0.2     0
rcu_preempt      0.1     0
2026-09-26T09:25:42+00:00
COMMAND         %CPU   RSS
mysqld          22.2 696504
isuride         15.3 19328
bench           11.3 121520
nginx            0.9  9568
nginx            0.8  9508
systemd-journal  0.6 183748
jbd2/sda1-8      0.2     0
rsyslogd         0.2  5528
rcu_preempt      0.1     0
2026-09-26T09:25:44+00:00
COMMAND         %CPU   RSS
mysqld          22.4 661632
isuride         15.6 19508
bench           11.3 128516
nginx            0.9  9568
nginx            0.8  9508
systemd-journal  0.6 184436
jbd2/sda1-8      0.2     0
rsyslogd         0.2  5528
rcu_preempt      0.1     0
2026-09-26T09:25:46+00:00
COMMAND         %CPU   RSS
mysqld          22.6 662804
isuride         15.8 20044
bench           11.3 134640
nginx            0.9  9568
nginx            0.8  9508
systemd-journal  0.6 186692
jbd2/sda1-8      0.2     0
rsyslogd         0.2  5528
rcu_preempt      0.1     0
2026-09-26T09:25:48+00:00
COMMAND         %CPU   RSS
mysqld          22.9 660768
isuride         16.1 20040
bench           11.3 135380
nginx            0.9  9568
nginx            0.8  9508
systemd-journal  0.6 190764
jbd2/sda1-8      0.2     0
rsyslogd         0.2  5528
rcu_preempt      0.1     0
2026-09-26T09:25:50+00:00
COMMAND         %CPU   RSS
mysqld          23.1 660848
isuride         16.3 19764
bench           11.4 140964
nginx            0.9  9568
nginx            0.8  9508
systemd-journal  0.6 192288
jbd2/sda1-8      0.2     0
rsyslogd         0.2  5528
rcu_preempt      0.1     0
2026-09-26T09:25:52+00:00
COMMAND         %CPU   RSS
mysqld          23.3 662020
isuride         16.5 19984
bench           11.3 141160
nginx            0.9  9568
nginx            0.8  9508
systemd-journal  0.6 193524
jbd2/sda1-8      0.3     0
rsyslogd         0.2  5528
rcu_preempt      0.1     0
2026-09-26T09:25:54+00:00
COMMAND         %CPU   RSS
mysqld          23.5 659300
isuride         16.7 21076
bench           11.4 147688
nginx            0.9  9568
nginx            0.8  9512
systemd-journal  0.6 196160
jbd2/sda1-8      0.3     0
rsyslogd         0.3  5528
rcu_preempt      0.1     0
2026-09-26T09:25:56+00:00
COMMAND         %CPU   RSS
mysqld          23.8 691392
isuride         16.9 21972
bench           11.4 147724
nginx            0.9  9568
nginx            0.8  9560
systemd-journal  0.6 198712
jbd2/sda1-8      0.3     0
rsyslogd         0.3  5528
rcu_preempt      0.1     0
2026-09-26T09:25:58+00:00
COMMAND         %CPU   RSS
mysqld          24.0 728320
isuride         17.0 21608
bench           11.4 151372
nginx            1.0  9576
nginx            0.8  9560
systemd-journal  0.6 199904
jbd2/sda1-8      0.3     0
rsyslogd         0.3  5528
rcu_preempt      0.1     0
2026-09-26T09:26:00+00:00
COMMAND         %CPU   RSS
mysqld          24.2 681216
isuride         17.2 21832
bench           11.4 154288
nginx            1.0  9600
nginx            0.8  9572
systemd-journal  0.6 201092
jbd2/sda1-8      0.3     0
rsyslogd         0.3  5528
rcu_preempt      0.1     0
2026-09-26T09:26:02+00:00
COMMAND         %CPU   RSS
mysqld          24.4 641152
isuride         17.5 19424
bench           11.4 154756
nginx            1.0  9600
nginx            0.8  9572
systemd-journal  0.6 202576
jbd2/sda1-8      0.3     0
rsyslogd         0.3  5528
rcu_preempt      0.1     0
2026-09-26T09:26:04+00:00
COMMAND         %CPU   RSS
mysqld          24.6 640156
isuride         17.8 18936
bench           11.4 160732
nginx            1.0  9600
nginx            0.8  9572
systemd-journal  0.6 207624
jbd2/sda1-8      0.3     0
rsyslogd         0.3  5528
rcu_preempt      0.1     0
