procs -----------memory---------- ---swap-- -----io---- -system-- -------cpu------- -----timestamp-----
 r  b   swpd   free   buff  cache   si   so    bi    bo   in   cs us sy id wa st gu                 UTC
 3  0      0 2404500  88120 760632    0    0   554  2348 2684   44 12  4 84  0  0  0 2026-09-26 09:25:00
 6  1      0 2327300  88124 765412    0    0     8 54664 17498 37099 32 14 39 16  0  0 2026-09-26 09:25:01
 9  0      0 2275168  88124 771328    0    0     0  4884 16584 50548 69 12 18  1  0  0 2026-09-26 09:25:02
 8  0      0 2242688  88124 766980    0    0     0  6472 23165 67367 39 16 43  2  0  0 2026-09-26 09:25:03
 5  0      0 2224292  88124 769116    0    0     0  8664 23067 68564 51 20 28  1  0  0 2026-09-26 09:25:04
 0  1      0 2231408  88124 768872    0    0     0 12456 26308 80126 41 19 39  2  0  0 2026-09-26 09:25:05
17  1      0 2235220  88124 770028    0    0     0 24600 18555 65488 61 22 16  1  0  0 2026-09-26 09:25:06
11  0      0 2240024  88124 770820    0    0     0 10700 20329 70691 51 23 25  2  0  0 2026-09-26 09:25:07
 2  1      0 2222472  88124 771780    0    0     0 14016 20503 72689 61 24 14  1  0  0 2026-09-26 09:25:08
 7  0      0 2230916  88124 773196    0    0     0 14724 22026 80742 54 26 18  2  0  0 2026-09-26 09:25:09
13  0      0 2256312  88124 774728    0    0     0 16560 18484 65192 66 25  7  2  0  0 2026-09-26 09:25:10
 7  1      0 2238676  88128 781616    0    0     0 28088 20737 78061 57 25 17  2  0  0 2026-09-26 09:25:11
 0  0      0 2215672  88128 777244    0    0     0 19316 18717 68483 59 28 11  2  0  0 2026-09-26 09:25:12
11  0      0 2191268  88128 783136    0    0     0 18608 18421 70055 63 27  8  2  0  0 2026-09-26 09:25:13
15  0      0 2227836  88128 780664    0    0     0 18216 16812 63180 66 28  4  2  0  0 2026-09-26 09:25:14
21  1      0 2197948  88128 784908    0    0     0 16272 16845 59748 71 26  3  1  0  0 2026-09-26 09:25:15
32  0      0 2218336  88128 785316    0    0     0 17836 18398 71637 66 25  8  1  0  0 2026-09-26 09:25:16
 7  0      0 2177764  88128 786640    0    0     0 13980 15486 56955 72 23  4  1  0  0 2026-09-26 09:25:17
25  0      0 2177536  88128 787660    0    0     0 16836 18250 68233 70 26  3  1  0  0 2026-09-26 09:25:18
 6  0      0 2148668  88128 788872    0    0    76 14356 16647 65343 68 28  4  0  0  0 2026-09-26 09:25:19
19  0      0 2147932  88128 801700    0    0     0 14728 19245 70768 65 26  7  2  0  0 2026-09-26 09:25:20
procs -----------memory---------- ---swap-- -----io---- -system-- -------cpu------- -----timestamp-----
 r  b   swpd   free   buff  cache   si   so    bi    bo   in   cs us sy id wa st gu                 UTC
12  0      0 2148052  88128 791264    0    0     0 17876 18135 68432 70 24  5  1  0  0 2026-09-26 09:25:21
28  0      0 2137216  88128 807408    0    0    12 43328 15330 57430 68 30  2  1  0  0 2026-09-26 09:25:22
 7  0      0 2131168  88128 804992    0    0     0 14560 17901 66502 69 26  4  1  0  0 2026-09-26 09:25:23
19  0      0 2129392  88128 808664    0    0     0 14476 16994 64748 70 27  2  1  0  0 2026-09-26 09:25:24
19  0      0 2126784  88128 807932    0    0     0 15284 19127 72574 65 29  5  1  0  0 2026-09-26 09:25:25
19  1      0 2146976  88128 809080    0    0     0 16504 17641 62893 70 27  3  0  0  0 2026-09-26 09:25:26
10  1      0 2153576  88128 810328    0    0     0 15096 18980 75565 65 28  5  2  0  0 2026-09-26 09:25:27
13  0      0 2117364  88128 811504    0    0     0 14296 17147 62474 68 29  3  1  0  0 2026-09-26 09:25:28
24  0      0 2116864  88128 826756    0    0     0 13224 17889 66148 71 25  4  1  0  0 2026-09-26 09:25:29
 6  1      0 2131132  88128 815364    0    0     0 14120 17647 62934 71 26  3  1  0  0 2026-09-26 09:25:30
19  0      0 2111580  88128 820732    0    0     0 14376 17410 65845 72 25  3  1  0  0 2026-09-26 09:25:31
13  1      0 2099640  88128 817588    0    0     0 15188 17427 67732 68 29  3  1  0  0 2026-09-26 09:25:32
10  0      0 2092552  88128 821488    0    0     0 13436 15829 55986 74 24  2  1  0  0 2026-09-26 09:25:33
 4  0      0 2121608  88128 820868    0    0     0 16964 18417 69632 67 30  3  1  0  0 2026-09-26 09:25:34
30  0      0 2079700  88128 822248    0    0     0 16212 15177 58623 71 27  2  1  0  0 2026-09-26 09:25:35
13  0      0 2104948  88128 823200    0    0     0 18020 16981 64999 69 28  3  1  0  0 2026-09-26 09:25:36
21  0      0 2120008  88128 824296    0    0     0 14456 15651 57067 73 26  1  1  0  0 2026-09-26 09:25:37
28  1      0 2125844  88128 834064    0    0     0 15016 18141 64478 72 26  3  0  0  0 2026-09-26 09:25:38
20  1      0 2079544  88128 826356    0    0     0 13004 17035 61191 73 25  1  1  0  0 2026-09-26 09:25:39
25  0      0 2079296  88128 833368    0    0     0 14452 16961 60596 72 27  2  1  0  0 2026-09-26 09:25:40
28  0      0 2104404  88128 828640    0    0     0 17696 15376 61768 72 25  3  1  0  0 2026-09-26 09:25:41
procs -----------memory---------- ---swap-- -----io---- -system-- -------cpu------- -----timestamp-----
 r  b   swpd   free   buff  cache   si   so    bi    bo   in   cs us sy id wa st gu                 UTC
15  1      0 2072908  88132 834112    0    0     0 34128 16022 59340 71 26  2  1  0  0 2026-09-26 09:25:42
28  1      0 2089676  88132 831188    0    0     0 16332 16951 67082 67 29  4  1  0  0 2026-09-26 09:25:43
27  1      0 2073772  88132 832044    0    0     0 14664 14036 55644 74 25  1  1  0  0 2026-09-26 09:25:44
 6  0      0 2101260  88132 832644    0    0     0 16532 19295 71738 65 28  5  2  0  0 2026-09-26 09:25:45
17  0      0 2085420  88132 836320    0    0     0 15124 15188 56191 73 26  1  0  0  0 2026-09-26 09:25:46
59  0      0 2080220  88132 850220    0    0     0 24536 16934 65060 69 28  3  1  0  0 2026-09-26 09:25:47
20  0      0 2039788  88132 838652    0    0     0 14860 16183 56720 73 25  2  0  0  0 2026-09-26 09:25:48
33  1      0 2041032  88132 847552    0    0     0 16520 17620 64511 68 29  3  1  0  0 2026-09-26 09:25:49
29  0      0 2066548  88132 841004    0    0     0 15356 17298 61490 71 27  2  0  0  0 2026-09-26 09:25:50
30  0      0 2044880  88132 846656    0    0     0 18196 16293 57911 71 24  4  2  0  0 2026-09-26 09:25:51
12  0      0 2051164  88132 843704    0    0     0 17192 15590 65085 68 29  2  1  0  0 2026-09-26 09:25:52
43  1      0 2052892  88132 848968    0    0     0 16016 15931 56406 73 27  1  0  0  0 2026-09-26 09:25:53
20  1      0 2072576  88132 848728    0    0     0 18512 15918 65634 67 31  2  1  0  0 2026-09-26 09:25:54
13  0      0 2018672  88132 854360    0    0     0 13232 14104 53471 75 25  0  0  0  0 2026-09-26 09:25:55
30  0      0 2056352  88132 860276    0    0     0 17956 17369 61639 74 26  1  0  0  0 2026-09-26 09:25:56
27  0      0 2052520  88132 851760    0    0     0 14556 17060 55962 73 26  1  1  0  0 2026-09-26 09:25:57
13  0      0 2047776  88132 859320    0    0     0 15908 15718 58010 69 28  2  1  0  0 2026-09-26 09:25:58
12  0      0 2038440  88132 853824    0    0     0 14856 15322 54750 69 29  2  1  0  0 2026-09-26 09:25:59
19  0      0 2023248  88132 859956    0    0     0 14972 15110 54168 72 27  1  0  0  0 2026-09-26 09:26:00
38  0      0 2039564  88132 856264    0    0     0 17312 16250 64141 67 29  3  1  0  0 2026-09-26 09:26:01
22  0      0 2102188  88132 857480    0    0     0  1812 17512 77179 74 22  4  0  0  0 2026-09-26 09:26:02
procs -----------memory---------- ---swap-- -----io---- -system-- -------cpu------- -----timestamp-----
 r  b   swpd   free   buff  cache   si   so    bi    bo   in   cs us sy id wa st gu                 UTC
 8  0      0 2100676  88132 858764    0    0     0 17452 16092 78014 69 25  7  0  0  0 2026-09-26 09:26:03
34  0      0 2099920  88132 860116    0    0     0  1028 18336 80680 72 21  8  0  0  0 2026-09-26 09:26:04
15  0      0 2099164  88132 861356    0    0     0   960 16039 79881 73 20  7  0  0  0 2026-09-26 09:26:05
