time=17:52:49.908 level=DEBUG source=/tmp/isucon14/bench/cmd/run.go:90 msg=target targetURL=https://isuride.xiv.isucon.net targetAddr=127.0.0.1:443 benchrun.GetTargetAddress()="" paymentURL=http://127.0.0.1:12346
time=17:52:49.908 level=INFO msg=負荷走行を開始します
time=17:52:52.782 level=DEBUG source=/tmp/isucon14/bench/benchmarker/scenario/scenario.go:315 msg=時間経過 tick=60
time=17:52:52.782 level=DEBUG source=/tmp/isucon14/bench/benchmarker/scenario/scenario.go:317 msg=eval reqs=5 score="[0 0 0 3 2]" criteria="[5 2 5 5]"
time=17:52:54.564 level=INFO msg=一定の売上が立ったためオーナーの椅子が増加します 名前=街のりタクシー 増加数=1
time=17:52:54.569 level=INFO msg=一定の売上が立ったためオーナーの椅子が増加します 名前=ComfortWorks 増加数=1
time=17:52:54.582 level=DEBUG source=/tmp/isucon14/bench/benchmarker/scenario/scenario.go:315 msg=時間経過 tick=120
time=17:52:54.582 level=DEBUG source=/tmp/isucon14/bench/benchmarker/scenario/scenario.go:317 msg=eval reqs=18 score="[0 0 0 12 6]" criteria="[18 6 18 18]"
time=17:52:56.358 level=INFO msg=一定の売上が立ったためオーナーの椅子が増加します 名前=街のりタクシー 増加数=1
time=17:52:56.364 level=INFO msg=一定の売上が立ったためオーナーの椅子が増加します 名前=いすの道 増加数=2
time=17:52:56.381 level=INFO msg=一定の売上が立ったためオーナーの椅子が増加します 名前=CityRide 増加数=1
time=17:52:56.381 level=INFO msg=一定の売上が立ったためオーナーの椅子が増加します 名前=ComfortWorks 増加数=1
time=17:52:56.382 level=INFO msg=これまでに地域内の評判によって7人、既存ユーザーの招待経由で34人が新規登録しました
time=17:52:56.382 level=INFO msg=0.0%のライドは椅子がマッチされるまでの時間、79.4%のライドはマッチされた椅子が乗車地点までに掛かる時間、0.0%のライドは椅子の実移動時間に不満がありました
time=17:52:56.382 level=DEBUG source=/tmp/isucon14/bench/benchmarker/scenario/scenario.go:315 msg=時間経過 tick=180
time=17:52:56.382 level=DEBUG source=/tmp/isucon14/bench/benchmarker/scenario/scenario.go:317 msg=eval reqs=34 score="[0 0 0 27 7]" criteria="[34 7 34 34]"
time=17:52:56.393 level=INFO msg=一定の売上が立ったためオーナーの椅子が増加します 名前="Timeless Seats" 増加数=1
time=17:52:57.001 level=WARN msg="ユーザー登録に失敗しました (CODE=17): POST /api/app/usersへのリクエストに対して、期待されたHTTPステータスコードが確認できませんでした (expected:201, actual:500)"
time=17:52:58.160 level=INFO msg=一定の売上が立ったためオーナーの椅子が増加します 名前=街のりタクシー 増加数=2
time=17:52:58.172 level=INFO msg=一定の売上が立ったためオーナーの椅子が増加します 名前=いすの道 増加数=1
time=17:52:58.180 level=INFO msg=一定の売上が立ったためオーナーの椅子が増加します 名前=ComfortWorks 増加数=2
time=17:52:58.182 level=DEBUG source=/tmp/isucon14/bench/benchmarker/scenario/scenario.go:315 msg=時間経過 tick=240
time=17:52:58.182 level=DEBUG source=/tmp/isucon14/bench/benchmarker/scenario/scenario.go:317 msg=eval reqs=52 score="[0 0 1 40 11]" criteria="[52 11 52 51]"
time=17:52:58.184 level=INFO msg=一定の売上が立ったためオーナーの椅子が増加します 名前=CityRide 増加数=2
time=17:52:58.198 level=INFO msg=一定の売上が立ったためオーナーの椅子が増加します 名前="Timeless Seats" 増加数=1
time=17:52:59.250 level=WARN msg="ユーザー登録に失敗しました (CODE=17): POST /api/app/usersへのリクエストに対して、期待されたHTTPステータスコードが確認できませんでした (expected:201, actual:500)"
time=17:52:59.982 level=DEBUG source=/tmp/isucon14/bench/benchmarker/scenario/scenario.go:315 msg=時間経過 tick=300
time=17:52:59.982 level=DEBUG source=/tmp/isucon14/bench/benchmarker/scenario/scenario.go:317 msg=eval reqs=72 score="[0 0 9 48 15]" criteria="[72 17 72 61]"
time=17:52:59.984 level=INFO msg=一定の売上が立ったためオーナーの椅子が増加します 名前=CityRide 増加数=1
time=17:52:59.988 level=INFO msg=一定の売上が立ったためオーナーの椅子が増加します 名前=いすの道 増加数=1
time=17:52:59.998 level=INFO msg=一定の売上が立ったためオーナーの椅子が増加します 名前=ComfortWorks 増加数=2
time=17:52:59.998 level=INFO msg=一定の売上が立ったためオーナーの椅子が増加します 名前="Timeless Seats" 増加数=2
time=17:52:59.999 level=INFO msg=一定の売上が立ったためオーナーの椅子が増加します 名前=街のりタクシー 増加数=1
time=17:53:01.782 level=DEBUG source=/tmp/isucon14/bench/benchmarker/scenario/scenario.go:315 msg=時間経過 tick=360
time=17:53:01.782 level=DEBUG source=/tmp/isucon14/bench/benchmarker/scenario/scenario.go:317 msg=eval reqs=90 score="[0 0 17 56 17]" criteria="[89 23 90 68]"
time=17:53:01.782 level=INFO msg=これまでに地域内の評判によって19人、既存ユーザーの招待経由で70人が新規登録しました
time=17:53:01.782 level=INFO msg=1.1%のライドは椅子がマッチされるまでの時間、74.4%のライドはマッチされた椅子が乗車地点までに掛かる時間、12.2%のライドは椅子の実移動時間に不満がありました
time=17:53:01.794 level=INFO msg=一定の売上が立ったためオーナーの椅子が増加します 名前="Timeless Seats" 増加数=1
time=17:53:01.805 level=INFO msg=一定の売上が立ったためオーナーの椅子が増加します 名前=いすの道 増加数=2
time=17:53:01.805 level=INFO msg=一定の売上が立ったためオーナーの椅子が増加します 名前=街のりタクシー 増加数=3
time=17:53:01.815 level=INFO msg=一定の売上が立ったためオーナーの椅子が増加します 名前=ComfortWorks 増加数=2
time=17:53:01.816 level=INFO msg=一定の売上が立ったためオーナーの椅子が増加します 名前=CityRide 増加数=2
time=17:53:03.582 level=DEBUG source=/tmp/isucon14/bench/benchmarker/scenario/scenario.go:315 msg=時間経過 tick=420
time=17:53:03.582 level=DEBUG source=/tmp/isucon14/bench/benchmarker/scenario/scenario.go:317 msg=eval reqs=119 score="[0 6 34 61 18]" criteria="[108 33 113 75]"
time=17:53:03.593 level=INFO msg=一定の売上が立ったためオーナーの椅子が増加します 名前=CityRide 増加数=1
time=17:53:03.600 level=INFO msg=一定の売上が立ったためオーナーの椅子が増加します 名前="Timeless Seats" 増加数=3
time=17:53:03.606 level=INFO msg=一定の売上が立ったためオーナーの椅子が増加します 名前=いすの道 増加数=2
time=17:53:03.607 level=INFO msg=一定の売上が立ったためオーナーの椅子が増加します 名前=街のりタクシー 増加数=2
time=17:53:03.615 level=INFO msg=一定の売上が立ったためオーナーの椅子が増加します 名前=ComfortWorks 増加数=1
time=17:53:05.382 level=DEBUG source=/tmp/isucon14/bench/benchmarker/scenario/scenario.go:315 msg=時間経過 tick=480
time=17:53:05.382 level=DEBUG source=/tmp/isucon14/bench/benchmarker/scenario/scenario.go:317 msg=eval reqs=147 score="[2 17 44 66 18]" criteria="[124 41 132 78]"
time=17:53:05.438 level=INFO msg=一定の売上が立ったためオーナーの椅子が増加します 名前="Timeless Seats" 増加数=1
time=17:53:05.438 level=INFO msg=一定の売上が立ったためオーナーの椅子が増加します 名前=CityRide 増加数=1
time=17:53:05.452 level=INFO msg=一定の売上が立ったためオーナーの椅子が増加します 名前=いすの道 増加数=2
time=17:53:05.452 level=INFO msg=一定の売上が立ったためオーナーの椅子が増加します 名前=街のりタクシー 増加数=2
time=17:53:05.517 level=INFO msg=一定の売上が立ったためオーナーの椅子が増加します 名前=ComfortWorks 増加数=3
time=17:53:07.182 level=INFO msg=これまでに地域内の評判によって31人、既存ユーザーの招待経由で89人が新規登録しました
time=17:53:07.182 level=INFO msg=これまでに低評価なライドによって13人が利用をやめました
time=17:53:07.182 level=INFO msg=20.7%のライドは椅子がマッチされるまでの時間、68.7%のライドはマッチされた椅子が乗車地点までに掛かる時間、35.8%のライドは椅子の実移動時間に不満がありました
time=17:53:07.182 level=DEBUG source=/tmp/isucon14/bench/benchmarker/scenario/scenario.go:315 msg=時間経過 tick=540
time=17:53:07.182 level=DEBUG source=/tmp/isucon14/bench/benchmarker/scenario/scenario.go:317 msg=eval reqs=179 score="[5 30 52 74 18]" criteria="[142 56 145 85]"
time=17:53:07.193 level=INFO msg=一定の売上が立ったためオーナーの椅子が増加します 名前="Timeless Seats" 増加数=1
time=17:53:07.217 level=INFO msg=一定の売上が立ったためオーナーの椅子が増加します 名前=街のりタクシー 増加数=2
time=17:53:07.233 level=INFO msg=一定の売上が立ったためオーナーの椅子が増加します 名前=CityRide 増加数=1
time=17:53:07.254 level=INFO msg=一定の売上が立ったためオーナーの椅子が増加します 名前=ComfortWorks 増加数=2
time=17:53:07.269 level=INFO msg=一定の売上が立ったためオーナーの椅子が増加します 名前=いすの道 増加数=2
time=17:53:08.982 level=DEBUG source=/tmp/isucon14/bench/benchmarker/scenario/scenario.go:315 msg=時間経過 tick=600
time=17:53:08.982 level=DEBUG source=/tmp/isucon14/bench/benchmarker/scenario/scenario.go:317 msg=eval reqs=213 score="[12 41 58 81 21]" criteria="[164 72 158 90]"
time=17:53:09.044 level=INFO msg=一定の売上が立ったためオーナーの椅子が増加します 名前=ComfortWorks 増加数=2
time=17:53:09.049 level=INFO msg=一定の売上が立ったためオーナーの椅子が増加します 名前=街のりタクシー 増加数=1
time=17:53:09.084 level=INFO msg=一定の売上が立ったためオーナーの椅子が増加します 名前=CityRide 増加数=2
time=17:53:09.085 level=INFO msg=一定の売上が立ったためオーナーの椅子が増加します 名前="Timeless Seats" 増加数=3
time=17:53:09.099 level=INFO msg=一定の売上が立ったためオーナーの椅子が増加します 名前=いすの道 増加数=2
time=17:53:09.224 level=WARN msg="ユーザー登録に失敗しました (CODE=17): POST /api/app/usersへのリクエストに対して、期待されたHTTPステータスコードが確認できませんでした (expected:201, actual:500)"
time=17:53:10.782 level=DEBUG source=/tmp/isucon14/bench/benchmarker/scenario/scenario.go:315 msg=時間経過 tick=660
time=17:53:10.782 level=DEBUG source=/tmp/isucon14/bench/benchmarker/scenario/scenario.go:317 msg=eval reqs=252 score="[15 56 66 94 21]" criteria="[195 96 173 90]"
time=17:53:10.812 level=INFO msg=一定の売上が立ったためオーナーの椅子が増加します 名前=CityRide 増加数=2
time=17:53:10.823 level=INFO msg=一定の売上が立ったためオーナーの椅子が増加します 名前=いすの道 増加数=2
time=17:53:10.830 level=INFO msg=一定の売上が立ったためオーナーの椅子が増加します 名前=街のりタクシー 増加数=4
time=17:53:10.884 level=INFO msg=一定の売上が立ったためオーナーの椅子が増加します 名前=ComfortWorks 増加数=1
time=17:53:10.935 level=INFO msg=一定の売上が立ったためオーナーの椅子が増加します 名前="Timeless Seats" 増加数=2
time=17:53:12.582 level=INFO msg=これまでに地域内の評判によって43人、既存ユーザーの招待経由で119人が新規登録しました
time=17:53:12.582 level=INFO msg=これまでに低評価なライドによって35人が利用をやめました
time=17:53:12.582 level=INFO msg=21.9%のライドは椅子がマッチされるまでの時間、58.0%のライドはマッチされた椅子が乗車地点までに掛かる時間、50.7%のライドは椅子の実移動時間に不満がありました
time=17:53:12.582 level=DEBUG source=/tmp/isucon14/bench/benchmarker/scenario/scenario.go:315 msg=時間経過 tick=720
time=17:53:12.582 level=DEBUG source=/tmp/isucon14/bench/benchmarker/scenario/scenario.go:317 msg=eval reqs=288 score="[19 62 77 106 24]" criteria="[225 121 190 94]"
time=17:53:12.636 level=INFO msg=一定の売上が立ったためオーナーの椅子が増加します 名前=CityRide 増加数=1
time=17:53:12.655 level=WARN msg="ユーザー登録に失敗しました (CODE=17): POST /api/app/usersへのリクエストに対して、期待されたHTTPステータスコードが確認できませんでした (expected:201, actual:500)"
time=17:53:12.658 level=INFO msg=一定の売上が立ったためオーナーの椅子が増加します 名前=いすの道 増加数=2
time=17:53:12.658 level=INFO msg=一定の売上が立ったためオーナーの椅子が増加します 名前="Timeless Seats" 増加数=1
time=17:53:12.677 level=INFO msg=一定の売上が立ったためオーナーの椅子が増加します 名前=街のりタクシー 増加数=2
time=17:53:12.689 level=WARN msg="ユーザー登録に失敗しました (CODE=17): POST /api/app/usersへのリクエストに対して、期待されたHTTPステータスコードが確認できませんでした (expected:201, actual:500)"
time=17:53:12.734 level=WARN msg="取得した付近の椅子情報に不備があります (CODE=30): ID:01M3H12AFGHD0G27X3B5H9D48Xの椅子は既にライド中です"
time=17:53:12.788 level=INFO msg=一定の売上が立ったためオーナーの椅子が増加します 名前=ComfortWorks 増加数=4
time=17:53:14.382 level=DEBUG source=/tmp/isucon14/bench/benchmarker/scenario/scenario.go:315 msg=時間経過 tick=780
time=17:53:14.382 level=DEBUG source=/tmp/isucon14/bench/benchmarker/scenario/scenario.go:317 msg=eval reqs=332 score="[20 77 94 115 26]" criteria="[268 147 201 98]"
time=17:53:14.424 level=INFO msg=一定の売上が立ったためオーナーの椅子が増加します 名前=街のりタクシー 増加数=2
time=17:53:14.438 level=INFO msg=一定の売上が立ったためオーナーの椅子が増加します 名前="Timeless Seats" 増加数=3
time=17:53:14.445 level=INFO msg=一定の売上が立ったためオーナーの椅子が増加します 名前=ComfortWorks 増加数=1
time=17:53:14.504 level=INFO msg=一定の売上が立ったためオーナーの椅子が増加します 名前=CityRide 増加数=2
time=17:53:14.530 level=INFO msg=一定の売上が立ったためオーナーの椅子が増加します 名前=いすの道 増加数=3
time=17:53:16.183 level=DEBUG source=/tmp/isucon14/bench/benchmarker/scenario/scenario.go:315 msg=時間経過 tick=840
time=17:53:16.183 level=DEBUG source=/tmp/isucon14/bench/benchmarker/scenario/scenario.go:317 msg=eval reqs=378 score="[22 91 112 127 26]" criteria="[312 177 210 101]"
time=17:53:16.278 level=INFO msg=一定の売上が立ったためオーナーの椅子が増加します 名前=ComfortWorks 増加数=3
time=17:53:16.279 level=INFO msg=一定の売上が立ったためオーナーの椅子が増加します 名前=いすの道 増加数=2
time=17:53:16.309 level=INFO msg=一定の売上が立ったためオーナーの椅子が増加します 名前="Timeless Seats" 増加数=2
time=17:53:16.338 level=INFO msg=一定の売上が立ったためオーナーの椅子が増加します 名前=街のりタクシー 増加数=2
time=17:53:16.436 level=INFO msg=一定の売上が立ったためオーナーの椅子が増加します 名前=CityRide 増加数=2
time=17:53:17.982 level=INFO msg=これまでに地域内の評判によって55人、既存ユーザーの招待経由で144人が新規登録しました
time=17:53:17.982 level=INFO msg=これまでに低評価なライドによって47人が利用をやめました
time=17:53:17.982 level=INFO msg=16.1%のライドは椅子がマッチされるまでの時間、51.3%のライドはマッチされた椅子が乗車地点までに掛かる時間、61.6%のライドは椅子の実移動時間に不満がありました
time=17:53:17.982 level=DEBUG source=/tmp/isucon14/bench/benchmarker/scenario/scenario.go:315 msg=時間経過 tick=900
time=17:53:17.982 level=DEBUG source=/tmp/isucon14/bench/benchmarker/scenario/scenario.go:317 msg=eval reqs=411 score="[22 100 132 131 26]" criteria="[345 200 214 102]"
time=17:53:18.087 level=INFO msg=一定の売上が立ったためオーナーの椅子が増加します 名前=街のりタクシー 増加数=2
time=17:53:18.122 level=INFO msg=一定の売上が立ったためオーナーの椅子が増加します 名前=いすの道 増加数=2
time=17:53:18.160 level=INFO msg=一定の売上が立ったためオーナーの椅子が増加します 名前=CityRide 増加数=1
time=17:53:18.230 level=INFO msg=一定の売上が立ったためオーナーの椅子が増加します 名前=ComfortWorks 増加数=1
time=17:53:18.258 level=INFO msg=一定の売上が立ったためオーナーの椅子が増加します 名前="Timeless Seats" 増加数=1
time=17:53:18.302 level=WARN msg="ユーザー登録に失敗しました (CODE=17): POST /api/app/usersへのリクエストに対して、期待されたHTTPステータスコードが確認できませんでした (expected:201, actual:500)"
time=17:53:19.782 level=DEBUG source=/tmp/isucon14/bench/benchmarker/scenario/scenario.go:315 msg=時間経過 tick=960
time=17:53:19.782 level=DEBUG source=/tmp/isucon14/bench/benchmarker/scenario/scenario.go:317 msg=eval reqs=451 score="[22 114 144 145 26]" criteria="[385 226 224 106]"
time=17:53:19.903 level=INFO msg=一定の売上が立ったためオーナーの椅子が増加します 名前=ComfortWorks 増加数=2
time=17:53:19.918 level=INFO msg=一定の売上が立ったためオーナーの椅子が増加します 名前=街のりタクシー 増加数=1
time=17:53:19.937 level=INFO msg=一定の売上が立ったためオーナーの椅子が増加します 名前=いすの道 増加数=2
time=17:53:19.967 level=INFO msg=一定の売上が立ったためオーナーの椅子が増加します 名前=CityRide 増加数=2
time=17:53:19.977 level=INFO msg=一定の売上が立ったためオーナーの椅子が増加します 名前="Timeless Seats" 増加数=2
time=17:53:21.582 level=DEBUG source=/tmp/isucon14/bench/benchmarker/scenario/scenario.go:315 msg=時間経過 tick=1020
time=17:53:21.582 level=DEBUG source=/tmp/isucon14/bench/benchmarker/scenario/scenario.go:317 msg=eval reqs=494 score="[22 127 168 150 27]" criteria="[428 256 229 108]"
time=17:53:21.664 level=INFO msg=一定の売上が立ったためオーナーの椅子が増加します 名前=CityRide 増加数=1
time=17:53:21.683 level=INFO msg=一定の売上が立ったためオーナーの椅子が増加します 名前="Timeless Seats" 増加数=2
time=17:53:21.710 level=INFO msg=一定の売上が立ったためオーナーの椅子が増加します 名前=街のりタクシー 増加数=3
time=17:53:21.712 level=INFO msg=一定の売上が立ったためオーナーの椅子が増加します 名前=いすの道 増加数=2
time=17:53:21.804 level=INFO msg=一定の売上が立ったためオーナーの椅子が増加します 名前=ComfortWorks 増加数=2
time=17:53:23.382 level=INFO msg=これまでに地域内の評判によって67人、既存ユーザーの招待経由で171人が新規登録しました
time=17:53:23.382 level=INFO msg=これまでに低評価なライドによって59人が利用をやめました
time=17:53:23.382 level=INFO msg=12.4%のライドは椅子がマッチされるまでの時間、46.3%のライドはマッチされた椅子が乗車地点までに掛かる時間、67.8%のライドは椅子の実移動時間に不満がありました
time=17:53:23.382 level=DEBUG source=/tmp/isucon14/bench/benchmarker/scenario/scenario.go:315 msg=時間経過 tick=1080
time=17:53:23.382 level=DEBUG source=/tmp/isucon14/bench/benchmarker/scenario/scenario.go:317 msg=eval reqs=540 score="[22 139 192 160 27]" criteria="[473 290 237 111]"
time=17:53:23.513 level=INFO msg=一定の売上が立ったためオーナーの椅子が増加します 名前=CityRide 増加数=2
time=17:53:23.537 level=INFO msg=一定の売上が立ったためオーナーの椅子が増加します 名前=いすの道 増加数=2
time=17:53:23.587 level=INFO msg=一定の売上が立ったためオーナーの椅子が増加します 名前="Timeless Seats" 増加数=2
time=17:53:23.637 level=INFO msg=一定の売上が立ったためオーナーの椅子が増加します 名前=街のりタクシー 増加数=2
time=17:53:23.780 level=INFO msg=一定の売上が立ったためオーナーの椅子が増加します 名前=ComfortWorks 増加数=2
time=17:53:25.182 level=DEBUG source=/tmp/isucon14/bench/benchmarker/scenario/scenario.go:315 msg=時間経過 tick=1140
time=17:53:25.182 level=DEBUG source=/tmp/isucon14/bench/benchmarker/scenario/scenario.go:317 msg=eval reqs=582 score="[22 149 221 163 27]" criteria="[515 322 238 113]"
time=17:53:25.231 level=INFO msg=一定の売上が立ったためオーナーの椅子が増加します 名前=いすの道 増加数=1
time=17:53:25.254 level=INFO msg=一定の売上が立ったためオーナーの椅子が増加します 名前=CityRide 増加数=3
time=17:53:25.309 level=INFO msg=一定の売上が立ったためオーナーの椅子が増加します 名前=街のりタクシー 増加数=1
time=17:53:25.321 level=INFO msg=一定の売上が立ったためオーナーの椅子が増加します 名前=ComfortWorks 増加数=2
time=17:53:25.610 level=INFO msg=一定の売上が立ったためオーナーの椅子が増加します 名前="Timeless Seats" 増加数=2
time=17:53:26.982 level=DEBUG source=/tmp/isucon14/bench/benchmarker/scenario/scenario.go:315 msg=時間経過 tick=1200
time=17:53:26.982 level=DEBUG source=/tmp/isucon14/bench/benchmarker/scenario/scenario.go:317 msg=eval reqs=634 score="[22 164 251 170 27]" criteria="[567 359 242 116]"
time=17:53:27.123 level=INFO msg=一定の売上が立ったためオーナーの椅子が増加します 名前="Timeless Seats" 増加数=2
time=17:53:27.148 level=INFO msg=一定の売上が立ったためオーナーの椅子が増加します 名前=街のりタクシー 増加数=3
time=17:53:27.158 level=INFO msg=一定の売上が立ったためオーナーの椅子が増加します 名前=ComfortWorks 増加数=2
time=17:53:27.223 level=INFO msg=一定の売上が立ったためオーナーの椅子が増加します 名前=CityRide 増加数=1
time=17:53:27.262 level=INFO msg=一定の売上が立ったためオーナーの椅子が増加します 名前=いすの道 増加数=3
time=17:53:28.782 level=DEBUG source=/tmp/isucon14/bench/benchmarker/scenario/scenario.go:315 msg=時間経過 tick=1260
time=17:53:28.782 level=DEBUG source=/tmp/isucon14/bench/benchmarker/scenario/scenario.go:317 msg=eval reqs=677 score="[22 180 272 176 27]" criteria="[610 386 246 118]"
time=17:53:28.782 level=INFO msg=これまでに地域内の評判によって79人、既存ユーザーの招待経由で183人が新規登録しました
time=17:53:28.782 level=INFO msg=これまでに低評価なライドによって66人が利用をやめました
time=17:53:28.782 level=INFO msg=9.9%のライドは椅子がマッチされるまでの時間、43.0%のライドはマッチされた椅子が乗車地点までに掛かる時間、73.1%のライドは椅子の実移動時間に不満がありました
time=17:53:28.894 level=INFO msg=一定の売上が立ったためオーナーの椅子が増加します 名前=街のりタクシー 増加数=2
time=17:53:28.957 level=INFO msg=一定の売上が立ったためオーナーの椅子が増加します 名前=ComfortWorks 増加数=2
time=17:53:28.985 level=INFO msg=一定の売上が立ったためオーナーの椅子が増加します 名前=CityRide 増加数=2
time=17:53:29.068 level=INFO msg=一定の売上が立ったためオーナーの椅子が増加します 名前=いすの道 増加数=1
time=17:53:29.241 level=INFO msg=一定の売上が立ったためオーナーの椅子が増加します 名前="Timeless Seats" 増加数=1
time=17:53:30.582 level=DEBUG source=/tmp/isucon14/bench/benchmarker/scenario/scenario.go:315 msg=時間経過 tick=1320
time=17:53:30.582 level=DEBUG source=/tmp/isucon14/bench/benchmarker/scenario/scenario.go:317 msg=eval reqs=722 score="[22 191 303 179 27]" criteria="[655 419 247 121]"
time=17:53:30.620 level=INFO msg=一定の売上が立ったためオーナーの椅子が増加します 名前=いすの道 増加数=3
time=17:53:30.641 level=INFO msg=一定の売上が立ったためオーナーの椅子が増加します 名前=CityRide 増加数=1
time=17:53:30.735 level=INFO msg=一定の売上が立ったためオーナーの椅子が増加します 名前=ComfortWorks 増加数=1
time=17:53:30.864 level=INFO msg=一定の売上が立ったためオーナーの椅子が増加します 名前=街のりタクシー 増加数=1
time=17:53:30.945 level=INFO msg=一定の売上が立ったためオーナーの椅子が増加します 名前="Timeless Seats" 増加数=2
time=17:53:32.382 level=DEBUG source=/tmp/isucon14/bench/benchmarker/scenario/scenario.go:315 msg=時間経過 tick=1380
time=17:53:32.382 level=DEBUG source=/tmp/isucon14/bench/benchmarker/scenario/scenario.go:317 msg=eval reqs=769 score="[22 206 334 180 27]" criteria="[702 450 248 122]"
time=17:53:32.524 level=INFO msg=一定の売上が立ったためオーナーの椅子が増加します 名前=CityRide 増加数=2
time=17:53:32.531 level=INFO msg=一定の売上が立ったためオーナーの椅子が増加します 名前=いすの道 増加数=1
time=17:53:32.551 level=INFO msg=一定の売上が立ったためオーナーの椅子が増加します 名前=街のりタクシー 増加数=2
time=17:53:32.633 level=INFO msg=一定の売上が立ったためオーナーの椅子が増加します 名前="Timeless Seats" 増加数=2
time=17:53:32.716 level=INFO msg=一定の売上が立ったためオーナーの椅子が増加します 名前=ComfortWorks 増加数=2
time=17:53:34.182 level=DEBUG source=/tmp/isucon14/bench/benchmarker/scenario/scenario.go:315 msg=時間経過 tick=1440
time=17:53:34.182 level=INFO msg=これまでに地域内の評判によって91人、既存ユーザーの招待経由で191人が新規登録しました
time=17:53:34.182 level=INFO msg=これまでに低評価なライドによって78人が利用をやめました
time=17:53:34.182 level=DEBUG source=/tmp/isucon14/bench/benchmarker/scenario/scenario.go:317 msg=eval reqs=819 score="[22 216 370 184 27]" criteria="[752 489 248 127]"
time=17:53:34.182 level=INFO msg=8.2%のライドは椅子がマッチされるまでの時間、40.3%のライドはマッチされた椅子が乗車地点までに掛かる時間、77.1%のライドは椅子の実移動時間に不満がありました
time=17:53:34.569 level=INFO msg=一定の売上が立ったためオーナーの椅子が増加します 名前=街のりタクシー 増加数=1
time=17:53:34.595 level=INFO msg=一定の売上が立ったためオーナーの椅子が増加します 名前=いすの道 増加数=2
time=17:53:34.598 level=INFO msg=一定の売上が立ったためオーナーの椅子が増加します 名前=CityRide 増加数=2
time=17:53:34.712 level=INFO msg=一定の売上が立ったためオーナーの椅子が増加します 名前=ComfortWorks 増加数=2
time=17:53:34.713 level=INFO msg=一定の売上が立ったためオーナーの椅子が増加します 名前="Timeless Seats" 増加数=1
time=17:53:35.982 level=DEBUG source=/tmp/isucon14/bench/benchmarker/scenario/scenario.go:315 msg=時間経過 tick=1500
time=17:53:35.982 level=DEBUG source=/tmp/isucon14/bench/benchmarker/scenario/scenario.go:317 msg=eval reqs=863 score="[22 224 401 189 27]" criteria="[796 525 252 128]"
time=17:53:36.029 level=INFO msg=一定の売上が立ったためオーナーの椅子が増加します 名前=いすの道 増加数=2
time=17:53:36.204 level=INFO msg=一定の売上が立ったためオーナーの椅子が増加します 名前=CityRide 増加数=2
time=17:53:36.239 level=INFO msg=一定の売上が立ったためオーナーの椅子が増加します 名前="Timeless Seats" 増加数=2
time=17:53:36.297 level=INFO msg=一定の売上が立ったためオーナーの椅子が増加します 名前=ComfortWorks 増加数=1
time=17:53:36.541 level=INFO msg=一定の売上が立ったためオーナーの椅子が増加します 名前=街のりタクシー 増加数=2
time=17:53:37.782 level=DEBUG source=/tmp/isucon14/bench/benchmarker/scenario/scenario.go:315 msg=時間経過 tick=1560
time=17:53:37.782 level=DEBUG source=/tmp/isucon14/bench/benchmarker/scenario/scenario.go:317 msg=eval reqs=900 score="[22 234 426 191 27]" criteria="[833 552 252 130]"
time=17:53:38.013 level=INFO msg=一定の売上が立ったためオーナーの椅子が増加します 名前=いすの道 増加数=1
time=17:53:38.014 level=INFO msg=一定の売上が立ったためオーナーの椅子が増加します 名前=ComfortWorks 増加数=1
time=17:53:38.017 level=INFO msg=一定の売上が立ったためオーナーの椅子が増加します 名前="Timeless Seats" 増加数=1
time=17:53:38.077 level=INFO msg=一定の売上が立ったためオーナーの椅子が増加します 名前=街のりタクシー 増加数=2
time=17:53:38.234 level=INFO msg=一定の売上が立ったためオーナーの椅子が増加します 名前=CityRide 増加数=1
time=17:53:39.582 level=INFO msg=これまでに地域内の評判によって103人、既存ユーザーの招待経由で200人が新規登録しました
time=17:53:39.582 level=INFO msg=これまでに低評価なライドによって83人が利用をやめました
time=17:53:39.582 level=INFO msg=7.3%のライドは椅子がマッチされるまでの時間、37.8%のライドはマッチされた椅子が乗車地点までに掛かる時間、79.4%のライドは椅子の実移動時間に不満がありました
time=17:53:39.582 level=DEBUG source=/tmp/isucon14/bench/benchmarker/scenario/scenario.go:315 msg=時間経過 tick=1620
time=17:53:39.582 level=DEBUG source=/tmp/isucon14/bench/benchmarker/scenario/scenario.go:317 msg=eval reqs=934 score="[22 240 452 193 27]" criteria="[866 581 254 130]"
time=17:53:39.618 level=INFO msg=一定の売上が立ったためオーナーの椅子が増加します 名前="Timeless Seats" 増加数=1
time=17:53:39.699 level=INFO msg=一定の売上が立ったためオーナーの椅子が増加します 名前=CityRide 増加数=1
time=17:53:39.799 level=INFO msg=一定の売上が立ったためオーナーの椅子が増加します 名前=ComfortWorks 増加数=1
time=17:53:39.847 level=INFO msg=一定の売上が立ったためオーナーの椅子が増加します 名前=いすの道 増加数=2
time=17:53:41.382 level=DEBUG source=/tmp/isucon14/bench/benchmarker/scenario/scenario.go:315 msg=時間経過 tick=1680
time=17:53:41.382 level=DEBUG source=/tmp/isucon14/bench/benchmarker/scenario/scenario.go:317 msg=eval reqs=986 score="[22 244 499 194 27]" criteria="[918 629 254 131]"
time=17:53:41.674 level=INFO msg=一定の売上が立ったためオーナーの椅子が増加します 名前=いすの道 増加数=2
time=17:53:41.715 level=INFO msg=一定の売上が立ったためオーナーの椅子が増加します 名前=CityRide 増加数=2
time=17:53:41.752 level=INFO msg=一定の売上が立ったためオーナーの椅子が増加します 名前=ComfortWorks 増加数=2
time=17:53:42.014 level=INFO msg=一定の売上が立ったためオーナーの椅子が増加します 名前="Timeless Seats" 増加数=1
time=17:53:42.025 level=INFO msg=一定の売上が立ったためオーナーの椅子が増加します 名前=街のりタクシー 増加数=2
time=17:53:43.182 level=DEBUG source=/tmp/isucon14/bench/benchmarker/scenario/scenario.go:315 msg=時間経過 tick=1740
time=17:53:43.182 level=DEBUG source=/tmp/isucon14/bench/benchmarker/scenario/scenario.go:317 msg=eval reqs=1038 score="[22 257 537 195 27]" criteria="[970 668 254 132]"
time=17:53:43.261 level=INFO msg=一定の売上が立ったためオーナーの椅子が増加します 名前="Timeless Seats" 増加数=2
time=17:53:43.408 level=INFO msg=一定の売上が立ったためオーナーの椅子が増加します 名前=ComfortWorks 増加数=2
time=17:53:43.494 level=WARN msg="椅子がライドを受理できませんでした (CODE=3): POST /api/chair/rides/{rideID}/statusのリクエストが失敗しました: Post \"https://isuride.xiv.isucon.net/api/chair/rides/01M3H13WANT26M7134SKQN1GF5/status\": EOF"
time=17:53:43.578 level=INFO msg=一定の売上が立ったためオーナーの椅子が増加します 名前=CityRide 増加数=1
time=17:53:43.632 level=INFO msg=一定の売上が立ったためオーナーの椅子が増加します 名前=いすの道 増加数=2
time=17:53:44.982 level=DEBUG source=/tmp/isucon14/bench/benchmarker/scenario/scenario.go:315 msg=時間経過 tick=1800
time=17:53:44.982 level=INFO msg=これまでに地域内の評判によって115人、既存ユーザーの招待経由で205人が新規登録しました
time=17:53:44.982 level=INFO msg=これまでに低評価なライドによって86人が利用をやめました
time=17:53:44.982 level=INFO msg=6.4%のライドは椅子がマッチされるまでの時間、34.5%のライドはマッチされた椅子が乗車地点までに掛かる時間、82.0%のライドは椅子の実移動時間に不満がありました
time=17:53:44.982 level=DEBUG source=/tmp/isucon14/bench/benchmarker/scenario/scenario.go:317 msg=eval reqs=1086 score="[22 263 575 199 27]" criteria="[1017 711 257 133]"
time=17:53:45.063 level=INFO msg=一定の売上が立ったためオーナーの椅子が増加します 名前="Timeless Seats" 増加数=2
time=17:53:45.150 level=INFO msg=一定の売上が立ったためオーナーの椅子が増加します 名前=CityRide 増加数=1
time=17:53:45.239 level=INFO msg=一定の売上が立ったためオーナーの椅子が増加します 名前=ComfortWorks 増加数=1
time=17:53:45.316 level=INFO msg=一定の売上が立ったためオーナーの椅子が増加します 名前=街のりタクシー 増加数=3
time=17:53:45.412 level=INFO msg=一定の売上が立ったためオーナーの椅子が増加します 名前=いすの道 増加数=1
time=17:53:46.782 level=DEBUG source=/tmp/isucon14/bench/benchmarker/scenario/scenario.go:315 msg=時間経過 tick=1860
time=17:53:46.782 level=DEBUG source=/tmp/isucon14/bench/benchmarker/scenario/scenario.go:317 msg=eval reqs=1121 score="[22 269 602 200 28]" criteria="[1050 742 258 135]"
time=17:53:46.930 level=INFO msg=一定の売上が立ったためオーナーの椅子が増加します 名前=ComfortWorks 増加数=1
time=17:53:46.997 level=INFO msg=一定の売上が立ったためオーナーの椅子が増加します 名前="Timeless Seats" 増加数=2
time=17:53:47.121 level=INFO msg=一定の売上が立ったためオーナーの椅子が増加します 名前=CityRide 増加数=1
time=17:53:47.165 level=INFO msg=一定の売上が立ったためオーナーの椅子が増加します 名前=いすの道 増加数=2
time=17:53:47.165 level=INFO msg=一定の売上が立ったためオーナーの椅子が増加します 名前=街のりタクシー 増加数=1
time=17:53:48.256 level=WARN msg="椅子が出発できませんでした (CODE=2): POST /api/chair/rides/{rideID}/statusのリクエストが失敗しました: Post \"https://isuride.xiv.isucon.net/api/chair/rides/01M3H13ZPK31HXBZ09VR2CYN6B/status\": EOF"
time=17:53:48.582 level=DEBUG source=/tmp/isucon14/bench/benchmarker/scenario/scenario.go:315 msg=時間経過 tick=1920
time=17:53:48.582 level=DEBUG source=/tmp/isucon14/bench/benchmarker/scenario/scenario.go:317 msg=eval reqs=1166 score="[22 272 643 200 29]" criteria="[1094 784 259 137]"
time=17:53:48.655 level=INFO msg=一定の売上が立ったためオーナーの椅子が増加します 名前="Timeless Seats" 増加数=1
time=17:53:48.824 level=INFO msg=一定の売上が立ったためオーナーの椅子が増加します 名前=CityRide 増加数=1
time=17:53:48.864 level=INFO msg=一定の売上が立ったためオーナーの椅子が増加します 名前=ComfortWorks 増加数=2
time=17:53:48.865 level=INFO msg=一定の売上が立ったためオーナーの椅子が増加します 名前=いすの道 増加数=1
time=17:53:48.950 level=INFO msg=一定の売上が立ったためオーナーの椅子が増加します 名前=街のりタクシー 増加数=2
time=17:53:50.382 level=DEBUG source=/tmp/isucon14/bench/benchmarker/scenario/scenario.go:315 msg=時間経過 tick=1980
time=17:53:50.383 level=DEBUG source=/tmp/isucon14/bench/benchmarker/scenario/scenario.go:317 msg=eval reqs=1216 score="[22 280 684 201 29]" criteria="[1139 831 260 137]"
time=17:53:50.383 level=INFO msg=これまでに地域内の評判によって127人、既存ユーザーの招待経由で209人が新規登録しました
time=17:53:50.383 level=INFO msg=これまでに低評価なライドによって87人が利用をやめました
time=17:53:50.383 level=INFO msg=6.3%のライドは椅子がマッチされるまでの時間、31.7%のライドはマッチされた椅子が乗車地点までに掛かる時間、83.7%のライドは椅子の実移動時間に不満がありました
time=17:53:50.523 level=INFO msg=一定の売上が立ったためオーナーの椅子が増加します 名前="Timeless Seats" 増加数=1
time=17:53:50.654 level=INFO msg=一定の売上が立ったためオーナーの椅子が増加します 名前=街のりタクシー 増加数=1
time=17:53:50.760 level=INFO msg=一定の売上が立ったためオーナーの椅子が増加します 名前=CityRide 増加数=2
time=17:53:50.841 level=INFO msg=一定の売上が立ったためオーナーの椅子が増加します 名前=いすの道 増加数=2
time=17:53:55.952 level=INFO msg=最終地域情報 名前=チェアタウン ユーザー登録数=214 アクティブユーザー数=164
time=17:53:55.952 level=INFO msg=最終地域情報 名前=コシカケシティ ユーザー登録数=138 アクティブユーザー数=101
time=17:53:55.952 level=INFO msg=最終オーナー情報 名前=街のりタクシー 売上=1588000 椅子数=60
time=17:53:55.952 level=INFO msg=最終オーナー情報 名前=いすの道 売上=1588300 椅子数=61
time=17:53:55.952 level=INFO msg=最終オーナー情報 名前=ComfortWorks 売上=1574600 椅子数=58
time=17:53:55.952 level=INFO msg=最終オーナー情報 名前="Timeless Seats" 売上=1348600 椅子数=55
time=17:53:55.952 level=INFO msg=最終オーナー情報 名前=CityRide 売上=1210400 椅子数=51
time=17:53:55.952 level=INFO msg=6.5%のライドは椅子がマッチされるまでの時間、30.9%のライドはマッチされた椅子が乗車地点までに掛かる時間、84.1%のライドは椅子の実移動時間に不満がありました
time=17:53:55.952 level=INFO msg=結果 pass=true スコア=81113 種別エラー数="map[2:1 3:1 17:6 30:1]"
time=17:53:55.952 level=INFO msg=負荷走行が終了しました
