2026-09-27T08:52:49+00:00
COMMAND         %CPU   RSS
mysqld           1.6 946124
nginx            0.3 17580
nginx            0.3 17508
kworker/u4:2-wr  0.0     0
kworker/u4:5-fl  0.0     0
sh               0.0  1588
isuride          0.0  8992
rcu_preempt      0.0     0
jbd2/sda1-8      0.0     0
2026-09-27T08:52:51+00:00
COMMAND         %CPU   RSS
bench            9.0 49492
mysqld           1.6 956436
isuride          0.7 14936
nginx            0.3 17580
nginx            0.3 17508
kworker/u4:2-wr  0.0     0
kworker/u4:5-fl  0.0     0
sh               0.0  1588
rcu_preempt      0.0     0
2026-09-27T08:52:53+00:00
COMMAND         %CPU   RSS
bench           13.4 67920
isuride          2.6 15660
mysqld           1.6 956720
nginx            0.3 17580
nginx            0.3 17508
kworker/u4:2-wr  0.0     0
kworker/u4:5-fl  0.0     0
rcu_preempt      0.0     0
sh               0.0  1588
2026-09-27T08:52:55+00:00
COMMAND         %CPU   RSS
bench           18.1 101140
isuride          5.0 16256
mysqld           1.6 957124
nginx            0.3 17580
nginx            0.3 17508
kworker/u4:2-ev  0.0     0
kworker/u4:5-fl  0.0     0
rcu_preempt      0.0     0
jbd2/sda1-8      0.0     0
2026-09-27T08:52:57+00:00
COMMAND         %CPU   RSS
bench           21.4 137220
isuride          7.3 17588
mysqld           1.6 958512
nginx            0.3 17580
nginx            0.3 17508
kworker/u4:2-ev  0.0     0
kworker/u4:5-fl  0.0     0
rcu_preempt      0.0     0
jbd2/sda1-8      0.0     0
2026-09-27T08:52:59+00:00
COMMAND         %CPU   RSS
bench           22.8 173532
isuride          9.4 19144
mysqld           1.6 958844
nginx            0.3 17580
nginx            0.3 17508
kworker/u4:2-ev  0.0     0
kworker/u4:5-fl  0.0     0
rcu_preempt      0.0     0
jbd2/sda1-8      0.0     0
2026-09-27T08:53:01+00:00
COMMAND         %CPU   RSS
bench           23.5 193668
curl            12.5 12332
isuride         11.3 20760
mysqld           1.6 959176
nginx            0.3 17580
nginx            0.3 17508
kworker/u4:2-ev  0.0     0
kworker/u4:5-fl  0.0     0
rcu_preempt      0.0     0
2026-09-27T08:53:03+00:00
COMMAND         %CPU   RSS
bench           24.0 218960
isuride         13.0 21948
mysqld           1.6 959484
nginx            0.3 17580
nginx            0.3 17508
kworker/u4:2-wr  0.0     0
kworker/u4:5-fl  0.0     0
rcu_preempt      0.0     0
jbd2/sda1-8      0.0     0
2026-09-27T08:53:05+00:00
COMMAND         %CPU   RSS
bench           24.7 242192
isuride         14.6 24672
mysqld           1.6 959868
nginx            0.3 17580
nginx            0.3 17508
kworker/u4:2-ev  0.0     0
kworker/u4:5-fl  0.0     0
rcu_preempt      0.0     0
jbd2/sda1-8      0.0     0
2026-09-27T08:53:07+00:00
COMMAND         %CPU   RSS
bench           25.1 255272
isuride         16.3 24856
mysqld           1.6 960248
nginx            0.3 17580
nginx            0.3 17508
kworker/u4:2-ev  0.0     0
kworker/u4:5-fl  0.0     0
rcu_preempt      0.0     0
jbd2/sda1-8      0.0     0
2026-09-27T08:53:09+00:00
COMMAND         %CPU   RSS
bench           25.7 277424
isuride         17.7 25196
mysqld           1.6 960616
nginx            0.3 17580
nginx            0.3 17508
kworker/u4:2-ev  0.0     0
kworker/u4:5-fl  0.0     0
rcu_preempt      0.0     0
kworker/u4:0-ev  0.0     0
2026-09-27T08:53:11+00:00
COMMAND         %CPU   RSS
bench           26.1 303036
isuride         18.8 26384
mysqld           1.6 960884
nginx            0.3 17580
nginx            0.3 17508
kworker/u4:2-ev  0.0     0
kworker/u4:5-fl  0.0     0
rcu_preempt      0.0     0
kworker/u4:0-ev  0.0     0
2026-09-27T08:53:13+00:00
COMMAND         %CPU   RSS
bench           26.5 333928
isuride         19.8 30328
mysqld           1.6 961092
nginx            0.3 17580
nginx            0.3 17508
kworker/u4:2-ev  0.0     0
kworker/u4:5-fl  0.0     0
rcu_preempt      0.0     0
kworker/u4:0-ev  0.0     0
2026-09-27T08:53:16+00:00
COMMAND         %CPU   RSS
bench           26.7 354308
isuride         20.7 31212
mysqld           1.6 961440
nginx            0.3 17580
nginx            0.3 17508
kworker/u4:2-ex  0.0     0
kworker/u4:5-fl  0.0     0
rcu_preempt      0.0     0
kworker/u4:0-ev  0.0     0
2026-09-27T08:53:18+00:00
COMMAND         %CPU   RSS
bench           27.0 372108
isuride         21.5 32504
curl             4.0 12340
mysqld           1.6 961812
nginx            0.3 17580
nginx            0.3 17508
kworker/u4:2-ex  0.0     0
kworker/u4:5-fl  0.0     0
rcu_preempt      0.0     0
2026-09-27T08:53:20+00:00
COMMAND         %CPU   RSS
bench           27.2 409980
isuride         22.3 33816
mysqld           1.6 962104
nginx            0.3 17580
nginx            0.3 17508
kworker/u4:2-ex  0.0     0
kworker/u4:5-fl  0.0     0
rcu_preempt      0.0     0
kworker/u4:0-ev  0.0     0
2026-09-27T08:53:22+00:00
COMMAND         %CPU   RSS
bench           27.3 412732
isuride         23.1 36536
curl             4.7 12336
mysqld           1.6 962492
nginx            0.3 17580
nginx            0.3 17508
kworker/u4:2-ev  0.0     0
kworker/u4:5-fl  0.0     0
kworker/u4:0-ex  0.0     0
2026-09-27T08:53:24+00:00
COMMAND         %CPU   RSS
bench           27.4 442768
isuride         23.8 32224
mysqld           1.6 962800
nginx            0.3 17580
nginx            0.3 17508
kworker/u4:2-ex  0.0     0
kworker/u4:5-fl  0.0     0
kworker/u4:0-ev  0.0     0
rcu_preempt      0.0     0
2026-09-27T08:53:26+00:00
COMMAND         %CPU   RSS
bench           27.6 444600
isuride         24.5 37520
mysqld           1.6 963088
nginx            0.3 17580
nginx            0.3 17508
kworker/u4:2-ex  0.0     0
kworker/u4:5-fl  0.0     0
kworker/u4:0-ex  0.0     0
rcu_preempt      0.0     0
2026-09-27T08:53:28+00:00
COMMAND         %CPU   RSS
bench           27.7 479340
isuride         25.1 37992
mysqld           1.6 963380
nginx            0.3 17580
nginx            0.3 17508
kworker/u4:2-ex  0.0     0
kworker/u4:5-fl  0.0     0
kworker/u4:0-ev  0.0     0
rcu_preempt      0.0     0
2026-09-27T08:53:30+00:00
COMMAND         %CPU   RSS
bench           27.8 480900
isuride         25.6 41428
mysqld           1.6 963756
nginx            0.3 17580
nginx            0.3 17508
kworker/u4:2-ev  0.0     0
kworker/u4:0-ex  0.0     0
kworker/u4:5-fl  0.0     0
rcu_preempt      0.0     0
2026-09-27T08:53:32+00:00
COMMAND         %CPU   RSS
bench           27.9 517788
isuride         26.2 41356
mysqld           1.6 964076
nginx            0.3 17580
nginx            0.3 17508
kworker/u4:2-ev  0.0     0
kworker/u4:0-ev  0.0     0
kworker/u4:5-fl  0.0     0
rcu_preempt      0.0     0
2026-09-27T08:53:34+00:00
COMMAND         %CPU   RSS
bench           28.0 520408
isuride         26.7 41928
curl             2.3 12340
mysqld           1.6 964468
nginx            0.3 17580
nginx            0.3 17508
kworker/u4:2-ev  0.0     0
kworker/u4:0-ex  0.0     0
kworker/u4:5-fl  0.0     0
2026-09-27T08:53:36+00:00
COMMAND         %CPU   RSS
bench           28.1 525272
isuride         27.1 43616
curl             2.2 12340
mysqld           1.6 964532
nginx            0.3 17580
nginx            0.3 17508
kworker/u4:2-ex  0.0     0
kworker/u4:0-ev  0.0     0
kworker/u4:5-fl  0.0     0
2026-09-27T08:53:38+00:00
COMMAND         %CPU   RSS
bench           28.4 548908
isuride         27.4 44164
mysqld           1.7 965000
nginx            0.3 17580
nginx            0.3 17508
kworker/u4:2-ev  0.0     0
kworker/u4:0-ev  0.0     0
kworker/u4:5-fl  0.0     0
rcu_preempt      0.0     0
2026-09-27T08:53:40+00:00
COMMAND         %CPU   RSS
bench           28.4 550500
isuride         27.9 43424
mysqld           1.7 965132
nginx            0.3 17580
nginx            0.3 17508
kworker/u4:2-ex  0.0     0
kworker/u4:0-ev  0.0     0
kworker/u4:5-fl  0.0     0
rcu_preempt      0.0     0
2026-09-27T08:53:42+00:00
COMMAND         %CPU   RSS
bench           28.5 553528
isuride         28.2 46464
mysqld           1.7 965296
nginx            0.3 17580
nginx            0.3 17508
kworker/u4:2-ev  0.0     0
kworker/u4:0-ex  0.0     0
kworker/u4:5-fl  0.0     0
rcu_preempt      0.0     0
2026-09-27T08:53:44+00:00
COMMAND         %CPU   RSS
bench           28.6 573092
isuride         28.5 44076
curl             2.5 12340
mysqld           1.7 965680
nginx            0.3 17580
nginx            0.3 17508
kworker/u4:2-ev  0.0     0
kworker/u4:0-ex  0.0     0
kworker/u4:5-fl  0.0     0
2026-09-27T08:53:46+00:00
COMMAND         %CPU   RSS
isuride         28.9 45748
bench           28.6 574656
mysqld           1.7 965828
nginx            0.3 17580
nginx            0.3 17508
kworker/u4:2-ev  0.0     0
kworker/u4:0-ev  0.0     0
kworker/u4:5-fl  0.0     0
rcu_preempt      0.0     0
2026-09-27T08:53:48+00:00
COMMAND         %CPU   RSS
isuride         29.1 48420
bench           28.7 597180
mysqld           1.7 966120
nginx            0.3 17584
nginx            0.3 17508
kworker/u4:2-ev  0.0     0
kworker/u4:0-ev  0.0     0
kworker/u4:5-fl  0.0     0
rcu_preempt      0.0     0
2026-09-27T08:53:50+00:00
COMMAND         %CPU   RSS
isuride         29.4 49016
bench           28.8 598144
curl             4.5 12340
mysqld           1.7 966184
nginx            0.3 17584
nginx            0.3 17508
kworker/u4:2-ev  0.0     0
kworker/u4:0-wr  0.0     0
kworker/u4:5-fl  0.0     0
2026-09-27T08:53:52+00:00
COMMAND         %CPU   RSS
isuride         29.7 40312
bench           28.7 600024
curl             7.6 12340
mysqld           1.7 966480
nginx            0.3 17584
nginx            0.3 17508
kworker/u4:2-ev  0.0     0
kworker/u4:0-ev  0.0     0
kworker/u4:5-fl  0.0     0
2026-09-27T08:53:54+00:00
COMMAND         %CPU   RSS
isuride         30.1 39424
bench           28.6 616492
mysqld           1.7 966648
nginx            0.3 17584
nginx            0.3 17508
kworker/u4:2-ev  0.0     0
kworker/u4:0-wr  0.0     0
kworker/u4:5-fl  0.0     0
rcu_preempt      0.0     0
