procs -----------memory---------- ---swap-- -----io---- -system-- -------cpu------- -----timestamp-----
 r  b   swpd   free   buff  cache   si   so    bi    bo   in   cs us sy id wa st gu                 UTC
 5  0      0 727716  74796 2069392    0    0    23   460  681   10  4  1 95  0  0  0 2026-09-27 08:52:49
 1  0      0 717508  74924 2055488    0    0  1044 63236 14413 29279 29 11 41 18  0  0 2026-09-27 08:52:50
 8  1      0 696908  74924 2056040    0    0     0 13364 22680 64345 22 15 61  3  0  0 2026-09-27 08:52:51
 1  1      0 690968  74924 2056564    0    0     0 14360 26476 79267 21 20 56  3  0  0 2026-09-27 08:52:52
 0  0      0 676380  74924 2058548    0    0     0 22604 29852 104735 34 27 34  4  0  0 2026-09-27 08:52:53
15  0      0 661368  74924 2059512    0    0     0 22028 28228 110784 41 35 21  3  0  0 2026-09-27 08:52:54
 3  1      0 643980  74924 2060660    0    0     0 21924 29450 124724 43 36 19  2  0  0 2026-09-27 08:52:55
22  0      0 620280  74924 2062892    0    0    16 24736 26001 114269 48 35 15  2  0  0 2026-09-27 08:52:56
 6  1      0 598436  75056 2065536    0    0   132 28300 25621 117235 52 41  5  2  0  0 2026-09-27 08:52:57
13  0      0 579636  75060 2066668    0    0     4 30876 24840 109774 51 39  7  3  0  0 2026-09-27 08:52:58
25  1      0 560068  75060 2068044    0    0     0 27276 21739 103622 56 39  4  2  0  0 2026-09-27 08:52:59
34  0      0 554056  75060 2069276    0    0     0 27080 23223 104708 54 41  3  2  0  0 2026-09-27 08:53:00
16  1      0 532292  75060 2071476    0    0     0 27468 22405 106231 54 38  5  3  0  0 2026-09-27 08:53:01
10  1      0 507148  75060 2072772    0    0     0 26840 22590 107835 55 37  5  3  0  0 2026-09-27 08:53:02
29  0      0 503720  75060 2074072    0    0     0 28368 23418 108461 54 40  4  2  0  0 2026-09-27 08:53:03
14  0      0 483104  75060 2075308    0    0     0 27788 21554 103167 55 39  4  2  0  0 2026-09-27 08:53:04
33  1      0 474424  75060 2076624    0    0    16 30168 20989 109292 54 42  3  2  0  0 2026-09-27 08:53:05
13  1      0 456972  75060 2078036    0    0     0 26964 21031 107098 59 40  1  0  0  0 2026-09-27 08:53:06
37  1      0 454440  75060 2079532    0    0    32 26468 20683 112110 58 41  1  0  0  0 2026-09-27 08:53:07
11  1      0 433148  75060 2080924    0    0     0 34708 23313 108116 58 40  2  1  0  0 2026-09-27 08:53:08
51  0      0 423032  75060 2083320    0    0     0 27224 21169 102420 60 39  1  1  0  0 2026-09-27 08:53:09
procs -----------memory---------- ---swap-- -----io---- -system-- -------cpu------- -----timestamp-----
 r  b   swpd   free   buff  cache   si   so    bi    bo   in   cs us sy id wa st gu                 UTC
14  0      0 407660  75060 2085656    0    0     0 28020 21429 111281 58 38  3  1  0  0 2026-09-27 08:53:10
35  0      0 395360  75060 2087188    0    0     0 27868 21206 101664 59 39  1  1  0  0 2026-09-27 08:53:11
42  1      0 387664  75060 2088736    0    0    16 26236 21139 106060 59 39  2  1  0  0 2026-09-27 08:53:12
42  1      0 357436  75060 2090324    0    0     0 27416 21428 102100 57 39  3  2  0  0 2026-09-27 08:53:13
42  0      0 352900  75060 2091560    0    0     0 28036 18920 101221 58 40  2  1  0  0 2026-09-27 08:53:14
14  1      0 339220  75060 2093044    0    0     0 30160 21229 108167 58 41  1  1  0  0 2026-09-27 08:53:15
 8  2      0 316220  75060 2094300    0    0     0 29672 19187 97775 59 39  1  1  0  0 2026-09-27 08:53:16
25  0      0 310716  75060 2095784    0    0     0 29700 23579 106550 57 37  4  2  0  0 2026-09-27 08:53:17
47  0      0 302912  75060 2097216    0    0     0 35596 21382 103585 57 41  1  1  0  0 2026-09-27 08:53:18
53  1      0 271500  75060 2098460    0    0     0 27364 20556 94695 58 40  2  1  0  0 2026-09-27 08:53:19
40  0      0 263524  75060 2099876    0    0     0 28400 21902 106036 58 39  2  1  0  0 2026-09-27 08:53:20
57  1      0 259116  75060 2101080    0    0     0 27612 21581 104723 58 39  3  1  0  0 2026-09-27 08:53:21
23  0      0 251080  75060 2102532    0    0     0 27104 22324 107588 57 40  2  1  0  0 2026-09-27 08:53:22
19  0      0 227008  75060 2103876    0    0     0 29152 19754 97457 59 40  1  1  0  0 2026-09-27 08:53:23
12  0      0 219996  75060 2107220    0    0     0 31460 21625 98623 57 41  2  1  0  0 2026-09-27 08:53:24
26  0      0 216088  75060 2108732    0    0     0 27604 20036 103649 58 41  1  1  0  0 2026-09-27 08:53:25
32  1      0 209996  75060 2110052    0    0    16 24772 21306 103848 60 38  2  0  0  0 2026-09-27 08:53:26
25  0      0 181888  75060 2111584    0    0    32 25716 19015 98679 62 36  2  1  0  0 2026-09-27 08:53:27
18  0      0 177768  75060 2113116    0    0     0 24792 20477 103362 59 38  3  1  0  0 2026-09-27 08:53:28
15  0      0 169212  75060 2114556    0    0    16 33548 21534 103446 58 38  3  1  0  0 2026-09-27 08:53:29
29  1      0 163016  75060 2116912    0    0     0 30216 21259 109173 58 41  1  0  0  0 2026-09-27 08:53:30
procs -----------memory---------- ---swap-- -----io---- -system-- -------cpu------- -----timestamp-----
 r  b   swpd   free   buff  cache   si   so    bi    bo   in   cs us sy id wa st gu                 UTC
52  0      0 132024  75060 2118232    0    0     0 28636 21800 104755 58 41  1  0  0  0 2026-09-27 08:53:31
41  0      0 121764  75060 2119436    0    0     0 27424 21156 97978 60 39  1  1  0  0 2026-09-27 08:53:32
20  0      0 118528  75060 2120604    0    0     0 26856 19936 95129 61 39  1  0  0  0 2026-09-27 08:53:33
23  0      0 115000  75060 2121664    0    0     0 24084 18887 80699 61 38  1  1  0  0 2026-09-27 08:53:34
26  0      0 110968  75060 2123360    0    0     0 26556 21660 97951 58 40  2  0  0  0 2026-09-27 08:53:35
13  0      0 102000  75060 2124400    0    0     0 21916 16532 78595 63 37  0  1  0  0 2026-09-27 08:53:36
12  1      0  82344  75060 2125492    0    0     0 26464 16885 86418 60 38  2  1  0  0 2026-09-27 08:53:37
27  0      0  78844  75060 2127744    0    0     0 28800 21662 95976 61 39  1  0  0  0 2026-09-27 08:53:38
17  1      0  75580  75060 2129976    0    0     0 31712 19291 94968 61 38  0  0  0  0 2026-09-27 08:53:39
34  0      0  71384  75060 2131300    0    0     0 26784 21344 98098 60 40  1  0  0  0 2026-09-27 08:53:40
15  0      0  67028  75060 2132480    0    0     0 28100 21650 96038 62 36  1  0  0  0 2026-09-27 08:53:41
40  1      0 117636  74752 2066308    0    0     0 26672 19000 89321 61 38  1  1  0  0 2026-09-27 08:53:42
18  0      0 110644  74752 2067508    0    0     0 24444 21425 97604 61 39  1  0  0  0 2026-09-27 08:53:43
 8  1      0 109116  74752 2068660    0    0     0 25244 19677 92648 62 37  2  0  0  0 2026-09-27 08:53:44
28  0      0 115744  74752 2070036    0    0     0 26436 19601 98148 60 38  1  1  0  0 2026-09-27 08:53:45
37  2      0 110640  74752 2071264    0    0     0 26224 19437 94529 61 38  1  0  0  0 2026-09-27 08:53:46
36  0      0  84444  74752 2072464    0    0     0 24296 17703 90492 66 32  2  0  0  0 2026-09-27 08:53:47
12  0      0  74404  74752 2080896    0    0    16 34348 20774 96829 62 37  1  1  0  0 2026-09-27 08:53:48
16  0      0  76172  74752 2081912    0    0     0 33916 20591 96929 62 38  0  0  0  0 2026-09-27 08:53:49
14  0      0  70180  74752 2083164    0    0     0 26756 17778 91527 62 36  1  1  0  0 2026-09-27 08:53:50
15  0      0  85952  74752 2083968    0    0     0 20316 19756 109105 60 38  2  1  0  0 2026-09-27 08:53:51
procs -----------memory---------- ---swap-- -----io---- -system-- -------cpu------- -----timestamp-----
 r  b   swpd   free   buff  cache   si   so    bi    bo   in   cs us sy id wa st gu                 UTC
 9  0      0  82740  74756 2084688    0    0     4  7688 18523 128321 64 33  4  0  0  0 2026-09-27 08:53:52
34  0      0  66896  74756 2085364    0    0     0  4720 17734 128141 67 29  4  0  0  0 2026-09-27 08:53:53
30  0      0 120700  74648 2019440    0    0     0  4112 19492 130390 67 29  5  0  0  0 2026-09-27 08:53:54
17  0      0 130460  74648 2020448    0    0     0  3004 18154 137549 67 29  5  0  0  0 2026-09-27 08:53:55
