2026-10-07T14:03:11+00:00
COMMAND         %CPU   RSS
nginx            0.2  7924
nginx            0.2  7916
mysqld           0.2 420776
isuride          0.0  9040
kworker/0:0-eve  0.0     0
rcu_preempt      0.0     0
multipathd       0.0 26488
ksoftirqd/0      0.0     0
ksoftirqd/1      0.0     0
2026-10-07T14:03:13+00:00
COMMAND         %CPU   RSS
bench            5.5 34784
nginx            0.2  8228
nginx            0.2  8168
mysqld           0.2 465572
isuride          0.0  9528
sh               0.0  1588
kworker/0:0-eve  0.0     0
rcu_preempt      0.0     0
multipathd       0.0 26488
2026-10-07T14:03:15+00:00
COMMAND         %CPU   RSS
bench           12.2 55764
isuride          1.7 15076
nginx            0.2  8624
nginx            0.2  8664
mysqld           0.2 511668
sh               0.0  1588
kworker/0:0-eve  0.0     0
rcu_preempt      0.0     0
multipathd       0.0 26488
2026-10-07T14:03:17+00:00
COMMAND         %CPU   RSS
bench           17.7 78932
isuride          3.7 15724
nginx            0.2  8952
nginx            0.2  8976
mysqld           0.2 514880
sh               0.0  1588
kworker/0:0-eve  0.0     0
rcu_preempt      0.0     0
multipathd       0.0 26488
2026-10-07T14:03:19+00:00
COMMAND         %CPU   RSS
bench           21.1 98468
isuride          5.8 16668
nginx            0.2  9220
nginx            0.2  9304
mysqld           0.2 518400
kworker/0:0-eve  0.0     0
sh               0.0  1588
rcu_preempt      0.0     0
kworker/u4:3-ev  0.0     0
2026-10-07T14:03:21+00:00
COMMAND         %CPU   RSS
bench           22.9 110432
isuride          7.5 16720
nginx            0.2  9528
nginx            0.2  9536
mysqld           0.2 522032
kworker/0:0-eve  0.0     0
sh               0.0  1588
rcu_preempt      0.0     0
kworker/u4:3-ev  0.0     0
2026-10-07T14:03:23+00:00
COMMAND         %CPU   RSS
bench           24.8 126892
curl            11.5 12344
isuride          9.0 18668
nginx            0.2  9840
nginx            0.2  9820
mysqld           0.2 523712
kworker/0:0-eve  0.0     0
rcu_preempt      0.0     0
sh               0.0  1588
2026-10-07T14:03:25+00:00
COMMAND         %CPU   RSS
bench           27.4 135704
isuride         10.3 19008
nginx            0.2 10148
nginx            0.2 10016
mysqld           0.2 524796
kworker/0:0-eve  0.0     0
rcu_preempt      0.0     0
sh               0.0  1588
kworker/u4:3-ev  0.0     0
2026-10-07T14:03:28+00:00
COMMAND         %CPU   RSS
ps              50.0  3756
bench           27.7 148092
isuride         11.6 19560
nginx            0.2 10304
nginx            0.2 10252
mysqld           0.2 525932
bash             0.0  2056
kworker/0:0-eve  0.0     0
rcu_preempt      0.0     0
2026-10-07T14:03:30+00:00
COMMAND         %CPU   RSS
bench           28.3 160276
isuride         12.8 19364
nginx            0.2 10412
nginx            0.2 10584
mysqld           0.2 526908
bash             0.0  2056
kworker/0:0-eve  0.0     0
rcu_preempt      0.0     0
sh               0.0  1588
2026-10-07T14:03:32+00:00
COMMAND         %CPU   RSS
bench           28.8 173368
isuride         13.9 20756
nginx            0.2 10656
nginx            0.2 10716
mysqld           0.2 527964
bash             0.0  2056
kworker/0:0-eve  0.0     0
rcu_preempt      0.0     0
kworker/u4:3-ev  0.0     0
2026-10-07T14:03:34+00:00
COMMAND         %CPU   RSS
bench           29.1 185664
isuride         15.0 20600
nginx            0.2 11080
nginx            0.2 11372
mysqld           0.2 529128
bash             0.0  2056
kworker/u4:3-ev  0.0     0
kworker/0:0-eve  0.0     0
rcu_preempt      0.0     0
2026-10-07T14:03:36+00:00
COMMAND         %CPU   RSS
bench           29.6 198048
isuride         15.8 21160
nginx            0.2 11492
nginx            0.2 11656
mysqld           0.2 530616
bash             0.0  2056
kworker/u4:3-ev  0.0     0
kworker/0:0-eve  0.0     0
rcu_preempt      0.0     0
2026-10-07T14:03:38+00:00
COMMAND         %CPU   RSS
bench           30.1 218100
isuride         16.6 22356
nginx            0.2 11836
nginx            0.2 11916
mysqld           0.2 531724
kworker/u4:3-ex  0.0     0
bash             0.0  2056
kworker/0:0-eve  0.0     0
rcu_preempt      0.0     0
2026-10-07T14:03:40+00:00
COMMAND         %CPU   RSS
bench           30.2 232284
isuride         17.4 22404
nginx            0.2 12156
mysqld           0.2 532784
nginx            0.2 12448
kworker/u4:3-ex  0.0     0
bash             0.0  2056
kworker/0:0-eve  0.0     0
rcu_preempt      0.0     0
2026-10-07T14:03:42+00:00
COMMAND         %CPU   RSS
bench           30.6 255860
isuride         18.1 25596
curl             8.3 12344
mysqld           0.2 533596
nginx            0.2 12664
nginx            0.2 12724
kworker/u4:3-ev  0.0     0
kworker/0:0-eve  0.0     0
bash             0.0  2056
2026-10-07T14:03:44+00:00
COMMAND         %CPU   RSS
bench           31.0 281728
isuride         18.8 23524
mysqld           0.2 535232
nginx            0.2 13056
nginx            0.2 13044
kworker/u4:3-ev  0.0     0
kworker/0:0-eve  0.0     0
rcu_preempt      0.0     0
bash             0.0  2056
2026-10-07T14:03:46+00:00
COMMAND         %CPU   RSS
bench           31.4 308456
isuride         19.3 27020
mysqld           0.2 535900
nginx            0.2 13308
nginx            0.2 13356
kworker/u4:3-ev  0.0     0
kworker/0:0-eve  0.0     0
rcu_preempt      0.0     0
bash             0.0  2056
2026-10-07T14:03:48+00:00
COMMAND         %CPU   RSS
bench           31.4 309848
isuride         20.0 27488
mysqld           0.2 536808
nginx            0.2 13504
nginx            0.2 13772
kworker/u4:3-ev  0.0     0
kworker/0:0-eve  0.0     0
rcu_preempt      0.0     0
bash             0.0  2056
2026-10-07T14:03:50+00:00
COMMAND         %CPU   RSS
bench           31.8 336488
isuride         20.6 27260
mysqld           0.2 537756
nginx            0.2 13840
nginx            0.2 14096
kworker/u4:3-ev  0.0     0
kworker/0:0-eve  0.0     0
rcu_preempt      0.0     0
bash             0.0  2056
2026-10-07T14:03:52+00:00
COMMAND         %CPU   RSS
bench           32.3 360912
isuride         21.1 28832
curl            11.7 12336
mysqld           0.2 538612
nginx            0.2 14020
nginx            0.2 14400
kworker/u4:3-ev  0.0     0
kworker/0:0-eve  0.0     0
rcu_preempt      0.0     0
2026-10-07T14:03:54+00:00
COMMAND         %CPU   RSS
bench           32.2 363696
isuride         21.7 28992
mysqld           0.2 540132
nginx            0.2 14416
nginx            0.2 14664
bash             0.0  2056
kworker/u4:3-ev  0.0     0
kworker/0:0-eve  0.0     0
rcu_preempt      0.0     0
2026-10-07T14:03:56+00:00
COMMAND         %CPU   RSS
bench           32.2 386684
isuride         22.1 30428
curl            16.6 12328
mysqld           0.2 541024
nginx            0.2 14708
nginx            0.2 14976
bash             0.0  2056
kworker/u4:3-ev  0.0     0
kworker/0:0-eve  0.0     0
2026-10-07T14:03:58+00:00
COMMAND         %CPU   RSS
bench           32.4 401456
isuride         22.6 30032
mysqld           0.2 542752
nginx            0.2 15192
nginx            0.2 15452
kworker/u4:3-ev  0.0     0
bash             0.0  2056
kworker/0:0-eve  0.0     0
rcu_preempt      0.0     0
2026-10-07T14:04:00+00:00
COMMAND         %CPU   RSS
bench           32.5 433108
isuride         23.0 34400
curl             1.6 12344
mysqld           0.2 543660
nginx            0.2 15664
nginx            0.2 15880
kworker/u4:3-ev  0.0     0
bash             0.0  2056
kworker/0:0-eve  0.0     0
2026-10-07T14:04:02+00:00
COMMAND         %CPU   RSS
bench           32.5 438172
isuride         23.5 33944
mysqld           0.2 544628
nginx            0.2 16172
nginx            0.2 16124
kworker/u4:3-ev  0.0     0
bash             0.0  2056
kworker/0:0-eve  0.0     0
rcu_preempt      0.0     0
2026-10-07T14:04:04+00:00
COMMAND         %CPU   RSS
bench           32.7 465980
isuride         23.8 34812
mysqld           0.2 545348
nginx            0.2 16324
nginx            0.2 16564
kworker/u4:3-ev  0.0     0
bash             0.0  2056
kworker/0:0-eve  0.0     0
rcu_preempt      0.0     0
2026-10-07T14:04:06+00:00
COMMAND         %CPU   RSS
bench           32.8 467812
isuride         24.2 37312
mysqld           0.2 546056
nginx            0.2 16628
nginx            0.2 16856
kworker/u4:3-ev  0.0     0
bash             0.0  2056
kworker/0:0-eve  0.0     0
rcu_preempt      0.0     0
2026-10-07T14:04:08+00:00
COMMAND         %CPU   RSS
bench           33.1 499316
isuride         24.5 36616
mysqld           0.2 546872
nginx            0.2 17044
nginx            0.2 17052
kworker/u4:3-ev  0.0     0
bash             0.0  2056
kworker/0:0-eve  0.0     0
rcu_preempt      0.0     0
2026-10-07T14:04:10+00:00
COMMAND         %CPU   RSS
bench           33.1 501040
isuride         24.9 36928
mysqld           0.2 547528
nginx            0.2 17116
nginx            0.2 17092
kworker/u4:3-ev  0.0     0
bash             0.0  2056
kworker/0:0-eve  0.0     0
rcu_preempt      0.0     0
2026-10-07T14:04:12+00:00
COMMAND         %CPU   RSS
bench           33.2 528468
isuride         25.2 38976
mysqld           0.2 548128
nginx            0.2 17276
nginx            0.2 17152
kworker/u4:3-ex  0.0     0
kworker/0:0-eve  0.0     0
bash             0.0  2056
rcu_preempt      0.0     0
2026-10-07T14:04:14+00:00
COMMAND         %CPU   RSS
bench           33.1 530372
isuride         25.5 34664
mysqld           0.2 548896
nginx            0.2 17276
nginx            0.2 17204
kworker/u4:3-ev  0.0     0
kworker/0:0-eve  0.0     0
bash             0.0  2056
rcu_preempt      0.0     0
2026-10-07T14:04:16+00:00
COMMAND         %CPU   RSS
bench           33.3 539404
isuride         26.0 27428
mysqld           0.2 548940
nginx            0.2 17276
nginx            0.2 17204
kworker/u4:3-ev  0.0     0
kworker/0:0-eve  0.0     0
rcu_preempt      0.0     0
bash             0.0  2056
2026-10-07T14:04:18+00:00
COMMAND         %CPU   RSS
bench           33.4 562780
isuride         26.5 25916
mysqld           0.2 548940
nginx            0.2 17276
nginx            0.2 17204
kworker/u4:3-ev  0.0     0
kworker/0:0-eve  0.0     0
rcu_preempt      0.0     0
bash             0.0  2056
