procs -----------memory---------- ---swap-- -----io---- -system-- -------cpu------- -----timestamp-----
 r  b   swpd   free   buff  cache   si   so    bi    bo   in   cs us sy id wa st gu                 UTC
 3  0      0 1864628  97312 1431560    0    0     3    12  334    1  3  1 96  0  0  0 2026-10-07 14:03:11
 1  1      0 1867776  97312 1383616    0    0     0 18360 8536 15328 18 18 37 26  0  0 2026-10-07 14:03:12
 1  1      0 1818584  97320 1420780    0    0     0 46352 11303 20625 28 13 36 24  0  0 2026-10-07 14:03:13
 3  2      0 1777024  97320 1421636    0    0     0  8040 19572 52783 31 27 36  6  0  0 2026-10-07 14:03:14
 2  0      0 1770024  97320 1422504    0    0     0 10456 24069 68824 24 21 48  7  0  0 2026-10-07 14:03:15
12  0      0 1755240  97320 1423652    0    0     0 14340 22305 75950 38 32 23  7  0  0 2026-10-07 14:03:16
 7  1      0 1737880  97320 1425060    0    0     0 15884 20278 75421 45 34 12  9  0  0 2026-10-07 14:03:17
17  1      0 1718740  97324 1427112    0    0     0 13820 14317 48735 50 38  9  3  0  0 2026-10-07 14:03:18
 5  1      0 1711460  97324 1428184    0    0     0 14620 16563 60057 50 39  5  6  0  0 2026-10-07 14:03:19
32  1      0 1699868  97324 1429644    0    0     0 16144 18485 67837 49 38  8  5  0  0 2026-10-07 14:03:20
23  0      0 1685560  97324 1431988    0    0     0 18544 18453 65549 49 38  8  5  0  0 2026-10-07 14:03:21
22  1      0 1671700  97324 1434432    0    0     0 17880 18221 66469 51 38  6  5  0  0 2026-10-07 14:03:22
19  0      0 1663604  97324 1435888    0    0   128 15468 15196 55589 51 42  4  3  0  0 2026-10-07 14:03:23
10  0      0 1651256  97324 1436972    0    0     0 12092 11858 46740 52 41  4  2  0  0 2026-10-07 14:03:24
25  2      0 1650036  97324 1437840    0    0     0 11732 12426 41189 55 41  2  2  0  0 2026-10-07 14:03:25
12  2      0 1633684  97324 1439108    0    0     0 15204 15247 54950 52 39  5  4  0  0 2026-10-07 14:03:26
50  1      0 1629428  97324 1440468    0    0     0 16576 15499 61832 51 40  5  4  0  0 2026-10-07 14:03:27
21  0      0 1614840  97324 1442512    0    0     0 18384 13287 48568 52 38  4  6  0  0 2026-10-07 14:03:28
15  1      0 1612324  97324 1444056    0    0     0 16440 16518 62661 52 39  4  4  0  0 2026-10-07 14:03:29
67  0      0 1599360  97324 1445396    0    0     0 14368 15928 53975 51 38  6  5  0  0 2026-10-07 14:03:30
14  1      0 1595388  97324 1446820    0    0     0 15328 14703 58462 52 41  4  3  0  0 2026-10-07 14:03:31
procs -----------memory---------- ---swap-- -----io---- -system-- -------cpu------- -----timestamp-----
 r  b   swpd   free   buff  cache   si   so    bi    bo   in   cs us sy id wa st gu                 UTC
13  1      0 1588388  97324 1448424    0    0     0 15608 16315 62044 55 36  5  3  0  0 2026-10-07 14:03:32
13  0      0 1577232  97324 1450248    0    0     0 17888 16709 67438 51 41  4  3  0  0 2026-10-07 14:03:33
11  0      0 1568604  97324 1451728    0    0     0 15172 16162 58470 54 41  3  2  0  0 2026-10-07 14:03:34
 9  0      0 1556772  97324 1453832    0    0     0 21444 18703 77628 53 38  5  4  0  0 2026-10-07 14:03:35
14  2      0 1540644  97324 1455824    0    0     0 19452 17355 72885 52 39  5  4  0  0 2026-10-07 14:03:36
14  2      0 1528112  97324 1457404    0    0     0 15532 14415 54911 52 38  5  5  0  0 2026-10-07 14:03:37
28  0      0 1516364  97324 1459448    0    0     0 20260 19141 78864 54 35  7  4  0  0 2026-10-07 14:03:38
29  1      0 1509452  97324 1461664    0    0     0 27592 19568 83214 54 40  3  3  0  0 2026-10-07 14:03:39
11  0      0 1485828  97324 1464052    0    0     0 22300 19411 79247 53 39  5  3  0  0 2026-10-07 14:03:40
22  1      0 1475260  97324 1467188    0    0     0 19988 16974 72177 57 37  5  2  0  0 2026-10-07 14:03:41
25  1      0 1465712  97324 1469052    0    0     0 18008 16249 67902 56 36  5  3  0  0 2026-10-07 14:03:42
13  1      0 1442584  97324 1471968    0    0     0 21088 15436 60579 53 42  4  1  0  0 2026-10-07 14:03:43
18  1      0 1436748  97324 1473872    0    0     0 18004 17417 66497 58 34  6  3  0  0 2026-10-07 14:03:44
30  0      0 1408808  97324 1475988    0    0     0 20556 15114 72744 55 39  4  2  0  0 2026-10-07 14:03:45
44  1      0 1403564  97324 1478144    0    0     0 21356 17493 75907 54 41  3  2  0  0 2026-10-07 14:03:46
11  1      0 1398608  97328 1480352    0    0     0 20232 16059 70826 55 40  4  2  0  0 2026-10-07 14:03:47
31  2      0 1369008  97328 1482152    0    0     0 18340 12997 59161 51 45  3  1  0  0 2026-10-07 14:03:48
25  0      0 1363304  97336 1484540    0    0     0 27020 19260 79721 57 37  4  2  0  0 2026-10-07 14:03:49
49  1      0 1359856  97336 1486672    0    0     0 21780 16269 70981 55 39  3  2  0  0 2026-10-07 14:03:50
45  0      0 1342484  97336 1488632    0    0     0 19316 15438 65988 54 41  3  2  0  0 2026-10-07 14:03:51
25  0      0 1326104  97336 1490628    0    0     0 18700 14696 62256 55 40  3  2  0  0 2026-10-07 14:03:52
procs -----------memory---------- ---swap-- -----io---- -system-- -------cpu------- -----timestamp-----
 r  b   swpd   free   buff  cache   si   so    bi    bo   in   cs us sy id wa st gu                 UTC
11  1      0 1322088  97336 1493244    0    0     0 23480 19123 85414 57 38  3  2  0  0 2026-10-07 14:03:53
42  0      0 1305012  97336 1496020    0    0     0 26156 18747 89455 56 38  5  2  0  0 2026-10-07 14:03:54
23  1      0 1289696  97336 1498456    0    0     0 22900 17888 81095 57 38  4  1  0  0 2026-10-07 14:03:55
 8  0      0 1278244  97336 1500876    0    0     0 22804 19049 78200 56 38  4  2  0  0 2026-10-07 14:03:56
39  0      0 1263488  97336 1505328    0    0     0 23028 17977 76117 57 36  5  2  0  0 2026-10-07 14:03:57
22  0      0 1255676  97336 1507768    0    0     0 24580 19695 87621 58 38  3  1  0  0 2026-10-07 14:03:58
16  1      0 1240092  97336 1510460    0    0     0 22248 19884 81879 53 40  5  2  0  0 2026-10-07 14:03:59
40  0      0 1218304  97336 1512876    0    0     0 22864 17538 80683 56 40  3  1  0  0 2026-10-07 14:04:00
50  0      0 1209616  97336 1515264    0    0     0 20648 17774 75224 59 36  4  1  0  0 2026-10-07 14:04:01
12  1      0 1208540  97336 1517652    0    0     0 20780 19032 77816 60 37  3  1  0  0 2026-10-07 14:04:02
11  0      0 1176116  97336 1519836    0    0     0 19180 16589 70943 59 38  3  1  0  0 2026-10-07 14:04:03
13  1      0 1171524  97336 1522220    0    0     0 27304 16182 75652 56 40  3  2  0  0 2026-10-07 14:04:04
 7  0      0 1169756  97336 1525040    0    0     0 23524 20320 89187 56 39  4  1  0  0 2026-10-07 14:04:05
10  0      0 1141404  97336 1527300    0    0     0 21484 17214 75199 55 40  3  2  0  0 2026-10-07 14:04:06
46  0      0 1126036  97336 1530752    0    0     0 19100 17763 71818 60 35  4  1  0  0 2026-10-07 14:04:07
21  0      0 1121036  97336 1533224    0    0     0 21868 20570 86423 55 40  4  1  0  0 2026-10-07 14:04:08
45  1      0 1117536  97336 1535572    0    0     0 28880 19402 83448 57 39  4  1  0  0 2026-10-07 14:04:09
 5  1      0 1095136  97336 1538040    0    0     0 22916 16421 75405 57 40  2  1  0  0 2026-10-07 14:04:10
15  0      0 1084388  97336 1540316    0    0     0 21660 16935 70394 60 35  3  2  0  0 2026-10-07 14:04:11
36  0      0 1078596  97336 1542564    0    0     0 22556 17909 73613 57 38  4  2  0  0 2026-10-07 14:04:12
56  2      0 1075556  97336 1545928    0    0     0 25424 19299 80315 58 36  4  2  0  0 2026-10-07 14:04:13
procs -----------memory---------- ---swap-- -----io---- -system-- -------cpu------- -----timestamp-----
 r  b   swpd   free   buff  cache   si   so    bi    bo   in   cs us sy id wa st gu                 UTC
14  0      0 1070596  97336 1547608    0    0     0 17432 21229 92921 57 39  3  1  0  0 2026-10-07 14:04:14
 6  0      0 1065108  97336 1549096    0    0     0  6824 14554 115129 64 32  5  0  0  0 2026-10-07 14:04:15
 4  0      0 1069232  97336 1550328    0    0     0  4092 17899 101820 62 34  4  0  0  0 2026-10-07 14:04:16
49  0      0 1051468  97336 1551648    0    0     0  3668 12892 108045 62 33  5  0  0  0 2026-10-07 14:04:17
 5  0      0 1048156  97336 1553032    0    0     0  3360 17040 107449 61 34  6  0  0  0 2026-10-07 14:04:18
