2026-09-26T10:27:46+00:00
COMMAND         %CPU   RSS
mysqld          49.0 1041156
nginx            1.8 10108
nginx            1.8 10208
systemd-journal  1.3 181580
jbd2/sda1-8      0.7     0
rsyslogd         0.7  5600
rcu_preempt      0.2     0
kworker/0:1H-kb  0.2     0
kworker/1:1H-kb  0.2     0
2026-09-26T10:27:48+00:00
COMMAND         %CPU   RSS
mysqld          49.0 1068556
bench            8.5 49160
nginx            1.8 10108
nginx            1.8 10208
systemd-journal  1.3 182360
isuride          0.7 14868
jbd2/sda1-8      0.7     0
rsyslogd         0.7  5600
rcu_preempt      0.2     0
2026-09-26T10:27:50+00:00
COMMAND         %CPU   RSS
mysqld          49.0 1068828
bench            8.2 52276
isuride          2.0 15208
nginx            1.8 10108
nginx            1.8 10208
systemd-journal  1.3 183376
jbd2/sda1-8      0.7     0
rsyslogd         0.7  5600
rcu_preempt      0.2     0
2026-09-26T10:27:52+00:00
COMMAND         %CPU   RSS
mysqld          49.0 1069324
bench            8.4 53072
isuride          3.5 14952
nginx            1.8 10108
nginx            1.8 10208
systemd-journal  1.3 184452
jbd2/sda1-8      0.7     0
rsyslogd         0.7  5600
rcu_preempt      0.2     0
2026-09-26T10:27:54+00:00
COMMAND         %CPU   RSS
mysqld          49.0 1070412
bench            9.1 55104
isuride          4.9 15640
nginx            1.8 10108
nginx            1.8 10208
systemd-journal  1.3 188900
jbd2/sda1-8      0.7     0
rsyslogd         0.7  5600
rcu_preempt      0.2     0
2026-09-26T10:27:56+00:00
COMMAND         %CPU   RSS
mysqld          49.0 1071812
bench            9.6 62752
isuride          6.3 16124
nginx            1.8 10108
nginx            1.8 10208
systemd-journal  1.3 191964
jbd2/sda1-8      0.7     0
rsyslogd         0.7  5600
rcu_preempt      0.2     0
2026-09-26T10:27:58+00:00
COMMAND         %CPU   RSS
mysqld          49.0 1073160
bench           10.4 68064
isuride          7.8 16120
nginx            1.8 10108
nginx            1.8 10208
systemd-journal  1.3 193568
jbd2/sda1-8      0.7     0
rsyslogd         0.7  5600
rcu_preempt      0.2     0
2026-09-26T10:28:00+00:00
COMMAND         %CPU   RSS
mysqld          49.0 1075104
bench           10.9 77600
isuride          9.2 16212
nginx            1.8 10108
nginx            1.8 10208
systemd-journal  1.3 196724
jbd2/sda1-8      0.7     0
rsyslogd         0.7  5600
rcu_preempt      0.2     0
2026-09-26T10:28:02+00:00
COMMAND         %CPU   RSS
mysqld          49.1 1077648
curl            25.0 12316
bench           11.2 83564
isuride         10.5 16684
nginx            1.8 10108
nginx            1.8 10208
systemd-journal  1.3 200600
jbd2/sda1-8      0.7     0
rsyslogd         0.7  5600
2026-09-26T10:28:04+00:00
COMMAND         %CPU   RSS
mysqld          49.1 1083660
bench           11.9 91104
isuride         11.7 16896
nginx            1.8 10108
nginx            1.8 10208
systemd-journal  1.3 202592
jbd2/sda1-8      0.7     0
rsyslogd         0.7  5600
rcu_preempt      0.2     0
2026-09-26T10:28:06+00:00
COMMAND         %CPU   RSS
mysqld          49.1 1087880
isuride         12.9 16820
bench           12.3 100636
nginx            1.8 10108
nginx            1.8 10208
systemd-journal  1.3 207860
jbd2/sda1-8      0.7     0
rsyslogd         0.7  5600
rcu_preempt      0.2     0
2026-09-26T10:28:08+00:00
COMMAND         %CPU   RSS
mysqld          49.1 1090060
isuride         13.9 16840
bench           12.8 111480
nginx            1.8 10108
nginx            1.8 10208
systemd-journal  1.3 210656
jbd2/sda1-8      0.7     0
rsyslogd         0.7  5600
rcu_preempt      0.2     0
2026-09-26T10:28:10+00:00
COMMAND         %CPU   RSS
mysqld          49.1 1092752
isuride         14.8 16872
bench           13.2 120452
nginx            1.8 10108
nginx            1.8 10208
systemd-journal  1.3 215468
jbd2/sda1-8      0.7     0
rsyslogd         0.7  5600
rcu_preempt      0.2     0
2026-09-26T10:28:12+00:00
COMMAND         %CPU   RSS
mysqld          49.2 1097284
isuride         15.6 17556
bench           13.5 128332
nginx            1.8 10108
nginx            1.8 10208
systemd-journal  1.3 218876
jbd2/sda1-8      0.7     0
rsyslogd         0.7  5600
rcu_preempt      0.2     0
2026-09-26T10:28:14+00:00
COMMAND         %CPU   RSS
mysqld          49.2 1091132
isuride         16.4 18656
bench           13.9 134976
nginx            1.8 10108
nginx            1.8 10208
systemd-journal  1.3 220972
jbd2/sda1-8      0.7     0
rsyslogd         0.7  5600
rcu_preempt      0.2     0
2026-09-26T10:28:16+00:00
COMMAND         %CPU   RSS
mysqld          49.2 1091492
isuride         17.2 18252
bench           14.1 141368
nginx            1.8 10108
nginx            1.8 10208
systemd-journal  1.3 227380
jbd2/sda1-8      0.7     0
rsyslogd         0.7  5600
rcu_preempt      0.2     0
2026-09-26T10:28:18+00:00
COMMAND         %CPU   RSS
mysqld          49.2 1091180
isuride         17.8 18608
curl            16.6 12348
bench           14.4 145020
nginx            1.8 10108
nginx            1.8 10208
systemd-journal  1.3 229548
jbd2/sda1-8      0.7     0
rsyslogd         0.7  5600
2026-09-26T10:28:20+00:00
COMMAND         %CPU   RSS
mysqld          49.3 1091780
isuride         18.5 18128
bench           14.5 148692
nginx            1.8 10108
nginx            1.8 10208
systemd-journal  1.3 229548
jbd2/sda1-8      0.7     0
rsyslogd         0.7  5600
rcu_preempt      0.2     0
2026-09-26T10:28:22+00:00
COMMAND         %CPU   RSS
mysqld          49.3 1087784
isuride         19.0 18952
bench           14.8 153808
nginx            1.8 10108
nginx            1.8 10208
systemd-journal  1.3 229548
jbd2/sda1-8      0.7     0
rsyslogd         0.7  5600
rcu_preempt      0.2     0
2026-09-26T10:28:24+00:00
COMMAND         %CPU   RSS
mysqld          49.3 1081980
isuride         19.6 20164
bench           15.0 159812
nginx            1.8 10108
nginx            1.8 10208
systemd-journal  1.3 229548
jbd2/sda1-8      0.7     0
rsyslogd         0.7  5600
rcu_preempt      0.2     0
2026-09-26T10:28:26+00:00
COMMAND         %CPU   RSS
mysqld          49.3 1076792
isuride         20.1 19172
bench           15.1 168616
nginx            1.8 10108
nginx            1.8 10208
systemd-journal  1.3 229548
jbd2/sda1-8      0.7     0
rsyslogd         0.7  5600
rcu_preempt      0.2     0
2026-09-26T10:28:28+00:00
COMMAND         %CPU   RSS
mysqld          49.4 1076896
isuride         20.6 19684
bench           15.2 173812
curl            11.1 12312
nginx            1.8 10108
nginx            1.8 10208
systemd-journal  1.3 229548
jbd2/sda1-8      0.7     0
rsyslogd         0.7  5600
2026-09-26T10:28:30+00:00
COMMAND         %CPU   RSS
mysqld          49.4 1077044
isuride         21.0 19212
bench           15.3 175144
nginx            1.8 10108
nginx            1.8 10208
systemd-journal  1.3 229548
jbd2/sda1-8      0.7     0
rsyslogd         0.7  5584
rcu_preempt      0.2     0
2026-09-26T10:28:32+00:00
COMMAND         %CPU   RSS
mysqld          49.4 1078008
isuride         21.4 19476
bench           15.5 177112
nginx            1.8 10108
nginx            1.8 10208
systemd-journal  1.3 229548
jbd2/sda1-8      0.7     0
rsyslogd         0.7  5584
rcu_preempt      0.2     0
2026-09-26T10:28:34+00:00
COMMAND         %CPU   RSS
mysqld          49.5 1076992
isuride         21.8 20352
bench           15.6 187364
nginx            1.8 10108
nginx            1.8 10208
systemd-journal  1.3 229548
jbd2/sda1-8      0.7     0
rsyslogd         0.7  5584
rcu_preempt      0.2     0
2026-09-26T10:28:36+00:00
COMMAND         %CPU   RSS
mysqld          49.5 1071212
isuride         22.2 19560
bench           15.7 190480
nginx            1.8 10108
nginx            1.8 10208
systemd-journal  1.3 234884
jbd2/sda1-8      0.7     0
rsyslogd         0.7  5584
rcu_preempt      0.2     0
2026-09-26T10:28:38+00:00
COMMAND         %CPU   RSS
mysqld          49.5 1071620
isuride         22.5 20284
bench           15.7 190484
nginx            1.8 10112
nginx            1.8 10208
systemd-journal  1.3 240216
jbd2/sda1-8      0.7     0
rsyslogd         0.7  5584
rcu_preempt      0.2     0
2026-09-26T10:28:40+00:00
COMMAND         %CPU   RSS
mysqld          49.6 1078440
isuride         22.8 21544
bench           15.8 196800
nginx            1.8 10156
nginx            1.8 10208
systemd-journal  1.3 245636
jbd2/sda1-8      0.7     0
rsyslogd         0.7  5584
rcu_preempt      0.2     0
2026-09-26T10:28:42+00:00
COMMAND         %CPU   RSS
mysqld          49.6 1076360
isuride         23.2 20240
bench           15.9 199424
curl            12.5 12312
nginx            1.8 10156
nginx            1.8 10208
systemd-journal  1.3 248336
jbd2/sda1-8      0.7     0
rsyslogd         0.7  5584
2026-09-26T10:28:44+00:00
COMMAND         %CPU   RSS
mysqld          49.6 1075248
isuride         23.5 19812
bench           15.9 199428
nginx            1.8 10156
nginx            1.8 10208
systemd-journal  1.4 254316
jbd2/sda1-8      0.7     0
rsyslogd         0.7  5584
rcu_preempt      0.2     0
2026-09-26T10:28:46+00:00
COMMAND         %CPU   RSS
mysqld          49.6 1073416
isuride         23.8 18916
bench           15.9 205768
nginx            1.8 10156
nginx            1.8 10208
systemd-journal  1.4 260260
jbd2/sda1-8      0.7     0
rsyslogd         0.7  5584
rcu_preempt      0.2     0
