procs -----------memory---------- ---swap-- -----io---- -system-- -------cpu------- -----timestamp-----
 r  b   swpd   free   buff  cache   si   so    bi    bo   in   cs us sy id wa st gu                 UTC
 3  0      0 243608  73940 2492108    0    0   151  6675 7221  130 28 12 60  1  0  0 2026-09-26 10:27:46
 5  1      0 180172  73944 2500508    0    0    68 58388 17800 40820 32 13 39 15  0  0 2026-09-26 10:27:47
 0  0      0 175024  73944 2501808    0    0     0 11028 14526 40564 17 10 71  2  0  0 2026-09-26 10:27:48
 0  0      0 171524  73944 2502572    0    0     0  6780 22649 58383 20 13 65  2  0  0 2026-09-26 10:27:49
 5  1      0 169536  73944 2503396    0    0     0  7444 22452 61725 22 15 61  2  0  0 2026-09-26 10:27:50
 6  1      0 166036  73944 2504448    0    0     0  7836 27043 73542 24 16 58  2  0  0 2026-09-26 10:27:51
 0  0      0 164524  73944 2505416    0    0     0 17436 28954 82558 28 19 51  2  0  0 2026-09-26 10:27:52
 5  0      0 164960  73944 2506480    0    0     0 10444 28137 84632 29 21 48  2  0  0 2026-09-26 10:27:53
 2  0      0 158224  73944 2510124    0    0     0  9500 26928 81144 31 19 48  2  0  0 2026-09-26 10:27:54
 9  0      0 149684  73944 2511584    0    0     0  9616 28799 92498 33 24 41  2  0  0 2026-09-26 10:27:55
 9  1      0 144704  73944 2512844    0    0     0 10012 28706 92754 35 23 41  1  0  0 2026-09-26 10:27:56
 3  0      0 139436  73944 2514220    0    0     0 12180 28671 99794 38 26 34  2  0  0 2026-09-26 10:27:57
 0  0      0 135512  73944 2515708    0    0     0 13728 25759 99427 44 28 27  2  0  0 2026-09-26 10:27:58
 7  0      0 119920  73944 2519928    0    0     0 13696 26351 103063 44 27 27  2  0  0 2026-09-26 10:27:59
 8  0      0 115188  73948 2521412    0    0     0 13368 26835 104727 46 29 24  1  0  0 2026-09-26 10:28:00
 3  0      0 106116  73948 2524004    0    0     0 13448 27361 105784 46 28 24  2  0  0 2026-09-26 10:28:01
11  1      0  99316  73948 2525600    0    0     0 13412 25206 103088 48 29 22  1  0  0 2026-09-26 10:28:02
22  0      0  95668  73948 2527256    0    0     0 37804 25263 106869 53 34 12  2  0  0 2026-09-26 10:28:03
 0  0      0  85884  73948 2529048    0    0     0 15172 24120 101206 52 31 16  1  0  0 2026-09-26 10:28:04
14  1      0  71544  73948 2531052    0    0     0 19804 23014 97324 56 31 12  1  0  0 2026-09-26 10:28:05
12  0      0  63984  73948 2532960    0    0     0 15372 24130 100320 57 32 10  1  0  0 2026-09-26 10:28:06
procs -----------memory---------- ---swap-- -----io---- -system-- -------cpu------- -----timestamp-----
 r  b   swpd   free   buff  cache   si   so    bi    bo   in   cs us sy id wa st gu                 UTC
12  0      0  94936  73020 2502044    0    0     0 15212 23980 98681 56 31 12  1  0  0 2026-09-26 10:28:07
13  0      0  83740  73020 2504168    0    0     0 15820 22794 100209 59 32  8  1  0  0 2026-09-26 10:28:08
16  1      0  70912  73020 2506052    0    0     0 15572 22272 95432 58 33  9  1  0  0 2026-09-26 10:28:09
19  0      0  65204  73020 2507912    0    0     0 13520 21666 94647 60 32  7  1  0  0 2026-09-26 10:28:10
17  1      0  69408  73012 2498052    0    0     0 16352 21969 96439 59 35  6  1  0  0 2026-09-26 10:28:11
16  1      0  86916  72976 2478572    0    0     0 15800 22349 96176 61 34  5  1  0  0 2026-09-26 10:28:12
26  0      0  75344  72976 2480360    0    0     0 42176 19908 88482 63 34  3  0  0  0 2026-09-26 10:28:13
13  0      0  75080  72976 2482244    0    0     0 16592 19058 85476 63 34  3  1  0  0 2026-09-26 10:28:14
20  0      0  65132  72976 2484340    0    0     0 20672 19991 88980 64 33  3  1  0  0 2026-09-26 10:28:15
29  0      0  82088  72976 2474068    0    0     0 15860 20679 93647 66 31  3  0  0  0 2026-09-26 10:28:16
10  0      0  70640  72976 2475924    0    0     0 16232 20294 85449 63 33  4  1  0  0 2026-09-26 10:28:17
35  0      0  67860  72976 2478660    0    0     0 39428 20881 87955 62 32  5  1  0  0 2026-09-26 10:28:18
32  0      0  80448  72924 2467260    0    0     0 13220 19670 88464 64 33  3  1  0  0 2026-09-26 10:28:19
23  0      0  75216  72924 2468280    0    0     0 19108 20427 90864 63 33  4  1  0  0 2026-09-26 10:28:20
21  2      0  73996  72924 2469248    0    0     0 14916 20238 86582 63 33  4  1  0  0 2026-09-26 10:28:21
 7  0      0  71652  72924 2470376    0    0     0 15720 20816 89662 63 34  2  1  0  0 2026-09-26 10:28:22
 9  0      0  70536  72924 2471464    0    0     0 17740 19076 87213 67 31  2  0  0  0 2026-09-26 10:28:23
 9  0      0 101824  72924 2435068    0    0     0 15520 18739 82579 66 32  2  0  0  0 2026-09-26 10:28:24
 6  1      0 111984  72924 2436260    0    0     0 16608 19239 86696 65 33  1  0  0  0 2026-09-26 10:28:25
31  1      0  92488  72924 2437448    0    0     0 15112 18419 82349 66 33  2  0  0  0 2026-09-26 10:28:26
12  0      0  96120  72924 2439588    0    0     0 18176 18287 85016 65 32  2  1  0  0 2026-09-26 10:28:27
procs -----------memory---------- ---swap-- -----io---- -system-- -------cpu------- -----timestamp-----
 r  b   swpd   free   buff  cache   si   so    bi    bo   in   cs us sy id wa st gu                 UTC
30  1      0  94080  72924 2440752    0    0     0 15516 18565 85072 65 34  1  0  0  0 2026-09-26 10:28:28
10  1      0  94428  72924 2442216    0    0     0 16768 18437 83389 66 33  1  0  0  0 2026-09-26 10:28:29
19  0      0  90512  72924 2443372    0    0     0 14344 18398 83030 65 33  2  1  0  0 2026-09-26 10:28:30
30  0      0  84012  72924 2444532    0    0     0 16108 20287 86349 64 35  1  0  0  0 2026-09-26 10:28:31
36  1      0  73740  72924 2445656    0    0     0 15012 18942 85374 68 31  1  0  0  0 2026-09-26 10:28:32
15  1      0  67352  72924 2446840    0    0     0 13220 20319 87664 69 30  1  0  0  0 2026-09-26 10:28:33
20  1      0  69276  72924 2447860    0    0     0 13928 18196 82139 66 32  2  1  0  0 2026-09-26 10:28:34
43  1      0  93392  72924 2425164    0    0     0 21668 19914 84406 67 33  1  0  0  0 2026-09-26 10:28:35
42  0      0  87880  72924 2427332    0    0     0 22660 17617 83418 67 32  1  0  0  0 2026-09-26 10:28:36
 9  1      0  85172  72924 2431880    0    0     0 16472 20402 83631 66 33  1  0  0  0 2026-09-26 10:28:37
24  0      0  80592  72924 2433948    0    0     0 22164 19441 83628 65 34  1  0  0  0 2026-09-26 10:28:38
19  1      0  72956  72924 2435908    0    0     0 15712 19993 81164 65 33  1  1  0  0 2026-09-26 10:28:39
19  1      0  65456  72924 2440384    0    0     0 17412 20365 86065 64 35  1  0  0  0 2026-09-26 10:28:40
 8  0      0  76408  72924 2430864    0    0     0 17832 20013 81593 64 35  1  0  0  0 2026-09-26 10:28:41
16  1      0  70056  72924 2432696    0    0     0 16224 18559 81691 65 34  1  0  0  0 2026-09-26 10:28:42
 7  0      0  70624  72924 2437104    0    0     0 13572 18914 85928 66 33  2  1  0  0 2026-09-26 10:28:43
19  1      0  78164  72924 2427216    0    0     4 23672 17807 87990 71 26  3  0  0  0 2026-09-26 10:28:44
17  0      0  73724  72924 2430024    0    0     0   984 15544 84627 73 25  3  0  0  0 2026-09-26 10:28:45
27  0      0  68464  72924 2432160    0    0     0  1540 15592 85489 73 25  2  0  0  0 2026-09-26 10:28:46
11  1      0  67456  72924 2434092    0    0     0  1180 18273 90707 72 26  2  0  0  0 2026-09-26 10:28:47
