time=17:57:33.731 level=INFO msg=負荷走行を開始します
time=17:57:33.731 level=DEBUG source=/tmp/isucon14/bench/cmd/run.go:90 msg=target targetURL=https://isuride.xiv.isucon.net targetAddr=127.0.0.1:443 benchrun.GetTargetAddress()="" paymentURL=http://127.0.0.1:12346
time=17:57:36.536 level=DEBUG source=/tmp/isucon14/bench/benchmarker/scenario/scenario.go:315 msg=時間経過 tick=60
time=17:57:36.536 level=DEBUG source=/tmp/isucon14/bench/benchmarker/scenario/scenario.go:317 msg=eval reqs=0 score="[0 0 0 0 0]" criteria="[0 0 0 0]"
time=17:57:38.335 level=DEBUG source=/tmp/isucon14/bench/benchmarker/scenario/scenario.go:315 msg=時間経過 tick=120
time=17:57:38.335 level=DEBUG source=/tmp/isucon14/bench/benchmarker/scenario/scenario.go:317 msg=eval reqs=2 score="[0 0 0 2 0]" criteria="[2 0 2 2]"
time=17:57:40.135 level=INFO msg=これまでに地域内の評判によって2人、既存ユーザーの招待経由で3人が新規登録しました
time=17:57:40.135 level=INFO msg=0.0%のライドは椅子がマッチされるまでの時間、100.0%のライドはマッチされた椅子が乗車地点までに掛かる時間、0.0%のライドは椅子の実移動時間に不満がありました
time=17:57:40.135 level=DEBUG source=/tmp/isucon14/bench/benchmarker/scenario/scenario.go:315 msg=時間経過 tick=180
time=17:57:40.135 level=DEBUG source=/tmp/isucon14/bench/benchmarker/scenario/scenario.go:317 msg=eval reqs=3 score="[0 0 0 3 0]" criteria="[3 0 3 3]"
time=17:57:40.163 level=INFO msg=一定の売上が立ったためオーナーの椅子が増加します 名前="LuxeLine Taxi" 増加数=1
time=17:57:41.936 level=DEBUG source=/tmp/isucon14/bench/benchmarker/scenario/scenario.go:315 msg=時間経過 tick=240
time=17:57:41.936 level=DEBUG source=/tmp/isucon14/bench/benchmarker/scenario/scenario.go:317 msg=eval reqs=3 score="[0 0 0 3 0]" criteria="[3 0 3 3]"
time=17:57:43.736 level=DEBUG source=/tmp/isucon14/bench/benchmarker/scenario/scenario.go:315 msg=時間経過 tick=300
time=17:57:43.736 level=DEBUG source=/tmp/isucon14/bench/benchmarker/scenario/scenario.go:317 msg=eval reqs=4 score="[0 0 1 3 0]" criteria="[4 0 4 3]"
time=17:57:45.536 level=INFO msg=これまでに地域内の評判によって8人、既存ユーザーの招待経由で3人が新規登録しました
time=17:57:45.536 level=INFO msg=20.0%のライドは椅子がマッチされるまでの時間、100.0%のライドはマッチされた椅子が乗車地点までに掛かる時間、30.0%のライドは椅子の実移動時間に不満がありました
time=17:57:45.536 level=DEBUG source=/tmp/isucon14/bench/benchmarker/scenario/scenario.go:315 msg=時間経過 tick=360
time=17:57:45.536 level=DEBUG source=/tmp/isucon14/bench/benchmarker/scenario/scenario.go:317 msg=eval reqs=5 score="[1 0 1 3 0]" criteria="[4 0 4 3]"
time=17:57:47.336 level=DEBUG source=/tmp/isucon14/bench/benchmarker/scenario/scenario.go:315 msg=時間経過 tick=420
time=17:57:47.336 level=DEBUG source=/tmp/isucon14/bench/benchmarker/scenario/scenario.go:317 msg=eval reqs=6 score="[2 0 1 3 0]" criteria="[4 0 4 3]"
time=17:57:49.136 level=DEBUG source=/tmp/isucon14/bench/benchmarker/scenario/scenario.go:315 msg=時間経過 tick=480
time=17:57:49.136 level=DEBUG source=/tmp/isucon14/bench/benchmarker/scenario/scenario.go:317 msg=eval reqs=7 score="[3 0 1 3 0]" criteria="[4 0 4 3]"
time=17:57:50.936 level=INFO msg=これまでに地域内の評判によって14人、既存ユーザーの招待経由で3人が新規登録しました
time=17:57:50.936 level=INFO msg=これまでに低評価なライドによって1人が利用をやめました
time=17:57:50.936 level=INFO msg=55.6%のライドは椅子がマッチされるまでの時間、88.9%のライドはマッチされた椅子が乗車地点までに掛かる時間、61.1%のライドは椅子の実移動時間に不満がありました
time=17:57:50.936 level=DEBUG source=/tmp/isucon14/bench/benchmarker/scenario/scenario.go:315 msg=時間経過 tick=540
time=17:57:50.936 level=DEBUG source=/tmp/isucon14/bench/benchmarker/scenario/scenario.go:317 msg=eval reqs=9 score="[4 1 1 3 0]" criteria="[4 1 4 3]"
time=17:57:52.736 level=DEBUG source=/tmp/isucon14/bench/benchmarker/scenario/scenario.go:315 msg=時間経過 tick=600
time=17:57:52.736 level=DEBUG source=/tmp/isucon14/bench/benchmarker/scenario/scenario.go:317 msg=eval reqs=9 score="[4 1 1 3 0]" criteria="[4 1 4 3]"
time=17:57:54.536 level=DEBUG source=/tmp/isucon14/bench/benchmarker/scenario/scenario.go:315 msg=時間経過 tick=660
time=17:57:54.536 level=DEBUG source=/tmp/isucon14/bench/benchmarker/scenario/scenario.go:317 msg=eval reqs=10 score="[5 1 1 3 0]" criteria="[4 1 4 3]"
time=17:57:56.336 level=DEBUG source=/tmp/isucon14/bench/benchmarker/scenario/scenario.go:315 msg=時間経過 tick=720
time=17:57:56.336 level=DEBUG source=/tmp/isucon14/bench/benchmarker/scenario/scenario.go:317 msg=eval reqs=12 score="[7 1 1 3 0]" criteria="[4 1 4 3]"
time=17:57:56.336 level=INFO msg=これまでに地域内の評判によって16人、既存ユーザーの招待経由で3人が新規登録しました
time=17:57:56.336 level=INFO msg=これまでに低評価なライドによって3人が利用をやめました
time=17:57:56.336 level=INFO msg=66.7%のライドは椅子がマッチされるまでの時間、91.7%のライドはマッチされた椅子が乗車地点までに掛かる時間、70.8%のライドは椅子の実移動時間に不満がありました
time=17:57:56.362 level=INFO msg=一定の売上が立ったためオーナーの椅子が増加します 名前="Vintage Vibe Seats" 増加数=1
time=17:57:56.471 level=INFO msg=一定の売上が立ったためオーナーの椅子が増加します 名前="Artisan Seats" 増加数=1
time=17:57:58.135 level=DEBUG source=/tmp/isucon14/bench/benchmarker/scenario/scenario.go:315 msg=時間経過 tick=780
time=17:57:58.136 level=DEBUG source=/tmp/isucon14/bench/benchmarker/scenario/scenario.go:317 msg=eval reqs=13 score="[8 1 1 3 0]" criteria="[4 1 4 3]"
time=17:57:59.936 level=DEBUG source=/tmp/isucon14/bench/benchmarker/scenario/scenario.go:315 msg=時間経過 tick=840
time=17:57:59.936 level=DEBUG source=/tmp/isucon14/bench/benchmarker/scenario/scenario.go:317 msg=eval reqs=13 score="[8 1 1 3 0]" criteria="[4 1 4 3]"
time=17:58:01.736 level=DEBUG source=/tmp/isucon14/bench/benchmarker/scenario/scenario.go:315 msg=時間経過 tick=900
time=17:58:01.736 level=DEBUG source=/tmp/isucon14/bench/benchmarker/scenario/scenario.go:317 msg=eval reqs=14 score="[8 2 1 3 0]" criteria="[4 2 4 3]"
time=17:58:01.736 level=INFO msg=これまでに地域内の評判によって18人、既存ユーザーの招待経由で3人が新規登録しました
time=17:58:01.736 level=INFO msg=これまでに低評価なライドによって5人が利用をやめました
time=17:58:01.736 level=INFO msg=71.4%のライドは椅子がマッチされるまでの時間、85.7%のライドはマッチされた椅子が乗車地点までに掛かる時間、75.0%のライドは椅子の実移動時間に不満がありました
time=17:58:01.919 level=INFO msg=一定の売上が立ったためオーナーの椅子が増加します 名前="Vintage Vibe Seats" 増加数=1
time=17:58:03.536 level=DEBUG source=/tmp/isucon14/bench/benchmarker/scenario/scenario.go:315 msg=時間経過 tick=960
time=17:58:03.536 level=DEBUG source=/tmp/isucon14/bench/benchmarker/scenario/scenario.go:317 msg=eval reqs=19 score="[12 3 1 3 0]" criteria="[5 2 4 3]"
time=17:58:05.335 level=DEBUG source=/tmp/isucon14/bench/benchmarker/scenario/scenario.go:315 msg=時間経過 tick=1020
time=17:58:05.335 level=DEBUG source=/tmp/isucon14/bench/benchmarker/scenario/scenario.go:317 msg=eval reqs=20 score="[13 3 1 3 0]" criteria="[5 2 4 3]"
time=17:58:05.367 level=INFO msg=一定の売上が立ったためオーナーの椅子が増加します 名前="LuxeLine Taxi" 増加数=1
time=17:58:05.478 level=INFO msg=一定の売上が立ったためオーナーの椅子が増加します 名前="Artisan Seats" 増加数=1
time=17:58:07.136 level=INFO msg=これまでに地域内の評判によって23人、既存ユーザーの招待経由で3人が新規登録しました
time=17:58:07.136 level=INFO msg=これまでに低評価なライドによって15人が利用をやめました
time=17:58:07.136 level=INFO msg=79.2%のライドは椅子がマッチされるまでの時間、87.5%のライドはマッチされた椅子が乗車地点までに掛かる時間、85.4%のライドは椅子の実移動時間に不満がありました
time=17:58:07.135 level=DEBUG source=/tmp/isucon14/bench/benchmarker/scenario/scenario.go:315 msg=時間経過 tick=1080
time=17:58:07.136 level=DEBUG source=/tmp/isucon14/bench/benchmarker/scenario/scenario.go:317 msg=eval reqs=24 score="[16 4 1 3 0]" criteria="[5 3 4 3]"
time=17:58:08.935 level=DEBUG source=/tmp/isucon14/bench/benchmarker/scenario/scenario.go:315 msg=時間経過 tick=1140
time=17:58:08.936 level=DEBUG source=/tmp/isucon14/bench/benchmarker/scenario/scenario.go:317 msg=eval reqs=24 score="[16 4 1 3 0]" criteria="[5 3 4 3]"
time=17:58:10.736 level=DEBUG source=/tmp/isucon14/bench/benchmarker/scenario/scenario.go:315 msg=時間経過 tick=1200
time=17:58:10.736 level=DEBUG source=/tmp/isucon14/bench/benchmarker/scenario/scenario.go:317 msg=eval reqs=27 score="[18 5 1 3 0]" criteria="[6 3 4 3]"
time=17:58:10.785 level=INFO msg=一定の売上が立ったためオーナーの椅子が増加します 名前="SitWell Designs" 増加数=1
time=17:58:10.822 level=INFO msg=一定の売上が立ったためオーナーの椅子が増加します 名前="Artisan Seats" 増加数=1
time=17:58:12.536 level=INFO msg=これまでに地域内の評判によって29人、既存ユーザーの招待経由で3人が新規登録しました
time=17:58:12.536 level=INFO msg=これまでに低評価なライドによって19人が利用をやめました
time=17:58:12.536 level=INFO msg=75.9%のライドは椅子がマッチされるまでの時間、86.2%のライドはマッチされた椅子が乗車地点までに掛かる時間、87.9%のライドは椅子の実移動時間に不満がありました
time=17:58:12.536 level=DEBUG source=/tmp/isucon14/bench/benchmarker/scenario/scenario.go:315 msg=時間経過 tick=1260
time=17:58:12.536 level=DEBUG source=/tmp/isucon14/bench/benchmarker/scenario/scenario.go:317 msg=eval reqs=29 score="[19 5 2 3 0]" criteria="[7 4 4 3]"
time=17:58:14.339 level=DEBUG source=/tmp/isucon14/bench/benchmarker/scenario/scenario.go:315 msg=時間経過 tick=1320
time=17:58:14.339 level=DEBUG source=/tmp/isucon14/bench/benchmarker/scenario/scenario.go:317 msg=eval reqs=31 score="[21 5 2 3 0]" criteria="[7 4 4 3]"
time=17:58:14.586 level=INFO msg=一定の売上が立ったためオーナーの椅子が増加します 名前="Vintage Vibe Seats" 増加数=1
time=17:58:16.135 level=DEBUG source=/tmp/isucon14/bench/benchmarker/scenario/scenario.go:315 msg=時間経過 tick=1380
time=17:58:16.136 level=DEBUG source=/tmp/isucon14/bench/benchmarker/scenario/scenario.go:317 msg=eval reqs=34 score="[23 6 2 3 0]" criteria="[8 4 4 3]"
time=17:58:16.307 level=INFO msg=一定の売上が立ったためオーナーの椅子が増加します 名前="LuxeLine Taxi" 増加数=1
time=17:58:17.936 level=DEBUG source=/tmp/isucon14/bench/benchmarker/scenario/scenario.go:315 msg=時間経過 tick=1440
time=17:58:17.936 level=DEBUG source=/tmp/isucon14/bench/benchmarker/scenario/scenario.go:317 msg=eval reqs=37 score="[26 6 2 3 0]" criteria="[8 4 4 3]"
time=17:58:17.936 level=INFO msg=これまでに地域内の評判によって35人、既存ユーザーの招待経由で3人が新規登録しました
time=17:58:17.936 level=INFO msg=これまでに低評価なライドによって26人が利用をやめました
time=17:58:17.936 level=INFO msg=78.4%のライドは椅子がマッチされるまでの時間、89.2%のライドはマッチされた椅子が乗車地点までに掛かる時間、90.5%のライドは椅子の実移動時間に不満がありました
time=17:58:18.041 level=WARN msg="取得したオーナーの椅子一覧の情報が想定しているものと異なります (CODE=26): total_distanceの反映が遅いデータがあります (id: 01M3EEY8E4WPMD0DRNTDW2RC67)"
time=17:58:19.736 level=DEBUG source=/tmp/isucon14/bench/benchmarker/scenario/scenario.go:315 msg=時間経過 tick=1500
time=17:58:19.736 level=DEBUG source=/tmp/isucon14/bench/benchmarker/scenario/scenario.go:317 msg=eval reqs=41 score="[28 8 2 3 0]" criteria="[9 5 4 3]"
time=17:58:19.891 level=INFO msg=一定の売上が立ったためオーナーの椅子が増加します 名前=暮らしの椅子研究所 増加数=1
time=17:58:21.536 level=DEBUG source=/tmp/isucon14/bench/benchmarker/scenario/scenario.go:315 msg=時間経過 tick=1560
time=17:58:21.536 level=DEBUG source=/tmp/isucon14/bench/benchmarker/scenario/scenario.go:317 msg=eval reqs=41 score="[28 8 2 3 0]" criteria="[9 5 4 3]"
time=17:58:21.816 level=INFO msg=一定の売上が立ったためオーナーの椅子が増加します 名前="Artisan Seats" 増加数=1
time=17:58:23.336 level=DEBUG source=/tmp/isucon14/bench/benchmarker/scenario/scenario.go:315 msg=時間経過 tick=1620
time=17:58:23.336 level=DEBUG source=/tmp/isucon14/bench/benchmarker/scenario/scenario.go:317 msg=eval reqs=46 score="[32 9 2 3 0]" criteria="[10 5 4 3]"
time=17:58:23.336 level=INFO msg=これまでに地域内の評判によって41人、既存ユーザーの招待経由で3人が新規登録しました
time=17:58:23.336 level=INFO msg=これまでに低評価なライドによって33人が利用をやめました
time=17:58:23.336 level=INFO msg=78.3%のライドは椅子がマッチされるまでの時間、89.1%のライドはマッチされた椅子が乗車地点までに掛かる時間、92.4%のライドは椅子の実移動時間に不満がありました
time=17:58:23.605 level=INFO msg=一定の売上が立ったためオーナーの椅子が増加します 名前="Vintage Vibe Seats" 増加数=1
time=17:58:25.136 level=DEBUG source=/tmp/isucon14/bench/benchmarker/scenario/scenario.go:315 msg=時間経過 tick=1680
time=17:58:25.136 level=DEBUG source=/tmp/isucon14/bench/benchmarker/scenario/scenario.go:317 msg=eval reqs=47 score="[33 9 2 3 0]" criteria="[10 5 4 3]"
time=17:58:25.275 level=INFO msg=一定の売上が立ったためオーナーの椅子が増加します 名前="LuxeLine Taxi" 増加数=1
time=17:58:26.935 level=DEBUG source=/tmp/isucon14/bench/benchmarker/scenario/scenario.go:315 msg=時間経過 tick=1740
time=17:58:26.935 level=DEBUG source=/tmp/isucon14/bench/benchmarker/scenario/scenario.go:317 msg=eval reqs=51 score="[35 11 2 3 0]" criteria="[12 5 4 3]"
time=17:58:27.145 level=INFO msg=一定の売上が立ったためオーナーの椅子が増加します 名前="Vintage Vibe Seats" 増加数=1
time=17:58:27.303 level=INFO msg=一定の売上が立ったためオーナーの椅子が増加します 名前="Artisan Seats" 増加数=1
time=17:58:28.737 level=DEBUG source=/tmp/isucon14/bench/benchmarker/scenario/scenario.go:315 msg=時間経過 tick=1800
time=17:58:28.737 level=DEBUG source=/tmp/isucon14/bench/benchmarker/scenario/scenario.go:317 msg=eval reqs=54 score="[35 14 2 3 0]" criteria="[13 7 4 3]"
time=17:58:28.737 level=INFO msg=これまでに地域内の評判によって47人、既存ユーザーの招待経由で3人が新規登録しました
time=17:58:28.737 level=INFO msg=これまでに低評価なライドによって40人が利用をやめました
time=17:58:28.737 level=INFO msg=75.9%のライドは椅子がマッチされるまでの時間、87.0%のライドはマッチされた椅子が乗車地点までに掛かる時間、93.5%のライドは椅子の実移動時間に不満がありました
time=17:58:30.536 level=DEBUG source=/tmp/isucon14/bench/benchmarker/scenario/scenario.go:315 msg=時間経過 tick=1860
time=17:58:30.536 level=DEBUG source=/tmp/isucon14/bench/benchmarker/scenario/scenario.go:317 msg=eval reqs=56 score="[37 14 2 3 0]" criteria="[13 7 4 3]"
time=17:58:30.623 level=INFO msg=一定の売上が立ったためオーナーの椅子が増加します 名前=暮らしの椅子研究所 増加数=1
time=17:58:30.698 level=INFO msg=一定の売上が立ったためオーナーの椅子が増加します 名前="LuxeLine Taxi" 増加数=2
time=17:58:30.765 level=INFO msg=一定の売上が立ったためオーナーの椅子が増加します 名前="Artisan Seats" 増加数=1
time=17:58:32.336 level=DEBUG source=/tmp/isucon14/bench/benchmarker/scenario/scenario.go:315 msg=時間経過 tick=1920
time=17:58:32.336 level=DEBUG source=/tmp/isucon14/bench/benchmarker/scenario/scenario.go:317 msg=eval reqs=57 score="[38 14 2 3 0]" criteria="[13 7 4 3]"
time=17:58:34.136 level=INFO msg=これまでに地域内の評判によって53人、既存ユーザーの招待経由で3人が新規登録しました
time=17:58:34.136 level=INFO msg=これまでに低評価なライドによって44人が利用をやめました
time=17:58:34.136 level=INFO msg=78.0%のライドは椅子がマッチされるまでの時間、86.4%のライドはマッチされた椅子が乗車地点までに掛かる時間、94.1%のライドは椅子の実移動時間に不満がありました
time=17:58:34.136 level=DEBUG source=/tmp/isucon14/bench/benchmarker/scenario/scenario.go:315 msg=時間経過 tick=1980
time=17:58:34.136 level=DEBUG source=/tmp/isucon14/bench/benchmarker/scenario/scenario.go:317 msg=eval reqs=59 score="[39 15 2 3 0]" criteria="[13 8 4 3]"
time=17:58:34.424 level=INFO msg=一定の売上が立ったためオーナーの椅子が増加します 名前="Vintage Vibe Seats" 増加数=1
time=17:58:39.736 level=INFO msg=最終地域情報 名前=チェアタウン ユーザー登録数=35 アクティブユーザー数=11
time=17:58:39.736 level=INFO msg=最終地域情報 名前=コシカケシティ ユーザー登録数=33 アクティブユーザー数=12
time=17:58:39.736 level=INFO msg=最終オーナー情報 名前="Vintage Vibe Seats" 売上=98900 椅子数=10
time=17:58:39.736 level=INFO msg=最終オーナー情報 名前="LuxeLine Taxi" 売上=94700 椅子数=10
time=17:58:39.736 level=INFO msg=最終オーナー情報 名前="Artisan Seats" 売上=109600 椅子数=10
time=17:58:39.736 level=INFO msg=最終オーナー情報 名前=暮らしの椅子研究所 売上=39500 椅子数=6
time=17:58:39.736 level=INFO msg=最終オーナー情報 名前="SitWell Designs" 売上=31800 椅子数=5
time=17:58:39.736 level=INFO msg=78.7%のライドは椅子がマッチされるまでの時間、86.9%のライドはマッチされた椅子が乗車地点までに掛かる時間、94.3%のライドは椅子の実移動時間に不満がありました
time=17:58:39.736 level=INFO msg=結果 pass=true スコア=5568 種別エラー数=map[26:1]
time=17:58:39.736 level=INFO msg=負荷走行が終了しました
