2026-09-26T08:57:33+00:00
COMMAND         %CPU   RSS
mysqld          66.5 626308
nginx            1.1  9488
nginx            1.1  9468
systemd-journal  0.5 69824
snapd            0.5 39932
jbd2/sda1-8      0.4     0
systemd          0.3 13036
rsyslogd         0.2  5528
kworker/1:1H-kb  0.2     0
2026-09-26T08:57:35+00:00
COMMAND         %CPU   RSS
mysqld          66.6 663784
bench           10.0 49504
nginx            1.1  9488
nginx            1.1  9468
isuride          0.8 15008
systemd-journal  0.5 40804
snapd            0.5 39932
jbd2/sda1-8      0.4     0
systemd          0.3 13036
2026-09-26T08:57:37+00:00
COMMAND         %CPU   RSS
mysqld          66.9 721196
bench            8.7 52716
isuride          2.1 15636
nginx            1.1  9488
nginx            1.1  9468
systemd-journal  0.5 41648
snapd            0.5 39932
jbd2/sda1-8      0.4     0
systemd          0.3 13036
2026-09-26T08:57:39+00:00
COMMAND         %CPU   RSS
mysqld          67.3 728020
bench            9.1 56180
isuride          3.1 16056
nginx            1.1  9488
nginx            1.1  9468
systemd-journal  0.5 42388
snapd            0.5 39932
jbd2/sda1-8      0.4     0
systemd          0.3 13036
2026-09-26T08:57:41+00:00
COMMAND         %CPU   RSS
mysqld          67.6 692204
bench            8.8 59112
isuride          3.8 16312
nginx            1.2  9488
nginx            1.1  9468
systemd-journal  0.5 43088
snapd            0.5 39932
jbd2/sda1-8      0.4     0
systemd          0.3 13036
2026-09-26T08:57:43+00:00
COMMAND         %CPU   RSS
mysqld          68.0 692736
bench            9.0 65496
isuride          4.5 16552
nginx            1.2  9488
nginx            1.1  9468
systemd-journal  0.5 43652
snapd            0.5 39932
jbd2/sda1-8      0.4     0
systemd          0.3 13036
2026-09-26T08:57:45+00:00
COMMAND         %CPU   RSS
mysqld          68.3 681232
bench            9.1 68460
isuride          5.3 16808
nginx            1.2  9488
nginx            1.1  9468
systemd-journal  0.5 44200
snapd            0.5 39932
jbd2/sda1-8      0.4     0
systemd          0.3 13036
2026-09-26T08:57:47+00:00
COMMAND         %CPU   RSS
mysqld          68.7 684600
bench            9.1 70864
curl             6.2 12324
isuride          5.8 17012
nginx            1.2  9488
nginx            1.1  9468
systemd-journal  0.5 44752
snapd            0.5 39932
jbd2/sda1-8      0.4     0
2026-09-26T08:57:49+00:00
COMMAND         %CPU   RSS
mysqld          69.1 685744
bench            9.0 71564
isuride          6.3 17528
nginx            1.2  9488
nginx            1.1  9468
systemd-journal  0.5 45372
snapd            0.5 39932
jbd2/sda1-8      0.4     0
systemd          0.3 13036
2026-09-26T08:57:51+00:00
COMMAND         %CPU   RSS
mysqld          69.5 690016
bench            8.8 77896
isuride          6.7 17652
nginx            1.2  9488
nginx            1.1  9468
systemd-journal  0.5 45968
snapd            0.5 39932
jbd2/sda1-8      0.4     0
systemd          0.3 13036
2026-09-26T08:57:53+00:00
COMMAND         %CPU   RSS
ps               100  3764
mysqld          69.8 695296
bench            8.7 80088
isuride          7.0 17668
nginx            1.2  9488
nginx            1.2  9468
systemd-journal  0.5 46540
snapd            0.5 39932
jbd2/sda1-8      0.4     0
2026-09-26T08:57:55+00:00
COMMAND         %CPU   RSS
mysqld          70.2 749844
bench            8.5 81132
isuride          7.3 17640
curl             3.5 12324
nginx            1.2  9488
nginx            1.2  9468
systemd-journal  0.5 48896
snapd            0.4 39932
jbd2/sda1-8      0.4     0
2026-09-26T08:57:57+00:00
COMMAND         %CPU   RSS
mysqld          70.6 729668
bench            8.5 82324
isuride          7.6 17940
curl             2.2 12324
nginx            1.2  9488
nginx            1.2  9468
systemd-journal  0.5 50072
jbd2/sda1-8      0.4     0
snapd            0.4 39932
2026-09-26T08:57:59+00:00
COMMAND         %CPU   RSS
mysqld          70.9 703872
bench            8.4 84888
isuride          7.9 18124
nginx            1.2  9488
nginx            1.2  9468
systemd-journal  0.5 50616
jbd2/sda1-8      0.5     0
snapd            0.4 39932
systemd          0.3 13036
2026-09-26T08:58:01+00:00
COMMAND         %CPU   RSS
mysqld          71.3 705456
bench            8.3 84940
isuride          8.2 17972
nginx            1.2  9488
nginx            1.2  9468
systemd-journal  0.6 51160
jbd2/sda1-8      0.5     0
snapd            0.4 39932
systemd          0.3 13036
2026-09-26T08:58:03+00:00
COMMAND         %CPU   RSS
mysqld          71.6 708580
curl            16.6 12316
isuride          8.4 18608
bench            8.3 87080
nginx            1.2  9488
nginx            1.2  9468
systemd-journal  0.6 51720
jbd2/sda1-8      0.5     0
snapd            0.4 39932
2026-09-26T08:58:05+00:00
COMMAND         %CPU   RSS
mysqld          72.0 712716
isuride          8.6 18860
bench            8.2 88808
nginx            1.2  9488
nginx            1.2  9468
systemd-journal  0.6 52248
jbd2/sda1-8      0.5     0
snapd            0.4 39932
systemd          0.3 13036
2026-09-26T08:58:07+00:00
COMMAND         %CPU   RSS
mysqld          72.4 714784
isuride          8.7 19820
bench            8.2 89592
nginx            1.2  9488
nginx            1.2  9468
systemd-journal  0.6 52764
jbd2/sda1-8      0.5     0
snapd            0.4 39932
systemd          0.3 13036
2026-09-26T08:58:09+00:00
COMMAND         %CPU   RSS
mysqld          72.7 715860
isuride          8.8 19124
bench            8.1 95104
nginx            1.2  9488
nginx            1.2  9468
systemd-journal  0.6 53296
jbd2/sda1-8      0.5     0
snapd            0.4 39952
systemd          0.3 13036
2026-09-26T08:58:11+00:00
COMMAND         %CPU   RSS
mysqld          73.1 735076
isuride          9.0 19524
bench            8.1 95952
curl             4.0 12268
nginx            1.2  9488
nginx            1.2  9468
systemd-journal  0.6 53780
jbd2/sda1-8      0.5     0
snapd            0.4 39952
2026-09-26T08:58:13+00:00
COMMAND         %CPU   RSS
mysqld          73.4 736896
isuride          9.1 19932
bench            8.1 97988
curl             4.3 12324
nginx            1.2  9488
nginx            1.2  9468
systemd-journal  0.6 54196
jbd2/sda1-8      0.5     0
snapd            0.4 39952
2026-09-26T08:58:15+00:00
COMMAND         %CPU   RSS
mysqld          73.7 752836
isuride          9.2 20208
bench            8.1 101700
curl             2.2 12308
nginx            1.2  9488
nginx            1.2  9468
systemd-journal  0.6 57940
jbd2/sda1-8      0.5     0
snapd            0.4 39952
2026-09-26T08:58:17+00:00
COMMAND         %CPU   RSS
mysqld          74.1 778208
isuride          9.3 19568
bench            8.1 101912
nginx            1.2  9488
nginx            1.2  9468
systemd-journal  0.6 59156
jbd2/sda1-8      0.5     0
snapd            0.4 39952
systemd          0.3 13036
2026-09-26T08:58:19+00:00
COMMAND         %CPU   RSS
mysqld          74.4 721528
isuride          9.4 20492
bench            8.1 109212
nginx            1.2  9488
nginx            1.2  9468
systemd-journal  0.6 59576
jbd2/sda1-8      0.5     0
snapd            0.4 39952
systemd          0.3 13036
2026-09-26T08:58:21+00:00
COMMAND         %CPU   RSS
mysqld          74.8 722704
isuride          9.5 20180
bench            8.1 109916
curl             2.3 12324
nginx            1.2  9488
nginx            1.2  9468
systemd-journal  0.6 61252
jbd2/sda1-8      0.5     0
snapd            0.4 39952
2026-09-26T08:58:23+00:00
COMMAND         %CPU   RSS
mysqld          75.1 722712
isuride          9.6 20072
bench            8.1 110800
nginx            1.3  9488
nginx            1.2  9468
systemd-journal  0.6 62756
jbd2/sda1-8      0.5     0
snapd            0.4 39952
systemd          0.2 13036
2026-09-26T08:58:25+00:00
COMMAND         %CPU   RSS
mysqld          75.4 724868
isuride          9.7 20312
bench            8.1 116940
nginx            1.3  9488
nginx            1.2  9468
systemd-journal  0.6 63204
jbd2/sda1-8      0.5     0
snapd            0.4 39952
systemd          0.2 13036
2026-09-26T08:58:27+00:00
COMMAND         %CPU   RSS
mysqld          75.8 724936
isuride          9.7 19272
bench            8.1 116948
nginx            1.3  9488
nginx            1.2  9468
systemd-journal  0.6 63676
jbd2/sda1-8      0.5     0
snapd            0.4 39952
rsyslogd         0.3  5528
2026-09-26T08:58:29+00:00
COMMAND         %CPU   RSS
mysqld          76.1 754748
isuride          9.8 20592
bench            8.0 121304
nginx            1.3  9488
nginx            1.2  9468
systemd-journal  0.6 64172
jbd2/sda1-8      0.5     0
snapd            0.4 39952
rsyslogd         0.3  5528
2026-09-26T08:58:31+00:00
COMMAND         %CPU   RSS
mysqld          76.5 781436
isuride          9.8 20456
bench            8.0 125860
nginx            1.3  9488
nginx            1.2  9468
systemd-journal  0.6 65768
jbd2/sda1-8      0.5     0
snapd            0.4 39952
rsyslogd         0.3  5528
2026-09-26T08:58:33+00:00
COMMAND         %CPU   RSS
mysqld          76.8 799840
isuride          9.9 19924
bench            8.0 125868
curl             1.9 12312
nginx            1.3  9488
nginx            1.2  9468
systemd-journal  0.6 67180
jbd2/sda1-8      0.5     0
snapd            0.4 39952
2026-09-26T08:58:35+00:00
COMMAND         %CPU   RSS
mysqld          77.1 727168
isuride          9.9 19508
bench            8.0 130540
nginx            1.3  9488
nginx            1.2  9468
systemd-journal  0.6 67800
jbd2/sda1-8      0.5     0
snapd            0.4 39952
rsyslogd         0.3  5528
2026-09-26T08:58:37+00:00
COMMAND         %CPU   RSS
mysqld          77.5 727172
isuride         10.0 18448
bench            7.9 135448
nginx            1.3  9488
nginx            1.2  9468
systemd-journal  0.6 68552
jbd2/sda1-8      0.5     0
snapd            0.4 39952
rsyslogd         0.3  5528
