procs -----------memory---------- ---swap-- -----io---- -system-- -------cpu------- -----timestamp-----
 r  b   swpd   free   buff  cache   si   so    bi    bo   in   cs us sy id wa st gu                 UTC
 2  0      0 725752 168476 2300240    0    0   782 12694 5728   78 34  8 57  1  0  0 2026-09-26 08:57:33
 1  0      0 662456 168476 2297912    0    0     0 34424 14765 29235 33 11 44 12  0  0 2026-09-26 08:57:34
12  0      0 654112 168476 2306732    0    0     0 15832 14709 48376 75 17  7  1  0  0 2026-09-26 08:57:35
20  0      0 616264 168476 2302088    0    0     0  6464 16483 52408 68 18 14  1  0  0 2026-09-26 08:57:36
17  0      0 592200 168476 2307724    0    0     0  9604 16676 55686 67 18 14  1  0  0 2026-09-26 08:57:37
19  0      0 582608 168476 2303456    0    0     0 10948 15347 52437 80 17  2  1  0  0 2026-09-26 08:57:38
19  1      0 586312 168476 2309624    0    0     0  9964 14991 50443 79 16  5  1  0  0 2026-09-26 08:57:39
 9  0      0 610972 168476 2305624    0    0     0 12588 14285 46417 80 18  2  0  0  0 2026-09-26 08:57:40
 8  0      0 575452 168476 2307268    0    0     0 11032 14319 45661 79 18  2  1  0  0 2026-09-26 08:57:41
27  1      0 580536 168476 2306900    0    0     0 11824 14323 47483 79 18  3  1  0  0 2026-09-26 08:57:42
32  0      0 544948 168476 2309564    0    0     0  7092 10614 29690 80 20  1  0  0  0 2026-09-26 08:57:43
39  1      0 557588 168476 2312148    0    0     0 10996 13586 43002 78 20  2  1  0  0 2026-09-26 08:57:44
26  0      0 554340 168476 2308644    0    0     0  8336 11069 31929 80 19  1  0  0  0 2026-09-26 08:57:45
18  0      0 580808 168476 2312536    0    0     0 11404 14106 43950 80 20  0  0  0  0 2026-09-26 08:57:46
29  1      0 600104 168476 2310028    0    0     0 12028 14202 43083 79 19  2  0  0  0 2026-09-26 08:57:47
31  1      0 558112 168476 2316592    0    0     0 18172 13490 40237 82 18  0  0  0  0 2026-09-26 08:57:48
32  1      0 556420 168476 2312808    0    0     0 11160 11553 37890 79 19  2  1  0  0 2026-09-26 08:57:49
43  0      0 531724 168476 2314564    0    0     0 10156 11654 36441 84 15  1  0  0  0 2026-09-26 08:57:50
21  0      0 522944 168476 2314120    0    0     0 12164 12547 42240 80 19  0  0  0  0 2026-09-26 08:57:51
45  0      0 499556 168476 2314752    0    0     0 10180 11845 35499 81 19  0  0  0  0 2026-09-26 08:57:52
34  0      0 508288 168476 2316964    0    0     0 12036 13546 42123 78 20  2  1  0  0 2026-09-26 08:57:53
procs -----------memory---------- ---swap-- -----io---- -system-- -------cpu------- -----timestamp-----
 r  b   swpd   free   buff  cache   si   so    bi    bo   in   cs us sy id wa st gu                 UTC
40  0      0 488776 168476 2318064    0    0     0  9136 9693 31251 82 17  1  0  0  0 2026-09-26 08:57:54
40  0      0 502780 168476 2322180    0    0     0 15216 11928 37424 80 20  1  0  0  0 2026-09-26 08:57:55
16  1      0 523676 168476 2317172    0    0     0 11460 13089 38044 79 17  3  1  0  0 2026-09-26 08:57:56
15  0      0 510404 168476 2323352    0    0     0 13416 13507 40339 80 18  2  1  0  0 2026-09-26 08:57:57
41  1      0 539580 168476 2319484    0    0     0 12040 13145 38695 80 19  2  0  0  0 2026-09-26 08:57:58
25  0      0 507804 168476 2323568    0    0     0 11484 11707 36246 83 18  0  0  0  0 2026-09-26 08:57:59
40  0      0 548092 168476 2320696    0    0     0 11268 10792 35044 78 20  2  1  0  0 2026-09-26 08:58:00
39  0      0 488620 168476 2322528    0    0     0 11172 12352 38197 82 18  0  0  0  0 2026-09-26 08:58:01
47  1      0 495968 168476 2322936    0    0     0 12324 14443 46540 80 19  1  0  0  0 2026-09-26 08:58:02
30  1      0 525936 168476 2322680    0    0     0 19152 12831 38042 81 19  1  0  0  0 2026-09-26 08:58:03
28  0      0 510236 168476 2333856    0    0     0 13084 13059 39841 80 20  1  0  0  0 2026-09-26 08:58:04
32  1      0 509612 168476 2323904    0    0     0 10896 13014 41246 82 18  0  0  0  0 2026-09-26 08:58:05
26  0      0 488132 168476 2329436    0    0     0 11808 12889 38475 80 20  1  1  0  0 2026-09-26 08:58:06
43  0      0 515128 168476 2325068    0    0     0 11396 12839 37971 81 18  2  0  0  0 2026-09-26 08:58:07
37  0      0 482900 168476 2329492    0    0     0 11796 13678 38598 80 18  2  0  0  0 2026-09-26 08:58:08
38  0      0 485220 168476 2326376    0    0     0 12024 12857 40073 80 18  1  1  0  0 2026-09-26 08:58:09
54  0      0 479792 168476 2326888    0    0     0 12488 10800 32560 81 18  1  0  0  0 2026-09-26 08:58:10
12  0      0 493256 168476 2339952    0    0     0 18476 11811 38529 79 20  1  1  0  0 2026-09-26 08:58:11
50  0      0 463340 168476 2336708    0    0     0 11532 11786 33528 80 19  2  0  0  0 2026-09-26 08:58:12
19  0      0 477484 168476 2350044    0    0     0  8648 10966 31559 78 18  3  1  0  0 2026-09-26 08:58:13
56  0      0 484440 168476 2337824    0    0     0  9852 10534 31721 81 18  1  1  0  0 2026-09-26 08:58:14
procs -----------memory---------- ---swap-- -----io---- -system-- -------cpu------- -----timestamp-----
 r  b   swpd   free   buff  cache   si   so    bi    bo   in   cs us sy id wa st gu                 UTC
50  0      0 450880 168476 2346256    0    0     0 11972 11786 34387 82 17  2  0  0  0 2026-09-26 08:58:15
38  1      0 427012 168476 2338820    0    0     0 10388 11394 34145 81 19  1  0  0  0 2026-09-26 08:58:16
44  0      0 411136 168476 2344640    0    0     0  8420 9480 29002 81 17  1  1  0  0 2026-09-26 08:58:17
40  1      0 424572 168476 2340052    0    0     0 10244 11002 35234 81 18  1  1  0  0 2026-09-26 08:58:18
25  0      0 432228 168476 2341904    0    0     0 19876 10783 30436 82 18  0  0  0  0 2026-09-26 08:58:19
18  1      0 455220 168476 2342692    0    0     0 11936 12408 37964 82 18  1  0  0  0 2026-09-26 08:58:20
55  0      0 447884 168476 2341692    0    0     0 10728 11427 31724 80 19  1  0  0  0 2026-09-26 08:58:21
21  0      0 447996 168476 2357492    0    0     0 11952 12283 36405 81 19  1  0  0  0 2026-09-26 08:58:22
27  1      0 427360 168476 2346796    0    0     0 10696 10855 32578 83 16  1  1  0  0 2026-09-26 08:58:23
41  0      0 437304 168476 2351516    0    0     0 10884 11130 33208 81 17  2  0  0  0 2026-09-26 08:58:24
42  0      0 437016 168476 2346456    0    0     0 10220 10993 33939 84 15  1  0  0  0 2026-09-26 08:58:25
42  1      0 410940 168476 2351100    0    0     0 10500 11754 33815 82 17  1  0  0  0 2026-09-26 08:58:26
18  0      0 479932 168476 2347524    0    0     0 10588 11869 36995 82 17  1  0  0  0 2026-09-26 08:58:27
49  0      0 424784 168476 2353804    0    0     0  9332 11946 37804 85 15  0  0  0  0 2026-09-26 08:58:28
51  0      0 441580 168476 2351196    0    0     0 10264 13228 37601 84 16  0  0  0  0 2026-09-26 08:58:29
33  1      0 418080 168476 2349560    0    0     0  9916 12474 36582 84 16  0  0  0  0 2026-09-26 08:58:30
48  0      0 424980 168476 2360596    0    0     0 12572 13367 41571 83 18  0  0  0  0 2026-09-26 08:58:31
27  0      0 399804 168476 2350532    0    0     0  9432 12428 36095 83 17  0  0  0  0 2026-09-26 08:58:32
62  1      0 401004 168476 2360188    0    0     0 10376 12723 39053 81 19  0  0  0  0 2026-09-26 08:58:33
11  0      0 397696 168476 2352264    0    0     0 21056 11931 35328 83 17  0  0  0  0 2026-09-26 08:58:34
37  0      0 409496 168476 2354168    0    0     0  1592 8915 31255 88 11  1  0  0  0 2026-09-26 08:58:35
procs -----------memory---------- ---swap-- -----io---- -system-- -------cpu------- -----timestamp-----
 r  b   swpd   free   buff  cache   si   so    bi    bo   in   cs us sy id wa st gu                 UTC
40  0      0 412644 168476 2354672    0    0     0  3756 8740 32200 90 10  0  0  0  0 2026-09-26 08:58:36
25  0      0 419648 168476 2355396    0    0     0  1016 10225 36996 88 11  2  0  0  0 2026-09-26 08:58:37
19  0      0 427604 168476 2355884    0    0     0   972 10390 37383 90  9  1  0  0  0 2026-09-26 08:58:38
35  0      0 453080 168476 2356396    0    0     0   716 10285 36408 89  9  2  0  0  0 2026-09-26 08:58:39
