2026-09-26T15:03:10+00:00
COMMAND         %CPU   RSS
mysqld          14.8 1081996
nginx            0.8 15988
nginx            0.8 15288
systemd-journal  0.4 191592
rsyslogd         0.2  5264
jbd2/sda1-8      0.2     0
rcu_preempt      0.1     0
kworker/0:1H-kb  0.0     0
kworker/1:1H-kb  0.0     0
2026-09-26T15:03:12+00:00
COMMAND         %CPU   RSS
mysqld          14.8 1084792
bench            9.5 50540
isuride          0.9 15152
nginx            0.8 15988
nginx            0.8 15288
systemd-journal  0.4 192356
rsyslogd         0.2  5264
jbd2/sda1-8      0.2     0
rcu_preempt      0.1     0
2026-09-26T15:03:14+00:00
COMMAND         %CPU   RSS
mysqld          14.8 1085912
bench           14.4 70036
isuride          3.3 15800
nginx            0.8 15988
nginx            0.8 15288
systemd-journal  0.4 193836
rsyslogd         0.2  5264
jbd2/sda1-8      0.2     0
rcu_preempt      0.1     0
2026-09-26T15:03:16+00:00
COMMAND         %CPU   RSS
bench           18.1 100088
mysqld          14.8 1088384
isuride          5.9 16732
nginx            0.8 15988
nginx            0.8 15288
systemd-journal  0.4 199224
rsyslogd         0.2  5264
jbd2/sda1-8      0.2     0
rcu_preempt      0.1     0
2026-09-26T15:03:18+00:00
COMMAND         %CPU   RSS
bench           20.8 122608
mysqld          14.8 1091408
isuride          8.2 17860
nginx            0.8 15988
nginx            0.8 15288
systemd-journal  0.4 201444
rsyslogd         0.2  5264
jbd2/sda1-8      0.2     0
kworker/u4:1-ev  0.1     0
2026-09-26T15:03:20+00:00
COMMAND         %CPU   RSS
bench           21.7 151272
mysqld          14.8 1094628
isuride         10.4 18924
nginx            0.8 15988
nginx            0.8 15288
systemd-journal  0.4 206360
rsyslogd         0.2  5264
jbd2/sda1-8      0.2     0
kworker/u4:1-ev  0.1     0
2026-09-26T15:03:22+00:00
COMMAND         %CPU   RSS
bench           22.1 162768
mysqld          14.8 1098120
isuride         12.4 20300
nginx            0.8 15988
nginx            0.8 15288
systemd-journal  0.4 209468
rsyslogd         0.2  5264
jbd2/sda1-8      0.2     0
kworker/u4:1-ev  0.1     0
2026-09-26T15:03:24+00:00
COMMAND         %CPU   RSS
bench           22.3 182080
mysqld          14.8 1101724
curl            14.2 12312
isuride         14.1 21020
nginx            0.8 15988
nginx            0.8 15288
systemd-journal  0.4 211528
rsyslogd         0.2  5264
jbd2/sda1-8      0.2     0
2026-09-26T15:03:26+00:00
COMMAND         %CPU   RSS
bench           22.2 203976
isuride         15.7 21848
mysqld          14.8 1105040
nginx            0.8 15988
nginx            0.8 15288
systemd-journal  0.4 216640
rsyslogd         0.2  5264
jbd2/sda1-8      0.2     0
kworker/u4:1-ev  0.1     0
2026-09-26T15:03:28+00:00
COMMAND         %CPU   RSS
bench           22.1 214548
isuride         17.1 21848
mysqld          14.8 1109772
nginx            0.8 15988
nginx            0.8 15288
systemd-journal  0.4 216640
rsyslogd         0.2  5264
jbd2/sda1-8      0.2     0
kworker/u4:1-ex  0.1     0
2026-09-26T15:03:30+00:00
COMMAND         %CPU   RSS
bench           21.9 215740
isuride         18.4 22264
mysqld          14.9 1114384
nginx            0.8 15988
nginx            0.8 15288
systemd-journal  0.4 216640
rsyslogd         0.2  5264
jbd2/sda1-8      0.2     0
kworker/u4:1-ex  0.1     0
2026-09-26T15:03:32+00:00
COMMAND         %CPU   RSS
bench           21.9 230932
isuride         19.6 25016
mysqld          14.9 1115852
nginx            0.8 15988
nginx            0.8 15288
systemd-journal  0.4 216640
rsyslogd         0.2  5264
jbd2/sda1-8      0.2     0
kworker/u4:1-ev  0.1     0
2026-09-26T15:03:34+00:00
COMMAND         %CPU   RSS
bench           22.0 241020
isuride         20.7 24740
mysqld          14.9 1117544
nginx            0.8 15988
nginx            0.8 15288
systemd-journal  0.4 216640
rsyslogd         0.2  5264
jbd2/sda1-8      0.2     0
kworker/u4:1-ev  0.1     0
2026-09-26T15:03:36+00:00
COMMAND         %CPU   RSS
bench           22.1 247216
isuride         21.7 25708
mysqld          14.9 1121096
curl             7.1 12312
nginx            0.8 15988
nginx            0.8 15288
systemd-journal  0.4 216640
rsyslogd         0.2  5264
jbd2/sda1-8      0.2     0
2026-09-26T15:03:38+00:00
COMMAND         %CPU   RSS
isuride         22.7 25164
bench           22.0 256936
mysqld          14.9 1122608
nginx            0.8 15988
nginx            0.8 15288
systemd-journal  0.4 216640
rsyslogd         0.2  5264
jbd2/sda1-8      0.2     0
kworker/u4:1-ex  0.1     0
2026-09-26T15:03:40+00:00
COMMAND         %CPU   RSS
isuride         23.5 26620
bench           21.9 263476
mysqld          14.9 1123692
nginx            0.8 15988
nginx            0.8 15288
systemd-journal  0.4 218616
rsyslogd         0.2  5264
jbd2/sda1-8      0.2     0
kworker/u4:1-ev  0.1     0
2026-09-26T15:03:42+00:00
COMMAND         %CPU   RSS
isuride         24.3 27124
bench           21.9 276408
mysqld          14.9 1124088
nginx            0.8 15988
nginx            0.8 15288
systemd-journal  0.4 221528
rsyslogd         0.2  5264
jbd2/sda1-8      0.2     0
kworker/u4:1-ex  0.1     0
2026-09-26T15:03:44+00:00
COMMAND         %CPU   RSS
isuride         24.9 28244
bench           21.9 294596
mysqld          14.9 1125108
nginx            0.8 15988
nginx            0.8 15288
systemd-journal  0.4 225668
rsyslogd         0.2  5264
jbd2/sda1-8      0.2     0
kworker/u4:1-ev  0.1     0
2026-09-26T15:03:46+00:00
COMMAND         %CPU   RSS
isuride         25.5 28232
bench           21.9 299864
mysqld          14.9 1127076
nginx            0.8 15988
nginx            0.8 15288
systemd-journal  0.4 227756
rsyslogd         0.2  5264
jbd2/sda1-8      0.2     0
kworker/u4:1-ev  0.1     0
2026-09-26T15:03:48+00:00
COMMAND         %CPU   RSS
isuride         25.9 29356
bench           21.9 318556
mysqld          14.9 1130268
curl             3.1 12324
nginx            0.8 15988
nginx            0.8 15288
systemd-journal  0.5 231440
rsyslogd         0.2  5272
jbd2/sda1-8      0.2     0
2026-09-26T15:03:50+00:00
COMMAND         %CPU   RSS
isuride         26.3 31948
bench           22.3 321052
mysqld          14.9 1130380
curl             3.5 12324
nginx            0.8 15988
nginx            0.8 15288
systemd-journal  0.5 234272
rsyslogd         0.2  5272
jbd2/sda1-8      0.2     0
2026-09-26T15:03:52+00:00
COMMAND         %CPU   RSS
isuride         26.6 31712
bench           22.2 322136
mysqld          14.9 1132588
curl             2.1 12308
nginx            0.8 15988
nginx            0.8 15288
systemd-journal  0.5 238860
rsyslogd         0.2  5272
jbd2/sda1-8      0.2     0
2026-09-26T15:03:54+00:00
COMMAND         %CPU   RSS
isuride         26.9 33104
bench           22.2 348792
mysqld          15.0 1133444
nginx            0.8 15988
nginx            0.8 15288
systemd-journal  0.5 242144
rsyslogd         0.2  5272
jbd2/sda1-8      0.2     0
kworker/u4:1-ev  0.1     0
2026-09-26T15:03:56+00:00
COMMAND         %CPU   RSS
isuride         27.2 33268
bench           22.2 351196
mysqld          15.0 1134384
curl             3.1     0
nginx            0.8 15988
nginx            0.8 15288
systemd-journal  0.5 243432
rsyslogd         0.2  5272
jbd2/sda1-8      0.2     0
2026-09-26T15:03:58+00:00
COMMAND         %CPU   RSS
isuride         27.6 34668
bench           22.3 379376
mysqld          15.0 1134608
curl             1.3 12324
nginx            0.8 15988
nginx            0.8 15288
systemd-journal  0.5 243432
rsyslogd         0.2  5272
jbd2/sda1-8      0.2     0
2026-09-26T15:04:00+00:00
COMMAND         %CPU   RSS
isuride         27.8 35300
bench           22.2 380392
mysqld          15.0 1135008
curl             2.0 12324
nginx            0.8 15988
nginx            0.8 15288
systemd-journal  0.5 243432
rsyslogd         0.2  5272
jbd2/sda1-8      0.2     0
2026-09-26T15:04:02+00:00
COMMAND         %CPU   RSS
isuride         28.1 36476
bench           22.1 381676
mysqld          15.0 1135896
curl             3.7 12324
nginx            0.8 15988
nginx            0.8 15288
systemd-journal  0.5 243432
rsyslogd         0.2  5272
jbd2/sda1-8      0.2     0
2026-09-26T15:04:04+00:00
COMMAND         %CPU   RSS
isuride         28.3 37368
bench           22.2 414720
mysqld          15.0 1137000
nginx            0.8 15988
nginx            0.8 15288
systemd-journal  0.5 243432
rsyslogd         0.2  5272
jbd2/sda1-8      0.2     0
kworker/u4:1-ex  0.1     0
2026-09-26T15:04:06+00:00
COMMAND         %CPU   RSS
isuride         28.5 38256
bench           22.2 415288
mysqld          15.0 1137708
nginx            0.8 15988
nginx            0.8 15288
systemd-journal  0.5 243432
rsyslogd         0.2  5272
jbd2/sda1-8      0.2     0
kworker/u4:1-ex  0.1     0
2026-09-26T15:04:08+00:00
COMMAND         %CPU   RSS
isuride         28.8 37424
bench           22.1 415888
mysqld          15.0 1137724
curl             2.3 12324
nginx            0.8 15988
nginx            0.8 15440
systemd-journal  0.5 243432
rsyslogd         0.2  5272
jbd2/sda1-8      0.2     0
2026-09-26T15:04:10+00:00
COMMAND         %CPU   RSS
isuride         29.1 39028
bench           22.1 441636
mysqld          15.0 1138660
curl            10.0 12316
nginx            0.8 15988
nginx            0.8 15820
systemd-journal  0.5 245376
rsyslogd         0.2  5272
jbd2/sda1-8      0.2     0
2026-09-26T15:04:12+00:00
COMMAND         %CPU   RSS
isuride         29.4 33968
bench           22.1 447628
mysqld          15.0 1138676
nginx            0.8 15988
nginx            0.8 15892
systemd-journal  0.5 247392
rsyslogd         0.2  5272
jbd2/sda1-8      0.2     0
kworker/u4:1-ev  0.1     0
2026-09-26T15:04:14+00:00
COMMAND         %CPU   RSS
isuride         29.8 32536
bench           21.9 447628
mysqld          15.0 1138676
nginx            0.8 15988
nginx            0.8 15892
systemd-journal  0.5 253600
rsyslogd         0.2  5264
jbd2/sda1-8      0.2     0
kworker/u4:1-wr  0.1     0
