procs -----------memory---------- ---swap-- -----io---- -system-- -------cpu------- -----timestamp-----
 r  b   swpd   free   buff  cache   si   so    bi    bo   in   cs us sy id wa st gu                 UTC
 2  0      0 563220  68660 2119220    0    0    63  2415 2662   47 11  5 85  0  0  0 2026-09-26 15:03:10
 5  1      0 502820  68668 2146264    0    0   180 63380 17462 35824 29 13 41 17  0  0 2026-09-26 15:03:11
 0  0      0 497684  68668 2147764    0    0    16 11288 20362 65203 23 19 56  2  0  0 2026-09-26 15:03:12
20  1      0 488972  68668 2149660    0    0     0 17800 27823 96439 40 26 32  2  0  0 2026-09-26 15:03:13
12  0      0 468488  68668 2153328    0    0     0 22856 24455 104596 50 34 15  2  0  0 2026-09-26 15:03:14
13  0      0 450504  68668 2156276    0    0     0 35424 24974 108942 57 37  5  1  0  0 2026-09-26 15:03:15
11  0      0 427852  68668 2159304    0    0     0 26308 24518 112702 51 42  6  1  0  0 2026-09-26 15:03:16
20  1      0 407636  68668 2162580    0    0     4 30224 22142 99652 55 43  2  1  0  0 2026-09-26 15:03:17
28  1      0 389520  68672 2166960    0    0     0 28808 20712 104540 58 41  1  0  0  0 2026-09-26 15:03:18
 8  0      0 372132  68672 2170968    0    0     0 30032 21022 99165 57 42  1  1  0  0 2026-09-26 15:03:19
20  0      0 350264  68672 2174004    0    0     0 25692 22057 98112 58 41  2  0  0  0 2026-09-26 15:03:20
 6  0      0 337188  68676 2176904    0    0     0 27048 20715 97972 56 43  1  1  0  0 2026-09-26 15:03:21
24  0      0 327668  68676 2180720    0    0     4 27788 21507 98448 57 43  1  0  0  0 2026-09-26 15:03:22
39  0      0 301548  68676 2183552    0    0     0 27072 22324 94749 58 41  1  0  0  0 2026-09-26 15:03:23
33  0      0 297344  68676 2186344    0    0     0 25372 21061 94811 56 43  1  1  0  0 2026-09-26 15:03:24
 5  1      0 287056  68680 2190008    0    0     0 48848 21372 98795 59 40  1  0  0  0 2026-09-26 15:03:25
10  0      0 266704  68688 2192416    0    0    68 29552 20613 97157 56 42  1  0  0  0 2026-09-26 15:03:26
 7  0      0 260432  68688 2194568    0    0     0 31972 22019 100958 56 43  1  0  0  0 2026-09-26 15:03:27
52  0      0 243032  68688 2196752    0    0     0 26428 20430 96171 57 41  2  1  0  0 2026-09-26 15:03:28
13  1      0 239524  68688 2198912    0    0     0 33080 20386 97908 57 42  1  0  0  0 2026-09-26 15:03:29
23  0      0 233060  68688 2201064    0    0     0 34204 22003 98036 59 41  1  0  0  0 2026-09-26 15:03:30
procs -----------memory---------- ---swap-- -----io---- -system-- -------cpu------- -----timestamp-----
 r  b   swpd   free   buff  cache   si   so    bi    bo   in   cs us sy id wa st gu                 UTC
38  0      0 217732  68688 2202968    0    0     4 29144 22348 95676 57 42  1  0  0  0 2026-09-26 15:03:31
41  0      0 209268  68688 2206516    0    0     0 27096 20969 95984 57 43  0  0  0  0 2026-09-26 15:03:32
57  0      0 212364  68688 2209704    0    0     0 28032 21540 99409 58 42  1  0  0  0 2026-09-26 15:03:33
 4  0      0 191540  68688 2211944    0    0     0 29336 20840 96789 56 42  1  1  0  0 2026-09-26 15:03:34
60  1      0 186100  68688 2214244    0    0     4 29648 20578 100527 56 42  2  1  0  0 2026-09-26 15:03:35
19  0      0 174864  68688 2216268    0    0     0 30184 19954 101507 56 44  1  0  0  0 2026-09-26 15:03:36
13  0      0 169600  68688 2218364    0    0     0 28288 22340 97871 57 43  1  0  0  0 2026-09-26 15:03:37
37  1      0 159800  68688 2220764    0    0     0 29088 20261 95777 62 38  1  0  0  0 2026-09-26 15:03:38
30  0      0 151184  68688 2223764    0    0     4 27940 20155 93982 61 39  1  1  0  0 2026-09-26 15:03:39
47  1      0 152004  68688 2226116    0    0     0 29492 20240 98075 59 40  1  0  0  0 2026-09-26 15:03:40
29  0      0 128104  68688 2229944    0    0     0 30004 18213 94757 59 41  1  0  0  0 2026-09-26 15:03:41
10  0      0 121564  68688 2232196    0    0     0 28360 19883 95168 58 40  2  1  0  0 2026-09-26 15:03:42
17  0      0 114260  68688 2235008    0    0     4 29876 19819 97805 57 42  1  0  0  0 2026-09-26 15:03:43
14  1      0 104208  68688 2237632    0    0     0 46908 18153 90458 58 42  1  0  0  0 2026-09-26 15:03:44
29  0      0  83632  68688 2241544    0    0   100 27840 19026 93129 62 36  1  1  0  0 2026-09-26 15:03:45
21  0      0  86492  68688 2244504    0    0     0 27812 20139 94823 59 39  2  1  0  0 2026-09-26 15:03:46
17  0      0  73540  68688 2246912    0    0     4 25440 20032 88130 59 41  1  0  0  0 2026-09-26 15:03:47
46  0      0  90800  67512 2220024    0    0    48 28488 19200 80294 61 38  1  0  0  0 2026-09-26 15:03:48
18  0      0  83196  67512 2222148    0    0     0 21396 13814 58133 61 39  0  0  0  0 2026-09-26 15:03:49
 7  0      0  79804  67512 2224388    0    0     0 19956 15470 67240 60 39  1  1  0  0 2026-09-26 15:03:50
49  0      0  76904  67512 2229500    0    0     0 28556 21697 94693 57 38  3  2  0  0 2026-09-26 15:03:51
procs -----------memory---------- ---swap-- -----io---- -system-- -------cpu------- -----timestamp-----
 r  b   swpd   free   buff  cache   si   so    bi    bo   in   cs us sy id wa st gu                 UTC
32  1      0  85136  67436 2209712    0    0     0 28356 18010 91116 60 38  2  1  0  0 2026-09-26 15:03:52
44  0      0  82060  67436 2200168    0    0     4 27280 20530 90183 59 37  3  2  0  0 2026-09-26 15:03:53
28  1      0  85316  67436 2190864    0    0     0 27044 19013 88289 60 36  3  2  0  0 2026-09-26 15:03:54
21  0      0  82580  67436 2193444    0    0     0 47628 20506 91183 55 41  3  1  0  0 2026-09-26 15:03:55
27  0      0  75412  67436 2195524    0    0     0 27296 19855 92145 59 37  3  2  0  0 2026-09-26 15:03:56
31  1      0  74516  67436 2197832    0    0     0 24968 18504 95985 59 38  2  1  0  0 2026-09-26 15:03:57
52  0      0  79572  67436 2164904    0    0     8 31756 18097 93216 60 38  2  1  0  0 2026-09-26 15:03:58
19  0      0  82516  67436 2152476    0    0     0 24796 20717 86140 58 35  5  2  0  0 2026-09-26 15:03:59
12  1      0  86684  67436 2150900    0    0     0 38812 20882 88591 60 37  2  1  0  0 2026-09-26 15:04:00
42  0      0  77120  67436 2153408    0    0     0 26508 17967 89731 59 37  3  1  0  0 2026-09-26 15:04:01
28  1      0  79216  67436 2155748    0    0     0 27212 21560 91849 58 40  2  1  0  0 2026-09-26 15:04:02
10  0      0  82384  67436 2148144    0    0     0 26212 21190 90516 62 36  2  1  0  0 2026-09-26 15:04:03
38  0      0  82792  67436 2118804    0    0     8 24752 20557 86524 60 37  2  1  0  0 2026-09-26 15:04:04
19  1      0  80104  67436 2112588    0    0     0 25900 20122 87907 58 36  5  2  0  0 2026-09-26 15:04:05
50  1      0  86524  67436 2115908    0    0     0 23976 22285 90135 58 35  6  2  0  0 2026-09-26 15:04:06
51  0      0 100908  67436 2099304    0    0     0 26288 19915 89823 61 38  1  0  0  0 2026-09-26 15:04:07
 5  1      0  91408  67436 2103176    0    0     0 28752 21115 89367 61 38  1  0  0  0 2026-09-26 15:04:08
63  0      0  83916  67436 2108368    0    0     4 26500 20797 92308 61 38  1  0  0  0 2026-09-26 15:04:09
 8  1      0  85940  67436 2092000    0    0     0 29676 20974 93676 60 39  1  0  0  0 2026-09-26 15:04:10
35  1      0  79852  67436 2079452    0    0     0 26504 20770 91862 62 37  1  1  0  0 2026-09-26 15:04:11
14  0      0  79500  67436 2082560    0    0     0 20728 19641 105845 57 41  2  0  0  0 2026-09-26 15:04:12
procs -----------memory---------- ---swap-- -----io---- -system-- -------cpu------- -----timestamp-----
 r  b   swpd   free   buff  cache   si   so    bi    bo   in   cs us sy id wa st gu                 UTC
20  0      0  83444  67436 2087860    0    0     0  5664 18473 109529 63 32  6  0  0  0 2026-09-26 15:04:13
20  0      0  76920  67436 2090580    0    0     0  2424 18961 105916 67 29  4  0  0  0 2026-09-26 15:04:14
40  0      0  74428  67436 2092896    0    0     4 23120 20923 110048 65 30  5  0  0  0 2026-09-26 15:04:15
