time=18:31:07.147 level=DEBUG source=/tmp/isucon14/bench/cmd/run.go:90 msg=target targetURL=https://isuride.xiv.isucon.net targetAddr=127.0.0.1:443 benchrun.GetTargetAddress()="" paymentURL=http://127.0.0.1:12346
time=18:31:07.148 level=INFO msg=負荷走行を開始します
time=18:31:09.853 level=DEBUG source=/tmp/isucon14/bench/benchmarker/scenario/scenario.go:315 msg=時間経過 tick=60
time=18:31:09.853 level=DEBUG source=/tmp/isucon14/bench/benchmarker/scenario/scenario.go:317 msg=eval reqs=0 score="[0 0 0 0 0]" criteria="[0 0 0 0]"
time=18:31:11.653 level=DEBUG source=/tmp/isucon14/bench/benchmarker/scenario/scenario.go:315 msg=時間経過 tick=120
time=18:31:11.653 level=DEBUG source=/tmp/isucon14/bench/benchmarker/scenario/scenario.go:317 msg=eval reqs=0 score="[0 0 0 0 0]" criteria="[0 0 0 0]"
time=18:31:13.453 level=INFO msg=これまでに地域内の評判によって0人、既存ユーザーの招待経由で0人が新規登録しました
time=18:31:13.453 level=DEBUG source=/tmp/isucon14/bench/benchmarker/scenario/scenario.go:315 msg=時間経過 tick=180
time=18:31:13.453 level=DEBUG source=/tmp/isucon14/bench/benchmarker/scenario/scenario.go:317 msg=eval reqs=0 score="[0 0 0 0 0]" criteria="[0 0 0 0]"
time=18:31:15.253 level=DEBUG source=/tmp/isucon14/bench/benchmarker/scenario/scenario.go:315 msg=時間経過 tick=240
time=18:31:15.253 level=DEBUG source=/tmp/isucon14/bench/benchmarker/scenario/scenario.go:317 msg=eval reqs=3 score="[0 0 3 0 0]" criteria="[0 0 3 3]"
time=18:31:17.053 level=DEBUG source=/tmp/isucon14/bench/benchmarker/scenario/scenario.go:315 msg=時間経過 tick=300
time=18:31:17.053 level=DEBUG source=/tmp/isucon14/bench/benchmarker/scenario/scenario.go:317 msg=eval reqs=5 score="[0 0 4 1 0]" criteria="[1 0 5 5]"
time=18:31:18.676 level=WARN msg="ユーザー登録に失敗しました (CODE=17): POST /api/app/usersへのリクエストに対して、期待されたHTTPステータスコードが確認できませんでした (expected:201, actual:500)"
time=18:31:18.854 level=INFO msg=これまでに地域内の評判によって4人、既存ユーザーの招待経由で4人が新規登録しました
time=18:31:18.854 level=INFO msg=44.4%のライドは椅子がマッチされるまでの時間、88.9%のライドはマッチされた椅子が乗車地点までに掛かる時間、0.0%のライドは椅子の実移動時間に不満がありました
time=18:31:18.854 level=DEBUG source=/tmp/isucon14/bench/benchmarker/scenario/scenario.go:315 msg=時間経過 tick=360
time=18:31:18.854 level=DEBUG source=/tmp/isucon14/bench/benchmarker/scenario/scenario.go:317 msg=eval reqs=9 score="[0 0 4 4 1]" criteria="[5 1 9 9]"
time=18:31:20.653 level=DEBUG source=/tmp/isucon14/bench/benchmarker/scenario/scenario.go:315 msg=時間経過 tick=420
time=18:31:20.653 level=DEBUG source=/tmp/isucon14/bench/benchmarker/scenario/scenario.go:317 msg=eval reqs=11 score="[0 0 6 4 1]" criteria="[7 1 10 10]"
time=18:31:22.446 level=INFO msg=一定の売上が立ったためオーナーの椅子が増加します 名前="Orbit Taxi" 増加数=1
time=18:31:22.453 level=DEBUG source=/tmp/isucon14/bench/benchmarker/scenario/scenario.go:315 msg=時間経過 tick=480
time=18:31:22.453 level=DEBUG source=/tmp/isucon14/bench/benchmarker/scenario/scenario.go:317 msg=eval reqs=13 score="[0 0 8 4 1]" criteria="[9 1 10 12]"
time=18:31:24.250 level=INFO msg=一定の売上が立ったためオーナーの椅子が増加します 名前="Sit Second Life" 増加数=1
time=18:31:24.253 level=DEBUG source=/tmp/isucon14/bench/benchmarker/scenario/scenario.go:315 msg=時間経過 tick=540
time=18:31:24.253 level=INFO msg=これまでに地域内の評判によって11人、既存ユーザーの招待経由で4人が新規登録しました
time=18:31:24.253 level=INFO msg=これまでに低評価なライドによって1人が利用をやめました
time=18:31:24.253 level=INFO msg=40.0%のライドは椅子がマッチされるまでの時間、93.3%のライドはマッチされた椅子が乗車地点までに掛かる時間、20.0%のライドは椅子の実移動時間に不満がありました
time=18:31:24.253 level=DEBUG source=/tmp/isucon14/bench/benchmarker/scenario/scenario.go:317 msg=eval reqs=15 score="[1 0 9 4 1]" criteria="[9 1 11 13]"
time=18:31:26.053 level=DEBUG source=/tmp/isucon14/bench/benchmarker/scenario/scenario.go:315 msg=時間経過 tick=600
time=18:31:26.053 level=DEBUG source=/tmp/isucon14/bench/benchmarker/scenario/scenario.go:317 msg=eval reqs=15 score="[1 0 9 4 1]" criteria="[9 1 11 13]"
time=18:31:27.851 level=INFO msg=一定の売上が立ったためオーナーの椅子が増加します 名前=椅子と暮らし舎 増加数=1
time=18:31:27.853 level=DEBUG source=/tmp/isucon14/bench/benchmarker/scenario/scenario.go:315 msg=時間経過 tick=660
time=18:31:27.853 level=DEBUG source=/tmp/isucon14/bench/benchmarker/scenario/scenario.go:317 msg=eval reqs=18 score="[1 2 10 4 1]" criteria="[10 1 12 15]"
time=18:31:29.642 level=INFO msg=一定の売上が立ったためオーナーの椅子が増加します 名前="Urban Wheels" 増加数=1
time=18:31:29.650 level=INFO msg=一定の売上が立ったためオーナーの椅子が増加します 名前="Orbit Taxi" 増加数=1
time=18:31:29.653 level=INFO msg=これまでに地域内の評判によって19人、既存ユーザーの招待経由で4人が新規登録しました
time=18:31:29.653 level=INFO msg=これまでに低評価なライドによって4人が利用をやめました
time=18:31:29.653 level=DEBUG source=/tmp/isucon14/bench/benchmarker/scenario/scenario.go:315 msg=時間経過 tick=720
time=18:31:29.653 level=DEBUG source=/tmp/isucon14/bench/benchmarker/scenario/scenario.go:317 msg=eval reqs=20 score="[1 3 11 4 1]" criteria="[11 1 13 16]"
time=18:31:29.653 level=INFO msg=45.0%のライドは椅子がマッチされるまでの時間、95.0%のライドはマッチされた椅子が乗車地点までに掛かる時間、27.5%のライドは椅子の実移動時間に不満がありました
time=18:31:31.443 level=INFO msg=一定の売上が立ったためオーナーの椅子が増加します 名前="Sit Second Life" 増加数=1
time=18:31:31.453 level=DEBUG source=/tmp/isucon14/bench/benchmarker/scenario/scenario.go:315 msg=時間経過 tick=780
time=18:31:31.453 level=DEBUG source=/tmp/isucon14/bench/benchmarker/scenario/scenario.go:317 msg=eval reqs=24 score="[1 6 12 4 1]" criteria="[14 1 14 17]"
time=18:31:33.247 level=INFO msg=一定の売上が立ったためオーナーの椅子が増加します 名前=椅子と暮らし舎 増加数=1
time=18:31:33.253 level=DEBUG source=/tmp/isucon14/bench/benchmarker/scenario/scenario.go:315 msg=時間経過 tick=840
time=18:31:33.253 level=DEBUG source=/tmp/isucon14/bench/benchmarker/scenario/scenario.go:317 msg=eval reqs=25 score="[1 7 12 4 1]" criteria="[15 1 14 17]"
time=18:31:35.058 level=INFO msg=これまでに地域内の評判によって25人、既存ユーザーの招待経由で4人が新規登録しました
time=18:31:35.058 level=INFO msg=これまでに低評価なライドによって7人が利用をやめました
time=18:31:35.058 level=INFO msg=42.9%のライドは椅子がマッチされるまでの時間、92.9%のライドはマッチされた椅子が乗車地点までに掛かる時間、42.9%のライドは椅子の実移動時間に不満がありました
time=18:31:35.058 level=DEBUG source=/tmp/isucon14/bench/benchmarker/scenario/scenario.go:315 msg=時間経過 tick=900
time=18:31:35.058 level=DEBUG source=/tmp/isucon14/bench/benchmarker/scenario/scenario.go:317 msg=eval reqs=28 score="[2 8 13 4 1]" criteria="[16 2 15 17]"
time=18:31:35.120 level=INFO msg=一定の売上が立ったためオーナーの椅子が増加します 名前=迅行タクシー 増加数=1
time=18:31:36.853 level=DEBUG source=/tmp/isucon14/bench/benchmarker/scenario/scenario.go:315 msg=時間経過 tick=960
time=18:31:36.853 level=DEBUG source=/tmp/isucon14/bench/benchmarker/scenario/scenario.go:317 msg=eval reqs=32 score="[4 10 13 4 1]" criteria="[16 2 17 17]"
time=18:31:36.861 level=INFO msg=一定の売上が立ったためオーナーの椅子が増加します 名前="Urban Wheels" 増加数=1
time=18:31:38.653 level=DEBUG source=/tmp/isucon14/bench/benchmarker/scenario/scenario.go:315 msg=時間経過 tick=1020
time=18:31:38.653 level=DEBUG source=/tmp/isucon14/bench/benchmarker/scenario/scenario.go:317 msg=eval reqs=37 score="[7 11 14 4 1]" criteria="[16 3 18 18]"
time=18:31:38.668 level=INFO msg=一定の売上が立ったためオーナーの椅子が増加します 名前=椅子と暮らし舎 増加数=1
time=18:31:38.671 level=INFO msg=一定の売上が立ったためオーナーの椅子が増加します 名前="Orbit Taxi" 増加数=2
time=18:31:40.444 level=INFO msg=一定の売上が立ったためオーナーの椅子が増加します 名前=迅行タクシー 増加数=1
time=18:31:40.445 level=INFO msg=一定の売上が立ったためオーナーの椅子が増加します 名前="Sit Second Life" 増加数=1
time=18:31:40.454 level=DEBUG source=/tmp/isucon14/bench/benchmarker/scenario/scenario.go:315 msg=時間経過 tick=1080
time=18:31:40.454 level=DEBUG source=/tmp/isucon14/bench/benchmarker/scenario/scenario.go:317 msg=eval reqs=44 score="[12 13 14 4 1]" criteria="[16 3 19 19]"
time=18:31:40.454 level=INFO msg=これまでに地域内の評判によって31人、既存ユーザーの招待経由で4人が新規登録しました
time=18:31:40.454 level=INFO msg=これまでに低評価なライドによって18人が利用をやめました
time=18:31:40.454 level=INFO msg=63.6%のライドは椅子がマッチされるまでの時間、93.2%のライドはマッチされた椅子が乗車地点までに掛かる時間、56.8%のライドは椅子の実移動時間に不満がありました
time=18:31:42.251 level=INFO msg=一定の売上が立ったためオーナーの椅子が増加します 名前="Urban Wheels" 増加数=1
time=18:31:42.253 level=DEBUG source=/tmp/isucon14/bench/benchmarker/scenario/scenario.go:315 msg=時間経過 tick=1140
time=18:31:42.253 level=DEBUG source=/tmp/isucon14/bench/benchmarker/scenario/scenario.go:317 msg=eval reqs=49 score="[13 16 15 4 1]" criteria="[16 3 21 22]"
time=18:31:44.051 level=INFO msg=一定の売上が立ったためオーナーの椅子が増加します 名前="Urban Wheels" 増加数=1
time=18:31:44.053 level=DEBUG source=/tmp/isucon14/bench/benchmarker/scenario/scenario.go:315 msg=時間経過 tick=1200
time=18:31:44.053 level=DEBUG source=/tmp/isucon14/bench/benchmarker/scenario/scenario.go:317 msg=eval reqs=51 score="[14 17 15 4 1]" criteria="[16 3 21 23]"
time=18:31:45.853 level=DEBUG source=/tmp/isucon14/bench/benchmarker/scenario/scenario.go:315 msg=時間経過 tick=1260
time=18:31:45.853 level=INFO msg=これまでに地域内の評判によって38人、既存ユーザーの招待経由で4人が新規登録しました
time=18:31:45.853 level=INFO msg=これまでに低評価なライドによって25人が利用をやめました
time=18:31:45.853 level=INFO msg=70.9%のライドは椅子がマッチされるまでの時間、94.5%のライドはマッチされた椅子が乗車地点までに掛かる時間、56.4%のライドは椅子の実移動時間に不満がありました
time=18:31:45.853 level=DEBUG source=/tmp/isucon14/bench/benchmarker/scenario/scenario.go:317 msg=eval reqs=55 score="[15 19 16 4 1]" criteria="[16 3 23 25]"
time=18:31:45.855 level=INFO msg=一定の売上が立ったためオーナーの椅子が増加します 名前=椅子と暮らし舎 増加数=1
time=18:31:45.866 level=INFO msg=一定の売上が立ったためオーナーの椅子が増加します 名前="Orbit Taxi" 増加数=2
time=18:31:47.653 level=DEBUG source=/tmp/isucon14/bench/benchmarker/scenario/scenario.go:315 msg=時間経過 tick=1320
time=18:31:47.653 level=DEBUG source=/tmp/isucon14/bench/benchmarker/scenario/scenario.go:317 msg=eval reqs=57 score="[15 21 16 4 1]" criteria="[16 3 25 25]"
time=18:31:47.698 level=INFO msg=一定の売上が立ったためオーナーの椅子が増加します 名前="Sit Second Life" 増加数=1
time=18:31:49.453 level=DEBUG source=/tmp/isucon14/bench/benchmarker/scenario/scenario.go:315 msg=時間経過 tick=1380
time=18:31:49.453 level=DEBUG source=/tmp/isucon14/bench/benchmarker/scenario/scenario.go:317 msg=eval reqs=57 score="[15 21 16 4 1]" criteria="[16 3 25 25]"
time=18:31:51.257 level=INFO msg=これまでに地域内の評判によって44人、既存ユーザーの招待経由で4人が新規登録しました
time=18:31:51.257 level=INFO msg=これまでに低評価なライドによって26人が利用をやめました
time=18:31:51.257 level=INFO msg=71.9%のライドは椅子がマッチされるまでの時間、94.7%のライドはマッチされた椅子が乗車地点までに掛かる時間、56.1%のライドは椅子の実移動時間に不満がありました
time=18:31:51.257 level=DEBUG source=/tmp/isucon14/bench/benchmarker/scenario/scenario.go:315 msg=時間経過 tick=1440
time=18:31:51.257 level=DEBUG source=/tmp/isucon14/bench/benchmarker/scenario/scenario.go:317 msg=eval reqs=57 score="[15 21 16 4 1]" criteria="[16 3 25 25]"
time=18:31:53.083 level=DEBUG source=/tmp/isucon14/bench/benchmarker/scenario/scenario.go:315 msg=時間経過 tick=1500
time=18:31:53.083 level=DEBUG source=/tmp/isucon14/bench/benchmarker/scenario/scenario.go:317 msg=eval reqs=59 score="[17 21 16 4 1]" criteria="[16 3 25 25]"
time=18:31:54.883 level=DEBUG source=/tmp/isucon14/bench/benchmarker/scenario/scenario.go:315 msg=時間経過 tick=1560
time=18:31:54.883 level=DEBUG source=/tmp/isucon14/bench/benchmarker/scenario/scenario.go:317 msg=eval reqs=63 score="[21 21 16 4 1]" criteria="[16 3 25 25]"
time=18:31:54.937 level=INFO msg=一定の売上が立ったためオーナーの椅子が増加します 名前="Orbit Taxi" 増加数=1
time=18:31:56.683 level=DEBUG source=/tmp/isucon14/bench/benchmarker/scenario/scenario.go:315 msg=時間経過 tick=1620
time=18:31:56.683 level=DEBUG source=/tmp/isucon14/bench/benchmarker/scenario/scenario.go:317 msg=eval reqs=64 score="[21 22 16 4 1]" criteria="[16 3 25 26]"
time=18:31:56.683 level=INFO msg=これまでに地域内の評判によって50人、既存ユーザーの招待経由で4人が新規登録しました
time=18:31:56.684 level=INFO msg=これまでに低評価なライドによって31人が利用をやめました
time=18:31:56.684 level=INFO msg=75.0%のライドは椅子がマッチされるまでの時間、95.3%のライドはマッチされた椅子が乗車地点までに掛かる時間、60.2%のライドは椅子の実移動時間に不満がありました
time=18:31:56.759 level=INFO msg=一定の売上が立ったためオーナーの椅子が増加します 名前="Urban Wheels" 増加数=1
time=18:31:58.483 level=DEBUG source=/tmp/isucon14/bench/benchmarker/scenario/scenario.go:315 msg=時間経過 tick=1680
time=18:31:58.483 level=DEBUG source=/tmp/isucon14/bench/benchmarker/scenario/scenario.go:317 msg=eval reqs=67 score="[23 22 17 4 1]" criteria="[16 4 26 26]"
time=18:32:00.314 level=DEBUG source=/tmp/isucon14/bench/benchmarker/scenario/scenario.go:315 msg=時間経過 tick=1740
time=18:32:00.314 level=DEBUG source=/tmp/isucon14/bench/benchmarker/scenario/scenario.go:317 msg=eval reqs=70 score="[26 22 17 4 1]" criteria="[16 4 26 26]"
time=18:32:00.461 level=INFO msg=一定の売上が立ったためオーナーの椅子が増加します 名前=迅行タクシー 増加数=1
time=18:32:00.470 level=INFO msg=一定の売上が立ったためオーナーの椅子が増加します 名前=椅子と暮らし舎 増加数=1
time=18:32:02.533 level=DEBUG source=/tmp/isucon14/bench/benchmarker/scenario/scenario.go:315 msg=時間経過 tick=1800
time=18:32:02.534 level=DEBUG source=/tmp/isucon14/bench/benchmarker/scenario/scenario.go:317 msg=eval reqs=70 score="[26 22 17 4 1]" criteria="[16 4 26 26]"
time=18:32:02.534 level=INFO msg=これまでに地域内の評判によって56人、既存ユーザーの招待経由で4人が新規登録しました
time=18:32:02.534 level=INFO msg=これまでに低評価なライドによって36人が利用をやめました
time=18:32:02.534 level=INFO msg=77.1%のライドは椅子がマッチされるまでの時間、94.3%のライドはマッチされた椅子が乗車地点までに掛かる時間、62.9%のライドは椅子の実移動時間に不満がありました
time=18:32:02.651 level=INFO msg=一定の売上が立ったためオーナーの椅子が増加します 名前="Urban Wheels" 増加数=1
time=18:32:04.423 level=DEBUG source=/tmp/isucon14/bench/benchmarker/scenario/scenario.go:315 msg=時間経過 tick=1860
time=18:32:04.423 level=DEBUG source=/tmp/isucon14/bench/benchmarker/scenario/scenario.go:317 msg=eval reqs=71 score="[26 23 17 4 1]" criteria="[16 5 26 26]"
time=18:32:06.433 level=DEBUG source=/tmp/isucon14/bench/benchmarker/scenario/scenario.go:315 msg=時間経過 tick=1920
time=18:32:06.433 level=DEBUG source=/tmp/isucon14/bench/benchmarker/scenario/scenario.go:317 msg=eval reqs=71 score="[26 23 17 4 1]" criteria="[16 5 26 26]"
time=18:32:13.054 level=INFO msg=最終地域情報 名前=チェアタウン ユーザー登録数=40 アクティブユーザー数=20
time=18:32:13.054 level=INFO msg=最終地域情報 名前=コシカケシティ ユーザー登録数=36 アクティブユーザー数=17
time=18:32:13.054 level=INFO msg=最終オーナー情報 名前="Orbit Taxi" 売上=115200 椅子数=11
time=18:32:13.054 level=INFO msg=最終オーナー情報 名前="Urban Wheels" 売上=101100 椅子数=10
time=18:32:13.054 level=INFO msg=最終オーナー情報 名前="Sit Second Life" 売上=87500 椅子数=8
time=18:32:13.054 level=INFO msg=最終オーナー情報 名前=椅子と暮らし舎 売上=87400 椅子数=9
time=18:32:13.054 level=INFO msg=最終オーナー情報 名前=迅行タクシー 売上=53700 椅子数=7
time=18:32:13.054 level=INFO msg=78.9%のライドは椅子がマッチされるまでの時間、93.4%のライドはマッチされた椅子が乗車地点までに掛かる時間、65.1%のライドは椅子の実移動時間に不満がありました
time=18:32:13.054 level=INFO msg=結果 pass=true スコア=7255 種別エラー数=map[17:1]
time=18:32:13.054 level=INFO msg=負荷走行が終了しました
