2026-09-26T09:31:07+00:00
COMMAND         %CPU   RSS
mysqld          31.7 683060
nginx            1.1  9600
nginx            1.1  9580
systemd-journal  0.8 189352
rsyslogd         0.4  5528
jbd2/sda1-8      0.4     0
kworker/1:1H-kb  0.1     0
rcu_preempt      0.1     0
kworker/0:1H-kb  0.1     0
2026-09-26T09:31:09+00:00
COMMAND         %CPU   RSS
mysqld          31.8 741916
bench           10.0 46948
nginx            1.1  9600
nginx            1.1  9580
isuride          0.9 15364
systemd-journal  0.8 190616
rsyslogd         0.4  5528
jbd2/sda1-8      0.4     0
kworker/1:1H-kb  0.1     0
2026-09-26T09:31:11+00:00
COMMAND         %CPU   RSS
mysqld          31.8 741572
bench            9.9 52192
isuride          2.5 15284
nginx            1.1  9600
nginx            1.1  9580
systemd-journal  0.8 191796
rsyslogd         0.4  5528
jbd2/sda1-8      0.4     0
kworker/1:1H-kb  0.1     0
2026-09-26T09:31:13+00:00
COMMAND         %CPU   RSS
mysqld          31.9 703048
bench           10.9 53244
isuride          4.3 15484
nginx            1.1  9600
nginx            1.1  9580
systemd-journal  0.8 192788
rsyslogd         0.4  5528
jbd2/sda1-8      0.4     0
kworker/1:1H-kb  0.1     0
2026-09-26T09:31:15+00:00
COMMAND         %CPU   RSS
mysqld          32.0 705156
bench           11.0 53328
isuride          5.8 15564
nginx            1.1  9600
nginx            1.1  9580
systemd-journal  0.8 193800
rsyslogd         0.4  5528
jbd2/sda1-8      0.4     0
kworker/1:1H-kb  0.1     0
2026-09-26T09:31:17+00:00
COMMAND         %CPU   RSS
mysqld          32.1 707328
bench           11.3 57380
isuride          7.1 16448
nginx            1.1  9600
nginx            1.1  9580
systemd-journal  0.8 198280
rsyslogd         0.4  5528
jbd2/sda1-8      0.4     0
kworker/1:1H-kb  0.1     0
2026-09-26T09:31:19+00:00
COMMAND         %CPU   RSS
mysqld          32.2 708464
bench           11.7 63380
isuride          8.3 16380
nginx            1.1  9600
nginx            1.1  9580
systemd-journal  0.8 199572
rsyslogd         0.4  5528
jbd2/sda1-8      0.4     0
kworker/1:1H-kb  0.1     0
2026-09-26T09:31:21+00:00
COMMAND         %CPU   RSS
mysqld          32.3 711604
bench           11.9 68828
isuride          9.6 16660
nginx            1.1  9600
nginx            1.1  9580
systemd-journal  0.8 200868
rsyslogd         0.4  5528
jbd2/sda1-8      0.4     0
kworker/1:1H-kb  0.1     0
2026-09-26T09:31:23+00:00
COMMAND         %CPU   RSS
mysqld          32.4 714240
bench           12.3 71896
isuride         10.7 17224
nginx            1.2  9600
nginx            1.1  9580
systemd-journal  0.8 201856
rsyslogd         0.4  5528
jbd2/sda1-8      0.4     0
kworker/1:1H-kb  0.1     0
2026-09-26T09:31:25+00:00
COMMAND         %CPU   RSS
mysqld          32.6 715392
bench           12.6 79048
isuride         11.7 17352
nginx            1.2  9600
nginx            1.1  9580
systemd-journal  0.8 204596
rsyslogd         0.4  5528
jbd2/sda1-8      0.4     0
kworker/1:1H-kb  0.1     0
2026-09-26T09:31:27+00:00
COMMAND         %CPU   RSS
mysqld          32.7 738776
bench           12.8 84304
isuride         12.5 17420
nginx            1.2  9600
nginx            1.1  9580
systemd-journal  0.8 207820
rsyslogd         0.4  5528
jbd2/sda1-8      0.4     0
kworker/1:1H-kb  0.1     0
2026-09-26T09:31:29+00:00
COMMAND         %CPU   RSS
mysqld          32.8 762372
isuride         13.3 17640
bench           12.8 86452
nginx            1.2  9600
nginx            1.1  9580
systemd-journal  0.8 209280
rsyslogd         0.4  5528
jbd2/sda1-8      0.4     0
kworker/1:1H-kb  0.1     0
2026-09-26T09:31:31+00:00
COMMAND         %CPU   RSS
mysqld          33.0 747456
isuride         14.1 17792
bench           12.9 91680
nginx            1.2  9600
nginx            1.1  9580
systemd-journal  0.8 210468
rsyslogd         0.4  5528
jbd2/sda1-8      0.4     0
kworker/1:1H-kb  0.1     0
2026-09-26T09:31:33+00:00
COMMAND         %CPU   RSS
mysqld          33.1 748212
isuride         14.9 18036
bench           13.0 95132
nginx            1.2  9600
nginx            1.1  9580
systemd-journal  0.8 214360
rsyslogd         0.4  5528
jbd2/sda1-8      0.4     0
kworker/1:1H-kb  0.1     0
2026-09-26T09:31:35+00:00
COMMAND         %CPU   RSS
mysqld          33.2 724012
isuride         15.5 18260
bench           13.2 98020
nginx            1.2  9600
nginx            1.1  9580
systemd-journal  0.8 216396
rsyslogd         0.4  5528
jbd2/sda1-8      0.4     0
kworker/1:1H-kb  0.1     0
2026-09-26T09:31:37+00:00
COMMAND         %CPU   RSS
mysqld          33.4 722060
isuride         16.1 19096
bench           13.1 99252
nginx            1.2  9600
nginx            1.2  9580
systemd-journal  0.8 217772
rsyslogd         0.4  5528
jbd2/sda1-8      0.4     0
kworker/1:1H-kb  0.1     0
2026-09-26T09:31:39+00:00
COMMAND         %CPU   RSS
mysqld          33.5 724136
isuride         16.6 19348
bench           13.1 104664
nginx            1.2  9600
nginx            1.2  9580
systemd-journal  0.8 218996
rsyslogd         0.4  5528
jbd2/sda1-8      0.4     0
kworker/1:1H-kb  0.1     0
2026-09-26T09:31:41+00:00
COMMAND         %CPU   RSS
mysqld          33.6 725268
isuride         16.9 19136
bench           13.2 109136
nginx            1.2  9600
nginx            1.2  9580
systemd-journal  0.8 222540
rsyslogd         0.4  5528
jbd2/sda1-8      0.4     0
kworker/1:1H-kb  0.1     0
2026-09-26T09:31:43+00:00
COMMAND         %CPU   RSS
mysqld          33.8 730312
isuride         17.2 17832
bench           13.2 112484
nginx            1.2  9600
nginx            1.2  9580
systemd-journal  0.8 224740
rsyslogd         0.4  5528
jbd2/sda1-8      0.4     0
kworker/1:1H-kb  0.1     0
2026-09-26T09:31:45+00:00
COMMAND         %CPU   RSS
mysqld          33.9 775348
isuride         17.5 19264
bench           13.2 119472
nginx            1.2  9600
nginx            1.2  9580
systemd-journal  0.8 225732
rsyslogd         0.4  5528
jbd2/sda1-8      0.4     0
kworker/1:1H-kb  0.1     0
2026-09-26T09:31:47+00:00
COMMAND         %CPU   RSS
mysqld          34.1 782784
isuride         17.8 18324
bench           13.2 121008
nginx            1.2  9600
nginx            1.2  9580
systemd-journal  0.8 225752
rsyslogd         0.4  5528
jbd2/sda1-8      0.4     0
kworker/1:1H-kb  0.1     0
2026-09-26T09:31:49+00:00
COMMAND         %CPU   RSS
mysqld          34.2 758692
isuride         18.0 18728
bench           13.1 123644
nginx            1.2  9600
nginx            1.2  9580
systemd-journal  0.8 227132
rsyslogd         0.4  5528
jbd2/sda1-8      0.4     0
kworker/1:1H-kb  0.1     0
2026-09-26T09:31:51+00:00
COMMAND         %CPU   RSS
mysqld          34.4 721520
isuride         18.3 18544
bench           13.1 129116
nginx            1.2  9600
nginx            1.2  9580
systemd-journal  0.8 228536
rsyslogd         0.4  5528
jbd2/sda1-8      0.4     0
kworker/1:1H-kb  0.1     0
2026-09-26T09:31:53+00:00
COMMAND         %CPU   RSS
mysqld          34.5 720848
isuride         18.6 20288
bench           13.2 129220
nginx            1.2  9600
nginx            1.2  9580
systemd-journal  0.8 233064
rsyslogd         0.4  5528
jbd2/sda1-8      0.4     0
kworker/1:1H-kb  0.1     0
2026-09-26T09:31:55+00:00
COMMAND         %CPU   RSS
mysqld          34.6 724052
isuride         18.8 20252
bench           13.2 131776
nginx            1.2  9600
nginx            1.2  9580
systemd-journal  0.9 234920
rsyslogd         0.4  5528
jbd2/sda1-8      0.4     0
kworker/1:1H-kb  0.1     0
2026-09-26T09:31:57+00:00
COMMAND         %CPU   RSS
mysqld          34.8 722136
isuride         19.1 20128
bench           13.2 132280
nginx            1.2  9600
nginx            1.2  9580
systemd-journal  0.9 239052
rsyslogd         0.4  5528
jbd2/sda1-8      0.4     0
kworker/1:1H-kb  0.1     0
2026-09-26T09:31:59+00:00
COMMAND         %CPU   RSS
mysqld          34.9 726332
isuride         19.3 19756
bench           13.2 138996
nginx            1.2  9600
nginx            1.2  9580
systemd-journal  0.9 240480
rsyslogd         0.4  5528
jbd2/sda1-8      0.4     0
kworker/1:1H-kb  0.1     0
2026-09-26T09:32:01+00:00
COMMAND         %CPU   RSS
ps              50.0  3772
mysqld          35.1 772856
isuride         19.4 20860
bench           13.8 139460
nginx            1.2  9636
nginx            1.2  9580
curl             0.9 12304
systemd-journal  0.9 241332
rsyslogd         0.4  5528
2026-09-26T09:32:03+00:00
COMMAND         %CPU   RSS
mysqld          35.2 722032
isuride         19.5 21728
bench           13.9 140200
nginx            1.2  9692
nginx            1.2  9580
systemd-journal  0.9 242572
rsyslogd         0.4  5528
jbd2/sda1-8      0.4     0
kworker/1:1H-kb  0.1     0
2026-09-26T09:32:05+00:00
COMMAND         %CPU   RSS
ps              57.1  3760
mysqld          35.4 721256
isuride         19.6 20708
bench           13.9 145964
nginx            1.3  9708
nginx            1.2  9580
systemd-journal  0.9 244748
rsyslogd         0.4  5528
jbd2/sda1-8      0.4     0
2026-09-26T09:32:08+00:00
COMMAND         %CPU   RSS
mysqld          35.5 746744
isuride         19.7 22256
bench           13.9 146048
nginx            1.3  9712
nginx            1.2  9580
systemd-journal  0.9 245652
rsyslogd         0.4  5528
jbd2/sda1-8      0.4     0
rcu_preempt      0.1     0
2026-09-26T09:32:10+00:00
COMMAND         %CPU   RSS
mysqld          35.7 713516
isuride         19.9 19868
bench           13.8 146052
nginx            1.3  9712
nginx            1.2  9580
systemd-journal  0.9 247036
rsyslogd         0.4  5528
jbd2/sda1-8      0.4     0
rcu_preempt      0.1     0
2026-09-26T09:32:12+00:00
COMMAND         %CPU   RSS
mysqld          35.7 711500
isuride         20.3 18752
bench           13.8 155536
nginx            1.3  9712
nginx            1.2  9580
systemd-journal  0.9 248672
rsyslogd         0.4  5528
jbd2/sda1-8      0.4     0
rcu_preempt      0.1     0
