procs -----------memory---------- ---swap-- -----io---- -system-- -------cpu------- -----timestamp-----
 r  b   swpd   free   buff  cache   si   so    bi    bo   in   cs us sy id wa st gu                 UTC
 5  0      0 2029576  88136 1039168    0    0   405  4158 4605   80 19  7 74  0  0  0 2026-09-26 09:31:07
 8  0      0 1980956  88136 1044104    0    0    96 55272 17651 37983 32 16 38 15  0  0 2026-09-26 09:31:08
14  0      0 1939412  88136 1049920    0    0     0  3668 14973 45972 67 13 20  0  0  0 2026-09-26 09:31:09
 7  0      0 1916696  88136 1045732    0    0     0 14368 21319 61524 37 18 42  3  0  0 2026-09-26 09:31:10
 5  0      0 1880740  88136 1050572    0    0     0  7228 22182 63659 47 20 31  1  0  0 2026-09-26 09:31:11
 1  0      0 1915832  88136 1047316    0    0     0  8108 16788 56205 47 28 22  3  0  0 2026-09-26 09:31:12
 6  0      0 1911880  88136 1048448    0    0     0  9700 21324 70341 51 21 27  1  0  0 2026-09-26 09:31:13
10  0      0 1919720  88136 1050388    0    0     0  9896 24608 78954 39 24 35  3  0  0 2026-09-26 09:31:14
 2  0      0 1919652  88136 1052096    0    0     0 11116 21773 72744 57 24 18  1  0  0 2026-09-26 09:31:15
 1  0      0 1946900  88136 1053416    0    0     0 11444 23762 83093 51 24 24  1  0  0 2026-09-26 09:31:16
 9  0      0 1886968  88136 1054516    0    0     0 12484 18289 66299 57 26 15  2  0  0 2026-09-26 09:31:17
15  0      0 1893780  88136 1061512    0    0     0 14444 21112 78541 57 29 13  2  0  0 2026-09-26 09:31:18
18  0      0 1876224  88136 1057156    0    0     0 14276 18417 65253 64 27  8  2  0  0 2026-09-26 09:31:19
16  0      0 1873284  88136 1060676    0    0     0 16832 20588 72998 61 28 10  1  0  0 2026-09-26 09:31:20
 8  0      0 1889924  88136 1060692    0    0     0 16388 20669 79483 62 31  6  1  0  0 2026-09-26 09:31:21
12  0      0 1856448  88136 1064268    0    0     0 12020 16687 62567 62 31  6  1  0  0 2026-09-26 09:31:22
10  0      0 1879812  88136 1062952    0    0     0 13724 17608 65772 57 33  8  2  0  0 2026-09-26 09:31:23
21  1      0 1830168  88136 1064004    0    0     0 13960 16101 58415 63 31  5  1  0  0 2026-09-26 09:31:24
18  1      0 1829704  88136 1065112    0    0     0 32452 18820 68087 59 33  6  2  0  0 2026-09-26 09:31:25
15  1      0 1847284  88136 1066504    0    0     0 15460 18620 67454 62 30  7  1  0  0 2026-09-26 09:31:26
29  0      0 1854964  88136 1073080    0    0     0 16476 20436 83986 59 34  7  1  0  0 2026-09-26 09:31:27
procs -----------memory---------- ---swap-- -----io---- -system-- -------cpu------- -----timestamp-----
 r  b   swpd   free   buff  cache   si   so    bi    bo   in   cs us sy id wa st gu                 UTC
 6  0      0 1864900  88136 1069352    0    0     0 17200 18195 69913 64 32  4  1  0  0 2026-09-26 09:31:28
 7  0      0 1822984  88136 1074540    0    0     0 15424 16335 66600 67 29  4  1  0  0 2026-09-26 09:31:29
16  0      0 1832744  88136 1072116    0    0     0 18648 19437 75549 62 35  3  1  0  0 2026-09-26 09:31:30
32  0      0 1809524  88136 1076064    0    0     0 17784 18359 67873 67 31  2  1  0  0 2026-09-26 09:31:31
 9  1      0 1835460  88136 1075252    0    0     0 19296 19684 79582 63 36  2  0  0  0 2026-09-26 09:31:32
11  1      0 1815368  88136 1078084    0    0     0 16320 16132 62247 65 34  2  0  0  0 2026-09-26 09:31:33
 7  0      0 1850388  88136 1078048    0    0     0 17248 18023 70738 63 36  1  1  0  0 2026-09-26 09:31:34
31  0      0 1822904  88136 1079060    0    0     0 19588 14902 54777 66 34  0  0  0  0 2026-09-26 09:31:35
45  1      0 1815608  88136 1091700    0    0     0 22896 20377 77345 60 34  4  2  0  0 2026-09-26 09:31:36
13  0      0 1794556  88136 1081804    0    0     0 18728 17583 66113 66 32  2  1  0  0 2026-09-26 09:31:37
15  0      0 1762464  88136 1088920    0    0     0 18660 18163 70836 67 29  3  1  0  0 2026-09-26 09:31:38
24  0      0 1772052  88136 1084596    0    0     0 18584 16700 70595 67 30  3  1  0  0 2026-09-26 09:31:39
13  0      0 1766316  88136 1087440    0    0     0 17200 15103 58604 70 29  1  0  0  0 2026-09-26 09:31:40
26  0      0 1769928  88136 1088028    0    0     0 41100 17813 70627 66 30  3  1  0  0 2026-09-26 09:31:41
17  0      0 1765632  88136 1090436    0    0     0 14136 17887 57908 75 25  0  0  0  0 2026-09-26 09:31:42
 3  2      0 1780484  88136 1090320    0    0     0 15080 20286 79829 66 29  4  1  0  0 2026-09-26 09:31:43
 9  1      0 1735380  88136 1091592    0    0     0 14132 19196 71105 69 28  3  0  0  0 2026-09-26 09:31:44
11  1      0 1736848  88136 1102736    0    0     0 15540 17765 70323 69 29  2  1  0  0 2026-09-26 09:31:45
 5  1      0 1749492  88136 1093180    0    0     0 14008 15456 63882 70 27  2  1  0  0 2026-09-26 09:31:46
14  0      0 1722864  88136 1101392    0    0     0 13944 16209 67128 68 30  2  0  0  0 2026-09-26 09:31:47
40  0      0 1720360  88136 1095052    0    0     0 15552 17722 72995 68 29  3  1  0  0 2026-09-26 09:31:48
procs -----------memory---------- ---swap-- -----io---- -system-- -------cpu------- -----timestamp-----
 r  b   swpd   free   buff  cache   si   so    bi    bo   in   cs us sy id wa st gu                 UTC
13  1      0 1701772  88136 1100860    0    0     0 13472 15801 61655 74 25  1  0  0  0 2026-09-26 09:31:49
30  0      0 1757580  88136 1097668    0    0     0 16940 17313 74804 65 30  5  1  0  0 2026-09-26 09:31:50
 3  0      0 1721196  88136 1099700    0    0     0 23604 13862 58789 71 27  2  1  0  0 2026-09-26 09:31:51
20  0      0 1735956  88136 1100764    0    0     0 11672 15251 55604 60 33  6  1  0  0 2026-09-26 09:31:52
55  1      0 1710888  88136 1103320    0    0     0 12564 16553 52035 70 29  0  0  0  0 2026-09-26 09:31:53
37  0      0 1756212  88136 1111376    0    0     0 14808 17245 64368 68 29  2  1  0  0 2026-09-26 09:31:54
 5  0      0 1745736  88136 1103964    0    0     0 14436 14395 55197 73 26  1  0  0  0 2026-09-26 09:31:55
17  1      0 1745900  88136 1115588    0    0     0 37780 16589 62451 67 31  1  1  0  0 2026-09-26 09:31:56
20  0      0 1760756  88136 1108728    0    0     0 15048 17600 60633 69 30  1  1  0  0 2026-09-26 09:31:57
16  0      0 1721996  88136 1116132    0    0     0 14696 15851 57070 70 28  2  1  0  0 2026-09-26 09:31:58
23  0      0 1702120  88136 1110904    0    0     0 16624 16696 63870 67 31  2  0  0  0 2026-09-26 09:31:59
73  0      0 1677704  88136 1116740    0    0     0 13584 14210 50067 70 28  1  1  0  0 2026-09-26 09:32:00
56  1      0 1683704  88136 1115344    0    0     0  2964 4575 13956 69 31  0  0  0  0 2026-09-26 09:32:01
28  0      0 1712856  88136 1118056    0    0     0  1364 1496 5281 57 39  4  0  0  0 2026-09-26 09:32:02
50  1      0 1740396  88136 1114240    0    0     0  5764 6453 23970 72 28  0  0  0  0 2026-09-26 09:32:03
20  0      0 1722152  88136 1115216    0    0     0 13952 16595 55709 73 27  0  0  0  0 2026-09-26 09:32:04
14  1      0 1734780  88136 1117004    0    0     0 17496 18131 68857 69 30  2  0  0  0 2026-09-26 09:32:05
22  0      0 1697220  88136 1133512    0    0     0 10860 5678 19873 69 31  0  0  0  0 2026-09-26 09:32:06
11  0      0 1664836  88136 1123000    0    0     0  5340 6113 22734 70 30  0  0  0  0 2026-09-26 09:32:07
22  0      0 1678964  88136 1126012    0    0     0 16500 17425 64867 71 29  1  1  0  0 2026-09-26 09:32:08
 5  0      0 1739208  88136 1120656    0    0     0  1716 20020 87688 69 23  8  0  0  0 2026-09-26 09:32:09
procs -----------memory---------- ---swap-- -----io---- -system-- -------cpu------- -----timestamp-----
 r  b   swpd   free   buff  cache   si   so    bi    bo   in   cs us sy id wa st gu                 UTC
12  0      0 1743400  88136 1121392    0    0     0   764 11823 50329 63 26 12  0  0  0 2026-09-26 09:32:10
10  1      0 1740704  88136 1122648    0    0     0 24816 19829 82488 61 28 11  0  0  0 2026-09-26 09:32:11
12  0      0 1742284  88136 1126196    0    0     0   748 22159 95340 62 23 15  0  0  0 2026-09-26 09:32:12
