2026-09-26T08:54:11+00:00
COMMAND         %CPU   RSS
mysqld          76.2 585932
nginx            1.4  9340
nginx            1.3  9468
snapd            0.7 39932
systemd-journal  0.5 40880
jbd2/sda1-8      0.4     0
systemd          0.4 13036
rsyslogd         0.2  5776
isuride          0.2 10156
2026-09-26T08:54:13+00:00
COMMAND         %CPU   RSS
mysqld          76.4 655560
bench            9.0 50464
nginx            1.4  9340
nginx            1.3  9468
isuride          1.0 15356
snapd            0.7 39932
systemd-journal  0.5 41336
jbd2/sda1-8      0.4     0
systemd          0.4 13036
2026-09-26T08:54:15+00:00
COMMAND         %CPU   RSS
mysqld          76.7 641404
curl            14.2 12324
bench            8.4 53124
isuride          2.2 15304
nginx            1.4  9340
nginx            1.3  9468
snapd            0.7 39932
systemd-journal  0.5 42072
jbd2/sda1-8      0.4     0
2026-09-26T08:54:17+00:00
COMMAND         %CPU   RSS
mysqld          77.2 620284
bench            8.3 53476
isuride          3.3 15916
nginx            1.4  9340
nginx            1.3  9468
snapd            0.7 39932
systemd-journal  0.5 42892
jbd2/sda1-8      0.4     0
systemd          0.4 13036
2026-09-26T08:54:19+00:00
COMMAND         %CPU   RSS
mysqld          77.8 619376
bench            8.2 58976
isuride          4.2 15932
nginx            1.4  9340
nginx            1.3  9468
snapd            0.7 39932
systemd-journal  0.5 43588
jbd2/sda1-8      0.5     0
systemd          0.4 13036
2026-09-26T08:54:21+00:00
COMMAND         %CPU   RSS
mysqld          78.4 619440
bench            8.1 62956
isuride          5.0 16424
nginx            1.4  9340
nginx            1.3  9468
snapd            0.7 39932
systemd-journal  0.5 44288
jbd2/sda1-8      0.5     0
systemd          0.4 13036
2026-09-26T08:54:23+00:00
COMMAND         %CPU   RSS
mysqld          78.9 620148
bench            8.1 67292
isuride          5.7 16796
nginx            1.4  9340
nginx            1.4  9468
snapd            0.7 39932
systemd-journal  0.5 44852
jbd2/sda1-8      0.5     0
systemd          0.4 13036
2026-09-26T08:54:25+00:00
COMMAND         %CPU   RSS
mysqld          79.5 620252
bench            8.0 69896
isuride          6.3 16324
nginx            1.4  9340
nginx            1.4  9468
snapd            0.7 39932
systemd-journal  0.5 45476
jbd2/sda1-8      0.5     0
systemd          0.4 13036
2026-09-26T08:54:27+00:00
COMMAND         %CPU   RSS
mysqld          80.0 620528
bench            7.9 70452
isuride          6.8 16696
nginx            1.4  9340
nginx            1.4  9468
snapd            0.7 39932
systemd-journal  0.5 46100
jbd2/sda1-8      0.5     0
systemd          0.4 13036
2026-09-26T08:54:29+00:00
COMMAND         %CPU   RSS
mysqld          80.6 620576
bench            7.9 76672
isuride          7.3 17024
nginx            1.4  9340
nginx            1.4  9468
snapd            0.7 39932
systemd-journal  0.5 46700
jbd2/sda1-8      0.5     0
systemd          0.4 13036
2026-09-26T08:54:31+00:00
COMMAND         %CPU   RSS
mysqld          81.1 621888
bench            7.8 79096
isuride          7.6 17196
nginx            1.4  9340
nginx            1.4  9468
snapd            0.7 39932
systemd-journal  0.5 49624
jbd2/sda1-8      0.5     0
systemd          0.4 13036
2026-09-26T08:54:33+00:00
COMMAND         %CPU   RSS
mysqld          81.7 651124
isuride          8.0 17332
bench            7.7 79616
nginx            1.4  9340
nginx            1.4  9468
snapd            0.7 39932
systemd-journal  0.6 50416
jbd2/sda1-8      0.5     0
systemd          0.4 13036
2026-09-26T08:54:35+00:00
COMMAND         %CPU   RSS
mysqld          82.2 623852
isuride          8.2 17716
bench            7.6 85104
nginx            1.4  9340
nginx            1.4  9468
snapd            0.7 39932
systemd-journal  0.6 50948
jbd2/sda1-8      0.5     0
systemd          0.4 13036
2026-09-26T08:54:37+00:00
COMMAND         %CPU   RSS
mysqld          82.8 622008
isuride          8.5 18284
bench            7.5 85344
nginx            1.5  9340
nginx            1.4  9468
snapd            0.7 39932
systemd-journal  0.6 51488
jbd2/sda1-8      0.5     0
systemd          0.4 13036
2026-09-26T08:54:39+00:00
COMMAND         %CPU   RSS
mysqld          83.3 622108
isuride          8.8 18504
bench            7.6 90180
nginx            1.5  9340
nginx            1.4  9468
snapd            0.7 39932
systemd-journal  0.6 51976
jbd2/sda1-8      0.5     0
systemd          0.4 13036
2026-09-26T08:54:41+00:00
COMMAND         %CPU   RSS
mysqld          83.8 622556
isuride          9.1 18264
bench            7.6 91376
nginx            1.5  9340
nginx            1.4  9468
snapd            0.7 39932
systemd-journal  0.6 52504
jbd2/sda1-8      0.5     0
systemd          0.4 13036
2026-09-26T08:54:43+00:00
COMMAND         %CPU   RSS
mysqld          84.3 622612
isuride          9.3 18952
bench            7.6 96348
curl             3.8 12320
nginx            1.5  9340
nginx            1.4  9468
snapd            0.7 39932
systemd-journal  0.6 53008
jbd2/sda1-8      0.5     0
2026-09-26T08:54:45+00:00
COMMAND         %CPU   RSS
mysqld          84.8 622644
isuride          9.5 19132
bench            7.5 96368
curl             2.5 12308
nginx            1.5  9340
nginx            1.4  9468
snapd            0.7 39932
systemd-journal  0.6 53524
jbd2/sda1-8      0.5     0
2026-09-26T08:54:47+00:00
COMMAND         %CPU   RSS
mysqld          85.3 622440
isuride          9.7 18908
bench            7.5 102984
nginx            1.5  9340
nginx            1.4  9468
snapd            0.7 39932
systemd-journal  0.6 54012
jbd2/sda1-8      0.5     0
systemd          0.4 13036
2026-09-26T08:54:49+00:00
COMMAND         %CPU   RSS
mysqld          85.8 638520
isuride          9.8 18448
bench            7.5 103008
nginx            1.5  9340
nginx            1.4  9468
snapd            0.7 39932
systemd-journal  0.6 54512
jbd2/sda1-8      0.5     0
systemd          0.4 13036
2026-09-26T08:54:51+00:00
COMMAND         %CPU   RSS
mysqld          86.3 656540
isuride         10.0 18700
bench            7.5 109484
curl             4.1 12324
nginx            1.5  9340
nginx            1.4  9468
snapd            0.7 39932
systemd-journal  0.6 59104
jbd2/sda1-8      0.5     0
2026-09-26T08:54:53+00:00
COMMAND         %CPU   RSS
mysqld          86.8 664764
isuride         10.1 19096
bench            7.5 109816
curl             6.2 12312
nginx            1.5  9340
nginx            1.5  9468
snapd            0.7 39932
systemd-journal  0.6 59572
jbd2/sda1-8      0.5     0
2026-09-26T08:54:55+00:00
COMMAND         %CPU   RSS
mysqld          87.3 643884
isuride         10.3 19500
bench            7.5 111280
nginx            1.5  9344
nginx            1.5  9468
snapd            0.6 39932
systemd-journal  0.6 60012
jbd2/sda1-8      0.5     0
systemd          0.4 13036
2026-09-26T08:54:57+00:00
COMMAND         %CPU   RSS
mysqld          87.8 624884
isuride         10.4 19164
bench            7.5 119124
nginx            1.5  9348
nginx            1.5  9468
snapd            0.6 39932
systemd-journal  0.6 62796
jbd2/sda1-8      0.5     0
systemd          0.4 13036
2026-09-26T08:54:59+00:00
COMMAND         %CPU   RSS
mysqld          88.3 623044
isuride         10.5 19340
bench            7.5 119212
curl             4.1 12316
nginx            1.5  9360
nginx            1.5  9468
snapd            0.6 39932
systemd-journal  0.6 63320
jbd2/sda1-8      0.5     0
2026-09-26T08:55:01+00:00
COMMAND         %CPU   RSS
mysqld          88.7 623132
isuride         10.6 19012
bench            7.5 119788
nginx            1.5  9368
nginx            1.5  9468
snapd            0.6 39932
systemd-journal  0.6 63816
jbd2/sda1-8      0.5     0
systemd          0.4 13036
2026-09-26T08:55:03+00:00
COMMAND         %CPU   RSS
mysqld          89.2 623180
isuride         10.8 19252
bench            7.5 127972
nginx            1.5  9368
nginx            1.5  9468
snapd            0.6 39932
systemd-journal  0.6 64236
jbd2/sda1-8      0.5     0
systemd          0.4 13036
2026-09-26T08:55:05+00:00
COMMAND         %CPU   RSS
mysqld          89.6 623064
isuride         10.9 19456
bench            7.6 128012
nginx            1.5  9368
nginx            1.5  9468
snapd            0.6 39932
systemd-journal  0.6 64628
jbd2/sda1-8      0.5     0
systemd          0.4 13036
2026-09-26T08:55:07+00:00
COMMAND         %CPU   RSS
mysqld          90.0 642268
isuride         11.0 19448
bench            7.5 128228
curl             5.0 12324
nginx            1.5  9420
nginx            1.5  9468
snapd            0.6 39932
systemd-journal  0.6 66976
jbd2/sda1-8      0.5     0
2026-09-26T08:55:09+00:00
COMMAND         %CPU   RSS
mysqld          90.5 669872
isuride         11.1 20348
bench            7.6 135324
nginx            1.5  9464
nginx            1.5  9468
snapd            0.6 39932
systemd-journal  0.6 67508
jbd2/sda1-8      0.5     0
systemd          0.4 13036
2026-09-26T08:55:11+00:00
COMMAND         %CPU   RSS
mysqld          90.9 640148
isuride         11.2 20612
bench            7.6 136360
nginx            1.6  9484
nginx            1.5  9468
snapd            0.6 39932
systemd-journal  0.6 67920
jbd2/sda1-8      0.5     0
systemd          0.3 13036
2026-09-26T08:55:14+00:00
COMMAND         %CPU   RSS
mysqld          91.3 623156
isuride         11.2 19308
bench            7.6 136428
nginx            1.6  9488
nginx            1.5  9468
snapd            0.6 39932
systemd-journal  0.6 68448
jbd2/sda1-8      0.5     0
systemd          0.3 13036
2026-09-26T08:55:16+00:00
COMMAND         %CPU   RSS
mysqld          91.8 623100
isuride         11.3 18236
bench            7.5 136436
nginx            1.6  9488
nginx            1.5  9468
systemd-journal  0.6 69016
snapd            0.6 39932
jbd2/sda1-8      0.5     0
systemd          0.3 13036
