procs -----------memory---------- ---swap-- -----io---- -system-- -------cpu------- -----timestamp-----
 r  b   swpd   free   buff  cache   si   so    bi    bo   in   cs us sy id wa st gu                 UTC
 3  0      0 830220 168452 2248384    0    0  1131 16615 6281   82 36  9 54  1  0  0 2026-09-26 08:54:11
12  0      0 755868 168456 2246244    0    0     0 40620 16120 34530 36 12 41 11  0  0 2026-09-26 08:54:12
12  0      0 716056 168456 2252132    0    0     0  4000 14562 46296 75 12 12  1  0  0 2026-09-26 08:54:13
 1  0      0 707812 168456 2247900    0    0     0  7312 18900 61000 63 15 21  1  0  0 2026-09-26 08:54:14
17  0      0 668812 168456 2251704    0    0     0  8932 18847 61354 69 20 11  1  0  0 2026-09-26 08:54:15
16  1      0 702540 168456 2249900    0    0     0 12016 16738 59289 73 19  7  1  0  0 2026-09-26 08:54:16
20  1      0 706164 168456 2250768    0    0     0 11932 14880 52383 80 19  2  0  0  0 2026-09-26 08:54:17
 8  0      0 745132 168456 2251452    0    0     0 11300 16526 56154 76 19  4  1  0  0 2026-09-26 08:54:18
15  0      0 715448 168456 2252080    0    0     0 10716 14392 47836 82 16  1  1  0  0 2026-09-26 08:54:19
14  0      0 740712 168456 2252748    0    0     0 13308 15064 55189 79 20  2  0  0  0 2026-09-26 08:54:20
27  1      0 721248 168456 2253564    0    0     0 12140 12614 45096 81 19  1  0  0  0 2026-09-26 08:54:21
36  0      0 704800 168456 2260892    0    0     0 14168 14792 48106 78 20  2  1  0  0 2026-09-26 08:54:22
34  0      0 730128 168456 2254868    0    0     0 11928 14513 46980 81 19  1  0  0  0 2026-09-26 08:54:23
23  0      0 657552 168456 2261300    0    0     0 12688 13143 43048 82 17  1  0  0  0 2026-09-26 08:54:24
31  0      0 730620 168456 2257796    0    0     0 11068 13155 44858 81 19  0  0  0  0 2026-09-26 08:54:25
37  0      0 675212 168460 2260656    0    0     0 11396 13968 47090 80 19  1  0  0  0 2026-09-26 08:54:26
25  0      0 726264 168460 2259136    0    0     0 11076 13958 46183 81 19  1  0  0  0 2026-09-26 08:54:27
19  1      0 683228 168460 2259784    0    0     0 18540 13904 43800 81 19  0  0  0  0 2026-09-26 08:54:28
29  0      0 703496 168460 2260388    0    0     0 13940 13830 46938 78 20  2  1  0  0 2026-09-26 08:54:29
42  0      0 719400 168460 2261108    0    0     0 12216 13775 43758 82 18  1  0  0  0 2026-09-26 08:54:30
42  0      0 694364 168460 2267292    0    0     0 13156 14677 46670 81 18  2  0  0  0 2026-09-26 08:54:31
procs -----------memory---------- ---swap-- -----io---- -system-- -------cpu------- -----timestamp-----
 r  b   swpd   free   buff  cache   si   so    bi    bo   in   cs us sy id wa st gu                 UTC
33  1      0 716864 168460 2262384    0    0     0 10740 13043 43471 80 18  1  1  0  0 2026-09-26 08:54:32
50  0      0 681860 168460 2273060    0    0     0 13212 13698 47403 82 19  0  0  0  0 2026-09-26 08:54:33
27  0      0 656448 168460 2264748    0    0     0 10892 12810 41903 81 18  0  0  0  0 2026-09-26 08:54:34
51  1      0 656432 168460 2266600    0    0     0 12028 13690 41970 82 18  0  0  0  0 2026-09-26 08:54:35
43  1      0 706404 168460 2265980    0    0     0 12216 13516 48009 81 19  0  0  0  0 2026-09-26 08:54:36
48  0      0 653528 168460 2266568    0    0     0 10844 11572 36541 82 18  0  0  0  0 2026-09-26 08:54:37
46  0      0 683488 168460 2267100    0    0     0 10176 11373 38173 78 22  0  0  0  0 2026-09-26 08:54:38
47  1      0 634036 168464 2267828    0    0     0 12296 11910 39465 83 18  0  0  0  0 2026-09-26 08:54:39
11  0      0 641544 168464 2275072    0    0     0 11760 12875 42470 79 20  1  0  0  0 2026-09-26 08:54:40
37  0      0 640624 168464 2268956    0    0     0 10880 12530 39147 79 21  0  0  0  0 2026-09-26 08:54:41
29  0      0 616524 168464 2278536    0    0     0 11216 12564 41800 81 19  0  0  0  0 2026-09-26 08:54:42
52  0      0 682236 168464 2270060    0    0     0 21536 12493 38346 82 18  1  0  0  0 2026-09-26 08:54:43
24  0      0 620988 168464 2275608    0    0     0 11236 11942 38601 82 18  0  0  0  0 2026-09-26 08:54:44
47  0      0 662224 168464 2271352    0    0     0 10052 11152 37709 82 19  0  0  0  0 2026-09-26 08:54:45
31  0      0 612944 168468 2274368    0    0     0  9408 10844 36056 83 18  0  0  0  0 2026-09-26 08:54:46
19  0      0 659556 168468 2273828    0    0     0 10856 11962 39236 79 21  1  0  0  0 2026-09-26 08:54:47
54  0      0 673552 168468 2274408    0    0     0  8728 10014 32545 85 15  0  0  0  0 2026-09-26 08:54:48
64  0      0 657752 168468 2284612    0    0     0 18628 12724 40327 79 21  0  0  0  0 2026-09-26 08:54:49
43  0      0 646656 168468 2282608    0    0     0  9700 11131 36079 82 19  0  0  0  0 2026-09-26 08:54:50
54  0      0 615424 168468 2289684    0    0     0 10024 11888 38528 83 17  1  0  0  0 2026-09-26 08:54:51
44  1      0 638788 168468 2283960    0    0     0  9640 13249 40760 82 18  0  0  0  0 2026-09-26 08:54:52
procs -----------memory---------- ---swap-- -----io---- -system-- -------cpu------- -----timestamp-----
 r  b   swpd   free   buff  cache   si   so    bi    bo   in   cs us sy id wa st gu                 UTC
29  0      0 583508 168468 2286972    0    0     0  7996 10494 33285 83 17  0  0  0  0 2026-09-26 08:54:53
55  0      0 654804 168468 2284900    0    0     0 10380 12693 42581 84 16  0  0  0  0 2026-09-26 08:54:54
54  0      0 586756 168468 2286656    0    0     0 13024 12590 38348 82 17  0  0  0  0 2026-09-26 08:54:55
38  0      0 591616 168468 2288892    0    0     0 12084 13492 43962 81 19  0  0  0  0 2026-09-26 08:54:56
31  0      0 551248 168468 2293556    0    0     0 11044 11640 37837 82 18  0  0  0  0 2026-09-26 08:54:57
28  1      0 612960 168468 2295968    0    0     0 24008 12515 40864 82 18  1  0  0  0 2026-09-26 08:54:58
29  1      0 609600 168468 2290712    0    0     0 11076 11730 35850 83 17  0  0  0  0 2026-09-26 08:54:59
30  0      0 609996 168468 2296424    0    0     0 11748 13029 43515 81 18  0  0  0  0 2026-09-26 08:55:00
54  0      0 634432 168472 2291764    0    0    12 11256 12210 37982 81 19  0  0  0  0 2026-09-26 08:55:01
61  1      0 586612 168472 2296436    0    0     0  9920 11649 37051 84 16  0  0  0  0 2026-09-26 08:55:02
34  0      0 579756 168472 2292880    0    0     0  7868 9773 30606 81 19  0  0  0  0 2026-09-26 08:55:03
65  0      0 581864 168472 2300204    0    0     0  8596 11579 35633 81 19  0  0  0  0 2026-09-26 08:55:04
49  0      0 617220 168472 2293860    0    0     0  8104 11040 33113 80 19  1  0  0  0 2026-09-26 08:55:05
35  0      0 550360 168472 2294248    0    0     0  8952 11365 34331 82 18  0  0  0  0 2026-09-26 08:55:06
53  0      0 614432 168472 2298148    0    0     0  9832 11717 38011 81 19  0  0  0  0 2026-09-26 08:55:07
28  0      0 524172 168472 2295268    0    0     0  8036 10848 31117 81 19  0  0  0  0 2026-09-26 08:55:08
18  1      0 528656 168472 2304264    0    0     0  9280 11828 35912 83 18  0  0  0  0 2026-09-26 08:55:09
46  0      0 583996 168472 2297044    0    0     0 10064 11200 32763 80 19  1  0  0  0 2026-09-26 08:55:10
21  0      0 536144 168472 2303868    0    0     0  9508 11189 33304 82 18  0  0  0  0 2026-09-26 08:55:11
51  0      0 608828 168472 2298864    0    0     0  9848 12918 39227 84 16  0  0  0  0 2026-09-26 08:55:12
34  0      0 616412 168472 2299516    0    0     0  1704 9750 33971 88 11  1  0  0  0 2026-09-26 08:55:13
procs -----------memory---------- ---swap-- -----io---- -system-- -------cpu------- -----timestamp-----
 r  b   swpd   free   buff  cache   si   so    bi    bo   in   cs us sy id wa st gu                 UTC
11  0      0 610408 168472 2299940    0    0     0 13604 10064 34226 88 11  1  0  0  0 2026-09-26 08:55:14
30  0      0 613660 168472 2300436    0    0     0   736 8889 30297 89 11  0  0  0  0 2026-09-26 08:55:15
51  0      0 613464 168472 2300896    0    0     0   756 9945 34531 90 10  1  0  0  0 2026-09-26 08:55:16
