2026-09-26T15:21:34+00:00
COMMAND         %CPU   RSS
mysqld          15.8 1084032
nginx            0.9 15448
nginx            0.9 14888
systemd-journal  0.5 307660
rsyslogd         0.2  5240
jbd2/sda1-8      0.2     0
kworker/1:1H-kb  0.1     0
kworker/0:1H-kb  0.1     0
rcu_preempt      0.1     0
2026-09-26T15:21:36+00:00
COMMAND         %CPU   RSS
mysqld          15.8 1085708
bench           10.5 52400
isuride          1.1 15188
nginx            0.9 15448
nginx            0.9 14888
systemd-journal  0.5 308616
rsyslogd         0.2  5240
jbd2/sda1-8      0.2     0
kworker/1:1H-kb  0.1     0
2026-09-26T15:21:38+00:00
COMMAND         %CPU   RSS
mysqld          15.8 1086776
bench           15.2 71272
isuride          3.4 16052
nginx            0.9 15448
nginx            0.9 14888
systemd-journal  0.5 166172
rsyslogd         0.2  5240
jbd2/sda1-8      0.2     0
kworker/1:1H-kb  0.1     0
2026-09-26T15:21:40+00:00
COMMAND         %CPU   RSS
bench           18.6 104908
mysqld          15.8 1089364
isuride          6.1 16548
nginx            0.9 15448
nginx            0.9 14888
systemd-journal  0.5 168120
rsyslogd         0.2  5240
jbd2/sda1-8      0.2     0
kworker/1:1H-kb  0.1     0
2026-09-26T15:21:42+00:00
COMMAND         %CPU   RSS
bench           21.4 131728
mysqld          15.8 1092592
isuride          8.3 17908
nginx            0.9 15448
nginx            0.9 14888
systemd-journal  0.5 172720
rsyslogd         0.2  5240
jbd2/sda1-8      0.2     0
kworker/1:1H-kb  0.1     0
2026-09-26T15:21:44+00:00
COMMAND         %CPU   RSS
bench           21.9 160392
mysqld          15.8 1096240
isuride         10.5 19096
nginx            0.9 15448
nginx            0.9 14888
systemd-journal  0.5 176200
rsyslogd         0.2  5240
jbd2/sda1-8      0.2     0
kworker/1:1H-kb  0.1     0
2026-09-26T15:21:46+00:00
COMMAND         %CPU   RSS
bench           22.3 179564
mysqld          15.8 1099668
isuride         12.4 19216
nginx            0.9 15448
nginx            0.9 14888
systemd-journal  0.5 180948
rsyslogd         0.2  5240
jbd2/sda1-8      0.2     0
kworker/1:1H-kb  0.1     0
2026-09-26T15:21:49+00:00
COMMAND         %CPU   RSS
bench           22.4 193800
mysqld          15.8 1103932
isuride         14.0 21500
nginx            0.9 15448
nginx            0.9 14888
systemd-journal  0.5 183240
rsyslogd         0.2  5240
jbd2/sda1-8      0.2     0
kworker/1:1H-kb  0.1     0
2026-09-26T15:21:51+00:00
COMMAND         %CPU   RSS
bench           22.4 197860
mysqld          15.8 1105448
isuride         15.5 22656
curl             9.0 12300
nginx            0.9 15448
nginx            0.9 14888
systemd-journal  0.5 190036
rsyslogd         0.2  5240
jbd2/sda1-8      0.2     0
2026-09-26T15:21:53+00:00
COMMAND         %CPU   RSS
bench           22.3 211460
isuride         16.9 23216
mysqld          15.8 1109712
nginx            0.9 15448
nginx            0.9 14888
systemd-journal  0.5 192996
rsyslogd         0.2  5240
jbd2/sda1-8      0.2     0
kworker/1:1H-kb  0.1     0
2026-09-26T15:21:55+00:00
COMMAND         %CPU   RSS
bench           22.3 218672
isuride         18.1 24292
mysqld          15.8 1113292
curl             6.2 12588
nginx            0.9 15448
nginx            0.9 14888
systemd-journal  0.5 197924
rsyslogd         0.2  5240
jbd2/sda1-8      0.2     0
2026-09-26T15:21:57+00:00
COMMAND         %CPU   RSS
bench           22.4 233952
isuride         19.1 24708
mysqld          15.8 1116472
curl             6.6 12324
nginx            0.9 15448
nginx            0.9 14888
systemd-journal  0.5 200800
rsyslogd         0.2  5240
jbd2/sda1-8      0.2     0
2026-09-26T15:21:59+00:00
COMMAND         %CPU   RSS
bench           22.3 238040
isuride         20.2 24536
mysqld          15.8 1118508
nginx            0.9 15448
nginx            0.9 14888
systemd-journal  0.5 201408
rsyslogd         0.2  5240
jbd2/sda1-8      0.2     0
kworker/1:1H-kb  0.1     0
2026-09-26T15:22:01+00:00
COMMAND         %CPU   RSS
bench           22.4 250936
isuride         21.2 24760
mysqld          15.9 1120880
nginx            0.9 15448
nginx            0.9 14888
systemd-journal  0.5 201408
rsyslogd         0.2  5240
jbd2/sda1-8      0.2     0
kworker/1:1H-kb  0.1     0
2026-09-26T15:22:03+00:00
COMMAND         %CPU   RSS
bench           22.4 264352
isuride         22.0 27368
mysqld          15.9 1123432
curl             5.2 12324
nginx            0.9 15448
nginx            0.9 14888
systemd-journal  0.5 201408
rsyslogd         0.2  5240
jbd2/sda1-8      0.2     0
2026-09-26T15:22:05+00:00
COMMAND         %CPU   RSS
isuride         22.8 27924
bench           22.4 275564
mysqld          15.9 1127716
nginx            0.9 15448
nginx            0.9 14888
systemd-journal  0.5 201408
rsyslogd         0.2  5240
jbd2/sda1-8      0.2     0
kworker/1:1H-kb  0.1     0
2026-09-26T15:22:07+00:00
COMMAND         %CPU   RSS
isuride         23.5 28900
bench           22.5 284416
mysqld          15.9 1128076
curl             4.0 12324
nginx            0.9 15448
nginx            0.9 14888
systemd-journal  0.5 201408
rsyslogd         0.2  5240
jbd2/sda1-8      0.2     0
2026-09-26T15:22:09+00:00
COMMAND         %CPU   RSS
isuride         24.2 29064
bench           22.6 301572
mysqld          15.9 1129348
nginx            0.9 15448
nginx            0.9 14888
systemd-journal  0.5 201408
rsyslogd         0.2  5240
jbd2/sda1-8      0.2     0
kworker/1:1H-kb  0.1     0
2026-09-26T15:22:11+00:00
COMMAND         %CPU   RSS
isuride         24.8 29184
bench           22.6 303776
mysqld          15.9 1130520
nginx            0.9 15448
nginx            0.9 14888
systemd-journal  0.5 201408
rsyslogd         0.2  5240
jbd2/sda1-8      0.2     0
kworker/1:1H-kb  0.1     0
2026-09-26T15:22:13+00:00
COMMAND         %CPU   RSS
isuride         25.3 31896
bench           22.7 321656
mysqld          15.9 1132732
curl             2.7 12324
nginx            0.9 15448
nginx            0.9 14888
systemd-journal  0.5 201408
rsyslogd         0.2  5240
jbd2/sda1-8      0.2     0
2026-09-26T15:22:15+00:00
COMMAND         %CPU   RSS
isuride         25.7 32792
bench           22.8 337036
mysqld          15.9 1133836
nginx            0.9 15448
nginx            0.9 14888
systemd-journal  0.5 201408
rsyslogd         0.2  5240
jbd2/sda1-8      0.2     0
kworker/1:1H-kb  0.1     0
2026-09-26T15:22:17+00:00
COMMAND         %CPU   RSS
isuride         26.1 33880
bench           22.9 346736
mysqld          15.9 1135692
nginx            0.9 15448
nginx            0.9 14888
systemd-journal  0.5 202384
rsyslogd         0.2  5240
jbd2/sda1-8      0.2     0
kworker/1:1H-kb  0.1     0
2026-09-26T15:22:19+00:00
COMMAND         %CPU   RSS
isuride         26.6 35912
bench           22.9 367992
mysqld          15.9 1136580
nginx            0.9 15448
nginx            0.9 14888
systemd-journal  0.5 208400
rsyslogd         0.2  5260
jbd2/sda1-8      0.2     0
kworker/1:1H-kb  0.1     0
2026-09-26T15:22:21+00:00
COMMAND         %CPU   RSS
isuride         26.9 34880
bench           23.0 388528
mysqld          15.9 1137628
nginx            0.9 15448
nginx            0.9 15172
systemd-journal  0.5 210312
rsyslogd         0.2  5260
jbd2/sda1-8      0.2     0
kworker/1:1H-kb  0.1     0
2026-09-26T15:22:23+00:00
COMMAND         %CPU   RSS
isuride         27.2 37368
bench           23.0 390712
mysqld          15.9 1138904
nginx            0.9 15448
nginx            0.9 15384
systemd-journal  0.5 213296
rsyslogd         0.2  5260
jbd2/sda1-8      0.2     0
kworker/1:1H-kb  0.1     0
2026-09-26T15:22:25+00:00
COMMAND         %CPU   RSS
isuride         27.5 36096
bench           23.0 421140
mysqld          16.0 1138924
curl             5.2 12308
nginx            0.9 15448
nginx            0.9 15628
systemd-journal  0.5 218272
rsyslogd         0.2  5240
jbd2/sda1-8      0.2     0
2026-09-26T15:22:27+00:00
COMMAND         %CPU   RSS
isuride         27.9 36336
bench           23.0 422404
mysqld          16.0 1139788
curl             2.2 12356
nginx            0.9 15448
nginx            0.9 16036
systemd-journal  0.5 220208
rsyslogd         0.2  5240
jbd2/sda1-8      0.2     0
2026-09-26T15:22:29+00:00
COMMAND         %CPU   RSS
isuride         28.1 39300
bench           23.0 426444
mysqld          16.0 1139792
nginx            0.9 15476
nginx            0.9 16244
systemd-journal  0.5 220768
rsyslogd         0.2  5240
jbd2/sda1-8      0.2     0
kworker/1:1H-kb  0.1     0
2026-09-26T15:22:31+00:00
COMMAND         %CPU   RSS
isuride         28.3 41072
bench           23.1 453188
mysqld          16.0 1140440
curl             1.3 12324
nginx            0.9 15680
nginx            0.9 16504
systemd-journal  0.5 220768
rsyslogd         0.2  5240
jbd2/sda1-8      0.2     0
2026-09-26T15:22:33+00:00
COMMAND         %CPU   RSS
isuride         28.6 41132
bench           23.1 454832
mysqld          16.0 1140572
nginx            0.9 15972
nginx            0.9 16740
systemd-journal  0.5 220768
rsyslogd         0.2  5240
jbd2/sda1-8      0.2     0
kworker/1:1H-kb  0.1     0
2026-09-26T15:22:35+00:00
COMMAND         %CPU   RSS
isuride         28.8 42752
bench           23.2 457116
mysqld          16.0 1140708
curl             2.1 12324
nginx            0.9 16368
nginx            0.9 16896
systemd-journal  0.5 220768
rsyslogd         0.2  5240
jbd2/sda1-8      0.2     0
2026-09-26T15:22:37+00:00
COMMAND         %CPU   RSS
isuride         29.1 34692
bench           23.1 458136
mysqld          16.0 1140720
nginx            0.9 16392
nginx            0.9 16980
systemd-journal  0.5 220768
rsyslogd         0.2  5240
jbd2/sda1-8      0.2     0
kworker/1:1H-kb  0.1     0
2026-09-26T15:22:39+00:00
COMMAND         %CPU   RSS
isuride         29.4 33344
bench           23.0 458160
mysqld          16.0 1140824
nginx            0.9 16392
nginx            0.9 16980
systemd-journal  0.5 220768
rsyslogd         0.2  5240
jbd2/sda1-8      0.2     0
kworker/1:1H-kb  0.1     0
