procs -----------memory---------- ---swap-- -----io---- -system-- -------cpu------- -----timestamp-----
 r  b   swpd   free   buff  cache   si   so    bi    bo   in   cs us sy id wa st gu                 UTC
 2  0      0 577524  69364 2103184    0    0    77  2822 2910   53 11  5 84  0  0  0 2026-09-26 15:21:34
 8  0      0 552156  69368 2102692    0    0   348 63728 18578 40099 32 12 41 15  0  0 2026-09-26 15:21:35
 0  0      0 543156  69368 2103964    0    0     0 14760 28340 82448 23 22 51  3  0  0 2026-09-26 15:21:36
 5  1      0 536088  69368 2105352    0    0     0 18864 28744 97356 34 25 38  2  0  0 2026-09-26 15:21:37
 7  0      0 510116  69444 2118952    0    0   692 37300 25799 102093 43 41 13  3  0  0 2026-09-26 15:21:38
 4  0      0 485536  69444 2122820    0    0     0 26684 25647 111762 50 39 10  1  0  0 2026-09-26 15:21:39
11  1      0 460300  69444 2125164    0    0     4 26092 24543 113301 53 40  6  1  0  0 2026-09-26 15:21:40
32  0      0 446048  69444 2127712    0    0     0 27592 22336 105524 53 43  3  1  0  0 2026-09-26 15:21:41
11  0      0 421008  69444 2132904    0    0     0 34324 22248 103179 57 41  1  1  0  0 2026-09-26 15:21:42
 7  0      0 401448  69444 2135240    0    0     0 28064 22143 98187 57 41  2  1  0  0 2026-09-26 15:21:43
13  1      0 382608  69444 2137796    0    0     0 26968 21866 98891 57 41  1  1  0  0 2026-09-26 15:21:44
14  0      0 368808  69444 2140268    0    0    24 28920 20411 98199 57 42  2  0  0  0 2026-09-26 15:21:45
25  0      0 347640  69444 2143708    0    0     0 27908 21118 98888 58 41  0  0  0  0 2026-09-26 15:21:46
67  0      0 341340  69444 2146012    0    0     0 28964 22524 98588 58 41  1  0  0  0 2026-09-26 15:21:47
 8  1      0 325992  69448 2148296    0    0     0 50724 20959 95803 55 44  1  0  0  0 2026-09-26 15:21:48
33  0      0 316196  69448 2150584    0    0     0 30628 21047 97136 57 42  1  1  0  0 2026-09-26 15:21:49
14  1      0 307936  69448 2155768    0    0     0 32132 21409 98518 58 42  1  0  0  0 2026-09-26 15:21:50
25  1      0 291336  69448 2158156    0    0     0 29632 21119 97165 57 42  1  1  0  0 2026-09-26 15:21:51
27  0      0 286264  69448 2160616    0    0     0 39212 21257 97193 57 42  1  0  0  0 2026-09-26 15:21:52
 9  1      0 277024  69448 2164756    0    0     0 30044 21112 93693 57 40  2  2  0  0 2026-09-26 15:21:53
50  0      0 264968  69448 2167160    0    0     0 28688 20947 94146 57 40  2  1  0  0 2026-09-26 15:21:54
procs -----------memory---------- ---swap-- -----io---- -system-- -------cpu------- -----timestamp-----
 r  b   swpd   free   buff  cache   si   so    bi    bo   in   cs us sy id wa st gu                 UTC
12  0      0 262360  69448 2171568    0    0     0 30436 21594 96386 56 41  3  1  0  0 2026-09-26 15:21:55
57  1      0 240228  69448 2174040    0    0     0 28896 19950 95711 58 40  2  1  0  0 2026-09-26 15:21:56
21  0      0 241004  69448 2176160    0    0     0 28848 21711 97650 56 42  1  1  0  0 2026-09-26 15:21:57
46  0      0 230516  69448 2177560    0    0     0 49664 19790 97172 58 41  1  0  0  0 2026-09-26 15:21:58
26  0      0 214108  69448 2179272    0    0     0 23608 21235 95537 59 40  1  1  0  0 2026-09-26 15:21:59
50  0      0 206712  69448 2180776    0    0     0 28776 20834 99135 56 43  1  0  0  0 2026-09-26 15:22:00
19  0      0 200048  69448 2182428    0    0     0 26700 22455 105159 55 42  2  1  0  0 2026-09-26 15:22:01
59  1      0 191940  69448 2183848    0    0     0 28076 20009 96621 60 39  1  1  0  0 2026-09-26 15:22:02
48  0      0 186668  69448 2185664    0    0     0 29944 20888 98102 60 39  1  0  0  0 2026-09-26 15:22:03
15  0      0 177284  69448 2186888    0    0     0 27236 21544 97247 58 41  2  1  0  0 2026-09-26 15:22:04
46  0      0 159440  69448 2189008    0    0     0 29664 20040 93669 60 39  1  1  0  0 2026-09-26 15:22:05
 5  0      0 155584  69448 2189912    0    0     0 28916 21391 96440 59 41  1  0  0  0 2026-09-26 15:22:06
11  0      0 153132  69448 2191528    0    0     0 28268 19995 94133 59 41  1  1  0  0 2026-09-26 15:22:07
40  0      0 133004  69448 2194484    0    0     0 32388 21108 93604 58 41  1  0  0  0 2026-09-26 15:22:08
53  0      0 130736  69448 2196732    0    0     0 25396 21021 94935 59 39  1  1  0  0 2026-09-26 15:22:09
34  0      0 123448  69448 2198616    0    0     0 27976 21711 93656 57 41  2  0  0  0 2026-09-26 15:22:10
42  0      0  97256  69452 2201576    0    0    16 26788 19385 94964 58 40  1  1  0  0 2026-09-26 15:22:11
35  0      0  94536  69452 2204096    0    0     4 25416 19037 93500 61 39  1  0  0  0 2026-09-26 15:22:12
46  0      0  89272  69456 2205472    0    0     0 35616 20459 89787 58 40  1  0  0  0 2026-09-26 15:22:13
14  0      0  78240  69456 2207892    0    0     0 26504 20992 91347 61 39  0  0  0  0 2026-09-26 15:22:14
30  0      0 114828  68360 2163260    0    0     0 24748 17571 88954 60 40  1  0  0  0 2026-09-26 15:22:15
procs -----------memory---------- ---swap-- -----io---- -system-- -------cpu------- -----timestamp-----
 r  b   swpd   free   buff  cache   si   so    bi    bo   in   cs us sy id wa st gu                 UTC
53  0      0 102788  68360 2165676    0    0     0 26488 19778 90733 61 39  0  0  0  0 2026-09-26 15:22:16
20  0      0 107096  68360 2168292    0    0     0 26740 20137 95002 62 38  0  0  0  0 2026-09-26 15:22:17
51  0      0  85992  68360 2170980    0    0     0 25912 21606 91688 61 39  1  0  0  0 2026-09-26 15:22:18
25  1      0  87968  68324 2138008    0    0    16 27932 21125 88669 62 37  0  0  0  0 2026-09-26 15:22:19
50  1      0  88880  68324 2140420    0    0     0 24668 20173 83675 64 36  0  1  0  0 2026-09-26 15:22:20
13  0      0  76132  68324 2143332    0    0     0 41884 18404 90173 61 39  0  0  0  0 2026-09-26 15:22:21
59  0      0  71592  68324 2145656    0    0     0 28980 20249 92143 60 40  1  0  0  0 2026-09-26 15:22:22
20  1      0  79248  68304 2121016    0    0     0 33804 19056 82869 62 38  1  0  0  0 2026-09-26 15:22:23
51  0      0  97752  68284 2095372    0    0     0 25908 19169 87337 64 36  1  0  0  0 2026-09-26 15:22:24
10  0      0  83568  68284 2099260    0    0     4 29236 20846 89404 59 41  0  1  0  0 2026-09-26 15:22:25
42  0      0  77836  68284 2102268    0    0     0 26656 20732 89660 59 40  1  0  0  0 2026-09-26 15:22:26
22  1      0  75128  68284 2104392    0    0     0 26860 20612 90058 63 36  1  0  0  0 2026-09-26 15:22:27
14  0      0  70748  68284 2106092    0    0     0 25524 19468 91012 63 38  0  0  0  0 2026-09-26 15:22:28
30  0      0  98064  68284 2052568    0    0     0 23824 18029 83999 64 36  1  0  0  0 2026-09-26 15:22:29
47  0      0  94240  68284 2054504    0    0     0 24924 19724 88740 61 38  0  0  0  0 2026-09-26 15:22:30
17  2      0  93432  68284 2056032    0    0     0 43900 19314 90523 63 37  1  0  0  0 2026-09-26 15:22:31
50  1      0  87948  68284 2058108    0    0     0 26140 19904 86653 61 39  0  0  0  0 2026-09-26 15:22:32
52  0      0  84324  68284 2059556    0    0     0 29888 21009 90051 64 36  1  0  0  0 2026-09-26 15:22:33
43  0      0  80660  68284 2061376    0    0     4 25724 18236 87578 64 36  0  1  0  0 2026-09-26 15:22:34
20  0      0  75184  68284 2063256    0    0     0 22960 20024 90187 63 37  1  0  0  0 2026-09-26 15:22:35
35  0      0  80884  68284 2064476    0    0     0 19116 19993 102363 62 38  0  0  0  0 2026-09-26 15:22:36
procs -----------memory---------- ---swap-- -----io---- -system-- -------cpu------- -----timestamp-----
 r  b   swpd   free   buff  cache   si   so    bi    bo   in   cs us sy id wa st gu                 UTC
30  0      0  83892  68284 2065732    0    0     0  6680 16752 117253 65 34  1  0  0  0 2026-09-26 15:22:37
10  0      0  82984  68284 2067068    0    0     0  3636 17060 113058 68 30  2  0  0  0 2026-09-26 15:22:38
39  0      0  79100  68288 2068240    0    0     0  7576 21580 113152 68 31  2  0  0  0 2026-09-26 15:22:39
