2026-09-26T10:04:01+00:00
COMMAND         %CPU   RSS
mysqld          54.0 1003288
nginx            1.9  9712
nginx            1.9  9696
systemd-journal  1.4 284160
jbd2/sda1-8      0.8     0
rsyslogd         0.7  5532
rcu_preempt      0.3     0
kworker/0:1H-kb  0.3     0
kworker/1:1H-kb  0.2     0
2026-09-26T10:04:03+00:00
COMMAND         %CPU   RSS
mysqld          54.0 1030900
bench           10.0 49228
nginx            1.9  9712
nginx            1.9  9696
systemd-journal  1.4 284448
jbd2/sda1-8      0.8     0
rsyslogd         0.7  5532
isuride          0.7 15056
rcu_preempt      0.3     0
2026-09-26T10:04:05+00:00
COMMAND         %CPU   RSS
mysqld          54.0 1031436
bench           11.4 52296
isuride          2.7 15548
nginx            1.9  9712
nginx            1.9  9696
systemd-journal  1.4 285384
jbd2/sda1-8      0.8     0
rsyslogd         0.7  5532
rcu_preempt      0.3     0
2026-09-26T10:04:07+00:00
COMMAND         %CPU   RSS
mysqld          54.0 1031948
bench           11.4 54900
isuride          4.3 15972
nginx            1.9  9712
nginx            1.9  9696
systemd-journal  1.4 289632
jbd2/sda1-8      0.8     0
rsyslogd         0.7  5532
rcu_preempt      0.3     0
2026-09-26T10:04:09+00:00
COMMAND         %CPU   RSS
mysqld          54.1 1032780
bench           11.4 60548
isuride          5.8 16028
nginx            1.9  9712
nginx            1.9  9696
systemd-journal  1.4 291356
jbd2/sda1-8      0.8     0
rsyslogd         0.7  5532
rcu_preempt      0.3     0
2026-09-26T10:04:11+00:00
COMMAND         %CPU   RSS
mysqld          54.1 1034144
bench           11.2 63196
isuride          7.1 16076
nginx            1.9  9712
nginx            1.9  9696
systemd-journal  1.4 292600
jbd2/sda1-8      0.8     0
rsyslogd         0.7  5532
rcu_preempt      0.3     0
2026-09-26T10:04:13+00:00
COMMAND         %CPU   RSS
mysqld          54.1 1036148
bench           11.5 68736
curl            11.1 12312
isuride          8.4 16728
nginx            1.9  9712
nginx            1.9  9696
systemd-journal  1.4 293744
jbd2/sda1-8      0.8     0
rsyslogd         0.7  5532
2026-09-26T10:04:15+00:00
COMMAND         %CPU   RSS
mysqld          54.2 1038252
bench           11.6 70500
isuride          9.5 16680
nginx            1.9  9712
nginx            1.9  9696
systemd-journal  1.4 298248
jbd2/sda1-8      0.8     0
rsyslogd         0.7  5532
rcu_preempt      0.3     0
2026-09-26T10:04:17+00:00
COMMAND         %CPU   RSS
mysqld          54.2 1041380
curl            20.0 12304
bench           11.8 74164
isuride         10.5 16560
nginx            1.9  9712
nginx            1.9  9696
systemd-journal  1.5 300112
jbd2/sda1-8      0.8     0
rsyslogd         0.7  5532
2026-09-26T10:04:19+00:00
COMMAND         %CPU   RSS
mysqld          54.2 1043364
bench           12.1 80104
isuride         11.4 17020
nginx            1.9  9712
nginx            1.9  9696
systemd-journal  1.5 301400
jbd2/sda1-8      0.8     0
rsyslogd         0.7  5532
rcu_preempt      0.3     0
2026-09-26T10:04:21+00:00
COMMAND         %CPU   RSS
mysqld          54.3 1045916
bench           12.2 87468
isuride         12.2 17236
nginx            1.9  9712
nginx            1.9  9696
systemd-journal  1.5 302568
jbd2/sda1-8      0.8     0
rsyslogd         0.7  5532
rcu_preempt      0.3     0
2026-09-26T10:04:23+00:00
COMMAND         %CPU   RSS
mysqld          54.3 1049408
isuride         12.9 17948
bench           12.6 90384
nginx            1.9  9712
nginx            1.9  9696
systemd-journal  1.5 306008
jbd2/sda1-8      0.8     0
rsyslogd         0.7  5532
rcu_preempt      0.3     0
2026-09-26T10:04:25+00:00
COMMAND         %CPU   RSS
mysqld          54.4 1052404
isuride         13.5 17464
bench           12.8 97200
nginx            1.9  9712
nginx            1.9  9696
systemd-journal  1.5 308096
jbd2/sda1-8      0.8     0
rsyslogd         0.7  5532
rcu_preempt      0.3     0
2026-09-26T10:04:27+00:00
COMMAND         %CPU   RSS
mysqld          54.4 1056632
isuride         14.1 17724
bench           12.9 98200
nginx            1.9  9712
nginx            1.9  9696
systemd-journal  1.5 166240
jbd2/sda1-8      0.8     0
rsyslogd         0.7  5532
rcu_preempt      0.3     0
2026-09-26T10:04:29+00:00
COMMAND         %CPU   RSS
mysqld          54.4 1059304
isuride         14.7 17640
bench           13.1 100212
nginx            1.9  9712
nginx            1.9  9696
systemd-journal  1.5 167264
jbd2/sda1-8      0.8     0
rsyslogd         0.7  5532
rcu_preempt      0.3     0
2026-09-26T10:04:31+00:00
COMMAND         %CPU   RSS
mysqld          54.5 1060664
isuride         15.2 17632
bench           13.1 107020
curl            12.5 12088
nginx            1.9  9712
nginx            1.9  9696
systemd-journal  1.5 168560
jbd2/sda1-8      0.8     0
rsyslogd         0.7  5532
2026-09-26T10:04:33+00:00
COMMAND         %CPU   RSS
mysqld          54.5 1062340
isuride         15.6 17836
bench           13.2 110556
nginx            1.9  9712
nginx            1.9  9696
systemd-journal  1.5 169756
jbd2/sda1-8      0.8     0
rsyslogd         0.7  5532
rcu_preempt      0.3     0
2026-09-26T10:04:35+00:00
COMMAND         %CPU   RSS
mysqld          54.6 1063912
isuride         15.9 18620
bench           13.2 111100
nginx            1.9  9712
nginx            1.9  9696
systemd-journal  1.5 173632
jbd2/sda1-8      0.8     0
rsyslogd         0.7  5532
rcu_preempt      0.3     0
2026-09-26T10:04:37+00:00
COMMAND         %CPU   RSS
mysqld          54.6 1061984
isuride         16.3 18820
bench           13.2 113228
curl             9.0 12128
nginx            1.9  9712
nginx            1.9  9696
systemd-journal  1.5 175696
jbd2/sda1-8      0.8     0
rsyslogd         0.7  5532
2026-09-26T10:04:39+00:00
COMMAND         %CPU   RSS
mysqld          54.6 1062332
isuride         16.6 18368
bench           13.2 116308
nginx            1.9  9712
nginx            1.9  9696
systemd-journal  1.5 177020
jbd2/sda1-8      0.8     0
rsyslogd         0.7  5532
rcu_preempt      0.3     0
2026-09-26T10:04:41+00:00
COMMAND         %CPU   RSS
mysqld          54.7 1065580
isuride         16.8 19892
bench           13.1 120568
nginx            1.9  9712
nginx            1.9  9696
systemd-journal  1.5 180136
jbd2/sda1-8      0.8     0
rsyslogd         0.7  5532
rcu_preempt      0.3     0
2026-09-26T10:04:43+00:00
COMMAND         %CPU   RSS
mysqld          54.7 1067316
isuride         17.0 18424
bench           13.1 121076
nginx            1.9  9712
nginx            1.9  9696
systemd-journal  1.5 182000
jbd2/sda1-8      0.8     0
rsyslogd         0.7  5532
rcu_preempt      0.3     0
2026-09-26T10:04:45+00:00
COMMAND         %CPU   RSS
mysqld          54.8 1069356
isuride         17.3 18788
bench           13.1 126464
nginx            1.9  9712
nginx            1.9  9696
systemd-journal  1.5 183112
jbd2/sda1-8      0.8     0
rsyslogd         0.7  5532
rcu_preempt      0.3     0
2026-09-26T10:04:47+00:00
COMMAND         %CPU   RSS
mysqld          54.8 1070592
isuride         17.6 18292
bench           13.1 133292
nginx            1.9  9712
nginx            1.9  9696
systemd-journal  1.5 184400
jbd2/sda1-8      0.8     0
rsyslogd         0.7  5532
rcu_preempt      0.3     0
2026-09-26T10:04:49+00:00
COMMAND         %CPU   RSS
mysqld          54.9 1071604
isuride         17.7 18964
bench           13.1 133304
nginx            1.9  9712
nginx            1.9  9696
systemd-journal  1.5 189116
jbd2/sda1-8      0.8     0
rsyslogd         0.7  5532
rcu_preempt      0.3     0
2026-09-26T10:04:51+00:00
COMMAND         %CPU   RSS
mysqld          54.9 1069944
isuride         18.0 19376
bench           13.2 139644
nginx            1.9  9712
nginx            1.9  9696
systemd-journal  1.5 191744
jbd2/sda1-8      0.8     0
rsyslogd         0.7  5532
rcu_preempt      0.3     0
2026-09-26T10:04:53+00:00
COMMAND         %CPU   RSS
mysqld          55.0 1070112
isuride         18.2 19284
bench           13.1 139760
nginx            1.9  9712
nginx            1.9  9696
systemd-journal  1.5 192412
jbd2/sda1-8      0.8     0
rsyslogd         0.7  5532
rcu_preempt      0.3     0
2026-09-26T10:04:55+00:00
COMMAND         %CPU   RSS
mysqld          55.0 1068188
isuride         18.4 19368
bench           13.1 144904
nginx            1.9  9712
nginx            1.9  9696
systemd-journal  1.5 192496
jbd2/sda1-8      0.8     0
rsyslogd         0.7  5532
rcu_preempt      0.3     0
2026-09-26T10:04:57+00:00
COMMAND         %CPU   RSS
mysqld          55.1 1068100
isuride         18.6 20404
bench           13.1 145124
nginx            1.9  9712
nginx            1.9  9696
systemd-journal  1.5 193628
jbd2/sda1-8      0.8     0
rsyslogd         0.7  5532
rcu_preempt      0.3     0
2026-09-26T10:04:59+00:00
COMMAND         %CPU   RSS
mysqld          55.1 1070264
isuride         18.7 20384
bench           13.1 151080
nginx            1.9  9712
nginx            1.9  9696
systemd-journal  1.5 195984
jbd2/sda1-8      0.8     0
rsyslogd         0.7  5532
rcu_preempt      0.3     0
2026-09-26T10:05:01+00:00
COMMAND         %CPU   RSS
mysqld          55.2 1069224
isuride         18.9 19496
bench           13.1 151352
nginx            1.9  9712
nginx            1.9  9696
systemd-journal  1.5 199340
jbd2/sda1-8      0.8     0
rsyslogd         0.7  5532
rcu_preempt      0.3     0
2026-09-26T10:05:03+00:00
COMMAND         %CPU   RSS
mysqld          55.2 1065292
isuride         19.1 18248
bench           13.1 158024
nginx            1.9  9712
nginx            1.9  9696
systemd-journal  1.5 201188
jbd2/sda1-8      0.8     0
rsyslogd         0.8  5532
rcu_preempt      0.3     0
2026-09-26T10:05:05+00:00
COMMAND         %CPU   RSS
mysqld          55.2 1065312
isuride         19.3 18076
bench           13.0 158036
nginx            1.9  9712
nginx            1.9  9696
systemd-journal  1.5 202880
jbd2/sda1-8      0.8     0
rsyslogd         0.8  5532
rcu_preempt      0.3     0
