procs -----------memory---------- ---swap-- -----io---- -system-- -------cpu------- -----timestamp-----
 r  b   swpd   free   buff  cache   si   so    bi    bo   in   cs us sy id wa st gu                 UTC
 5  0      0 448636  89124 2294656    0    0   170  7038 7530  134 30 13 57  1  0  0 2026-09-26 10:04:01
 0  1      0 395896  89124 2293724    0    0     0 52496 12932 26503 29 20 37 13  0  0 2026-09-26 10:04:02
 4  0      0 378256  89124 2294412    0    0     0  6196 14872 44350 74 14 12  1  0  0 2026-09-26 10:04:03
 6  0      0 383752  89124 2294984    0    0     0  6004 19262 58202 47 19 32  2  0  0 2026-09-26 10:04:04
 2  0      0 390380  89124 2295728    0    0     0 11420 17702 59114 48 26 24  2  0  0 2026-09-26 10:04:05
15  0      0 389028  89124 2296536    0    0     0 10612 19470 67151 60 23 16  1  0  0 2026-09-26 10:04:06
 2  0      0 383244  89124 2297556    0    0     0  9368 23877 80072 48 21 31  1  0  0 2026-09-26 10:04:07
 2  0      0 379140  89124 2298552    0    0     0 10608 23630 83605 51 23 24  1  0  0 2026-09-26 10:04:08
14  0      0 375112  89124 2299460    0    0     0 11840 19449 70294 55 25 19  2  0  0 2026-09-26 10:04:09
 5  0      0 373264  89124 2300520    0    0     0 37196 20667 75930 54 26 18  2  0  0 2026-09-26 10:04:10
10  0      0 367724  89124 2301916    0    0     0 16400 21016 77346 56 27 16  2  0  0 2026-09-26 10:04:11
 9  0      0 362724  89124 2303004    0    0     0 14984 20284 76082 58 29 11  2  0  0 2026-09-26 10:04:12
18  1      0 354688  89124 2304148    0    0     0 17048 20793 76493 63 26  9  2  0  0 2026-09-26 10:04:13
10  0      0 351916  89124 2305152    0    0     0 16928 19525 72639 63 28  7  1  0  0 2026-09-26 10:04:14
24  1      0 349836  89124 2307400    0    0     0 17864 20848 78567 62 27 10  1  0  0 2026-09-26 10:04:15
 9  0      0 344344  89124 2308608    0    0     0 17292 19404 73941 66 28  5  1  0  0 2026-09-26 10:04:16
 9  0      0 343792  89124 2309916    0    0     0 17612 19650 79396 62 32  5  1  0  0 2026-09-26 10:04:17
 6  0      0 335740  89124 2311024    0    0     0 18172 20355 76451 61 29  8  2  0  0 2026-09-26 10:04:18
16  0      0 328508  89124 2312300    0    0     0 15804 20299 77857 63 30  6  1  0  0 2026-09-26 10:04:19
 8  0      0 323972  89124 2315624    0    0     0 48320 19174 70697 64 32  4  1  0  0 2026-09-26 10:04:20
26  0      0 312136  89124 2316912    0    0     0 20920 19491 74706 62 29  8  2  0  0 2026-09-26 10:04:21
procs -----------memory---------- ---swap-- -----io---- -system-- -------cpu------- -----timestamp-----
 r  b   swpd   free   buff  cache   si   so    bi    bo   in   cs us sy id wa st gu                 UTC
23  0      0 308860  89124 2317964    0    0     0 15312 16048 61784 65 30  3  2  0  0 2026-09-26 10:04:22
14  0      0 304580  89124 2318768    0    0     0 14736 14312 49715 64 29  4  3  0  0 2026-09-26 10:04:23
23  0      0 301936  89124 2319636    0    0     0 12436 15038 51142 63 30  4  3  0  0 2026-09-26 10:04:24
24  0      0 291604  89124 2320504    0    0     0 32316 15736 57503 67 28  4  2  0  0 2026-09-26 10:04:25
 6  0      0 293572  89124 2322212    0    0     0 13404 16009 64763 64 28  6  2  0  0 2026-09-26 10:04:26
40  1      0 273676  89124 2334540    0    0     0 14704 17209 61636 62 34  3  2  0  0 2026-09-26 10:04:27
43  0      0 267184  89124 2335624    0    0     0 21528 15043 54839 62 33  4  2  0  0 2026-09-26 10:04:28
16  0      0 262148  89124 2336572    0    0     0 14040 16560 62989 65 28  5  2  0  0 2026-09-26 10:04:29
 5  0      0 266212  89124 2338144    0    0     0 15732 17145 65648 67 27  5  2  0  0 2026-09-26 10:04:30
 8  0      0 259980  89124 2339428    0    0     0 16124 19280 75253 62 29  8  2  0  0 2026-09-26 10:04:31
12  0      0 253684  89124 2340576    0    0     0 15116 16939 64387 70 25  4  1  0  0 2026-09-26 10:04:32
15  1      0 245628  89124 2341564    0    0     0 16144 17207 70054 62 29  8  2  0  0 2026-09-26 10:04:33
23  0      0 242868  89124 2342488    0    0     0 13972 15328 58702 72 25  2  1  0  0 2026-09-26 10:04:34
27  0      0 239140  89124 2346312    0    0     0 20224 16360 64136 61 31  6  2  0  0 2026-09-26 10:04:35
30  0      0 241088  89124 2347336    0    0     0 17868 17243 62416 68 27  4  1  0  0 2026-09-26 10:04:36
47  0      0 237896  89124 2348348    0    0     0 15668 16734 65824 69 27  3  1  0  0 2026-09-26 10:04:37
15  0      0 234116  89124 2349528    0    0     0 15372 19401 70084 68 25  7  1  0  0 2026-09-26 10:04:38
 8  0      0 230364  89124 2350592    0    0     0 14260 17511 67669 66 28  5  1  0  0 2026-09-26 10:04:39
10  1      0 228356  89124 2351728    0    0     0 15560 17232 65042 63 29  6  2  0  0 2026-09-26 10:04:40
23  0      0 223376  89128 2352764    0    0     0 32032 15802 57388 73 21  5  1  0  0 2026-09-26 10:04:41
12  0      0 219624  89128 2353772    0    0     0 14304 17189 63327 72 25  3  1  0  0 2026-09-26 10:04:42
procs -----------memory---------- ---swap-- -----io---- -system-- -------cpu------- -----timestamp-----
 r  b   swpd   free   buff  cache   si   so    bi    bo   in   cs us sy id wa st gu                 UTC
15  0      0 219120  89128 2354660    0    0     0 13840 17791 64275 72 22  4  1  0  0 2026-09-26 10:04:43
18  0      0 212316  89128 2355704    0    0     0 12720 16652 62326 68 28  4  1  0  0 2026-09-26 10:04:44
 8  0      0 209048  89128 2356824    0    0     0 13192 17582 62361 73 23  3  1  0  0 2026-09-26 10:04:45
12  1      0 206276  89128 2357904    0    0     0 15460 18183 68365 65 29  5  1  0  0 2026-09-26 10:04:46
42  0      0 202496  89128 2359036    0    0     0 14344 17659 65979 73 24  3  1  0  0 2026-09-26 10:04:47
32  0      0 200304  89128 2360056    0    0     0 13496 16329 62277 69 26  4  1  0  0 2026-09-26 10:04:48
13  0      0 197212  89128 2364020    0    0     0 13052 15592 57761 71 26  3  1  0  0 2026-09-26 10:04:49
23  0      0 191224  89128 2364924    0    0     0 12872 15308 57811 69 27  3  1  0  0 2026-09-26 10:04:50
25  0      0 180180  89128 2365932    0    0     0 18600 16510 61105 68 27  4  1  0  0 2026-09-26 10:04:51
26  1      0 178808  89128 2366960    0    0     0 17144 18000 63515 69 26  5  1  0  0 2026-09-26 10:04:52
18  0      0 177844  89128 2367648    0    0     0 15072 18068 66344 71 26  3  1  0  0 2026-09-26 10:04:53
11  0      0 173644  89128 2368212    0    0     0 13148 14997 59863 71 27  2  1  0  0 2026-09-26 10:04:54
15  0      0 177696  89128 2369908    0    0     0 15588 16843 64934 68 27  4  1  0  0 2026-09-26 10:04:55
 9  0      0 176924  89128 2370844    0    0     0 28800 15781 57013 69 27  4  1  0  0 2026-09-26 10:04:56
18  0      0 172416  89128 2371852    0    0     0 15504 14924 59184 70 28  1  1  0  0 2026-09-26 10:04:57
40  0      0 168580  89128 2374868    0    0     0 12960 15492 57649 74 24  2  1  0  0 2026-09-26 10:04:58
29  0      0 168664  89128 2375656    0    0     0 12520 14497 54300 71 25  3  1  0  0 2026-09-26 10:04:59
11  0      0 161148  89128 2376928    0    0     0 15012 16881 64358 73 25  2  1  0  0 2026-09-26 10:05:00
10  0      0 159876  89128 2378044    0    0     0 14620 16017 62533 70 26  4  1  0  0 2026-09-26 10:05:01
31  0      0 158168  89128 2379096    0    0     0 15668 16694 64896 70 26  3  1  0  0 2026-09-26 10:05:02
22  0      0 154640  89128 2380372    0    0     0  4704 14812 72168 78 19  3  0  0  0 2026-09-26 10:05:03
procs -----------memory---------- ---swap-- -----io---- -system-- -------cpu------- -----timestamp-----
 r  b   swpd   free   buff  cache   si   so    bi    bo   in   cs us sy id wa st gu                 UTC
36  0      0 156708  89128 2381800    0    0     0  1076 17676 79800 69 21 10  0  0  0 2026-09-26 10:05:04
 4  0      0 153936  89128 2383040    0    0     0  1044 18526 83849 69 20 12  0  0  0 2026-09-26 10:05:05
16  0      0 147644  89128 2384628    0    0     0  5132 18855 86238 70 21  8  0  0  0 2026-09-26 10:05:06
 8  0      0 144620  89128 2385912    0    0     0  4284 18896 85103 67 20 13  0  0  0 2026-09-26 10:05:07
