2026-09-26T10:20:27+00:00
COMMAND         %CPU   RSS
mysqld          50.9 1038432
nginx            1.8  9820
nginx            1.8  9928
systemd-journal  1.4 182728
jbd2/sda1-8      0.7     0
rsyslogd         0.7  5592
isuride          0.2 10240
rcu_preempt      0.2     0
kworker/1:1H-kb  0.2     0
2026-09-26T10:20:29+00:00
COMMAND         %CPU   RSS
mysqld          50.9 1042160
bench            9.5 51724
nginx            1.8  9820
nginx            1.8  9928
systemd-journal  1.4 183172
isuride          1.0 14868
jbd2/sda1-8      0.7     0
rsyslogd         0.7  5592
rcu_preempt      0.2     0
2026-09-26T10:20:31+00:00
COMMAND         %CPU   RSS
mysqld          50.9 1042544
bench            8.4 54152
isuride          2.3 15016
nginx            1.8  9820
nginx            1.8  9928
systemd-journal  1.4 184092
jbd2/sda1-8      0.7     0
rsyslogd         0.7  5592
rcu_preempt      0.2     0
2026-09-26T10:20:33+00:00
COMMAND         %CPU   RSS
mysqld          50.9 1043148
bench            8.7 54324
isuride          3.7 15236
nginx            1.8  9820
nginx            1.8  9928
systemd-journal  1.4 188832
jbd2/sda1-8      0.7     0
rsyslogd         0.7  5592
rcu_preempt      0.2     0
2026-09-26T10:20:35+00:00
COMMAND         %CPU   RSS
mysqld          51.0 1044240
bench            8.9 55464
isuride          5.2 15672
nginx            1.8  9820
nginx            1.8  9928
systemd-journal  1.4 191196
jbd2/sda1-8      0.7     0
rsyslogd         0.7  5592
rcu_preempt      0.2     0
2026-09-26T10:20:37+00:00
COMMAND         %CPU   RSS
mysqld          51.0 1045224
bench            9.4 59068
isuride          6.6 15960
nginx            1.8  9820
nginx            1.8  9928
systemd-journal  1.4 192564
jbd2/sda1-8      0.7     0
rsyslogd         0.7  5592
rcu_preempt      0.2     0
2026-09-26T10:20:39+00:00
COMMAND         %CPU   RSS
mysqld          51.0 1047376
bench           10.1 64884
isuride          7.9 16576
nginx            1.8  9820
nginx            1.8  9928
systemd-journal  1.4 193888
jbd2/sda1-8      0.7     0
rsyslogd         0.7  5592
rcu_preempt      0.2     0
2026-09-26T10:20:41+00:00
COMMAND         %CPU   RSS
mysqld          51.0 1049956
bench           10.8 74640
isuride          9.1 16608
nginx            1.8  9820
nginx            1.8  9928
systemd-journal  1.4 198444
jbd2/sda1-8      0.7     0
rsyslogd         0.7  5592
rcu_preempt      0.2     0
2026-09-26T10:20:43+00:00
COMMAND         %CPU   RSS
mysqld          51.0 1052596
bench           11.4 85084
isuride         10.3 16444
nginx            1.8  9820
nginx            1.8  9928
systemd-journal  1.4 200520
jbd2/sda1-8      0.7     0
rsyslogd         0.7  5592
rcu_preempt      0.2     0
2026-09-26T10:20:45+00:00
COMMAND         %CPU   RSS
mysqld          51.1 1055332
bench           11.7 93672
isuride         11.3 16732
nginx            1.8  9820
nginx            1.8  9928
systemd-journal  1.4 202236
jbd2/sda1-8      0.7     0
rsyslogd         0.7  5592
rcu_preempt      0.2     0
2026-09-26T10:20:47+00:00
COMMAND         %CPU   RSS
mysqld          51.1 1061652
isuride         12.3 17168
bench           12.1 100376
nginx            1.8  9820
nginx            1.8  9928
systemd-journal  1.4 207196
jbd2/sda1-8      0.7     0
rsyslogd         0.7  5592
rcu_preempt      0.2     0
2026-09-26T10:20:49+00:00
COMMAND         %CPU   RSS
mysqld          51.1 1064596
isuride         13.2 17272
bench           12.3 106200
nginx            1.8  9820
nginx            1.8  9928
systemd-journal  1.4 210324
jbd2/sda1-8      0.7     0
rsyslogd         0.7  5592
rcu_preempt      0.2     0
2026-09-26T10:20:51+00:00
COMMAND         %CPU   RSS
mysqld          51.1 1067436
isuride         14.0 17732
bench           12.5 113456
nginx            1.8  9820
nginx            1.8  9928
systemd-journal  1.4 213924
jbd2/sda1-8      0.7     0
rsyslogd         0.7  5592
rcu_preempt      0.2     0
2026-09-26T10:20:53+00:00
COMMAND         %CPU   RSS
mysqld          51.2 1069324
isuride         14.8 17684
bench           12.8 117208
nginx            1.8  9820
nginx            1.8  9928
systemd-journal  1.4 216684
jbd2/sda1-8      0.7     0
rsyslogd         0.7  5584
rcu_preempt      0.2     0
2026-09-26T10:20:55+00:00
COMMAND         %CPU   RSS
mysqld          51.2 1071164
isuride         15.5 18124
bench           13.1 125088
nginx            1.8  9820
nginx            1.8  9928
systemd-journal  1.4 216684
jbd2/sda1-8      0.7     0
rsyslogd         0.7  5584
rcu_preempt      0.2     0
2026-09-26T10:20:57+00:00
COMMAND         %CPU   RSS
mysqld          51.2 1071500
isuride         16.2 19248
bench           13.3 134976
nginx            1.8  9820
nginx            1.8  9928
systemd-journal  1.4 216684
jbd2/sda1-8      0.7     0
rsyslogd         0.7  5584
rcu_preempt      0.2     0
2026-09-26T10:20:59+00:00
COMMAND         %CPU   RSS
mysqld          51.3 1071208
isuride         16.8 19852
bench           13.5 141084
nginx            1.8  9820
nginx            1.8  9928
systemd-journal  1.4 216684
jbd2/sda1-8      0.7     0
rsyslogd         0.7  5584
rcu_preempt      0.2     0
2026-09-26T10:21:01+00:00
COMMAND         %CPU   RSS
mysqld          51.3 1054644
isuride         17.4 19556
bench           13.5 145088
nginx            1.8  9820
nginx            1.8  9928
systemd-journal  1.4 216684
jbd2/sda1-8      0.7     0
rsyslogd         0.7  5584
rcu_preempt      0.2     0
2026-09-26T10:21:03+00:00
COMMAND         %CPU   RSS
mysqld          51.3 1053712
isuride         17.9 19336
bench           13.6 154304
nginx            1.8  9820
nginx            1.8  9928
systemd-journal  1.4 218352
jbd2/sda1-8      0.7     0
rsyslogd         0.7  5584
rcu_preempt      0.2     0
2026-09-26T10:21:05+00:00
COMMAND         %CPU   RSS
mysqld          51.4 1046656
isuride         18.4 20664
bench           13.8 155348
nginx            1.9  9820
nginx            1.8  9928
systemd-journal  1.4 220156
jbd2/sda1-8      0.7     0
rsyslogd         0.7  5584
rcu_preempt      0.2     0
2026-09-26T10:21:07+00:00
COMMAND         %CPU   RSS
mysqld          51.4 1047932
isuride         18.8 20032
bench           13.9 159912
nginx            1.9  9820
nginx            1.8  9928
systemd-journal  1.4 225728
jbd2/sda1-8      0.7     0
rsyslogd         0.7  5584
rcu_preempt      0.2     0
2026-09-26T10:21:09+00:00
COMMAND         %CPU   RSS
mysqld          51.5 1047924
isuride         19.2 21184
bench           14.0 167356
nginx            1.9  9820
nginx            1.8  9932
systemd-journal  1.4 227844
jbd2/sda1-8      0.7     0
rsyslogd         0.7  5584
rcu_preempt      0.2     0
2026-09-26T10:21:11+00:00
COMMAND         %CPU   RSS
mysqld          51.5 1049660
isuride         19.6 19632
bench           14.0 167384
nginx            1.9  9864
nginx            1.8  9944
systemd-journal  1.4 231520
jbd2/sda1-8      0.7     0
rsyslogd         0.7  5584
rcu_preempt      0.2     0
2026-09-26T10:21:13+00:00
COMMAND         %CPU   RSS
mysqld          51.5 1047600
isuride         20.0 22212
bench           14.1 172032
nginx            1.9  9896
nginx            1.8 10000
systemd-journal  1.4 237384
jbd2/sda1-8      0.7     0
rsyslogd         0.7  5584
rcu_preempt      0.2     0
2026-09-26T10:21:15+00:00
COMMAND         %CPU   RSS
mysqld          51.6 1049408
isuride         20.3 21148
bench           14.2 179472
nginx            1.9  9968
nginx            1.8 10008
systemd-journal  1.4 239600
jbd2/sda1-8      0.7     0
rsyslogd         0.7  5584
rcu_preempt      0.2     0
2026-09-26T10:21:17+00:00
COMMAND         %CPU   RSS
mysqld          51.6 1049536
isuride         20.6 21120
bench           14.2 179612
nginx            1.9 10020
nginx            1.8 10012
systemd-journal  1.4 245036
jbd2/sda1-8      0.8     0
rsyslogd         0.7  5584
rcu_preempt      0.2     0
2026-09-26T10:21:19+00:00
COMMAND         %CPU   RSS
mysqld          51.6 1047496
isuride         20.9 22020
bench           14.3 186572
nginx            1.9 10072
nginx            1.8 10012
systemd-journal  1.4 246328
jbd2/sda1-8      0.8     0
rsyslogd         0.7  5584
rcu_preempt      0.2     0
2026-09-26T10:21:21+00:00
COMMAND         %CPU   RSS
mysqld          51.7 1054004
isuride         21.2 22464
bench           14.4 186652
nginx            1.9 10108
nginx            1.8 10012
systemd-journal  1.4 246328
jbd2/sda1-8      0.8     0
rsyslogd         0.7  5584
rcu_preempt      0.2     0
2026-09-26T10:21:23+00:00
COMMAND         %CPU   RSS
mysqld          51.7 1046856
isuride         21.5 21976
bench           14.4 191012
nginx            1.9 10108
nginx            1.9 10136
systemd-journal  1.4 246328
jbd2/sda1-8      0.8     0
rsyslogd         0.7  5584
rcu_preempt      0.2     0
2026-09-26T10:21:25+00:00
COMMAND         %CPU   RSS
mysqld          51.7 1045600
isuride         21.8 20292
bench           14.4 191024
nginx            1.9 10108
nginx            1.9 10136
systemd-journal  1.4 246328
jbd2/sda1-8      0.8     0
rsyslogd         0.7  5584
rcu_preempt      0.2     0
2026-09-26T10:21:27+00:00
COMMAND         %CPU   RSS
mysqld          51.8 1044576
isuride         22.0 20516
bench           14.4 195080
nginx            1.9 10108
nginx            1.9 10136
systemd-journal  1.4 246328
jbd2/sda1-8      0.8     0
rsyslogd         0.7  5584
rcu_preempt      0.2     0
