procs -----------memory---------- ---swap-- -----io---- -system-- -------cpu------- -----timestamp-----
 r  b   swpd   free   buff  cache   si   so    bi    bo   in   cs us sy id wa st gu                 UTC
 3  0      0 216348  74020 2524940    0    0   152  6802 7301  131 29 12 59  1  0  0 2026-09-26 10:20:27
 1  0      0 173764  74024 2524760    0    0   116 62412 15713 31964 33 12 39 16  0  0 2026-09-26 10:20:28
 0  0      0 178080  74024 2525632    0    0     0  4372 20615 57629 30 13 56  1  0  0 2026-09-26 10:20:29
 0  0      0 172536  74024 2526376    0    0     0  6112 24277 63517 25 14 59  2  0  0 2026-09-26 10:20:30
 0  0      0 168000  74024 2527240    0    0     0  7340 25729 70276 30 15 54  2  0  0 2026-09-26 10:20:31
 0  0      0 162484  74024 2527964    0    0     0  8544 27727 78251 34 16 48  2  0  0 2026-09-26 10:20:32
 0  0      0 160328  74024 2531664    0    0     0 16284 25290 77236 35 19 44  2  0  0 2026-09-26 10:20:33
 6  0      0 154320  74024 2532628    0    0     0 10708 24436 76871 39 21 39  1  0  0 2026-09-26 10:20:34
 6  0      0 154068  74024 2533756    0    0     0  9884 26465 86147 40 21 37  2  0  0 2026-09-26 10:20:35
 1  0      0 151076  74024 2534952    0    0     0 12328 25357 90961 40 26 32  2  0  0 2026-09-26 10:20:36
 0  0      0 147804  74024 2536464    0    0     0 12256 23813 88910 48 23 28  2  0  0 2026-09-26 10:20:37
 7  0      0 143648  74024 2538712    0    0     0 14788 24824 93056 51 27 22  1  0  0 2026-09-26 10:20:38
 8  1      0 133356  74024 2541732    0    0     0 17412 23593 89657 52 29 16  2  0  0 2026-09-26 10:20:39
10  0      0 127096  74024 2543148    0    0     0 15888 22583 89988 52 27 20  2  0  0 2026-09-26 10:20:40
13  0      0 115756  74024 2544500    0    0     0 17264 22114 87794 57 31 11  2  0  0 2026-09-26 10:20:41
 9  0      0 105968  74024 2547060    0    0     0 16192 23173 91073 56 29 14  1  0  0 2026-09-26 10:20:42
 5  0      0  96924  74024 2548552    0    0     0 32292 22454 88186 58 30 11  1  0  0 2026-09-26 10:20:43
 5  0      0  90132  74024 2550208    0    0     0 21552 22042 90798 59 30 10  1  0  0 2026-09-26 10:20:44
18  1      0  77840  74024 2551720    0    0     0 16732 21948 88353 62 29  8  1  0  0 2026-09-26 10:20:45
19  0      0  74816  74024 2553220    0    0     0 14648 23594 93747 61 29  9  1  0  0 2026-09-26 10:20:46
15  0      0  64064  74024 2554956    0    0     0 14696 21481 90135 62 30  7  1  0  0 2026-09-26 10:20:47
procs -----------memory---------- ---swap-- -----io---- -system-- -------cpu------- -----timestamp-----
 r  b   swpd   free   buff  cache   si   so    bi    bo   in   cs us sy id wa st gu                 UTC
31  0      0  97776  73128 2522340    0    0     0 14180 21404 91291 63 28  9  1  0  0 2026-09-26 10:20:48
 5  0      0  92088  73128 2523928    0    0     0 14100 20114 85442 65 29  6  1  0  0 2026-09-26 10:20:49
34  0      0  88232  73128 2525484    0    0     0 15988 20761 87545 63 30  6  1  0  0 2026-09-26 10:20:50
20  1      0  78196  73128 2527240    0    0     0 16760 20003 85365 62 34  4  0  0  0 2026-09-26 10:20:51
32  0      0  73024  73128 2529120    0    0     0 17368 20545 87687 65 32  2  1  0  0 2026-09-26 10:20:52
 9  0      0  66788  73128 2529904    0    0     0 14364 19569 85475 65 31  4  0  0  0 2026-09-26 10:20:53
52  0      0  62812  73128 2530748    0    0     0 23040 19627 82047 65 33  2  1  0  0 2026-09-26 10:20:54
 9  1      0  80980  73100 2507444    0    0     0 16020 20042 86603 66 31  2  0  0  0 2026-09-26 10:20:55
39  0      0  73512  73100 2508452    0    0     0 15824 19054 82208 68 30  2  1  0  0 2026-09-26 10:20:56
23  1      0  70208  73100 2509212    0    0     0 14096 19175 84344 65 34  2  0  0  0 2026-09-26 10:20:57
30  0      0  68084  73100 2510084    0    0     0 14176 19985 83743 67 32  1  1  0  0 2026-09-26 10:20:58
 8  0      0  61204  73100 2510868    0    0     0 33300 18764 80239 66 33  2  0  0  0 2026-09-26 10:20:59
47  1      0  84700  72952 2498588    0    0     0 15660 18778 81695 68 30  2  0  0  0 2026-09-26 10:21:00
18  0      0  81808  72952 2499404    0    0     0 15188 17771 79960 69 30  2  0  0  0 2026-09-26 10:21:01
32  0      0  78688  72952 2500864    0    0     0 16800 18229 82437 67 32  1  1  0  0 2026-09-26 10:21:02
 6  0      0  77472  72952 2502564    0    0     0 18160 20126 83180 69 30  1  0  0  0 2026-09-26 10:21:03
 5  0      0  68340  72952 2504204    0    0     0 37736 18759 75500 67 32  1  0  0  0 2026-09-26 10:21:04
11  0      0  70812  72952 2505912    0    0     0 17684 19188 77765 66 34  1  0  0  0 2026-09-26 10:21:05
56  1      0  74352  72952 2507588    0    0     0 19276 19518 78296 68 31  1  0  0  0 2026-09-26 10:21:06
11  0      0  63624  72952 2509928    0    0     0 18296 19096 78903 67 32  1  0  0  0 2026-09-26 10:21:07
13  1      0  59936  72952 2512372    0    0     0 17852 19617 78000 67 32  2  0  0  0 2026-09-26 10:21:08
procs -----------memory---------- ---swap-- -----io---- -system-- -------cpu------- -----timestamp-----
 r  b   swpd   free   buff  cache   si   so    bi    bo   in   cs us sy id wa st gu                 UTC
22  0      0  65088  72952 2500332    0    0     0 19860 17598 76072 67 32  1  0  0  0 2026-09-26 10:21:09
39  0      0  64688  72952 2502512    0    0     0 17368 18381 78301 68 31  1  1  0  0 2026-09-26 10:21:10
21  1      0  73044  72928 2492048    0    0     0 17384 18027 77280 68 31  1  0  0  0 2026-09-26 10:21:11
18  0      0  70832  72928 2493920    0    0     0 16828 18485 76936 66 32  2  0  0  0 2026-09-26 10:21:12
25  0      0  75344  72900 2485360    0    0     4 18464 18963 75804 66 33  1  1  0  0 2026-09-26 10:21:13
31  0      0  75608  72900 2487984    0    0     0 32176 17183 72541 68 31  1  0  0  0 2026-09-26 10:21:14
44  1      0  64176  72900 2489364    0    0     0 20928 18783 75994 65 34  1  0  0  0 2026-09-26 10:21:15
23  0      0  70980  72900 2478392    0    0     0 17164 18812 77283 67 32  1  0  0  0 2026-09-26 10:21:16
20  0      0  68136  72900 2481368    0    0     0 16016 17912 73076 65 33  1  1  0  0 2026-09-26 10:21:17
13  0      0  67164  72900 2483112    0    0     0 16660 18827 78471 69 31  1  0  0  0 2026-09-26 10:21:18
18  1      0  74460  72900 2470688    0    0     0 42248 16883 75182 68 32  1  0  0  0 2026-09-26 10:21:19
26  0      0  66500  72900 2471616    0    0     0 19756 17397 75956 67 32  1  0  0  0 2026-09-26 10:21:20
54  0      0  73424  72900 2472644    0    0     0 15344 18029 77286 68 31  1  1  0  0 2026-09-26 10:21:21
21  0      0  64940  72900 2473772    0    0     0 16024 17671 77555 67 32  1  0  0  0 2026-09-26 10:21:22
49  0      0  63940  72900 2475892    0    0     0 17448 19522 79396 67 32  1  0  0  0 2026-09-26 10:21:23
25  0      0  68732  72900 2462588    0    0     0 12420 18021 76462 69 30  1  0  0  0 2026-09-26 10:21:24
 9  0      0  75088  72900 2463704    0    0     0  1004 14832 79941 76 22  3  0  0  0 2026-09-26 10:21:25
12  0      0  70568  72900 2464656    0    0     0  1100 15066 82172 75 21  4  0  0  0 2026-09-26 10:21:26
67  0      0  71412  72900 2465708    0    0     0  1172 15691 82588 72 23  5  1  0  0 2026-09-26 10:21:27
30  0      0  75852  72900 2466720    0    0     0  1188 15763 81219 74 22  4  0  0  0 2026-09-26 10:21:28
