2026-09-26T10:43:35+00:00
COMMAND         %CPU   RSS
mysqld          47.1 1069564
nginx            1.9 12020
nginx            1.9 11932
systemd-journal  1.3 192200
rsyslogd         0.7  5584
jbd2/sda1-8      0.7     0
kworker/1:1H-kb  0.2     0
kworker/0:1H-kb  0.2     0
rcu_preempt      0.2     0
2026-09-26T10:43:37+00:00
COMMAND         %CPU   RSS
mysqld          47.1 1072688
bench            9.5 51104
nginx            1.9 12020
nginx            1.9 11932
systemd-journal  1.3 192868
isuride          0.9 15012
rsyslogd         0.7  5584
jbd2/sda1-8      0.7     0
kworker/1:1H+kb  0.2     0
2026-09-26T10:43:39+00:00
COMMAND         %CPU   RSS
mysqld          47.1 1073472
bench           10.7 54668
isuride          3.0 15528
nginx            1.9 12020
nginx            1.9 11932
systemd-journal  1.3 197096
rsyslogd         0.7  5584
jbd2/sda1-8      0.7     0
kworker/1:1H-kb  0.2     0
2026-09-26T10:43:41+00:00
COMMAND         %CPU   RSS
mysqld          47.1 1075172
bench           13.2 71512
isuride          5.4 16204
nginx            1.9 12020
nginx            1.9 11932
systemd-journal  1.3 199040
rsyslogd         0.7  5584
jbd2/sda1-8      0.7     0
kworker/0:1H-kb  0.2     0
2026-09-26T10:43:43+00:00
COMMAND         %CPU   RSS
mysqld          47.2 1078476
bench           14.9 83808
isuride          7.6 16620
nginx            1.9 12020
nginx            1.9 11932
systemd-journal  1.3 200960
rsyslogd         0.7  5584
jbd2/sda1-8      0.7     0
kworker/0:1H-kb  0.2     0
2026-09-26T10:43:45+00:00
COMMAND         %CPU   RSS
mysqld          47.2 1081940
bench           17.7 101648
isuride          9.5 17012
nginx            1.9 12020
nginx            1.9 11932
systemd-journal  1.4 206712
rsyslogd         0.7  5584
jbd2/sda1-8      0.7     0
kworker/0:1H-kb  0.2     0
2026-09-26T10:43:47+00:00
COMMAND         %CPU   RSS
mysqld          47.2 1085724
bench           19.1 113688
isuride         11.4 17188
nginx            1.9 12020
nginx            1.9 11932
systemd-journal  1.4 208864
rsyslogd         0.7  5584
jbd2/sda1-8      0.7     0
kworker/1:1H-kb  0.2     0
2026-09-26T10:43:49+00:00
COMMAND         %CPU   RSS
mysqld          47.2 1089436
bench           19.5 124484
isuride         13.2 18176
nginx            1.9 12020
nginx            1.9 11932
systemd-journal  1.4 213768
rsyslogd         0.7  5584
jbd2/sda1-8      0.7     0
kworker/0:1H-kb  0.2     0
2026-09-26T10:43:51+00:00
COMMAND         %CPU   RSS
mysqld          47.2 1094324
bench           19.9 142208
isuride         14.8 18336
nginx            1.9 12020
nginx            1.9 11932
systemd-journal  1.4 216876
rsyslogd         0.7  5584
jbd2/sda1-8      0.7     0
kworker/0:1H-kb  0.2     0
2026-09-26T10:43:53+00:00
COMMAND         %CPU   RSS
mysqld          47.2 1097712
bench           20.2 152360
isuride         16.3 18928
nginx            1.9 12020
nginx            1.9 11932
systemd-journal  1.4 221380
rsyslogd         0.7  5584
jbd2/sda1-8      0.7     0
kworker/0:1H-kb  0.2     0
2026-09-26T10:43:55+00:00
COMMAND         %CPU   RSS
mysqld          47.3 1102844
bench           20.5 161352
isuride         17.5 19748
nginx            1.9 12020
nginx            1.9 11932
systemd-journal  1.4 223868
rsyslogd         0.7  5584
jbd2/sda1-8      0.7     0
kworker/0:1H-kb  0.2     0
2026-09-26T10:43:57+00:00
COMMAND         %CPU   RSS
mysqld          47.3 1103860
bench           20.6 171732
isuride         18.8 20396
nginx            1.9 12020
nginx            1.9 11932
systemd-journal  1.4 223868
rsyslogd         0.7  5584
jbd2/sda1-8      0.7     0
kworker/0:1H-kb  0.2     0
2026-09-26T10:43:59+00:00
COMMAND         %CPU   RSS
mysqld          47.3 1105284
bench           20.5 172604
isuride         20.0 21844
curl             5.2 12316
nginx            1.9 12020
nginx            1.9 11932
systemd-journal  1.4 223868
rsyslogd         0.7  5584
jbd2/sda1-8      0.7     0
2026-09-26T10:44:01+00:00
COMMAND         %CPU   RSS
mysqld          47.3 1107448
isuride         21.0 20212
bench           20.5 179108
nginx            1.9 12020
nginx            1.9 11932
systemd-journal  1.4 223868
rsyslogd         0.7  5584
jbd2/sda1-8      0.7     0
kworker/0:1H-kb  0.2     0
2026-09-26T10:44:03+00:00
COMMAND         %CPU   RSS
mysqld          47.3 1109520
isuride         22.0 21436
bench           20.6 188236
curl             4.5 12316
nginx            1.9 12020
nginx            1.9 11932
systemd-journal  1.4 223868
rsyslogd         0.7  5584
jbd2/sda1-8      0.7     0
2026-09-26T10:44:05+00:00
COMMAND         %CPU   RSS
mysqld          47.3 1112148
isuride         22.9 23188
bench           20.7 193512
curl             2.7 12296
nginx            1.9 12020
nginx            1.9 11932
systemd-journal  1.4 223868
rsyslogd         0.7  5584
jbd2/sda1-8      0.7     0
2026-09-26T10:44:07+00:00
COMMAND         %CPU   RSS
mysqld          47.4 1113372
isuride         23.7 22008
bench           20.7 200684
nginx            1.9 12020
nginx            1.9 11932
systemd-journal  1.4 223868
rsyslogd         0.7  5584
jbd2/sda1-8      0.7     0
kworker/0:1H-kb  0.2     0
2026-09-26T10:44:09+00:00
COMMAND         %CPU   RSS
mysqld          47.4 1114832
isuride         24.5 23268
bench           20.8 202272
nginx            1.9 12020
nginx            1.9 11932
systemd-journal  1.4 223868
rsyslogd         0.7  5584
jbd2/sda1-8      0.7     0
curl             0.5 12316
2026-09-26T10:44:11+00:00
COMMAND         %CPU   RSS
mysqld          47.4 1118696
isuride         25.1 22952
bench           20.8 215188
curl             7.6 12316
nginx            1.9 12020
nginx            1.9 11932
systemd-journal  1.4 225520
rsyslogd         0.7  5584
jbd2/sda1-8      0.7     0
2026-09-26T10:44:13+00:00
COMMAND         %CPU   RSS
mysqld          47.4 1124420
isuride         25.7 24312
bench           20.7 228920
nginx            2.0 12020
nginx            1.9 11932
systemd-journal  1.4 229948
rsyslogd         0.7  5584
jbd2/sda1-8      0.7     0
kworker/0:1H-kb  0.2     0
2026-09-26T10:44:15+00:00
COMMAND         %CPU   RSS
mysqld          47.5 1122544
isuride         26.4 25216
bench           20.7 229208
nginx            2.0 12020
nginx            1.9 11932
systemd-journal  1.4 235148
rsyslogd         0.7  5584
jbd2/sda1-8      0.7     0
kworker/0:1H-kb  0.2     0
2026-09-26T10:44:17+00:00
COMMAND         %CPU   RSS
mysqld          47.5 1123768
isuride         26.8 23836
bench           20.7 247360
nginx            2.0 12020
nginx            1.9 11932
systemd-journal  1.4 238120
curl             1.2 12316
rsyslogd         0.7  5584
jbd2/sda1-8      0.7     0
2026-09-26T10:44:19+00:00
COMMAND         %CPU   RSS
mysqld          47.5 1124768
isuride         27.4 23432
bench           20.6 248672
nginx            2.0 12020
nginx            1.9 11932
systemd-journal  1.4 242500
rsyslogd         0.7  5584
jbd2/sda1-8      0.7     0
kworker/1:1H-kb  0.2     0
2026-09-26T10:44:21+00:00
COMMAND         %CPU   RSS
mysqld          47.5 1126516
isuride         27.8 24440
bench           20.6 259144
nginx            2.0 12020
nginx            1.9 11932
systemd-journal  1.4 244428
curl             0.8 12316
rsyslogd         0.7  5584
jbd2/sda1-8      0.7     0
2026-09-26T10:44:23+00:00
COMMAND         %CPU   RSS
mysqld          47.5 1128308
isuride         28.2 24780
bench           20.6 260024
nginx            2.0 12020
nginx            1.9 11932
systemd-journal  1.4 247240
rsyslogd         0.7  5584
jbd2/sda1-8      0.7     0
kworker/1:1H-kb  0.2     0
2026-09-26T10:44:25+00:00
COMMAND         %CPU   RSS
mysqld          47.6 1128408
isuride         28.6 24392
bench           20.6 270356
nginx            2.0 12020
nginx            1.9 11932
systemd-journal  1.4 251944
rsyslogd         0.7  5584
jbd2/sda1-8      0.7     0
curl             0.5 12316
2026-09-26T10:44:27+00:00
COMMAND         %CPU   RSS
mysqld          47.6 1129184
isuride         29.0 24484
bench           20.5 270836
curl             3.5 12316
nginx            2.0 12020
nginx            1.9 11932
systemd-journal  1.4 251944
rsyslogd         0.7  5584
jbd2/sda1-8      0.7     0
2026-09-26T10:44:29+00:00
COMMAND         %CPU   RSS
mysqld          47.6 1131892
isuride         29.4 23904
bench           20.5 277504
curl             2.8 12312
nginx            2.0 12056
nginx            1.9 11932
systemd-journal  1.4 251944
rsyslogd         0.7  5584
jbd2/sda1-8      0.7     0
2026-09-26T10:44:31+00:00
COMMAND         %CPU   RSS
mysqld          47.6 1132636
isuride         29.6 25884
bench           20.5 287044
curl             6.2 12316
nginx            2.0 12140
nginx            1.9 11932
systemd-journal  1.4 251944
rsyslogd         0.7  5584
jbd2/sda1-8      0.7     0
2026-09-26T10:44:33+00:00
COMMAND         %CPU   RSS
mysqld          47.6 1133640
isuride         30.0 25192
bench           20.4 288312
nginx            2.0 12140
nginx            1.9 11932
systemd-journal  1.4 251944
rsyslogd         0.7  5584
jbd2/sda1-8      0.7     0
kworker/1:1H-kb  0.2     0
2026-09-26T10:44:35+00:00
COMMAND         %CPU   RSS
mysqld          47.7 1133672
isuride         30.2 25956
bench           20.4 294636
nginx            2.0 12140
nginx            1.9 11948
systemd-journal  1.4 251944
curl             0.9 12308
rsyslogd         0.7  5584
jbd2/sda1-8      0.7     0
2026-09-26T10:44:37+00:00
COMMAND         %CPU   RSS
mysqld          47.7 1133668
isuride         30.6 21912
bench           20.4 295876
nginx            2.0 12212
nginx            1.9 11948
systemd-journal  1.4 251944
rsyslogd         0.7  5584
jbd2/sda1-8      0.7     0
kworker/1:1H-kb  0.2     0
2026-09-26T10:44:39+00:00
COMMAND         %CPU   RSS
mysqld          47.7 1133668
isuride         31.0 21620
bench           20.4 313904
nginx            2.0 12212
nginx            1.9 11948
systemd-journal  1.4 251944
rsyslogd         0.7  5584
jbd2/sda1-8      0.7     0
kworker/1:1H-kb  0.2     0
