procs -----------memory---------- ---swap-- -----io---- -system-- -------cpu------- -----timestamp-----
 r  b   swpd   free   buff  cache   si   so    bi    bo   in   cs us sy id wa st gu                 UTC
 3  0      0 411804  74064 2275692    0    0   158  7043 7522  141 27 12 60  1  0  0 2026-09-26 10:43:35
 5  1      0 378620  74068 2278792    0    0    32 63728 18086 39581 32 14 38 15  0  0 2026-09-26 10:43:36
 6  0      0 376152  74068 2279804    0    0     0  7700 15016 48776 20 14 64  2  0  0 2026-09-26 10:43:37
 0  0      0 374680  74068 2281152    0    0     0 15484 28821 85643 25 22 51  2  0  0 2026-09-26 10:43:38
 0  0      0 368632  74068 2282700    0    0     0 14008 29065 94275 34 26 38  2  0  0 2026-09-26 10:43:39
 6  0      0 361364  74068 2284500    0    0     0 19468 26577 102984 45 32 22  2  0  0 2026-09-26 10:43:40
 6  0      0 352068  74068 2286660    0    0     0 18544 26403 111175 49 36 14  1  0  0 2026-09-26 10:43:41
 9  0      0 341348  74068 2289048    0    0     0 18184 26052 109292 50 35 14  1  0  0 2026-09-26 10:43:42
12  0      0 331936  74068 2292536    0    0     0 19860 23659 108369 54 37  9  1  0  0 2026-09-26 10:43:43
17  1      0 313608  74068 2295020    0    0     0 20456 22826 104041 55 38  6  1  0  0 2026-09-26 10:43:44
 3  0      0 300088  74068 2298408    0    0     0 21384 23026 104065 53 38  9  1  0  0 2026-09-26 10:43:45
16  0      0 291028  74068 2301008    0    0     4 25000 23315 105535 56 40  3  1  0  0 2026-09-26 10:43:46
12  1      0 276420  74068 2303692    0    0     0 22716 23752 106533 54 38  7  1  0  0 2026-09-26 10:43:47
16  1      0 267880  74068 2306000    0    0     0 45808 22704 107100 52 42  5  1  0  0 2026-09-26 10:43:48
39  0      0 256808  74068 2308468    0    0     0 25900 22649 99196 57 40  3  1  0  0 2026-09-26 10:43:49
51  1      0 243984  74068 2311932    0    0     0 30504 21930 101116 55 42  3  1  0  0 2026-09-26 10:43:50
19  0      0 229116  74068 2314936    0    0     0 28228 22415 100665 55 43  2  1  0  0 2026-09-26 10:43:51
19  0      0 214808  74068 2317476    0    0     0 28184 20538 99373 58 40  2  1  0  0 2026-09-26 10:43:52
11  0      0 208316  74068 2320004    0    0     0 27408 20351 99211 57 42  1  0  0  0 2026-09-26 10:43:53
30  0      0 198740  74068 2322204    0    0     4 41912 21353 95510 56 42  1  1  0  0 2026-09-26 10:43:54
31  0      0 183064  74068 2325476    0    0     0 28724 21130 96898 56 43  1  1  0  0 2026-09-26 10:43:55
procs -----------memory---------- ---swap-- -----io---- -system-- -------cpu------- -----timestamp-----
 r  b   swpd   free   buff  cache   si   so    bi    bo   in   cs us sy id wa st gu                 UTC
16  1      0 181048  74068 2327172    0    0     0 24996 22022 98590 57 42  1  0  0  0 2026-09-26 10:43:56
15  0      0 172988  74068 2328768    0    0     0 25244 20339 95732 54 44  1  1  0  0 2026-09-26 10:43:57
24  0      0 166436  74068 2330284    0    0     0 23644 22834 97234 53 45  2  1  0  0 2026-09-26 10:43:58
 3  1      0 160164  74068 2331932    0    0     0 31780 21035 95296 57 41  2  1  0  0 2026-09-26 10:43:59
43  0      0 153388  74068 2334596    0    0     0 28028 20872 95784 56 42  1  0  0  0 2026-09-26 10:44:00
35  0      0 147844  74068 2336112    0    0     0 31120 20509 93925 56 43  1  0  0  0 2026-09-26 10:44:01
12  1      0 139780  74068 2337712    0    0     4 31508 21332 96523 55 44  1  1  0  0 2026-09-26 10:44:02
 7  1      0 130464  74068 2339288    0    0     0 26584 21582 95698 58 40  1  1  0  0 2026-09-26 10:44:03
24  0      0 120624  74068 2341520    0    0     0 25224 18786 93313 59 41  1  0  0  0 2026-09-26 10:44:04
 8  1      0 117908  74068 2342704    0    0     0 27092 17500 95278 57 42  1  1  0  0 2026-09-26 10:44:05
31  1      0 114632  74068 2344400    0    0     0 30032 19585 97541 58 42  1  0  0  0 2026-09-26 10:44:06
44  0      0 109592  74068 2347288    0    0     0 24796 19357 100212 58 40  2  1  0  0 2026-09-26 10:44:07
24  1      0  94976  74068 2348872    0    0     0 25432 20995 91333 59 41  1  0  0  0 2026-09-26 10:44:08
42  0      0  94724  74068 2350452    0    0     4 24540 20404 90187 59 41  1  1  0  0 2026-09-26 10:44:09
48  0      0  82880  74068 2352624    0    0     0 25876 19963 94439 58 41  1  0  0  0 2026-09-26 10:44:10
63  0      0  79856  74068 2355068    0    0     0 31796 18368 95947 60 40  1  0  0  0 2026-09-26 10:44:11
10  0      0  96168  73216 2339008    0    0     0 32336 19227 97128 57 42  1  1  0  0 2026-09-26 10:44:12
17  0      0  86756  73216 2342284    0    0     0 24984 18734 93999 58 41  1  0  0  0 2026-09-26 10:44:13
32  1      0  73076  73216 2343672    0    0     0 25840 21235 90146 58 41  1  0  0  0 2026-09-26 10:44:14
13  0      0  86540  73168 2333100    0    0     0 26220 22136 92645 56 43  1  1  0  0 2026-09-26 10:44:15
39  1      0  83484  73168 2335488    0    0     0 46532 19490 93290 55 45  1  0  0  0 2026-09-26 10:44:16
procs -----------memory---------- ---swap-- -----io---- -system-- -------cpu------- -----timestamp-----
 r  b   swpd   free   buff  cache   si   so    bi    bo   in   cs us sy id wa st gu                 UTC
15  1      0  83036  73128 2319812    0    0     4 26896 19706 87309 59 41  1  0  0  0 2026-09-26 10:44:17
45  0      0  78740  73128 2322312    0    0     0 27400 20181 97086 56 42  1  1  0  0 2026-09-26 10:44:18
22  1      0  81836  73128 2310216    0    0     0 26012 18791 92505 56 43  1  0  0  0 2026-09-26 10:44:19
47  0      0  77300  73128 2312848    0    0     0 23960 20558 95345 59 41  0  0  0  0 2026-09-26 10:44:20
34  1      0  81468  73128 2299396    0    0     0 29716 18385 85582 60 40  1  0  0  0 2026-09-26 10:44:21
21  1      0  76184  73128 2303456    0    0     0 32648 19730 95455 57 42  1  1  0  0 2026-09-26 10:44:22
33  0      0  90168  73128 2294516    0    0     0 27852 20759 94249 55 44  1  0  0  0 2026-09-26 10:44:23
11  0      0  79708  73128 2298184    0    0     0 25016 18702 80400 64 35  0  0  0  0 2026-09-26 10:44:24
 5  2      0  82288  73132 2290764    0    0     8 25804 21277 88041 56 43  1  0  0  0 2026-09-26 10:44:25
15  1      0  84688  73132 2277596    0    0     0 50120 21615 94822 56 43  1  0  0  0 2026-09-26 10:44:26
56  0      0  80980  73132 2279740    0    0     0 24280 20700 94412 59 41  1  1  0  0 2026-09-26 10:44:27
32  0      0  77384  73132 2276776    0    0     0 24448 19430 89267 61 39  1  0  0  0 2026-09-26 10:44:28
52  0      0  89532  73132 2264460    0    0     0 22364 19359 90072 59 39  2  1  0  0 2026-09-26 10:44:29
42  0      0  88240  73132 2266272    0    0     0 23904 18950 87438 62 38  1  0  0  0 2026-09-26 10:44:30
13  0      0  81184  73132 2268408    0    0     0 34512 21161 92151 60 39  1  1  0  0 2026-09-26 10:44:31
30  0      0  85708  73132 2264956    0    0     0 28212 16932 90205 60 40  0  0  0  0 2026-09-26 10:44:32
25  2      0  78332  73132 2268952    0    0     0 21672 18818 86144 61 38  1  0  0  0 2026-09-26 10:44:33
16  1      0  80696  73132 2263688    0    0     4 22552 20303 83894 62 38  1  0  0  0 2026-09-26 10:44:34
63  0      0  97452  73132 2237760    0    0     0 23948 20294 87476 61 39  0  1  0  0 2026-09-26 10:44:35
59  0      0  93816  73132 2240308    0    0     0 25196 17338 95185 60 40  1  0  0  0 2026-09-26 10:44:36
38  0      0 100160  73132 2241692    0    0     0  5720 15514 113615 66 33  2  0  0  0 2026-09-26 10:44:37
procs -----------memory---------- ---swap-- -----io---- -system-- -------cpu------- -----timestamp-----
 r  b   swpd   free   buff  cache   si   so    bi    bo   in   cs us sy id wa st gu                 UTC
 2  0      0  98396  73132 2243072    0    0     0  1444 18425 114588 65 31  4  0  0  0 2026-09-26 10:44:38
15  0      0  81512  73132 2244544    0    0     0  1432 15719 109046 66 31  3  0  0  0 2026-09-26 10:44:39
22  0      0  79748  73132 2246344    0    0     0  1388 17932 110224 65 32  4  0  0  0 2026-09-26 10:44:40
