2026-09-27T08:46:58+00:00
COMMAND         %CPU   RSS
check-new-relea 51.3 32004
mysqld           1.4 891956
nginx            0.3 17324
nginx            0.3 17360
kworker/u4:2-ev  0.0     0
sh               0.0  1588
isuride          0.0  9052
kworker/u4:5-ev  0.0     0
rcu_preempt      0.0     0
2026-09-27T08:47:00+00:00
COMMAND         %CPU   RSS
bench            8.5 51224
mysqld           1.4 919188
isuride          0.7 14780
nginx            0.3 17324
nginx            0.3 17360
kworker/u4:2-ev  0.0     0
kworker/u4:5-ev  0.0     0
sh               0.0  1588
rcu_preempt      0.0     0
2026-09-27T08:47:02+00:00
COMMAND         %CPU   RSS
bench           13.4 72368
isuride          2.7 15324
mysqld           1.4 919460
nginx            0.3 17324
nginx            0.3 17360
kworker/u4:2-ev  0.0     0
kworker/u4:5-ev  0.0     0
rcu_preempt      0.0     0
sh               0.0  1588
2026-09-27T08:47:04+00:00
COMMAND         %CPU   RSS
bench           19.4 106780
isuride          5.1 16024
mysqld           1.4 919724
nginx            0.3 17324
nginx            0.3 17360
kworker/u4:2-wr  0.0     0
kworker/u4:5-ex  0.0     0
rcu_preempt      0.0     0
kworker/u4:0-ex  0.0     0
2026-09-27T08:47:06+00:00
COMMAND         %CPU   RSS
bench           22.4 130200
isuride          7.5 17008
mysqld           1.4 921112
nginx            0.3 17324
nginx            0.3 17360
kworker/u4:2-ev  0.0     0
kworker/u4:5-ex  0.0     0
rcu_preempt      0.0     0
kworker/u4:0-ex  0.0     0
2026-09-27T08:47:08+00:00
COMMAND         %CPU   RSS
bench           23.7 159056
isuride          9.6 18908
mysqld           1.4 921312
nginx            0.3 17324
nginx            0.3 17360
kworker/u4:2-ev  0.0     0
kworker/u4:5-fl  0.0     0
rcu_preempt      0.0     0
kworker/u4:0-ex  0.0     0
2026-09-27T08:47:10+00:00
COMMAND         %CPU   RSS
bench           24.6 204252
isuride         11.8 20064
mysqld           1.4 921780
nginx            0.3 17324
nginx            0.3 17360
kworker/u4:2-fl  0.0     0
kworker/u4:5-ex  0.0     0
rcu_preempt      0.0     0
kworker/u4:0-ex  0.0     0
2026-09-27T08:47:12+00:00
COMMAND         %CPU   RSS
bench           25.0 218376
isuride         13.7 20180
mysqld           1.4 922168
nginx            0.3 17324
nginx            0.3 17360
kworker/u4:2-fl  0.0     0
kworker/u4:5-ev  0.0     0
rcu_preempt      0.0     0
kworker/u4:0-ex  0.0     0
2026-09-27T08:47:14+00:00
COMMAND         %CPU   RSS
bench           25.3 234352
isuride         15.4 20752
mysqld           1.4 922700
nginx            0.3 17324
nginx            0.3 17360
kworker/u4:2-ex  0.0     0
kworker/u4:5-ev  0.0     0
rcu_preempt      0.0     0
kworker/u4:0-ex  0.0     0
2026-09-27T08:47:16+00:00
COMMAND         %CPU   RSS
bench           25.6 250900
isuride         16.9 22532
mysqld           1.4 923092
nginx            0.3 17324
nginx            0.3 17360
kworker/u4:2-ev  0.0     0
kworker/u4:5-ev  0.0     0
rcu_preempt      0.0     0
kworker/u4:0-ex  0.0     0
2026-09-27T08:47:18+00:00
COMMAND         %CPU   RSS
bench           25.8 267136
isuride         18.3 24352
mysqld           1.4 923484
nginx            0.3 17324
nginx            0.3 17360
kworker/u4:2-ev  0.0     0
kworker/u4:5-fl  0.0     0
rcu_preempt      0.0     0
kworker/u4:0-ex  0.0     0
2026-09-27T08:47:20+00:00
COMMAND         %CPU   RSS
bench           25.8 269272
isuride         19.5 24388
mysqld           1.4 923708
nginx            0.3 17324
nginx            0.3 17360
kworker/u4:2-ev  0.0     0
kworker/u4:5-ev  0.0     0
rcu_preempt      0.0     0
kworker/u4:0-ex  0.0     0
2026-09-27T08:47:22+00:00
COMMAND         %CPU   RSS
bench           26.0 282772
isuride         20.6 24912
mysqld           1.4 924080
nginx            0.3 17324
nginx            0.3 17360
kworker/u4:2-ev  0.0     0
kworker/u4:5-ev  0.0     0
rcu_preempt      0.0     0
kworker/u4:0-ex  0.0     0
2026-09-27T08:47:24+00:00
COMMAND         %CPU   RSS
bench           26.3 295876
isuride         21.6 27140
mysqld           1.4 924488
nginx            0.3 17324
nginx            0.3 17360
kworker/u4:2-fl  0.0     0
kworker/u4:5-ev  0.0     0
rcu_preempt      0.0     0
kworker/u4:0-ex  0.0     0
2026-09-27T08:47:26+00:00
COMMAND         %CPU   RSS
bench           26.5 316828
isuride         22.5 29132
mysqld           1.4 924652
nginx            0.3 17324
nginx            0.3 17360
kworker/u4:2-fl  0.0     0
kworker/u4:5-ev  0.0     0
rcu_preempt      0.0     0
kworker/u4:0-ex  0.0     0
2026-09-27T08:47:28+00:00
COMMAND         %CPU   RSS
bench           26.6 345640
isuride         23.3 28988
mysqld           1.4 924976
nginx            0.3 17324
nginx            0.3 17360
kworker/u4:2-fl  0.0     0
kworker/u4:5-ex  0.0     0
rcu_preempt      0.0     0
kworker/u4:0-ex  0.0     0
2026-09-27T08:47:30+00:00
COMMAND         %CPU   RSS
bench           26.6 347248
isuride         24.1 30564
mysqld           1.4 925136
nginx            0.3 17324
nginx            0.3 17360
kworker/u4:2-fl  0.0     0
kworker/u4:5-ev  0.0     0
rcu_preempt      0.0     0
kworker/u4:0-ex  0.0     0
2026-09-27T08:47:32+00:00
COMMAND         %CPU   RSS
bench           26.8 375172
isuride         24.8 29684
mysqld           1.4 925460
nginx            0.3 17324
nginx            0.3 17360
kworker/u4:2-fl  0.0     0
kworker/u4:5-ex  0.0     0
rcu_preempt      0.0     0
kworker/u4:0-ex  0.0     0
2026-09-27T08:47:34+00:00
COMMAND         %CPU   RSS
bench           26.8 379880
isuride         25.4 34504
mysqld           1.4 925792
nginx            0.3 17324
nginx            0.3 17360
kworker/u4:2-ex  0.0     0
kworker/u4:5-ev  0.0     0
rcu_preempt      0.0     0
kworker/u4:0-ex  0.0     0
2026-09-27T08:47:36+00:00
COMMAND         %CPU   RSS
bench           26.8 398376
isuride         26.0 34728
mysqld           1.4 926028
nginx            0.3 17324
nginx            0.3 17360
kworker/u4:2-ex  0.0     0
kworker/u4:5-ev  0.0     0
rcu_preempt      0.0     0
kworker/u4:0-ex  0.0     0
2026-09-27T08:47:38+00:00
COMMAND         %CPU   RSS
bench           26.9 426272
isuride         26.6 35260
curl             6.2 12332
mysqld           1.5 926292
nginx            0.3 17324
nginx            0.3 17360
kworker/u4:2-ex  0.0     0
kworker/u4:5-ev  0.0     0
rcu_preempt      0.0     0
2026-09-27T08:47:40+00:00
COMMAND         %CPU   RSS
isuride         27.2 34084
bench           26.9 430456
mysqld           1.5 926676
nginx            0.3 17324
nginx            0.3 17360
kworker/u4:2-ex  0.0     0
kworker/u4:5-ex  0.0     0
rcu_preempt      0.0     0
kworker/u4:0-ex  0.0     0
2026-09-27T08:47:42+00:00
COMMAND         %CPU   RSS
isuride         27.6 37712
bench           26.9 447112
mysqld           1.5 927204
nginx            0.3 17324
nginx            0.3 17360
kworker/u4:2-ex  0.0     0
kworker/u4:5-ex  0.0     0
rcu_preempt      0.0     0
kworker/u4:0-ex  0.0     0
2026-09-27T08:47:45+00:00
COMMAND         %CPU   RSS
isuride         28.0 35836
bench           27.0 462920
curl             2.4 12340
mysqld           1.5 927296
nginx            0.3 17324
nginx            0.3 17360
kworker/u4:2-ev  0.0     0
kworker/u4:5-ex  0.0     0
rcu_preempt      0.0     0
2026-09-27T08:47:47+00:00
COMMAND         %CPU   RSS
isuride         28.4 37432
bench           27.0 465280
mysqld           1.5 927600
nginx            0.3 17324
nginx            0.3 17360
kworker/u4:2-ex  0.0     0
kworker/u4:5-ev  0.0     0
rcu_preempt      0.0     0
kworker/u4:0-ex  0.0     0
2026-09-27T08:47:49+00:00
COMMAND         %CPU   RSS
isuride         28.7 38416
bench           27.1 489624
curl             1.8 12340
mysqld           1.5 927628
nginx            0.3 17324
nginx            0.3 17360
kworker/u4:2-ex  0.0     0
kworker/u4:5-ev  0.0     0
rcu_preempt      0.0     0
2026-09-27T08:47:51+00:00
COMMAND         %CPU   RSS
isuride         29.1 39996
bench           27.2 491736
mysqld           1.5 927808
nginx            0.3 17324
nginx            0.3 17360
kworker/u4:2-ex  0.0     0
kworker/u4:5-ev  0.0     0
rcu_preempt      0.0     0
kworker/u4:0-ex  0.0     0
2026-09-27T08:47:53+00:00
COMMAND         %CPU   RSS
isuride         29.5 41596
bench           27.3 516760
mysqld           1.5 927992
nginx            0.3 17324
nginx            0.3 17360
kworker/u4:2-ex  0.0     0
kworker/u4:5-ev  0.0     0
rcu_preempt      0.0     0
jbd2/sda1-8      0.0     0
2026-09-27T08:47:55+00:00
COMMAND         %CPU   RSS
isuride         29.8 41396
bench           27.4 519416
mysqld           1.5 928188
nginx            0.3 17324
nginx            0.3 17360
kworker/u4:2-ex  0.0     0
kworker/u4:5-ev  0.0     0
rcu_preempt      0.0     0
jbd2/sda1-8      0.0     0
2026-09-27T08:47:57+00:00
COMMAND         %CPU   RSS
isuride         30.2 41592
bench           27.5 526876
curl             1.7 12324
mysqld           1.5 928324
nginx            0.3 17324
nginx            0.3 17360
kworker/u4:2-ev  0.0     0
kworker/u4:5-ex  0.0     0
rcu_preempt      0.0     0
2026-09-27T08:47:59+00:00
COMMAND         %CPU   RSS
isuride         30.4 44640
bench           27.7 551980
curl             1.9 12340
mysqld           1.5 928732
nginx            0.3 17324
nginx            0.3 17360
kworker/u4:2-ev  0.0     0
kworker/u4:5-ev  0.0     0
rcu_preempt      0.0     0
2026-09-27T08:48:01+00:00
COMMAND         %CPU   RSS
isuride         30.7 36520
bench           27.7 554060
curl             5.8 12340
mysqld           1.5 928892
nginx            0.3 17324
nginx            0.3 17360
kworker/u4:5-ev  0.0     0
kworker/u4:2-ev  0.0     0
rcu_preempt      0.0     0
2026-09-27T08:48:03+00:00
COMMAND         %CPU   RSS
isuride         31.2 34392
bench           27.5 584448
curl            16.6 12340
mysqld           1.5 929076
nginx            0.3 17324
nginx            0.3 17360
kworker/u4:5-ev  0.0     0
kworker/u4:2-ev  0.0     0
rcu_preempt      0.0     0
