procs -----------memory---------- ---swap-- -----io---- -system-- -------cpu------- -----timestamp-----
 r  b   swpd   free   buff  cache   si   so    bi    bo   in   cs us sy id wa st gu                 UTC
 2  0      0 741116  77096 2080288    0    0    23   404  636    8  4  1 95  0  0  0 2026-09-27 08:46:58
 4  1      0 722072  77104 2071024    0    0   264 57876 13636 26591 29 11 41 19  0  0 2026-09-27 08:46:59
 0  1      0 727360  77104 2071596    0    0     0 11164 23592 66455 19 16 62  3  0  0 2026-09-27 08:47:00
 5  0      0 718424  77104 2072184    0    0     0 14380 25835 80538 24 20 53  3  0  0 2026-09-27 08:47:01
 5  1      0 699420  77104 2072988    0    0     0 20708 31252 110189 34 29 33  4  0  0 2026-09-27 08:47:02
13  0      0 680884  77104 2075360    0    0     0 24900 28515 117671 47 36 16  2  0  0 2026-09-27 08:47:03
 7  0      0 665076  77104 2076404    0    0     0 23532 27081 115928 45 34 19  3  0  0 2026-09-27 08:47:04
35  0      0 651272  77108 2078976    0    0     0 24020 26419 120794 51 40  8  1  0  0 2026-09-27 08:47:05
 7  1      0 633156  77112 2081336    0    0     0 25108 26755 126103 51 39  9  1  0  0 2026-09-27 08:47:06
10  0      0 609720  77116 2082520    0    0     0 24640 25609 119296 52 40  6  2  0  0 2026-09-27 08:47:07
19  0      0 599948  77116 2083948    0    0    32 25560 25030 111162 50 39  9  3  0  0 2026-09-27 08:47:08
53  0      0 577336  77116 2086252    0    0     0 26532 22755 106768 55 41  3  1  0  0 2026-09-27 08:47:09
31  0      0 548368  77116 2087576    0    0     0 25092 24173 114672 55 41  4  1  0  0 2026-09-27 08:47:10
23  1      0 544296  77116 2088828    0    0     0 27076 24715 113746 55 41  3  1  0  0 2026-09-27 08:47:11
50  0      0 530440  77116 2090136    0    0     0 28204 21832 107798 56 42  2  1  0  0 2026-09-27 08:47:12
27  0      0 524156  77120 2091508    0    0     0 29676 21117 112204 55 41  3  1  0  0 2026-09-27 08:47:13
26  0      0 506988  77120 2092796    0    0    16 32612 21792 103663 56 40  3  1  0  0 2026-09-27 08:47:14
22  0      0 504720  77120 2094128    0    0     0 26296 23095 112969 55 41  3  1  0  0 2026-09-27 08:47:15
39  0      0 483876  77124 2096516    0    0    16 27832 22112 104989 57 40  2  1  0  0 2026-09-27 08:47:16
 7  1      0 481116  77124 2097788    0    0     0 30308 22403 110894 52 45  2  1  0  0 2026-09-27 08:47:17
11  0      0 461488  77372 2099996    0    0   248 28532 22636 107729 55 42  2  1  0  0 2026-09-27 08:47:18
procs -----------memory---------- ---swap-- -----io---- -system-- -------cpu------- -----timestamp-----
 r  b   swpd   free   buff  cache   si   so    bi    bo   in   cs us sy id wa st gu                 UTC
49  0      0 461884  77372 2101396    0    0     0 28532 21498 109022 58 39  3  1  0  0 2026-09-27 08:47:19
44  0      0 462192  77372 2102704    0    0     0 28084 21988 109162 57 41  2  1  0  0 2026-09-27 08:47:20
44  1      0 441892  77372 2103972    0    0     0 26968 22276 108904 58 39  3  1  0  0 2026-09-27 08:47:21
 8  1      0 437396  77372 2105368    0    0     0 28504 21695 111952 56 42  1  1  0  0 2026-09-27 08:47:22
49  0      0 426176  77372 2106812    0    0     0 27884 21043 110391 57 41  1  1  0  0 2026-09-27 08:47:23
43  0      0 414616  77372 2108156    0    0     0 26840 21408 109108 59 39  2  1  0  0 2026-09-27 08:47:24
21  1      0 414796  77372 2109612    0    0     0 24604 21372 105153 60 37  3  1  0  0 2026-09-27 08:47:25
13  1      0 396024  77372 2111048    0    0     0 25352 20509 104211 61 37  1  1  0  0 2026-09-27 08:47:26
29  1      0 390932  77372 2112396    0    0    16 28176 21989 109072 58 40  2  1  0  0 2026-09-27 08:47:27
18  0      0 360024  77372 2113856    0    0     0 26744 21336 109571 59 38  2  1  0  0 2026-09-27 08:47:28
39  1      0 356732  77376 2116280    0    0     4 33348 20755 102190 58 39  2  1  0  0 2026-09-27 08:47:29
46  1      0 352956  77376 2118660    0    0     0 28960 22917 112495 57 41  2  0  0  0 2026-09-27 08:47:30
19  1      0 342940  77376 2120096    0    0     0 26076 20423 110615 58 40  2  1  0  0 2026-09-27 08:47:31
38  1      0 326556  77376 2121500    0    0     0 23016 20502 104891 60 38  2  1  0  0 2026-09-27 08:47:32
26  0      0 318840  77376 2123028    0    0     0 24400 22447 113111 58 39  3  1  0  0 2026-09-27 08:47:33
14  1      0 310452  77376 2124196    0    0    16 32636 22975 100572 56 38  4  2  0  0 2026-09-27 08:47:34
10  1      0 290060  77376 2125568    0    0     0 25936 20623 102979 56 39  3  2  0  0 2026-09-27 08:47:35
47  1      0 285808  77376 2126948    0    0    32 27032 21214 101831 55 41  3  1  0  0 2026-09-27 08:47:36
36  0      0 281792  77376 2128268    0    0     0 28260 21568 108898 56 42  2  1  0  0 2026-09-27 08:47:37
43  0      0 258176  77376 2130692    0    0     0 26272 23345 112556 55 41  4  1  0  0 2026-09-27 08:47:38
40  0      0 248444  77376 2132976    0    0     0 25832 19759 98624 61 37  2  1  0  0 2026-09-27 08:47:39
procs -----------memory---------- ---swap-- -----io---- -system-- -------cpu------- -----timestamp-----
 r  b   swpd   free   buff  cache   si   so    bi    bo   in   cs us sy id wa st gu                 UTC
22  0      0 247008  77376 2134500    0    0     0 24384 21633 110990 56 41  3  1  0  0 2026-09-27 08:47:40
56  0      0 240116  77376 2135884    0    0     0 26980 20168 108987 58 38  3  1  0  0 2026-09-27 08:47:41
14  1      0 230316  77376 2137208    0    0     0 27200 22533 108138 55 38  4  2  0  0 2026-09-27 08:47:42
19  0      0 205396  77376 2138460    0    0     0 30936 19587 102879 56 37  3  4  0  0 2026-09-27 08:47:43
13  0      0 206696  77376 2139596    0    0     0 26776 21738 101078 58 38  3  1  0  0 2026-09-27 08:47:44
13  0      0 203180  77380 2140960    0    0     4 35164 22200 103262 57 39  3  1  0  0 2026-09-27 08:47:45
40  0      0 199204  77380 2142240    0    0     0 28300 21446 99388 57 41  2  1  0  0 2026-09-27 08:47:46
29  0      0 172844  77380 2143540    0    0     0 27044 20774 99149 58 37  3  2  0  0 2026-09-27 08:47:47
 7  1      0 166324  77380 2144788    0    0     0 27152 18729 102754 61 38  1  1  0  0 2026-09-27 08:47:48
15  0      0 167120  77380 2146028    0    0     0 27372 20116 95378 57 38  3  2  0  0 2026-09-27 08:47:49
17  0      0 163800  77380 2149308    0    0     0 33704 21255 101909 60 38  2  1  0  0 2026-09-27 08:47:50
55  2      0 161560  77380 2150764    0    0     0 25108 21308 105308 61 37  2  1  0  0 2026-09-27 08:47:51
18  1      0 136904  77380 2151960    0    0     0 26756 21348 98845 60 40  1  0  0  0 2026-09-27 08:47:52
25  0      0 129112  77380 2153544    0    0     0 27712 20125 99343 61 38  1  0  0  0 2026-09-27 08:47:53
46  1      0 126340  77380 2154788    0    0    32 25368 18913 88236 62 38  0  0  0  0 2026-09-27 08:47:54
22  1      0 119804  77380 2157116    0    0     0 25896 21123 96307 61 37  1  1  0  0 2026-09-27 08:47:55
26  0      0 115972  77380 2158388    0    0     0 23108 18962 89312 60 39  1  1  0  0 2026-09-27 08:47:56
26  0      0  85984  77380 2159332    0    0    32 24748 18307 86118 62 37  1  0  0  0 2026-09-27 08:47:57
29  1      0  81996  77380 2160660    0    0     0 26824 20300 99099 59 40  1  1  0  0 2026-09-27 08:47:58
19  0      0  83900  77380 2161820    0    0     0 26380 20201 91170 60 40  1  0  0  0 2026-09-27 08:47:59
 6  0      0  89868  77380 2162684    0    0     0 24444 18925 121995 60 38  2  1  0  0 2026-09-27 08:48:00
procs -----------memory---------- ---swap-- -----io---- -system-- -------cpu------- -----timestamp-----
 r  b   swpd   free   buff  cache   si   so    bi    bo   in   cs us sy id wa st gu                 UTC
13  0      0  86844  77380 2163344    0    0     0  8272 17090 140865 64 31  5  0  0  0 2026-09-27 08:48:01
12  0      0  68968  77380 2164072    0    0     0  4192 16451 134671 65 31  4  0  0  0 2026-09-27 08:48:02
 7  0      0  99224  74240 2099748    0    0     0  3652 17003 123919 63 33  5  0  0  0 2026-09-27 08:48:03
11  0      0  96524  74240 2100488    0    0     0  2760 16537 136393 67 28  5  0  0  0 2026-09-27 08:48:04
