2026-09-26T16:01:01+00:00
COMMAND         %CPU   RSS
mysqld          17.8 1092052
nginx            1.1 17168
nginx            1.1 17236
systemd-journal  0.5 225408
jbd2/sda1-8      0.3     0
rsyslogd         0.3  5244
kworker/1:1H-kb  0.1     0
kworker/0:1H-kb  0.1     0
rcu_preempt      0.1     0
2026-09-26T16:01:03+00:00
COMMAND         %CPU   RSS
mysqld          17.8 1093428
bench            8.5 50520
nginx            1.1 17168
nginx            1.1 17236
isuride          0.6 15068
systemd-journal  0.5 225408
jbd2/sda1-8      0.3     0
rsyslogd         0.3  5244
kworker/1:1H-kb  0.1     0
2026-09-26T16:01:05+00:00
COMMAND         %CPU   RSS
mysqld          17.8 1094408
bench           14.2 74988
isuride          2.3 15344
nginx            1.1 17168
nginx            1.1 17236
systemd-journal  0.5 225408
jbd2/sda1-8      0.3     0
rsyslogd         0.3  5244
kworker/1:1H-kb  0.1     0
2026-09-26T16:01:07+00:00
COMMAND         %CPU   RSS
mysqld          17.8 1096252
bench           17.7 104652
isuride          4.1 16280
nginx            1.1 17168
nginx            1.1 17236
systemd-journal  0.5 225408
jbd2/sda1-8      0.3     0
rsyslogd         0.3  5244
kworker/1:1H-kb  0.1     0
2026-09-26T16:01:09+00:00
COMMAND         %CPU   RSS
bench           20.0 133028
mysqld          17.8 1100188
isuride          6.0 16728
nginx            1.1 17168
nginx            1.1 17236
systemd-journal  0.5 225408
jbd2/sda1-8      0.3     0
rsyslogd         0.3  5244
kworker/1:1H-kb  0.1     0
2026-09-26T16:01:11+00:00
COMMAND         %CPU   RSS
bench           22.1 173656
mysqld          17.8 1104240
isuride          7.9 18056
nginx            1.1 17168
nginx            1.1 17236
systemd-journal  0.5 225408
jbd2/sda1-8      0.3     0
rsyslogd         0.3  5244
kworker/1:1H-kb  0.1     0
2026-09-26T16:01:13+00:00
COMMAND         %CPU   RSS
bench           22.8 197440
mysqld          17.8 1108892
isuride          9.8 17972
nginx            1.1 17168
nginx            1.1 17236
systemd-journal  0.5 225408
jbd2/sda1-8      0.3     0
rsyslogd         0.3  5244
kworker/1:1H-kb  0.1     0
2026-09-26T16:01:15+00:00
COMMAND         %CPU   RSS
bench           23.3 218332
mysqld          17.9 1113180
isuride         11.6 20956
curl             9.0 12324
nginx            1.1 17168
nginx            1.1 17236
systemd-journal  0.5 225408
jbd2/sda1-8      0.3     0
rsyslogd         0.3  5244
2026-09-26T16:01:17+00:00
COMMAND         %CPU   RSS
bench           23.6 235624
mysqld          17.9 1117652
isuride         13.2 19528
nginx            1.1 17168
nginx            1.1 17236
systemd-journal  0.5 225408
jbd2/sda1-8      0.3     0
rsyslogd         0.3  5244
kworker/1:1H-kb  0.1     0
2026-09-26T16:01:19+00:00
COMMAND         %CPU   RSS
bench           23.9 248976
mysqld          17.9 1120252
isuride         14.8 20188
nginx            1.1 17168
nginx            1.1 17236
systemd-journal  0.5 225408
jbd2/sda1-8      0.3     0
rsyslogd         0.3  5244
kworker/1:1H-kb  0.1     0
2026-09-26T16:01:21+00:00
COMMAND         %CPU   RSS
bench           24.1 258344
mysqld          17.9 1127084
isuride         16.2 21960
nginx            1.1 17168
nginx            1.1 17236
systemd-journal  0.5 225412
jbd2/sda1-8      0.3     0
rsyslogd         0.3  5244
kworker/1:1H-kb  0.1     0
2026-09-26T16:01:23+00:00
COMMAND         %CPU   RSS
bench           24.4 263212
mysqld          17.9 1127948
isuride         17.5 22300
nginx            1.1 17168
nginx            1.1 17236
systemd-journal  0.5 225412
jbd2/sda1-8      0.3     0
rsyslogd         0.3  5244
kworker/1:1H-kb  0.1     0
2026-09-26T16:01:25+00:00
COMMAND         %CPU   RSS
bench           24.8 278272
isuride         18.6 25336
mysqld          17.9 1130316
nginx            1.1 17168
nginx            1.1 17236
systemd-journal  0.5 225412
jbd2/sda1-8      0.3     0
rsyslogd         0.3  5244
kworker/1:1H-kb  0.1     0
2026-09-26T16:01:27+00:00
COMMAND         %CPU   RSS
bench           25.2 298656
isuride         19.5 26888
mysqld          17.9 1133608
nginx            1.1 17168
nginx            1.1 17236
systemd-journal  0.5 225412
jbd2/sda1-8      0.3     0
rsyslogd         0.3  5244
kworker/1:1H-kb  0.1     0
2026-09-26T16:01:29+00:00
COMMAND         %CPU   RSS
bench           25.5 330632
isuride         20.4 28144
mysqld          17.9 1135740
curl            12.5 12324
nginx            1.1 17168
nginx            1.1 17236
systemd-journal  0.5 225412
jbd2/sda1-8      0.3     0
rsyslogd         0.3  5244
2026-09-26T16:01:31+00:00
COMMAND         %CPU   RSS
bench           25.8 367188
isuride         21.3 28516
mysqld          17.9 1137692
nginx            1.1 17168
nginx            1.1 17236
systemd-journal  0.5 225412
jbd2/sda1-8      0.3     0
rsyslogd         0.3  5244
kworker/1:1H-kb  0.1     0
2026-09-26T16:01:33+00:00
COMMAND         %CPU   RSS
bench           25.8 370164
isuride         22.0 27356
mysqld          17.9 1138904
nginx            1.1 17168
nginx            1.1 17236
systemd-journal  0.5 225412
jbd2/sda1-8      0.3     0
rsyslogd         0.3  5244
kworker/1:1H-kb  0.1     0
2026-09-26T16:01:35+00:00
COMMAND         %CPU   RSS
bench           25.3 399060
isuride         22.0 31112
mysqld          17.9 1141028
nginx            1.1 17168
nginx            1.1 17236
systemd-journal  0.5 225412
jbd2/sda1-8      0.3     0
rsyslogd         0.3  5244
kworker/1:1H-kb  0.1     0
2026-09-26T16:01:37+00:00
COMMAND         %CPU   RSS
bench           25.3 401876
isuride         22.4 34376
mysqld          17.9 1142792
curl            10.0 12320
nginx            1.1 17168
nginx            1.1 17236
systemd-journal  0.5 225412
jbd2/sda1-8      0.3     0
rsyslogd         0.3  5244
2026-09-26T16:01:39+00:00
COMMAND         %CPU   RSS
bench           25.0 415336
isuride         22.8 34272
mysqld          17.9 1151612
curl             5.5 12324
nginx            1.1 17168
nginx            1.1 17236
systemd-journal  0.5 225412
jbd2/sda1-8      0.3     0
rsyslogd         0.3  5244
2026-09-26T16:01:41+00:00
COMMAND         %CPU   RSS
bench           25.1 433544
isuride         23.4 34396
mysqld          17.9 1144448
nginx            1.1 17168
nginx            1.1 17236
systemd-journal  0.5 225412
jbd2/sda1-8      0.3     0
rsyslogd         0.3  5244
kworker/1:1H-kb  0.1     0
2026-09-26T16:01:43+00:00
COMMAND         %CPU   RSS
bench           25.2 436432
isuride         24.0 34076
mysqld          17.9 1145408
nginx            1.1 17168
nginx            1.1 17236
systemd-journal  0.5 225412
jbd2/sda1-8      0.3     0
rsyslogd         0.3  5244
kworker/1:1H-kb  0.1     0
2026-09-26T16:01:45+00:00
COMMAND         %CPU   RSS
bench           25.4 459752
isuride         24.5 35144
mysqld          17.9 1147328
nginx            1.1 17168
nginx            1.1 17236
systemd-journal  0.5 225412
jbd2/sda1-8      0.3     0
rsyslogd         0.3  5244
kworker/1:1H-kb  0.1     0
2026-09-26T16:01:47+00:00
COMMAND         %CPU   RSS
bench           25.5 461288
isuride         25.0 37068
mysqld          17.9 1148072
curl             7.1 12324
nginx            1.1 17168
nginx            1.1 17236
systemd-journal  0.5 225412
jbd2/sda1-8      0.3     0
rsyslogd         0.3  5244
2026-09-26T16:01:49+00:00
COMMAND         %CPU   RSS
bench           25.7 494820
isuride         25.4 38896
mysqld          18.0 1149172
curl             2.5 12324
nginx            1.1 17168
nginx            1.1 17236
systemd-journal  0.5 225412
jbd2/sda1-8      0.3     0
rsyslogd         0.3  5244
2026-09-26T16:01:51+00:00
COMMAND         %CPU   RSS
isuride         25.9 38496
bench           25.6 496492
mysqld          18.0 1149172
curl             2.3 12324
nginx            1.1 17168
nginx            1.1 17236
systemd-journal  0.5 225412
jbd2/sda1-8      0.3     0
rsyslogd         0.3  5244
2026-09-26T16:01:53+00:00
COMMAND         %CPU   RSS
isuride         26.3 38188
bench           25.7 498592
mysqld          18.0 1150224
curl             3.2 12324
nginx            1.1 17168
nginx            1.1 17236
systemd-journal  0.5 225412
jbd2/sda1-8      0.3     0
rsyslogd         0.3  5244
2026-09-26T16:01:55+00:00
COMMAND         %CPU   RSS
isuride         26.6 40020
bench           25.9 519876
mysqld          18.0 1150496
curl             4.5 12324
nginx            1.1 17168
nginx            1.1 17236
systemd-journal  0.5 225412
jbd2/sda1-8      0.3     0
rsyslogd         0.3  5244
2026-09-26T16:01:57+00:00
COMMAND         %CPU   RSS
isuride         26.9 39788
bench           25.9 522080
mysqld          18.0 1156692
nginx            1.1 17168
nginx            1.1 17236
systemd-journal  0.5 225412
jbd2/sda1-8      0.3     0
rsyslogd         0.3  5244
kworker/1:1H-kb  0.1     0
2026-09-26T16:01:59+00:00
COMMAND         %CPU   RSS
isuride         27.1 40348
bench           26.0 534536
mysqld          18.0 1151436
nginx            1.1 17168
nginx            1.1 17236
systemd-journal  0.5 225412
jbd2/sda1-8      0.3     0
rsyslogd         0.3  5244
kworker/1:1H-kb  0.1     0
2026-09-26T16:02:01+00:00
COMMAND         %CPU   RSS
isuride         27.3 40848
bench           26.0 537300
mysqld          18.0 1151408
nginx            1.1 17168
nginx            1.1 17236
systemd-journal  0.5 225412
jbd2/sda1-8      0.3     0
rsyslogd         0.3  5244
kworker/1:1H-kb  0.1     0
2026-09-26T16:02:03+00:00
COMMAND         %CPU   RSS
isuride         27.7 31704
bench           25.9 540340
mysqld          18.0 1151408
nginx            1.1 17168
nginx            1.1 17236
systemd-journal  0.5 225412
jbd2/sda1-8      0.3     0
rsyslogd         0.3  5244
kworker/1:1H-kb  0.1     0
2026-09-26T16:02:05+00:00
COMMAND         %CPU   RSS
isuride         28.1 28300
bench           25.9 574696
mysqld          18.0 1151408
nginx            1.1 17168
nginx            1.1 17236
systemd-journal  0.5 225412
jbd2/sda1-8      0.3     0
rsyslogd         0.3  5244
kworker/1:1H-kb  0.1     0
