procs -----------memory---------- ---swap-- -----io---- -system-- -------cpu------- -----timestamp-----
 r  b   swpd   free   buff  cache   si   so    bi    bo   in   cs us sy id wa st gu                 UTC
 3  0      0 680656  69820 1962200    0    0    86  3616 3453   67 12  6 81  0  0  0 2026-09-26 16:01:01
11  0      0 672132  69824 1953572    0    0   212 63900 18295 39002 30 13 41 16  0  0 2026-09-26 16:01:02
 0  0      0 668576  69824 1954116    0    0     0  9720 15463 45875 14 12 72  3  0  0 2026-09-26 16:01:03
 0  0      0 665384  69824 1954736    0    0     0 14976 25880 74978 24 18 54  3  0  0 2026-09-26 16:01:04
21  0      0 651384  69824 1955568    0    0     0 19444 29874 95469 32 25 39  4  0  0 2026-09-26 16:01:05
19  0      0 632020  69824 1957876    0    0     0 24928 26162 96131 40 26 29  4  0  0 2026-09-26 16:01:06
 0  0      0 616660  69824 1959916    0    0     0 21160 25367 93730 36 27 33  4  0  0 2026-09-26 16:01:07
31  1      0 601860  69824 1962068    0    0     0 22892 26118 101143 41 30 26  3  0  0 2026-09-26 16:01:08
22  0      0 578004  69824 1963380    0    0     0 28548 24144 103883 48 33 13  5  0  0 2026-09-26 16:01:09
21  1      0 558600  69824 1964900    0    0     0 27584 23882 106054 50 37  9  4  0  0 2026-09-26 16:01:10
 4  0      0 526692  69824 1968232    0    0     0 26280 23169 104646 52 35 10  2  0  0 2026-09-26 16:01:11
12  0      0 508844  69824 1970452    0    0     0 25352 24968 107882 52 37  8  3  0  0 2026-09-26 16:01:12
24  1      0 491244  69824 1972916    0    0     0 26964 24187 110914 52 40  6  2  0  0 2026-09-26 16:01:13
 9  1      0 475804  69824 1975240    0    0     0 26392 24023 107522 53 40  5  2  0  0 2026-09-26 16:01:14
49  0      0 457968  69824 1977724    0    0     0 28692 22651 112023 53 40  5  3  0  0 2026-09-26 16:01:15
12  1      0 449680  69824 1981028    0    0     0 30356 21606 105536 53 39  6  3  0  0 2026-09-26 16:01:16
19  1      0 430156  69824 1983324    0    0     4 26900 22578 107674 56 37  5  2  0  0 2026-09-26 16:01:17
32  1      0 423352  69824 1985672    0    0     0 29444 24811 106458 56 40  3  1  0  0 2026-09-26 16:01:18
12  0      0 411328  69824 1988040    0    0     0 34308 21961 101266 56 39  4  1  0  0 2026-09-26 16:01:19
31  0      0 399548  69824 1991264    0    0     4 29876 22925 111616 53 43  3  1  0  0 2026-09-26 16:01:20
34  1      0 391232  69824 1993404    0    0     0 28212 22223 111837 56 41  2  1  0  0 2026-09-26 16:01:21
procs -----------memory---------- ---swap-- -----io---- -system-- -------cpu------- -----timestamp-----
 r  b   swpd   free   buff  cache   si   so    bi    bo   in   cs us sy id wa st gu                 UTC
42  0      0 381428  69824 1994648    0    0     0 27520 22502 107693 56 41  3  1  0  0 2026-09-26 16:01:22
26  0      0 374356  69824 1996332    0    0     0 27304 26451 113399 54 40  5  1  0  0 2026-09-26 16:01:23
22  1      0 362928  69824 1998236    0    0     0 26140 22839 108164 58 38  3  1  0  0 2026-09-26 16:01:24
57  1      0 351396  69824 2001672    0    0     0 26744 19352 102377 60 38  1  0  0  0 2026-09-26 16:01:25
 5  1      0 332240  69824 2003780    0    0     4 27164 21565 101717 58 41  1  0  0  0 2026-09-26 16:01:26
35  0      0 319984  69824 2006080    0    0     0 27696 22304 107086 58 38  2  1  0  0 2026-09-26 16:01:27
42  0      0 290248  69824 2008552    0    0     4 26760 22364 105639 56 41  3  1  0  0 2026-09-26 16:01:28
42  1      0 274148  69824 2010940    0    0     0 27636 18049 99665 62 36  2  1  0  0 2026-09-26 16:01:29
23  1      0 270324  69824 2014152    0    0    48 34940 19967 103534 58 39  3  1  0  0 2026-09-26 16:01:30
33  1      0 241592  69824 2015216    0    0     0 27828 20591 105906 57 42  1  1  0  0 2026-09-26 16:01:31
13  0      0 225812  69824 2016856    0    0     0 28772 20999 101804 60 38  2  1  0  0 2026-09-26 16:01:32
35  1      0 228212  69824 2018108    0    0     0 26624 19581 105604 60 37  3  1  0  0 2026-09-26 16:01:33
 6  1      0 218944  69824 2020492    0    0     0  5804 8485 36109 21 11 34 34  0  0 2026-09-26 16:01:34
 7  1      0 197592  69824 2019768    0    0     0 18692 19226 89237 47 24 12 17  0  0 2026-09-26 16:01:35
20  1      0 186956  69824 2021084    0    0     0 26892 20837 105894 61 36  3  1  0  0 2026-09-26 16:01:36
 0  2      0 183216  69824 2023592    0    0     0 26320 18304 92777 50 34  2 14  0  0 2026-09-26 16:01:37
27  0      0 169220  69824 2024224    0    0     0  9968 13501 57093 33 15  8 44  0  0 2026-09-26 16:01:38
34  0      0 164740  69824 2025828    0    0     0 23832 23120 107679 59 35  5  2  0  0 2026-09-26 16:01:39
 4  1      0 147292  69824 2026792    0    0     0 30860 19276 97568 61 36  3  0  0  0 2026-09-26 16:01:40
30  0      0 140276  69824 2028636    0    0     0 26056 22626 107449 57 38  3  1  0  0 2026-09-26 16:01:41
19  0      0 138476  69824 2031352    0    0     4 27188 22953 109532 58 39  2  1  0  0 2026-09-26 16:01:42
procs -----------memory---------- ---swap-- -----io---- -system-- -------cpu------- -----timestamp-----
 r  b   swpd   free   buff  cache   si   so    bi    bo   in   cs us sy id wa st gu                 UTC
21  1      0 122420  69824 2033064    0    0     0 27792 19458 98418 61 37  2  1  0  0 2026-09-26 16:01:43
12  1      0 112580  69824 2034488    0    0     4 23904 20959 104845 60 37  3  0  0  0 2026-09-26 16:01:44
49  1      0 102504  69824 2036232    0    0     0 27528 22393 103915 62 37  1  1  0  0 2026-09-26 16:01:45
40  1      0 100904  69824 2038152    0    0     0 26944 21630 105675 59 39  1  1  0  0 2026-09-26 16:01:46
14  0      0  94472  69824 2039564    0    0     4 28480 19476 101606 59 40  1  0  0  0 2026-09-26 16:01:47
59  1      0  89116  69824 2042412    0    0     0 28268 20172 103768 60 39  1  1  0  0 2026-09-26 16:01:48
 5  1      0  81732  68968 2021544    0    0     0 27480 19169 93402 59 38  2  1  0  0 2026-09-26 16:01:49
13  0      0  89240  68960 2009776    0    0     4 34980 20611 101212 58 40  1  1  0  0 2026-09-26 16:01:50
19  0      0  89696  68960 2010748    0    0    16 25900 22677 104530 57 40  3  1  0  0 2026-09-26 16:01:51
14  0      0  75252  68960 2013516    0    0    32 28208 22156 98628 59 38  2  1  0  0 2026-09-26 16:01:52
12  1      0  77468  68960 2015068    0    0     4 26728 19544 106191 61 38  1  0  0  0 2026-09-26 16:01:53
 7  0      0  77660  68932 1998536    0    0     0 26864 19425 92210 61 38  1  0  0  0 2026-09-26 16:01:54
37  0      0  90152  68932 1979100    0    0     0 27076 20047 95911 60 36  3  1  0  0 2026-09-26 16:01:55
20  0      0  90816  68932 1981592    0    0     0 26612 21074 94839 59 35  4  2  0  0 2026-09-26 16:01:56
44  1      0  90380  68932 1984252    0    0     4 25096 22528 105893 54 39  6  1  0  0 2026-09-26 16:01:57
12  1      0  79680  68932 1987932    0    0     0 27796 18635 94596 62 35  2  1  0  0 2026-09-26 16:01:58
33  1      0  94584  68928 1969040    0    0     0 24848 21991 93364 58 35  6  2  0  0 2026-09-26 16:01:59
54  0      0  96944  68928 1949960    0    0     4 30852 20538 85067 64 31  4  1  0  0 2026-09-26 16:02:00
22  0      0  94176  68928 1954452    0    0     0 24092 19799 91480 63 34  3  1  0  0 2026-09-26 16:02:01
14  1      0  78492  68928 1955188    0    0     0 26824 20074 91677 61 36  3  1  0  0 2026-09-26 16:02:02
36  0      0  86044  68928 1956764    0    0     0 18640 23342 112141 60 34  5  1  0  0 2026-09-26 16:02:03
procs -----------memory---------- ---swap-- -----io---- -system-- -------cpu------- -----timestamp-----
 r  b   swpd   free   buff  cache   si   so    bi    bo   in   cs us sy id wa st gu                 UTC
 7  0      0  80016  68928 1957908    0    0     0  5420 17777 129899 64 27  8  1  0  0 2026-09-26 16:02:04
 3  0      0  81352  68928 1932004    0    0     0  4180 15492 128804 66 26  8  0  0  0 2026-09-26 16:02:05
14  0      0  78844  68928 1933092    0    0     0  3912 16787 135145 63 30  7  0  0  0 2026-09-26 16:02:06
