time=19:14:48.771 level=INFO msg=負荷走行を開始します
time=19:14:48.771 level=DEBUG source=/tmp/isucon14/bench/cmd/run.go:90 msg=target targetURL=https://isuride.xiv.isucon.net targetAddr=127.0.0.1:443 benchrun.GetTargetAddress()="" paymentURL=http://127.0.0.1:12346
time=19:14:51.627 level=DEBUG source=/tmp/isucon14/bench/benchmarker/scenario/scenario.go:315 msg=時間経過 tick=60
time=19:14:51.627 level=DEBUG source=/tmp/isucon14/bench/benchmarker/scenario/scenario.go:317 msg=eval reqs=0 score="[0 0 0 0 0]" criteria="[0 0 0 0]"
time=19:14:53.426 level=DEBUG source=/tmp/isucon14/bench/benchmarker/scenario/scenario.go:315 msg=時間経過 tick=120
time=19:14:53.426 level=DEBUG source=/tmp/isucon14/bench/benchmarker/scenario/scenario.go:317 msg=eval reqs=0 score="[0 0 0 0 0]" criteria="[0 0 0 0]"
time=19:14:55.227 level=DEBUG source=/tmp/isucon14/bench/benchmarker/scenario/scenario.go:315 msg=時間経過 tick=180
time=19:14:55.227 level=DEBUG source=/tmp/isucon14/bench/benchmarker/scenario/scenario.go:317 msg=eval reqs=1 score="[0 0 1 0 0]" criteria="[0 0 1 1]"
time=19:14:55.227 level=INFO msg=これまでに地域内の評判によって0人、既存ユーザーの招待経由で0人が新規登録しました
time=19:14:55.227 level=INFO msg=100.0%のライドは椅子がマッチされるまでの時間、100.0%のライドはマッチされた椅子が乗車地点までに掛かる時間、0.0%のライドは椅子の実移動時間に不満がありました
time=19:14:57.027 level=DEBUG source=/tmp/isucon14/bench/benchmarker/scenario/scenario.go:315 msg=時間経過 tick=240
time=19:14:57.027 level=DEBUG source=/tmp/isucon14/bench/benchmarker/scenario/scenario.go:317 msg=eval reqs=4 score="[0 0 3 1 0]" criteria="[0 1 4 4]"
time=19:14:58.826 level=DEBUG source=/tmp/isucon14/bench/benchmarker/scenario/scenario.go:315 msg=時間経過 tick=300
time=19:14:58.826 level=DEBUG source=/tmp/isucon14/bench/benchmarker/scenario/scenario.go:317 msg=eval reqs=5 score="[0 0 4 1 0]" criteria="[0 1 5 5]"
time=19:15:00.617 level=INFO msg=一定の売上が立ったためオーナーの椅子が増加します 名前=木座デザイン 増加数=1
time=19:15:00.627 level=DEBUG source=/tmp/isucon14/bench/benchmarker/scenario/scenario.go:315 msg=時間経過 tick=360
time=19:15:00.627 level=DEBUG source=/tmp/isucon14/bench/benchmarker/scenario/scenario.go:317 msg=eval reqs=7 score="[0 0 5 2 0]" criteria="[2 1 6 7]"
time=19:15:00.627 level=INFO msg=これまでに地域内の評判によって5人、既存ユーザーの招待経由で2人が新規登録しました
time=19:15:00.627 level=INFO msg=71.4%のライドは椅子がマッチされるまでの時間、85.7%のライドはマッチされた椅子が乗車地点までに掛かる時間、7.1%のライドは椅子の実移動時間に不満がありました
time=19:15:02.427 level=DEBUG source=/tmp/isucon14/bench/benchmarker/scenario/scenario.go:315 msg=時間経過 tick=420
time=19:15:02.427 level=DEBUG source=/tmp/isucon14/bench/benchmarker/scenario/scenario.go:317 msg=eval reqs=11 score="[0 0 7 4 0]" criteria="[6 1 8 11]"
time=19:15:02.433 level=INFO msg=一定の売上が立ったためオーナーの椅子が増加します 名前="CraftChair Co., Ltd." 増加数=1
time=19:15:04.226 level=DEBUG source=/tmp/isucon14/bench/benchmarker/scenario/scenario.go:315 msg=時間経過 tick=480
time=19:15:04.226 level=DEBUG source=/tmp/isucon14/bench/benchmarker/scenario/scenario.go:317 msg=eval reqs=12 score="[0 0 7 5 0]" criteria="[7 1 9 12]"
time=19:15:06.027 level=DEBUG source=/tmp/isucon14/bench/benchmarker/scenario/scenario.go:315 msg=時間経過 tick=540
time=19:15:06.027 level=DEBUG source=/tmp/isucon14/bench/benchmarker/scenario/scenario.go:317 msg=eval reqs=15 score="[0 0 8 7 0]" criteria="[10 1 11 15]"
time=19:15:06.027 level=INFO msg=これまでに地域内の評判によって13人、既存ユーザーの招待経由で7人が新規登録しました
time=19:15:06.027 level=INFO msg=33.3%のライドは椅子がマッチされるまでの時間、93.3%のライドはマッチされた椅子が乗車地点までに掛かる時間、13.3%のライドは椅子の実移動時間に不満がありました
time=19:15:06.037 level=INFO msg=一定の売上が立ったためオーナーの椅子が増加します 名前=座り心地再生所 増加数=1
time=19:15:06.049 level=INFO msg=一定の売上が立ったためオーナーの椅子が増加します 名前="CraftChair Co., Ltd." 増加数=1
time=19:15:07.826 level=DEBUG source=/tmp/isucon14/bench/benchmarker/scenario/scenario.go:315 msg=時間経過 tick=600
time=19:15:07.826 level=DEBUG source=/tmp/isucon14/bench/benchmarker/scenario/scenario.go:317 msg=eval reqs=18 score="[0 0 10 8 0]" criteria="[13 1 13 17]"
time=19:15:09.626 level=DEBUG source=/tmp/isucon14/bench/benchmarker/scenario/scenario.go:315 msg=時間経過 tick=660
time=19:15:09.626 level=DEBUG source=/tmp/isucon14/bench/benchmarker/scenario/scenario.go:317 msg=eval reqs=21 score="[0 1 12 8 0]" criteria="[15 1 14 19]"
time=19:15:09.638 level=INFO msg=一定の売上が立ったためオーナーの椅子が増加します 名前=ZenDrive 増加数=1
time=19:15:11.425 level=INFO msg=一定の売上が立ったためオーナーの椅子が増加します 名前=ZenDrive 増加数=1
time=19:15:11.427 level=DEBUG source=/tmp/isucon14/bench/benchmarker/scenario/scenario.go:315 msg=時間経過 tick=720
time=19:15:11.427 level=DEBUG source=/tmp/isucon14/bench/benchmarker/scenario/scenario.go:317 msg=eval reqs=24 score="[0 3 13 8 0]" criteria="[16 1 16 20]"
time=19:15:11.427 level=INFO msg=これまでに地域内の評判によって21人、既存ユーザーの招待経由で8人が新規登録しました
time=19:15:11.427 level=INFO msg=これまでに低評価なライドによって1人が利用をやめました
time=19:15:11.427 level=INFO msg=33.3%のライドは椅子がマッチされるまでの時間、95.8%のライドはマッチされた椅子が乗車地点までに掛かる時間、25.0%のライドは椅子の実移動時間に不満がありました
time=19:15:13.227 level=DEBUG source=/tmp/isucon14/bench/benchmarker/scenario/scenario.go:315 msg=時間経過 tick=780
time=19:15:13.227 level=DEBUG source=/tmp/isucon14/bench/benchmarker/scenario/scenario.go:317 msg=eval reqs=27 score="[1 4 14 8 0]" criteria="[17 1 17 21]"
time=19:15:13.241 level=INFO msg=一定の売上が立ったためオーナーの椅子が増加します 名前=座り心地再生所 増加数=1
time=19:15:13.249 level=INFO msg=一定の売上が立ったためオーナーの椅子が増加します 名前=木座デザイン 増加数=1
time=19:15:15.027 level=DEBUG source=/tmp/isucon14/bench/benchmarker/scenario/scenario.go:315 msg=時間経過 tick=840
time=19:15:15.027 level=DEBUG source=/tmp/isucon14/bench/benchmarker/scenario/scenario.go:317 msg=eval reqs=30 score="[1 5 16 8 0]" criteria="[19 1 18 23]"
time=19:15:16.827 level=DEBUG source=/tmp/isucon14/bench/benchmarker/scenario/scenario.go:315 msg=時間経過 tick=900
time=19:15:16.827 level=DEBUG source=/tmp/isucon14/bench/benchmarker/scenario/scenario.go:317 msg=eval reqs=36 score="[2 8 18 8 0]" criteria="[20 1 22 25]"
time=19:15:16.827 level=INFO msg=これまでに地域内の評判によって28人、既存ユーザーの招待経由で8人が新規登録しました
time=19:15:16.827 level=INFO msg=これまでに低評価なライドによって8人が利用をやめました
time=19:15:16.827 level=INFO msg=44.4%のライドは椅子がマッチされるまでの時間、97.2%のライドはマッチされた椅子が乗車地点までに掛かる時間、34.7%のライドは椅子の実移動時間に不満がありました
time=19:15:16.965 level=INFO msg=一定の売上が立ったためオーナーの椅子が増加します 名前="CraftChair Co., Ltd." 増加数=2
time=19:15:18.622 level=INFO msg=一定の売上が立ったためオーナーの椅子が増加します 名前="Timeless Seats" 増加数=2
time=19:15:18.627 level=DEBUG source=/tmp/isucon14/bench/benchmarker/scenario/scenario.go:315 msg=時間経過 tick=960
time=19:15:18.627 level=DEBUG source=/tmp/isucon14/bench/benchmarker/scenario/scenario.go:317 msg=eval reqs=40 score="[5 8 19 8 0]" criteria="[20 1 23 26]"
time=19:15:18.634 level=INFO msg=一定の売上が立ったためオーナーの椅子が増加します 名前=木座デザイン 増加数=1
time=19:15:18.647 level=INFO msg=一定の売上が立ったためオーナーの椅子が増加します 名前=座り心地再生所 増加数=1
time=19:15:20.426 level=DEBUG source=/tmp/isucon14/bench/benchmarker/scenario/scenario.go:315 msg=時間経過 tick=1020
time=19:15:20.426 level=DEBUG source=/tmp/isucon14/bench/benchmarker/scenario/scenario.go:317 msg=eval reqs=45 score="[7 10 20 8 0]" criteria="[20 1 24 29]"
time=19:15:22.227 level=INFO msg=これまでに地域内の評判によって36人、既存ユーザーの招待経由で8人が新規登録しました
time=19:15:22.227 level=INFO msg=これまでに低評価なライドによって13人が利用をやめました
time=19:15:22.227 level=INFO msg=59.2%のライドは椅子がマッチされるまでの時間、98.0%のライドはマッチされた椅子が乗車地点までに掛かる時間、41.8%のライドは椅子の実移動時間に不満がありました
time=19:15:22.227 level=DEBUG source=/tmp/isucon14/bench/benchmarker/scenario/scenario.go:315 msg=時間経過 tick=1080
time=19:15:22.227 level=DEBUG source=/tmp/isucon14/bench/benchmarker/scenario/scenario.go:317 msg=eval reqs=49 score="[8 12 21 8 0]" criteria="[20 1 25 32]"
time=19:15:22.253 level=INFO msg=一定の売上が立ったためオーナーの椅子が増加します 名前="Timeless Seats" 増加数=1
time=19:15:22.261 level=INFO msg=一定の売上が立ったためオーナーの椅子が増加します 名前=木座デザイン 増加数=1
time=19:15:24.027 level=DEBUG source=/tmp/isucon14/bench/benchmarker/scenario/scenario.go:315 msg=時間経過 tick=1140
time=19:15:24.027 level=DEBUG source=/tmp/isucon14/bench/benchmarker/scenario/scenario.go:317 msg=eval reqs=52 score="[9 12 23 8 0]" criteria="[20 1 27 34]"
time=19:15:25.826 level=DEBUG source=/tmp/isucon14/bench/benchmarker/scenario/scenario.go:315 msg=時間経過 tick=1200
time=19:15:25.827 level=DEBUG source=/tmp/isucon14/bench/benchmarker/scenario/scenario.go:317 msg=eval reqs=53 score="[10 12 23 8 0]" criteria="[20 1 27 34]"
time=19:15:25.869 level=INFO msg=一定の売上が立ったためオーナーの椅子が増加します 名前=座り心地再生所 増加数=1
time=19:15:27.626 level=INFO msg=これまでに地域内の評判によって43人、既存ユーザーの招待経由で8人が新規登録しました
time=19:15:27.626 level=INFO msg=これまでに低評価なライドによって17人が利用をやめました
time=19:15:27.626 level=INFO msg=63.6%のライドは椅子がマッチされるまでの時間、98.2%のライドはマッチされた椅子が乗車地点までに掛かる時間、42.7%のライドは椅子の実移動時間に不満がありました
time=19:15:27.626 level=DEBUG source=/tmp/isucon14/bench/benchmarker/scenario/scenario.go:315 msg=時間経過 tick=1260
time=19:15:27.626 level=DEBUG source=/tmp/isucon14/bench/benchmarker/scenario/scenario.go:317 msg=eval reqs=55 score="[10 14 23 8 0]" criteria="[20 1 29 34]"
time=19:15:27.676 level=INFO msg=一定の売上が立ったためオーナーの椅子が増加します 名前="CraftChair Co., Ltd." 増加数=1
time=19:15:29.426 level=DEBUG source=/tmp/isucon14/bench/benchmarker/scenario/scenario.go:315 msg=時間経過 tick=1320
time=19:15:29.427 level=DEBUG source=/tmp/isucon14/bench/benchmarker/scenario/scenario.go:317 msg=eval reqs=57 score="[11 14 24 8 0]" criteria="[20 1 30 35]"
time=19:15:29.478 level=INFO msg=一定の売上が立ったためオーナーの椅子が増加します 名前=ZenDrive 増加数=1
time=19:15:31.227 level=DEBUG source=/tmp/isucon14/bench/benchmarker/scenario/scenario.go:315 msg=時間経過 tick=1380
time=19:15:31.227 level=DEBUG source=/tmp/isucon14/bench/benchmarker/scenario/scenario.go:317 msg=eval reqs=59 score="[13 14 24 8 0]" criteria="[20 1 30 35]"
time=19:15:31.301 level=INFO msg=一定の売上が立ったためオーナーの椅子が増加します 名前="CraftChair Co., Ltd." 増加数=1
time=19:15:33.027 level=INFO msg=これまでに地域内の評判によって49人、既存ユーザーの招待経由で8人が新規登録しました
time=19:15:33.027 level=INFO msg=これまでに低評価なライドによって24人が利用をやめました
time=19:15:33.027 level=INFO msg=68.8%のライドは椅子がマッチされるまでの時間、96.9%のライドはマッチされた椅子が乗車地点までに掛かる時間、48.4%のライドは椅子の実移動時間に不満がありました
time=19:15:33.027 level=DEBUG source=/tmp/isucon14/bench/benchmarker/scenario/scenario.go:315 msg=時間経過 tick=1440
time=19:15:33.027 level=DEBUG source=/tmp/isucon14/bench/benchmarker/scenario/scenario.go:317 msg=eval reqs=64 score="[17 14 25 8 0]" criteria="[20 2 31 35]"
time=19:15:33.053 level=INFO msg=一定の売上が立ったためオーナーの椅子が増加します 名前="Timeless Seats" 増加数=1
time=19:15:33.068 level=INFO msg=一定の売上が立ったためオーナーの椅子が増加します 名前=木座デザイン 増加数=1
time=19:15:34.827 level=DEBUG source=/tmp/isucon14/bench/benchmarker/scenario/scenario.go:315 msg=時間経過 tick=1500
time=19:15:34.827 level=DEBUG source=/tmp/isucon14/bench/benchmarker/scenario/scenario.go:317 msg=eval reqs=65 score="[17 15 25 8 0]" criteria="[20 2 31 36]"
time=19:15:36.635 level=DEBUG source=/tmp/isucon14/bench/benchmarker/scenario/scenario.go:315 msg=時間経過 tick=1560
time=19:15:36.635 level=DEBUG source=/tmp/isucon14/bench/benchmarker/scenario/scenario.go:317 msg=eval reqs=70 score="[22 15 25 8 0]" criteria="[20 2 31 36]"
time=19:15:36.664 level=INFO msg=一定の売上が立ったためオーナーの椅子が増加します 名前=座り心地再生所 増加数=1
time=19:15:36.708 level=INFO msg=一定の売上が立ったためオーナーの椅子が増加します 名前=ZenDrive 増加数=1
time=19:15:36.744 level=INFO msg=一定の売上が立ったためオーナーの椅子が増加します 名前=木座デザイン 増加数=1
time=19:15:38.426 level=DEBUG source=/tmp/isucon14/bench/benchmarker/scenario/scenario.go:315 msg=時間経過 tick=1620
time=19:15:38.426 level=DEBUG source=/tmp/isucon14/bench/benchmarker/scenario/scenario.go:317 msg=eval reqs=70 score="[22 15 25 8 0]" criteria="[20 2 31 36]"
time=19:15:38.426 level=INFO msg=これまでに地域内の評判によって55人、既存ユーザーの招待経由で8人が新規登録しました
time=19:15:38.426 level=INFO msg=これまでに低評価なライドによって27人が利用をやめました
time=19:15:38.426 level=INFO msg=71.4%のライドは椅子がマッチされるまでの時間、97.1%のライドはマッチされた椅子が乗車地点までに掛かる時間、52.1%のライドは椅子の実移動時間に不満がありました
time=19:15:40.226 level=DEBUG source=/tmp/isucon14/bench/benchmarker/scenario/scenario.go:315 msg=時間経過 tick=1680
time=19:15:40.226 level=DEBUG source=/tmp/isucon14/bench/benchmarker/scenario/scenario.go:317 msg=eval reqs=71 score="[23 15 25 8 0]" criteria="[20 2 31 36]"
time=19:15:42.027 level=DEBUG source=/tmp/isucon14/bench/benchmarker/scenario/scenario.go:315 msg=時間経過 tick=1740
time=19:15:42.027 level=DEBUG source=/tmp/isucon14/bench/benchmarker/scenario/scenario.go:317 msg=eval reqs=72 score="[24 15 25 8 0]" criteria="[20 2 31 36]"
time=19:15:42.070 level=INFO msg=一定の売上が立ったためオーナーの椅子が増加します 名前="Timeless Seats" 増加数=1
time=19:15:43.826 level=DEBUG source=/tmp/isucon14/bench/benchmarker/scenario/scenario.go:315 msg=時間経過 tick=1800
time=19:15:43.827 level=DEBUG source=/tmp/isucon14/bench/benchmarker/scenario/scenario.go:317 msg=eval reqs=76 score="[26 16 26 8 0]" criteria="[20 3 32 37]"
time=19:15:43.827 level=INFO msg=これまでに地域内の評判によって61人、既存ユーザーの招待経由で8人が新規登録しました
time=19:15:43.827 level=INFO msg=これまでに低評価なライドによって30人が利用をやめました
time=19:15:43.827 level=INFO msg=73.7%のライドは椅子がマッチされるまでの時間、96.1%のライドはマッチされた椅子が乗車地点までに掛かる時間、54.6%のライドは椅子の実移動時間に不満がありました
time=19:15:43.922 level=INFO msg=一定の売上が立ったためオーナーの椅子が増加します 名前="CraftChair Co., Ltd." 増加数=1
time=19:15:45.627 level=DEBUG source=/tmp/isucon14/bench/benchmarker/scenario/scenario.go:315 msg=時間経過 tick=1860
time=19:15:45.627 level=DEBUG source=/tmp/isucon14/bench/benchmarker/scenario/scenario.go:317 msg=eval reqs=77 score="[27 16 26 8 0]" criteria="[20 3 32 37]"
time=19:15:47.426 level=DEBUG source=/tmp/isucon14/bench/benchmarker/scenario/scenario.go:315 msg=時間経過 tick=1920
time=19:15:47.426 level=DEBUG source=/tmp/isucon14/bench/benchmarker/scenario/scenario.go:317 msg=eval reqs=78 score="[28 16 26 8 0]" criteria="[20 3 32 37]"
time=19:15:49.227 level=INFO msg=これまでに地域内の評判によって67人、既存ユーザーの招待経由で8人が新規登録しました
time=19:15:49.227 level=INFO msg=これまでに低評価なライドによって32人が利用をやめました
time=19:15:49.227 level=INFO msg=75.0%のライドは椅子がマッチされるまでの時間、95.0%のライドはマッチされた椅子が乗車地点までに掛かる時間、56.9%のライドは椅子の実移動時間に不満がありました
time=19:15:49.227 level=DEBUG source=/tmp/isucon14/bench/benchmarker/scenario/scenario.go:315 msg=時間経過 tick=1980
time=19:15:49.227 level=DEBUG source=/tmp/isucon14/bench/benchmarker/scenario/scenario.go:317 msg=eval reqs=80 score="[29 17 26 8 0]" criteria="[20 4 32 37]"
time=19:15:49.364 level=INFO msg=一定の売上が立ったためオーナーの椅子が増加します 名前=木座デザイン 増加数=1
time=19:15:54.827 level=INFO msg=最終地域情報 名前=チェアタウン ユーザー登録数=41 アクティブユーザー数=28
time=19:15:54.827 level=INFO msg=最終地域情報 名前=コシカケシティ ユーザー登録数=46 アクティブユーザー数=26
time=19:15:54.827 level=INFO msg=最終オーナー情報 名前=座り心地再生所 売上=97700 椅子数=9
time=19:15:54.827 level=INFO msg=最終オーナー情報 名前="Timeless Seats" 売上=82900 椅子数=9
time=19:15:54.827 level=INFO msg=最終オーナー情報 名前="CraftChair Co., Ltd." 売上=130000 椅子数=11
time=19:15:54.827 level=INFO msg=最終オーナー情報 名前=ZenDrive 売上=67800 椅子数=8
time=19:15:54.827 level=INFO msg=最終オーナー情報 名前=木座デザイン 売上=112300 椅子数=11
time=19:15:54.827 level=INFO msg=75.9%のライドは椅子がマッチされるまでの時間、95.2%のライドはマッチされた椅子が乗車地点までに掛かる時間、57.8%のライドは椅子の実移動時間に不満がありました
time=19:15:54.827 level=INFO msg=結果 pass=true スコア=8234 種別エラー数=map[]
time=19:15:54.827 level=INFO msg=負荷走行が終了しました
