2026-09-26T10:14:48+00:00
COMMAND         %CPU   RSS
mysqld          53.3 1038388
nginx            1.9  9928
nginx            1.9  9788
systemd-journal  1.4 263704
jbd2/sda1-8      0.8     0
rsyslogd         0.7  5584
rcu_preempt      0.3     0
kworker/1:1H-kb  0.2     0
kworker/0:1H-kb  0.2     0
2026-09-26T10:14:50+00:00
COMMAND         %CPU   RSS
mysqld          53.3 1039776
bench            9.5 51104
nginx            1.9  9788
nginx            1.9  9928
systemd-journal  1.4 264264
isuride          0.8 14816
jbd2/sda1-8      0.8     0
rsyslogd         0.7  5584
rcu_preempt      0.3     0
2026-09-26T10:14:52+00:00
COMMAND         %CPU   RSS
mysqld          53.3 1040152
bench           10.7 53676
isuride          2.8 15264
nginx            1.9  9788
nginx            1.9  9928
systemd-journal  1.4 265156
jbd2/sda1-8      0.8     0
rsyslogd         0.7  5584
rcu_preempt      0.3     0
2026-09-26T10:14:54+00:00
COMMAND         %CPU   RSS
mysqld          53.3 1040824
bench           10.7 53864
isuride          4.5 15368
nginx            1.9  9788
nginx            1.9  9928
systemd-journal  1.4 266156
jbd2/sda1-8      0.8     0
rsyslogd         0.7  5584
rcu_preempt      0.3     0
2026-09-26T10:14:56+00:00
COMMAND         %CPU   RSS
mysqld          53.3 1041764
bench           10.7 54088
isuride          6.0 15908
nginx            1.9  9788
nginx            1.9  9928
systemd-journal  1.4 269384
jbd2/sda1-8      0.8     0
rsyslogd         0.7  5584
rcu_preempt      0.3     0
2026-09-26T10:14:58+00:00
COMMAND         %CPU   RSS
mysqld          53.3 1043140
bench           10.9 61860
isuride          7.4 16088
nginx            1.9  9788
nginx            1.9  9928
systemd-journal  1.4 272248
jbd2/sda1-8      0.8     0
rsyslogd         0.7  5584
rcu_preempt      0.3     0
2026-09-26T10:15:00+00:00
COMMAND         %CPU   RSS
mysqld          53.4 1044852
bench           11.2 64660
isuride          8.7 16416
nginx            1.9  9788
nginx            1.9  9928
systemd-journal  1.4 273588
jbd2/sda1-8      0.8     0
rsyslogd         0.7  5584
rcu_preempt      0.3     0
2026-09-26T10:15:02+00:00
COMMAND         %CPU   RSS
mysqld          53.4 1046988
bench           11.8 70440
isuride         10.0 16656
nginx            1.9  9788
nginx            1.9  9928
systemd-journal  1.4 274932
jbd2/sda1-8      0.8     0
rsyslogd         0.7  5584
rcu_preempt      0.3     0
2026-09-26T10:15:04+00:00
COMMAND         %CPU   RSS
mysqld          53.4 1049224
bench           12.0 78096
isuride         11.1 16732
nginx            1.9  9788
nginx            1.9  9928
systemd-journal  1.4 279156
jbd2/sda1-8      0.8     0
rsyslogd         0.7  5584
rcu_preempt      0.3     0
2026-09-26T10:15:06+00:00
COMMAND         %CPU   RSS
mysqld          53.5 1052784
bench           12.3 86368
isuride         12.1 17080
nginx            1.9  9788
nginx            1.9  9928
systemd-journal  1.4 281472
jbd2/sda1-8      0.8     0
rsyslogd         0.7  5584
rcu_preempt      0.3     0
2026-09-26T10:15:08+00:00
COMMAND         %CPU   RSS
mysqld          53.5 1060792
isuride         13.1 17480
bench           12.6 93728
nginx            1.9  9788
nginx            1.9  9928
systemd-journal  1.4 283064
jbd2/sda1-8      0.8     0
rsyslogd         0.7  5584
rcu_preempt      0.3     0
2026-09-26T10:15:10+00:00
COMMAND         %CPU   RSS
mysqld          53.5 1064952
isuride         14.0 17276
bench           12.8 98472
nginx            1.9  9788
nginx            1.9  9928
systemd-journal  1.4 284448
jbd2/sda1-8      0.8     0
rsyslogd         0.7  5584
rcu_preempt      0.3     0
2026-09-26T10:15:12+00:00
COMMAND         %CPU   RSS
mysqld          53.6 1065644
isuride         14.7 17560
bench           12.9 102132
nginx            1.9  9788
nginx            1.9  9928
systemd-journal  1.4 289428
jbd2/sda1-8      0.8     0
rsyslogd         0.7  5584
rcu_preempt      0.3     0
2026-09-26T10:15:14+00:00
COMMAND         %CPU   RSS
mysqld          53.6 1068280
isuride         15.5 17516
bench           13.0 105812
nginx            1.9  9788
nginx            1.9  9928
systemd-journal  1.4 291224
jbd2/sda1-8      0.8     0
rsyslogd         0.7  5584
rcu_preempt      0.3     0
2026-09-26T10:15:16+00:00
COMMAND         %CPU   RSS
mysqld          53.6 1071396
isuride         16.1 17792
bench           13.1 108984
nginx            1.9  9788
nginx            1.9  9928
systemd-journal  1.4 292724
jbd2/sda1-8      0.8     0
rsyslogd         0.7  5584
rcu_preempt      0.3     0
2026-09-26T10:15:18+00:00
COMMAND         %CPU   RSS
mysqld          53.7 1065924
isuride         16.7 18060
bench           13.3 114860
nginx            1.9  9788
nginx            1.9  9928
systemd-journal  1.4 296856
jbd2/sda1-8      0.8     0
rsyslogd         0.7  5584
rcu_preempt      0.3     0
2026-09-26T10:15:20+00:00
COMMAND         %CPU   RSS
mysqld          53.7 1068388
isuride         17.3 17852
bench           13.4 118252
nginx            1.9  9788
nginx            1.9  9928
systemd-journal  1.4 299024
jbd2/sda1-8      0.8     0
rsyslogd         0.7  5584
rcu_preempt      0.3     0
2026-09-26T10:15:22+00:00
COMMAND         %CPU   RSS
mysqld          53.7 1067584
isuride         17.8 18124
bench           13.5 122032
nginx            1.9  9788
nginx            1.9  9928
systemd-journal  1.4 299360
jbd2/sda1-8      0.8     0
rsyslogd         0.7  5584
rcu_preempt      0.3     0
2026-09-26T10:15:24+00:00
COMMAND         %CPU   RSS
mysqld          53.8 1070708
isuride         18.3 18088
bench           13.6 122944
nginx            1.9  9788
nginx            1.9  9928
systemd-journal  1.4 299360
jbd2/sda1-8      0.8     0
rsyslogd         0.7  5584
rcu_preempt      0.3     0
2026-09-26T10:15:26+00:00
COMMAND         %CPU   RSS
mysqld          53.8 1073088
isuride         18.8 19236
bench           13.6 125388
nginx            1.9  9788
nginx            1.9  9928
systemd-journal  1.4 299360
jbd2/sda1-8      0.8     0
rsyslogd         0.7  5584
rcu_preempt      0.3     0
2026-09-26T10:15:28+00:00
COMMAND         %CPU   RSS
mysqld          53.9 1061908
isuride         19.2 19560
bench           13.7 129468
nginx            1.9  9788
nginx            1.9  9928
systemd-journal  1.4 299480
jbd2/sda1-8      0.8     0
rsyslogd         0.7  5584
rcu_preempt      0.3     0
2026-09-26T10:15:30+00:00
COMMAND         %CPU   RSS
mysqld          53.9 1059740
isuride         19.6 18720
bench           13.7 134112
nginx            1.9  9788
nginx            1.9  9928
systemd-journal  1.4 300976
jbd2/sda1-8      0.8     0
rsyslogd         0.7  5584
rcu_preempt      0.3     0
2026-09-26T10:15:32+00:00
COMMAND         %CPU   RSS
mysqld          53.9 1058900
isuride         19.9 18604
bench           13.7 134116
nginx            1.9  9788
nginx            1.9  9928
systemd-journal  1.4 305876
jbd2/sda1-8      0.8     0
rsyslogd         0.7  5584
rcu_preempt      0.3     0
2026-09-26T10:15:34+00:00
COMMAND         %CPU   RSS
mysqld          54.0 1055532
isuride         20.2 19452
bench           13.8 141732
nginx            1.9  9788
nginx            1.9  9928
systemd-journal  1.4 307868
jbd2/sda1-8      0.8     0
rsyslogd         0.7  5584
rcu_preempt      0.3     0
2026-09-26T10:15:36+00:00
COMMAND         %CPU   RSS
mysqld          54.0 1054496
isuride         20.4 19456
bench           13.8 148392
nginx            1.9  9788
nginx            1.9  9928
systemd-journal  1.4 165976
jbd2/sda1-8      0.8     0
rsyslogd         0.7  5592
rcu_preempt      0.3     0
2026-09-26T10:15:38+00:00
COMMAND         %CPU   RSS
mysqld          54.0 1055556
isuride         20.7 19252
bench           13.8 148476
nginx            1.9  9788
nginx            1.9  9928
systemd-journal  1.4 167408
jbd2/sda1-8      0.8     0
rsyslogd         0.7  5592
rcu_preempt      0.3     0
2026-09-26T10:15:40+00:00
COMMAND         %CPU   RSS
mysqld          54.1 1051988
isuride         20.9 19652
bench           13.7 153784
nginx            1.9  9788
nginx            1.9  9928
systemd-journal  1.4 168796
jbd2/sda1-8      0.8     0
rsyslogd         0.7  5592
rcu_preempt      0.3     0
2026-09-26T10:15:42+00:00
COMMAND         %CPU   RSS
mysqld          54.1 1051484
isuride         21.1 20520
bench           13.7 153832
nginx            1.9  9788
nginx            1.9  9928
systemd-journal  1.5 173128
jbd2/sda1-8      0.8     0
rsyslogd         0.7  5592
rcu_preempt      0.3     0
2026-09-26T10:15:44+00:00
COMMAND         %CPU   RSS
mysqld          54.1 1055192
isuride         21.3 20944
bench           13.8 157988
nginx            1.9  9788
nginx            1.9  9928
systemd-journal  1.5 175156
jbd2/sda1-8      0.8     0
rsyslogd         0.7  5592
rcu_preempt      0.3     0
2026-09-26T10:15:46+00:00
COMMAND         %CPU   RSS
mysqld          54.2 1046676
isuride         21.5 21600
bench           13.8 158412
nginx            1.9  9808
nginx            1.9  9928
systemd-journal  1.5 176512
jbd2/sda1-8      0.8     0
rsyslogd         0.7  5592
rcu_preempt      0.3     0
2026-09-26T10:15:48+00:00
COMMAND         %CPU   RSS
mysqld          54.2 1050716
isuride         21.7 21292
bench           13.8 164024
nginx            1.9  9816
nginx            1.9  9928
systemd-journal  1.5 180156
jbd2/sda1-8      0.8     0
rsyslogd         0.7  5592
rcu_preempt      0.3     0
2026-09-26T10:15:50+00:00
COMMAND         %CPU   RSS
mysqld          54.2 1044872
isuride         21.9 19484
bench           13.7 164372
nginx            1.9  9820
nginx            1.9  9928
systemd-journal  1.5 182128
jbd2/sda1-8      0.8     0
rsyslogd         0.7  5592
rcu_preempt      0.3     0
2026-09-26T10:15:52+00:00
COMMAND         %CPU   RSS
mysqld          54.3 1043944
isuride         22.2 19148
bench           13.7 173332
nginx            1.9  9820
nginx            1.9  9928
systemd-journal  1.5 182252
jbd2/sda1-8      0.8     0
rsyslogd         0.7  5592
rcu_preempt      0.3     0
