procs -----------memory---------- ---swap-- -----io---- -system-- -------cpu------- -----timestamp-----
 r  b   swpd   free   buff  cache   si   so    bi    bo   in   cs us sy id wa st gu                 UTC
 2  0      0 198260  73872 2501568    0    0   157  7063 7571  135 30 12 57  1  0  0 2026-09-26 10:14:48
 1  0      0 189400  73872 2502304    0    0   116 61468 15251 30725 32 11 40 18  0  0 2026-09-26 10:14:49
 3  0      0 181256  73872 2502868    0    0     0  5944 23507 65446 38 16 45  2  0  0 2026-09-26 10:14:50
 3  0      0 175976  73872 2503648    0    0     0  6532 23086 64704 37 21 41  1  0  0 2026-09-26 10:14:51
14  0      0 172236  73872 2504200    0    0     0  9592 14299 45292 50 28 20  2  0  0 2026-09-26 10:14:52
 3  0      0 169652  73872 2505140    0    0     0 10268 20498 67191 46 24 28  2  0  0 2026-09-26 10:14:53
 9  0      0 171736  73872 2506000    0    0     0 10244 22898 77895 44 22 32  2  0  0 2026-09-26 10:14:54
 2  0      0 183072  73872 2507068    0    0     0 12716 24241 84771 46 23 30  1  0  0 2026-09-26 10:14:55
 3  0      0 176524  73872 2508108    0    0     0 11668 24423 87848 47 25 26  1  0  0 2026-09-26 10:14:56
 4  1      0 179460  73872 2509184    0    0     0 30348 23313 85934 49 27 22  2  0  0 2026-09-26 10:14:57
 7  1      0 167124  73872 2510468    0    0     0 12504 22588 82403 53 26 20  1  0  0 2026-09-26 10:14:58
12  0      0 164388  73872 2511816    0    0     0 14436 22518 85915 57 28 14  1  0  0 2026-09-26 10:14:59
30  0      0 159348  73872 2514076    0    0     0 17312 22072 83821 56 28 14  2  0  0 2026-09-26 10:15:00
18  0      0 150276  73872 2515308    0    0     0 15020 22893 91984 57 30 12  1  0  0 2026-09-26 10:15:01
 8  0      0 147396  73872 2517968    0    0     0 17540 20507 81739 59 34  7  1  0  0 2026-09-26 10:15:02
15  0      0 139864  73872 2520020    0    0     0 18648 20519 83170 61 30  8  1  0  0 2026-09-26 10:15:03
 2  0      0 130316  73872 2521456    0    0     0 20560 20643 80835 62 32  5  1  0  0 2026-09-26 10:15:04
46  0      0 122308  73872 2522824    0    0     0 17856 19989 81428 62 31  6  1  0  0 2026-09-26 10:15:05
25  0      0 116980  73872 2525216    0    0     0 20696 18555 78906 67 31  2  1  0  0 2026-09-26 10:15:06
 3  0      0 105124  73872 2526660    0    0     0 41748 18383 76876 60 34  5  1  0  0 2026-09-26 10:15:07
18  0      0  94896  73872 2527836    0    0     0 19108 19762 79348 63 34  3  1  0  0 2026-09-26 10:15:08
procs -----------memory---------- ---swap-- -----io---- -system-- -------cpu------- -----timestamp-----
 r  b   swpd   free   buff  cache   si   so    bi    bo   in   cs us sy id wa st gu                 UTC
28  0      0  90644  73872 2529256    0    0     0 19448 18958 77541 64 34  2  1  0  0 2026-09-26 10:15:09
22  1      0  81828  73872 2530608    0    0     0 19040 19449 77264 67 32  2  0  0  0 2026-09-26 10:15:10
 8  0      0  78124  73872 2532292    0    0     0 20652 19365 79990 65 33  2  1  0  0 2026-09-26 10:15:11
21  0      0  69860  73876 2533720    0    0     0 39468 19377 75066 64 32  4  1  0  0 2026-09-26 10:15:12
 4  1      0  69784  73876 2535176    0    0     0 23564 19198 78266 65 33  2  1  0  0 2026-09-26 10:15:13
 5  1      0  63944  73876 2536380    0    0     0 22400 15550 68741 65 33  2  1  0  0 2026-09-26 10:15:14
47  0      0  58816  73876 2537812    0    0     0 19600 18273 77750 66 32  2  0  0  0 2026-09-26 10:15:15
 6  0      0 103032  72944 2502500    0    0     0 19008 18498 79926 65 32  3  1  0  0 2026-09-26 10:15:16
12  0      0 107968  72944 2503720    0    0     0 17000 16712 71499 65 33  2  0  0  0 2026-09-26 10:15:17
51  0      0  98500  72944 2505004    0    0     0 17556 18778 75618 67 30  3  1  0  0 2026-09-26 10:15:18
19  0      0  90736  72944 2506392    0    0     0 16788 18308 74654 68 30  2  1  0  0 2026-09-26 10:15:19
12  1      0  85708  72944 2507852    0    0     0 19824 19042 80466 66 30  3  1  0  0 2026-09-26 10:15:20
19  0      0  82208  72944 2508868    0    0     0 16848 18562 78677 66 31  2  1  0  0 2026-09-26 10:15:21
 8  1      0  80948  72944 2509540    0    0     0 14336 18746 78206 66 31  3  0  0  0 2026-09-26 10:15:22
10  0      0  80724  72944 2510324    0    0     0 13332 18410 76703 67 29  3  1  0  0 2026-09-26 10:15:23
10  0      0  78512  72944 2510992    0    0     0 13180 18595 75756 68 30  2  0  0  0 2026-09-26 10:15:24
 8  0      0  72716  72944 2511712    0    0     0 14784 18669 77251 66 30  4  1  0  0 2026-09-26 10:15:25
22  1      0  67336  72944 2513764    0    0     0 16304 18326 75916 67 31  2  1  0  0 2026-09-26 10:15:26
19  1      0  67044  72944 2514160    0    0     0 15756 17445 75004 69 30  1  1  0  0 2026-09-26 10:15:27
18  0      0  71496  72944 2514996    0    0     0 49348 17450 71791 68 28  3  1  0  0 2026-09-26 10:15:28
12  1      0  75520  72944 2516332    0    0     0 20676 17846 74157 67 30  3  0  0  0 2026-09-26 10:15:29
procs -----------memory---------- ---swap-- -----io---- -system-- -------cpu------- -----timestamp-----
 r  b   swpd   free   buff  cache   si   so    bi    bo   in   cs us sy id wa st gu                 UTC
17  0      0  67204  72944 2518360    0    0     0 16848 17610 69402 64 31  4  1  0  0 2026-09-26 10:15:30
12  0      0  64432  72944 2522152    0    0     0 19952 18496 72146 65 29  5  2  0  0 2026-09-26 10:15:31
19  1      0  86476  72896 2499696    0    0     0 18760 15895 71064 68 29  3  1  0  0 2026-09-26 10:15:32
58  0      0  75924  72896 2500952    0    0     0 17000 16296 70641 65 30  5  1  0  0 2026-09-26 10:15:33
42  1      0  83764  72896 2502144    0    0     0 15828 16705 66831 68 30  2  0  0  0 2026-09-26 10:15:34
15  1      0  81804  72896 2503372    0    0     0 16320 18452 71832 66 27  6  1  0  0 2026-09-26 10:15:35
50  0      0  61336  73024 2515960    0    0   128 41724 17375 65274 63 32  4  1  0  0 2026-09-26 10:15:36
 4  1      0  74688  72992 2503108    0    0     0 15752 17364 67276 64 28  6  2  0  0 2026-09-26 10:15:37
42  0      0  71536  72992 2504880    0    0     0 15640 17741 68258 65 29  5  1  0  0 2026-09-26 10:15:38
57  0      0  67256  72992 2507112    0    0     0 16716 16777 65449 65 30  4  1  0  0 2026-09-26 10:15:39
22  1      0  62772  72992 2508144    0    0     0 16192 16699 66729 65 29  5  2  0  0 2026-09-26 10:15:40
24  0      0  74232  72972 2495560    0    0     0 16536 17741 68726 66 29  5  1  0  0 2026-09-26 10:15:41
30  1      0  73596  72972 2498404    0    0     0 16188 17596 67458 64 28  6  2  0  0 2026-09-26 10:15:42
28  1      0  68972  72972 2499632    0    0     0 16828 18490 68947 63 30  5  2  0  0 2026-09-26 10:15:43
38  0      0  68652  72972 2500716    0    0     0 21296 17258 65520 65 30  4  1  0  0 2026-09-26 10:15:44
31  0      0  71048  72972 2501848    0    0     0 20820 17062 68477 67 28  4  1  0  0 2026-09-26 10:15:45
18  0      0  61976  72972 2503360    0    0     0 15812 15206 62023 68 27  4  1  0  0 2026-09-26 10:15:46
14  1      0  60768  72972 2504196    0    0     0 18076 16152 65973 66 29  4  2  0  0 2026-09-26 10:15:47
 5  1      0  69080  72960 2491276    0    0     0 16976 17930 67019 65 30  4  1  0  0 2026-09-26 10:15:48
14  0      0  74960  72964 2492376    0    0     0 37440 15687 64226 63 31  4  2  0  0 2026-09-26 10:15:49
22  0      0  75240  72964 2493892    0    0     0  3640 13770 70298 72 23  6  0  0  0 2026-09-26 10:15:50
procs -----------memory---------- ---swap-- -----io---- -system-- -------cpu------- -----timestamp-----
 r  b   swpd   free   buff  cache   si   so    bi    bo   in   cs us sy id wa st gu                 UTC
17  0      0  66924  72964 2494732    0    0     0  1356 15624 76990 71 23  5  1  0  0 2026-09-26 10:15:51
25  0      0  65000  72964 2495452    0    0     0  1092 16174 79484 73 22  5  0  0  0 2026-09-26 10:15:52
14  0      0  69324  72964 2496200    0    0     0  1208 14882 73688 73 21  6  0  0  0 2026-09-26 10:15:53
31  0      0  67008  72964 2496732    0    0     0  1172 14260 73015 74 21  5  0  0  0 2026-09-26 10:15:54
