time=23:47:26.045 level=DEBUG source=/tmp/isucon14/bench/cmd/run.go:90 msg=target targetURL=https://isuride.xiv.isucon.net targetAddr=127.0.0.1:443 benchrun.GetTargetAddress()="" paymentURL=http://127.0.0.1:12346
time=23:47:26.045 level=INFO msg=負荷走行を開始します
time=23:47:28.930 level=DEBUG source=/tmp/isucon14/bench/benchmarker/scenario/scenario.go:315 msg=時間経過 tick=60
time=23:47:28.930 level=DEBUG source=/tmp/isucon14/bench/benchmarker/scenario/scenario.go:317 msg=eval reqs=0 score="[0 0 0 0 0]" criteria="[0 0 0 0]"
time=23:47:30.730 level=DEBUG source=/tmp/isucon14/bench/benchmarker/scenario/scenario.go:315 msg=時間経過 tick=120
time=23:47:30.730 level=DEBUG source=/tmp/isucon14/bench/benchmarker/scenario/scenario.go:317 msg=eval reqs=4 score="[0 0 0 4 0]" criteria="[4 0 4 4]"
time=23:47:32.515 level=INFO msg=一定の売上が立ったためオーナーの椅子が増加します 名前="Skyline Taxis" 増加数=1
time=23:47:32.529 level=INFO msg=これまでに地域内の評判によって3人、既存ユーザーの招待経由で10人が新規登録しました
time=23:47:32.529 level=DEBUG source=/tmp/isucon14/bench/benchmarker/scenario/scenario.go:315 msg=時間経過 tick=180
time=23:47:32.529 level=DEBUG source=/tmp/isucon14/bench/benchmarker/scenario/scenario.go:317 msg=eval reqs=10 score="[0 0 0 9 1]" criteria="[10 1 10 10]"
time=23:47:32.529 level=INFO msg=0.0%のライドは椅子がマッチされるまでの時間、90.0%のライドはマッチされた椅子が乗車地点までに掛かる時間、0.0%のライドは椅子の実移動時間に不満がありました
time=23:47:34.312 level=INFO msg=一定の売上が立ったためオーナーの椅子が増加します 名前=ZenDrive 増加数=1
time=23:47:34.318 level=INFO msg=一定の売上が立ったためオーナーの椅子が増加します 名前="Skyline Taxis" 増加数=1
time=23:47:34.330 level=DEBUG source=/tmp/isucon14/bench/benchmarker/scenario/scenario.go:315 msg=時間経過 tick=240
time=23:47:34.330 level=DEBUG source=/tmp/isucon14/bench/benchmarker/scenario/scenario.go:317 msg=eval reqs=17 score="[0 0 0 15 2]" criteria="[17 2 17 17]"
time=23:47:36.119 level=INFO msg=一定の売上が立ったためオーナーの椅子が増加します 名前=椅子のめぐりや 増加数=1
time=23:47:36.125 level=INFO msg=一定の売上が立ったためオーナーの椅子が増加します 名前=瞬道タクシー 増加数=1
time=23:47:36.129 level=INFO msg=一定の売上が立ったためオーナーの椅子が増加します 名前="Skyline Taxis" 増加数=1
time=23:47:36.129 level=DEBUG source=/tmp/isucon14/bench/benchmarker/scenario/scenario.go:315 msg=時間経過 tick=300
time=23:47:36.129 level=DEBUG source=/tmp/isucon14/bench/benchmarker/scenario/scenario.go:317 msg=eval reqs=24 score="[0 0 0 21 3]" criteria="[24 3 24 24]"
time=23:47:37.930 level=DEBUG source=/tmp/isucon14/bench/benchmarker/scenario/scenario.go:315 msg=時間経過 tick=360
time=23:47:37.930 level=DEBUG source=/tmp/isucon14/bench/benchmarker/scenario/scenario.go:317 msg=eval reqs=29 score="[0 0 0 25 4]" criteria="[29 4 29 29]"
time=23:47:37.930 level=INFO msg=これまでに地域内の評判によって11人、既存ユーザーの招待経由で29人が新規登録しました
time=23:47:37.930 level=INFO msg=0.0%のライドは椅子がマッチされるまでの時間、86.2%のライドはマッチされた椅子が乗車地点までに掛かる時間、0.0%のライドは椅子の実移動時間に不満がありました
time=23:47:37.944 level=INFO msg=一定の売上が立ったためオーナーの椅子が増加します 名前=椅子のめぐりや 増加数=1
time=23:47:37.952 level=INFO msg=一定の売上が立ったためオーナーの椅子が増加します 名前=瞬道タクシー 増加数=1
time=23:47:37.966 level=INFO msg=一定の売上が立ったためオーナーの椅子が増加します 名前="Skyline Taxis" 増加数=1
time=23:47:39.729 level=DEBUG source=/tmp/isucon14/bench/benchmarker/scenario/scenario.go:315 msg=時間経過 tick=420
time=23:47:39.729 level=DEBUG source=/tmp/isucon14/bench/benchmarker/scenario/scenario.go:317 msg=eval reqs=40 score="[0 0 4 30 6]" criteria="[39 6 39 38]"
time=23:47:39.753 level=INFO msg=一定の売上が立ったためオーナーの椅子が増加します 名前=椅子のめぐりや 増加数=1
time=23:47:39.761 level=INFO msg=一定の売上が立ったためオーナーの椅子が増加します 名前=ZenDrive 増加数=1
time=23:47:39.770 level=INFO msg=一定の売上が立ったためオーナーの椅子が増加します 名前="Skyline Taxis" 増加数=2
time=23:47:41.529 level=DEBUG source=/tmp/isucon14/bench/benchmarker/scenario/scenario.go:315 msg=時間経過 tick=480
time=23:47:41.529 level=DEBUG source=/tmp/isucon14/bench/benchmarker/scenario/scenario.go:317 msg=eval reqs=46 score="[0 0 9 31 6]" criteria="[45 6 43 41]"
time=23:47:41.549 level=INFO msg=一定の売上が立ったためオーナーの椅子が増加します 名前=椅子のめぐりや 増加数=1
time=23:47:41.549 level=INFO msg=一定の売上が立ったためオーナーの椅子が増加します 名前=瞬道タクシー 増加数=1
time=23:47:43.327 level=INFO msg=一定の売上が立ったためオーナーの椅子が増加します 名前="Skyline Taxis" 増加数=1
time=23:47:43.330 level=DEBUG source=/tmp/isucon14/bench/benchmarker/scenario/scenario.go:315 msg=時間経過 tick=540
time=23:47:43.330 level=DEBUG source=/tmp/isucon14/bench/benchmarker/scenario/scenario.go:317 msg=eval reqs=51 score="[0 4 10 31 6]" criteria="[48 6 46 41]"
time=23:47:43.330 level=INFO msg=これまでに地域内の評判によって23人、既存ユーザーの招待経由で36人が新規登録しました
time=23:47:43.330 level=INFO msg=これまでに低評価なライドによって2人が利用をやめました
time=23:47:43.330 level=INFO msg=5.9%のライドは椅子がマッチされるまでの時間、88.2%のライドはマッチされた椅子が乗車地点までに掛かる時間、14.7%のライドは椅子の実移動時間に不満がありました
time=23:47:43.330 level=INFO msg=一定の売上が立ったためオーナーの椅子が増加します 名前=椅子のめぐりや 増加数=1
time=23:47:45.130 level=DEBUG source=/tmp/isucon14/bench/benchmarker/scenario/scenario.go:315 msg=時間経過 tick=600
time=23:47:45.130 level=DEBUG source=/tmp/isucon14/bench/benchmarker/scenario/scenario.go:317 msg=eval reqs=61 score="[0 14 10 31 6]" criteria="[52 6 51 42]"
time=23:47:45.149 level=INFO msg=一定の売上が立ったためオーナーの椅子が増加します 名前="LuxeLine Taxi" 増加数=1
time=23:47:45.160 level=INFO msg=一定の売上が立ったためオーナーの椅子が増加します 名前=ZenDrive 増加数=1
time=23:47:45.186 level=INFO msg=一定の売上が立ったためオーナーの椅子が増加します 名前=瞬道タクシー 増加数=1
time=23:47:45.199 level=INFO msg=一定の売上が立ったためオーナーの椅子が増加します 名前="Skyline Taxis" 増加数=1
time=23:47:46.929 level=DEBUG source=/tmp/isucon14/bench/benchmarker/scenario/scenario.go:315 msg=時間経過 tick=660
time=23:47:46.929 level=DEBUG source=/tmp/isucon14/bench/benchmarker/scenario/scenario.go:317 msg=eval reqs=71 score="[2 21 11 31 6]" criteria="[54 6 54 46]"
time=23:47:46.969 level=INFO msg=一定の売上が立ったためオーナーの椅子が増加します 名前="Skyline Taxis" 増加数=1
time=23:47:46.976 level=INFO msg=一定の売上が立ったためオーナーの椅子が増加します 名前=椅子のめぐりや 増加数=1
time=23:47:48.730 level=INFO msg=これまでに地域内の評判によって34人、既存ユーザーの招待経由で38人が新規登録しました
time=23:47:48.730 level=INFO msg=これまでに低評価なライドによって15人が利用をやめました
time=23:47:48.730 level=INFO msg=34.9%のライドは椅子がマッチされるまでの時間、88.4%のライドはマッチされた椅子が乗車地点までに掛かる時間、36.0%のライドは椅子の実移動時間に不満がありました
time=23:47:48.730 level=DEBUG source=/tmp/isucon14/bench/benchmarker/scenario/scenario.go:315 msg=時間経過 tick=720
time=23:47:48.730 level=DEBUG source=/tmp/isucon14/bench/benchmarker/scenario/scenario.go:317 msg=eval reqs=86 score="[7 27 13 33 6]" criteria="[56 10 60 50]"
time=23:47:48.752 level=INFO msg=一定の売上が立ったためオーナーの椅子が増加します 名前="LuxeLine Taxi" 増加数=1
time=23:47:48.786 level=INFO msg=一定の売上が立ったためオーナーの椅子が増加します 名前=瞬道タクシー 増加数=1
time=23:47:48.797 level=INFO msg=一定の売上が立ったためオーナーの椅子が増加します 名前=ZenDrive 増加数=2
time=23:47:48.799 level=INFO msg=一定の売上が立ったためオーナーの椅子が増加します 名前=椅子のめぐりや 増加数=1
time=23:47:48.817 level=INFO msg=一定の売上が立ったためオーナーの椅子が増加します 名前="Skyline Taxis" 増加数=2
time=23:47:50.529 level=DEBUG source=/tmp/isucon14/bench/benchmarker/scenario/scenario.go:315 msg=時間経過 tick=780
time=23:47:50.529 level=DEBUG source=/tmp/isucon14/bench/benchmarker/scenario/scenario.go:317 msg=eval reqs=95 score="[12 29 15 33 6]" criteria="[57 12 62 51]"
time=23:47:50.573 level=INFO msg=一定の売上が立ったためオーナーの椅子が増加します 名前=瞬道タクシー 増加数=1
time=23:47:50.577 level=INFO msg=一定の売上が立ったためオーナーの椅子が増加します 名前=ZenDrive 増加数=1
time=23:47:50.590 level=INFO msg=一定の売上が立ったためオーナーの椅子が増加します 名前="Skyline Taxis" 増加数=1
time=23:47:52.329 level=DEBUG source=/tmp/isucon14/bench/benchmarker/scenario/scenario.go:315 msg=時間経過 tick=840
time=23:47:52.329 level=DEBUG source=/tmp/isucon14/bench/benchmarker/scenario/scenario.go:317 msg=eval reqs=107 score="[17 33 16 35 6]" criteria="[63 14 65 52]"
time=23:47:52.373 level=INFO msg=一定の売上が立ったためオーナーの椅子が増加します 名前=瞬道タクシー 増加数=1
time=23:47:52.376 level=INFO msg=一定の売上が立ったためオーナーの椅子が増加します 名前=椅子のめぐりや 増加数=2
time=23:47:52.377 level=INFO msg=一定の売上が立ったためオーナーの椅子が増加します 名前=ZenDrive 増加数=1
time=23:47:52.418 level=INFO msg=一定の売上が立ったためオーナーの椅子が増加します 名前="Skyline Taxis" 増加数=1
time=23:47:54.129 level=INFO msg=これまでに地域内の評判によって45人、既存ユーザーの招待経由で42人が新規登録しました
time=23:47:54.129 level=INFO msg=これまでに低評価なライドによって33人が利用をやめました
time=23:47:54.129 level=INFO msg=43.1%のライドは椅子がマッチされるまでの時間、86.2%のライドはマッチされた椅子が乗車地点までに掛かる時間、50.4%のライドは椅子の実移動時間に不満がありました
time=23:47:54.129 level=DEBUG source=/tmp/isucon14/bench/benchmarker/scenario/scenario.go:315 msg=時間経過 tick=900
time=23:47:54.129 level=DEBUG source=/tmp/isucon14/bench/benchmarker/scenario/scenario.go:317 msg=eval reqs=123 score="[25 36 19 37 6]" criteria="[70 17 68 54]"
time=23:47:54.169 level=INFO msg=一定の売上が立ったためオーナーの椅子が増加します 名前=ZenDrive 増加数=1
time=23:47:54.206 level=INFO msg=一定の売上が立ったためオーナーの椅子が増加します 名前=椅子のめぐりや 増加数=1
time=23:47:54.275 level=INFO msg=一定の売上が立ったためオーナーの椅子が増加します 名前="Skyline Taxis" 増加数=2
time=23:47:55.929 level=DEBUG source=/tmp/isucon14/bench/benchmarker/scenario/scenario.go:315 msg=時間経過 tick=960
time=23:47:55.929 level=DEBUG source=/tmp/isucon14/bench/benchmarker/scenario/scenario.go:317 msg=eval reqs=136 score="[28 40 19 42 7]" criteria="[80 23 71 58]"
time=23:47:55.932 level=INFO msg=一定の売上が立ったためオーナーの椅子が増加します 名前=瞬道タクシー 増加数=1
time=23:47:55.974 level=INFO msg=一定の売上が立ったためオーナーの椅子が増加します 名前="Skyline Taxis" 増加数=1
time=23:47:55.988 level=INFO msg=一定の売上が立ったためオーナーの椅子が増加します 名前=椅子のめぐりや 増加数=1
time=23:47:57.730 level=DEBUG source=/tmp/isucon14/bench/benchmarker/scenario/scenario.go:315 msg=時間経過 tick=1020
time=23:47:57.730 level=DEBUG source=/tmp/isucon14/bench/benchmarker/scenario/scenario.go:317 msg=eval reqs=151 score="[32 45 24 43 7]" criteria="[91 25 73 61]"
time=23:47:57.789 level=INFO msg=一定の売上が立ったためオーナーの椅子が増加します 名前=椅子のめぐりや 増加数=1
time=23:47:57.795 level=INFO msg=一定の売上が立ったためオーナーの椅子が増加します 名前=ZenDrive 増加数=1
time=23:47:57.833 level=INFO msg=一定の売上が立ったためオーナーの椅子が増加します 名前="LuxeLine Taxi" 増加数=1
time=23:47:57.842 level=INFO msg=一定の売上が立ったためオーナーの椅子が増加します 名前="Skyline Taxis" 増加数=1
time=23:47:59.530 level=INFO msg=これまでに地域内の評判によって55人、既存ユーザーの招待経由で51人が新規登録しました
time=23:47:59.530 level=INFO msg=これまでに低評価なライドによって46人が利用をやめました
time=23:47:59.530 level=INFO msg=38.9%のライドは椅子がマッチされるまでの時間、83.8%のライドはマッチされた椅子が乗車地点までに掛かる時間、58.7%のライドは椅子の実移動時間に不満がありました
time=23:47:59.529 level=DEBUG source=/tmp/isucon14/bench/benchmarker/scenario/scenario.go:315 msg=時間経過 tick=1080
time=23:47:59.529 level=DEBUG source=/tmp/isucon14/bench/benchmarker/scenario/scenario.go:317 msg=eval reqs=167 score="[37 52 26 45 7]" criteria="[102 27 75 63]"
time=23:47:59.604 level=INFO msg=一定の売上が立ったためオーナーの椅子が増加します 名前=瞬道タクシー 増加数=1
time=23:47:59.650 level=INFO msg=一定の売上が立ったためオーナーの椅子が増加します 名前=椅子のめぐりや 増加数=2
time=23:47:59.658 level=INFO msg=一定の売上が立ったためオーナーの椅子が増加します 名前=ZenDrive 増加数=1
time=23:47:59.721 level=INFO msg=一定の売上が立ったためオーナーの椅子が増加します 名前="Skyline Taxis" 増加数=1
time=23:48:01.330 level=DEBUG source=/tmp/isucon14/bench/benchmarker/scenario/scenario.go:315 msg=時間経過 tick=1140
time=23:48:01.330 level=DEBUG source=/tmp/isucon14/bench/benchmarker/scenario/scenario.go:317 msg=eval reqs=178 score="[40 57 27 46 8]" criteria="[110 30 76 65]"
time=23:48:01.421 level=INFO msg=一定の売上が立ったためオーナーの椅子が増加します 名前="Skyline Taxis" 増加数=2
time=23:48:01.422 level=INFO msg=一定の売上が立ったためオーナーの椅子が増加します 名前=椅子のめぐりや 増加数=1
time=23:48:03.129 level=DEBUG source=/tmp/isucon14/bench/benchmarker/scenario/scenario.go:315 msg=時間経過 tick=1200
time=23:48:03.130 level=DEBUG source=/tmp/isucon14/bench/benchmarker/scenario/scenario.go:317 msg=eval reqs=195 score="[41 69 30 47 8]" criteria="[126 33 77 66]"
time=23:48:03.185 level=INFO msg=一定の売上が立ったためオーナーの椅子が増加します 名前="LuxeLine Taxi" 増加数=1
time=23:48:03.187 level=INFO msg=一定の売上が立ったためオーナーの椅子が増加します 名前="Skyline Taxis" 増加数=1
time=23:48:03.271 level=INFO msg=一定の売上が立ったためオーナーの椅子が増加します 名前=椅子のめぐりや 増加数=2
time=23:48:04.929 level=DEBUG source=/tmp/isucon14/bench/benchmarker/scenario/scenario.go:315 msg=時間経過 tick=1260
time=23:48:04.929 level=DEBUG source=/tmp/isucon14/bench/benchmarker/scenario/scenario.go:317 msg=eval reqs=214 score="[41 79 39 47 8]" criteria="[145 37 77 71]"
time=23:48:04.929 level=INFO msg=これまでに地域内の評判によって64人、既存ユーザーの招待経由で54人が新規登録しました
time=23:48:04.929 level=INFO msg=これまでに低評価なライドによって55人が利用をやめました
time=23:48:04.929 level=INFO msg=32.2%のライドは椅子がマッチされるまでの時間、82.7%のライドはマッチされた椅子が乗車地点までに掛かる時間、65.4%のライドは椅子の実移動時間に不満がありました
time=23:48:05.008 level=INFO msg=一定の売上が立ったためオーナーの椅子が増加します 名前=瞬道タクシー 増加数=1
time=23:48:05.012 level=INFO msg=一定の売上が立ったためオーナーの椅子が増加します 名前=ZenDrive 増加数=2
time=23:48:05.012 level=INFO msg=一定の売上が立ったためオーナーの椅子が増加します 名前="Skyline Taxis" 増加数=1
time=23:48:05.050 level=INFO msg=一定の売上が立ったためオーナーの椅子が増加します 名前=椅子のめぐりや 増加数=1
time=23:48:06.729 level=DEBUG source=/tmp/isucon14/bench/benchmarker/scenario/scenario.go:315 msg=時間経過 tick=1320
time=23:48:06.729 level=DEBUG source=/tmp/isucon14/bench/benchmarker/scenario/scenario.go:317 msg=eval reqs=220 score="[41 82 41 48 8]" criteria="[151 39 78 72]"
time=23:48:06.829 level=INFO msg=一定の売上が立ったためオーナーの椅子が増加します 名前=椅子のめぐりや 増加数=1
time=23:48:06.854 level=INFO msg=一定の売上が立ったためオーナーの椅子が増加します 名前="Skyline Taxis" 増加数=1
time=23:48:06.902 level=WARN msg="ユーザー登録に失敗しました (CODE=17): POST /api/app/usersへのリクエストに対して、期待されたHTTPステータスコードが確認できませんでした (expected:201, actual:500)"
time=23:48:08.529 level=DEBUG source=/tmp/isucon14/bench/benchmarker/scenario/scenario.go:315 msg=時間経過 tick=1380
time=23:48:08.529 level=DEBUG source=/tmp/isucon14/bench/benchmarker/scenario/scenario.go:317 msg=eval reqs=241 score="[45 93 44 51 8]" criteria="[167 45 81 73]"
time=23:48:08.547 level=INFO msg=一定の売上が立ったためオーナーの椅子が増加します 名前="LuxeLine Taxi" 増加数=2
time=23:48:08.634 level=INFO msg=一定の売上が立ったためオーナーの椅子が増加します 名前=瞬道タクシー 増加数=1
time=23:48:08.646 level=INFO msg=一定の売上が立ったためオーナーの椅子が増加します 名前=ZenDrive 増加数=1
time=23:48:08.781 level=INFO msg=一定の売上が立ったためオーナーの椅子が増加します 名前="Skyline Taxis" 増加数=1
time=23:48:10.329 level=DEBUG source=/tmp/isucon14/bench/benchmarker/scenario/scenario.go:315 msg=時間経過 tick=1440
time=23:48:10.329 level=DEBUG source=/tmp/isucon14/bench/benchmarker/scenario/scenario.go:317 msg=eval reqs=255 score="[47 103 45 52 8]" criteria="[179 47 82 73]"
time=23:48:10.329 level=INFO msg=これまでに地域内の評判によって72人、既存ユーザーの招待経由で59人が新規登録しました
time=23:48:10.329 level=INFO msg=これまでに低評価なライドによって64人が利用をやめました
time=23:48:10.329 level=INFO msg=29.8%のライドは椅子がマッチされるまでの時間、81.6%のライドはマッチされた椅子が乗車地点までに掛かる時間、69.6%のライドは椅子の実移動時間に不満がありました
time=23:48:10.369 level=INFO msg=一定の売上が立ったためオーナーの椅子が増加します 名前=ZenDrive 増加数=1
time=23:48:10.442 level=INFO msg=一定の売上が立ったためオーナーの椅子が増加します 名前=椅子のめぐりや 増加数=3
time=23:48:10.503 level=INFO msg=一定の売上が立ったためオーナーの椅子が増加します 名前="Skyline Taxis" 増加数=1
time=23:48:12.130 level=DEBUG source=/tmp/isucon14/bench/benchmarker/scenario/scenario.go:315 msg=時間経過 tick=1500
time=23:48:12.130 level=DEBUG source=/tmp/isucon14/bench/benchmarker/scenario/scenario.go:317 msg=eval reqs=264 score="[48 108 46 54 8]" criteria="[187 49 83 75]"
time=23:48:12.191 level=INFO msg=一定の売上が立ったためオーナーの椅子が増加します 名前=瞬道タクシー 増加数=1
time=23:48:12.194 level=INFO msg=一定の売上が立ったためオーナーの椅子が増加します 名前="Skyline Taxis" 増加数=1
time=23:48:13.930 level=DEBUG source=/tmp/isucon14/bench/benchmarker/scenario/scenario.go:315 msg=時間経過 tick=1560
time=23:48:13.930 level=DEBUG source=/tmp/isucon14/bench/benchmarker/scenario/scenario.go:317 msg=eval reqs=281 score="[48 122 48 55 8]" criteria="[204 52 84 75]"
time=23:48:14.053 level=INFO msg=一定の売上が立ったためオーナーの椅子が増加します 名前=ZenDrive 増加数=1
time=23:48:14.054 level=INFO msg=一定の売上が立ったためオーナーの椅子が増加します 名前=瞬道タクシー 増加数=1
time=23:48:14.082 level=INFO msg=一定の売上が立ったためオーナーの椅子が増加します 名前=椅子のめぐりや 増加数=1
time=23:48:14.167 level=INFO msg=一定の売上が立ったためオーナーの椅子が増加します 名前="Skyline Taxis" 増加数=1
time=23:48:15.729 level=DEBUG source=/tmp/isucon14/bench/benchmarker/scenario/scenario.go:315 msg=時間経過 tick=1620
time=23:48:15.729 level=DEBUG source=/tmp/isucon14/bench/benchmarker/scenario/scenario.go:317 msg=eval reqs=295 score="[48 131 52 56 8]" criteria="[218 56 84 77]"
time=23:48:15.730 level=INFO msg=これまでに地域内の評判によって81人、既存ユーザーの招待経由で63人が新規登録しました
time=23:48:15.730 level=INFO msg=これまでに低評価なライドによって75人が利用をやめました
time=23:48:15.730 level=INFO msg=26.1%のライドは椅子がマッチされるまでの時間、81.0%のライドはマッチされた椅子が乗車地点までに掛かる時間、72.7%のライドは椅子の実移動時間に不満がありました
time=23:48:15.812 level=INFO msg=一定の売上が立ったためオーナーの椅子が増加します 名前=椅子のめぐりや 増加数=1
time=23:48:15.824 level=INFO msg=一定の売上が立ったためオーナーの椅子が増加します 名前=瞬道タクシー 増加数=1
time=23:48:15.839 level=INFO msg=一定の売上が立ったためオーナーの椅子が増加します 名前="LuxeLine Taxi" 増加数=1
time=23:48:15.917 level=INFO msg=一定の売上が立ったためオーナーの椅子が増加します 名前="Skyline Taxis" 増加数=2
time=23:48:17.529 level=DEBUG source=/tmp/isucon14/bench/benchmarker/scenario/scenario.go:315 msg=時間経過 tick=1680
time=23:48:17.530 level=DEBUG source=/tmp/isucon14/bench/benchmarker/scenario/scenario.go:317 msg=eval reqs=304 score="[48 136 56 56 8]" criteria="[227 60 84 77]"
time=23:48:17.598 level=INFO msg=一定の売上が立ったためオーナーの椅子が増加します 名前="LuxeLine Taxi" 増加数=1
time=23:48:17.719 level=INFO msg=一定の売上が立ったためオーナーの椅子が増加します 名前=椅子のめぐりや 増加数=1
time=23:48:19.330 level=DEBUG source=/tmp/isucon14/bench/benchmarker/scenario/scenario.go:315 msg=時間経過 tick=1740
time=23:48:19.330 level=DEBUG source=/tmp/isucon14/bench/benchmarker/scenario/scenario.go:317 msg=eval reqs=315 score="[49 143 56 59 8]" criteria="[237 63 86 78]"
time=23:48:19.432 level=INFO msg=一定の売上が立ったためオーナーの椅子が増加します 名前=ZenDrive 増加数=2
time=23:48:19.521 level=INFO msg=一定の売上が立ったためオーナーの椅子が増加します 名前=椅子のめぐりや 増加数=1
time=23:48:21.129 level=DEBUG source=/tmp/isucon14/bench/benchmarker/scenario/scenario.go:315 msg=時間経過 tick=1800
time=23:48:21.129 level=DEBUG source=/tmp/isucon14/bench/benchmarker/scenario/scenario.go:317 msg=eval reqs=329 score="[49 155 57 60 8]" criteria="[251 65 87 78]"
time=23:48:21.130 level=INFO msg=これまでに地域内の評判によって91人、既存ユーザーの招待経由で66人が新規登録しました
time=23:48:21.130 level=INFO msg=これまでに低評価なライドによって87人が利用をやめました
time=23:48:21.130 level=INFO msg=23.7%のライドは椅子がマッチされるまでの時間、80.2%のライドはマッチされた椅子が乗車地点までに掛かる時間、74.9%のライドは椅子の実移動時間に不満がありました
time=23:48:21.197 level=INFO msg=一定の売上が立ったためオーナーの椅子が増加します 名前=椅子のめぐりや 増加数=1
time=23:48:21.257 level=INFO msg=一定の売上が立ったためオーナーの椅子が増加します 名前=瞬道タクシー 増加数=1
time=23:48:21.313 level=INFO msg=一定の売上が立ったためオーナーの椅子が増加します 名前="Skyline Taxis" 増加数=1
time=23:48:22.930 level=DEBUG source=/tmp/isucon14/bench/benchmarker/scenario/scenario.go:315 msg=時間経過 tick=1860
time=23:48:22.930 level=DEBUG source=/tmp/isucon14/bench/benchmarker/scenario/scenario.go:317 msg=eval reqs=341 score="[49 164 58 62 8]" criteria="[263 68 88 79]"
time=23:48:23.159 level=INFO msg=一定の売上が立ったためオーナーの椅子が増加します 名前=椅子のめぐりや 増加数=1
time=23:48:23.255 level=INFO msg=一定の売上が立ったためオーナーの椅子が増加します 名前=ZenDrive 増加数=2
time=23:48:23.300 level=INFO msg=一定の売上が立ったためオーナーの椅子が増加します 名前="Skyline Taxis" 増加数=1
time=23:48:24.729 level=DEBUG source=/tmp/isucon14/bench/benchmarker/scenario/scenario.go:315 msg=時間経過 tick=1920
time=23:48:24.729 level=DEBUG source=/tmp/isucon14/bench/benchmarker/scenario/scenario.go:317 msg=eval reqs=356 score="[49 177 60 62 8]" criteria="[278 70 88 79]"
time=23:48:24.955 level=INFO msg=一定の売上が立ったためオーナーの椅子が増加します 名前=椅子のめぐりや 増加数=1
time=23:48:25.026 level=INFO msg=一定の売上が立ったためオーナーの椅子が増加します 名前="Skyline Taxis" 増加数=2
time=23:48:25.217 level=INFO msg=一定の売上が立ったためオーナーの椅子が増加します 名前=瞬道タクシー 増加数=1
time=23:48:25.911 level=WARN msg="取得したオーナーの椅子一覧の情報が想定しているものと異なります (CODE=26): total_distanceの反映が遅いデータがあります (id: 01M3F2YWYG5KQGW8A0A20MYHYD)"
time=23:48:26.529 level=DEBUG source=/tmp/isucon14/bench/benchmarker/scenario/scenario.go:315 msg=時間経過 tick=1980
time=23:48:26.529 level=DEBUG source=/tmp/isucon14/bench/benchmarker/scenario/scenario.go:317 msg=eval reqs=371 score="[49 190 62 62 8]" criteria="[293 72 88 79]"
time=23:48:26.529 level=INFO msg=これまでに地域内の評判によって103人、既存ユーザーの招待経由で68人が新規登録しました
time=23:48:26.529 level=INFO msg=これまでに低評価なライドによって100人が利用をやめました
time=23:48:26.529 level=INFO msg=21.0%のライドは椅子がマッチされるまでの時間、80.6%のライドはマッチされた椅子が乗車地点までに掛かる時間、77.5%のライドは椅子の実移動時間に不満がありました
time=23:48:26.654 level=INFO msg=一定の売上が立ったためオーナーの椅子が増加します 名前=瞬道タクシー 増加数=1
time=23:48:26.714 level=INFO msg=一定の売上が立ったためオーナーの椅子が増加します 名前="Skyline Taxis" 増加数=1
time=23:48:26.738 level=INFO msg=一定の売上が立ったためオーナーの椅子が増加します 名前="LuxeLine Taxi" 増加数=1
time=23:48:26.760 level=INFO msg=一定の売上が立ったためオーナーの椅子が増加します 名前=椅子のめぐりや 増加数=1
time=23:48:32.130 level=INFO msg=最終地域情報 名前=チェアタウン ユーザー登録数=125 アクティブユーザー数=57
time=23:48:32.130 level=INFO msg=最終地域情報 名前=コシカケシティ ユーザー登録数=60 アクティブユーザー数=27
time=23:48:32.130 level=INFO msg=最終オーナー情報 名前="Skyline Taxis" 売上=738000 椅子数=38
time=23:48:32.130 level=INFO msg=最終オーナー情報 名前=ZenDrive 売上=371600 椅子数=23
time=23:48:32.130 level=INFO msg=最終オーナー情報 名前=椅子のめぐりや 売上=627600 椅子数=34
time=23:48:32.130 level=INFO msg=最終オーナー情報 名前=瞬道タクシー 売上=324300 椅子数=21
time=23:48:32.130 level=INFO msg=最終オーナー情報 名前="LuxeLine Taxi" 売上=151700 椅子数=13
time=23:48:32.130 level=INFO msg=20.5%のライドは椅子がマッチされるまでの時間、80.3%のライドはマッチされた椅子が乗車地点までに掛かる時間、78.0%のライドは椅子の実移動時間に不満がありました
time=23:48:32.130 level=INFO msg=結果 pass=true スコア=31948 種別エラー数="map[17:1 26:1]"
time=23:48:32.130 level=INFO msg=負荷走行が終了しました
