2026-09-26T14:47:26+00:00
COMMAND         %CPU   RSS
mysqld          13.8 1071304
nginx            0.7 12212
nginx            0.7 11948
systemd-journal  0.4 277200
rsyslogd         0.2  5584
jbd2/sda1-8      0.2     0
rcu_preempt      0.1     0
kworker/1:1H-kb  0.0     0
kworker/0:1H-kb  0.0     0
2026-09-26T14:47:28+00:00
COMMAND         %CPU   RSS
mysqld          13.8 1081320
bench           10.5 49724
isuride          0.9 15348
nginx            0.7 12212
nginx            0.7 11948
systemd-journal  0.4 277688
rsyslogd         0.2  5584
jbd2/sda1-8      0.2     0
rcu_preempt      0.1     0
2026-09-26T14:47:30+00:00
COMMAND         %CPU   RSS
mysqld          13.8 1082276
bench           10.4 53260
isuride          2.6 15440
nginx            0.7 12212
nginx            0.7 11948
systemd-journal  0.4 278840
rsyslogd         0.2  5584
jbd2/sda1-8      0.2     0
rcu_preempt      0.1     0
2026-09-26T14:47:32+00:00
COMMAND         %CPU   RSS
mysqld          13.8 1083676
bench           11.7 62948
isuride          4.6 16044
nginx            0.7 12212
nginx            0.7 11948
systemd-journal  0.4 282440
rsyslogd         0.2  5584
jbd2/sda1-8      0.2     0
rcu_preempt      0.1     0
2026-09-26T14:47:34+00:00
COMMAND         %CPU   RSS
mysqld          13.8 1086140
bench           13.4 79952
isuride          6.9 16096
nginx            0.7 12212
nginx            0.7 11948
systemd-journal  0.4 286080
rsyslogd         0.2  5584
jbd2/sda1-8      0.2     0
rcu_preempt      0.1     0
2026-09-26T14:47:36+00:00
COMMAND         %CPU   RSS
bench           15.9 103152
mysqld          13.8 1090348
isuride          8.9 17256
nginx            0.7 12212
nginx            0.7 11948
systemd-journal  0.4 288172
rsyslogd         0.2  5584
jbd2/sda1-8      0.2     0
rcu_preempt      0.1     0
2026-09-26T14:47:38+00:00
COMMAND         %CPU   RSS
bench           17.3 118312
mysqld          13.8 1093664
isuride         10.9 18268
nginx            0.7 12212
nginx            0.7 11948
systemd-journal  0.4 294292
rsyslogd         0.2  5584
jbd2/sda1-8      0.2     0
rcu_preempt      0.1     0
2026-09-26T14:47:40+00:00
COMMAND         %CPU   RSS
bench           18.3 136020
mysqld          13.8 1097840
isuride         12.7 18688
nginx            0.7 12212
nginx            0.7 11948
systemd-journal  0.4 296596
rsyslogd         0.2  5584
jbd2/sda1-8      0.2     0
rcu_preempt      0.1     0
2026-09-26T14:47:42+00:00
COMMAND         %CPU   RSS
bench           18.7 148756
isuride         14.3 19164
mysqld          13.8 1101488
curl             9.0 12316
nginx            0.7 12212
nginx            0.7 11948
systemd-journal  0.4 301916
rsyslogd         0.2  5584
jbd2/sda1-8      0.2     0
2026-09-26T14:47:44+00:00
COMMAND         %CPU   RSS
bench           19.0 157568
isuride         15.8 19752
mysqld          13.8 1104952
nginx            0.7 12212
nginx            0.7 11948
systemd-journal  0.4 305196
rsyslogd         0.2  5584
jbd2/sda1-8      0.2     0
rcu_preempt      0.1     0
2026-09-26T14:47:46+00:00
COMMAND         %CPU   RSS
bench           19.2 159780
isuride         17.1 20072
mysqld          13.8 1109384
nginx            0.7 12212
nginx            0.7 11948
systemd-journal  0.4 167476
rsyslogd         0.2  5592
jbd2/sda1-8      0.2     0
rcu_preempt      0.1     0
2026-09-26T14:47:48+00:00
COMMAND         %CPU   RSS
bench           19.4 168768
isuride         18.3 20604
mysqld          13.8 1114368
nginx            0.7 12212
nginx            0.7 11948
systemd-journal  0.4 167832
rsyslogd         0.2  5592
jbd2/sda1-8      0.2     0
rcu_preempt      0.1     0
2026-09-26T14:47:50+00:00
COMMAND         %CPU   RSS
isuride         19.5 20740
bench           19.4 176052
mysqld          13.9 1117560
nginx            0.7 12212
nginx            0.7 11948
systemd-journal  0.4 167832
rsyslogd         0.2  5592
jbd2/sda1-8      0.2     0
rcu_preempt      0.1     0
2026-09-26T14:47:52+00:00
COMMAND         %CPU   RSS
isuride         20.4 22632
bench           19.6 183464
mysqld          13.9 1121264
curl             5.5 12316
nginx            0.7 12212
nginx            0.7 11948
systemd-journal  0.4 167832
rsyslogd         0.2  5592
jbd2/sda1-8      0.2     0
2026-09-26T14:47:54+00:00
COMMAND         %CPU   RSS
isuride         21.4 22008
bench           19.6 192048
mysqld          13.9 1123676
curl             3.2 12304
nginx            0.7 12212
nginx            0.7 11948
systemd-journal  0.4 167832
rsyslogd         0.2  5592
jbd2/sda1-8      0.2     0
2026-09-26T14:47:56+00:00
COMMAND         %CPU   RSS
isuride         22.3 21840
bench           19.8 206908
mysqld          13.9 1125048
curl             1.2 12312
nginx            0.7 12212
nginx            0.7 11948
systemd-journal  0.4 167832
rsyslogd         0.2  5584
jbd2/sda1-8      0.2     0
2026-09-26T14:47:58+00:00
COMMAND         %CPU   RSS
isuride         23.1 22732
bench           19.9 208880
mysqld          13.9 1127064
nginx            0.7 12212
nginx            0.7 11948
systemd-journal  0.4 167832
rsyslogd         0.2  5588
jbd2/sda1-8      0.2     0
rcu_preempt      0.1     0
2026-09-26T14:48:00+00:00
COMMAND         %CPU   RSS
isuride         23.9 24012
bench           19.9 231340
mysqld          13.9 1127144
nginx            0.7 12212
nginx            0.7 11948
systemd-journal  0.4 167832
rsyslogd         0.2  5588
jbd2/sda1-8      0.2     0
rcu_preempt      0.1     0
2026-09-26T14:48:02+00:00
COMMAND         %CPU   RSS
isuride         24.6 22804
bench           19.9 231768
mysqld          13.9 1128748
curl             1.4 12316
nginx            0.7 12212
nginx            0.7 11948
systemd-journal  0.4 167832
rsyslogd         0.2  5588
jbd2/sda1-8      0.2     0
2026-09-26T14:48:04+00:00
COMMAND         %CPU   RSS
isuride         25.2 23400
bench           20.0 239088
mysqld          13.9 1130408
curl             1.3 12316
nginx            0.7 12212
nginx            0.7 11948
systemd-journal  0.4 169132
rsyslogd         0.2  5588
jbd2/sda1-8      0.2     0
2026-09-26T14:48:06+00:00
COMMAND         %CPU   RSS
isuride         25.8 25596
bench           19.9 255636
mysqld          13.9 1131800
nginx            0.7 12212
nginx            0.7 11948
systemd-journal  0.4 173316
curl             0.3 12316
rsyslogd         0.2  5588
jbd2/sda1-8      0.2     0
2026-09-26T14:48:08+00:00
COMMAND         %CPU   RSS
isuride         26.3 24476
bench           19.9 256540
mysqld          13.9 1132736
curl             2.0 12316
nginx            0.7 12212
nginx            0.7 11948
systemd-journal  0.4 177040
rsyslogd         0.2  5588
jbd2/sda1-8      0.2     0
2026-09-26T14:48:10+00:00
COMMAND         %CPU   RSS
isuride         26.8 25536
bench           19.9 266492
mysqld          13.9 1134348
nginx            0.7 12212
nginx            0.7 11996
systemd-journal  0.4 181304
curl             0.4 12316
rsyslogd         0.2  5592
jbd2/sda1-8      0.2     0
2026-09-26T14:48:12+00:00
COMMAND         %CPU   RSS
isuride         27.4 23984
bench           19.8 267712
mysqld          13.9 1134480
nginx            0.7 12212
nginx            0.7 12184
systemd-journal  0.4 184012
rsyslogd         0.2  5592
jbd2/sda1-8      0.2     0
rcu_preempt      0.1     0
2026-09-26T14:48:14+00:00
COMMAND         %CPU   RSS
isuride         27.8 24076
bench           19.9 279416
mysqld          14.0 1134732
curl             0.9 12316
nginx            0.7 12212
nginx            0.7 12192
systemd-journal  0.4 185880
rsyslogd         0.2  5592
jbd2/sda1-8      0.2     0
2026-09-26T14:48:16+00:00
COMMAND         %CPU   RSS
isuride         28.2 25544
bench           19.8 280452
mysqld          14.0 1135696
nginx            0.7 12212
nginx            0.7 12300
systemd-journal  0.4 193132
curl             0.3 12316
rsyslogd         0.2  5592
jbd2/sda1-8      0.2     0
2026-09-26T14:48:18+00:00
COMMAND         %CPU   RSS
isuride         28.6 25976
bench           19.9 294292
mysqld          14.0 1137416
nginx            0.7 12212
nginx            0.7 12436
systemd-journal  0.4 194120
rsyslogd         0.2  5592
jbd2/sda1-8      0.2     0
curl             0.1 12316
2026-09-26T14:48:20+00:00
COMMAND         %CPU   RSS
isuride         28.9 26264
bench           19.8 295004
mysqld          14.0 1137600
nginx            0.7 12212
nginx            0.7 12472
systemd-journal  0.4 194120
rsyslogd         0.2  5592
jbd2/sda1-8      0.2     0
curl             0.1 12316
2026-09-26T14:48:22+00:00
COMMAND         %CPU   RSS
isuride         29.3 25228
bench           19.8 308208
mysqld          14.0 1140364
curl             7.6 12316
nginx            0.7 12212
nginx            0.7 12540
systemd-journal  0.4 194120
rsyslogd         0.2  5592
jbd2/sda1-8      0.2     0
2026-09-26T14:48:24+00:00
COMMAND         %CPU   RSS
isuride         29.5 27496
bench           19.7 309040
mysqld          14.0 1139320
nginx            0.7 12336
nginx            0.7 12716
systemd-journal  0.4 194120
curl             0.4 12316
rsyslogd         0.2  5592
jbd2/sda1-8      0.2     0
2026-09-26T14:48:26+00:00
COMMAND         %CPU   RSS
isuride         29.7 28100
bench           19.7 310220
mysqld          14.0 1140172
nginx            0.7 12336
nginx            0.7 12768
systemd-journal  0.4 194120
curl             0.2 12316
rsyslogd         0.2  5592
jbd2/sda1-8      0.2     0
2026-09-26T14:48:28+00:00
COMMAND         %CPU   RSS
isuride         30.0 23764
bench           19.7 326588
mysqld          14.0 1140232
nginx            0.7 12364
nginx            0.7 12816
systemd-journal  0.4 194120
rsyslogd         0.2  5592
jbd2/sda1-8      0.2     0
curl             0.1 12316
2026-09-26T14:48:30+00:00
COMMAND         %CPU   RSS
isuride         30.4 22792
bench           19.6 326596
mysqld          14.0 1140224
nginx            0.7 12364
nginx            0.7 12816
systemd-journal  0.4 194120
rsyslogd         0.2  5592
jbd2/sda1-8      0.2     0
rcu_preempt      0.1     0
