procs -----------memory---------- ---swap-- -----io---- -system-- -------cpu------- -----timestamp-----
 r  b   swpd   free   buff  cache   si   so    bi    bo   in   cs us sy id wa st gu                 UTC
 3  0      0 386084  76476 2293688    0    0    45  2076 2437   42 10  4 86  0  0  0 2026-09-26 14:47:26
 0  1      0 357400  76476 2296236    0    0   204 61484 13246 26093 25 13 41 22  0  0 2026-09-26 14:47:27
 1  0      0 340992  76476 2297516    0    0    16  8424 21716 62271 26 17 55  3  0  0 2026-09-26 14:47:28
 0  0      0 337744  76476 2298804    0    0     0  8464 27677 78812 24 18 55  3  0  0 2026-09-26 14:47:29
 0  1      0 338420  76476 2300080    0    0     0 10980 28067 83389 29 19 49  3  0  0 2026-09-26 14:47:30
11  0      0 332708  76476 2301604    0    0     0 19744 28778 97649 36 25 37  2  0  0 2026-09-26 14:47:31
 0  0      0 322140  76476 2303444    0    0     0 17496 27713 104202 40 30 28  2  0  0 2026-09-26 14:47:32
11  1      0 316848  76476 2305568    0    0     0 18764 26217 110329 49 32 17  2  0  0 2026-09-26 14:47:33
 9  0      0 304248  76476 2309020    0    0     4 19908 27581 114673 47 36 15  1  0  0 2026-09-26 14:47:34
 4  0      0 290656  76476 2311564    0    0     0 21052 25685 118250 50 38 11  1  0  0 2026-09-26 14:47:35
15  1      0 266772  76476 2314236    0    0     0 50524 22363 104258 54 39  6  1  0  0 2026-09-26 14:47:36
20  0      0 258232  76476 2318024    0    0     0 24460 23337 112441 52 43  6  1  0  0 2026-09-26 14:47:37
 4  1      0 242664  76476 2320880    0    0     0 21920 22286 105630 57 39  4  0  0  0 2026-09-26 14:47:38
17  1      0 224512  76476 2323576    0    0     0 24244 21056 97205 55 43  1  1  0  0 2026-09-26 14:47:39
 8  1      0 206948  76476 2327136    0    0     0 30300 20241 96254 56 43  1  1  0  0 2026-09-26 14:47:40
30  1      0 202844  76476 2329828    0    0     4 30908 22188 98612 53 43  3  1  0  0 2026-09-26 14:47:41
17  0      0 186416  76476 2333580    0    0     0 25672 22089 100513 55 43  2  1  0  0 2026-09-26 14:47:42
10  0      0 177396  76476 2338060    0    0     0 27248 21990 100451 54 43  2  1  0  0 2026-09-26 14:47:43
38  0      0 164044  76476 2341708    0    0     0 28480 21421 99005 50 48  2  1  0  0 2026-09-26 14:47:44
 4  1      0 156736  76476 2344424    0    0     0 27636 20973 99168 58 41  1  1  0  0 2026-09-26 14:47:45
13  1      0 146544  76480 2357368    0    0     0 67580 21720 94076 50 47  2  1  0  0 2026-09-26 14:47:46
procs -----------memory---------- ---swap-- -----io---- -system-- -------cpu------- -----timestamp-----
 r  b   swpd   free   buff  cache   si   so    bi    bo   in   cs us sy id wa st gu                 UTC
 8  1      0 139600  76480 2359632    0    0     0 25924 21901 97853 56 42  2  1  0  0 2026-09-26 14:47:47
15  1      0 123976  76480 2361376    0    0     0 23836 20780 95618 58 40  2  1  0  0 2026-09-26 14:47:48
48  0      0 120484  76480 2364096    0    0     4 27476 22184 100351 57 42  1  0  0  0 2026-09-26 14:47:49
23  0      0 111816  76480 2365776    0    0     0 28548 22094 99446 54 44  1  1  0  0 2026-09-26 14:47:50
60  0      0 109380  76480 2367552    0    0     0 36700 20781 102029 57 43  1  0  0  0 2026-09-26 14:47:51
 6  1      0  92064  76480 2369312    0    0     0 27624 21957 98999 53 41  3  2  0  0 2026-09-26 14:47:52
15  1      0  94428  76480 2371136    0    0     0 26932 21020 101885 55 41  3  1  0  0 2026-09-26 14:47:53
 9  1      0  82180  76480 2372980    0    0     0 27004 19521 93011 56 42  1  1  0  0 2026-09-26 14:47:54
37  0      0  75964  76480 2375740    0    0     4 28688 20460 103245 57 39  3  2  0  0 2026-09-26 14:47:55
44  1      0  88180  75708 2357020    0    0     0 30212 21630 97736 58 41  1  1  0  0 2026-09-26 14:47:56
38  0      0  86312  75684 2342088    0    0     0 28700 21122 92372 57 42  1  1  0  0 2026-09-26 14:47:57
12  0      0  88260  75648 2342288    0    0     0 25420 21425 99230 54 40  5  2  0  0 2026-09-26 14:47:58
10  0      0  87844  74088 2327336    0    0     0 27028 19710 92148 59 41  1  0  0  0 2026-09-26 14:47:59
50  0      0  82600  74088 2329300    0    0     0 26040 21015 96834 57 42  1  1  0  0 2026-09-26 14:48:00
27  0      0  90644  73236 2317160    0    0     0 31156 23020 96262 54 43  3  1  0  0 2026-09-26 14:48:01
34  1      0  87896  73236 2319076    0    0     4 36516 20859 97831 56 41  3  1  0  0 2026-09-26 14:48:02
12  0      0  87632  73236 2306276    0    0     0 24640 21032 93384 57 40  2  1  0  0 2026-09-26 14:48:03
33  1      0  86488  73236 2309496    0    0     0 25884 20870 97557 57 42  1  0  0  0 2026-09-26 14:48:04
24  0      0  84076  73236 2312176    0    0     0 22016 20547 89412 62 37  1  1  0  0 2026-09-26 14:48:05
24  0      0  83392  73236 2292948    0    0     0 29632 20062 92705 56 43  1  1  0  0 2026-09-26 14:48:06
51  1      0  83976  73240 2291936    0    0     0 31860 19379 95301 59 39  2  1  0  0 2026-09-26 14:48:07
procs -----------memory---------- ---swap-- -----io---- -system-- -------cpu------- -----timestamp-----
 r  b   swpd   free   buff  cache   si   so    bi    bo   in   cs us sy id wa st gu                 UTC
31  0      0  89972  73240 2285672    0    0     0 26112 20753 91253 60 39  1  0  0  0 2026-09-26 14:48:08
 9  1      0  88040  73240 2288460    0    0     4 26040 20858 94879 58 41  1  1  0  0 2026-09-26 14:48:09
14  0      0  90792  73240 2274252    0    0     0 26028 20814 91272 57 42  1  1  0  0 2026-09-26 14:48:10
12  1      0  85504  73240 2277408    0    0     0 31528 21618 94816 57 42  1  0  0  0 2026-09-26 14:48:11
10  1      0  92840  73240 2257040    0    0     0 27380 20744 95641 57 41  1  1  0  0 2026-09-26 14:48:12
 6  1      0  85856  73240 2261500    0    0     0 28000 18956 95064 57 43  1  0  0  0 2026-09-26 14:48:13
19  1      0  81052  73240 2252924    0    0     0 25212 17743 85451 58 42  1  0  0  0 2026-09-26 14:48:14
11  1      0  87264  73240 2250000    0    0     0 25956 21438 92507 59 40  1  1  0  0 2026-09-26 14:48:15
16  0      0  87052  73240 2251580    0    0     4 27456 18090 95642 58 42  1  0  0  0 2026-09-26 14:48:16
53  1      0  98148  73240 2240404    0    0     0 32160 22343 93886 57 42  1  0  0  0 2026-09-26 14:48:17
15  1      0  82848  73240 2244012    0    0     0 27280 20768 97685 58 41  1  1  0  0 2026-09-26 14:48:18
59  0      0  99784  73240 2232412    0    0     0 25160 20593 89813 61 39  1  0  0  0 2026-09-26 14:48:19
14  1      0  96548  73240 2234976    0    0     0 23908 20655 97246 60 39  1  1  0  0 2026-09-26 14:48:20
32  0      0  83248  73240 2237228    0    0     0 29840 19441 94478 56 43  1  0  0  0 2026-09-26 14:48:21
23  0      0  90764  73240 2229600    0    0     0 40876 20971 91720 61 38  1  1  0  0 2026-09-26 14:48:22
17  0      0  95900  73240 2218572    0    0     0 24596 18259 86915 59 40  1  1  0  0 2026-09-26 14:48:23
 9  0      0  82848  73240 2223364    0    0     4 24016 18856 86988 58 38  3  2  0  0 2026-09-26 14:48:24
27  0      0  87384  73240 2210356    0    0    32 24192 20587 92612 58 38  3  1  0  0 2026-09-26 14:48:25
11  0      0  81588  73240 2213424    0    0     0 24324 20929 87266 60 37  3  1  0  0 2026-09-26 14:48:26
12  0      0  88720  73240 2191672    0    0     0 27192 19456 91651 57 41  1  1  0  0 2026-09-26 14:48:27
12  0      0  87484  73240 2193192    0    0     0 10924 20740 103435 64 33  4  0  0  0 2026-09-26 14:48:28
procs -----------memory---------- ---swap-- -----io---- -system-- -------cpu------- -----timestamp-----
 r  b   swpd   free   buff  cache   si   so    bi    bo   in   cs us sy id wa st gu                 UTC
13  0      0  87232  73240 2194768    0    0     0  3264 19223 116511 64 31  5  0  0  0 2026-09-26 14:48:29
35  0      0  87232  73240 2196244    0    0     0  1460 16806 119195 66 30  5  0  0  0 2026-09-26 14:48:30
 9  0      0  84712  73240 2197860    0    0     0  1604 19149 120192 64 32  4  0  0  0 2026-09-26 14:48:31
29  0      0  93096  73240 2181768    0    0     0  1444 17156 113683 63 33  4  0  0  0 2026-09-26 14:48:32
