2026-09-27T08:45:05+00:00
COMMAND         %CPU   RSS
mysqld           1.3 891064
nginx            0.3 17224
nginx            0.3 17184
rcu_preempt      0.0     0
jbd2/sda1-8      0.0     0
ksoftirqd/0      0.0     0
ksoftirqd/1      0.0     0
kworker/1:1H-kb  0.0     0
kworker/0:1H-kb  0.0     0
2026-09-27T08:45:07+00:00
COMMAND         %CPU   RSS
bench            7.5 47584
mysqld           1.3 891968
isuride          0.4 15092
nginx            0.3 17224
nginx            0.3 17184
rcu_preempt      0.0     0
jbd2/sda1-8      0.0     0
kworker/u4:2-wr  0.0     0
ksoftirqd/0      0.0     0
2026-09-27T08:45:09+00:00
COMMAND         %CPU   RSS
bench           12.4 66056
isuride          2.2 15656
mysqld           1.3 892104
nginx            0.3 17224
nginx            0.3 17184
rcu_preempt      0.0     0
sh               0.0  1572
jbd2/sda1-8      0.0     0
kworker/u4:2-ev  0.0     0
2026-09-27T08:45:11+00:00
COMMAND         %CPU   RSS
bench           17.6 100144
isuride          4.6 16296
mysqld           1.3 893168
nginx            0.3 17224
nginx            0.3 17184
rcu_preempt      0.0     0
sh               0.0  1572
jbd2/sda1-8      0.0     0
kworker/u4:2-ev  0.0     0
2026-09-27T08:45:13+00:00
COMMAND         %CPU   RSS
bench           20.0 129164
isuride          7.0 16828
mysqld           1.3 893728
nginx            0.3 17224
nginx            0.3 17184
rcu_preempt      0.0     0
sh               0.0  1572
jbd2/sda1-8      0.0     0
kworker/u4:2-ev  0.0     0
2026-09-27T08:45:15+00:00
COMMAND         %CPU   RSS
bench           21.5 147720
isuride          9.2 18284
mysqld           1.3 894140
nginx            0.3 17224
nginx            0.3 17184
rcu_preempt      0.0     0
sh               0.0  1572
jbd2/sda1-8      0.0     0
kworker/u4:2-ex  0.0     0
2026-09-27T08:45:17+00:00
COMMAND         %CPU   RSS
bench           22.6 173504
isuride         11.3 18992
mysqld           1.3 894468
nginx            0.3 17224
nginx            0.3 17184
rcu_preempt      0.0     0
kworker/u4:2-ev  0.0     0
sh               0.0  1572
jbd2/sda1-8      0.0     0
2026-09-27T08:45:19+00:00
COMMAND         %CPU   RSS
bench           23.3 183524
curl            14.2 12100
isuride         13.1 20360
mysqld           1.3 894736
nginx            0.3 17224
nginx            0.3 17184
rcu_preempt      0.0     0
jbd2/sda1-8      0.0     0
kworker/u4:2-wr  0.0     0
2026-09-27T08:45:21+00:00
COMMAND         %CPU   RSS
bench           23.9 198444
isuride         14.8 20712
mysqld           1.3 895228
nginx            0.3 17224
nginx            0.3 17184
rcu_preempt      0.0     0
kworker/u4:5-ev  0.0     0
jbd2/sda1-8      0.0     0
kworker/u4:2-ev  0.0     0
2026-09-27T08:45:23+00:00
COMMAND         %CPU   RSS
bench           24.1 210792
isuride         16.4 21468
mysqld           1.3 895556
nginx            0.3 17224
nginx            0.3 17184
kworker/u4:5-ex  0.0     0
rcu_preempt      0.0     0
kworker/u4:2-ex  0.0     0
jbd2/sda1-8      0.0     0
2026-09-27T08:45:25+00:00
COMMAND         %CPU   RSS
bench           24.4 221684
isuride         17.7 23924
mysqld           1.3 895916
nginx            0.3 17224
nginx            0.3 17184
kworker/u4:5-ex  0.0     0
rcu_preempt      0.0     0
kworker/u4:2-ex  0.0     0
jbd2/sda1-8      0.0     0
2026-09-27T08:45:27+00:00
COMMAND         %CPU   RSS
bench           24.8 236416
isuride         18.9 24220
curl            16.6 11964
mysqld           1.3 896284
nginx            0.3 17224
nginx            0.3 17184
kworker/u4:5-ev  0.0     0
kworker/u4:2-ex  0.0     0
rcu_preempt      0.0     0
2026-09-27T08:45:29+00:00
COMMAND         %CPU   RSS
bench           25.2 253560
isuride         20.1 25288
mysqld           1.3 896552
nginx            0.3 17224
nginx            0.3 17184
kworker/u4:5-ev  0.0     0
kworker/u4:2-ev  0.0     0
rcu_preempt      0.0     0
jbd2/sda1-8      0.0     0
2026-09-27T08:45:31+00:00
COMMAND         %CPU   RSS
bench           25.4 268988
isuride         21.1 26048
mysqld           1.3 896856
nginx            0.3 17224
nginx            0.3 17184
kworker/u4:5-ev  0.0     0
kworker/u4:2-ev  0.0     0
rcu_preempt      0.0     0
jbd2/sda1-8      0.0     0
2026-09-27T08:45:33+00:00
COMMAND         %CPU   RSS
bench           25.9 294216
isuride         22.0 28792
mysqld           1.3 897164
nginx            0.3 17224
nginx            0.3 17184
kworker/u4:5-ev  0.0     0
kworker/u4:2-ev  0.0     0
rcu_preempt      0.0     0
jbd2/sda1-8      0.0     0
2026-09-27T08:45:35+00:00
COMMAND         %CPU   RSS
bench           26.2 323156
isuride         22.7 29740
curl            11.1 12308
mysqld           1.3 897428
nginx            0.3 17224
nginx            0.3 17184
kworker/u4:5-ev  0.0     0
kworker/u4:2-ev  0.0     0
rcu_preempt      0.0     0
2026-09-27T08:45:37+00:00
COMMAND         %CPU   RSS
bench           26.4 353256
isuride         23.6 29900
mysqld           1.3 897804
nginx            0.3 17224
nginx            0.3 17184
kworker/u4:5-ex  0.0     0
kworker/u4:2-ev  0.0     0
rcu_preempt      0.0     0
jbd2/sda1-8      0.0     0
2026-09-27T08:45:39+00:00
COMMAND         %CPU   RSS
bench           26.6 355596
isuride         24.3 32360
mysqld           1.3 898016
nginx            0.3 17224
nginx            0.3 17184
kworker/u4:5-ex  0.0     0
kworker/u4:2-ev  0.0     0
rcu_preempt      0.0     0
jbd2/sda1-8      0.0     0
2026-09-27T08:45:41+00:00
COMMAND         %CPU   RSS
bench           26.9 380932
isuride         25.0 31644
curl             6.2 12340
mysqld           1.3 898244
nginx            0.3 17224
nginx            0.3 17184
kworker/u4:2-ev  0.0     0
kworker/u4:5-ex  0.0     0
rcu_preempt      0.0     0
2026-09-27T08:45:43+00:00
COMMAND         %CPU   RSS
bench           26.8 405832
isuride         25.6 34232
mysqld           1.4 898496
nginx            0.3 17224
nginx            0.3 17184
kworker/u4:2-ev  0.0     0
kworker/u4:5-ex  0.0     0
rcu_preempt      0.0     0
jbd2/sda1-8      0.0     0
2026-09-27T08:45:45+00:00
COMMAND         %CPU   RSS
bench           27.0 413436
isuride         26.2 34976
curl             5.0 12340
mysqld           1.4 898844
nginx            0.3 17224
nginx            0.3 17184
kworker/u4:2-ev  0.0     0
kworker/u4:5-ex  0.0     0
rcu_preempt      0.0     0
2026-09-27T08:45:47+00:00
COMMAND         %CPU   RSS
bench           27.2 451924
isuride         26.8 35128
curl             5.5 12324
mysqld           1.4 898924
nginx            0.3 17224
nginx            0.3 17184
kworker/u4:2-ev  0.0     0
kworker/u4:5-ex  0.0     0
rcu_preempt      0.0     0
2026-09-27T08:45:49+00:00
COMMAND         %CPU   RSS
bench           27.3 453532
isuride         27.3 36988
curl             4.7 12340
mysqld           1.4 899068
nginx            0.3 17224
nginx            0.3 17184
kworker/u4:2-ex  0.0     0
kworker/u4:5-ex  0.0     0
rcu_preempt      0.0     0
2026-09-27T08:45:51+00:00
COMMAND         %CPU   RSS
isuride         27.7 37940
bench           27.4 475780
curl             9.0 12328
mysqld           1.4 899240
nginx            0.3 17224
nginx            0.3 17184
kworker/u4:2-ex  0.0     0
kworker/u4:5-ex  0.0     0
rcu_preempt      0.0     0
2026-09-27T08:45:53+00:00
COMMAND         %CPU   RSS
isuride         28.2 38268
bench           27.5 488544
mysqld           1.4 899376
nginx            0.3 17224
nginx            0.3 17184
kworker/u4:2-ev  0.0     0
kworker/u4:5-ex  0.0     0
rcu_preempt      0.0     0
jbd2/sda1-8      0.0     0
2026-09-27T08:45:55+00:00
COMMAND         %CPU   RSS
isuride         28.7 39956
bench           27.6 492364
mysqld           1.4 899696
nginx            0.3 17224
nginx            0.3 17184
kworker/u4:2-ev  0.0     0
kworker/u4:5-ex  0.0     0
rcu_preempt      0.0     0
kworker/u4:0-ev  0.0     0
2026-09-27T08:45:57+00:00
COMMAND         %CPU   RSS
isuride         29.1 41232
bench           27.8 519048
curl             3.8 12372
mysqld           1.4 899832
nginx            0.3 17224
nginx            0.3 17184
kworker/u4:2-ev  0.0     0
kworker/u4:5-ex  0.0     0
rcu_preempt      0.0     0
2026-09-27T08:45:59+00:00
COMMAND         %CPU   RSS
isuride         29.5 40972
bench           27.8 521976
mysqld           1.4 900020
nginx            0.3 17224
nginx            0.3 17188
kworker/u4:2-ex  0.0     0
kworker/u4:5-ex  0.0     0
rcu_preempt      0.0     0
kworker/u4:0-ev  0.0     0
2026-09-27T08:46:01+00:00
COMMAND         %CPU   RSS
isuride         29.9 43288
bench           27.9 553884
curl             7.6 12340
mysqld           1.4 900348
nginx            0.3 17252
nginx            0.3 17228
kworker/u4:2-ev  0.0     0
kworker/u4:5-ex  0.0     0
rcu_preempt      0.0     0
2026-09-27T08:46:03+00:00
COMMAND         %CPU   RSS
isuride         30.1 43192
bench           28.0 554836
mysqld           1.4 900712
nginx            0.3 17284
nginx            0.3 17232
kworker/u4:2-ev  0.0     0
kworker/u4:5-ex  0.0     0
rcu_preempt      0.0     0
kworker/u4:0-ev  0.0     0
2026-09-27T08:46:05+00:00
COMMAND         %CPU   RSS
isuride         30.4 45888
bench           28.1 559880
mysqld           1.4 901048
nginx            0.3 17324
nginx            0.3 17300
kworker/u4:2-ev  0.0     0
kworker/u4:5-ex  0.0     0
kworker/u4:0-ev  0.0     0
rcu_preempt      0.0     0
2026-09-27T08:46:07+00:00
COMMAND         %CPU   RSS
isuride         30.7 39324
bench           28.1 590236
mysqld           1.4 901576
nginx            0.3 17324
nginx            0.3 17360
kworker/u4:2-ex  0.0     0
kworker/u4:5-ex  0.0     0
kworker/u4:0-ev  0.0     0
rcu_preempt      0.0     0
2026-09-27T08:46:10+00:00
COMMAND         %CPU   RSS
isuride         31.1 37324
bench           28.1 590264
mysqld           1.4 901576
nginx            0.3 17324
nginx            0.3 17360
kworker/u4:2-ex  0.0     0
kworker/u4:5-ex  0.0     0
kworker/u4:0-ev  0.0     0
rcu_preempt      0.0     0
