procs -----------memory---------- ---swap-- -----io---- -system-- -------cpu------- -----timestamp-----
 r  b   swpd   free   buff  cache   si   so    bi    bo   in   cs us sy id wa st gu                 UTC
 2  0      0 445796  18620 2455716    0    0    23   376  614    8  4  1 95  0  0  0 2026-09-27 08:45:05
 1  0      0 431560  25000 2447084    0    0   356 61520 12116 23437 23 12 41 23  0  0 2026-09-27 08:45:06
 1  0      0 414756  27112 2447632    0    0     0  8192 15236 42165 22 12 63  4  0  0 2026-09-27 08:45:07
 0  0      0 407808  30032 2448064    0    0     0 11312 22669 68904 19 17 59  5  0  0 2026-09-27 08:45:08
21  1      0 399412  34216 2449936    0    0     0 16964 28241 98279 35 26 35  4  0  0 2026-09-27 08:45:09
 0  2      0 377160  38908 2451188    0    0     0 20008 29463 118469 43 32 22  4  0  0 2026-09-27 08:45:10
 0  0      0 353752  42984 2452536    0    0     0 21880 26942 113027 42 35 19  4  0  0 2026-09-27 08:45:11
29  1      0 328536  46152 2453624    0    0     0 20676 28541 118905 46 34 17  3  0  0 2026-09-27 08:45:12
 0  0      0 308684  49516 2457148    0    0     0 24920 26777 125814 49 39 11  1  0  0 2026-09-27 08:45:13
 9  0      0 289560  53300 2458508    0    0     0 23984 21942 100845 52 37  9  2  0  0 2026-09-27 08:45:14
11  1      0 282192  56380 2459856    0    0     0 23904 22897 102814 52 41  6  2  0  0 2026-09-27 08:45:15
17  0      0 256572  58844 2462028    0    0     0 25656 22649 105533 55 41  4  1  0  0 2026-09-27 08:45:16
61  0      0 242484  61108 2463332    0    0     0 24352 24806 111982 52 41  5  2  0  0 2026-09-27 08:45:17
 7  0      0 232404  63708 2464660    0    0     0 27228 22558 108573 54 42  4  1  0  0 2026-09-27 08:45:18
11  0      0 213080  65752 2466020    0    0     0 25364 23600 108496 56 40  3  1  0  0 2026-09-27 08:45:19
12  1      0 212288  67440 2467320    0    0     0 26536 21895 105630 56 42  1  1  0  0 2026-09-27 08:45:20
 9  1      0 197892  69008 2468616    0    0     0 34260 22604 104904 55 43  2  1  0  0 2026-09-27 08:45:21
21  0      0 193152  70504 2470040    0    0     0 27324 25139 116446 54 40  5  1  0  0 2026-09-27 08:45:22
52  0      0 177080  71808 2471476    0    0     0 28844 21372 105240 55 43  1  1  0  0 2026-09-27 08:45:23
 7  1      0 169396  72776 2472948    0    0     0 28100 19607 107287 57 41  2  1  0  0 2026-09-27 08:45:24
19  0      0 160604  73688 2475364    0    0     0 28988 22470 108388 54 43  2  1  0  0 2026-09-27 08:45:25
procs -----------memory---------- ---swap-- -----io---- -system-- -------cpu------- -----timestamp-----
 r  b   swpd   free   buff  cache   si   so    bi    bo   in   cs us sy id wa st gu                 UTC
31  0      0 153640  74536 2477796    0    0     0 28944 24133 110200 54 42  3  1  0  0 2026-09-27 08:45:26
13  0      0 138328  75120 2479692    0    0    48 28444 21224 105834 57 40  3  1  0  0 2026-09-27 08:45:27
55  0      0 119220  75660 2481276    0    0     0 27396 21282 109846 54 44  2  0  0  0 2026-09-27 08:45:28
44  1      0 114108  76160 2482956    0    0     0 26172 20567 101838 57 41  1  1  0  0 2026-09-27 08:45:29
53  0      0  98920  76620 2484540    0    0    16 25212 21613 106032 58 41  1  0  0  0 2026-09-27 08:45:30
35  0      0  94196  77048 2486144    0    0     0 26152 20937 107081 59 39  2  1  0  0 2026-09-27 08:45:31
28  0      0  68004  77380 2487628    0    0     0 27896 19862 105285 57 42  1  1  0  0 2026-09-27 08:45:32
35  1      0 133888  73992 2425080    0    0    80 26804 20503 108743 57 41  2  1  0  0 2026-09-27 08:45:33
32  0      0 108900  74244 2426436    0    0    20 25260 21240 98970 56 43  2  0  0  0 2026-09-27 08:45:34
14  1      0 106260  74492 2427872    0    0     0 25912 19993 99183 60 40  1  1  0  0 2026-09-27 08:45:35
 5  1      0  90404  74684 2431384    0    0    36 32248 20405 103602 58 41  1  0  0  0 2026-09-27 08:45:36
12  0      0  60600  74916 2432720    0    0     0 36232 20736 108475 55 43  1  1  0  0 2026-09-27 08:45:37
13  1      0  76700  74208 2425456    0    0     0 27716 21702 106877 57 41  2  1  0  0 2026-09-27 08:45:38
52  1      0  71260  74352 2426892    0    0    32 27628 18417 101557 59 40  1  0  0  0 2026-09-27 08:45:39
10  1      0  81340  74484 2390396    0    0     0 27588 20630 102651 57 42  1  1  0  0 2026-09-27 08:45:40
56  0      0  72828  74600 2391796    0    0     0 27940 21693 103354 58 40  1  1  0  0 2026-09-27 08:45:41
22  0      0  73924  74680 2393552    0    0     4 29316 21760 104942 58 39  2  1  0  0 2026-09-27 08:45:42
49  1      0 121144  73988 2325192    0    0     0 25548 20725 104446 55 42  3  1  0  0 2026-09-27 08:45:43
53  1      0 101176  74060 2326972    0    0     0 25196 19110 96403 59 39  2  0  0  0 2026-09-27 08:45:44
44  0      0 100064  74120 2328460    0    0     0 26400 20832 106100 58 41  1  0  0  0 2026-09-27 08:45:45
 7  1      0  93628  74188 2329860    0    0     0 25752 21745 103047 58 40  1  1  0  0 2026-09-27 08:45:46
procs -----------memory---------- ---swap-- -----io---- -system-- -------cpu------- -----timestamp-----
 r  b   swpd   free   buff  cache   si   so    bi    bo   in   cs us sy id wa st gu                 UTC
56  0      0  65400  74228 2332312    0    0     0 26320 20333 100558 60 38  2  1  0  0 2026-09-27 08:45:47
43  0      0 107912  74248 2266816    0    0     0 26524 19643 94117 59 40  1  1  0  0 2026-09-27 08:45:48
12  1      0 125488  74276 2268200    0    0     0 24996 21012 104490 57 41  2  1  0  0 2026-09-27 08:45:49
 8  0      0 118716  74328 2269608    0    0     0 28176 19138 104138 59 39  2  0  0  0 2026-09-27 08:45:50
18  1      0 103140  74368 2271028    0    0     0 28024 19749 101489 58 41  1  1  0  0 2026-09-27 08:45:51
30  1      0  77788  74392 2272424    0    0     0 35644 20175 98687 59 40  1  0  0  0 2026-09-27 08:45:52
22  0      0  73408  74432 2273720    0    0    32 27588 21759 104996 59 40  1  1  0  0 2026-09-27 08:45:53
16  1      0  68620  74544 2275120    0    0    84 23364 19589 97883 60 39  1  0  0  0 2026-09-27 08:45:54
17  0      0  64088  74568 2276492    0    0     0 29684 20900 101313 59 41  0  1  0  0 2026-09-27 08:45:55
18  1      0 107444  74544 2211216    0    0     0 27972 18180 93091 60 39  0  0  0  0 2026-09-27 08:45:56
38  0      0 103220  74576 2212460    0    0     0 31460 21148 103016 59 40  1  0  0  0 2026-09-27 08:45:57
26  0      0 102992  74584 2213892    0    0     0 24168 20137 102476 64 36  0  1  0  0 2026-09-27 08:45:58
55  0      0  99204  74600 2216288    0    0     0 26304 20587 98383 60 39  1  0  0  0 2026-09-27 08:45:59
33  1      0  89980  74616 2218664    0    0     4 25584 19762 101649 63 37  1  0  0  0 2026-09-27 08:46:00
44  0      0 110048  74188 2151820    0    0     0 25052 17656 96398 59 40  0  0  0  0 2026-09-27 08:46:01
22  0      0 106832  74204 2153140    0    0    32 26676 21982 102772 60 39  2  0  0  0 2026-09-27 08:46:02
61  1      0 121280  74216 2154260    0    0     0 29484 18931 97660 60 39  0  0  0  0 2026-09-27 08:46:03
18  1      0 121256  74220 2155620    0    0     0 25992 20171 93812 62 38  0  0  0  0 2026-09-27 08:46:04
14  0      0 113980  74224 2156832    0    0     0 27780 20602 98809 59 41  1  0  0  0 2026-09-27 08:46:05
40  2      0  85696  74228 2158024    0    0     0 26760 17892 96053 61 39  0  0  0  0 2026-09-27 08:46:06
15  0      0  82232  74228 2159280    0    0     0 22080 18690 110761 59 38  3  1  0  0 2026-09-27 08:46:07
procs -----------memory---------- ---swap-- -----io---- -system-- -------cpu------- -----timestamp-----
 r  b   swpd   free   buff  cache   si   so    bi    bo   in   cs us sy id wa st gu                 UTC
 8  0      0  80720  74228 2159976    0    0     0 14872 16089 142021 64 34  2  0  0  0 2026-09-27 08:46:08
60  0      0  79464  74228 2160708    0    0     0  4588 17325 129770 65 32  4  0  0  0 2026-09-27 08:46:09
19  0      0  78968  74228 2161384    0    0     0  4316 17681 123545 64 32  4  0  0  0 2026-09-27 08:46:10
24  0      0  72920  74228 2162132    0    0     0  4072 16235 123482 67 30  3  0  0  0 2026-09-27 08:46:11
