time=01:21:58.269 level=DEBUG source=/tmp/isucon14/bench/cmd/run.go:90 msg=target targetURL=https://isuride.xiv.isucon.net targetAddr=127.0.0.1:443 benchrun.GetTargetAddress()="" paymentURL=http://127.0.0.1:12346
time=01:21:58.269 level=INFO msg=負荷走行を開始します
time=01:22:01.068 level=DEBUG source=/tmp/isucon14/bench/benchmarker/scenario/scenario.go:315 msg=時間経過 tick=60
time=01:22:01.068 level=DEBUG source=/tmp/isucon14/bench/benchmarker/scenario/scenario.go:317 msg=eval reqs=6 score="[0 0 0 4 2]" criteria="[6 2 6 6]"
time=01:22:02.851 level=INFO msg=一定の売上が立ったためオーナーの椅子が増加します 名前=EcoChairs 増加数=1
time=01:22:02.854 level=INFO msg=一定の売上が立ったためオーナーの椅子が増加します 名前=再座堂 増加数=2
time=01:22:02.855 level=INFO msg=一定の売上が立ったためオーナーの椅子が増加します 名前="CraftChair Co., Ltd." 増加数=1
time=01:22:02.868 level=DEBUG source=/tmp/isucon14/bench/benchmarker/scenario/scenario.go:315 msg=時間経過 tick=120
time=01:22:02.869 level=DEBUG source=/tmp/isucon14/bench/benchmarker/scenario/scenario.go:317 msg=eval reqs=22 score="[0 0 0 11 11]" criteria="[22 11 22 22]"
time=01:22:04.650 level=INFO msg=一定の売上が立ったためオーナーの椅子が増加します 名前=EcoChairs 増加数=2
time=01:22:04.650 level=INFO msg=一定の売上が立ったためオーナーの椅子が増加します 名前=再座堂 増加数=1
time=01:22:04.656 level=INFO msg=一定の売上が立ったためオーナーの椅子が増加します 名前="Chair Charm" 増加数=1
time=01:22:04.657 level=INFO msg=一定の売上が立ったためオーナーの椅子が増加します 名前=ComfortWorks 増加数=2
time=01:22:04.668 level=DEBUG source=/tmp/isucon14/bench/benchmarker/scenario/scenario.go:315 msg=時間経過 tick=180
time=01:22:04.669 level=DEBUG source=/tmp/isucon14/bench/benchmarker/scenario/scenario.go:317 msg=eval reqs=34 score="[0 0 0 20 14]" criteria="[34 14 34 34]"
time=01:22:04.669 level=INFO msg=これまでに地域内の評判によって7人、既存ユーザーの招待経由で34人が新規登録しました
time=01:22:04.669 level=INFO msg=0.0%のライドは椅子がマッチされるまでの時間、58.8%のライドはマッチされた椅子が乗車地点までに掛かる時間、0.0%のライドは椅子の実移動時間に不満がありました
time=01:22:06.469 level=DEBUG source=/tmp/isucon14/bench/benchmarker/scenario/scenario.go:315 msg=時間経過 tick=240
time=01:22:06.469 level=DEBUG source=/tmp/isucon14/bench/benchmarker/scenario/scenario.go:317 msg=eval reqs=47 score="[0 0 0 31 16]" criteria="[47 16 47 47]"
time=01:22:06.478 level=INFO msg=一定の売上が立ったためオーナーの椅子が増加します 名前=再座堂 増加数=2
time=01:22:06.478 level=INFO msg=一定の売上が立ったためオーナーの椅子が増加します 名前=ComfortWorks 増加数=1
time=01:22:06.486 level=INFO msg=一定の売上が立ったためオーナーの椅子が増加します 名前="CraftChair Co., Ltd." 増加数=1
time=01:22:06.490 level=INFO msg=一定の売上が立ったためオーナーの椅子が増加します 名前="Chair Charm" 増加数=2
time=01:22:07.179 level=WARN msg="ユーザー登録に失敗しました (CODE=17): POST /api/app/usersへのリクエストに対して、期待されたHTTPステータスコードが確認できませんでした (expected:201, actual:500)"
time=01:22:08.260 level=INFO msg=一定の売上が立ったためオーナーの椅子が増加します 名前="Chair Charm" 増加数=1
time=01:22:08.268 level=DEBUG source=/tmp/isucon14/bench/benchmarker/scenario/scenario.go:315 msg=時間経過 tick=300
time=01:22:08.268 level=DEBUG source=/tmp/isucon14/bench/benchmarker/scenario/scenario.go:317 msg=eval reqs=64 score="[0 0 6 39 19]" criteria="[64 19 63 59]"
time=01:22:08.272 level=INFO msg=一定の売上が立ったためオーナーの椅子が増加します 名前=再座堂 増加数=1
time=01:22:08.287 level=INFO msg=一定の売上が立ったためオーナーの椅子が増加します 名前="CraftChair Co., Ltd." 増加数=3
time=01:22:08.287 level=INFO msg=一定の売上が立ったためオーナーの椅子が増加します 名前=EcoChairs 増加数=2
time=01:22:08.290 level=INFO msg=一定の売上が立ったためオーナーの椅子が増加します 名前=ComfortWorks 増加数=2
time=01:22:10.066 level=INFO msg=一定の売上が立ったためオーナーの椅子が増加します 名前=ComfortWorks 増加数=2
time=01:22:10.068 level=DEBUG source=/tmp/isucon14/bench/benchmarker/scenario/scenario.go:315 msg=時間経過 tick=360
time=01:22:10.069 level=DEBUG source=/tmp/isucon14/bench/benchmarker/scenario/scenario.go:317 msg=eval reqs=76 score="[0 0 17 40 19]" criteria="[71 23 75 61]"
time=01:22:10.069 level=INFO msg=これまでに地域内の評判によって19人、既存ユーザーの招待経由で58人が新規登録しました
time=01:22:10.069 level=INFO msg=6.6%のライドは椅子がマッチされるまでの時間、69.7%のライドはマッチされた椅子が乗車地点までに掛かる時間、10.5%のライドは椅子の実移動時間に不満がありました
time=01:22:10.105 level=INFO msg=一定の売上が立ったためオーナーの椅子が増加します 名前=EcoChairs 増加数=1
time=01:22:10.110 level=INFO msg=一定の売上が立ったためオーナーの椅子が増加します 名前=再座堂 増加数=1
time=01:22:11.869 level=DEBUG source=/tmp/isucon14/bench/benchmarker/scenario/scenario.go:315 msg=時間経過 tick=420
time=01:22:11.869 level=DEBUG source=/tmp/isucon14/bench/benchmarker/scenario/scenario.go:317 msg=eval reqs=93 score="[1 2 26 45 19]" criteria="[77 32 89 67]"
time=01:22:11.896 level=INFO msg=一定の売上が立ったためオーナーの椅子が増加します 名前="CraftChair Co., Ltd." 増加数=1
time=01:22:11.901 level=INFO msg=一定の売上が立ったためオーナーの椅子が増加します 名前=再座堂 増加数=1
time=01:22:11.903 level=INFO msg=一定の売上が立ったためオーナーの椅子が増加します 名前="Chair Charm" 増加数=2
time=01:22:11.911 level=INFO msg=一定の売上が立ったためオーナーの椅子が増加します 名前=ComfortWorks 増加数=1
time=01:22:13.669 level=DEBUG source=/tmp/isucon14/bench/benchmarker/scenario/scenario.go:315 msg=時間経過 tick=480
time=01:22:13.669 level=DEBUG source=/tmp/isucon14/bench/benchmarker/scenario/scenario.go:317 msg=eval reqs=103 score="[3 5 28 48 19]" criteria="[77 37 96 71]"
time=01:22:13.685 level=INFO msg=一定の売上が立ったためオーナーの椅子が増加します 名前=EcoChairs 増加数=1
time=01:22:13.703 level=INFO msg=一定の売上が立ったためオーナーの椅子が増加します 名前=ComfortWorks 増加数=1
time=01:22:13.707 level=INFO msg=一定の売上が立ったためオーナーの椅子が増加します 名前="CraftChair Co., Ltd." 増加数=1
time=01:22:13.715 level=INFO msg=一定の売上が立ったためオーナーの椅子が増加します 名前=再座堂 増加数=1
time=01:22:14.011 level=WARN msg="ユーザー登録に失敗しました (CODE=17): POST /api/app/usersへのリクエストに対して、期待されたHTTPステータスコードが確認できませんでした (expected:201, actual:500)"
time=01:22:15.469 level=INFO msg=これまでに地域内の評判によって31人、既存ユーザーの招待経由で68人が新規登録しました
time=01:22:15.469 level=INFO msg=これまでに低評価なライドによって8人が利用をやめました
time=01:22:15.469 level=INFO msg=35.3%のライドは椅子がマッチされるまでの時間、63.0%のライドはマッチされた椅子が乗車地点までに掛かる時間、23.9%のライドは椅子の実移動時間に不満がありました
time=01:22:15.469 level=DEBUG source=/tmp/isucon14/bench/benchmarker/scenario/scenario.go:315 msg=時間経過 tick=540
time=01:22:15.469 level=DEBUG source=/tmp/isucon14/bench/benchmarker/scenario/scenario.go:317 msg=eval reqs=119 score="[8 9 32 51 19]" criteria="[77 44 105 76]"
time=01:22:15.526 level=INFO msg=一定の売上が立ったためオーナーの椅子が増加します 名前="Chair Charm" 増加数=1
time=01:22:15.530 level=INFO msg=一定の売上が立ったためオーナーの椅子が増加します 名前=EcoChairs 増加数=1
time=01:22:15.578 level=INFO msg=一定の売上が立ったためオーナーの椅子が増加します 名前=ComfortWorks 増加数=2
time=01:22:17.268 level=DEBUG source=/tmp/isucon14/bench/benchmarker/scenario/scenario.go:315 msg=時間経過 tick=600
time=01:22:17.268 level=DEBUG source=/tmp/isucon14/bench/benchmarker/scenario/scenario.go:317 msg=eval reqs=136 score="[18 12 33 54 19]" criteria="[77 49 109 81]"
time=01:22:17.318 level=INFO msg=一定の売上が立ったためオーナーの椅子が増加します 名前="Chair Charm" 増加数=1
time=01:22:17.343 level=INFO msg=一定の売上が立ったためオーナーの椅子が増加します 名前="CraftChair Co., Ltd." 増加数=2
time=01:22:17.356 level=INFO msg=一定の売上が立ったためオーナーの椅子が増加します 名前=ComfortWorks 増加数=1
time=01:22:17.356 level=INFO msg=一定の売上が立ったためオーナーの椅子が増加します 名前=再座堂 増加数=2
time=01:22:19.068 level=DEBUG source=/tmp/isucon14/bench/benchmarker/scenario/scenario.go:315 msg=時間経過 tick=660
time=01:22:19.068 level=DEBUG source=/tmp/isucon14/bench/benchmarker/scenario/scenario.go:317 msg=eval reqs=155 score="[27 14 40 55 19]" criteria="[79 57 116 83]"
time=01:22:19.090 level=INFO msg=一定の売上が立ったためオーナーの椅子が増加します 名前="Chair Charm" 増加数=1
time=01:22:19.090 level=INFO msg=一定の売上が立ったためオーナーの椅子が増加します 名前=ComfortWorks 増加数=1
time=01:22:19.124 level=INFO msg=一定の売上が立ったためオーナーの椅子が増加します 名前=再座堂 増加数=1
time=01:22:19.145 level=INFO msg=一定の売上が立ったためオーナーの椅子が増加します 名前=EcoChairs 増加数=3
time=01:22:20.868 level=DEBUG source=/tmp/isucon14/bench/benchmarker/scenario/scenario.go:315 msg=時間経過 tick=720
time=01:22:20.868 level=INFO msg=これまでに地域内の評判によって43人、既存ユーザーの招待経由で72人が新規登録しました
time=01:22:20.869 level=INFO msg=これまでに低評価なライドによって26人が利用をやめました
time=01:22:20.869 level=INFO msg=54.1%のライドは椅子がマッチされるまでの時間、63.5%のライドはマッチされた椅子が乗車地点までに掛かる時間、41.7%のライドは椅子の実移動時間に不満がありました
time=01:22:20.868 level=DEBUG source=/tmp/isucon14/bench/benchmarker/scenario/scenario.go:317 msg=eval reqs=181 score="[38 19 50 55 19]" criteria="[83 66 122 89]"
time=01:22:20.885 level=INFO msg=一定の売上が立ったためオーナーの椅子が増加します 名前="Chair Charm" 増加数=2
time=01:22:20.900 level=INFO msg=一定の売上が立ったためオーナーの椅子が増加します 名前=ComfortWorks 増加数=3
time=01:22:20.939 level=INFO msg=一定の売上が立ったためオーナーの椅子が増加します 名前="CraftChair Co., Ltd." 増加数=1
time=01:22:20.940 level=INFO msg=一定の売上が立ったためオーナーの椅子が増加します 名前=再座堂 増加数=2
time=01:22:22.668 level=DEBUG source=/tmp/isucon14/bench/benchmarker/scenario/scenario.go:315 msg=時間経過 tick=780
time=01:22:22.668 level=DEBUG source=/tmp/isucon14/bench/benchmarker/scenario/scenario.go:317 msg=eval reqs=204 score="[46 30 54 55 19]" criteria="[86 75 126 92]"
time=01:22:22.710 level=INFO msg=一定の売上が立ったためオーナーの椅子が増加します 名前=EcoChairs 増加数=2
time=01:22:22.727 level=INFO msg=一定の売上が立ったためオーナーの椅子が増加します 名前="CraftChair Co., Ltd." 増加数=1
time=01:22:22.730 level=INFO msg=一定の売上が立ったためオーナーの椅子が増加します 名前="Chair Charm" 増加数=1
time=01:22:22.756 level=INFO msg=一定の売上が立ったためオーナーの椅子が増加します 名前=再座堂 増加数=1
time=01:22:22.771 level=INFO msg=一定の売上が立ったためオーナーの椅子が増加します 名前=ComfortWorks 増加数=1
time=01:22:24.468 level=DEBUG source=/tmp/isucon14/bench/benchmarker/scenario/scenario.go:315 msg=時間経過 tick=840
time=01:22:24.469 level=DEBUG source=/tmp/isucon14/bench/benchmarker/scenario/scenario.go:317 msg=eval reqs=228 score="[52 38 59 60 19]" criteria="[102 86 131 93]"
time=01:22:24.506 level=INFO msg=一定の売上が立ったためオーナーの椅子が増加します 名前=EcoChairs 増加数=2
time=01:22:24.522 level=INFO msg=一定の売上が立ったためオーナーの椅子が増加します 名前="CraftChair Co., Ltd." 増加数=2
time=01:22:24.530 level=INFO msg=一定の売上が立ったためオーナーの椅子が増加します 名前="Chair Charm" 増加数=2
time=01:22:24.570 level=INFO msg=一定の売上が立ったためオーナーの椅子が増加します 名前=再座堂 増加数=1
time=01:22:24.589 level=INFO msg=一定の売上が立ったためオーナーの椅子が増加します 名前=ComfortWorks 増加数=2
time=01:22:25.580 level=WARN msg="ユーザー登録に失敗しました (CODE=17): POST /api/app/usersへのリクエストに対して、期待されたHTTPステータスコードが確認できませんでした (expected:201, actual:500)"
time=01:22:26.268 level=INFO msg=これまでに地域内の評判によって55人、既存ユーザーの招待経由で84人が新規登録しました
time=01:22:26.268 level=INFO msg=これまでに低評価なライドによって50人が利用をやめました
time=01:22:26.268 level=INFO msg=50.2%のライドは椅子がマッチされるまでの時間、60.9%のライドはマッチされた椅子が乗車地点までに掛かる時間、54.2%のライドは椅子の実移動時間に不満がありました
time=01:22:26.268 level=DEBUG source=/tmp/isucon14/bench/benchmarker/scenario/scenario.go:315 msg=時間経過 tick=900
time=01:22:26.268 level=DEBUG source=/tmp/isucon14/bench/benchmarker/scenario/scenario.go:317 msg=eval reqs=261 score="[57 48 66 69 21]" criteria="[130 102 140 99]"
time=01:22:26.303 level=INFO msg=一定の売上が立ったためオーナーの椅子が増加します 名前="CraftChair Co., Ltd." 増加数=1
time=01:22:26.328 level=INFO msg=一定の売上が立ったためオーナーの椅子が増加します 名前=ComfortWorks 増加数=1
time=01:22:26.396 level=INFO msg=一定の売上が立ったためオーナーの椅子が増加します 名前=EcoChairs 増加数=2
time=01:22:26.419 level=INFO msg=一定の売上が立ったためオーナーの椅子が増加します 名前="Chair Charm" 増加数=2
time=01:22:26.423 level=INFO msg=一定の売上が立ったためオーナーの椅子が増加します 名前=再座堂 増加数=2
time=01:22:28.069 level=DEBUG source=/tmp/isucon14/bench/benchmarker/scenario/scenario.go:315 msg=時間経過 tick=960
time=01:22:28.069 level=DEBUG source=/tmp/isucon14/bench/benchmarker/scenario/scenario.go:317 msg=eval reqs=290 score="[58 59 73 78 22]" criteria="[158 119 150 100]"
time=01:22:28.073 level=INFO msg=一定の売上が立ったためオーナーの椅子が増加します 名前=再座堂 増加数=1
time=01:22:28.111 level=INFO msg=一定の売上が立ったためオーナーの椅子が増加します 名前="CraftChair Co., Ltd." 増加数=2
time=01:22:28.151 level=INFO msg=一定の売上が立ったためオーナーの椅子が増加します 名前=ComfortWorks 増加数=1
time=01:22:28.157 level=INFO msg=一定の売上が立ったためオーナーの椅子が増加します 名前="Chair Charm" 増加数=1
time=01:22:28.158 level=INFO msg=一定の売上が立ったためオーナーの椅子が増加します 名前=EcoChairs 増加数=2
time=01:22:29.868 level=DEBUG source=/tmp/isucon14/bench/benchmarker/scenario/scenario.go:315 msg=時間経過 tick=1020
time=01:22:29.868 level=DEBUG source=/tmp/isucon14/bench/benchmarker/scenario/scenario.go:317 msg=eval reqs=328 score="[58 74 87 85 24]" criteria="[196 140 159 104]"
time=01:22:29.946 level=INFO msg=一定の売上が立ったためオーナーの椅子が増加します 名前=ComfortWorks 増加数=3
time=01:22:29.995 level=INFO msg=一定の売上が立ったためオーナーの椅子が増加します 名前=EcoChairs 増加数=2
time=01:22:30.021 level=INFO msg=一定の売上が立ったためオーナーの椅子が増加します 名前="CraftChair Co., Ltd." 増加数=2
time=01:22:30.023 level=INFO msg=一定の売上が立ったためオーナーの椅子が増加します 名前=再座堂 増加数=1
time=01:22:30.059 level=INFO msg=一定の売上が立ったためオーナーの椅子が増加します 名前="Chair Charm" 増加数=3
time=01:22:31.493 level=WARN msg="ユーザー登録に失敗しました (CODE=17): POST /api/app/usersへのリクエストに対して、期待されたHTTPステータスコードが確認できませんでした (expected:201, actual:500)"
time=01:22:31.669 level=INFO msg=これまでに地域内の評判によって67人、既存ユーザーの招待経由で107人が新規登録しました
time=01:22:31.669 level=INFO msg=これまでに低評価なライドによって61人が利用をやめました
time=01:22:31.669 level=DEBUG source=/tmp/isucon14/bench/benchmarker/scenario/scenario.go:315 msg=時間経過 tick=1080
time=01:22:31.669 level=DEBUG source=/tmp/isucon14/bench/benchmarker/scenario/scenario.go:317 msg=eval reqs=356 score="[58 86 94 91 27]" criteria="[224 156 167 108]"
time=01:22:31.669 level=INFO msg=37.1%のライドは椅子がマッチされるまでの時間、56.2%のライドはマッチされた椅子が乗車地点までに掛かる時間、61.4%のライドは椅子の実移動時間に不満がありました
time=01:22:31.769 level=INFO msg=一定の売上が立ったためオーナーの椅子が増加します 名前=EcoChairs 増加数=1
time=01:22:31.789 level=INFO msg=一定の売上が立ったためオーナーの椅子が増加します 名前=ComfortWorks 増加数=1
time=01:22:31.814 level=INFO msg=一定の売上が立ったためオーナーの椅子が増加します 名前="CraftChair Co., Ltd." 増加数=1
time=01:22:31.899 level=INFO msg=一定の売上が立ったためオーナーの椅子が増加します 名前=再座堂 増加数=2
time=01:22:33.468 level=DEBUG source=/tmp/isucon14/bench/benchmarker/scenario/scenario.go:315 msg=時間経過 tick=1140
time=01:22:33.468 level=DEBUG source=/tmp/isucon14/bench/benchmarker/scenario/scenario.go:317 msg=eval reqs=400 score="[58 103 112 99 28]" criteria="[268 182 172 114]"
time=01:22:33.579 level=INFO msg=一定の売上が立ったためオーナーの椅子が増加します 名前="Chair Charm" 増加数=2
time=01:22:33.580 level=INFO msg=一定の売上が立ったためオーナーの椅子が増加します 名前="CraftChair Co., Ltd." 増加数=1
time=01:22:33.603 level=INFO msg=一定の売上が立ったためオーナーの椅子が増加します 名前=EcoChairs 増加数=2
time=01:22:33.618 level=INFO msg=一定の売上が立ったためオーナーの椅子が増加します 名前=ComfortWorks 増加数=3
time=01:22:33.677 level=INFO msg=一定の売上が立ったためオーナーの椅子が増加します 名前=再座堂 増加数=1
time=01:22:35.268 level=DEBUG source=/tmp/isucon14/bench/benchmarker/scenario/scenario.go:315 msg=時間経過 tick=1200
time=01:22:35.268 level=DEBUG source=/tmp/isucon14/bench/benchmarker/scenario/scenario.go:317 msg=eval reqs=435 score="[59 122 122 104 28]" criteria="[302 197 175 116]"
time=01:22:35.321 level=INFO msg=一定の売上が立ったためオーナーの椅子が増加します 名前=EcoChairs 増加数=2
time=01:22:35.333 level=INFO msg=一定の売上が立ったためオーナーの椅子が増加します 名前="Chair Charm" 増加数=1
time=01:22:35.370 level=INFO msg=一定の売上が立ったためオーナーの椅子が増加します 名前=再座堂 増加数=1
time=01:22:35.425 level=INFO msg=一定の売上が立ったためオーナーの椅子が増加します 名前="CraftChair Co., Ltd." 増加数=3
time=01:22:35.484 level=INFO msg=一定の売上が立ったためオーナーの椅子が増加します 名前=ComfortWorks 増加数=1
time=01:22:36.560 level=WARN msg="ユーザー登録に失敗しました (CODE=17): POST /api/app/usersへのリクエストに対して、期待されたHTTPステータスコードが確認できませんでした (expected:201, actual:500)"
time=01:22:37.069 level=INFO msg=これまでに地域内の評判によって79人、既存ユーザーの招待経由で126人が新規登録しました
time=01:22:37.069 level=INFO msg=これまでに低評価なライドによって75人が利用をやめました
time=01:22:37.069 level=INFO msg=28.1%のライドは椅子がマッチされるまでの時間、53.1%のライドはマッチされた椅子が乗車地点までに掛かる時間、68.7%のライドは椅子の実移動時間に不満がありました
time=01:22:37.069 level=DEBUG source=/tmp/isucon14/bench/benchmarker/scenario/scenario.go:315 msg=時間経過 tick=1260
time=01:22:37.069 level=DEBUG source=/tmp/isucon14/bench/benchmarker/scenario/scenario.go:317 msg=eval reqs=473 score="[59 135 142 109 28]" criteria="[340 222 180 116]"
time=01:22:37.157 level=INFO msg=一定の売上が立ったためオーナーの椅子が増加します 名前="Chair Charm" 増加数=2
time=01:22:37.171 level=INFO msg=一定の売上が立ったためオーナーの椅子が増加します 名前=再座堂 増加数=2
time=01:22:37.207 level=INFO msg=一定の売上が立ったためオーナーの椅子が増加します 名前=EcoChairs 増加数=2
time=01:22:37.209 level=INFO msg=一定の売上が立ったためオーナーの椅子が増加します 名前=ComfortWorks 増加数=1
time=01:22:37.311 level=INFO msg=一定の売上が立ったためオーナーの椅子が増加します 名前="CraftChair Co., Ltd." 増加数=2
time=01:22:38.869 level=DEBUG source=/tmp/isucon14/bench/benchmarker/scenario/scenario.go:315 msg=時間経過 tick=1320
time=01:22:38.869 level=DEBUG source=/tmp/isucon14/bench/benchmarker/scenario/scenario.go:317 msg=eval reqs=516 score="[61 146 166 115 28]" criteria="[381 252 183 119]"
time=01:22:38.884 level=INFO msg=一定の売上が立ったためオーナーの椅子が増加します 名前="Chair Charm" 増加数=2
time=01:22:38.944 level=INFO msg=一定の売上が立ったためオーナーの椅子が増加します 名前=再座堂 増加数=2
time=01:22:39.021 level=INFO msg=一定の売上が立ったためオーナーの椅子が増加します 名前=ComfortWorks 増加数=3
time=01:22:39.042 level=INFO msg=一定の売上が立ったためオーナーの椅子が増加します 名前="CraftChair Co., Ltd." 増加数=2
time=01:22:39.127 level=INFO msg=一定の売上が立ったためオーナーの椅子が増加します 名前=EcoChairs 増加数=2
time=01:22:39.907 level=WARN msg="ユーザー登録に失敗しました (CODE=17): POST /api/app/usersへのリクエストに対して、期待されたHTTPステータスコードが確認できませんでした (expected:201, actual:500)"
time=01:22:40.668 level=DEBUG source=/tmp/isucon14/bench/benchmarker/scenario/scenario.go:315 msg=時間経過 tick=1380
time=01:22:40.668 level=DEBUG source=/tmp/isucon14/bench/benchmarker/scenario/scenario.go:317 msg=eval reqs=550 score="[61 153 185 122 29]" criteria="[415 279 189 122]"
time=01:22:40.787 level=INFO msg=一定の売上が立ったためオーナーの椅子が増加します 名前=再座堂 増加数=2
time=01:22:40.845 level=INFO msg=一定の売上が立ったためオーナーの椅子が増加します 名前="CraftChair Co., Ltd." 増加数=1
time=01:22:40.915 level=INFO msg=一定の売上が立ったためオーナーの椅子が増加します 名前=ComfortWorks 増加数=2
time=01:22:40.946 level=INFO msg=一定の売上が立ったためオーナーの椅子が増加します 名前="Chair Charm" 増加数=1
time=01:22:40.984 level=INFO msg=一定の売上が立ったためオーナーの椅子が増加します 名前=EcoChairs 増加数=2
time=01:22:42.469 level=INFO msg=これまでに地域内の評判によって91人、既存ユーザーの招待経由で137人が新規登録しました
time=01:22:42.469 level=INFO msg=これまでに低評価なライドによって81人が利用をやめました
time=01:22:42.469 level=INFO msg=22.9%のライドは椅子がマッチされるまでの時間、46.9%のライドはマッチされた椅子が乗車地点までに掛かる時間、73.3%のライドは椅子の実移動時間に不満がありました
time=01:22:42.469 level=DEBUG source=/tmp/isucon14/bench/benchmarker/scenario/scenario.go:315 msg=時間経過 tick=1440
time=01:22:42.469 level=DEBUG source=/tmp/isucon14/bench/benchmarker/scenario/scenario.go:317 msg=eval reqs=590 score="[61 159 215 126 29]" criteria="[455 313 192 123]"
time=01:22:42.556 level=INFO msg=一定の売上が立ったためオーナーの椅子が増加します 名前=再座堂 増加数=1
time=01:22:42.561 level=INFO msg=一定の売上が立ったためオーナーの椅子が増加します 名前="CraftChair Co., Ltd." 増加数=2
time=01:22:42.561 level=INFO msg=一定の売上が立ったためオーナーの椅子が増加します 名前=ComfortWorks 増加数=1
time=01:22:42.634 level=INFO msg=一定の売上が立ったためオーナーの椅子が増加します 名前="Chair Charm" 増加数=1
time=01:22:42.655 level=INFO msg=一定の売上が立ったためオーナーの椅子が増加します 名前=EcoChairs 増加数=2
time=01:22:44.269 level=DEBUG source=/tmp/isucon14/bench/benchmarker/scenario/scenario.go:315 msg=時間経過 tick=1500
time=01:22:44.269 level=DEBUG source=/tmp/isucon14/bench/benchmarker/scenario/scenario.go:317 msg=eval reqs=637 score="[62 167 245 134 29]" criteria="[501 351 197 126]"
time=01:22:44.428 level=INFO msg=一定の売上が立ったためオーナーの椅子が増加します 名前=ComfortWorks 増加数=3
time=01:22:44.470 level=INFO msg=一定の売上が立ったためオーナーの椅子が増加します 名前=EcoChairs 増加数=1
time=01:22:44.489 level=INFO msg=一定の売上が立ったためオーナーの椅子が増加します 名前="Chair Charm" 増加数=3
time=01:22:44.534 level=INFO msg=一定の売上が立ったためオーナーの椅子が増加します 名前=再座堂 増加数=2
time=01:22:44.684 level=WARN msg="取得した付近の椅子情報に不備があります (CODE=30): ID:01M3F8CS5AWJMBYT7WP0XR8WS8の椅子は既にライド中です"
time=01:22:44.804 level=INFO msg=一定の売上が立ったためオーナーの椅子が増加します 名前="CraftChair Co., Ltd." 増加数=2
time=01:22:46.068 level=DEBUG source=/tmp/isucon14/bench/benchmarker/scenario/scenario.go:315 msg=時間経過 tick=1560
time=01:22:46.069 level=DEBUG source=/tmp/isucon14/bench/benchmarker/scenario/scenario.go:317 msg=eval reqs=678 score="[64 178 267 140 29]" criteria="[540 379 203 126]"
time=01:22:46.142 level=INFO msg=一定の売上が立ったためオーナーの椅子が増加します 名前="Chair Charm" 増加数=2
time=01:22:46.227 level=INFO msg=一定の売上が立ったためオーナーの椅子が増加します 名前=EcoChairs 増加数=1
time=01:22:46.236 level=INFO msg=一定の売上が立ったためオーナーの椅子が増加します 名前="CraftChair Co., Ltd." 増加数=2
time=01:22:46.377 level=INFO msg=一定の売上が立ったためオーナーの椅子が増加します 名前=再座堂 増加数=2
time=01:22:46.379 level=INFO msg=一定の売上が立ったためオーナーの椅子が増加します 名前=ComfortWorks 増加数=2
time=01:22:47.868 level=DEBUG source=/tmp/isucon14/bench/benchmarker/scenario/scenario.go:315 msg=時間経過 tick=1620
time=01:22:47.868 level=INFO msg=これまでに地域内の評判によって103人、既存ユーザーの招待経由で151人が新規登録しました
time=01:22:47.868 level=INFO msg=これまでに低評価なライドによって87人が利用をやめました
time=01:22:47.868 level=DEBUG source=/tmp/isucon14/bench/benchmarker/scenario/scenario.go:317 msg=eval reqs=721 score="[64 186 299 143 29]" criteria="[583 413 205 128]"
time=01:22:47.868 level=INFO msg=19.1%のライドは椅子がマッチされるまでの時間、42.7%のライドはマッチされた椅子が乗車地点までに掛かる時間、76.9%のライドは椅子の実移動時間に不満がありました
time=01:22:47.994 level=INFO msg=一定の売上が立ったためオーナーの椅子が増加します 名前=ComfortWorks 増加数=1
time=01:22:47.999 level=INFO msg=一定の売上が立ったためオーナーの椅子が増加します 名前="Chair Charm" 増加数=1
time=01:22:48.007 level=INFO msg=一定の売上が立ったためオーナーの椅子が増加します 名前="CraftChair Co., Ltd." 増加数=1
time=01:22:48.008 level=INFO msg=一定の売上が立ったためオーナーの椅子が増加します 名前=EcoChairs 増加数=3
time=01:22:48.113 level=INFO msg=一定の売上が立ったためオーナーの椅子が増加します 名前=再座堂 増加数=1
time=01:22:49.669 level=DEBUG source=/tmp/isucon14/bench/benchmarker/scenario/scenario.go:315 msg=時間経過 tick=1680
time=01:22:49.669 level=DEBUG source=/tmp/isucon14/bench/benchmarker/scenario/scenario.go:317 msg=eval reqs=771 score="[64 193 333 152 29]" criteria="[633 456 210 132]"
time=01:22:49.852 level=INFO msg=一定の売上が立ったためオーナーの椅子が増加します 名前=再座堂 増加数=1
time=01:22:49.870 level=INFO msg=一定の売上が立ったためオーナーの椅子が増加します 名前="Chair Charm" 増加数=1
time=01:22:49.871 level=INFO msg=一定の売上が立ったためオーナーの椅子が増加します 名前=ComfortWorks 増加数=2
time=01:22:49.871 level=INFO msg=一定の売上が立ったためオーナーの椅子が増加します 名前=EcoChairs 増加数=2
time=01:22:49.952 level=INFO msg=一定の売上が立ったためオーナーの椅子が増加します 名前="CraftChair Co., Ltd." 増加数=2
time=01:22:51.469 level=DEBUG source=/tmp/isucon14/bench/benchmarker/scenario/scenario.go:315 msg=時間経過 tick=1740
time=01:22:51.469 level=DEBUG source=/tmp/isucon14/bench/benchmarker/scenario/scenario.go:317 msg=eval reqs=813 score="[65 201 361 157 29]" criteria="[674 489 213 134]"
time=01:22:51.612 level=INFO msg=一定の売上が立ったためオーナーの椅子が増加します 名前=再座堂 増加数=2
time=01:22:51.748 level=INFO msg=一定の売上が立ったためオーナーの椅子が増加します 名前="Chair Charm" 増加数=2
time=01:22:51.810 level=INFO msg=一定の売上が立ったためオーナーの椅子が増加します 名前=EcoChairs 増加数=1
time=01:22:51.825 level=INFO msg=一定の売上が立ったためオーナーの椅子が増加します 名前="CraftChair Co., Ltd." 増加数=1
time=01:22:51.913 level=INFO msg=一定の売上が立ったためオーナーの椅子が増加します 名前=ComfortWorks 増加数=1
time=01:22:53.268 level=DEBUG source=/tmp/isucon14/bench/benchmarker/scenario/scenario.go:315 msg=時間経過 tick=1800
time=01:22:53.269 level=DEBUG source=/tmp/isucon14/bench/benchmarker/scenario/scenario.go:317 msg=eval reqs=858 score="[65 211 391 162 29]" criteria="[719 524 216 136]"
time=01:22:53.269 level=INFO msg=これまでに地域内の評判によって115人、既存ユーザーの招待経由で170人が新規登録しました
time=01:22:53.269 level=INFO msg=これまでに低評価なライドによって92人が利用をやめました
time=01:22:53.269 level=INFO msg=16.2%のライドは椅子がマッチされるまでの時間、38.9%のライドはマッチされた椅子が乗車地点までに掛かる時間、79.5%のライドは椅子の実移動時間に不満がありました
time=01:22:53.364 level=INFO msg=一定の売上が立ったためオーナーの椅子が増加します 名前=再座堂 増加数=1
time=01:22:53.368 level=INFO msg=一定の売上が立ったためオーナーの椅子が増加します 名前=EcoChairs 増加数=2
time=01:22:53.456 level=INFO msg=一定の売上が立ったためオーナーの椅子が増加します 名前="Chair Charm" 増加数=1
time=01:22:53.556 level=INFO msg=一定の売上が立ったためオーナーの椅子が増加します 名前=ComfortWorks 増加数=2
time=01:22:53.743 level=INFO msg=一定の売上が立ったためオーナーの椅子が増加します 名前="CraftChair Co., Ltd." 増加数=2
time=01:22:55.069 level=DEBUG source=/tmp/isucon14/bench/benchmarker/scenario/scenario.go:315 msg=時間経過 tick=1860
time=01:22:55.070 level=DEBUG source=/tmp/isucon14/bench/benchmarker/scenario/scenario.go:317 msg=eval reqs=902 score="[65 221 421 166 29]" criteria="[763 558 218 138]"
time=01:22:55.144 level=INFO msg=一定の売上が立ったためオーナーの椅子が増加します 名前=再座堂 増加数=2
time=01:22:55.306 level=INFO msg=一定の売上が立ったためオーナーの椅子が増加します 名前="Chair Charm" 増加数=2
time=01:22:55.317 level=INFO msg=一定の売上が立ったためオーナーの椅子が増加します 名前=ComfortWorks 増加数=2
time=01:22:55.334 level=INFO msg=一定の売上が立ったためオーナーの椅子が増加します 名前=EcoChairs 増加数=1
time=01:22:55.453 level=INFO msg=一定の売上が立ったためオーナーの椅子が増加します 名前="CraftChair Co., Ltd." 増加数=2
time=01:22:56.869 level=DEBUG source=/tmp/isucon14/bench/benchmarker/scenario/scenario.go:315 msg=時間経過 tick=1920
time=01:22:56.869 level=DEBUG source=/tmp/isucon14/bench/benchmarker/scenario/scenario.go:317 msg=eval reqs=946 score="[65 231 451 170 29]" criteria="[807 592 221 139]"
time=01:22:57.099 level=INFO msg=一定の売上が立ったためオーナーの椅子が増加します 名前="Chair Charm" 増加数=2
time=01:22:57.100 level=INFO msg=一定の売上が立ったためオーナーの椅子が増加します 名前=再座堂 増加数=1
time=01:22:57.177 level=INFO msg=一定の売上が立ったためオーナーの椅子が増加します 名前=EcoChairs 増加数=2
time=01:22:57.211 level=INFO msg=一定の売上が立ったためオーナーの椅子が増加します 名前="CraftChair Co., Ltd." 増加数=2
time=01:22:58.668 level=INFO msg=これまでに地域内の評判によって127人、既存ユーザーの招待経由で178人が新規登録しました
time=01:22:58.668 level=INFO msg=これまでに低評価なライドによって98人が利用をやめました
time=01:22:58.668 level=INFO msg=14.2%のライドは椅子がマッチされるまでの時間、36.7%のライドはマッチされた椅子が乗車地点までに掛かる時間、81.6%のライドは椅子の実移動時間に不満がありました
time=01:22:58.668 level=DEBUG source=/tmp/isucon14/bench/benchmarker/scenario/scenario.go:315 msg=時間経過 tick=1980
time=01:22:58.668 level=DEBUG source=/tmp/isucon14/bench/benchmarker/scenario/scenario.go:317 msg=eval reqs=991 score="[66 240 483 173 29]" criteria="[850 627 221 143]"
time=01:22:58.971 level=INFO msg=一定の売上が立ったためオーナーの椅子が増加します 名前=EcoChairs 増加数=1
time=01:22:59.132 level=INFO msg=一定の売上が立ったためオーナーの椅子が増加します 名前=再座堂 増加数=1
time=01:22:59.273 level=INFO msg=一定の売上が立ったためオーナーの椅子が増加します 名前=ComfortWorks 増加数=2
time=01:23:04.287 level=INFO msg=最終地域情報 名前=チェアタウン ユーザー登録数=183 アクティブユーザー数=130
time=01:23:04.287 level=INFO msg=最終地域情報 名前=コシカケシティ ユーザー登録数=137 アクティブユーザー数=91
time=01:23:04.287 level=INFO msg=最終オーナー情報 名前="Chair Charm" 売上=1083100 椅子数=47
time=01:23:04.287 level=INFO msg=最終オーナー情報 名前=EcoChairs 売上=1276400 椅子数=52
time=01:23:04.287 level=INFO msg=最終オーナー情報 名前="CraftChair Co., Ltd." 売上=1112100 椅子数=48
time=01:23:04.287 level=INFO msg=最終オーナー情報 名前=再座堂 売上=1115700 椅子数=48
time=01:23:04.287 level=INFO msg=最終オーナー情報 名前=ComfortWorks 売上=1377900 椅子数=55
time=01:23:04.287 level=INFO msg=13.9%のライドは椅子がマッチされるまでの時間、36.4%のライドはマッチされた椅子が乗車地点までに掛かる時間、82.2%のライドは椅子の実移動時間に不満がありました
time=01:23:04.287 level=INFO msg=結果 pass=true スコア=70317 種別エラー数="map[17:6 30:1]"
time=01:23:04.287 level=INFO msg=負荷走行が終了しました
