2026-09-26T16:21:58+00:00
COMMAND         %CPU   RSS
mysqld          14.8 572028
nginx            1.8 17380
nginx            1.7 17636
jbd2/sda1-8      0.3     0
kworker/0:1H-kb  0.1     0
kworker/1:1H-kb  0.1     0
rcu_preempt      0.1     0
kworker/u4:4-fl  0.0     0
systemd          0.0 12584
2026-09-26T16:22:00+00:00
COMMAND         %CPU   RSS
mysqld          14.9 610980
bench            9.5 49932
nginx            1.8 17380
nginx            1.7 17636
isuride          0.9 14984
jbd2/sda1-8      0.3     0
kworker/0:1H-kb  0.1     0
kworker/1:1H-kb  0.1     0
rcu_preempt      0.1     0
2026-09-26T16:22:02+00:00
COMMAND         %CPU   RSS
bench           15.2 75984
mysqld          15.0 612728
isuride          3.0 15880
nginx            1.8 17380
nginx            1.7 17636
jbd2/sda1-8      0.3     0
kworker/0:1H-kb  0.1     0
kworker/1:1H-kb  0.1     0
rcu_preempt      0.1     0
2026-09-26T16:22:04+00:00
COMMAND         %CPU   RSS
bench           19.1 109868
mysqld          15.3 616116
isuride          5.4 16776
nginx            1.8 17380
nginx            1.7 17636
jbd2/sda1-8      0.4     0
kworker/0:1H-kb  0.1     0
kworker/1:1H-kb  0.1     0
rcu_preempt      0.1     0
2026-09-26T16:22:06+00:00
COMMAND         %CPU   RSS
bench           21.4 136628
mysqld          15.6 620112
isuride          7.9 16996
nginx            1.8 17380
nginx            1.7 17636
jbd2/sda1-8      0.4     0
kworker/0:1H-kb  0.1     0
kworker/1:1H-kb  0.1     0
rcu_preempt      0.1     0
2026-09-26T16:22:08+00:00
COMMAND         %CPU   RSS
bench           22.7 172068
mysqld          15.9 625728
isuride         10.3 18164
nginx            1.8 17380
nginx            1.7 17636
jbd2/sda1-8      0.4     0
kworker/0:1H-kb  0.1     0
kworker/1:1H-kb  0.1     0
rcu_preempt      0.1     0
2026-09-26T16:22:10+00:00
COMMAND         %CPU   RSS
bench           23.4 183216
mysqld          16.3 630516
isuride         12.4 20408
nginx            1.8 17380
nginx            1.8 17636
jbd2/sda1-8      0.4     0
kworker/0:1H-kb  0.1     0
kworker/1:1H-kb  0.1     0
rcu_preempt      0.1     0
2026-09-26T16:22:12+00:00
COMMAND         %CPU   RSS
bench           24.0 195564
mysqld          16.6 634132
isuride         14.3 20184
nginx            1.8 17380
nginx            1.8 17636
jbd2/sda1-8      0.4     0
kworker/0:1H-kb  0.1     0
kworker/1:1H-kb  0.1     0
rcu_preempt      0.1     0
2026-09-26T16:22:14+00:00
COMMAND         %CPU   RSS
bench           24.2 209992
mysqld          17.0 638744
isuride         16.0 21220
nginx            1.9 17380
nginx            1.8 17636
jbd2/sda1-8      0.4     0
kworker/0:1H-kb  0.1     0
kworker/1:1H-kb  0.1     0
rcu_preempt      0.1     0
2026-09-26T16:22:16+00:00
COMMAND         %CPU   RSS
bench           24.2 218588
isuride         17.6 22440
mysqld          17.3 642060
nginx            1.9 17380
nginx            1.8 17636
jbd2/sda1-8      0.4     0
kworker/0:1H-kb  0.2     0
kworker/1:1H-kb  0.1     0
rcu_preempt      0.1     0
2026-09-26T16:22:18+00:00
COMMAND         %CPU   RSS
bench           24.4 227348
isuride         18.9 22216
mysqld          17.7 650788
nginx            1.9 17380
nginx            1.8 17636
jbd2/sda1-8      0.4     0
kworker/0:1H-kb  0.2     0
kworker/1:1H-kb  0.1     0
rcu_preempt      0.1     0
2026-09-26T16:22:20+00:00
COMMAND         %CPU   RSS
bench           24.5 241172
isuride         20.0 24816
mysqld          18.0 651436
nginx            1.9 17380
nginx            1.8 17636
jbd2/sda1-8      0.4     0
kworker/0:1H-kb  0.2     0
kworker/1:1H-kb  0.1     0
rcu_preempt      0.1     0
2026-09-26T16:22:22+00:00
COMMAND         %CPU   RSS
bench           24.5 258120
isuride         21.1 23836
mysqld          18.4 653476
nginx            1.9 17380
nginx            1.8 17636
jbd2/sda1-8      0.4     0
kworker/0:1H-kb  0.2     0
kworker/1:1H-kb  0.1     0
rcu_preempt      0.1     0
2026-09-26T16:22:24+00:00
COMMAND         %CPU   RSS
bench           24.5 259124
isuride         22.1 25176
mysqld          18.7 656988
nginx            1.9 17380
nginx            1.9 17636
jbd2/sda1-8      0.4     0
kworker/0:1H-kb  0.2     0
kworker/1:1H-kb  0.1     0
rcu_preempt      0.1     0
2026-09-26T16:22:26+00:00
COMMAND         %CPU   RSS
bench           24.7 272184
isuride         22.9 25088
mysqld          19.1 659508
curl             5.0 12304
nginx            1.9 17380
nginx            1.9 17636
jbd2/sda1-8      0.4     0
kworker/0:1H-kb  0.2     0
kworker/1:1H-kb  0.1     0
2026-09-26T16:22:28+00:00
COMMAND         %CPU   RSS
bench           24.8 284868
isuride         23.7 25904
mysqld          19.4 662084
nginx            1.9 17380
nginx            1.9 17636
jbd2/sda1-8      0.4     0
kworker/0:1H-kb  0.2     0
kworker/1:1H-kb  0.1     0
rcu_preempt      0.1     0
2026-09-26T16:22:30+00:00
COMMAND         %CPU   RSS
bench           25.1 308072
isuride         24.4 27968
mysqld          19.7 665636
curl             3.7 12300
nginx            2.0 17380
nginx            1.9 17636
jbd2/sda1-8      0.4     0
kworker/0:1H-kb  0.2     0
kworker/1:1H-kb  0.2     0
2026-09-26T16:22:32+00:00
COMMAND         %CPU   RSS
bench           25.3 337736
isuride         25.1 29732
mysqld          20.1 668924
nginx            2.0 17380
nginx            1.9 17636
jbd2/sda1-8      0.4     0
kworker/0:1H-kb  0.2     0
kworker/1:1H-kb  0.2     0
rcu_preempt      0.1     0
2026-09-26T16:22:34+00:00
COMMAND         %CPU   RSS
isuride         25.6 30248
bench           25.4 340344
mysqld          20.4 670868
nginx            2.0 17380
nginx            1.9 17636
jbd2/sda1-8      0.4     0
kworker/0:1H-kb  0.2     0
kworker/1:1H-kb  0.2     0
rcu_preempt      0.1     0
2026-09-26T16:22:36+00:00
COMMAND         %CPU   RSS
isuride         26.1 31448
bench           25.6 371688
mysqld          20.7 677200
nginx            2.0 17380
nginx            1.9 17636
jbd2/sda1-8      0.4     0
kworker/0:1H-kb  0.2     0
kworker/1:1H-kb  0.2     0
rcu_preempt      0.1     0
2026-09-26T16:22:38+00:00
COMMAND         %CPU   RSS
isuride         26.6 32760
bench           25.7 382744
mysqld          21.1 679384
nginx            2.0 17380
nginx            1.9 17636
jbd2/sda1-8      0.4     0
kworker/0:1H-kb  0.2     0
kworker/1:1H-kb  0.2     0
rcu_preempt      0.1     0
2026-09-26T16:22:40+00:00
COMMAND         %CPU   RSS
isuride         27.0 34628
bench           25.8 400784
mysqld          21.4 681156
nginx            2.0 17380
nginx            2.0 17636
jbd2/sda1-8      0.4     0
kworker/0:1H-kb  0.2     0
kworker/1:1H-kb  0.2     0
rcu_preempt      0.1     0
2026-09-26T16:22:42+00:00
COMMAND         %CPU   RSS
isuride         27.5 35448
bench           26.0 418860
mysqld          21.8 681640
nginx            2.0 17380
nginx            2.0 17636
jbd2/sda1-8      0.4     0
kworker/0:1H-kb  0.2     0
kworker/1:1H-kb  0.2     0
rcu_preempt      0.1     0
2026-09-26T16:22:44+00:00
COMMAND         %CPU   RSS
isuride         27.9 36164
bench           26.1 423088
mysqld          22.1 683148
nginx            2.0 17380
nginx            2.0 17636
jbd2/sda1-8      0.4     0
kworker/0:1H-kb  0.2     0
kworker/1:1H-kb  0.2     0
rcu_preempt      0.1     0
2026-09-26T16:22:46+00:00
COMMAND         %CPU   RSS
isuride         28.3 35684
bench           26.3 448540
mysqld          22.5 685268
curl             5.5 12300
nginx            2.1 17380
nginx            2.0 17636
jbd2/sda1-8      0.4     0
kworker/0:1H-kb  0.2     0
kworker/1:1H-kb  0.2     0
2026-09-26T16:22:48+00:00
COMMAND         %CPU   RSS
isuride         28.7 36380
bench           26.3 451680
mysqld          22.8 686560
nginx            2.1 17380
nginx            2.0 17636
jbd2/sda1-8      0.4     0
kworker/0:1H-kb  0.2     0
kworker/1:1H-kb  0.2     0
rcu_preempt      0.1     0
2026-09-26T16:22:50+00:00
COMMAND         %CPU   RSS
isuride         29.0 41156
bench           26.5 484880
mysqld          23.2 687128
curl             2.2 12292
nginx            2.1 17380
nginx            2.0 17636
jbd2/sda1-8      0.4     0
kworker/0:1H-kb  0.2     0
kworker/1:1H-kb  0.2     0
2026-09-26T16:22:52+00:00
COMMAND         %CPU   RSS
isuride         29.4 40476
bench           26.5 485960
mysqld          23.5 687924
curl             3.8 12304
nginx            2.1 17380
nginx            2.0 17636
jbd2/sda1-8      0.4     0
kworker/0:1H-kb  0.2     0
kworker/1:1H-kb  0.2     0
2026-09-26T16:22:54+00:00
COMMAND         %CPU   RSS
isuride         29.7 42804
bench           26.7 517252
mysqld          23.8 688316
curl             2.5 12304
nginx            2.1 17380
nginx            2.0 17636
jbd2/sda1-8      0.4     0
kworker/0:1H-kb  0.2     0
kworker/1:1H-kb  0.2     0
2026-09-26T16:22:56+00:00
COMMAND         %CPU   RSS
isuride         29.9 43232
bench           26.7 520296
mysqld          24.2 689676
nginx            2.1 17380
nginx            2.1 17636
jbd2/sda1-8      0.4     0
kworker/0:1H-kb  0.2     0
kworker/1:1H-kb  0.2     0
rcu_preempt      0.1     0
2026-09-26T16:22:58+00:00
COMMAND         %CPU   RSS
isuride         30.2 43836
bench           26.8 522204
mysqld          24.5 689936
nginx            2.1 17380
nginx            2.1 17636
jbd2/sda1-8      0.5     0
kworker/0:1H-kb  0.2     0
kworker/1:1H-kb  0.2     0
rcu_preempt      0.1     0
2026-09-26T16:23:00+00:00
COMMAND         %CPU   RSS
isuride         30.5 36064
bench           26.8 552392
mysqld          24.8 690220
nginx            2.1 17380
nginx            2.1 17636
jbd2/sda1-8      0.5     0
kworker/0:1H-kb  0.2     0
kworker/1:1H-kb  0.2     0
rcu_preempt      0.1     0
2026-09-26T16:23:02+00:00
COMMAND         %CPU   RSS
isuride         30.9 34352
bench           26.7 552392
mysqld          25.1 690220
nginx            2.1 17380
nginx            2.1 17636
jbd2/sda1-8      0.5     0
kworker/0:1H-kb  0.2     0
kworker/1:1H-kb  0.2     0
rcu_preempt      0.1     0
