procs -----------memory---------- ---swap-- -----io---- -system-- -------cpu------- -----timestamp-----
 r  b   swpd   free   buff  cache   si   so    bi    bo   in   cs us sy id wa st gu                 UTC
 4  0      0 2188840  88124 958340    0    0   581  4743 4777  107 13  7 79  0  0  0 2026-09-26 16:21:58
 3  0      0 2145808  88124 956784    0    0    32 61196 16472 33381 26 13 41 20  0  0 2026-09-26 16:21:59
 0  0      0 2139776  88124 957700    0    0     0 12820 26201 75449 22 16 58  3  0  0 2026-09-26 16:22:00
 2  1      0 2133740  88124 959732    0    0     0 16848 29219 90843 27 22 48  3  0  0 2026-09-26 16:22:01
 6  1      0 2112696  88124 961220    0    0     0 21500 31717 115173 38 30 29  4  0  0 2026-09-26 16:22:02
 7  1      0 2087832  88124 964160    0    0     0 25996 29537 118631 41 35 20  3  0  0 2026-09-26 16:22:03
17  0      0 2064200  88124 966076    0    0     0 21980 27261 120584 48 34 16  2  0  0 2026-09-26 16:22:04
 8  1      0 2049140  88124 969280    0    0     0 24848 26479 122730 49 38 11  2  0  0 2026-09-26 16:22:05
14  0      0 2026964  88124 971500    0    0     0 24788 27105 126930 52 40  7  2  0  0 2026-09-26 16:22:06
23  1      0 2013984  88124 973672    0    0     0 25272 23537 109254 55 41  4  1  0  0 2026-09-26 16:22:07
 9  0      0 1985256  88124 976160    0    0     0 30152 24766 115106 54 41  4  1  0  0 2026-09-26 16:22:08
33  0      0 1979752  88124 979532    0    0     0 25108 23588 110684 56 41  3  1  0  0 2026-09-26 16:22:09
13  0      0 1961188  88124 981816    0    0    64 25544 21824 109194 57 41  2  1  0  0 2026-09-26 16:22:10
 8  1      0 1943300  88124 984164    0    0     0 26084 23664 114710 57 41  2  1  0  0 2026-09-26 16:22:11
15  1      0 1939552  88124 986716    0    0     0 27468 23242 114834 54 44  1  1  0  0 2026-09-26 16:22:12
38  1      0 1915624  88124 988904    0    0     0 27028 23313 109763 56 41  2  1  0  0 2026-09-26 16:22:13
37  0      0 1908568  88124 991148    0    0     0 28028 22651 107350 57 41  2  1  0  0 2026-09-26 16:22:14
13  0      0 1900504  88124 994380    0    0     0 30232 21773 107773 56 40  2  2  0  0 2026-09-26 16:22:15
 6  0      0 1894344  88124 997908    0    0     0 30296 22220 113869 57 41  2  1  0  0 2026-09-26 16:22:16
47  0      0 1882264  88124 999864    0    0     0 26292 21293 101660 57 39  2  2  0  0 2026-09-26 16:22:17
14  1      0 1876576  88124 1002348    0    0     0 35468 21209 105986 56 42  2  1  0  0 2026-09-26 16:22:18
procs -----------memory---------- ---swap-- -----io---- -system-- -------cpu------- -----timestamp-----
 r  b   swpd   free   buff  cache   si   so    bi    bo   in   cs us sy id wa st gu                 UTC
34  0      0 1863068  88124 1004592    0    0     0 26364 21385 103689 59 38  2  1  0  0 2026-09-26 16:22:19
26  0      0 1853324  88124 1006992    0    0     0 28000 22799 104720 56 39  3  2  0  0 2026-09-26 16:22:20
34  1      0 1847880  88124 1009376    0    0     0 27736 22577 110041 55 42  3  1  0  0 2026-09-26 16:22:21
18  0      0 1824224  88124 1011756    0    0     0 29720 21182 108032 57 41  1  1  0  0 2026-09-26 16:22:22
32  1      0 1821520  88124 1014092    0    0     0 29352 23683 110083 54 42  3  1  0  0 2026-09-26 16:22:23
53  0      0 1809176  88124 1017492    0    0     0 27748 24374 103076 54 41  3  2  0  0 2026-09-26 16:22:24
54  1      0 1799600  88124 1020044    0    0     0 27108 22955 107065 55 41  3  1  0  0 2026-09-26 16:22:25
53  0      0 1787324  88124 1022276    0    0     0 27668 22075 105382 56 41  3  1  0  0 2026-09-26 16:22:26
 9  1      0 1770428  88124 1026232    0    0     0 28764 23722 104066 54 41  4  2  0  0 2026-09-26 16:22:27
35  0      0 1770364  88124 1028360    0    0     0 33004 22228 106083 58 39  2  1  0  0 2026-09-26 16:22:28
31  0      0 1738404  88124 1030836    0    0     0 26856 20661 100219 60 38  2  1  0  0 2026-09-26 16:22:29
29  1      0 1738976  88124 1031784    0    0     0 25524 20922 100876 58 40  2  1  0  0 2026-09-26 16:22:30
15  0      0 1722352  88124 1033100    0    0     0 26896 22408 102134 58 38  2  1  0  0 2026-09-26 16:22:31
37  1      0 1697980  88124 1034568    0    0     0 25592 21790 107208 56 41  3  1  0  0 2026-09-26 16:22:32
29  0      0 1696304  88124 1036044    0    0     0 31352 19834 108593 58 40  2  1  0  0 2026-09-26 16:22:33
24  0      0 1691744  88124 1037384    0    0     0 29196 20936 107222 57 39  3  1  0  0 2026-09-26 16:22:34
11  0      0 1655484  88124 1038660    0    0     0 28152 20721 100125 58 41  1  1  0  0 2026-09-26 16:22:35
35  0      0 1650052  88124 1039880    0    0     0 26736 23230 103482 58 39  3  1  0  0 2026-09-26 16:22:36
41  0      0 1638536  88124 1042324    0    0     0 30148 21683 104571 59 39  2  1  0  0 2026-09-26 16:22:37
43  0      0 1632488  88124 1043592    0    0     0 33476 22130 98456 59 39  1  1  0  0 2026-09-26 16:22:38
16  0      0 1609948  88124 1044788    0    0     0 27340 19180 98326 60 40  1  0  0  0 2026-09-26 16:22:39
procs -----------memory---------- ---swap-- -----io---- -system-- -------cpu------- -----timestamp-----
 r  b   swpd   free   buff  cache   si   so    bi    bo   in   cs us sy id wa st gu                 UTC
55  1      0 1601448  88124 1047280    0    0     0 27552 21734 100545 60 38  2  1  0  0 2026-09-26 16:22:40
 9  0      0 1606300  88124 1048592    0    0     0 29588 21399 104320 59 40  1  1  0  0 2026-09-26 16:22:41
34  1      0 1591236  88124 1049960    0    0     0 28308 20192 102205 62 37  1  0  0  0 2026-09-26 16:22:42
29  0      0 1580680  88124 1051272    0    0     0 28084 21406 97223 60 39  1  1  0  0 2026-09-26 16:22:43
15  0      0 1565896  88124 1052552    0    0     0 26852 19790 94319 63 37  0  0  0  0 2026-09-26 16:22:44
51  0      0 1564256  88124 1053752    0    0     0 27716 20744 99996 59 41  1  0  0  0 2026-09-26 16:22:45
31  1      0 1542616  88124 1055080    0    0     0 28548 20492 96053 59 41  0  0  0  0 2026-09-26 16:22:46
17  0      0 1528504  88124 1057024    0    0     0 26280 20689 101147 61 38  1  1  0  0 2026-09-26 16:22:47
48  1      0 1528952  88124 1057844    0    0     0 23500 20300 99242 63 36  1  0  0  0 2026-09-26 16:22:48
20  0      0 1512168  88124 1059264    0    0     0 31660 20655 92328 63 36  0  0  0  0 2026-09-26 16:22:49
13  0      0 1493916  88124 1060600    0    0     0 25868 19895 96416 63 37  0  0  0  0 2026-09-26 16:22:50
50  1      0 1477752  88124 1062892    0    0     0 27776 20527 99126 61 38  1  1  0  0 2026-09-26 16:22:51
13  1      0 1476324  88124 1065408    0    0     0 29156 20622 104621 58 41  2  0  0  0 2026-09-26 16:22:52
34  0      0 1466824  88124 1067732    0    0     0 27724 19789 97274 61 38  1  0  0  0 2026-09-26 16:22:53
42  0      0 1453020  88124 1069160    0    0     0 25204 19123 99886 60 39  1  1  0  0 2026-09-26 16:22:54
37  1      0 1441988  88124 1070396    0    0     0 28792 20025 97784 62 38  1  0  0  0 2026-09-26 16:22:55
15  0      0 1437252  88124 1071784    0    0     0 23876 19122 96653 63 35  2  1  0  0 2026-09-26 16:22:56
37  0      0 1441044  88124 1072956    0    0     0 24112 20008 97953 62 37  1  0  0  0 2026-09-26 16:22:57
12  1      0 1429748  88124 1074172    0    0     0 27604 21660 99501 60 38  1  1  0  0 2026-09-26 16:22:58
55  0      0 1406916  88124 1075488    0    0     0 29616 20499 92520 62 36  2  1  0  0 2026-09-26 16:22:59
12  1      0 1403640  88124 1076288    0    0     0 18108 20148 114185 63 35  2  0  0  0 2026-09-26 16:23:00
procs -----------memory---------- ---swap-- -----io---- -system-- -------cpu------- -----timestamp-----
 r  b   swpd   free   buff  cache   si   so    bi    bo   in   cs us sy id wa st gu                 UTC
26  0      0 1408484  88124 1076960    0    0     0  7092 20269 128940 63 33  4  0  0  0 2026-09-26 16:23:01
53  0      0 1410592  88124 1077776    0    0     0  4288 16888 137134 66 31  4  0  0  0 2026-09-26 16:23:02
20  0      0 1412672  88124 1078580    0    0     0  4132 18725 133950 67 29  4  0  0  0 2026-09-26 16:23:03
 4  0      0 1396068  88124 1079352    0    0     0  3828 19034 133890 67 29  5  1  0  0 2026-09-26 16:23:04
