2026-10-07T14:09:00+00:00
COMMAND         %CPU   RSS
mysqld           0.2 610088
nginx            0.2 11232
nginx            0.1 11232
kworker/u4:4-fl  0.0     0
isuride          0.0  9076
rcu_preempt      0.0     0
kworker/0:0-cgr  0.0     0
kworker/u4:3-fl  0.0     0
kworker/u4:0-ev  0.0     0
2026-10-07T14:09:02+00:00
COMMAND         %CPU   RSS
bench            6.5 45480
nginx            0.3 11860
isuride          0.3 14580
nginx            0.3 12200
mysqld           0.2 626708
kworker/u4:4-fl  0.0     0
rcu_preempt      0.0     0
kworker/0:0-cgr  0.0     0
kworker/u4:3-ex  0.0     0
2026-10-07T14:09:04+00:00
COMMAND         %CPU   RSS
bench            8.7 58652
isuride          1.2 15764
nginx            0.5 12060
nginx            0.4 12576
mysqld           0.2 627124
kworker/u4:4-fl  0.0     0
rcu_preempt      0.0     0
kworker/0:0-cgr  0.0     0
kworker/u4:3-ev  0.0     0
2026-10-07T14:09:06+00:00
COMMAND         %CPU   RSS
bench           13.4 89144
isuride          2.4 17552
nginx            0.8 12652
nginx            0.8 13244
mysqld           0.2 627756
kworker/u4:4-ev  0.0     0
rcu_preempt      0.0     0
kworker/0:0-cgr  0.0     0
kworker/u4:3-fl  0.0     0
2026-10-07T14:09:08+00:00
COMMAND         %CPU   RSS
bench           15.4 118252
isuride          3.7 19196
nginx            1.2 13856
nginx            1.1 13360
mysqld           0.2 628776
kworker/u4:4-ex  0.1     0
rcu_preempt      0.0     0
kworker/0:0-cgr  0.0     0
kworker/u4:3-fl  0.0     0
2026-10-07T14:09:10+00:00
COMMAND         %CPU   RSS
bench           17.7 162280
isuride          5.1 22552
nginx            1.6 14928
nginx            1.5 14364
mysqld           0.2 630012
kworker/u4:4-ev  0.1     0
rcu_preempt      0.0     0
kworker/0:0-cgr  0.0     0
kworker/u4:3-ex  0.0     0
2026-10-07T14:09:12+00:00
COMMAND         %CPU   RSS
bench           21.1 230736
isuride          6.8 26376
nginx            2.1 16604
nginx            2.0 15848
mysqld           0.2 632176
kworker/u4:4-ex  0.1     0
rcu_preempt      0.0     0
kworker/u4:3-fl  0.0     0
kworker/0:0-cgr  0.0     0
2026-10-07T14:09:14+00:00
COMMAND         %CPU   RSS
bench           23.2 281896
isuride          8.5 30664
nginx            2.6 17824
nginx            2.5 17980
mysqld           0.2 633460
kworker/u4:4-ev  0.1     0
rcu_preempt      0.0     0
kworker/u4:3-fl  0.0     0
kworker/0:0-cgr  0.0     0
2026-10-07T14:09:16+00:00
COMMAND         %CPU   RSS
bench           24.9 329820
isuride         10.1 33500
nginx            3.0 20084
nginx            3.0 19376
mysqld           0.2 634820
kworker/u4:4-ex  0.1     0
rcu_preempt      0.0     0
kworker/u4:3-fl  0.0     0
kworker/0:0-cgr  0.0     0
2026-10-07T14:09:18+00:00
COMMAND         %CPU   RSS
bench           26.1 396280
isuride         11.4 38352
nginx            3.3 21332
nginx            3.3 20796
mysqld           0.2 635440
kworker/u4:4-ev  0.1     0
rcu_preempt      0.0     0
kworker/u4:3-fl  0.0     0
kworker/0:0-cgr  0.0     0
2026-10-07T14:09:20+00:00
COMMAND         %CPU   RSS
bench           27.0 449896
isuride         12.7 42156
nginx            3.6 22516
nginx            3.6 22244
mysqld           0.2 636992
kworker/u4:4-ev  0.1     0
rcu_preempt      0.0     0
kworker/u4:3-fl  0.0     0
kworker/0:0-cgr  0.0     0
2026-10-07T14:09:22+00:00
COMMAND         %CPU   RSS
bench           27.7 474304
curl            25.0 12344
isuride         13.9 44828
nginx            3.9 22888
nginx            3.9 23804
mysqld           0.2 637520
kworker/u4:4-ev  0.1     0
rcu_preempt      0.0     0
kworker/u4:3-fl  0.0     0
2026-10-07T14:09:24+00:00
COMMAND         %CPU   RSS
bench           27.9 493060
isuride         15.0 45460
nginx            4.2 23296
nginx            4.1 24612
mysqld           0.2 638680
kworker/u4:4-ev  0.1     0
rcu_preempt      0.0     0
kworker/u4:3-wr  0.0     0
kworker/0:0-cgr  0.0     0
2026-10-07T14:09:26+00:00
COMMAND         %CPU   RSS
curl            33.3 12204
bench           28.2 544016
isuride         16.0 47540
nginx            4.3 24136
nginx            4.3 24800
mysqld           0.2 639944
kworker/u4:4-ev  0.1     0
rcu_preempt      0.0     0
kworker/u4:3-wr  0.0     0
2026-10-07T14:09:28+00:00
COMMAND         %CPU   RSS
bench           28.3 544172
isuride         16.9 49716
nginx            4.5 24696
nginx            4.5 25324
mysqld           0.2 641592
kworker/u4:4-ev  0.1     0
rcu_preempt      0.0     0
kworker/u4:3-wr  0.0     0
kworker/0:0-cgr  0.0     0
2026-10-07T14:09:30+00:00
COMMAND         %CPU   RSS
bench           28.4 544672
isuride         17.7 49824
nginx            4.7 25336
nginx            4.6 24960
mysqld           0.2 642612
kworker/u4:4-ev  0.1     0
rcu_preempt      0.0     0
kworker/u4:3-wr  0.0     0
kworker/0:0-cgr  0.0     0
2026-10-07T14:09:32+00:00
COMMAND         %CPU   RSS
bench           28.6 589840
isuride         18.5 50424
nginx            4.8 25288
nginx            4.8 25596
curl             2.5 12344
mysqld           0.2 643136
kworker/u4:4-ev  0.1     0
rcu_preempt      0.0     0
kworker/u4:3-wr  0.0     0
2026-10-07T14:09:34+00:00
COMMAND         %CPU   RSS
bench           28.9 608116
isuride         19.2 51468
nginx            4.9 25324
nginx            4.9 26260
mysqld           0.2 643840
kworker/u4:4-ev  0.1     0
rcu_preempt      0.0     0
kworker/u4:3-wr  0.0     0
kworker/0:0-cgr  0.0     0
2026-10-07T14:09:36+00:00
COMMAND         %CPU   RSS
bench           28.8 609520
isuride         19.7 51752
nginx            5.0 25624
nginx            5.0 26348
mysqld           0.2 645456
kworker/u4:4-ev  0.1     0
rcu_preempt      0.0     0
kworker/0:0-cgr  0.0     0
kworker/u4:3-ev  0.0     0
2026-10-07T14:09:38+00:00
COMMAND         %CPU   RSS
bench           28.7 611408
isuride         20.2 53652
curl            14.2 12320
nginx            5.1 26060
nginx            5.1 26640
mysqld           0.2 646132
kworker/u4:4-ev  0.1     0
kworker/u4:3-ev  0.0     0
rcu_preempt      0.0     0
2026-10-07T14:09:40+00:00
COMMAND         %CPU   RSS
bench           28.8 636508
isuride         20.6 55416
nginx            5.1 26604
nginx            5.1 26884
curl             4.1 12344
mysqld           0.2 647052
kworker/u4:4-ev  0.1     0
kworker/u4:3-ev  0.0     0
rcu_preempt      0.0     0
2026-10-07T14:09:42+00:00
COMMAND         %CPU   RSS
bench           28.9 640520
isuride         21.1 56076
curl            16.6 12340
nginx            5.2 27004
nginx            5.2 27364
mysqld           0.2 648132
kworker/u4:4-ev  0.1     0
kworker/u4:3-ev  0.0     0
rcu_preempt      0.0     0
2026-10-07T14:09:44+00:00
COMMAND         %CPU   RSS
bench           28.8 643676
isuride         21.5 56152
nginx            5.3 27016
nginx            5.3 28364
curl             2.8 12344
mysqld           0.2 648888
kworker/u4:4-ev  0.1     0
kworker/u4:3-ex  0.0     0
rcu_preempt      0.0     0
2026-10-07T14:09:46+00:00
COMMAND         %CPU   RSS
bench           28.9 655848
isuride         21.7 58716
nginx            5.4 27208
nginx            5.4 28728
mysqld           0.2 649760
kworker/u4:4-ev  0.1     0
kworker/u4:3-ev  0.0     0
rcu_preempt      0.0     0
kworker/0:0-cgr  0.0     0
2026-10-07T14:09:48+00:00
COMMAND         %CPU   RSS
bench           29.1 678364
isuride         22.1 58812
nginx            5.4 27984
nginx            5.4 29164
mysqld           0.2 650436
kworker/u4:4-ev  0.1     0
kworker/u4:3-ex  0.0     0
rcu_preempt      0.0     0
kworker/0:0-cgr  0.0     0
2026-10-07T14:09:50+00:00
COMMAND         %CPU   RSS
bench           29.0 679708
isuride         22.4 60336
nginx            5.5 29156
nginx            5.5 29368
mysqld           0.2 650984
kworker/u4:4-ev  0.1     0
kworker/u4:3-wr  0.0     0
rcu_preempt      0.0     0
kworker/0:0-cgr  0.0     0
2026-10-07T14:09:52+00:00
COMMAND         %CPU   RSS
bench           29.0 681028
isuride         22.7 62404
nginx            5.6 29740
nginx            5.5 29508
mysqld           0.2 651528
kworker/u4:4-ev  0.1     0
kworker/u4:3-ev  0.0     0
rcu_preempt      0.0     0
kworker/0:0-cgr  0.0     0
2026-10-07T14:09:54+00:00
COMMAND         %CPU   RSS
bench           28.9 701792
isuride         22.9 64832
nginx            5.6 29940
nginx            5.6 29964
mysqld           0.2 652040
kworker/u4:4-ev  0.1     0
kworker/u4:3-ev  0.0     0
rcu_preempt      0.0     0
kworker/0:0-cgr  0.0     0
2026-10-07T14:09:56+00:00
COMMAND         %CPU   RSS
bench           29.4 755524
isuride         23.1 65076
nginx            5.6 30268
nginx            5.6 29964
mysqld           0.2 652032
kworker/u4:4-ev  0.1     0
kworker/u4:3-ex  0.0     0
bash             0.0  2056
rcu_preempt      0.0     0
2026-10-07T14:09:58+00:00
COMMAND         %CPU   RSS
bench           29.4 756216
isuride         23.2 65600
curl            11.1 12336
nginx            5.7 30596
nginx            5.6 30508
mysqld           0.2 652576
kworker/u4:4-ev  0.1     0
kworker/u4:3-ev  0.0     0
bash             0.0  2056
2026-10-07T14:10:00+00:00
COMMAND         %CPU   RSS
bench           29.3 757412
isuride         23.5 67052
nginx            5.7 31384
nginx            5.7 30940
curl             1.0 12328
mysqld           0.2 653612
kworker/u4:4-ev  0.1     0
kworker/u4:3-ev  0.0     0
bash             0.0  2056
2026-10-07T14:10:02+00:00
COMMAND         %CPU   RSS
bench           28.9 760956
isuride         23.5 67312
nginx            5.6 31544
nginx            5.6 31840
mysqld           0.2 654500
kworker/u4:4-ev  0.1     0
kworker/u4:3-fl  0.0     0
bash             0.0  2056
rcu_preempt      0.0     0
2026-10-07T14:10:04+00:00
COMMAND         %CPU   RSS
bench           28.0 761152
isuride         23.1 67320
nginx            5.5 31840
nginx            5.5 31544
mysqld           0.2 654500
kworker/u4:4-ev  0.1     0
kworker/u4:3-wr  0.0     0
rcu_preempt      0.0     0
bash             0.0  2056
