procs -----------memory---------- ---swap-- -----io---- -system-- -------cpu------- -----timestamp-----
 r  b   swpd   free   buff  cache   si   so    bi    bo   in   cs us sy id wa st gu                 UTC
 3  0      0 1195896  97340 1894844    0    0     3    15  337    1  3  1 96  0  0  0 2026-10-07 14:09:00
 0  2      0 1177360  97340 1876628    0    0     0 113972 12069 23312 26 12 43 19  0  0 2026-10-07 14:09:01
 0  0      0 1175216  97340 1876956    0    0     0 81924 9711 25205 12  8 74  6  0  0 2026-10-07 14:09:02
10  0      0 1174964  97340 1877304    0    0     0  9384 12086 34646 12 10 76  3  0  0 2026-10-07 14:09:03
 3  0      0 1173480  97340 1878920    0    0     0 14428 17312 55931 20 17 60  3  0  0 2026-10-07 14:09:04
 0  1      0 1150832  97340 1880044    0    0     0 16924 19136 66790 28 22 46  4  0  0 2026-10-07 14:09:05
 5  0      0 1136720  97340 1880924    0    0     0 17472 17927 64748 28 21 48  3  0  0 2026-10-07 14:09:06
 0  0      0 1117092  97340 1882856    0    0     0 63652 19362 63582 27 20 48  5  0  0 2026-10-07 14:09:07
 1  0      0 1100208  97340 1884764    0    0     0 19308 20202 72670 37 26 34  4  0  0 2026-10-07 14:09:08
14  0      0 1073564  97340 1886032    0    0     0 20588 20315 77105 39 29 29  4  0  0 2026-10-07 14:09:09
22  0      0 1049356  97340 1887308    0    0     0 21116 21491 83199 41 29 26  4  0  0 2026-10-07 14:09:10
 7  0      0 1006924  97340 1888932    0    0     0 24916 22763 96111 51 41  6  2  0  0 2026-10-07 14:09:11
 8  1      0 968396  97340 1891528    0    0     0 29336 23142 99543 51 37 10  3  0  0 2026-10-07 14:09:12
21  0      0 954356  97340 1892956    0    0     0 24456 21073 88067 58 39  2  1  0  0 2026-10-07 14:09:13
15  0      0 898804  97340 1894840    0    0     0 27400 24110 106834 54 40  5  1  0  0 2026-10-07 14:09:14
 8  0      0 881708  97340 1896836    0    0     0 29952 23408 108404 55 40  3  1  0  0 2026-10-07 14:09:15
 8  1      0 834624  97340 1898736    0    0     0 29568 23206 102403 58 40  1  1  0  0 2026-10-07 14:09:16
38  1      0 808976  97340 1901616    0    0     0 27012 22660 102334 56 38  5  2  0  0 2026-10-07 14:09:17
12  1      0 756132  97340 1903436    0    0     0 26860 22319 96160 60 36  3  1  0  0 2026-10-07 14:09:18
28  0      0 744104  97340 1906464    0    0     0 29220 20859 106292 61 36  2  1  0  0 2026-10-07 14:09:19
 8  1      0 690964  97340 1908420    0    0     0 29180 21675 104750 61 39  0  0  0  0 2026-10-07 14:09:20
procs -----------memory---------- ---swap-- -----io---- -system-- -------cpu------- -----timestamp-----
 r  b   swpd   free   buff  cache   si   so    bi    bo   in   cs us sy id wa st gu                 UTC
23  1      0 658060  97340 1910240    0    0     0 28868 21538 101060 60 38  2  1  0  0 2026-10-07 14:09:21
17  1      0 651424  97340 1912152    0    0     0 33152 22708 103592 59 39  2  1  0  0 2026-10-07 14:09:22
14  0      0 649072  97340 1913672    0    0     0 25892 23879 105239 59 37  3  1  0  0 2026-10-07 14:09:23
18  0      0 628700  97340 1915656    0    0     0 26348 21868 108439 60 38  2  1  0  0 2026-10-07 14:09:24
 7  1      0 569984  97340 1918572    0    0     0 25580 22642 102094 60 37  3  1  0  0 2026-10-07 14:09:25
40  0      0 565196  97340 1920260    0    0     0 24740 25428 110947 61 33  5  1  0  0 2026-10-07 14:09:26
20  0      0 539500  97340 1939744    0    0     0 40304 22034 95965 59 32  7  2  0  0 2026-10-07 14:09:27
25  0      0 533016  97340 1941476    0    0     0 32148 23016 105763 58 38  3  1  0  0 2026-10-07 14:09:28
15  1      0 532752  97340 1942988    0    0     0 27596 22568 104500 59 38  3  1  0  0 2026-10-07 14:09:29
34  1      0 529736  97340 1944232    0    0     0 23744 19229 82804 60 36  3  1  0  0 2026-10-07 14:09:30
35  1      0 506804  97340 1945652    0    0     0 25416 19099 82070 62 34  3  1  0  0 2026-10-07 14:09:31
45  0      0 484920  97340 1946176    0    0     0 15424 10746 42150 58 39  2  1  0  0 2026-10-07 14:09:32
22  0      0 459972  97340 1948484    0    0     0 21852 17589 77579 62 35  3  1  0  0 2026-10-07 14:09:33
31  1      0 459896  97340 1949972    0    0     0 22960 21320 88040 58 35  6  2  0  0 2026-10-07 14:09:34
34  0      0 454104  97340 1952636    0    0     0 25956 22947 97960 60 33  5  2  0  0 2026-10-07 14:09:35
35  0      0 451640  97340 1954020    0    0     0 26280 21029 91712 60 32  6  2  0  0 2026-10-07 14:09:36
25  1      0 448404  97340 1955548    0    0     0 27132 19850 91115 60 31  6  3  0  0 2026-10-07 14:09:37
57  0      0 442368  97340 1957476    0    0     0 32096 20457 84494 58 34  5  3  0  0 2026-10-07 14:09:38
29  1      0 441188  97340 1959632    0    0     0 23652 23253 94778 60 32  7  2  0  0 2026-10-07 14:09:39
24  0      0 414548  97340 1961536    0    0     0 23996 21862 92757 56 33  8  2  0  0 2026-10-07 14:09:40
38  0      0 403644  97340 1963296    0    0     0 24332 20140 93181 61 35  3  1  0  0 2026-10-07 14:09:41
procs -----------memory---------- ---swap-- -----io---- -system-- -------cpu------- -----timestamp-----
 r  b   swpd   free   buff  cache   si   so    bi    bo   in   cs us sy id wa st gu                 UTC
52  0      0 390068  97340 1972396    0    0     0 30428 20677 98009 64 33  2  1  0  0 2026-10-07 14:09:42
14  0      0 384060  97340 1974680    0    0     0 26648 20490 88134 61 35  3  1  0  0 2026-10-07 14:09:43
37  0      0 380532  97340 1976132    0    0     0 24992 20002 85228 60 34  4  2  0  0 2026-10-07 14:09:44
21  0      0 374728  97340 1978564    0    0     0 25552 20078 81370 58 32  6  3  0  0 2026-10-07 14:09:45
37  0      0 364680  97340 1980944    0    0     0 26776 20430 85432 58 32  7  3  0  0 2026-10-07 14:09:46
29  0      0 340696  97340 1982256    0    0     0 23204 19621 85360 68 30  2  0  0  0 2026-10-07 14:09:47
17  1      0 332936  97340 1983668    0    0     0 30024 19569 84784 66 32  2  1  0  0 2026-10-07 14:09:48
27  0      0 328156  97340 1986304    0    0     0 25768 21399 94939 63 32  4  2  0  0 2026-10-07 14:09:49
20  0      0 324580  97340 1987604    0    0     0 23600 22242 93574 62 32  5  1  0  0 2026-10-07 14:09:50
14  0      0 318108  97340 1990112    0    0     0 27520 21677 90436 60 35  4  2  0  0 2026-10-07 14:09:51
17  1      0 314332  97340 1991448    0    0     0 24712 17520 77222 61 34  4  2  0  0 2026-10-07 14:09:52
47  1      0 311056  97340 1992648    0    0     0 27592 19984 83021 59 32  5  3  0  0 2026-10-07 14:09:53
25  0      0 299744  97340 1993928    0    0     0 25536 18652 76093 60 31  5  4  0  0 2026-10-07 14:09:54
21  0      0 252144  97340 1996176    0    0     0 23428 19121 79843 63 33  3  2  0  0 2026-10-07 14:09:55
13  1      0 228988  97340 1996680    0    0     0 15380 9813 37886 66 32  2  0  0  0 2026-10-07 14:09:56
20  1      0 226468  97340 1997624    0    0     0 20472 16270 60602 60 30  5  5  0  0 2026-10-07 14:09:57
24  1      0 222152  97340 2000408    0    0   136 25928 16611 65800 64 33  2  2  0  0 2026-10-07 14:09:58
49  0      0 217904  97340 2002584    0    0     0 26048 21005 81226 60 32  5  3  0  0 2026-10-07 14:09:59
18  1      0 214392  97340 2004856    0    0     0 27768 19190 85239 62 36  2  1  0  0 2026-10-07 14:10:00
33  0      0 210864  97340 2006236    0    0     0 25028 20939 87766 61 34  4  1  0  0 2026-10-07 14:10:01
 0  0      0 205828  97340 2006992    0    0     0 19084 19102 72150 46 25 27  3  0  0 2026-10-07 14:10:02
procs -----------memory---------- ---swap-- -----io---- -system-- -------cpu------- -----timestamp-----
 r  b   swpd   free   buff  cache   si   so    bi    bo   in   cs us sy id wa st gu                 UTC
 0  0      0 204316  97340 2007028    0    0     0  7084 14345 31288  7  6 85  2  0  0 2026-10-07 14:10:03
11  0      0 202552  97340 2007040    0    0     0  5632 10969 22245  4  3 92  1  0  0 2026-10-07 14:10:04
 5  0      0 201796  97340 2007048    0    0     0  4596 10635 22351  6  4 89  1  0  0 2026-10-07 14:10:05
 5  0      0 201796  97340 2007048    0    0     0  4324 8089 16954  4  3 92  1  0  0 2026-10-07 14:10:06
