time=00:05:20.661 level=DEBUG source=/tmp/isucon14/bench/cmd/run.go:90 msg=target targetURL=https://isuride.xiv.isucon.net targetAddr=127.0.0.1:443 benchrun.GetTargetAddress()="" paymentURL=http://127.0.0.1:12346
time=00:05:20.661 level=INFO msg=負荷走行を開始します
time=00:05:23.369 level=DEBUG source=/tmp/isucon14/bench/benchmarker/scenario/scenario.go:315 msg=時間経過 tick=60
time=00:05:23.369 level=DEBUG source=/tmp/isucon14/bench/benchmarker/scenario/scenario.go:317 msg=eval reqs=5 score="[0 0 0 4 1]" criteria="[5 1 5 5]"
time=00:05:24.958 level=WARN msg="ユーザー登録に失敗しました (CODE=17): POST /api/app/usersへのリクエストに対して、期待されたHTTPステータスコードが確認できませんでした (expected:201, actual:500)"
time=00:05:25.152 level=INFO msg=一定の売上が立ったためオーナーの椅子が増加します 名前=木座デザイン 増加数=1
time=00:05:25.152 level=INFO msg=一定の売上が立ったためオーナーの椅子が増加します 名前="Vintage Vibe Seats" 増加数=1
time=00:05:25.168 level=DEBUG source=/tmp/isucon14/bench/benchmarker/scenario/scenario.go:315 msg=時間経過 tick=120
time=00:05:25.168 level=DEBUG source=/tmp/isucon14/bench/benchmarker/scenario/scenario.go:317 msg=eval reqs=17 score="[0 0 0 8 9]" criteria="[17 9 17 17]"
time=00:05:25.174 level=INFO msg=一定の売上が立ったためオーナーの椅子が増加します 名前=ひまわり交通 増加数=1
time=00:05:25.368 level=WARN msg="ユーザー登録に失敗しました (CODE=17): POST /api/app/usersへのリクエストに対して、期待されたHTTPステータスコードが確認できませんでした (expected:201, actual:500)"
time=00:05:25.372 level=WARN msg="ユーザー登録に失敗しました (CODE=17): POST /api/app/usersへのリクエストに対して、期待されたHTTPステータスコードが確認できませんでした (expected:201, actual:500)"
time=00:05:26.694 level=WARN msg="ユーザー登録に失敗しました (CODE=17): POST /api/app/usersへのリクエストに対して、期待されたHTTPステータスコードが確認できませんでした (expected:201, actual:500)"
time=00:05:26.950 level=INFO msg=一定の売上が立ったためオーナーの椅子が増加します 名前=木座デザイン 増加数=1
time=00:05:26.957 level=INFO msg=一定の売上が立ったためオーナーの椅子が増加します 名前="Vintage Vibe Seats" 増加数=1
time=00:05:26.960 level=INFO msg=一定の売上が立ったためオーナーの椅子が増加します 名前=ひまわり交通 増加数=2
time=00:05:26.960 level=INFO msg=一定の売上が立ったためオーナーの椅子が増加します 名前=GoEase 増加数=1
time=00:05:26.960 level=INFO msg=一定の売上が立ったためオーナーの椅子が増加します 名前="Chair Charm" 増加数=1
time=00:05:26.969 level=INFO msg=これまでに地域内の評判によって7人、既存ユーザーの招待経由で28人が新規登録しました
time=00:05:26.969 level=INFO msg=0.0%のライドは椅子がマッチされるまでの時間、68.8%のライドはマッチされた椅子が乗車地点までに掛かる時間、0.0%のライドは椅子の実移動時間に不満がありました
time=00:05:26.968 level=DEBUG source=/tmp/isucon14/bench/benchmarker/scenario/scenario.go:315 msg=時間経過 tick=180
time=00:05:26.969 level=DEBUG source=/tmp/isucon14/bench/benchmarker/scenario/scenario.go:317 msg=eval reqs=32 score="[0 0 0 22 10]" criteria="[32 10 32 32]"
time=00:05:28.765 level=INFO msg=一定の売上が立ったためオーナーの椅子が増加します 名前=木座デザイン 増加数=1
time=00:05:28.768 level=DEBUG source=/tmp/isucon14/bench/benchmarker/scenario/scenario.go:315 msg=時間経過 tick=240
time=00:05:28.768 level=DEBUG source=/tmp/isucon14/bench/benchmarker/scenario/scenario.go:317 msg=eval reqs=42 score="[0 0 3 26 13]" criteria="[42 13 42 39]"
time=00:05:28.800 level=INFO msg=一定の売上が立ったためオーナーの椅子が増加します 名前=ひまわり交通 増加数=1
time=00:05:28.800 level=INFO msg=一定の売上が立ったためオーナーの椅子が増加します 名前="Chair Charm" 増加数=1
time=00:05:30.568 level=DEBUG source=/tmp/isucon14/bench/benchmarker/scenario/scenario.go:315 msg=時間経過 tick=300
time=00:05:30.568 level=DEBUG source=/tmp/isucon14/bench/benchmarker/scenario/scenario.go:317 msg=eval reqs=57 score="[0 1 12 31 13]" criteria="[57 15 56 42]"
time=00:05:30.591 level=INFO msg=一定の売上が立ったためオーナーの椅子が増加します 名前=木座デザイン 増加数=1
time=00:05:30.597 level=INFO msg=一定の売上が立ったためオーナーの椅子が増加します 名前=ひまわり交通 増加数=2
time=00:05:30.606 level=INFO msg=一定の売上が立ったためオーナーの椅子が増加します 名前="Chair Charm" 増加数=1
time=00:05:30.610 level=INFO msg=一定の売上が立ったためオーナーの椅子が増加します 名前="Vintage Vibe Seats" 増加数=1
time=00:05:32.365 level=INFO msg=一定の売上が立ったためオーナーの椅子が増加します 名前=GoEase 増加数=1
time=00:05:32.369 level=INFO msg=これまでに地域内の評判によって19人、既存ユーザーの招待経由で42人が新規登録しました
time=00:05:32.369 level=INFO msg=1.5%のライドは椅子がマッチされるまでの時間、73.1%のライドはマッチされた椅子が乗車地点までに掛かる時間、18.7%のライドは椅子の実移動時間に不満がありました
time=00:05:32.369 level=DEBUG source=/tmp/isucon14/bench/benchmarker/scenario/scenario.go:315 msg=時間経過 tick=360
time=00:05:32.369 level=DEBUG source=/tmp/isucon14/bench/benchmarker/scenario/scenario.go:317 msg=eval reqs=67 score="[0 2 18 33 14]" criteria="[66 18 65 44]"
time=00:05:32.376 level=INFO msg=一定の売上が立ったためオーナーの椅子が増加します 名前="Vintage Vibe Seats" 増加数=1
time=00:05:32.377 level=INFO msg=一定の売上が立ったためオーナーの椅子が増加します 名前=ひまわり交通 増加数=1
time=00:05:32.378 level=INFO msg=一定の売上が立ったためオーナーの椅子が増加します 名前="Chair Charm" 増加数=1
time=00:05:32.456 level=INFO msg=一定の売上が立ったためオーナーの椅子が増加します 名前=木座デザイン 増加数=1
time=00:05:34.168 level=DEBUG source=/tmp/isucon14/bench/benchmarker/scenario/scenario.go:315 msg=時間経過 tick=420
time=00:05:34.168 level=DEBUG source=/tmp/isucon14/bench/benchmarker/scenario/scenario.go:317 msg=eval reqs=78 score="[1 8 20 35 14]" criteria="[73 21 69 46]"
time=00:05:34.183 level=INFO msg=一定の売上が立ったためオーナーの椅子が増加します 名前="Chair Charm" 増加数=1
time=00:05:34.183 level=INFO msg=一定の売上が立ったためオーナーの椅子が増加します 名前=木座デザイン 増加数=1
time=00:05:34.184 level=INFO msg=一定の売上が立ったためオーナーの椅子が増加します 名前="Vintage Vibe Seats" 増加数=1
time=00:05:34.188 level=INFO msg=一定の売上が立ったためオーナーの椅子が増加します 名前=ひまわり交通 増加数=1
time=00:05:35.968 level=DEBUG source=/tmp/isucon14/bench/benchmarker/scenario/scenario.go:315 msg=時間経過 tick=480
time=00:05:35.968 level=DEBUG source=/tmp/isucon14/bench/benchmarker/scenario/scenario.go:317 msg=eval reqs=87 score="[2 14 21 36 14]" criteria="[77 24 71 48]"
time=00:05:36.016 level=INFO msg=一定の売上が立ったためオーナーの椅子が増加します 名前="Vintage Vibe Seats" 増加数=1
time=00:05:36.028 level=INFO msg=一定の売上が立ったためオーナーの椅子が増加します 名前="Chair Charm" 増加数=1
time=00:05:36.034 level=INFO msg=一定の売上が立ったためオーナーの椅子が増加します 名前=ひまわり交通 増加数=1
time=00:05:37.768 level=DEBUG source=/tmp/isucon14/bench/benchmarker/scenario/scenario.go:315 msg=時間経過 tick=540
time=00:05:37.768 level=INFO msg=これまでに地域内の評判によって31人、既存ユーザーの招待経由で45人が新規登録しました
time=00:05:37.768 level=INFO msg=これまでに低評価なライドによって13人が利用をやめました
time=00:05:37.768 level=INFO msg=19.4%のライドは椅子がマッチされるまでの時間、72.4%のライドはマッチされた椅子が乗車地点までに掛かる時間、37.8%のライドは椅子の実移動時間に不満がありました
time=00:05:37.768 level=DEBUG source=/tmp/isucon14/bench/benchmarker/scenario/scenario.go:317 msg=eval reqs=98 score="[6 20 22 36 14]" criteria="[79 27 71 51]"
time=00:05:37.824 level=INFO msg=一定の売上が立ったためオーナーの椅子が増加します 名前="Chair Charm" 増加数=1
time=00:05:37.833 level=INFO msg=一定の売上が立ったためオーナーの椅子が増加します 名前=ひまわり交通 増加数=1
time=00:05:37.834 level=INFO msg=一定の売上が立ったためオーナーの椅子が増加します 名前=木座デザイン 増加数=1
time=00:05:39.568 level=DEBUG source=/tmp/isucon14/bench/benchmarker/scenario/scenario.go:315 msg=時間経過 tick=600
time=00:05:39.568 level=DEBUG source=/tmp/isucon14/bench/benchmarker/scenario/scenario.go:317 msg=eval reqs=109 score="[15 21 23 36 14]" criteria="[79 29 72 51]"
time=00:05:39.611 level=INFO msg=一定の売上が立ったためオーナーの椅子が増加します 名前="Vintage Vibe Seats" 増加数=1
time=00:05:39.651 level=INFO msg=一定の売上が立ったためオーナーの椅子が増加します 名前=ひまわり交通 増加数=1
time=00:05:41.369 level=DEBUG source=/tmp/isucon14/bench/benchmarker/scenario/scenario.go:315 msg=時間経過 tick=660
time=00:05:41.369 level=DEBUG source=/tmp/isucon14/bench/benchmarker/scenario/scenario.go:317 msg=eval reqs=119 score="[20 25 24 36 14]" criteria="[80 32 73 52]"
time=00:05:41.372 level=INFO msg=一定の売上が立ったためオーナーの椅子が増加します 名前="Vintage Vibe Seats" 増加数=1
time=00:05:41.399 level=INFO msg=一定の売上が立ったためオーナーの椅子が増加します 名前=ひまわり交通 増加数=1
time=00:05:41.412 level=INFO msg=一定の売上が立ったためオーナーの椅子が増加します 名前=木座デザイン 増加数=2
time=00:05:41.454 level=INFO msg=一定の売上が立ったためオーナーの椅子が増加します 名前="Chair Charm" 増加数=2
time=00:05:43.168 level=DEBUG source=/tmp/isucon14/bench/benchmarker/scenario/scenario.go:315 msg=時間経過 tick=720
time=00:05:43.169 level=INFO msg=これまでに地域内の評判によって42人、既存ユーザーの招待経由で45人が新規登録しました
time=00:05:43.169 level=INFO msg=これまでに低評価なライドによって29人が利用をやめました
time=00:05:43.169 level=INFO msg=37.9%のライドは椅子がマッチされるまでの時間、72.0%のライドはマッチされた椅子が乗車地点までに掛かる時間、51.5%のライドは椅子の実移動時間に不満がありました
time=00:05:43.169 level=DEBUG source=/tmp/isucon14/bench/benchmarker/scenario/scenario.go:317 msg=eval reqs=132 score="[26 29 27 36 14]" criteria="[82 37 76 52]"
time=00:05:43.186 level=INFO msg=一定の売上が立ったためオーナーの椅子が増加します 名前="Chair Charm" 増加数=1
time=00:05:43.238 level=INFO msg=一定の売上が立ったためオーナーの椅子が増加します 名前="Vintage Vibe Seats" 増加数=1
time=00:05:43.253 level=INFO msg=一定の売上が立ったためオーナーの椅子が増加します 名前=ひまわり交通 増加数=1
time=00:05:44.969 level=DEBUG source=/tmp/isucon14/bench/benchmarker/scenario/scenario.go:315 msg=時間経過 tick=780
time=00:05:44.969 level=DEBUG source=/tmp/isucon14/bench/benchmarker/scenario/scenario.go:317 msg=eval reqs=151 score="[34 32 32 39 14]" criteria="[89 46 79 55]"
time=00:05:45.073 level=INFO msg=一定の売上が立ったためオーナーの椅子が増加します 名前="Vintage Vibe Seats" 増加数=2
time=00:05:45.089 level=INFO msg=一定の売上が立ったためオーナーの椅子が増加します 名前=ひまわり交通 増加数=2
time=00:05:45.140 level=INFO msg=一定の売上が立ったためオーナーの椅子が増加します 名前=木座デザイン 増加数=2
time=00:05:45.184 level=INFO msg=一定の売上が立ったためオーナーの椅子が増加します 名前="Chair Charm" 増加数=1
time=00:05:46.768 level=DEBUG source=/tmp/isucon14/bench/benchmarker/scenario/scenario.go:315 msg=時間経過 tick=840
time=00:05:46.768 level=DEBUG source=/tmp/isucon14/bench/benchmarker/scenario/scenario.go:317 msg=eval reqs=167 score="[38 35 39 41 14]" criteria="[100 52 81 59]"
time=00:05:46.840 level=INFO msg=一定の売上が立ったためオーナーの椅子が増加します 名前=ひまわり交通 増加数=1
time=00:05:46.855 level=INFO msg=一定の売上が立ったためオーナーの椅子が増加します 名前=GoEase 増加数=1
time=00:05:46.874 level=INFO msg=一定の売上が立ったためオーナーの椅子が増加します 名前="Chair Charm" 増加数=1
time=00:05:46.937 level=INFO msg=一定の売上が立ったためオーナーの椅子が増加します 名前=木座デザイン 増加数=1
time=00:05:48.568 level=INFO msg=これまでに地域内の評判によって54人、既存ユーザーの招待経由で52人が新規登録しました
time=00:05:48.568 level=INFO msg=これまでに低評価なライドによって38人が利用をやめました
time=00:05:48.568 level=INFO msg=37.8%のライドは椅子がマッチされるまでの時間、66.5%のライドはマッチされた椅子が乗車地点までに掛かる時間、61.4%のライドは椅子の実移動時間に不満がありました
time=00:05:48.568 level=DEBUG source=/tmp/isucon14/bench/benchmarker/scenario/scenario.go:315 msg=時間経過 tick=900
time=00:05:48.568 level=DEBUG source=/tmp/isucon14/bench/benchmarker/scenario/scenario.go:317 msg=eval reqs=185 score="[40 42 46 42 15]" criteria="[115 62 83 60]"
time=00:05:48.660 level=INFO msg=一定の売上が立ったためオーナーの椅子が増加します 名前="Vintage Vibe Seats" 増加数=1
time=00:05:48.672 level=INFO msg=一定の売上が立ったためオーナーの椅子が増加します 名前="Chair Charm" 増加数=2
time=00:05:48.674 level=INFO msg=一定の売上が立ったためオーナーの椅子が増加します 名前=木座デザイン 増加数=1
time=00:05:48.758 level=INFO msg=一定の売上が立ったためオーナーの椅子が増加します 名前=ひまわり交通 増加数=1
time=00:05:50.368 level=DEBUG source=/tmp/isucon14/bench/benchmarker/scenario/scenario.go:315 msg=時間経過 tick=960
time=00:05:50.368 level=DEBUG source=/tmp/isucon14/bench/benchmarker/scenario/scenario.go:317 msg=eval reqs=208 score="[40 52 55 46 15]" criteria="[138 75 84 63]"
time=00:05:50.480 level=INFO msg=一定の売上が立ったためオーナーの椅子が増加します 名前=木座デザイン 増加数=1
time=00:05:50.490 level=INFO msg=一定の売上が立ったためオーナーの椅子が増加します 名前="Vintage Vibe Seats" 増加数=2
time=00:05:50.691 level=INFO msg=一定の売上が立ったためオーナーの椅子が増加します 名前=ひまわり交通 増加数=1
time=00:05:52.181 level=DEBUG source=/tmp/isucon14/bench/benchmarker/scenario/scenario.go:315 msg=時間経過 tick=1020
time=00:05:52.181 level=DEBUG source=/tmp/isucon14/bench/benchmarker/scenario/scenario.go:317 msg=eval reqs=226 score="[41 59 60 51 15]" criteria="[153 85 88 66]"
time=00:05:52.206 level=INFO msg=一定の売上が立ったためオーナーの椅子が増加します 名前=GoEase 増加数=1
time=00:05:52.298 level=INFO msg=一定の売上が立ったためオーナーの椅子が増加します 名前=木座デザイン 増加数=2
time=00:05:52.307 level=INFO msg=一定の売上が立ったためオーナーの椅子が増加します 名前="Chair Charm" 増加数=2
time=00:05:52.311 level=INFO msg=一定の売上が立ったためオーナーの椅子が増加します 名前=ひまわり交通 増加数=1
time=00:05:52.359 level=INFO msg=一定の売上が立ったためオーナーの椅子が増加します 名前="Vintage Vibe Seats" 増加数=1
time=00:05:53.968 level=INFO msg=これまでに地域内の評判によって66人、既存ユーザーの招待経由で61人が新規登録しました
time=00:05:53.968 level=INFO msg=これまでに低評価なライドによって47人が利用をやめました
time=00:05:53.968 level=INFO msg=29.2%のライドは椅子がマッチされるまでの時間、60.8%のライドはマッチされた椅子が乗車地点までに掛かる時間、68.6%のライドは椅子の実移動時間に不満がありました
time=00:05:53.968 level=DEBUG source=/tmp/isucon14/bench/benchmarker/scenario/scenario.go:315 msg=時間経過 tick=1080
time=00:05:53.968 level=DEBUG source=/tmp/isucon14/bench/benchmarker/scenario/scenario.go:317 msg=eval reqs=250 score="[41 69 72 53 15]" criteria="[177 98 90 67]"
time=00:05:54.065 level=INFO msg=一定の売上が立ったためオーナーの椅子が増加します 名前=GoEase 増加数=1
time=00:05:54.109 level=INFO msg=一定の売上が立ったためオーナーの椅子が増加します 名前=木座デザイン 増加数=1
time=00:05:54.123 level=INFO msg=一定の売上が立ったためオーナーの椅子が増加します 名前="Chair Charm" 増加数=1
time=00:05:54.209 level=INFO msg=一定の売上が立ったためオーナーの椅子が増加します 名前="Vintage Vibe Seats" 増加数=2
time=00:05:54.235 level=INFO msg=一定の売上が立ったためオーナーの椅子が増加します 名前=ひまわり交通 増加数=2
time=00:05:55.768 level=DEBUG source=/tmp/isucon14/bench/benchmarker/scenario/scenario.go:315 msg=時間経過 tick=1140
time=00:05:55.769 level=DEBUG source=/tmp/isucon14/bench/benchmarker/scenario/scenario.go:317 msg=eval reqs=268 score="[41 75 83 54 15]" criteria="[195 110 90 68]"
time=00:05:55.881 level=INFO msg=一定の売上が立ったためオーナーの椅子が増加します 名前=木座デザイン 増加数=1
time=00:05:55.905 level=INFO msg=一定の売上が立ったためオーナーの椅子が増加します 名前=ひまわり交通 増加数=1
time=00:05:55.960 level=INFO msg=一定の売上が立ったためオーナーの椅子が増加します 名前="Vintage Vibe Seats" 増加数=1
time=00:05:55.989 level=INFO msg=一定の売上が立ったためオーナーの椅子が増加します 名前="Chair Charm" 増加数=1
time=00:05:57.568 level=DEBUG source=/tmp/isucon14/bench/benchmarker/scenario/scenario.go:315 msg=時間経過 tick=1200
time=00:05:57.568 level=DEBUG source=/tmp/isucon14/bench/benchmarker/scenario/scenario.go:317 msg=eval reqs=291 score="[42 83 95 56 15]" criteria="[217 124 91 69]"
time=00:05:57.683 level=INFO msg=一定の売上が立ったためオーナーの椅子が増加します 名前="Chair Charm" 増加数=1
time=00:05:57.704 level=INFO msg=一定の売上が立ったためオーナーの椅子が増加します 名前="Vintage Vibe Seats" 増加数=1
time=00:05:57.768 level=INFO msg=一定の売上が立ったためオーナーの椅子が増加します 名前=ひまわり交通 増加数=1
time=00:05:57.778 level=INFO msg=一定の売上が立ったためオーナーの椅子が増加します 名前=木座デザイン 増加数=3
time=00:05:59.368 level=DEBUG source=/tmp/isucon14/bench/benchmarker/scenario/scenario.go:315 msg=時間経過 tick=1260
time=00:05:59.368 level=DEBUG source=/tmp/isucon14/bench/benchmarker/scenario/scenario.go:317 msg=eval reqs=318 score="[43 93 111 56 15]" criteria="[243 140 91 69]"
time=00:05:59.368 level=INFO msg=これまでに地域内の評判によって78人、既存ユーザーの招待経由で65人が新規登録しました
time=00:05:59.368 level=INFO msg=これまでに低評価なライドによって50人が利用をやめました
time=00:05:59.368 level=INFO msg=23.6%のライドは椅子がマッチされるまでの時間、56.0%のライドはマッチされた椅子が乗車地点までに掛かる時間、74.8%のライドは椅子の実移動時間に不満がありました
time=00:05:59.424 level=INFO msg=一定の売上が立ったためオーナーの椅子が増加します 名前=GoEase 増加数=2
time=00:05:59.472 level=INFO msg=一定の売上が立ったためオーナーの椅子が増加します 名前="Chair Charm" 増加数=2
time=00:05:59.498 level=INFO msg=一定の売上が立ったためオーナーの椅子が増加します 名前=ひまわり交通 増加数=1
time=00:05:59.578 level=INFO msg=一定の売上が立ったためオーナーの椅子が増加します 名前=木座デザイン 増加数=1
time=00:05:59.593 level=INFO msg=一定の売上が立ったためオーナーの椅子が増加します 名前="Vintage Vibe Seats" 増加数=1
time=00:06:01.168 level=DEBUG source=/tmp/isucon14/bench/benchmarker/scenario/scenario.go:315 msg=時間経過 tick=1320
time=00:06:01.169 level=DEBUG source=/tmp/isucon14/bench/benchmarker/scenario/scenario.go:317 msg=eval reqs=339 score="[43 99 123 59 15]" criteria="[264 155 94 69]"
time=00:06:01.295 level=INFO msg=一定の売上が立ったためオーナーの椅子が増加します 名前="Vintage Vibe Seats" 増加数=1
time=00:06:01.319 level=INFO msg=一定の売上が立ったためオーナーの椅子が増加します 名前="Chair Charm" 増加数=1
time=00:06:01.341 level=INFO msg=一定の売上が立ったためオーナーの椅子が増加します 名前=ひまわり交通 増加数=2
time=00:06:01.557 level=INFO msg=一定の売上が立ったためオーナーの椅子が増加します 名前=木座デザイン 増加数=1
time=00:06:02.022 level=WARN msg="ユーザー登録に失敗しました (CODE=17): POST /api/app/usersへのリクエストに対して、期待されたHTTPステータスコードが確認できませんでした (expected:201, actual:500)"
time=00:06:02.968 level=DEBUG source=/tmp/isucon14/bench/benchmarker/scenario/scenario.go:315 msg=時間経過 tick=1380
time=00:06:02.968 level=DEBUG source=/tmp/isucon14/bench/benchmarker/scenario/scenario.go:317 msg=eval reqs=369 score="[43 106 140 65 15]" criteria="[294 178 98 71]"
time=00:06:03.066 level=INFO msg=一定の売上が立ったためオーナーの椅子が増加します 名前="Vintage Vibe Seats" 増加数=2
time=00:06:03.124 level=INFO msg=一定の売上が立ったためオーナーの椅子が増加します 名前=木座デザイン 増加数=1
time=00:06:03.210 level=INFO msg=一定の売上が立ったためオーナーの椅子が増加します 名前=ひまわり交通 増加数=1
time=00:06:03.291 level=INFO msg=一定の売上が立ったためオーナーの椅子が増加します 名前="Chair Charm" 増加数=1
time=00:06:03.366 level=INFO msg=一定の売上が立ったためオーナーの椅子が増加します 名前=GoEase 増加数=1
time=00:06:04.768 level=DEBUG source=/tmp/isucon14/bench/benchmarker/scenario/scenario.go:315 msg=時間経過 tick=1440
time=00:06:04.768 level=DEBUG source=/tmp/isucon14/bench/benchmarker/scenario/scenario.go:317 msg=eval reqs=395 score="[43 112 157 67 16]" criteria="[320 198 100 73]"
time=00:06:04.768 level=INFO msg=これまでに地域内の評判によって90人、既存ユーザーの招待経由で76人が新規登録しました
time=00:06:04.768 level=INFO msg=これまでに低評価なライドによって53人が利用をやめました
time=00:06:04.768 level=INFO msg=19.0%のライドは椅子がマッチされるまでの時間、49.9%のライドはマッチされた椅子が乗車地点までに掛かる時間、78.1%のライドは椅子の実移動時間に不満がありました
time=00:06:04.906 level=INFO msg=一定の売上が立ったためオーナーの椅子が増加します 名前=GoEase 増加数=1
time=00:06:04.968 level=INFO msg=一定の売上が立ったためオーナーの椅子が増加します 名前=ひまわり交通 増加数=2
time=00:06:05.001 level=INFO msg=一定の売上が立ったためオーナーの椅子が増加します 名前="Vintage Vibe Seats" 増加数=1
time=00:06:05.019 level=INFO msg=一定の売上が立ったためオーナーの椅子が増加します 名前=木座デザイン 増加数=1
time=00:06:05.350 level=INFO msg=一定の売上が立ったためオーナーの椅子が増加します 名前="Chair Charm" 増加数=2
time=00:06:06.568 level=DEBUG source=/tmp/isucon14/bench/benchmarker/scenario/scenario.go:315 msg=時間経過 tick=1500
time=00:06:06.568 level=DEBUG source=/tmp/isucon14/bench/benchmarker/scenario/scenario.go:317 msg=eval reqs=417 score="[45 115 172 69 16]" criteria="[340 214 102 74]"
time=00:06:06.649 level=INFO msg=一定の売上が立ったためオーナーの椅子が増加します 名前=ひまわり交通 増加数=2
time=00:06:06.723 level=INFO msg=一定の売上が立ったためオーナーの椅子が増加します 名前=木座デザイン 増加数=2
time=00:06:06.790 level=INFO msg=一定の売上が立ったためオーナーの椅子が増加します 名前="Chair Charm" 増加数=2
time=00:06:08.369 level=DEBUG source=/tmp/isucon14/bench/benchmarker/scenario/scenario.go:315 msg=時間経過 tick=1560
time=00:06:08.369 level=DEBUG source=/tmp/isucon14/bench/benchmarker/scenario/scenario.go:317 msg=eval reqs=452 score="[47 120 198 71 16]" criteria="[373 242 103 75]"
time=00:06:08.583 level=INFO msg=一定の売上が立ったためオーナーの椅子が増加します 名前=GoEase 増加数=1
time=00:06:08.584 level=INFO msg=一定の売上が立ったためオーナーの椅子が増加します 名前="Vintage Vibe Seats" 増加数=2
time=00:06:08.631 level=INFO msg=一定の売上が立ったためオーナーの椅子が増加します 名前=ひまわり交通 増加数=1
time=00:06:08.651 level=INFO msg=一定の売上が立ったためオーナーの椅子が増加します 名前=木座デザイン 増加数=1
time=00:06:08.685 level=INFO msg=一定の売上が立ったためオーナーの椅子が増加します 名前="Chair Charm" 増加数=1
time=00:06:10.168 level=DEBUG source=/tmp/isucon14/bench/benchmarker/scenario/scenario.go:315 msg=時間経過 tick=1620
time=00:06:10.168 level=DEBUG source=/tmp/isucon14/bench/benchmarker/scenario/scenario.go:317 msg=eval reqs=477 score="[48 122 219 72 16]" criteria="[397 264 104 75]"
time=00:06:10.168 level=INFO msg=これまでに地域内の評判によって102人、既存ユーザーの招待経由で80人が新規登録しました
time=00:06:10.168 level=INFO msg=これまでに低評価なライドによって58人が利用をやめました
time=00:06:10.168 level=INFO msg=16.8%のライドは椅子がマッチされるまでの時間、44.7%のライドはマッチされた椅子が乗車地点までに掛かる時間、81.2%のライドは椅子の実移動時間に不満がありました
time=00:06:10.209 level=INFO msg=一定の売上が立ったためオーナーの椅子が増加します 名前=木座デザイン 増加数=2
time=00:06:10.248 level=INFO msg=一定の売上が立ったためオーナーの椅子が増加します 名前=GoEase 増加数=2
time=00:06:10.417 level=INFO msg=一定の売上が立ったためオーナーの椅子が増加します 名前="Chair Charm" 増加数=1
time=00:06:10.589 level=INFO msg=一定の売上が立ったためオーナーの椅子が増加します 名前="Vintage Vibe Seats" 増加数=2
time=00:06:11.968 level=DEBUG source=/tmp/isucon14/bench/benchmarker/scenario/scenario.go:315 msg=時間経過 tick=1680
time=00:06:11.968 level=DEBUG source=/tmp/isucon14/bench/benchmarker/scenario/scenario.go:317 msg=eval reqs=496 score="[48 124 235 73 16]" criteria="[416 281 105 75]"
time=00:06:12.184 level=INFO msg=一定の売上が立ったためオーナーの椅子が増加します 名前="Vintage Vibe Seats" 増加数=2
time=00:06:12.381 level=INFO msg=一定の売上が立ったためオーナーの椅子が増加します 名前="Chair Charm" 増加数=2
time=00:06:12.611 level=INFO msg=一定の売上が立ったためオーナーの椅子が増加します 名前=ひまわり交通 増加数=1
time=00:06:13.768 level=DEBUG source=/tmp/isucon14/bench/benchmarker/scenario/scenario.go:315 msg=時間経過 tick=1740
time=00:06:13.768 level=DEBUG source=/tmp/isucon14/bench/benchmarker/scenario/scenario.go:317 msg=eval reqs=522 score="[48 129 256 73 16]" criteria="[442 302 105 75]"
time=00:06:13.977 level=INFO msg=一定の売上が立ったためオーナーの椅子が増加します 名前=ひまわり交通 増加数=2
time=00:06:14.024 level=INFO msg=一定の売上が立ったためオーナーの椅子が増加します 名前="Chair Charm" 増加数=1
time=00:06:14.072 level=INFO msg=一定の売上が立ったためオーナーの椅子が増加します 名前=木座デザイン 増加数=2
time=00:06:14.328 level=INFO msg=一定の売上が立ったためオーナーの椅子が増加します 名前="Vintage Vibe Seats" 増加数=1
time=00:06:15.568 level=DEBUG source=/tmp/isucon14/bench/benchmarker/scenario/scenario.go:315 msg=時間経過 tick=1800
time=00:06:15.568 level=DEBUG source=/tmp/isucon14/bench/benchmarker/scenario/scenario.go:317 msg=eval reqs=556 score="[49 135 280 76 16]" criteria="[475 329 105 78]"
time=00:06:15.568 level=INFO msg=これまでに地域内の評判によって114人、既存ユーザーの招待経由で82人が新規登録しました
time=00:06:15.568 level=INFO msg=これまでに低評価なライドによって60人が利用をやめました
time=00:06:15.568 level=INFO msg=14.6%のライドは椅子がマッチされるまでの時間、40.8%のライドはマッチされた椅子が乗車地点までに掛かる時間、83.5%のライドは椅子の実移動時間に不満がありました
time=00:06:15.955 level=INFO msg=一定の売上が立ったためオーナーの椅子が増加します 名前=GoEase 増加数=1
time=00:06:15.980 level=INFO msg=一定の売上が立ったためオーナーの椅子が増加します 名前=ひまわり交通 増加数=2
time=00:06:16.129 level=INFO msg=一定の売上が立ったためオーナーの椅子が増加します 名前=木座デザイン 増加数=1
time=00:06:17.369 level=DEBUG source=/tmp/isucon14/bench/benchmarker/scenario/scenario.go:315 msg=時間経過 tick=1860
time=00:06:17.369 level=DEBUG source=/tmp/isucon14/bench/benchmarker/scenario/scenario.go:317 msg=eval reqs=583 score="[50 139 300 78 16]" criteria="[501 351 105 80]"
time=00:06:17.631 level=INFO msg=一定の売上が立ったためオーナーの椅子が増加します 名前=木座デザイン 増加数=2
time=00:06:17.642 level=INFO msg=一定の売上が立ったためオーナーの椅子が増加します 名前=ひまわり交通 増加数=1
time=00:06:17.805 level=INFO msg=一定の売上が立ったためオーナーの椅子が増加します 名前="Vintage Vibe Seats" 増加数=1
time=00:06:18.129 level=INFO msg=一定の売上が立ったためオーナーの椅子が増加します 名前="Chair Charm" 増加数=2
time=00:06:19.169 level=DEBUG source=/tmp/isucon14/bench/benchmarker/scenario/scenario.go:315 msg=時間経過 tick=1920
time=00:06:19.169 level=DEBUG source=/tmp/isucon14/bench/benchmarker/scenario/scenario.go:317 msg=eval reqs=608 score="[51 144 319 78 16]" criteria="[524 371 105 80]"
time=00:06:19.293 level=INFO msg=一定の売上が立ったためオーナーの椅子が増加します 名前=GoEase 増加数=1
time=00:06:19.457 level=INFO msg=一定の売上が立ったためオーナーの椅子が増加します 名前=ひまわり交通 増加数=1
time=00:06:19.460 level=INFO msg=一定の売上が立ったためオーナーの椅子が増加します 名前="Chair Charm" 増加数=1
time=00:06:20.968 level=INFO msg=これまでに地域内の評判によって126人、既存ユーザーの招待経由で90人が新規登録しました
time=00:06:20.968 level=INFO msg=これまでに低評価なライドによって63人が利用をやめました
time=00:06:20.968 level=DEBUG source=/tmp/isucon14/bench/benchmarker/scenario/scenario.go:315 msg=時間経過 tick=1980
time=00:06:20.968 level=DEBUG source=/tmp/isucon14/bench/benchmarker/scenario/scenario.go:317 msg=eval reqs=648 score="[51 150 348 83 16]" criteria="[564 405 108 82]"
time=00:06:20.968 level=INFO msg=13.0%のライドは椅子がマッチされるまでの時間、37.5%のライドはマッチされた椅子が乗車地点までに掛かる時間、85.3%のライドは椅子の実移動時間に不満がありました
time=00:06:21.307 level=INFO msg=一定の売上が立ったためオーナーの椅子が増加します 名前=木座デザイン 増加数=2
time=00:06:21.320 level=INFO msg=一定の売上が立ったためオーナーの椅子が増加します 名前=GoEase 増加数=2
time=00:06:21.335 level=INFO msg=一定の売上が立ったためオーナーの椅子が増加します 名前="Vintage Vibe Seats" 増加数=2
time=00:06:21.513 level=INFO msg=一定の売上が立ったためオーナーの椅子が増加します 名前="Chair Charm" 増加数=1
time=00:06:21.612 level=INFO msg=一定の売上が立ったためオーナーの椅子が増加します 名前=ひまわり交通 増加数=2
time=00:06:26.570 level=INFO msg=最終地域情報 名前=チェアタウン ユーザー登録数=128 アクティブユーザー数=93
time=00:06:26.570 level=INFO msg=最終地域情報 名前=コシカケシティ ユーザー登録数=103 アクティブユーザー数=75
time=00:06:26.570 level=INFO msg=最終オーナー情報 名前=木座デザイン 売上=838800 椅子数=41
time=00:06:26.570 level=INFO msg=最終オーナー情報 名前="Vintage Vibe Seats" 売上=765900 椅子数=38
time=00:06:26.570 level=INFO msg=最終オーナー情報 名前=ひまわり交通 売上=966400 椅子数=45
time=00:06:26.570 level=INFO msg=最終オーナー情報 名前="Chair Charm" 売上=807300 椅子数=40
time=00:06:26.570 level=INFO msg=最終オーナー情報 名前=GoEase 売上=290200 椅子数=20
time=00:06:26.570 level=INFO msg=12.7%のライドは椅子がマッチされるまでの時間、37.0%のライドはマッチされた椅子が乗車地点までに掛かる時間、85.5%のライドは椅子の実移動時間に不満がありました
time=00:06:26.570 level=INFO msg=結果 pass=true スコア=43995 種別エラー数=map[17:5]
time=00:06:26.570 level=INFO msg=負荷走行が終了しました
