2026-09-26T15:05:20+00:00
COMMAND         %CPU   RSS
mysqld          15.0 1083276
nginx            0.8 15988
nginx            0.8 15892
systemd-journal  0.5 256444
rsyslogd         0.2  5284
jbd2/sda1-8      0.2     0
kworker/u4:1-fl  0.1     0
rcu_preempt      0.1     0
kworker/0:1H-kb  0.0     0
2026-09-26T15:05:22+00:00
COMMAND         %CPU   RSS
mysqld          15.0 1084688
bench            9.0 51816
isuride          0.9 15180
nginx            0.8 15988
nginx            0.8 15892
systemd-journal  0.5 257016
rsyslogd         0.2  5284
jbd2/sda1-8      0.2     0
kworker/u4:1-ev  0.1     0
2026-09-26T15:05:24+00:00
COMMAND         %CPU   RSS
mysqld          15.0 1085916
bench           14.2 69192
isuride          3.1 16096
nginx            0.8 15988
nginx            0.8 15892
systemd-journal  0.5 260996
rsyslogd         0.2  5284
jbd2/sda1-8      0.2     0
kworker/u4:1-ev  0.1     0
2026-09-26T15:05:26+00:00
COMMAND         %CPU   RSS
bench           17.4 97568
mysqld          15.0 1088176
isuride          5.4 16608
nginx            0.8 15988
nginx            0.8 15892
systemd-journal  0.5 263848
rsyslogd         0.2  5284
jbd2/sda1-8      0.2     0
kworker/u4:1-ev  0.1     0
2026-09-26T15:05:28+00:00
COMMAND         %CPU   RSS
bench           18.8 123616
mysqld          15.0 1090436
isuride          7.7 18624
nginx            0.8 15988
nginx            0.8 15892
systemd-journal  0.5 265940
rsyslogd         0.2  5284
jbd2/sda1-8      0.2     0
kworker/u4:1-ev  0.1     0
2026-09-26T15:05:30+00:00
COMMAND         %CPU   RSS
bench           19.7 137036
mysqld          15.0 1093840
isuride          9.8 21476
nginx            0.8 15988
nginx            0.8 15892
systemd-journal  0.5 271472
rsyslogd         0.2  5284
jbd2/sda1-8      0.2     0
kworker/u4:1-ev  0.1     0
2026-09-26T15:05:32+00:00
COMMAND         %CPU   RSS
bench           20.3 154744
mysqld          15.0 1097632
isuride         11.7 23040
nginx            0.8 14872
nginx            0.8 15892
systemd-journal  0.5 273752
rsyslogd         0.2  5284
jbd2/sda1-8      0.2     0
kworker/u4:1-ev  0.1     0
2026-09-26T15:05:34+00:00
COMMAND         %CPU   RSS
bench           20.5 163820
mysqld          15.0 1101080
isuride         13.3 23164
nginx            0.8 14872
nginx            0.8 15892
systemd-journal  0.5 275456
rsyslogd         0.2  5284
jbd2/sda1-8      0.2     0
kworker/u4:1-ev  0.1     0
2026-09-26T15:05:36+00:00
COMMAND         %CPU   RSS
bench           20.6 172976
mysqld          15.1 1105116
isuride         14.9 22688
nginx            0.8 14872
nginx            0.8 15892
systemd-journal  0.5 281240
rsyslogd         0.2  5284
jbd2/sda1-8      0.2     0
kworker/u4:1-ev  0.1     0
2026-09-26T15:05:38+00:00
COMMAND         %CPU   RSS
bench           20.7 183188
isuride         16.2 24560
mysqld          15.1 1108764
nginx            0.8 14872
nginx            0.8 15892
systemd-journal  0.5 281692
rsyslogd         0.2  5284
jbd2/sda1-8      0.2     0
kworker/u4:1-ev  0.1     0
2026-09-26T15:05:40+00:00
COMMAND         %CPU   RSS
bench           20.8 191436
isuride         17.5 24336
mysqld          15.1 1111188
nginx            0.8 14872
nginx            0.8 15892
systemd-journal  0.5 282244
rsyslogd         0.2  5284
jbd2/sda1-8      0.2     0
kworker/u4:1-wr  0.1     0
2026-09-26T15:05:42+00:00
COMMAND         %CPU   RSS
bench           20.7 191464
isuride         18.7 25572
mysqld          15.1 1115336
nginx            0.8 14872
nginx            0.8 15892
systemd-journal  0.5 285388
rsyslogd         0.2  5284
jbd2/sda1-8      0.2     0
kworker/u4:1-fl  0.1     0
2026-09-26T15:05:44+00:00
COMMAND         %CPU   RSS
bench           20.8 200864
isuride         19.7 26012
mysqld          15.1 1118260
nginx            0.8 14872
nginx            0.8 15892
systemd-journal  0.5 289524
rsyslogd         0.2  5284
jbd2/sda1-8      0.2     0
kworker/u4:1-ev  0.1     0
2026-09-26T15:05:46+00:00
COMMAND         %CPU   RSS
bench           21.0 212360
isuride         20.6 26444
mysqld          15.1 1121000
nginx            0.8 14872
nginx            0.8 15892
systemd-journal  0.5 291288
rsyslogd         0.2  5284
jbd2/sda1-8      0.2     0
kworker/u4:1-ex  0.1     0
2026-09-26T15:05:48+00:00
COMMAND         %CPU   RSS
isuride         21.4 26580
bench           21.0 219364
mysqld          15.1 1125052
nginx            0.8 14872
nginx            0.8 15892
systemd-journal  0.5 295076
rsyslogd         0.2  5284
jbd2/sda1-8      0.2     0
kworker/u4:1-ev  0.1     0
2026-09-26T15:05:50+00:00
COMMAND         %CPU   RSS
isuride         22.1 28824
bench           21.2 226904
mysqld          15.1 1125252
nginx            0.8 14872
nginx            0.8 15892
systemd-journal  0.5 298724
rsyslogd         0.2  5284
jbd2/sda1-8      0.2     0
kworker/u4:1-ev  0.1     0
2026-09-26T15:05:52+00:00
COMMAND         %CPU   RSS
isuride         22.8 28296
bench           21.4 249932
mysqld          15.1 1127140
nginx            0.8 14872
nginx            0.8 15892
systemd-journal  0.5 300532
rsyslogd         0.2  5284
jbd2/sda1-8      0.2     0
kworker/u4:1-ev  0.1     0
2026-09-26T15:05:54+00:00
COMMAND         %CPU   RSS
isuride         23.5 29832
bench           21.5 251332
mysqld          15.1 1128308
curl            14.2 12356
nginx            0.8 14872
nginx            0.8 15892
systemd-journal  0.5 304504
rsyslogd         0.2  5284
jbd2/sda1-8      0.2     0
2026-09-26T15:05:56+00:00
COMMAND         %CPU   RSS
isuride         24.0 30232
bench           21.5 271864
mysqld          15.1 1129684
curl             3.8 12324
nginx            0.8 14872
nginx            0.8 15892
systemd-journal  0.5 306368
rsyslogd         0.2  5284
jbd2/sda1-8      0.2     0
2026-09-26T15:05:58+00:00
COMMAND         %CPU   RSS
isuride         24.5 31804
bench           21.6 272480
mysqld          15.1 1131536
curl             7.1 12324
nginx            0.8 14872
nginx            0.8 15892
systemd-journal  0.5 306368
rsyslogd         0.2  5284
jbd2/sda1-8      0.2     0
2026-09-26T15:06:00+00:00
COMMAND         %CPU   RSS
isuride         25.0 30116
bench           21.7 290992
mysqld          15.1 1133640
nginx            0.8 14872
nginx            0.8 15892
systemd-journal  0.5 306372
rsyslogd         0.2  5284
jbd2/sda1-8      0.2     0
kworker/u4:1-ev  0.1     0
2026-09-26T15:06:02+00:00
COMMAND         %CPU   RSS
isuride         25.4 30624
bench           21.7 294384
mysqld          15.2 1134888
curl             1.8 12320
nginx            0.8 14872
nginx            0.8 15892
systemd-journal  0.5 306372
rsyslogd         0.2  5284
jbd2/sda1-8      0.2     0
2026-09-26T15:06:04+00:00
COMMAND         %CPU   RSS
isuride         25.8 30724
bench           21.8 307128
mysqld          15.2 1135624
curl             2.6 12320
nginx            0.8 14872
nginx            0.8 15892
systemd-journal  0.5 306372
rsyslogd         0.2  5284
jbd2/sda1-8      0.2     0
2026-09-26T15:06:06+00:00
COMMAND         %CPU   RSS
isuride         26.2 31248
bench           21.7 308144
mysqld          15.2 1136400
curl             8.3 12324
nginx            0.8 14872
nginx            0.8 15892
systemd-journal  0.5 306372
rsyslogd         0.2  5284
jbd2/sda1-8      0.2     0
2026-09-26T15:06:08+00:00
COMMAND         %CPU   RSS
isuride         26.6 33708
bench           21.8 332612
mysqld          15.2 1139124
curl             1.0 12308
nginx            0.8 14872
nginx            0.8 15892
systemd-journal  0.5 306372
rsyslogd         0.2  5284
jbd2/sda1-8      0.2     0
2026-09-26T15:06:10+00:00
COMMAND         %CPU   RSS
isuride         26.9 33828
bench           21.7 334136
mysqld          15.2 1139460
curl             2.2 12324
nginx            0.8 14872
nginx            0.8 15892
systemd-journal  0.5 307288
rsyslogd         0.2  5264
jbd2/sda1-8      0.2     0
2026-09-26T15:06:12+00:00
COMMAND         %CPU   RSS
isuride         27.1 35664
bench           21.6 354576
mysqld          15.2 1139520
curl            11.1 12324
nginx            0.8 14872
nginx            0.8 15892
systemd-journal  0.5 165852
rsyslogd         0.2  5264
jbd2/sda1-8      0.2     0
2026-09-26T15:06:14+00:00
COMMAND         %CPU   RSS
isuride         27.4 35808
bench           21.7 359308
mysqld          15.2 1140784
curl             9.0 12324
nginx            0.8 14872
nginx            0.8 15892
systemd-journal  0.5 167472
rsyslogd         0.2  5264
jbd2/sda1-8      0.2     0
2026-09-26T15:06:16+00:00
COMMAND         %CPU   RSS
isuride         27.6 36276
bench           21.6 361684
mysqld          15.2 1141876
curl             4.7 12356
nginx            0.8 14896
nginx            0.8 15892
systemd-journal  0.5 169052
rsyslogd         0.2  5264
jbd2/sda1-8      0.2     0
2026-09-26T15:06:18+00:00
COMMAND         %CPU   RSS
isuride         27.8 36208
bench           21.6 381380
mysqld          15.2 1141868
curl             3.7 12324
nginx            0.8 15012
nginx            0.8 15892
systemd-journal  0.5 172776
rsyslogd         0.2  5264
jbd2/sda1-8      0.2     0
2026-09-26T15:06:20+00:00
COMMAND         %CPU   RSS
isuride         28.0 37104
bench           21.6 383600
mysqld          15.2 1141868
curl             1.1 12312
nginx            0.8 15144
nginx            0.8 15892
systemd-journal  0.5 175644
rsyslogd         0.2  5264
jbd2/sda1-8      0.2     0
2026-09-26T15:06:22+00:00
COMMAND         %CPU   RSS
isuride         28.4 31816
bench           21.5 385388
mysqld          15.2 1141868
nginx            0.8 15188
nginx            0.8 15892
systemd-journal  0.5 179984
rsyslogd         0.2  5264
jbd2/sda1-8      0.2     0
kworker/u4:1-ev  0.1     0
2026-09-26T15:06:24+00:00
COMMAND         %CPU   RSS
isuride         28.8 30588
bench           21.4 419692
mysqld          15.2 1141868
nginx            0.8 15188
nginx            0.8 15892
systemd-journal  0.5 183140
rsyslogd         0.2  5264
jbd2/sda1-8      0.2     0
kworker/u4:1-fl  0.1     0
