procs -----------memory---------- ---swap-- -----io---- -system-- -------cpu------- -----timestamp-----
 r  b   swpd   free   buff  cache   si   so    bi    bo   in   cs us sy id wa st gu                 UTC
 5  0      0 562872  68656 2108936    0    0    64  2491 2711   48 11  5 85  0  0  0 2026-09-26 15:05:20
 4  0      0 505356  68664 2138204    0    0   232 63532 17964 39635 32 13 41 15  0  0 2026-09-26 15:05:21
 0  0      0 499120  68664 2139728    0    0     0 13796 20894 63081 22 15 60  3  0  0 2026-09-26 15:05:22
 8  0      0 497696  68664 2141296    0    0     4 17828 28580 93686 38 26 33  3  0  0 2026-09-26 15:05:23
43  0      0 481252  68664 2143728    0    0     0 21844 24209 101815 50 32 15  2  0  0 2026-09-26 15:05:24
 5  0      0 463368  68664 2146296    0    0     4 25720 23672 95557 51 36 10  3  0  0 2026-09-26 15:05:25
20  0      0 440704  68664 2149176    0    0     0 28804 23274 105337 51 38  9  2  0  0 2026-09-26 15:05:26
15  2      0 423676  68664 2153160    0    0    16 50232 22502 96140 52 40  6  2  0  0 2026-09-26 15:05:27
33  0      0 400744  68664 2156968    0    0     4 29632 23765 97923 52 40  6  2  0  0 2026-09-26 15:05:28
29  0      0 393716  68664 2159876    0    0    32 27360 19790 95339 58 36  4  2  0  0 2026-09-26 15:05:29
21  0      0 371496  68668 2162492    0    0    20 26464 21297 96264 53 44  3  1  0  0 2026-09-26 15:05:30
31  1      0 353632  68668 2165032    0    0     0 27552 19440 87864 56 41  1  2  0  0 2026-09-26 15:05:31
15  0      0 345596  68668 2168704    0    0     0 25872 20972 88727 54 38  5  3  0  0 2026-09-26 15:05:32
13  1      0 327200  68668 2171324    0    0     0 25284 18540 86904 57 37  3  3  0  0 2026-09-26 15:05:33
26  0      0 320956  68668 2175840    0    0     4 19836 16832 77164 55 41  3  2  0  0 2026-09-26 15:05:34
22  1      0 308512  68668 2178472    0    0     0 24668 18230 85944 54 42  2  2  0  0 2026-09-26 15:05:35
42  1      0 302252  68668 2181824    0    0     0 26604 19504 92455 56 41  3  2  0  0 2026-09-26 15:05:36
38  1      0 293684  68668 2184056    0    0     0 50004 19040 87244 56 39  3  2  0  0 2026-09-26 15:05:37
31  0      0 282848  68668 2185956    0    0     4 25984 20288 89444 54 40  4  3  0  0 2026-09-26 15:05:38
13  1      0 282912  68668 2187976    0    0     0 23756 19629 84956 55 39  4  2  0  0 2026-09-26 15:05:39
22  1      0 268592  68668 2190500    0    0     0 26472 18679 95530 56 41  2  1  0  0 2026-09-26 15:05:40
procs -----------memory---------- ---swap-- -----io---- -system-- -------cpu------- -----timestamp-----
 r  b   swpd   free   buff  cache   si   so    bi    bo   in   cs us sy id wa st gu                 UTC
16  1      0 264324  68668 2193016    0    0     0 29592 19549 86139 56 41  2  2  0  0 2026-09-26 15:05:41
64  1      0 256512  68668 2195612    0    0     0 27652 18475 88964 54 40  3  4  0  0 2026-09-26 15:05:42
 8  1      0 242932  68668 2198784    0    0     4 48812 20140 92048 55 39  2  4  0  0 2026-09-26 15:05:43
19  1      0 236476  68668 2203372    0    0     0 27340 18108 84423 55 41  2  2  0  0 2026-09-26 15:05:44
19  1      0 233028  68668 2205944    0    0     0 27112 18449 87254 56 41  2  2  0  0 2026-09-26 15:05:45
12  1      0 215660  68668 2208960    0    0     0 25760 19222 86311 55 39  3  3  0  0 2026-09-26 15:05:46
 6  1      0 212648  68668 2211512    0    0     4 28540 20001 86868 55 37  4  4  0  0 2026-09-26 15:05:47
18  0      0 202612  68668 2214200    0    0     0 25708 15296 90862 56 40  2  2  0  0 2026-09-26 15:05:48
14  1      0 189536  68668 2217116    0    0     0 22776 19168 82927 57 36  4  3  0  0 2026-09-26 15:05:49
18  0      0 182044  68668 2219536    0    0     0 26964 18173 91451 56 40  2  2  0  0 2026-09-26 15:05:50
24  1      0 173992  68668 2222100    0    0     0 31476 16625 86627 59 38  2  2  0  0 2026-09-26 15:05:51
 9  1      0 154088  68668 2224780    0    0     4 27208 16606 86853 57 41  1  1  0  0 2026-09-26 15:05:52
19  1      0 144708  68668 2228560    0    0     0 45676 17655 84517 59 39  1  1  0  0 2026-09-26 15:05:53
16  0      0 142524  68668 2232020    0    0     0 27936 20252 85626 58 40  2  1  0  0 2026-09-26 15:05:54
19  1      0 131984  68668 2234208    0    0     0 25956 20941 85056 56 37  4  4  0  0 2026-09-26 15:05:55
20  3      0 112636  68668 2236220    0    0     0 24968 16318 84912 55 39  3  3  0  0 2026-09-26 15:05:56
41  1      0 108404  68668 2238076    0    0     4 29104 19771 84223 56 37  2  5  0  0 2026-09-26 15:05:57
25  0      0 105140  68668 2240344    0    0     0 52344 17451 86305 58 39  2  2  0  0 2026-09-26 15:05:58
53  0      0  96880  68668 2241704    0    0     0 23424 18040 85120 57 39  3  2  0  0 2026-09-26 15:05:59
14  0      0  77828  68668 2243672    0    0    84 23324 17752 84520 59 39  2  1  0  0 2026-09-26 15:06:00
45  0      0  77092  68668 2246564    0    0     0 33296 20501 95625 56 40  3  2  0  0 2026-09-26 15:06:01
procs -----------memory---------- ---swap-- -----io---- -system-- -------cpu------- -----timestamp-----
 r  b   swpd   free   buff  cache   si   so    bi    bo   in   cs us sy id wa st gu                 UTC
22  1      0  96412  67604 2227252    0    0     4 27016 19994 89895 59 34  5  2  0  0 2026-09-26 15:06:02
20  0      0  85184  67604 2229160    0    0     0 25780 20124 90662 60 37  2  1  0  0 2026-09-26 15:06:03
55  0      0  87256  67604 2231196    0    0     0 27340 18743 88012 59 39  2  1  0  0 2026-09-26 15:06:04
27  0      0  82212  67604 2233380    0    0     0 27420 20771 93851 55 38  5  2  0  0 2026-09-26 15:06:05
27  0      0  77520  67604 2235428    0    0     0 28564 20096 96214 58 39  2  1  0  0 2026-09-26 15:06:06
29  0      0  75224  67512 2226112    0    0    20 25700 22180 94519 59 40  1  1  0  0 2026-09-26 15:06:07
22  0      0  86584  67444 2201404    0    0     0 30176 21251 92531 59 36  4  1  0  0 2026-09-26 15:06:08
10  1      0  76220  67444 2203556    0    0     0 25932 21594 83394 56 34  6  4  0  0 2026-09-26 15:06:09
20  1      0  72864  67444 2205640    0    0     0 27156 20645 91652 58 37  4  2  0  0 2026-09-26 15:06:10
37  1      0  71492  67444 2205120    0    0     0 26628 20321 86321 59 38  3  1  0  0 2026-09-26 15:06:11
32  0      0  77668  67444 2187780    0    0     0 31100 21904 88544 55 38  5  3  0  0 2026-09-26 15:06:12
16  2      0  91700  67948 2155324    0    0   872 39860 20172 80005 55 40  4  2  0  0 2026-09-26 15:06:13
20  0      0  87724  67948 2158996    0    0     0 24144 19467 87956 62 35  2  1  0  0 2026-09-26 15:06:14
26  1      0  81716  67948 2163028    0    0     0 25900 20331 87317 61 35  3  2  0  0 2026-09-26 15:06:15
52  0      0  73652  67948 2166460    0    0     0 25552 20042 87496 59 38  3  1  0  0 2026-09-26 15:06:16
21  1      0  82856  67948 2158272    0    0     0 25544 19582 92391 61 36  2  1  0  0 2026-09-26 15:06:17
29  1      0  78520  67948 2145436    0    0     8 31088 20350 87647 57 35  5  4  0  0 2026-09-26 15:06:18
42  2      0  75692  67948 2149004    0    0     0 23584 18152 86066 63 35  2  1  0  0 2026-09-26 15:06:19
 9  1      0  79200  67948 2135796    0    0     0 26092 19161 83967 60 35  4  2  0  0 2026-09-26 15:06:20
21  1      0  76348  67948 2139320    0    0     0 44740 18868 91610 62 37  1  1  0  0 2026-09-26 15:06:21
 8  1      0  75592  67948 2142688    0    0     0 19884 20960 104730 61 35  3  1  0  0 2026-09-26 15:06:22
procs -----------memory---------- ---swap-- -----io---- -system-- -------cpu------- -----timestamp-----
 r  b   swpd   free   buff  cache   si   so    bi    bo   in   cs us sy id wa st gu                 UTC
 5  0      0  80452  67948 2136052    0    0     0  4760 21651 110172 62 32  6  0  0  0 2026-09-26 15:06:23
24  0      0  87152  67948 2110848    0    0     0  2280 15625 102999 67 30  3  0  0  0 2026-09-26 15:06:24
 9  0      0  83176  67948 2113296    0    0     0  2508 15076 109560 66 28  6  0  0  0 2026-09-26 15:06:25
