time=18:57:30.941 level=DEBUG source=/tmp/isucon14/bench/cmd/run.go:90 msg=target targetURL=https://isuride.xiv.isucon.net targetAddr=127.0.0.1:443 benchrun.GetTargetAddress()="" paymentURL=http://127.0.0.1:12346
time=18:57:30.941 level=INFO msg=負荷走行を開始します
time=18:57:33.895 level=DEBUG source=/tmp/isucon14/bench/benchmarker/scenario/scenario.go:315 msg=時間経過 tick=60
time=18:57:33.895 level=DEBUG source=/tmp/isucon14/bench/benchmarker/scenario/scenario.go:317 msg=eval reqs=0 score="[0 0 0 0 0]" criteria="[0 0 0 0]"
time=18:57:35.695 level=DEBUG source=/tmp/isucon14/bench/benchmarker/scenario/scenario.go:315 msg=時間経過 tick=120
time=18:57:35.695 level=DEBUG source=/tmp/isucon14/bench/benchmarker/scenario/scenario.go:317 msg=eval reqs=1 score="[0 0 0 1 0]" criteria="[1 0 1 1]"
time=18:57:37.554 level=INFO msg=これまでに地域内の評判によって1人、既存ユーザーの招待経由で2人が新規登録しました
time=18:57:37.554 level=INFO msg=0.0%のライドは椅子がマッチされるまでの時間、100.0%のライドはマッチされた椅子が乗車地点までに掛かる時間、0.0%のライドは椅子の実移動時間に不満がありました
time=18:57:37.554 level=DEBUG source=/tmp/isucon14/bench/benchmarker/scenario/scenario.go:315 msg=時間経過 tick=180
time=18:57:37.554 level=DEBUG source=/tmp/isucon14/bench/benchmarker/scenario/scenario.go:317 msg=eval reqs=2 score="[0 0 0 2 0]" criteria="[2 0 2 2]"
time=18:57:38.750 level=WARN msg="取得したオーナーの椅子一覧の情報が想定しているものと異なります (CODE=26): total_distanceの反映が遅いデータがあります (id: 01M3EJC1J5N753PEF1CCC86ZZX)"
time=18:57:39.354 level=DEBUG source=/tmp/isucon14/bench/benchmarker/scenario/scenario.go:315 msg=時間経過 tick=240
time=18:57:39.354 level=DEBUG source=/tmp/isucon14/bench/benchmarker/scenario/scenario.go:317 msg=eval reqs=5 score="[0 0 3 2 0]" criteria="[2 0 5 5]"
time=18:57:41.155 level=DEBUG source=/tmp/isucon14/bench/benchmarker/scenario/scenario.go:315 msg=時間経過 tick=300
time=18:57:41.155 level=DEBUG source=/tmp/isucon14/bench/benchmarker/scenario/scenario.go:317 msg=eval reqs=8 score="[0 0 6 2 0]" criteria="[2 1 8 7]"
time=18:57:42.954 level=INFO msg=これまでに地域内の評判によって8人、既存ユーザーの招待経由で2人が新規登録しました
time=18:57:42.954 level=INFO msg=75.0%のライドは椅子がマッチされるまでの時間、87.5%のライドはマッチされた椅子が乗車地点までに掛かる時間、6.2%のライドは椅子の実移動時間に不満がありました
time=18:57:42.954 level=DEBUG source=/tmp/isucon14/bench/benchmarker/scenario/scenario.go:315 msg=時間経過 tick=360
time=18:57:42.954 level=DEBUG source=/tmp/isucon14/bench/benchmarker/scenario/scenario.go:317 msg=eval reqs=8 score="[0 0 6 2 0]" criteria="[2 1 8 7]"
time=18:57:44.754 level=DEBUG source=/tmp/isucon14/bench/benchmarker/scenario/scenario.go:315 msg=時間経過 tick=420
time=18:57:44.754 level=DEBUG source=/tmp/isucon14/bench/benchmarker/scenario/scenario.go:317 msg=eval reqs=9 score="[0 1 6 2 0]" criteria="[3 1 8 7]"
time=18:57:44.771 level=INFO msg=一定の売上が立ったためオーナーの椅子が増加します 名前=座心工房 増加数=1
time=18:57:46.544 level=INFO msg=一定の売上が立ったためオーナーの椅子が増加します 名前=椅子再生工房 増加数=1
time=18:57:46.555 level=DEBUG source=/tmp/isucon14/bench/benchmarker/scenario/scenario.go:315 msg=時間経過 tick=480
time=18:57:46.555 level=DEBUG source=/tmp/isucon14/bench/benchmarker/scenario/scenario.go:317 msg=eval reqs=13 score="[1 3 7 2 0]" criteria="[4 1 10 8]"
time=18:57:48.354 level=INFO msg=これまでに地域内の評判によって14人、既存ユーザーの招待経由で2人が新規登録しました
time=18:57:48.354 level=INFO msg=これまでに低評価なライドによって4人が利用をやめました
time=18:57:48.354 level=INFO msg=75.0%のライドは椅子がマッチされるまでの時間、93.8%のライドはマッチされた椅子が乗車地点までに掛かる時間、40.6%のライドは椅子の実移動時間に不満がありました
time=18:57:48.354 level=DEBUG source=/tmp/isucon14/bench/benchmarker/scenario/scenario.go:315 msg=時間経過 tick=540
time=18:57:48.354 level=DEBUG source=/tmp/isucon14/bench/benchmarker/scenario/scenario.go:317 msg=eval reqs=16 score="[3 4 7 2 0]" criteria="[4 1 10 9]"
time=18:57:48.374 level=INFO msg=一定の売上が立ったためオーナーの椅子が増加します 名前=和やか交通 増加数=1
time=18:57:50.154 level=DEBUG source=/tmp/isucon14/bench/benchmarker/scenario/scenario.go:315 msg=時間経過 tick=600
time=18:57:50.154 level=DEBUG source=/tmp/isucon14/bench/benchmarker/scenario/scenario.go:317 msg=eval reqs=17 score="[4 4 7 2 0]" criteria="[4 1 10 9]"
time=18:57:51.954 level=DEBUG source=/tmp/isucon14/bench/benchmarker/scenario/scenario.go:315 msg=時間経過 tick=660
time=18:57:51.954 level=DEBUG source=/tmp/isucon14/bench/benchmarker/scenario/scenario.go:317 msg=eval reqs=18 score="[4 5 7 2 0]" criteria="[5 1 10 9]"
time=18:57:51.974 level=INFO msg=一定の売上が立ったためオーナーの椅子が増加します 名前=木座デザイン 増加数=1
time=18:57:53.755 level=DEBUG source=/tmp/isucon14/bench/benchmarker/scenario/scenario.go:315 msg=時間経過 tick=720
time=18:57:53.755 level=DEBUG source=/tmp/isucon14/bench/benchmarker/scenario/scenario.go:317 msg=eval reqs=18 score="[4 5 7 2 0]" criteria="[5 1 10 9]"
time=18:57:53.755 level=INFO msg=これまでに地域内の評判によって20人、既存ユーザーの招待経由で2人が新規登録しました
time=18:57:53.755 level=INFO msg=これまでに低評価なライドによって5人が利用をやめました
time=18:57:53.756 level=INFO msg=72.2%のライドは椅子がマッチされるまでの時間、94.4%のライドはマッチされた椅子が乗車地点までに掛かる時間、47.2%のライドは椅子の実移動時間に不満がありました
time=18:57:55.554 level=DEBUG source=/tmp/isucon14/bench/benchmarker/scenario/scenario.go:315 msg=時間経過 tick=780
time=18:57:55.554 level=DEBUG source=/tmp/isucon14/bench/benchmarker/scenario/scenario.go:317 msg=eval reqs=24 score="[8 7 7 2 0]" criteria="[5 1 11 10]"
time=18:57:55.565 level=INFO msg=一定の売上が立ったためオーナーの椅子が増加します 名前=座心工房 増加数=1
time=18:57:57.354 level=DEBUG source=/tmp/isucon14/bench/benchmarker/scenario/scenario.go:315 msg=時間経過 tick=840
time=18:57:57.355 level=DEBUG source=/tmp/isucon14/bench/benchmarker/scenario/scenario.go:317 msg=eval reqs=26 score="[10 7 7 2 0]" criteria="[5 1 11 10]"
time=18:57:59.154 level=INFO msg=これまでに地域内の評判によって26人、既存ユーザーの招待経由で2人が新規登録しました
time=18:57:59.154 level=INFO msg=これまでに低評価なライドによって13人が利用をやめました
time=18:57:59.154 level=INFO msg=81.5%のライドは椅子がマッチされるまでの時間、96.3%のライドはマッチされた椅子が乗車地点までに掛かる時間、61.1%のライドは椅子の実移動時間に不満がありました
time=18:57:59.154 level=DEBUG source=/tmp/isucon14/bench/benchmarker/scenario/scenario.go:315 msg=時間経過 tick=900
time=18:57:59.154 level=DEBUG source=/tmp/isucon14/bench/benchmarker/scenario/scenario.go:317 msg=eval reqs=27 score="[11 7 7 2 0]" criteria="[5 1 11 10]"
time=18:57:59.156 level=INFO msg=一定の売上が立ったためオーナーの椅子が増加します 名前=椅子再生工房 増加数=1
time=18:58:00.955 level=DEBUG source=/tmp/isucon14/bench/benchmarker/scenario/scenario.go:315 msg=時間経過 tick=960
time=18:58:00.955 level=DEBUG source=/tmp/isucon14/bench/benchmarker/scenario/scenario.go:317 msg=eval reqs=27 score="[11 7 7 2 0]" criteria="[5 1 11 10]"
time=18:58:02.755 level=DEBUG source=/tmp/isucon14/bench/benchmarker/scenario/scenario.go:315 msg=時間経過 tick=1020
time=18:58:02.755 level=DEBUG source=/tmp/isucon14/bench/benchmarker/scenario/scenario.go:317 msg=eval reqs=34 score="[16 9 7 2 0]" criteria="[5 1 12 11]"
time=18:58:02.763 level=INFO msg=一定の売上が立ったためオーナーの椅子が増加します 名前=SwiftCab 増加数=1
time=18:58:02.801 level=INFO msg=一定の売上が立ったためオーナーの椅子が増加します 名前=座心工房 増加数=1
time=18:58:04.555 level=INFO msg=これまでに地域内の評判によって32人、既存ユーザーの招待経由で2人が新規登録しました
time=18:58:04.555 level=INFO msg=これまでに低評価なライドによって21人が利用をやめました
time=18:58:04.555 level=INFO msg=85.7%のライドは椅子がマッチされるまでの時間、97.1%のライドはマッチされた椅子が乗車地点までに掛かる時間、67.1%のライドは椅子の実移動時間に不満がありました
time=18:58:04.555 level=DEBUG source=/tmp/isucon14/bench/benchmarker/scenario/scenario.go:315 msg=時間経過 tick=1080
time=18:58:04.555 level=DEBUG source=/tmp/isucon14/bench/benchmarker/scenario/scenario.go:317 msg=eval reqs=35 score="[17 9 7 2 0]" criteria="[5 1 12 11]"
time=18:58:04.559 level=INFO msg=一定の売上が立ったためオーナーの椅子が増加します 名前=和やか交通 増加数=1
time=18:58:06.354 level=DEBUG source=/tmp/isucon14/bench/benchmarker/scenario/scenario.go:315 msg=時間経過 tick=1140
time=18:58:06.354 level=DEBUG source=/tmp/isucon14/bench/benchmarker/scenario/scenario.go:317 msg=eval reqs=37 score="[19 9 7 2 0]" criteria="[5 1 12 11]"
time=18:58:06.396 level=INFO msg=一定の売上が立ったためオーナーの椅子が増加します 名前=SwiftCab 増加数=1
time=18:58:06.401 level=INFO msg=一定の売上が立ったためオーナーの椅子が増加します 名前=木座デザイン 増加数=1
time=18:58:08.155 level=DEBUG source=/tmp/isucon14/bench/benchmarker/scenario/scenario.go:315 msg=時間経過 tick=1200
time=18:58:08.155 level=DEBUG source=/tmp/isucon14/bench/benchmarker/scenario/scenario.go:317 msg=eval reqs=39 score="[19 11 7 2 0]" criteria="[5 1 12 13]"
time=18:58:09.954 level=INFO msg=これまでに地域内の評判によって38人、既存ユーザーの招待経由で2人が新規登録しました
time=18:58:09.954 level=INFO msg=これまでに低評価なライドによって24人が利用をやめました
time=18:58:09.954 level=DEBUG source=/tmp/isucon14/bench/benchmarker/scenario/scenario.go:315 msg=時間経過 tick=1260
time=18:58:09.954 level=DEBUG source=/tmp/isucon14/bench/benchmarker/scenario/scenario.go:317 msg=eval reqs=39 score="[19 11 7 2 0]" criteria="[5 1 12 13]"
time=18:58:09.955 level=INFO msg=87.2%のライドは椅子がマッチされるまでの時間、97.4%のライドはマッチされた椅子が乗車地点までに掛かる時間、67.9%のライドは椅子の実移動時間に不満がありました
time=18:58:12.273 level=DEBUG source=/tmp/isucon14/bench/benchmarker/scenario/scenario.go:315 msg=時間経過 tick=1320
time=18:58:12.273 level=DEBUG source=/tmp/isucon14/bench/benchmarker/scenario/scenario.go:317 msg=eval reqs=39 score="[19 11 7 2 0]" criteria="[5 1 12 13]"
time=18:58:14.184 level=DEBUG source=/tmp/isucon14/bench/benchmarker/scenario/scenario.go:315 msg=時間経過 tick=1380
time=18:58:14.185 level=DEBUG source=/tmp/isucon14/bench/benchmarker/scenario/scenario.go:317 msg=eval reqs=40 score="[20 11 7 2 0]" criteria="[5 1 12 13]"
time=18:58:16.225 level=DEBUG source=/tmp/isucon14/bench/benchmarker/scenario/scenario.go:315 msg=時間経過 tick=1440
time=18:58:16.225 level=DEBUG source=/tmp/isucon14/bench/benchmarker/scenario/scenario.go:317 msg=eval reqs=42 score="[22 11 7 2 0]" criteria="[5 1 12 13]"
time=18:58:16.225 level=INFO msg=これまでに地域内の評判によって44人、既存ユーザーの招待経由で2人が新規登録しました
time=18:58:16.225 level=INFO msg=これまでに低評価なライドによって27人が利用をやめました
time=18:58:16.225 level=INFO msg=88.1%のライドは椅子がマッチされるまでの時間、97.6%のライドはマッチされた椅子が乗車地点までに掛かる時間、70.2%のライドは椅子の実移動時間に不満がありました
time=18:58:18.025 level=DEBUG source=/tmp/isucon14/bench/benchmarker/scenario/scenario.go:315 msg=時間経過 tick=1500
time=18:58:18.025 level=DEBUG source=/tmp/isucon14/bench/benchmarker/scenario/scenario.go:317 msg=eval reqs=46 score="[26 11 7 2 0]" criteria="[5 1 12 13]"
time=18:58:18.079 level=INFO msg=一定の売上が立ったためオーナーの椅子が増加します 名前=椅子再生工房 増加数=1
time=18:58:18.094 level=INFO msg=一定の売上が立ったためオーナーの椅子が増加します 名前=和やか交通 増加数=1
time=18:58:19.944 level=DEBUG source=/tmp/isucon14/bench/benchmarker/scenario/scenario.go:315 msg=時間経過 tick=1560
time=18:58:19.944 level=DEBUG source=/tmp/isucon14/bench/benchmarker/scenario/scenario.go:317 msg=eval reqs=49 score="[29 11 7 2 0]" criteria="[5 1 12 13]"
time=18:58:20.023 level=INFO msg=一定の売上が立ったためオーナーの椅子が増加します 名前=座心工房 増加数=1
time=18:58:21.744 level=INFO msg=これまでに地域内の評判によって50人、既存ユーザーの招待経由で2人が新規登録しました
time=18:58:21.744 level=INFO msg=これまでに低評価なライドによって36人が利用をやめました
time=18:58:21.744 level=INFO msg=90.2%のライドは椅子がマッチされるまでの時間、98.0%のライドはマッチされた椅子が乗車地点までに掛かる時間、75.5%のライドは椅子の実移動時間に不満がありました
time=18:58:21.744 level=DEBUG source=/tmp/isucon14/bench/benchmarker/scenario/scenario.go:315 msg=時間経過 tick=1620
time=18:58:21.744 level=DEBUG source=/tmp/isucon14/bench/benchmarker/scenario/scenario.go:317 msg=eval reqs=51 score="[31 11 7 2 0]" criteria="[5 1 12 13]"
time=18:58:21.803 level=INFO msg=一定の売上が立ったためオーナーの椅子が増加します 名前=SwiftCab 増加数=1
time=18:58:23.544 level=DEBUG source=/tmp/isucon14/bench/benchmarker/scenario/scenario.go:315 msg=時間経過 tick=1680
time=18:58:23.544 level=DEBUG source=/tmp/isucon14/bench/benchmarker/scenario/scenario.go:317 msg=eval reqs=52 score="[32 11 7 2 0]" criteria="[5 1 12 13]"
time=18:58:25.344 level=DEBUG source=/tmp/isucon14/bench/benchmarker/scenario/scenario.go:315 msg=時間経過 tick=1740
time=18:58:25.344 level=DEBUG source=/tmp/isucon14/bench/benchmarker/scenario/scenario.go:317 msg=eval reqs=54 score="[34 11 7 2 0]" criteria="[5 1 12 13]"
time=18:58:27.144 level=DEBUG source=/tmp/isucon14/bench/benchmarker/scenario/scenario.go:315 msg=時間経過 tick=1800
time=18:58:27.144 level=DEBUG source=/tmp/isucon14/bench/benchmarker/scenario/scenario.go:317 msg=eval reqs=57 score="[37 11 7 2 0]" criteria="[5 1 12 13]"
time=18:58:27.145 level=INFO msg=これまでに地域内の評判によって56人、既存ユーザーの招待経由で2人が新規登録しました
time=18:58:27.145 level=INFO msg=これまでに低評価なライドによって41人が利用をやめました
time=18:58:27.145 level=INFO msg=91.2%のライドは椅子がマッチされるまでの時間、98.2%のライドはマッチされた椅子が乗車地点までに掛かる時間、78.1%のライドは椅子の実移動時間に不満がありました
time=18:58:27.178 level=INFO msg=一定の売上が立ったためオーナーの椅子が増加します 名前=椅子再生工房 増加数=1
time=18:58:27.214 level=INFO msg=一定の売上が立ったためオーナーの椅子が増加します 名前=和やか交通 増加数=1
time=18:58:27.222 level=INFO msg=一定の売上が立ったためオーナーの椅子が増加します 名前=木座デザイン 増加数=1
time=18:58:28.945 level=DEBUG source=/tmp/isucon14/bench/benchmarker/scenario/scenario.go:315 msg=時間経過 tick=1860
time=18:58:28.945 level=DEBUG source=/tmp/isucon14/bench/benchmarker/scenario/scenario.go:317 msg=eval reqs=57 score="[37 11 7 2 0]" criteria="[5 1 12 13]"
time=18:58:30.745 level=DEBUG source=/tmp/isucon14/bench/benchmarker/scenario/scenario.go:315 msg=時間経過 tick=1920
time=18:58:30.745 level=DEBUG source=/tmp/isucon14/bench/benchmarker/scenario/scenario.go:317 msg=eval reqs=58 score="[38 11 7 2 0]" criteria="[5 1 12 13]"
time=18:58:37.096 level=INFO msg=最終地域情報 名前=チェアタウン ユーザー登録数=38 アクティブユーザー数=15
time=18:58:37.096 level=INFO msg=最終地域情報 名前=コシカケシティ ユーザー登録数=36 アクティブユーザー数=14
time=18:58:37.096 level=INFO msg=最終オーナー情報 名前=椅子再生工房 売上=70700 椅子数=8
time=18:58:37.096 level=INFO msg=最終オーナー情報 名前=座心工房 売上=70800 椅子数=8
time=18:58:37.096 level=INFO msg=最終オーナー情報 名前=SwiftCab 売上=60300 椅子数=7
time=18:58:37.096 level=INFO msg=最終オーナー情報 名前=和やか交通 売上=81100 椅子数=8
time=18:58:37.096 level=INFO msg=最終オーナー情報 名前=木座デザイン 売上=49900 椅子数=7
time=18:58:37.096 level=INFO msg=91.8%のライドは椅子がマッチされるまでの時間、98.4%のライドはマッチされた椅子が乗車地点までに掛かる時間、79.5%のライドは椅子の実移動時間に不満がありました
time=18:58:37.096 level=INFO msg=結果 pass=true スコア=6246 種別エラー数=map[26:1]
time=18:58:37.096 level=INFO msg=負荷走行が終了しました
