2026-09-26T09:57:30+00:00
COMMAND         %CPU   RSS
mysqld          50.2 925764
nginx            1.8  9712
nginx            1.8  9696
systemd-journal  1.4 188336
jbd2/sda1-8      0.7     0
rsyslogd         0.7  5532
rcu_preempt      0.3     0
kworker/0:1H-kb  0.2     0
kworker/1:1H-kb  0.2     0
2026-09-26T09:57:32+00:00
COMMAND         %CPU   RSS
mysqld          50.2 953368
bench            9.5 46248
nginx            1.8  9712
nginx            1.8  9696
systemd-journal  1.4 189724
jbd2/sda1-8      0.8     0
rsyslogd         0.7  5532
isuride          0.7 15180
rcu_preempt      0.3     0
2026-09-26T09:57:34+00:00
COMMAND         %CPU   RSS
mysqld          50.2 991556
bench            9.2 52524
isuride          2.2 15228
nginx            1.8  9712
nginx            1.8  9696
systemd-journal  1.4 191116
jbd2/sda1-8      0.8     0
rsyslogd         0.7  5532
rcu_preempt      0.3     0
2026-09-26T09:57:36+00:00
COMMAND         %CPU   RSS
mysqld          50.3 975048
bench           10.4 52668
isuride          3.7 15656
nginx            1.8  9712
nginx            1.8  9696
systemd-journal  1.4 192204
jbd2/sda1-8      0.8     0
rsyslogd         0.7  5532
rcu_preempt      0.3     0
2026-09-26T09:57:38+00:00
COMMAND         %CPU   RSS
mysqld          50.3 991464
bench           10.9 59040
isuride          5.0 16268
nginx            1.8  9712
nginx            1.8  9696
systemd-journal  1.4 193120
jbd2/sda1-8      0.8     0
rsyslogd         0.7  5532
rcu_preempt      0.3     0
2026-09-26T09:57:40+00:00
COMMAND         %CPU   RSS
mysqld          50.3 969868
bench           11.0 59576
isuride          6.2 16080
nginx            1.8  9712
nginx            1.8  9696
systemd-journal  1.4 196104
jbd2/sda1-8      0.8     0
rsyslogd         0.7  5532
rcu_preempt      0.3     0
2026-09-26T09:57:42+00:00
COMMAND         %CPU   RSS
mysqld          50.4 970920
bench           11.2 67048
isuride          7.3 16540
nginx            1.8  9712
nginx            1.8  9696
systemd-journal  1.4 199044
jbd2/sda1-8      0.8     0
rsyslogd         0.7  5532
rcu_preempt      0.3     0
2026-09-26T09:57:44+00:00
COMMAND         %CPU   RSS
mysqld          50.4 973108
curl            14.2 12084
bench           11.4 69060
isuride          8.3 17352
nginx            1.8  9712
nginx            1.8  9696
systemd-journal  1.4 200192
jbd2/sda1-8      0.8     0
rsyslogd         0.7  5532
2026-09-26T09:57:46+00:00
COMMAND         %CPU   RSS
mysqld          50.5 976224
bench           11.5 73576
isuride          9.2 16776
nginx            1.8  9712
nginx            1.8  9696
systemd-journal  1.4 201156
jbd2/sda1-8      0.8     0
rsyslogd         0.7  5532
rcu_preempt      0.3     0
2026-09-26T09:57:48+00:00
COMMAND         %CPU   RSS
mysqld          50.5 979300
bench           11.7 76756
isuride         10.1 17164
nginx            1.8  9712
nginx            1.8  9696
systemd-journal  1.4 202164
jbd2/sda1-8      0.8     0
rsyslogd         0.7  5532
rcu_preempt      0.3     0
2026-09-26T09:57:50+00:00
COMMAND         %CPU   RSS
mysqld          50.6 983044
bench           11.8 80312
isuride         10.8 17120
nginx            1.8  9712
nginx            1.8  9696
systemd-journal  1.4 205536
jbd2/sda1-8      0.8     0
rsyslogd         0.7  5532
rcu_preempt      0.3     0
2026-09-26T09:57:52+00:00
COMMAND         %CPU   RSS
mysqld          50.6 993528
bench           11.9 83436
isuride         11.5 17212
nginx            1.8  9712
nginx            1.8  9696
systemd-journal  1.4 208084
jbd2/sda1-8      0.8     0
rsyslogd         0.7  5532
rcu_preempt      0.3     0
2026-09-26T09:57:55+00:00
COMMAND         %CPU   RSS
mysqld          50.7 1008600
isuride         12.1 17944
bench           11.9 86356
nginx            1.8  9712
nginx            1.8  9696
systemd-journal  1.4 209240
jbd2/sda1-8      0.8     0
rsyslogd         0.7  5532
rcu_preempt      0.3     0
2026-09-26T09:57:57+00:00
COMMAND         %CPU   RSS
mysqld          50.7 1019468
isuride         12.7 18216
bench           11.9 93412
nginx            1.8  9712
nginx            1.8  9696
systemd-journal  1.4 210256
jbd2/sda1-8      0.8     0
rsyslogd         0.7  5532
rcu_preempt      0.3     0
2026-09-26T09:57:59+00:00
COMMAND         %CPU   RSS
mysqld          50.8 990736
isuride         13.2 17644
bench           11.8 96028
nginx            1.8  9712
nginx            1.8  9696
systemd-journal  1.4 213680
jbd2/sda1-8      0.8     0
rsyslogd         0.7  5532
rcu_preempt      0.3     0
2026-09-26T09:58:01+00:00
COMMAND         %CPU   RSS
mysqld          50.8 990736
isuride         13.7 17812
bench           11.8 98120
nginx            1.8  9712
nginx            1.8  9696
systemd-journal  1.4 215904
jbd2/sda1-8      0.8     0
rsyslogd         0.7  5532
rcu_preempt      0.3     0
2026-09-26T09:58:03+00:00
COMMAND         %CPU   RSS
mysqld          50.9 992852
isuride         14.1 18256
bench           11.8 98636
nginx            1.8  9712
nginx            1.8  9696
systemd-journal  1.4 217056
jbd2/sda1-8      0.8     0
rsyslogd         0.7  5532
rcu_preempt      0.3     0
2026-09-26T09:58:05+00:00
COMMAND         %CPU   RSS
mysqld          50.9 995856
isuride         14.5 18388
bench           11.7 105024
nginx            1.8  9712
nginx            1.8  9696
systemd-journal  1.4 218088
jbd2/sda1-8      0.8     0
rsyslogd         0.7  5532
rcu_preempt      0.3     0
2026-09-26T09:58:07+00:00
COMMAND         %CPU   RSS
mysqld          51.0 998068
isuride         14.8 18956
bench           11.8 108788
nginx            1.8  9712
nginx            1.8  9696
systemd-journal  1.4 218932
jbd2/sda1-8      0.8     0
rsyslogd         0.7  5532
rcu_preempt      0.3     0
2026-09-26T09:58:09+00:00
COMMAND         %CPU   RSS
mysqld          51.0 1000124
isuride         15.2 20136
bench           11.8 109148
nginx            1.8  9712
nginx            1.8  9696
systemd-journal  1.4 221628
jbd2/sda1-8      0.8     0
rsyslogd         0.7  5532
rcu_preempt      0.3     0
2026-09-26T09:58:11+00:00
COMMAND         %CPU   RSS
mysqld          51.1 1000580
isuride         15.6 20032
bench           12.4 114716
nginx            1.8  9712
nginx            1.8  9696
systemd-journal  1.4 223852
jbd2/sda1-8      0.8     0
rsyslogd         0.7  5532
rcu_preempt      0.3     0
2026-09-26T09:58:13+00:00
COMMAND         %CPU   RSS
mysqld          51.1 1035172
isuride         16.1 20168
bench           12.7 115132
nginx            1.8  9712
nginx            1.8  9696
systemd-journal  1.4 224028
jbd2/sda1-8      0.8     0
rsyslogd         0.7  5532
rcu_preempt      0.3     0
2026-09-26T09:58:15+00:00
COMMAND         %CPU   RSS
ps              60.0  3772
head            60.0  1708
mysqld          51.2 1002004
isuride         16.2 21052
bench           12.9 115764
nginx            1.8  9712
nginx            1.8  9696
systemd-journal  1.4 224632
jbd2/sda1-8      0.8     0
2026-09-26T09:58:17+00:00
COMMAND         %CPU   RSS
mysqld          51.3 1002476
isuride         16.3 20340
bench           12.9 116400
nginx            1.8  9712
nginx            1.8  9696
systemd-journal  1.4 225460
jbd2/sda1-8      0.8     0
rsyslogd         0.7  5532
rcu_preempt      0.3     0
2026-09-26T09:58:19+00:00
COMMAND         %CPU   RSS
mysqld          51.3 999848
isuride         16.6 19668
bench           13.2 121852
curl             7.1 12316
nginx            1.8  9712
nginx            1.8  9696
systemd-journal  1.4 226344
jbd2/sda1-8      0.8     0
rsyslogd         0.7  5532
2026-09-26T09:58:21+00:00
COMMAND         %CPU   RSS
mysqld          51.4 1029192
isuride         16.8 20192
bench           13.1 122508
nginx            1.8  9712
nginx            1.8  9696
systemd-journal  1.4 227120
jbd2/sda1-8      0.8     0
rsyslogd         0.7  5532
rcu_preempt      0.3     0
2026-09-26T09:58:23+00:00
COMMAND         %CPU   RSS
mysqld          51.4 1041824
isuride         17.0 19796
bench           13.1 128976
nginx            1.8  9712
nginx            1.8  9696
systemd-journal  1.4 228008
jbd2/sda1-8      0.8     0
rsyslogd         0.7  5532
rcu_preempt      0.3     0
2026-09-26T09:58:25+00:00
COMMAND         %CPU   RSS
mysqld          51.5 1086680
isuride         17.2 19964
bench           13.0 129512
nginx            1.8  9712
nginx            1.8  9696
systemd-journal  1.4 229252
jbd2/sda1-8      0.8     0
rsyslogd         0.7  5532
rcu_preempt      0.3     0
2026-09-26T09:58:27+00:00
COMMAND         %CPU   RSS
mysqld          51.5 997892
isuride         17.3 19892
bench           13.0 139512
nginx            1.8  9712
nginx            1.8  9696
systemd-journal  1.4 233100
jbd2/sda1-8      0.8     0
rsyslogd         0.7  5532
rcu_preempt      0.3     0
2026-09-26T09:58:29+00:00
COMMAND         %CPU   RSS
mysqld          51.6 997032
isuride         17.5 20268
bench           12.9 139568
nginx            1.8  9712
nginx            1.8  9696
systemd-journal  1.4 234580
jbd2/sda1-8      0.8     0
rsyslogd         0.7  5532
rcu_preempt      0.3     0
2026-09-26T09:58:31+00:00
COMMAND         %CPU   RSS
mysqld          51.7 995048
isuride         17.6 20624
bench           12.9 145376
nginx            1.8  9712
nginx            1.8  9696
systemd-journal  1.4 238264
jbd2/sda1-8      0.8     0
rsyslogd         0.7  5532
rcu_preempt      0.3     0
2026-09-26T09:58:33+00:00
COMMAND         %CPU   RSS
mysqld          51.7 984744
isuride         17.9 19124
bench           12.8 145652
nginx            1.8  9712
nginx            1.8  9696
systemd-journal  1.4 239824
jbd2/sda1-8      0.8     0
rsyslogd         0.7  5532
rcu_preempt      0.3     0
2026-09-26T09:58:35+00:00
COMMAND         %CPU   RSS
mysqld          51.7 984768
isuride         18.3 18636
bench           12.8 145708
nginx            1.9  9712
nginx            1.8  9696
systemd-journal  1.4 243000
jbd2/sda1-8      0.8     0
rsyslogd         0.7  5532
rcu_preempt      0.3     0
