procs -----------memory---------- ---swap-- -----io---- -system-- -------cpu------- -----timestamp-----
 r  b   swpd   free   buff  cache   si   so    bi    bo   in   cs us sy id wa st gu                 UTC
 4  0      0 806100  89120 2008664    0    0   192  6440 6965  123 28 12 60  1  0  0 2026-09-26 09:57:30
 2  0      0 760928  89120 2008900    0    0     0 53044 13793 27649 30 15 38 17  0  0 2026-09-26 09:57:31
 0  0      0 730568  89120 2009516    0    0     0  4924 14738 44074 69 13 17  1  0  0 2026-09-26 09:57:32
 2  0      0 692208  89120 2010148    0    0     0  4940 19548 60047 53 18 28  1  0  0 2026-09-26 09:57:33
11  0      0 699900  89120 2016060    0    0     0  7660 23267 68436 41 17 41  2  0  0 2026-09-26 09:57:34
10  0      0 692508  89120 2011912    0    0     0 19336 20271 69575 59 21 19  1  0  0 2026-09-26 09:57:35
32  0      0 688224  89120 2016680    0    0     0  8320 16838 54720 57 25 16  1  0  0 2026-09-26 09:57:36
 6  0      0 712732  89120 2013500    0    0     0 11748 19539 68845 59 24 16  1  0  0 2026-09-26 09:57:37
14  0      0 673948  89120 2018208    0    0     0 11996 16750 57539 62 26 10  2  0  0 2026-09-26 09:57:38
 2  0      0 704208  89120 2016928    0    0     0 12664 19489 71293 61 24 14  1  0  0 2026-09-26 09:57:39
 5  0      0 655660  89120 2017936    0    0     0 12620 17885 65844 63 25 11  1  0  0 2026-09-26 09:57:40
20  0      0 656372  89120 2018980    0    0     0 12868 19044 69127 59 26 13  2  0  0 2026-09-26 09:57:41
 1  0      0 657836  89120 2019928    0    0     0 13832 19280 66437 63 27  9  2  0  0 2026-09-26 09:57:42
31  1      0 657412  89120 2025352    0    0     0 15148 19401 71729 61 27 11  2  0  0 2026-09-26 09:57:43
16  1      0 657296  89120 2021996    0    0     0 14344 16013 55809 67 28  4  2  0  0 2026-09-26 09:57:44
10  0      0 650296  89120 2027424    0    0     0 28700 17287 57737 64 28  6  2  0  0 2026-09-26 09:57:45
18  0      0 636896  89120 2023992    0    0     0 19340 17206 61281 67 27  6  1  0  0 2026-09-26 09:57:46
22  0      0 601124  89120 2028200    0    0     0 16516 17354 59968 68 28  3  2  0  0 2026-09-26 09:57:47
20  0      0 606444  89120 2026884    0    0     0 15912 18171 66140 62 29  8  2  0  0 2026-09-26 09:57:48
22  0      0 573632  89120 2027856    0    0     0 14808 15369 54105 69 27  4  1  0  0 2026-09-26 09:57:49
25  1      0 582796  89120 2028952    0    0     0 19300 18540 71425 61 28  9  2  0  0 2026-09-26 09:57:50
procs -----------memory---------- ---swap-- -----io---- -system-- -------cpu------- -----timestamp-----
 r  b   swpd   free   buff  cache   si   so    bi    bo   in   cs us sy id wa st gu                 UTC
 6  1      0 604820  89120 2029888    0    0     0 15988 15849 56773 68 26  5  1  0  0 2026-09-26 09:57:51
30  0      0 607056  89120 2037608    0    0     0 18220 17472 64857 59 32  7  2  0  0 2026-09-26 09:57:52
21  0      0 616056  89120 2031956    0    0     0 17688 16488 59727 67 28  4  2  0  0 2026-09-26 09:57:53
13  0      0 591648  89120 2038036    0    0     0 17796 17055 62002 65 28  5  2  0  0 2026-09-26 09:57:54
20  0      0 597780  89120 2033784    0    0     0 29360 17308 59838 67 28  4  1  0  0 2026-09-26 09:57:55
15  0      0 564264  89120 2038764    0    0     0 17904 16497 63955 68 28  4  1  0  0 2026-09-26 09:57:56
24  0      0 569604  89120 2035996    0    0     0 17616 18107 70049 64 27  7  1  0  0 2026-09-26 09:57:57
14  1      0 521956  89120 2037548    0    0     0 15800 16365 57859 70 25  4  1  0  0 2026-09-26 09:57:58
 8  0      0 524444  89120 2038540    0    0     0 17688 17946 69175 63 31  5  1  0  0 2026-09-26 09:57:59
10  1      0 575656  89120 2039676    0    0     0 18352 17020 62391 69 27  4  1  0  0 2026-09-26 09:58:00
37  0      0 580384  89120 2049476    0    0     0 22532 19401 69917 62 27  8  3  0  0 2026-09-26 09:58:01
18  0      0 531556  89120 2041636    0    0     0 18072 17819 62642 66 29  4  1  0  0 2026-09-26 09:58:02
11  0      0 540664  89120 2048272    0    0     0 17452 18778 67701 65 29  5  2  0  0 2026-09-26 09:58:03
25  0      0 560904  89120 2043644    0    0     0 15228 17592 62571 65 26  8  2  0  0 2026-09-26 09:58:04
34  0      0 520780  89120 2050592    0    0     0 19288 17252 60648 66 28  5  1  0  0 2026-09-26 09:58:05
23  0      0 522360  89120 2045460    0    0     0 12624 14023 46382 65 30  4  2  0  0 2026-09-26 09:58:06
45  0      0 495020  89120 2049132    0    0     0 15996 15875 51053 72 26  2  1  0  0 2026-09-26 09:58:07
25  0      0 499020  89120 2047324    0    0     0 17504 17160 62704 64 28  6  2  0  0 2026-09-26 09:58:08
18  0      0 509396  89120 2052448    0    0     0 15388 14655 46341 67 28  3  2  0  0 2026-09-26 09:58:09
23  0      0 559764  89120 2048376    0    0     0  8732 9256 32044 64 34  2  1  0  0 2026-09-26 09:58:10
27  1      0 535700  89120 2056348    0    0     0 25520 4885 14589 66 31  2  2  0  0 2026-09-26 09:58:11
procs -----------memory---------- ---swap-- -----io---- -system-- -------cpu------- -----timestamp-----
 r  b   swpd   free   buff  cache   si   so    bi    bo   in   cs us sy id wa st gu                 UTC
75  2      0 533684  89120 2056064    0    0     0   368  682 1452 51 35  7  7  0  0 2026-09-26 09:58:12
53  1      0 507980  89120 2054488    0    0     0  9464 7574 26494 65 34  1  0  0  0 2026-09-26 09:58:13
12  0      0 501264  89120 2050512    0    0     0  5852 6304 22267 69 30  1  1  0  0 2026-09-26 09:58:14
37  0      0 514068  89120 2059808    0    0     0  3624 3884 13419 62 32  6  0  0  0 2026-09-26 09:58:15
13  0      0 553212  89120 2051536    0    0     0 23296 13702 49796 71 27  2  1  0  0 2026-09-26 09:58:16
19  0      0 474092  89120 2055472    0    0     0 16224 17440 58334 70 28  1  1  0  0 2026-09-26 09:58:17
 5  1      0 474092  89120 2053172    0    0     0 12068 12593 46068 61 32  7  1  0  0 2026-09-26 09:58:18
27  0      0 484176  89120 2059828    0    0     0  7208 10201 32905 70 29  0  1  0  0 2026-09-26 09:58:19
48  1      0 518964  89120 2073376    0    0     0 15904 14487 51053 69 28  3  0  0  0 2026-09-26 09:58:20
32  1      0 539860  89120 2055320    0    0     0 15112 15548 52457 71 27  2  1  0  0 2026-09-26 09:58:21
30  0      0 500756  89120 2069056    0    0     0 14296 15705 53034 69 26  4  1  0  0 2026-09-26 09:58:23
13  0      0 481712  89120 2057064    0    0     0 15996 17003 56923 70 28  2  1  0  0 2026-09-26 09:58:24
25  0      0 482020  89120 2066748    0    0     0 14404 13086 47524 69 29  2  1  0  0 2026-09-26 09:58:25
21  0      0 495080  89120 2059412    0    0     0 10112 12654 41945 67 30  3  1  0  0 2026-09-26 09:58:26
58  1      0 434852  89120 2063576    0    0     0 15824 14657 54039 72 26  2  0  0  0 2026-09-26 09:58:27
33  0      0 456548  89120 2061328    0    0     0 17428 18144 64955 67 28  4  2  0  0 2026-09-26 09:58:28
23  0      0 412692  89120 2067092    0    0     0 14308 17381 54377 71 27  2  1  0  0 2026-09-26 09:58:29
 9  0      0 430424  89120 2078408    0    0     0 16864 17490 60375 65 30  4  2  0  0 2026-09-26 09:58:30
45  0      0 514764  89120 2066472    0    0     0 16152 15756 52969 70 29  2  1  0  0 2026-09-26 09:58:31
22  0      0 508676  89120 2081360    0    0     0 35928 15714 57146 67 29  3  1  0  0 2026-09-26 09:58:32
10  0      0 454528  89120 2068444    0    0     0  6392 16367 65214 74 22  4  1  0  0 2026-09-26 09:58:33
procs -----------memory---------- ---swap-- -----io---- -system-- -------cpu------- -----timestamp-----
 r  b   swpd   free   buff  cache   si   so    bi    bo   in   cs us sy id wa st gu                 UTC
15  0      0 477252  89120 2069348    0    0     0  1000 17054 67104 68 24  8  0  0  0 2026-09-26 09:58:34
 5  0      0 484748  89120 2070128    0    0     0   740 13909 57315 70 24  6  0  0  0 2026-09-26 09:58:35
13  0      0 490600  89120 2071876    0    0     0   440 15536 72003 66 20 13  0  0  0 2026-09-26 09:58:36
36  0      0 494668  89120 2074468    0    0     0 17792 16303 71646 68 20 12  0  0  0 2026-09-26 09:58:37
