2026-09-26T15:11:18+00:00
COMMAND         %CPU   RSS
mysqld          15.3 1081716
nginx            0.8 15684
nginx            0.8 15892
systemd-journal  0.5 253252
rsyslogd         0.2  5276
jbd2/sda1-8      0.2     0
rcu_preempt      0.1     0
kworker/0:1H-kb  0.1     0
kworker/1:1H-kb  0.1     0
2026-09-26T15:11:20+00:00
COMMAND         %CPU   RSS
mysqld          15.3 1084232
bench            9.0 49684
isuride          1.0 15028
nginx            0.8 15684
nginx            0.8 15892
systemd-journal  0.5 254868
rsyslogd         0.2  5276
jbd2/sda1-8      0.2     0
rcu_preempt      0.1     0
2026-09-26T15:11:22+00:00
COMMAND         %CPU   RSS
mysqld          15.3 1085324
bench           13.7 66568
isuride          3.2 16064
nginx            0.8 15684
nginx            0.8 15892
systemd-journal  0.5 256776
rsyslogd         0.2  5276
jbd2/sda1-8      0.2     0
rcu_preempt      0.1     0
2026-09-26T15:11:24+00:00
COMMAND         %CPU   RSS
bench           17.9 97908
mysqld          15.4 1088880
isuride          5.6 17268
nginx            0.8 15684
nginx            0.8 15892
systemd-journal  0.5 258564
rsyslogd         0.2  5276
jbd2/sda1-8      0.2     0
rcu_preempt      0.1     0
2026-09-26T15:11:26+00:00
COMMAND         %CPU   RSS
bench           19.5 119040
mysqld          15.4 1091396
isuride          7.7 17540
nginx            0.8 15684
nginx            0.8 15892
systemd-journal  0.5 264088
rsyslogd         0.2  5264
jbd2/sda1-8      0.2     0
rcu_preempt      0.1     0
2026-09-26T15:11:28+00:00
COMMAND         %CPU   RSS
bench           20.2 148900
mysqld          15.4 1093660
isuride          9.9 18828
nginx            0.8 15684
nginx            0.8 15892
systemd-journal  0.5 266388
rsyslogd         0.2  5264
jbd2/sda1-8      0.2     0
rcu_preempt      0.1     0
2026-09-26T15:11:30+00:00
COMMAND         %CPU   RSS
bench           20.2 160436
mysqld          15.4 1097388
isuride         12.0 19144
nginx            0.8 15684
nginx            0.8 15892
systemd-journal  0.5 269756
rsyslogd         0.2  5264
jbd2/sda1-8      0.2     0
rcu_preempt      0.1     0
2026-09-26T15:11:32+00:00
COMMAND         %CPU   RSS
bench           19.9 164096
curl            16.6 12324
mysqld          15.4 1101776
isuride         13.7 20136
nginx            0.8 15684
nginx            0.8 15892
systemd-journal  0.5 274512
rsyslogd         0.2  5272
jbd2/sda1-8      0.2     0
2026-09-26T15:11:34+00:00
COMMAND         %CPU   RSS
bench           19.5 176348
mysqld          15.4 1106196
isuride         15.0 20316
nginx            0.8 15684
nginx            0.8 15892
systemd-journal  0.5 276224
rsyslogd         0.2  5272
jbd2/sda1-8      0.2     0
rcu_preempt      0.1     0
2026-09-26T15:11:36+00:00
COMMAND         %CPU   RSS
bench           19.5 180844
isuride         16.4 20432
mysqld          15.4 1110160
nginx            0.8 15684
nginx            0.8 15892
systemd-journal  0.5 276224
rsyslogd         0.2  5272
jbd2/sda1-8      0.2     0
rcu_preempt      0.1     0
2026-09-26T15:11:38+00:00
COMMAND         %CPU   RSS
bench           19.6 190424
isuride         17.6 21656
mysqld          15.4 1114256
nginx            0.8 15684
nginx            0.8 15892
systemd-journal  0.5 276224
rsyslogd         0.2  5272
jbd2/sda1-8      0.2     0
rcu_preempt      0.1     0
2026-09-26T15:11:40+00:00
COMMAND         %CPU   RSS
bench           19.8 194452
isuride         18.9 21816
mysqld          15.4 1117056
nginx            0.8 15684
nginx            0.8 15892
systemd-journal  0.5 276224
rsyslogd         0.2  5272
jbd2/sda1-8      0.2     0
rcu_preempt      0.1     0
2026-09-26T15:11:42+00:00
COMMAND         %CPU   RSS
isuride         20.1 21828
bench           19.8 199064
mysqld          15.4 1120784
nginx            0.8 15684
nginx            0.8 15892
systemd-journal  0.5 276296
rsyslogd         0.2  5272
jbd2/sda1-8      0.2     0
rcu_preempt      0.1     0
2026-09-26T15:11:44+00:00
COMMAND         %CPU   RSS
isuride         21.0 23432
bench           19.9 210480
mysqld          15.4 1122832
nginx            0.8 15684
nginx            0.8 15892
systemd-journal  0.5 281692
rsyslogd         0.2  5272
jbd2/sda1-8      0.2     0
rcu_preempt      0.1     0
2026-09-26T15:11:46+00:00
COMMAND         %CPU   RSS
isuride         22.0 22072
bench           19.8 228920
mysqld          15.4 1125012
nginx            0.8 15684
nginx            0.8 15892
systemd-journal  0.5 283840
rsyslogd         0.2  5272
jbd2/sda1-8      0.2     0
rcu_preempt      0.1     0
2026-09-26T15:11:48+00:00
COMMAND         %CPU   RSS
isuride         22.7 24688
bench           19.9 231140
mysqld          15.4 1126228
nginx            0.8 15684
nginx            0.8 15892
systemd-journal  0.5 288744
rsyslogd         0.2  5272
jbd2/sda1-8      0.2     0
rcu_preempt      0.1     0
2026-09-26T15:11:50+00:00
COMMAND         %CPU   RSS
isuride         23.4 24060
bench           19.9 241796
mysqld          15.4 1127572
curl             7.1 12324
nginx            0.8 15684
nginx            0.8 15892
systemd-journal  0.5 291584
rsyslogd         0.2  5272
jbd2/sda1-8      0.2     0
2026-09-26T15:11:52+00:00
COMMAND         %CPU   RSS
isuride         23.9 26360
bench           19.8 255056
mysqld          15.5 1129560
nginx            0.8 15684
nginx            0.8 15892
systemd-journal  0.5 293316
rsyslogd         0.2  5272
jbd2/sda1-8      0.2     0
rcu_preempt      0.1     0
2026-09-26T15:11:54+00:00
COMMAND         %CPU   RSS
isuride         24.4 25912
bench           19.9 265280
mysqld          15.5 1130644
nginx            0.8 15684
nginx            0.8 15892
systemd-journal  0.5 298516
rsyslogd         0.2  5272
jbd2/sda1-8      0.2     0
rcu_preempt      0.1     0
2026-09-26T15:11:56+00:00
COMMAND         %CPU   RSS
isuride         24.8 27900
bench           19.8 274436
mysqld          15.5 1131144
curl             3.3 12324
nginx            0.8 15684
nginx            0.8 15892
systemd-journal  0.5 300812
rsyslogd         0.2  5272
jbd2/sda1-8      0.2     0
2026-09-26T15:11:58+00:00
COMMAND         %CPU   RSS
isuride         25.4 27792
bench           19.9 282712
mysqld          15.5 1131968
nginx            0.8 15684
nginx            0.8 15892
systemd-journal  0.5 301372
rsyslogd         0.2  5272
jbd2/sda1-8      0.2     0
rcu_preempt      0.1     0
2026-09-26T15:12:00+00:00
COMMAND         %CPU   RSS
isuride         25.8 27264
bench           19.8 290616
mysqld          15.5 1135056
nginx            0.8 15684
nginx            0.8 15892
systemd-journal  0.5 301372
rsyslogd         0.2  5272
jbd2/sda1-8      0.2     0
rcu_preempt      0.1     0
2026-09-26T15:12:02+00:00
COMMAND         %CPU   RSS
isuride         26.3 28000
bench           19.9 303692
mysqld          15.5 1135980
nginx            0.8 15684
nginx            0.8 15892
systemd-journal  0.5 301372
rsyslogd         0.2  5272
jbd2/sda1-8      0.2     0
rcu_preempt      0.1     0
2026-09-26T15:12:04+00:00
COMMAND         %CPU   RSS
isuride         26.7 29684
bench           19.9 305976
mysqld          15.5 1136084
curl             4.0 12320
nginx            0.8 15684
nginx            0.8 15892
systemd-journal  0.5 301372
rsyslogd         0.2  5272
jbd2/sda1-8      0.2     0
2026-09-26T15:12:06+00:00
COMMAND         %CPU   RSS
isuride         27.0 30700
bench           20.1 331812
mysqld          15.5 1138144
curl             3.3 12308
nginx            0.8 15684
nginx            0.8 15892
systemd-journal  0.5 301372
rsyslogd         0.2  5248
jbd2/sda1-8      0.2     0
2026-09-26T15:12:08+00:00
COMMAND         %CPU   RSS
isuride         27.4 31568
bench           20.1 334060
mysqld          15.5 1140348
nginx            0.8 15684
nginx            0.8 15892
systemd-journal  0.5 301372
rsyslogd         0.2  5248
jbd2/sda1-8      0.2     0
rcu_preempt      0.1     0
2026-09-26T15:12:10+00:00
COMMAND         %CPU   RSS
isuride         27.7 32124
bench           20.2 353480
mysqld          15.5 1141392
curl             3.5 12324
nginx            0.8 15684
nginx            0.8 15892
systemd-journal  0.5 301372
rsyslogd         0.2  5248
jbd2/sda1-8      0.2     0
2026-09-26T15:12:12+00:00
COMMAND         %CPU   RSS
isuride         28.0 32560
bench           20.3 355852
mysqld          15.5 1142460
nginx            0.8 15684
nginx            0.8 15892
systemd-journal  0.5 301548
rsyslogd         0.2  5248
jbd2/sda1-8      0.2     0
rcu_preempt      0.1     0
2026-09-26T15:12:14+00:00
COMMAND         %CPU   RSS
isuride         28.3 33616
bench           20.4 381432
mysqld          15.5 1142572
nginx            0.8 15684
nginx            0.8 15892
systemd-journal  0.5 303188
rsyslogd         0.2  5240
jbd2/sda1-8      0.2     0
rcu_preempt      0.1     0
2026-09-26T15:12:16+00:00
COMMAND         %CPU   RSS
isuride         28.5 35960
bench           20.4 382144
mysqld          15.5 1142712
curl             1.3 12324
nginx            0.8 15684
nginx            0.8 15892
systemd-journal  0.5 308968
rsyslogd         0.2  5240
jbd2/sda1-8      0.2     0
2026-09-26T15:12:18+00:00
COMMAND         %CPU   RSS
isuride         28.7 36224
bench           20.4 383756
mysqld          15.6 1143796
nginx            0.8 15684
nginx            0.8 15892
systemd-journal  0.5 167180
rsyslogd         0.2  5240
jbd2/sda1-8      0.2     0
rcu_preempt      0.1     0
2026-09-26T15:12:20+00:00
COMMAND         %CPU   RSS
isuride         29.0 31156
bench           20.4 408888
mysqld          15.6 1143816
curl             6.2 12324
nginx            0.8 15684
nginx            0.8 15892
systemd-journal  0.5 169076
rsyslogd         0.2  5240
jbd2/sda1-8      0.2     0
2026-09-26T15:12:22+00:00
COMMAND         %CPU   RSS
isuride         29.4 29840
bench           20.3 408888
mysqld          15.6 1143816
nginx            0.9 15684
nginx            0.8 15892
systemd-journal  0.5 174636
rsyslogd         0.2  5240
jbd2/sda1-8      0.2     0
rcu_preempt      0.1     0
