procs -----------memory---------- ---swap-- -----io---- -system-- -------cpu------- -----timestamp-----
 r  b   swpd   free   buff  cache   si   so    bi    bo   in   cs us sy id wa st gu                 UTC
 1  1      0 522096  69020 2135160    0    0    73  2627 2792   50 11  5 84  0  0  0 2026-09-26 15:11:18
11  0      0 480900  69028 2166812    0    0   432 64364 17937 37485 31 12 41 17  0  0 2026-09-26 15:11:19
 0  1      0 477092  69028 2168292    0    0     0 11152 23447 70052 24 18 56  2  0  0 2026-09-26 15:11:20
 6  0      0 471868  69028 2170056    0    0     0 15852 27035 89971 37 25 35  3  0  0 2026-09-26 15:11:21
 9  0      0 457544  69028 2172204    0    0     4 21768 25932 103644 45 32 18  5  0  0 2026-09-26 15:11:22
16  1      0 438768  69028 2175072    0    0     0 26936 25325 107824 50 35 12  3  0  0 2026-09-26 15:11:23
13  0      0 415952  69028 2178076    0    0     0 26724 23700 103234 52 39  7  2  0  0 2026-09-26 15:11:24
19  1      0 395608  69028 2182032    0    0     4 49296 22003 93667 50 36 10  4  0  0 2026-09-26 15:11:25
 9  0      0 379760  69028 2185876    0    0     0 27760 22470 102008 55 38  5  2  0  0 2026-09-26 15:11:26
27  0      0 364416  69028 2188792    0    0     0 28564 22788 102807 54 40  5  2  0  0 2026-09-26 15:11:27
29  0      0 341260  69028 2191452    0    0     0 31024 22622 100370 55 41  3  1  0  0 2026-09-26 15:11:28
21  0      0 332692  69028 2194408    0    0     0 29184 23425 98632 54 43  3  1  0  0 2026-09-26 15:11:29
31  0      0 317880  69028 2198128    0    0     4 30680 22434 100525 55 43  2  1  0  0 2026-09-26 15:11:30
17  0      0 304524  69028 2201104    0    0     0 28392 21239 97691 56 41  3  1  0  0 2026-09-26 15:11:31
23  1      0 301008  69028 2203848    0    0     0 26584 22720 96958 53 36  8  3  0  0 2026-09-26 15:11:32
27  0      0 281856  69028 2206220    0    0     0 28680 22287 90345 51 36  7  5  0  0 2026-09-26 15:11:33
34  1      0 280060  69028 2211572    0    0     4 28844 20014 94910 53 39  5  3  0  0 2026-09-26 15:11:34
46  0      0 268804  69028 2213560    0    0     0 52420 21861 93304 54 39  4  3  0  0 2026-09-26 15:11:35
 5  1      0 262560  69028 2215508    0    0     0 29036 21497 96711 55 43  2  1  0  0 2026-09-26 15:11:36
 6  1      0 256288  69028 2217552    0    0     0 28328 21744 92760 52 39  6  4  0  0 2026-09-26 15:11:37
42  1      0 247448  69028 2220220    0    0     0 33720 21736 98940 58 41  1  0  0  0 2026-09-26 15:11:38
procs -----------memory---------- ---swap-- -----io---- -system-- -------cpu------- -----timestamp-----
 r  b   swpd   free   buff  cache   si   so    bi    bo   in   cs us sy id wa st gu                 UTC
25  1      0 242156  69028 2221608    0    0     4 28720 19633 96790 53 44  2  1  0  0 2026-09-26 15:11:39
 5  0      0 230816  69028 2224812    0    0     0 45844 22529 99224 54 44  2  1  0  0 2026-09-26 15:11:40
 9  1      0 221028  69028 2228032    0    0     0 29548 21923 100483 55 44  1  0  0  0 2026-09-26 15:11:41
 6  1      0 215236  69028 2230316    0    0     0 29620 21095 102313 54 43  2  1  0  0 2026-09-26 15:11:42
49  0      0 201628  69028 2233416    0    0     4 31336 22176 97244 56 43  1  0  0  0 2026-09-26 15:11:43
 6  0      0 198212  69028 2236208    0    0     0 29600 19647 95598 55 42  2  1  0  0 2026-09-26 15:11:44
48  1      0 192708  69028 2239280    0    0     0 33776 18962 99034 55 40  4  2  0  0 2026-09-26 15:11:45
26  1      0 174100  69028 2242200    0    0     0 25668 21466 102035 61 38  2  0  0  0 2026-09-26 15:11:46
11  0      0 164356  69028 2245904    0    0     4 28208 21054 91326 54 43  2  1  0  0 2026-09-26 15:11:47
25  0      0 160888  69028 2247988    0    0     0 52500 20182 95151 55 40  4  2  0  0 2026-09-26 15:11:48
21  1      0 144760  69028 2250772    0    0     0 29604 19954 93981 54 40  4  2  0  0 2026-09-26 15:11:49
26  1      0 140984  69028 2253464    0    0     0 28224 22150 95914 53 40  5  2  0  0 2026-09-26 15:11:50
 5  1      0 133508  69028 2256056    0    0     0 31068 21492 89897 54 36  6  4  0  0 2026-09-26 15:11:51
13  1      0 124108  69028 2258656    0    0     4 30496 18181 95149 53 40  4  3  0  0 2026-09-26 15:11:52
 7  1      0 104704  69028 2261328    0    0     0 54832 19534 90238 56 39  4  1  0  0 2026-09-26 15:11:53
52  0      0 101456  69028 2265104    0    0     0 29640 19999 94005 57 40  2  1  0  0 2026-09-26 15:11:54
45  0      0  94696  69028 2268784    0    0     0 33308 20603 96174 56 38  4  3  0  0 2026-09-26 15:11:55
38  0      0  89432  69028 2271476    0    0     4 30420 21695 94813 53 38  6  3  0  0 2026-09-26 15:11:56
25  1      0 124228  67892 2229348    0    0     0 28232 20410 86595 56 38  4  2  0  0 2026-09-26 15:11:57
19  1      0 118304  67892 2231516    0    0     0 32356 20596 91747 57 39  3  2  0  0 2026-09-26 15:11:58
36  0      0 112868  67892 2233392    0    0     0 27464 23182 91231 53 37  5  4  0  0 2026-09-26 15:11:59
procs -----------memory---------- ---swap-- -----io---- -system-- -------cpu------- -----timestamp-----
 r  b   swpd   free   buff  cache   si   so    bi    bo   in   cs us sy id wa st gu                 UTC
47  0      0 102596  67892 2235320    0    0     0 26672 19829 90493 57 39  3  2  0  0 2026-09-26 15:12:00
66  1      0  91972  67892 2237416    0    0     4 26956 20430 90128 56 40  3  1  0  0 2026-09-26 15:12:01
20  1      0  83576  67892 2239308    0    0     0 27824 19827 93118 57 39  3  2  0  0 2026-09-26 15:12:02
41  1      0  78220  67892 2241428    0    0     0 47740 19385 96214 54 41  4  2  0  0 2026-09-26 15:12:03
23  0      0  84600  67880 2226016    0    0     0 24904 19898 86007 58 38  3  1  0  0 2026-09-26 15:12:04
26  1      0 111416  67708 2188988    0    0    12 28896 21327 97594 55 39  4  3  0  0 2026-09-26 15:12:05
11  1      0  91200  67712 2191188    0    0     4 31932 20465 93312 57 38  4  2  0  0 2026-09-26 15:12:06
55  1      0  91188  67724 2193624    0    0    36 26652 21178 91208 57 37  4  2  0  0 2026-09-26 15:12:07
60  0      0  83492  67732 2195572    0    0     0 26968 19738 97741 57 40  3  1  0  0 2026-09-26 15:12:08
10  1      0  73372  67736 2198060    0    0     0 27556 19468 90594 59 35  5  2  0  0 2026-09-26 15:12:09
23  0      0  85372  67704 2177492    0    0     0 28016 19668 98492 56 41  3  1  0  0 2026-09-26 15:12:10
53  0      0  75100  67704 2179532    0    0     4 23976 21698 97823 57 37  5  1  0  0 2026-09-26 15:12:11
53  1      0  74348  67712 2181656    0    0     0 25424 21982 94355 58 34  5  3  0  0 2026-09-26 15:12:12
43  1      0  88124  67712 2160596    0    0     0 24820 20634 91303 58 38  3  1  0  0 2026-09-26 15:12:13
40  1      0  76504  67716 2154596    0    0     0 25916 21144 89072 57 37  4  2  0  0 2026-09-26 15:12:14
 6  0      0  80548  67644 2145436    0    0     0 31892 19790 95845 54 42  3  2  0  0 2026-09-26 15:12:15
41  0      0  72816  67648 2148948    0    0     4 31976 21563 95670 55 38  4  2  0  0 2026-09-26 15:12:16
19  1      0  83144  67652 2138996    0    0     0 27256 20643 92049 58 38  3  1  0  0 2026-09-26 15:12:17
14  0      0  84732  67676 2136612    0    0    16 61896 20524 84322 55 41  3  1  0  0 2026-09-26 15:12:18
 5  0      0  76764  67684 2139604    0    0     4 32732 20280 93029 54 39  5  3  0  0 2026-09-26 15:12:19
59  0      0  88912  67632 2117304    0    0     0 16472 17496 98198 58 34  6  2  0  0 2026-09-26 15:12:20
procs -----------memory---------- ---swap-- -----io---- -system-- -------cpu------- -----timestamp-----
 r  b   swpd   free   buff  cache   si   so    bi    bo   in   cs us sy id wa st gu                 UTC
14  0      0  87948  67632 2119768    0    0     0  4424 20451 106316 64 31  5  0  0  0 2026-09-26 15:12:21
 2  0      0  84284  67632 2123772    0    0     0  3508 20561 106516 64 31  6  0  0  0 2026-09-26 15:12:22
33  0      0  79304  67632 2126024    0    0     0  2064 18054 105094 68 27  5  0  0  0 2026-09-26 15:12:23
