time=18:53:45.553 level=DEBUG source=/tmp/isucon14/bench/cmd/run.go:90 msg=target targetURL=https://isuride.xiv.isucon.net targetAddr=127.0.0.1:443 benchrun.GetTargetAddress()="" paymentURL=http://127.0.0.1:12346
time=18:53:45.553 level=INFO msg=負荷走行を開始します
time=18:53:49.280 level=DEBUG source=/tmp/isucon14/bench/benchmarker/scenario/scenario.go:315 msg=時間経過 tick=60
time=18:53:49.280 level=DEBUG source=/tmp/isucon14/bench/benchmarker/scenario/scenario.go:317 msg=eval reqs=0 score="[0 0 0 0 0]" criteria="[0 0 0 0]"
time=18:53:51.079 level=DEBUG source=/tmp/isucon14/bench/benchmarker/scenario/scenario.go:315 msg=時間経過 tick=120
time=18:53:51.079 level=DEBUG source=/tmp/isucon14/bench/benchmarker/scenario/scenario.go:317 msg=eval reqs=0 score="[0 0 0 0 0]" criteria="[0 0 0 0]"
time=18:53:52.880 level=INFO msg=これまでに地域内の評判によって0人、既存ユーザーの招待経由で0人が新規登録しました
time=18:53:52.880 level=INFO msg=0.0%のライドは椅子がマッチされるまでの時間、100.0%のライドはマッチされた椅子が乗車地点までに掛かる時間、50.0%のライドは椅子の実移動時間に不満がありました
time=18:53:52.880 level=DEBUG source=/tmp/isucon14/bench/benchmarker/scenario/scenario.go:315 msg=時間経過 tick=180
time=18:53:52.880 level=DEBUG source=/tmp/isucon14/bench/benchmarker/scenario/scenario.go:317 msg=eval reqs=3 score="[0 0 3 0 0]" criteria="[3 0 2 1]"
time=18:53:54.679 level=DEBUG source=/tmp/isucon14/bench/benchmarker/scenario/scenario.go:315 msg=時間経過 tick=240
time=18:53:54.679 level=DEBUG source=/tmp/isucon14/bench/benchmarker/scenario/scenario.go:317 msg=eval reqs=4 score="[0 1 3 0 0]" criteria="[3 0 2 2]"
time=18:53:56.479 level=DEBUG source=/tmp/isucon14/bench/benchmarker/scenario/scenario.go:315 msg=時間経過 tick=300
time=18:53:56.479 level=DEBUG source=/tmp/isucon14/bench/benchmarker/scenario/scenario.go:317 msg=eval reqs=7 score="[1 1 5 0 0]" criteria="[3 2 4 2]"
time=18:53:56.512 level=INFO msg=一定の売上が立ったためオーナーの椅子が増加します 名前=瞬道タクシー 増加数=1
time=18:53:58.279 level=DEBUG source=/tmp/isucon14/bench/benchmarker/scenario/scenario.go:315 msg=時間経過 tick=360
time=18:53:58.279 level=DEBUG source=/tmp/isucon14/bench/benchmarker/scenario/scenario.go:317 msg=eval reqs=9 score="[2 1 6 0 0]" criteria="[3 2 5 3]"
time=18:53:58.279 level=INFO msg=これまでに地域内の評判によって6人、既存ユーザーの招待経由で0人が新規登録しました
time=18:53:58.280 level=INFO msg=66.7%のライドは椅子がマッチされるまでの時間、77.8%のライドはマッチされた椅子が乗車地点までに掛かる時間、55.6%のライドは椅子の実移動時間に不満がありました
time=18:54:00.080 level=DEBUG source=/tmp/isucon14/bench/benchmarker/scenario/scenario.go:315 msg=時間経過 tick=420
time=18:54:00.080 level=DEBUG source=/tmp/isucon14/bench/benchmarker/scenario/scenario.go:317 msg=eval reqs=9 score="[2 1 6 0 0]" criteria="[3 2 5 3]"
time=18:54:01.879 level=DEBUG source=/tmp/isucon14/bench/benchmarker/scenario/scenario.go:315 msg=時間経過 tick=480
time=18:54:01.879 level=DEBUG source=/tmp/isucon14/bench/benchmarker/scenario/scenario.go:317 msg=eval reqs=9 score="[2 1 6 0 0]" criteria="[3 2 5 3]"
time=18:54:03.680 level=DEBUG source=/tmp/isucon14/bench/benchmarker/scenario/scenario.go:315 msg=時間経過 tick=540
time=18:54:03.680 level=DEBUG source=/tmp/isucon14/bench/benchmarker/scenario/scenario.go:317 msg=eval reqs=9 score="[2 1 6 0 0]" criteria="[3 2 5 3]"
time=18:54:03.680 level=INFO msg=これまでに地域内の評判によって12人、既存ユーザーの招待経由で0人が新規登録しました
time=18:54:03.680 level=INFO msg=66.7%のライドは椅子がマッチされるまでの時間、77.8%のライドはマッチされた椅子が乗車地点までに掛かる時間、55.6%のライドは椅子の実移動時間に不満がありました
time=18:54:05.479 level=DEBUG source=/tmp/isucon14/bench/benchmarker/scenario/scenario.go:315 msg=時間経過 tick=600
time=18:54:05.479 level=DEBUG source=/tmp/isucon14/bench/benchmarker/scenario/scenario.go:317 msg=eval reqs=10 score="[3 1 6 0 0]" criteria="[3 2 5 3]"
time=18:54:07.369 level=DEBUG source=/tmp/isucon14/bench/benchmarker/scenario/scenario.go:315 msg=時間経過 tick=660
time=18:54:07.369 level=DEBUG source=/tmp/isucon14/bench/benchmarker/scenario/scenario.go:317 msg=eval reqs=12 score="[4 2 6 0 0]" criteria="[4 2 5 3]"
time=18:54:07.420 level=INFO msg=一定の売上が立ったためオーナーの椅子が増加します 名前="ReSit & Renew" 増加数=1
time=18:54:09.209 level=INFO msg=これまでに地域内の評判によって18人、既存ユーザーの招待経由で0人が新規登録しました
time=18:54:09.209 level=INFO msg=これまでに低評価なライドによって4人が利用をやめました
time=18:54:09.209 level=INFO msg=69.2%のライドは椅子がマッチされるまでの時間、84.6%のライドはマッチされた椅子が乗車地点までに掛かる時間、69.2%のライドは椅子の実移動時間に不満がありました
time=18:54:09.208 level=DEBUG source=/tmp/isucon14/bench/benchmarker/scenario/scenario.go:315 msg=時間経過 tick=720
time=18:54:09.209 level=DEBUG source=/tmp/isucon14/bench/benchmarker/scenario/scenario.go:317 msg=eval reqs=13 score="[5 2 6 0 0]" criteria="[4 2 5 3]"
time=18:54:09.736 level=INFO msg=一定の売上が立ったためオーナーの椅子が増加します 名前=瞬道タクシー 増加数=1
time=18:54:10.999 level=DEBUG source=/tmp/isucon14/bench/benchmarker/scenario/scenario.go:315 msg=時間経過 tick=780
time=18:54:10.999 level=DEBUG source=/tmp/isucon14/bench/benchmarker/scenario/scenario.go:317 msg=eval reqs=13 score="[5 2 6 0 0]" criteria="[4 2 5 3]"
time=18:54:12.919 level=DEBUG source=/tmp/isucon14/bench/benchmarker/scenario/scenario.go:315 msg=時間経過 tick=840
time=18:54:12.920 level=DEBUG source=/tmp/isucon14/bench/benchmarker/scenario/scenario.go:317 msg=eval reqs=14 score="[6 2 6 0 0]" criteria="[4 2 5 3]"
time=18:54:14.719 level=DEBUG source=/tmp/isucon14/bench/benchmarker/scenario/scenario.go:315 msg=時間経過 tick=900
time=18:54:14.719 level=DEBUG source=/tmp/isucon14/bench/benchmarker/scenario/scenario.go:317 msg=eval reqs=15 score="[7 2 6 0 0]" criteria="[4 2 5 3]"
time=18:54:14.719 level=INFO msg=これまでに地域内の評判によって24人、既存ユーザーの招待経由で0人が新規登録しました
time=18:54:14.719 level=INFO msg=これまでに低評価なライドによって6人が利用をやめました
time=18:54:14.719 level=INFO msg=73.3%のライドは椅子がマッチされるまでの時間、86.7%のライドはマッチされた椅子が乗車地点までに掛かる時間、73.3%のライドは椅子の実移動時間に不満がありました
time=18:54:16.519 level=DEBUG source=/tmp/isucon14/bench/benchmarker/scenario/scenario.go:315 msg=時間経過 tick=960
time=18:54:16.519 level=DEBUG source=/tmp/isucon14/bench/benchmarker/scenario/scenario.go:317 msg=eval reqs=16 score="[8 2 6 0 0]" criteria="[4 2 5 3]"
time=18:54:16.626 level=INFO msg=一定の売上が立ったためオーナーの椅子が増加します 名前=椅子やいちば 増加数=1
time=18:54:18.319 level=DEBUG source=/tmp/isucon14/bench/benchmarker/scenario/scenario.go:315 msg=時間経過 tick=1020
time=18:54:18.319 level=DEBUG source=/tmp/isucon14/bench/benchmarker/scenario/scenario.go:317 msg=eval reqs=16 score="[8 2 6 0 0]" criteria="[4 2 5 3]"
time=18:54:20.179 level=INFO msg=これまでに地域内の評判によって30人、既存ユーザーの招待経由で0人が新規登録しました
time=18:54:20.179 level=INFO msg=これまでに低評価なライドによって7人が利用をやめました
time=18:54:20.179 level=INFO msg=75.0%のライドは椅子がマッチされるまでの時間、87.5%のライドはマッチされた椅子が乗車地点までに掛かる時間、75.0%のライドは椅子の実移動時間に不満がありました
time=18:54:20.179 level=DEBUG source=/tmp/isucon14/bench/benchmarker/scenario/scenario.go:315 msg=時間経過 tick=1080
time=18:54:20.179 level=DEBUG source=/tmp/isucon14/bench/benchmarker/scenario/scenario.go:317 msg=eval reqs=16 score="[8 2 6 0 0]" criteria="[4 2 5 3]"
time=18:54:21.979 level=DEBUG source=/tmp/isucon14/bench/benchmarker/scenario/scenario.go:315 msg=時間経過 tick=1140
time=18:54:21.979 level=DEBUG source=/tmp/isucon14/bench/benchmarker/scenario/scenario.go:317 msg=eval reqs=17 score="[9 2 6 0 0]" criteria="[4 2 5 3]"
time=18:54:23.809 level=DEBUG source=/tmp/isucon14/bench/benchmarker/scenario/scenario.go:315 msg=時間経過 tick=1200
time=18:54:23.809 level=DEBUG source=/tmp/isucon14/bench/benchmarker/scenario/scenario.go:317 msg=eval reqs=17 score="[9 2 6 0 0]" criteria="[4 2 5 3]"
time=18:54:25.610 level=INFO msg=これまでに地域内の評判によって34人、既存ユーザーの招待経由で0人が新規登録しました
time=18:54:25.610 level=INFO msg=これまでに低評価なライドによって9人が利用をやめました
time=18:54:25.610 level=INFO msg=80.0%のライドは椅子がマッチされるまでの時間、90.0%のライドはマッチされた椅子が乗車地点までに掛かる時間、80.0%のライドは椅子の実移動時間に不満がありました
time=18:54:25.610 level=DEBUG source=/tmp/isucon14/bench/benchmarker/scenario/scenario.go:315 msg=時間経過 tick=1260
time=18:54:25.610 level=DEBUG source=/tmp/isucon14/bench/benchmarker/scenario/scenario.go:317 msg=eval reqs=20 score="[12 2 6 0 0]" criteria="[4 2 5 3]"
time=18:54:25.793 level=INFO msg=一定の売上が立ったためオーナーの椅子が増加します 名前=瞬道タクシー 増加数=1
time=18:54:27.409 level=DEBUG source=/tmp/isucon14/bench/benchmarker/scenario/scenario.go:315 msg=時間経過 tick=1320
time=18:54:27.409 level=DEBUG source=/tmp/isucon14/bench/benchmarker/scenario/scenario.go:317 msg=eval reqs=21 score="[12 3 6 0 0]" criteria="[4 3 5 3]"
time=18:54:29.210 level=DEBUG source=/tmp/isucon14/bench/benchmarker/scenario/scenario.go:315 msg=時間経過 tick=1380
time=18:54:29.210 level=DEBUG source=/tmp/isucon14/bench/benchmarker/scenario/scenario.go:317 msg=eval reqs=23 score="[14 3 6 0 0]" criteria="[4 3 5 3]"
time=18:54:29.312 level=INFO msg=一定の売上が立ったためオーナーの椅子が増加します 名前=再座堂 増加数=1
time=18:54:31.009 level=INFO msg=これまでに地域内の評判によって38人、既存ユーザーの招待経由で0人が新規登録しました
time=18:54:31.009 level=INFO msg=これまでに低評価なライドによって14人が利用をやめました
time=18:54:31.009 level=INFO msg=83.3%のライドは椅子がマッチされるまでの時間、83.3%のライドはマッチされた椅子が乗車地点までに掛かる時間、83.3%のライドは椅子の実移動時間に不満がありました
time=18:54:31.009 level=DEBUG source=/tmp/isucon14/bench/benchmarker/scenario/scenario.go:315 msg=時間経過 tick=1440
time=18:54:31.009 level=DEBUG source=/tmp/isucon14/bench/benchmarker/scenario/scenario.go:317 msg=eval reqs=24 score="[14 4 6 0 0]" criteria="[4 4 5 3]"
time=18:54:32.809 level=DEBUG source=/tmp/isucon14/bench/benchmarker/scenario/scenario.go:315 msg=時間経過 tick=1500
time=18:54:32.809 level=DEBUG source=/tmp/isucon14/bench/benchmarker/scenario/scenario.go:317 msg=eval reqs=25 score="[15 4 6 0 0]" criteria="[4 4 5 3]"
time=18:54:32.893 level=INFO msg=一定の売上が立ったためオーナーの椅子が増加します 名前="PreLoved Chairs" 増加数=1
time=18:54:34.639 level=DEBUG source=/tmp/isucon14/bench/benchmarker/scenario/scenario.go:315 msg=時間経過 tick=1560
time=18:54:34.639 level=DEBUG source=/tmp/isucon14/bench/benchmarker/scenario/scenario.go:317 msg=eval reqs=25 score="[15 4 6 0 0]" criteria="[4 4 5 3]"
time=18:54:36.440 level=INFO msg=これまでに地域内の評判によって44人、既存ユーザーの招待経由で0人が新規登録しました
time=18:54:36.440 level=INFO msg=これまでに低評価なライドによって17人が利用をやめました
time=18:54:36.440 level=INFO msg=85.7%のライドは椅子がマッチされるまでの時間、85.7%のライドはマッチされた椅子が乗車地点までに掛かる時間、85.7%のライドは椅子の実移動時間に不満がありました
time=18:54:36.440 level=DEBUG source=/tmp/isucon14/bench/benchmarker/scenario/scenario.go:315 msg=時間経過 tick=1620
time=18:54:36.440 level=DEBUG source=/tmp/isucon14/bench/benchmarker/scenario/scenario.go:317 msg=eval reqs=28 score="[18 4 6 0 0]" criteria="[4 4 5 3]"
time=18:54:38.240 level=DEBUG source=/tmp/isucon14/bench/benchmarker/scenario/scenario.go:315 msg=時間経過 tick=1680
time=18:54:38.240 level=DEBUG source=/tmp/isucon14/bench/benchmarker/scenario/scenario.go:317 msg=eval reqs=28 score="[18 4 6 0 0]" criteria="[4 4 5 3]"
time=18:54:40.040 level=DEBUG source=/tmp/isucon14/bench/benchmarker/scenario/scenario.go:315 msg=時間経過 tick=1740
time=18:54:40.040 level=DEBUG source=/tmp/isucon14/bench/benchmarker/scenario/scenario.go:317 msg=eval reqs=28 score="[18 4 6 0 0]" criteria="[4 4 5 3]"
time=18:54:41.839 level=DEBUG source=/tmp/isucon14/bench/benchmarker/scenario/scenario.go:315 msg=時間経過 tick=1800
time=18:54:41.839 level=DEBUG source=/tmp/isucon14/bench/benchmarker/scenario/scenario.go:317 msg=eval reqs=29 score="[19 4 6 0 0]" criteria="[4 4 5 3]"
time=18:54:41.839 level=INFO msg=これまでに地域内の評判によって50人、既存ユーザーの招待経由で0人が新規登録しました
time=18:54:41.839 level=INFO msg=これまでに低評価なライドによって19人が利用をやめました
time=18:54:41.839 level=INFO msg=86.2%のライドは椅子がマッチされるまでの時間、86.2%のライドはマッチされた椅子が乗車地点までに掛かる時間、86.2%のライドは椅子の実移動時間に不満がありました
time=18:54:43.640 level=DEBUG source=/tmp/isucon14/bench/benchmarker/scenario/scenario.go:315 msg=時間経過 tick=1860
time=18:54:43.640 level=DEBUG source=/tmp/isucon14/bench/benchmarker/scenario/scenario.go:317 msg=eval reqs=31 score="[21 4 6 0 0]" criteria="[4 4 5 3]"
time=18:54:44.047 level=INFO msg=一定の売上が立ったためオーナーの椅子が増加します 名前=椅子やいちば 増加数=1
time=18:54:45.440 level=DEBUG source=/tmp/isucon14/bench/benchmarker/scenario/scenario.go:315 msg=時間経過 tick=1920
time=18:54:45.440 level=DEBUG source=/tmp/isucon14/bench/benchmarker/scenario/scenario.go:317 msg=eval reqs=31 score="[21 4 6 0 0]" criteria="[4 4 5 3]"
time=18:54:47.269 level=DEBUG source=/tmp/isucon14/bench/benchmarker/scenario/scenario.go:315 msg=時間経過 tick=1980
time=18:54:47.270 level=DEBUG source=/tmp/isucon14/bench/benchmarker/scenario/scenario.go:317 msg=eval reqs=31 score="[21 4 6 0 0]" criteria="[4 4 5 3]"
time=18:54:47.270 level=INFO msg=これまでに地域内の評判によって56人、既存ユーザーの招待経由で0人が新規登録しました
time=18:54:47.270 level=INFO msg=これまでに低評価なライドによって21人が利用をやめました
time=18:54:47.270 level=INFO msg=87.1%のライドは椅子がマッチされるまでの時間、87.1%のライドはマッチされた椅子が乗車地点までに掛かる時間、87.1%のライドは椅子の実移動時間に不満がありました
time=18:54:52.490 level=INFO msg=最終地域情報 名前=チェアタウン ユーザー登録数=36 アクティブユーザー数=23
time=18:54:52.496 level=INFO msg=最終地域情報 名前=コシカケシティ ユーザー登録数=32 アクティブユーザー数=24
time=18:54:52.496 level=INFO msg=最終オーナー情報 名前=再座堂 売上=24100 椅子数=5
time=18:54:52.496 level=INFO msg=最終オーナー情報 名前="PreLoved Chairs" 売上=31500 椅子数=5
time=18:54:52.496 level=INFO msg=最終オーナー情報 名前="ReSit & Renew" 売上=35200 椅子数=5
time=18:54:52.496 level=INFO msg=最終オーナー情報 名前=瞬道タクシー 売上=60300 椅子数=7
time=18:54:52.496 level=INFO msg=最終オーナー情報 名前=椅子やいちば 売上=38400 椅子数=6
time=18:54:52.497 level=INFO msg=87.9%のライドは椅子がマッチされるまでの時間、87.9%のライドはマッチされた椅子が乗車地点までに掛かる時間、87.9%のライドは椅子の実移動時間に不満がありました
time=18:54:52.500 level=INFO msg=結果 pass=true スコア=3305 種別エラー数=map[]
time=18:54:52.502 level=INFO msg=負荷走行が終了しました
