2026-09-26T09:53:45+00:00
COMMAND         %CPU   RSS
mysqld          48.7 899464
nginx            1.7  9712
nginx            1.7  9696
systemd-journal  1.3 271084
jbd2/sda1-8      0.7     0
rsyslogd         0.6  5532
rcu_preempt      0.2     0
kworker/1:1H-kb  0.2     0
kworker/0:1H-kb  0.2     0
2026-09-26T09:53:47+00:00
COMMAND         %CPU   RSS
mysqld          48.7 900616
bench           14.3 40712
nginx            1.7  9712
nginx            1.7  9696
systemd-journal  1.3 271108
jbd2/sda1-8      0.7     0
rsyslogd         0.6  5532
isuride          0.3 11004
rcu_preempt      0.2     0
2026-09-26T09:53:49+00:00
COMMAND         %CPU   RSS
mysqld          48.7 900848
bench           16.6 50904
isuride          2.2 15256
nginx            1.7  9712
nginx            1.7  9696
systemd-journal  1.3 272212
jbd2/sda1-8      0.7     0
rsyslogd         0.6  5532
rcu_preempt      0.2     0
2026-09-26T09:53:51+00:00
COMMAND         %CPU   RSS
mysqld          48.7 901148
bench           16.8 51636
isuride          4.1 15548
nginx            1.7  9712
nginx            1.7  9696
systemd-journal  1.3 273128
jbd2/sda1-8      0.7     0
rsyslogd         0.7  5532
rcu_preempt      0.2     0
2026-09-26T09:53:53+00:00
COMMAND         %CPU   RSS
mysqld          48.8 901580
bench           17.1 51984
curl             8.3 12304
isuride          5.9 16076
nginx            1.7  9712
nginx            1.7  9696
systemd-journal  1.3 273844
jbd2/sda1-8      0.7     0
rsyslogd         0.7  5532
2026-09-26T09:53:55+00:00
COMMAND         %CPU   RSS
mysqld          48.8 902232
bench           17.2 54920
isuride          7.6 15928
nginx            1.7  9712
nginx            1.7  9696
systemd-journal  1.3 274436
jbd2/sda1-8      0.7     0
rsyslogd         0.7  5532
rcu_preempt      0.2     0
2026-09-26T09:53:57+00:00
COMMAND         %CPU   RSS
mysqld          48.9 903908
bench           17.1 58436
isuride          8.7 16404
nginx            1.7  9712
nginx            1.7  9696
systemd-journal  1.3 275176
jbd2/sda1-8      0.7     0
rsyslogd         0.7  5532
rcu_preempt      0.2     0
2026-09-26T09:53:59+00:00
COMMAND         %CPU   RSS
mysqld          48.9 905044
bench           17.4 62192
isuride          9.8 16560
nginx            1.7  9712
nginx            1.7  9696
systemd-journal  1.3 275808
jbd2/sda1-8      0.7     0
rsyslogd         0.7  5532
rcu_preempt      0.2     0
2026-09-26T09:54:01+00:00
COMMAND         %CPU   RSS
mysqld          49.0 906820
bench           17.4 64916
isuride         11.0 16584
nginx            1.7  9712
nginx            1.7  9696
systemd-journal  1.3 277784
jbd2/sda1-8      0.7     0
rsyslogd         0.7  5532
rcu_preempt      0.2     0
2026-09-26T09:54:03+00:00
COMMAND         %CPU   RSS
mysqld          49.0 908548
bench           17.4 68144
isuride         12.0 16976
nginx            1.7  9712
nginx            1.7  9696
systemd-journal  1.3 280504
jbd2/sda1-8      0.7     0
rsyslogd         0.7  5532
rcu_preempt      0.2     0
2026-09-26T09:54:05+00:00
COMMAND         %CPU   RSS
mysqld          49.0 910800
bench           17.6 68736
isuride         13.0 17472
curl             2.1 12316
nginx            1.7  9712
nginx            1.7  9696
systemd-journal  1.3 281524
jbd2/sda1-8      0.7     0
rsyslogd         0.7  5532
2026-09-26T09:54:07+00:00
COMMAND         %CPU   RSS
mysqld          49.1 912444
bench           17.8 73480
isuride         13.8 17568
nginx            1.7  9712
nginx            1.7  9696
systemd-journal  1.3 282084
jbd2/sda1-8      0.7     0
rsyslogd         0.7  5532
rcu_preempt      0.2     0
2026-09-26T09:54:09+00:00
COMMAND         %CPU   RSS
mysqld          49.1 914352
bench           17.8 76664
isuride         14.4 17824
nginx            1.7  9712
nginx            1.7  9696
systemd-journal  1.3 282464
jbd2/sda1-8      0.7     0
rsyslogd         0.7  5532
rcu_preempt      0.2     0
2026-09-26T09:54:11+00:00
COMMAND         %CPU   RSS
ps              70.0  3772
mysqld          49.2 916408
bench           18.2 79360
isuride         15.1 18080
nginx            1.7  9712
nginx            1.7  9696
systemd-journal  1.3 282604
jbd2/sda1-8      0.7     0
rsyslogd         0.7  5532
2026-09-26T09:54:13+00:00
COMMAND         %CPU   RSS
mysqld          49.2 918536
bench           18.7 80124
isuride         15.7 19120
curl             7.8 11852
nginx            1.7  9712
nginx            1.7  9696
systemd-journal  1.3 282804
jbd2/sda1-8      0.7     0
rsyslogd         0.7  5532
2026-09-26T09:54:15+00:00
COMMAND         %CPU   RSS
mysqld          49.3 921448
bench           18.8 84564
isuride         16.1 19984
nginx            1.7  9712
nginx            1.7  9696
systemd-journal  1.3 283248
jbd2/sda1-8      0.7     0
rsyslogd         0.7  5532
rcu_preempt      0.2     0
2026-09-26T09:54:17+00:00
COMMAND         %CPU   RSS
mysqld          49.3 924520
bench           18.7 84716
isuride         16.6 20836
curl             9.0 12316
nginx            1.7  9712
nginx            1.7  9696
systemd-journal  1.3 283688
jbd2/sda1-8      0.7     0
rsyslogd         0.7  5532
2026-09-26T09:54:19+00:00
COMMAND         %CPU   RSS
mysqld          49.4 928332
bench           18.8 94888
isuride         17.0 19712
curl             7.1 12316
nginx            1.8  9712
nginx            1.7  9696
systemd-journal  1.3 284080
jbd2/sda1-8      0.7     0
rsyslogd         0.7  5532
2026-09-26T09:54:21+00:00
COMMAND         %CPU   RSS
mysqld          49.4 931092
bench           18.9 95828
isuride         17.5 20484
curl             4.2 12316
nginx            1.8  9712
nginx            1.7  9696
systemd-journal  1.3 284524
jbd2/sda1-8      0.7     0
rsyslogd         0.7  5532
2026-09-26T09:54:23+00:00
COMMAND         %CPU   RSS
mysqld          49.5 930616
bench           19.0 96644
isuride         17.9 20348
curl            10.8 12308
nginx            1.8  9712
nginx            1.7  9696
systemd-journal  1.3 284876
jbd2/sda1-8      0.7     0
rsyslogd         0.7  5532
2026-09-26T09:54:25+00:00
COMMAND         %CPU   RSS
mysqld          49.5 934084
bench           19.2 102004
isuride         18.3 20804
nginx            1.8  9712
nginx            1.7  9696
systemd-journal  1.3 286896
jbd2/sda1-8      0.7     0
rsyslogd         0.7  5532
rcu_preempt      0.2     0
2026-09-26T09:54:28+00:00
COMMAND         %CPU   RSS
mysqld          49.6 936264
bench           19.0 102076
isuride         18.7 20516
nginx            1.8  9712
nginx            1.7  9696
systemd-journal  1.3 288664
jbd2/sda1-8      0.7     0
rsyslogd         0.7  5532
rcu_preempt      0.2     0
2026-09-26T09:54:30+00:00
COMMAND         %CPU   RSS
mysqld          49.6 935692
curl            25.0 12068
bench           19.0 106920
isuride         19.0 20252
nginx            1.8  9712
nginx            1.7  9696
systemd-journal  1.3 289712
jbd2/sda1-8      0.7     0
rsyslogd         0.7  5532
2026-09-26T09:54:32+00:00
COMMAND         %CPU   RSS
mysqld          49.6 938368
isuride         19.3 20208
bench           19.1 108828
curl             5.8 11980
nginx            1.8  9712
nginx            1.7  9696
systemd-journal  1.3 290400
jbd2/sda1-8      0.7     0
rsyslogd         0.7  5532
2026-09-26T09:54:34+00:00
COMMAND         %CPU   RSS
mysqld          49.7 938640
isuride         19.7 20024
bench           19.1 109548
curl             7.4 11880
nginx            1.8  9712
nginx            1.7  9696
systemd-journal  1.3 291056
jbd2/sda1-8      0.7     0
rsyslogd         0.7  5532
2026-09-26T09:54:36+00:00
COMMAND         %CPU   RSS
mysqld          49.7 943920
isuride         19.9 20508
bench           19.1 115356
nginx            1.8  9712
nginx            1.7  9696
systemd-journal  1.3 291468
jbd2/sda1-8      0.7     0
rsyslogd         0.7  5532
rcu_preempt      0.2     0
2026-09-26T09:54:38+00:00
COMMAND         %CPU   RSS
mysqld          49.8 940228
isuride         20.2 20340
bench           19.2 115680
nginx            1.8  9712
nginx            1.7  9696
systemd-journal  1.3 291908
jbd2/sda1-8      0.7     0
rsyslogd         0.7  5532
rcu_preempt      0.2     0
2026-09-26T09:54:40+00:00
COMMAND         %CPU   RSS
mysqld          49.8 937572
isuride         20.6 20756
bench           19.1 116328
curl            10.0 12316
nginx            1.8  9712
nginx            1.8  9696
systemd-journal  1.3 292232
jbd2/sda1-8      0.7     0
rsyslogd         0.7  5532
2026-09-26T09:54:42+00:00
COMMAND         %CPU   RSS
mysqld          49.9 927736
isuride         20.9 20196
bench           19.1 123364
nginx            1.8  9712
nginx            1.8  9696
systemd-journal  1.3 292752
jbd2/sda1-8      0.7     0
rsyslogd         0.7  5532
rcu_preempt      0.2     0
2026-09-26T09:54:44+00:00
COMMAND         %CPU   RSS
mysqld          49.9 928920
isuride         21.1 20780
bench           19.2 123768
curl             6.6 12316
nginx            1.8  9712
nginx            1.8  9696
systemd-journal  1.3 293128
jbd2/sda1-8      0.7     0
rsyslogd         0.7  5532
2026-09-26T09:54:46+00:00
COMMAND         %CPU   RSS
ps              54.5  3772
mysqld          50.0 925244
isuride         21.4 21148
bench           19.2 124032
curl             7.1 11608
nginx            1.8  9712
nginx            1.8  9696
systemd-journal  1.3 293864
jbd2/sda1-8      0.7     0
2026-09-26T09:54:48+00:00
COMMAND         %CPU   RSS
mysqld          50.0 927328
isuride         21.7 21060
bench           19.1 124660
nginx            1.8  9712
nginx            1.8  9696
systemd-journal  1.3 295556
jbd2/sda1-8      0.7     0
rsyslogd         0.7  5532
rcu_preempt      0.2     0
2026-09-26T09:54:50+00:00
COMMAND         %CPU   RSS
ps               100  3772
mysqld          50.1 924716
isuride         22.0 19828
bench           19.3 126660
nginx            1.8  9712
nginx            1.8  9696
systemd-journal  1.3 296264
jbd2/sda1-8      0.7     0
rsyslogd         0.7  5532
2026-09-26T09:54:52+00:00
COMMAND         %CPU   RSS
ps               100  3768
mysqld          50.1 924740
isuride         22.3 19828
bench           19.4 131816
nginx            1.8  9712
nginx            1.8  9696
systemd-journal  1.3 296692
jbd2/sda1-8      0.7     0
rsyslogd         0.7  5532
