procs -----------memory---------- ---swap-- -----io---- -system-- -------cpu------- -----timestamp-----
 r  b   swpd   free   buff  cache   si   so    bi    bo   in   cs us sy id wa st gu                 UTC
 2  0      0 923328  89120 1920112    0    0   208  6411 6931  124 27 11 61  0  0  0 2026-09-26 09:53:45
 2  1      0 910336  89120 1896836    0    0     0 17616 7807 13537 30 17 39 15  0  0 2026-09-26 09:53:46
 1  0      0 900776  89120 1919256    0    0     0 37616 12404 23981 30 16 38 16  0  0 2026-09-26 09:53:47
21  1      0 893480  89120 1919672    0    0     0  3524 9648 26758 77 20  3  1  0  0 2026-09-26 09:53:48
 9  0      0 891264  89120 1920332    0    0     0  6176 13387 41211 56 24 17  2  0  0 2026-09-26 09:53:49
 2  0      0 894804  89120 1920836    0    0     0 23112 15724 47256 55 26 16  3  0  0 2026-09-26 09:53:50
24  0      0 893828  89120 1921424    0    0     0  8520 13846 41004 58 29 10  2  0  0 2026-09-26 09:53:51
 7  1      0 893828  89120 1921884    0    0     0  8948 13449 40284 64 29  6  1  0  0 2026-09-26 09:53:52
 9  0      0 891308  89120 1922508    0    0     0  9476 13389 40226 66 28  4  2  0  0 2026-09-26 09:53:53
10  0      0 892524  89120 1922928    0    0     0  7184 10374 30133 63 32  4  2  0  0 2026-09-26 09:53:54
 3  1      0 886252  89120 1923584    0    0     0 12660 15844 51915 63 30  5  2  0  0 2026-09-26 09:53:55
 7  0      0 887060  89120 1924496    0    0     0 12324 15568 54086 60 27 10  3  0  0 2026-09-26 09:53:56
 8  0      0 881556  89120 1926160    0    0     0 10724 13880 45257 71 25  3  1  0  0 2026-09-26 09:53:57
15  0      0 876040  89120 1928116    0    0     0 11148 15584 50182 65 28  6  1  0  0 2026-09-26 09:53:58
13  1      0 871504  89120 1928548    0    0     0  8684 12191 35942 69 28  3  0  0  0 2026-09-26 09:53:59
33  0      0 869992  89120 1929304    0    0     0 13960 12898 43251 60 32  6  2  0  0 2026-09-26 09:54:00
23  0      0 866240  89120 1930152    0    0     0 11628 13106 40402 62 29  7  2  0  0 2026-09-26 09:54:01
41  1      0 863528  89120 1930796    0    0     0 11432 13256 42167 64 30  5  1  0  0 2026-09-26 09:54:02
25  0      0 859764  89120 1931416    0    0     0 11592 13635 40919 62 32  4  2  0  0 2026-09-26 09:54:03
 2  1      0 860468  89120 1932112    0    0     0 13700 15000 48569 63 30  5  2  0  0 2026-09-26 09:54:04
20  1      0 851912  89120 1932612    0    0     0 29524 10728 32836 62 36  2  1  0  0 2026-09-26 09:54:05
procs -----------memory---------- ---swap-- -----io---- -system-- -------cpu------- -----timestamp-----
 r  b   swpd   free   buff  cache   si   so    bi    bo   in   cs us sy id wa st gu                 UTC
13  1      0 849924  89120 1932964    0    0     0  8844 10654 31919 62 35  2  1  0  0 2026-09-26 09:54:06
40  0      0 847696  89120 1933272    0    0     0  7188 8979 26891 63 33  2  1  0  0 2026-09-26 09:54:07
59  0      0 841408  89120 1933900    0    0     0 13368 13511 41359 64 31  4  1  0  0 2026-09-26 09:54:08
26  1      0 841408  89120 1934216    0    0     0  3344 5523 13588 65 34  1  0  0  0 2026-09-26 09:54:09
36  0      0 836528  89120 1935384    0    0     0 12816 6853 15577 60 38  2  1  0  0 2026-09-26 09:54:10
53  1      0 833504  89120 1935572    0    0     0  3072 5015 12128 65 34  1  0  0  0 2026-09-26 09:54:11
10  0      0 830480  89120 1935688    0    0     0  1364 3084 6300 57 41  1  1  0  0 2026-09-26 09:54:12
23  0      0 831644  89120 1935800    0    0     0  4148 6047 15391 64 32  3  1  0  0 2026-09-26 09:54:13
13  1      0 825596  89120 1936084    0    0     0  6492 8956 24706 65 33  2  1  0  0 2026-09-26 09:54:14
 9  1      0 825060  89120 1936608    0    0     0 10896 11462 36252 66 30  3  2  0  0 2026-09-26 09:54:15
33  1      0 817528  89120 1937028    0    0     0  9740 11294 35356 68 30  2  0  0  0 2026-09-26 09:54:16
14  0      0 818316  89120 1937444    0    0     0  9400 11469 33994 66 31  3  1  0  0 2026-09-26 09:54:17
18  0      0 812268  89120 1937936    0    0     0  7240 9993 27494 67 30  2  1  0  0 2026-09-26 09:54:18
 9  1      0 805408  89120 1938336    0    0     0  7496 9188 29224 65 32  3  1  0  0 2026-09-26 09:54:19
15  0      0 797400  89120 1938756    0    0     0 19712 10729 31217 63 33  3  2  0  0 2026-09-26 09:54:20
19  0      0 797148  89120 1939260    0    0     0  8560 11434 33719 68 31  1  0  0  0 2026-09-26 09:54:21
32  1      0 792360  89120 1939604    0    0     0  8300 10946 33412 65 32  3  1  0  0 2026-09-26 09:54:22
13  1      0 792360  89120 1940060    0    0     0  8976 11143 30832 66 31  2  1  0  0 2026-09-26 09:54:23
36  0      0 792108  89120 1940380    0    0     0  5840 7626 21776 62 34  2  1  0  0 2026-09-26 09:54:24
48  1      0 784800  89120 1940728    0    0     0 13684 11258 33788 67 32  1  1  0  0 2026-09-26 09:54:25
10  1      0 784640  89120 1941380    0    0     0 12852 12296 38599 62 33  4  2  0  0 2026-09-26 09:54:26
procs -----------memory---------- ---swap-- -----io---- -system-- -------cpu------- -----timestamp-----
 r  b   swpd   free   buff  cache   si   so    bi    bo   in   cs us sy id wa st gu                 UTC
14  0      0 779112  89120 1941712    0    0     0  6976 10455 28793 66 31  2  1  0  0 2026-09-26 09:54:27
32  0      0 778608  89120 1942188    0    0     0  9896 11372 33600 64 32  3  1  0  0 2026-09-26 09:54:28
33  1      0 779976  89120 1942588    0    0     0 10964 10359 29092 65 32  2  1  0  0 2026-09-26 09:54:29
13  0      0 773676  89120 1943048    0    0     0 10640 11686 33917 62 33  4  1  0  0 2026-09-26 09:54:30
11  0      0 769672  89120 1944428    0    0     0 12664 12029 34711 62 33  4  2  0  0 2026-09-26 09:54:31
11  1      0 765640  89120 1944944    0    0     0 10424 11102 33560 67 31  2  1  0  0 2026-09-26 09:54:32
37  1      0 765640  89120 1945568    0    0     0 10640 11796 37932 64 31  4  2  0  0 2026-09-26 09:54:33
43  0      0 763640  89120 1945872    0    0     0  6496 8227 23641 66 32  2  1  0  0 2026-09-26 09:54:34
37  0      0 759860  89120 1946360    0    0     0  9932 11237 32428 59 35  4  2  0  0 2026-09-26 09:54:35
32  0      0 751800  89120 1946700    0    0     0  8144 9700 29592 68 30  2  1  0  0 2026-09-26 09:54:36
30  0      0 760548  89120 1947268    0    0     0  9844 11618 34446 63 34  2  1  0  0 2026-09-26 09:54:37
20  0      0 758168  89120 1947620    0    0     0  8960 12276 34649 65 31  3  1  0  0 2026-09-26 09:54:38
52  0      0 762552  89120 1947960    0    0     0  5784 8738 23563 67 30  2  1  0  0 2026-09-26 09:54:39
54  0      0 768128  89120 1948276    0    0     0  7240 9130 26548 64 32  2  1  0  0 2026-09-26 09:54:40
25  0      0 768504  89120 1948744    0    0     0 29040 11117 33666 65 33  1  1  0  0 2026-09-26 09:54:41
25  0      0 757960  89120 1949872    0    0     0 10648 11612 36742 67 30  2  1  0  0 2026-09-26 09:54:42
19  0      0 757108  89120 1950284    0    0     0  7328 8814 24694 65 32  2  1  0  0 2026-09-26 09:54:43
 9  0      0 752584  89120 1950452    0    0     0  6956 8548 22116 62 36  2  1  0  0 2026-09-26 09:54:44
17  0      0 747292  89120 1950656    0    0     0  5180 8218 21519 67 31  2  1  0  0 2026-09-26 09:54:45
11  0      0 755388  89120 1951124    0    0     0  7176 8539 23106 63 34  2  1  0  0 2026-09-26 09:54:46
14  1      0 757900  89120 1951428    0    0     0  8220 11325 31670 65 31  4  1  0  0 2026-09-26 09:54:47
procs -----------memory---------- ---swap-- -----io---- -system-- -------cpu------- -----timestamp-----
 r  b   swpd   free   buff  cache   si   so    bi    bo   in   cs us sy id wa st gu                 UTC
 6  0      0 764008  89120 1951776    0    0     0  2176 6396 20445 67 30  2  1  0  0 2026-09-26 09:54:48
36  0      0 760268  89120 1951852    0    0     0   708 3873 8894 65 34  1  0  0  0 2026-09-26 09:54:49
18  0      0 759288  89120 1952060    0    0     0   548 4445 14827 69 30  1  0  0  0 2026-09-26 09:54:50
75  1      0 755004  89120 1952272    0    0     0  1212 4512 11804 67 31  1  1  0  0 2026-09-26 09:54:51
21  1      0 752988  89120 1952456    0    0     0  8692 5695 15763 57 38  2  3  0  0 2026-09-26 09:54:52
