2026-09-26T15:48:23+00:00
COMMAND         %CPU   RSS
mysqld          17.2 1089888
nginx            1.0 17312
nginx            1.0 17204
systemd-journal  0.5 224152
rsyslogd         0.3  5244
jbd2/sda1-8      0.3     0
kworker/0:1H-kb  0.1     0
kworker/1:1H-kb  0.1     0
kworker/u4:3-ex  0.1     0
2026-09-26T15:48:25+00:00
COMMAND         %CPU   RSS
mysqld          17.2 1091204
bench            8.5 49636
nginx            1.0 17312
nginx            1.0 17204
isuride          0.6 15136
systemd-journal  0.5 224152
rsyslogd         0.3  5244
jbd2/sda1-8      0.3     0
kworker/1:1H-kb  0.1     0
2026-09-26T15:48:27+00:00
COMMAND         %CPU   RSS
mysqld          17.2 1092016
bench           12.2 63400
isuride          2.4 15680
nginx            1.0 17312
nginx            1.0 17204
systemd-journal  0.5 224152
rsyslogd         0.3  5244
jbd2/sda1-8      0.3     0
kworker/0:1H-kb  0.1     0
2026-09-26T15:48:29+00:00
COMMAND         %CPU   RSS
bench           19.2 103184
mysqld          17.2 1094164
isuride          4.7 16464
nginx            1.0 17312
nginx            1.0 17204
systemd-journal  0.5 224152
rsyslogd         0.3  5244
jbd2/sda1-8      0.3     0
kworker/0:1H-kb  0.1     0
2026-09-26T15:48:31+00:00
COMMAND         %CPU   RSS
bench           21.3 130604
mysqld          17.2 1097628
isuride          7.1 16936
nginx            1.0 17312
nginx            1.0 17204
systemd-journal  0.5 224152
rsyslogd         0.3  5244
jbd2/sda1-8      0.3     0
kworker/1:1H-kb  0.1     0
2026-09-26T15:48:33+00:00
COMMAND         %CPU   RSS
bench           23.0 158736
mysqld          17.2 1101204
isuride          9.5 18928
nginx            1.0 17312
nginx            1.0 17204
systemd-journal  0.5 224152
rsyslogd         0.3  5244
jbd2/sda1-8      0.3     0
kworker/1:1H-kb  0.1     0
2026-09-26T15:48:35+00:00
COMMAND         %CPU   RSS
bench           24.0 178172
mysqld          17.2 1104660
isuride         11.7 20400
nginx            1.0 17312
nginx            1.0 17204
systemd-journal  0.5 224152
rsyslogd         0.3  5244
jbd2/sda1-8      0.3     0
kworker/0:1H-kb  0.1     0
2026-09-26T15:48:37+00:00
COMMAND         %CPU   RSS
bench           24.6 200544
mysqld          17.2 1108788
isuride         13.4 22196
nginx            1.0 17312
nginx            1.0 17204
systemd-journal  0.5 224152
rsyslogd         0.3  5244
jbd2/sda1-8      0.3     0
kworker/0:1H-kb  0.1     0
2026-09-26T15:48:39+00:00
COMMAND         %CPU   RSS
bench           24.6 227800
mysqld          17.2 1112180
isuride         14.9 22720
nginx            1.0 17312
nginx            1.0 17204
systemd-journal  0.5 224152
rsyslogd         0.3  5244
jbd2/sda1-8      0.3     0
kworker/0:1H-kb  0.1     0
2026-09-26T15:48:41+00:00
COMMAND         %CPU   RSS
bench           24.4 238124
mysqld          17.2 1115444
isuride         16.1 22648
nginx            1.0 17312
nginx            1.0 17204
systemd-journal  0.5 224152
rsyslogd         0.3  5244
jbd2/sda1-8      0.3     0
kworker/1:1H-kb  0.1     0
2026-09-26T15:48:43+00:00
COMMAND         %CPU   RSS
bench           24.4 244268
isuride         17.2 23612
mysqld          17.2 1121112
nginx            1.0 17312
nginx            1.0 17204
systemd-journal  0.5 224152
rsyslogd         0.3  5244
jbd2/sda1-8      0.3     0
kworker/1:1H-kb  0.1     0
2026-09-26T15:48:46+00:00
COMMAND         %CPU   RSS
bench           24.5 258036
isuride         18.3 24848
mysqld          17.2 1122228
curl             6.2 12324
nginx            1.0 17312
nginx            1.0 17204
systemd-journal  0.5 224152
rsyslogd         0.3  5244
jbd2/sda1-8      0.3     0
2026-09-26T15:48:48+00:00
COMMAND         %CPU   RSS
bench           24.7 278800
isuride         19.3 26140
mysqld          17.2 1124880
nginx            1.0 17312
nginx            1.0 17204
systemd-journal  0.5 224152
rsyslogd         0.3  5244
jbd2/sda1-8      0.3     0
kworker/1:1H-kb  0.1     0
2026-09-26T15:48:50+00:00
COMMAND         %CPU   RSS
bench           24.7 287804
isuride         20.2 28172
mysqld          17.2 1128652
nginx            1.0 17312
nginx            1.0 17204
systemd-journal  0.5 224152
rsyslogd         0.3  5244
jbd2/sda1-8      0.3     0
kworker/1:1H-kb  0.1     0
2026-09-26T15:48:52+00:00
COMMAND         %CPU   RSS
bench           24.7 300044
isuride         21.0 28368
mysqld          17.2 1130804
nginx            1.0 17312
nginx            1.0 17204
systemd-journal  0.5 224152
rsyslogd         0.3  5244
jbd2/sda1-8      0.3     0
kworker/1:1H-kb  0.1     0
2026-09-26T15:48:54+00:00
COMMAND         %CPU   RSS
bench           24.8 323800
isuride         21.8 30544
mysqld          17.2 1133692
nginx            1.0 17312
nginx            1.0 17204
systemd-journal  0.5 224152
rsyslogd         0.3  5244
jbd2/sda1-8      0.3     0
kworker/1:1H-kb  0.1     0
2026-09-26T15:48:56+00:00
COMMAND         %CPU   RSS
bench           24.9 326112
isuride         22.6 29852
mysqld          17.2 1135080
nginx            1.0 17312
nginx            1.0 17204
systemd-journal  0.5 224152
rsyslogd         0.3  5244
jbd2/sda1-8      0.3     0
kworker/1:1H-kb  0.1     0
2026-09-26T15:48:58+00:00
COMMAND         %CPU   RSS
bench           25.0 346788
isuride         23.3 30208
mysqld          17.2 1137160
nginx            1.0 17312
nginx            1.0 17204
systemd-journal  0.5 224152
rsyslogd         0.3  5244
jbd2/sda1-8      0.3     0
kworker/1:1H-kb  0.1     0
2026-09-26T15:49:00+00:00
COMMAND         %CPU   RSS
bench           25.1 365072
isuride         23.9 29312
mysqld          17.3 1139312
nginx            1.0 17312
nginx            1.0 17204
systemd-journal  0.5 224152
rsyslogd         0.3  5244
jbd2/sda1-8      0.3     0
kworker/1:1H-kb  0.1     0
2026-09-26T15:49:02+00:00
COMMAND         %CPU   RSS
bench           25.2 366128
isuride         24.5 32276
mysqld          17.3 1141404
nginx            1.0 17312
nginx            1.0 17204
systemd-journal  0.5 224152
rsyslogd         0.3  5244
jbd2/sda1-8      0.3     0
kworker/1:1H-kb  0.1     0
2026-09-26T15:49:04+00:00
COMMAND         %CPU   RSS
bench           25.3 396064
isuride         25.0 35228
mysqld          17.3 1144560
curl             2.9 12324
nginx            1.0 17312
nginx            1.0 17204
systemd-journal  0.5 224152
rsyslogd         0.3  5244
jbd2/sda1-8      0.3     0
2026-09-26T15:49:06+00:00
COMMAND         %CPU   RSS
isuride         25.5 35676
bench           25.5 397932
mysqld          17.3 1145276
curl             3.3 12324
nginx            1.0 17312
nginx            1.0 17204
systemd-journal  0.5 224152
rsyslogd         0.3  5244
jbd2/sda1-8      0.3     0
2026-09-26T15:49:08+00:00
COMMAND         %CPU   RSS
isuride         25.9 36152
bench           25.5 426904
mysqld          17.3 1145388
curl             6.6 12324
nginx            1.0 17312
nginx            1.0 17204
systemd-journal  0.5 224152
rsyslogd         0.3  5244
jbd2/sda1-8      0.3     0
2026-09-26T15:49:10+00:00
COMMAND         %CPU   RSS
isuride         26.4 36168
bench           25.6 431700
mysqld          17.3 1145496
curl             6.2 12312
nginx            1.0 17312
nginx            1.0 17204
systemd-journal  0.5 224152
rsyslogd         0.3  5244
jbd2/sda1-8      0.3     0
2026-09-26T15:49:12+00:00
COMMAND         %CPU   RSS
isuride         26.7 38556
bench           25.8 459856
mysqld          17.3 1146512
curl             3.5 12324
nginx            1.0 17312
nginx            1.0 17204
systemd-journal  0.5 224152
rsyslogd         0.3  5244
jbd2/sda1-8      0.3     0
2026-09-26T15:49:14+00:00
COMMAND         %CPU   RSS
isuride         27.1 39984
bench           25.9 461148
mysqld          17.3 1146616
nginx            1.0 17312
nginx            1.0 17204
systemd-journal  0.5 224152
rsyslogd         0.3  5244
jbd2/sda1-8      0.3     0
kworker/1:1H-kb  0.1     0
2026-09-26T15:49:16+00:00
COMMAND         %CPU   RSS
isuride         27.3 40252
bench           25.9 466788
mysqld          17.3 1147652
curl             4.0 12324
nginx            1.0 17312
nginx            1.0 17204
systemd-journal  0.5 224152
rsyslogd         0.3  5244
jbd2/sda1-8      0.3     0
2026-09-26T15:49:18+00:00
COMMAND         %CPU   RSS
isuride         27.6 40828
bench           26.0 500444
mysqld          17.3 1147776
nginx            1.0 17312
nginx            1.0 17204
systemd-journal  0.5 224152
rsyslogd         0.3  5244
jbd2/sda1-8      0.3     0
kworker/1:1H-kb  0.1     0
2026-09-26T15:49:20+00:00
COMMAND         %CPU   RSS
isuride         27.8 42784
bench           26.0 502956
mysqld          17.3 1150800
nginx            1.0 17312
nginx            1.0 17204
systemd-journal  0.5 224152
rsyslogd         0.3  5244
jbd2/sda1-8      0.3     0
kworker/1:1H-kb  0.1     0
2026-09-26T15:49:22+00:00
COMMAND         %CPU   RSS
isuride         28.0 43124
bench           26.1 531048
mysqld          17.3 1151704
nginx            1.0 17312
nginx            1.0 17204
systemd-journal  0.5 224152
rsyslogd         0.3  5244
jbd2/sda1-8      0.3     0
kworker/1:1H-kb  0.1     0
2026-09-26T15:49:24+00:00
COMMAND         %CPU   RSS
isuride         28.2 43704
bench           26.1 533400
mysqld          17.3 1153124
nginx            1.0 17312
nginx            1.0 17204
systemd-journal  0.5 224152
rsyslogd         0.3  5244
jbd2/sda1-8      0.3     0
kworker/1:1H-kb  0.1     0
2026-09-26T15:49:26+00:00
COMMAND         %CPU   RSS
isuride         28.7 36212
bench           26.0 535636
mysqld          17.3 1153124
nginx            1.0 17312
nginx            1.0 17204
systemd-journal  0.5 224152
rsyslogd         0.3  5244
jbd2/sda1-8      0.3     0
kworker/1:1H-kb  0.1     0
2026-09-26T15:49:28+00:00
COMMAND         %CPU   RSS
isuride         29.1 35596
bench           26.0 575312
mysqld          17.3 1153124
nginx            1.0 17312
nginx            1.0 17204
systemd-journal  0.5 224152
rsyslogd         0.3  5244
jbd2/sda1-8      0.3     0
kworker/1:1H-kb  0.1     0
