procs -----------memory---------- ---swap-- -----io---- -system-- -------cpu------- -----timestamp-----
 r  b   swpd   free   buff  cache   si   so    bi    bo   in   cs us sy id wa st gu                 UTC
 3  0      0 696852  70144 1964748    0    0    83  3361 3256   62 12  6 82  0  0  0 2026-09-26 15:48:23
 8  0      0 678744  70152 1963112    0    0   152 64640 18481 39235 30 14 40 15  0  0 2026-09-26 15:48:24
 0  0      0 674212  70152 1963544    0    0     0  6008 11103 36361 12  9 77  2  0  0 2026-09-26 15:48:25
 0  1      0 669452  70152 1964148    0    0     0 11024 26604 78738 21 18 59  3  0  0 2026-09-26 15:48:26
 0  0      0 661568  70152 1965108    0    0     0 20492 32764 108594 34 26 37  3  0  0 2026-09-26 15:48:27
 4  0      0 636352  70152 1966984    0    0     4 22448 27634 111220 46 34 18  2  0  0 2026-09-26 15:48:28
10  0      0 606420  70152 1971064    0    0     0 25456 25634 113746 48 35 14  3  0  0 2026-09-26 15:48:29
 9  0      0 588568  70156 1973968    0    0     4 24720 26284 117494 52 34 12  2  0  0 2026-09-26 15:48:30
 5  0      0 568940  70156 1976048    0    0     0 23596 25666 120124 51 39  9  2  0  0 2026-09-26 15:48:31
22  0      0 553260  70156 1977780    0    0     0 25528 25331 120299 56 39  5  1  0  0 2026-09-26 15:48:32
41  1      0 531656  70156 1979932    0    0     0 29820 23951 112422 57 39  3  1  0  0 2026-09-26 15:48:33
28  0      0 510052  70156 1983044    0    0     0 28052 23239 106637 56 42  2  1  0  0 2026-09-26 15:48:34
31  0      0 501868  70156 1984968    0    0     0 25704 23637 113508 57 41  2  1  0  0 2026-09-26 15:48:35
52  0      0 484308  70156 1987108    0    0     4 27604 21613 108679 57 40  2  1  0  0 2026-09-26 15:48:36
23  1      0 470556  70156 1988976    0    0     0 26376 21848 101832 53 40  5  2  0  0 2026-09-26 15:48:37
17  0      0 463320  70156 1990324    0    0     0 26080 22315 103959 55 38  4  2  0  0 2026-09-26 15:48:38
27  0      0 437468  70156 1992040    0    0     0 26488 21643 95825 55 38  5  3  0  0 2026-09-26 15:48:39
 9  1      0 416140  70156 1994280    0    0     4 27320 20086 99518 55 35  7  3  0  0 2026-09-26 15:48:40
44  1      0 410132  70156 1995796    0    0    16 30308 21949 107893 50 38  7  5  0  0 2026-09-26 15:48:41
19  1      0 400088  70156 1997900    0    0     0 28548 21152 101638 53 38  5  3  0  0 2026-09-26 15:48:42
 6  0      0 394336  70156 2000904    0    0     0 34572 22782 100469 50 40  6  4  0  0 2026-09-26 15:48:43
procs -----------memory---------- ---swap-- -----io---- -system-- -------cpu------- -----timestamp-----
 r  b   swpd   free   buff  cache   si   so    bi    bo   in   cs us sy id wa st gu                 UTC
16  1      0 385016  70156 2004096    0    0     0 29532 21249 103752 56 39  3  2  0  0 2026-09-26 15:48:44
46  1      0 370176  70156 2006340    0    0     0 28128 20269 102778 56 40  3  1  0  0 2026-09-26 15:48:45
20  0      0 369820  70156 2008764    0    0     4 28192 21212 108106 57 38  4  2  0  0 2026-09-26 15:48:46
 8  0      0 341848  70156 2010984    0    0     0 29276 20312 103492 57 37  4  3  0  0 2026-09-26 15:48:47
19  0      0 335348  70156 2013372    0    0     0 28976 22517 102381 53 39  5  3  0  0 2026-09-26 15:48:48
55  0      0 327536  70156 2015540    0    0     0 28564 21796 101012 55 40  3  2  0  0 2026-09-26 15:48:49
50  0      0 306528  70156 2017688    0    0     0 25396 21858 98420 54 37  6  2  0  0 2026-09-26 15:48:50
47  0      0 300492  70156 2019692    0    0     0 29908 20918 106544 54 39  4  3  0  0 2026-09-26 15:48:51
42  0      0 300108  70156 2021888    0    0     0 27948 22058 112327 54 43  3  1  0  0 2026-09-26 15:48:52
20  1      0 269212  70156 2023832    0    0     4 33048 20965 95208 61 33  4  2  0  0 2026-09-26 15:48:53
 8  1      0 262408  70156 2026060    0    0     0 27308 21955 103160 57 37  5  2  0  0 2026-09-26 15:48:54
38  0      0 259636  70160 2029312    0    0     0 29416 23560 112673 57 41  2  1  0  0 2026-09-26 15:48:55
36  0      0 233348  70160 2031532    0    0     0 26956 21970 98154 58 38  3  1  0  0 2026-09-26 15:48:56
14  0      0 231120  70160 2033748    0    0     4 29440 20418 102944 60 35  4  2  0  0 2026-09-26 15:48:57
14  1      0 224820  70160 2036892    0    0     0 29208 19804 102997 58 39  2  1  0  0 2026-09-26 15:48:58
36  1      0 212472  70160 2039256    0    0     0 27256 19936 102553 60 37  2  2  0  0 2026-09-26 15:48:59
35  1      0 201024  70160 2041224    0    0    28 26148 22695 95543 58 37  4  2  0  0 2026-09-26 15:49:00
44  0      0 206608  70160 2043216    0    0     0 27392 19658 105470 59 36  3  2  0  0 2026-09-26 15:49:01
33  0      0 202548  70160 2044276    0    0     0 28568 22102 101830 56 42  2  1  0  0 2026-09-26 15:49:02
12  1      0 154012  70164 2046048    0    0     0 32280 20640 94558 60 39  2  0  0  0 2026-09-26 15:49:03
15  0      0 150316  70164 2047324    0    0     0 28044 22543 100194 59 39  2  1  0  0 2026-09-26 15:49:04
procs -----------memory---------- ---swap-- -----io---- -system-- -------cpu------- -----timestamp-----
 r  b   swpd   free   buff  cache   si   so    bi    bo   in   cs us sy id wa st gu                 UTC
18  0      0 137216  70164 2048996    0    0     0 26076 21687 101081 61 35  4  1  0  0 2026-09-26 15:49:05
24  0      0 136992  70164 2050756    0    0     0 28808 21880 104126 57 42  1  1  0  0 2026-09-26 15:49:06
28  1      0 119412  70164 2052988    0    0     4 26264 20679 93964 59 36  4  2  0  0 2026-09-26 15:49:07
 9  1      0 114204  70164 2054540    0    0     0 28464 20270 102449 59 38  2  1  0  0 2026-09-26 15:49:08
29  0      0 103972  70164 2058580    0    0     0 27380 20845 99053 62 33  4  2  0  0 2026-09-26 15:49:09
47  0      0 103316  70164 2060576    0    0     4 26120 21417 94417 59 38  3  1  0  0 2026-09-26 15:49:10
55  0      0  78368  70164 2062396    0    0     0 28724 19611 100485 62 35  2  1  0  0 2026-09-26 15:49:11
10  0      0  94572  69240 2038844    0    0     0 25204 19686 98984 62 35  2  1  0  0 2026-09-26 15:49:12
11  1      0  92308  69240 2040784    0    0     0 33288 20645 101779 60 37  2  1  0  0 2026-09-26 15:49:13
17  1      0  95140  69240 2042784    0    0     4 27544 19729 91195 61 35  3  2  0  0 2026-09-26 15:49:14
15  0      0  86072  69240 2044276    0    0     0 28180 19956 96500 55 36  5  4  0  0 2026-09-26 15:49:15
10  0      0  80488  68760 2012772    0    0     0 29764 22054 96621 57 38  4  2  0  0 2026-09-26 15:49:16
16  1      0  74504  68760 2015580    0    0     0 30936 19222 96758 56 38  3  2  0  0 2026-09-26 15:49:17
17  1      0  99424  68760 1994560    0    0     4 27592 18808 97302 60 38  2  1  0  0 2026-09-26 15:49:18
33  0      0  96180  68760 1996840    0    0     0 25820 21051 100234 59 35  4  2  0  0 2026-09-26 15:49:19
30  0      0  77024  68760 1998496    0    0     0 24588 19579 95004 63 34  3  1  0  0 2026-09-26 15:49:20
23  0      0  84316  68760 1979004    0    0     0 27280 21984 95723 57 35  5  3  0  0 2026-09-26 15:49:21
23  1      0  91516  68760 1959192    0    0     4 27844 20072 94581 57 37  4  2  0  0 2026-09-26 15:49:22
22  0      0  86516  68760 1961148    0    0     0 26688 21042 95760 57 37  4  2  0  0 2026-09-26 15:49:23
55  1      0  81280  68760 1964276    0    0     0 32956 21081 97811 58 38  3  1  0  0 2026-09-26 15:49:24
10  0      0  94440  68760 1965964    0    0     0 15180 17558 135698 63 36  2  0  0  0 2026-09-26 15:49:25
procs -----------memory---------- ---swap-- -----io---- -system-- -------cpu------- -----timestamp-----
 r  b   swpd   free   buff  cache   si   so    bi    bo   in   cs us sy id wa st gu                 UTC
 7  0      0  90404  68760 1967184    0    0     0  6184 15274 145637 63 32  5  0  0  0 2026-09-26 15:49:26
38  0      0  81932  68760 1940064    0    0     0  4232 18426 127010 67 30  4  1  0  0 2026-09-26 15:49:27
33  0      0  78980  68760 1941220    0    0     0  3776 19206 130798 65 31  5  0  0  0 2026-09-26 15:49:28
