2026-09-26T09:00:28+00:00
COMMAND         %CPU   RSS
mysqld          81.0 697844
nginx            1.3  9488
nginx            1.3  9520
systemd-journal  0.6 69556
jbd2/sda1-8      0.5     0
snapd            0.4 39952
rsyslogd         0.3  5524
systemd          0.2 13036
kworker/1:1H-kb  0.2     0
2026-09-26T09:00:30+00:00
COMMAND         %CPU   RSS
mysqld          81.0 738056
bench            9.0 49212
nginx            1.3  9488
nginx            1.3  9520
isuride          0.7 14936
systemd-journal  0.6 40724
jbd2/sda1-8      0.5     0
snapd            0.3 39952
rsyslogd         0.3  5524
2026-09-26T09:00:32+00:00
COMMAND         %CPU   RSS
mysqld          81.2 777864
bench            8.4 53212
isuride          1.9 15520
nginx            1.3  9488
nginx            1.3  9520
systemd-journal  0.6 41612
jbd2/sda1-8      0.5     0
snapd            0.3 39952
rsyslogd         0.3  5524
2026-09-26T09:00:34+00:00
COMMAND         %CPU   RSS
mysqld          81.4 804316
bench            8.4 53336
isuride          3.0 15712
nginx            1.3  9488
nginx            1.3  9520
systemd-journal  0.6 42380
jbd2/sda1-8      0.5     0
snapd            0.3 39952
rsyslogd         0.3  5524
2026-09-26T09:00:36+00:00
COMMAND         %CPU   RSS
mysqld          81.6 744052
bench            8.6 55872
isuride          3.8 15724
nginx            1.3  9488
nginx            1.3  9520
systemd-journal  0.6 43096
jbd2/sda1-8      0.5     0
snapd            0.3 39952
rsyslogd         0.3  5524
2026-09-26T09:00:38+00:00
COMMAND         %CPU   RSS
mysqld          81.8 748208
bench            8.4 58484
isuride          4.5 16332
nginx            1.3  9488
nginx            1.3  9520
systemd-journal  0.7 43800
jbd2/sda1-8      0.5     0
snapd            0.3 39952
rsyslogd         0.3  5524
2026-09-26T09:00:40+00:00
COMMAND         %CPU   RSS
mysqld          82.0 750376
bench            8.4 61108
isuride          5.1 16900
nginx            1.3  9488
nginx            1.3  9520
systemd-journal  0.7 44436
jbd2/sda1-8      0.5     0
snapd            0.3 39952
rsyslogd         0.3  5524
2026-09-26T09:00:42+00:00
COMMAND         %CPU   RSS
mysqld          82.3 753604
bench            8.4 63048
isuride          5.6 16744
nginx            1.3  9488
nginx            1.3  9520
systemd-journal  0.7 45032
jbd2/sda1-8      0.5     0
snapd            0.3 39952
rsyslogd         0.3  5524
2026-09-26T09:00:44+00:00
COMMAND         %CPU   RSS
mysqld          82.5 755736
bench            8.2 64492
isuride          6.0 16856
nginx            1.3  9488
nginx            1.3  9520
systemd-journal  0.7 45628
jbd2/sda1-8      0.5     0
snapd            0.3 39952
rsyslogd         0.3  5524
2026-09-26T09:00:46+00:00
COMMAND         %CPU   RSS
mysqld          82.7 756896
bench            8.1 68656
isuride          6.4 16924
nginx            1.3  9488
nginx            1.3  9520
systemd-journal  0.7 46196
jbd2/sda1-8      0.6     0
snapd            0.3 39952
rsyslogd         0.3  5524
2026-09-26T09:00:48+00:00
COMMAND         %CPU   RSS
mysqld          83.0 769476
bench            8.0 69756
isuride          6.7 17016
nginx            1.3  9488
nginx            1.3  9520
systemd-journal  0.7 47604
jbd2/sda1-8      0.6     0
snapd            0.3 39952
rsyslogd         0.3  5524
2026-09-26T09:00:50+00:00
COMMAND         %CPU   RSS
mysqld          83.2 789812
bench            7.9 70196
isuride          7.0 17184
nginx            1.3  9488
nginx            1.3  9520
systemd-journal  0.7 49816
jbd2/sda1-8      0.6     0
snapd            0.3 39952
rsyslogd         0.3  5524
2026-09-26T09:00:52+00:00
COMMAND         %CPU   RSS
mysqld          83.5 781848
bench            7.8 73052
isuride          7.3 17576
nginx            1.3  9488
nginx            1.3  9520
systemd-journal  0.7 50396
jbd2/sda1-8      0.6     0
snapd            0.3 39952
rsyslogd         0.3  5524
2026-09-26T09:00:54+00:00
COMMAND         %CPU   RSS
mysqld          83.7 787460
bench            7.7 76436
isuride          7.5 17624
nginx            1.3  9488
nginx            1.3  9520
systemd-journal  0.7 50936
jbd2/sda1-8      0.6     0
snapd            0.3 39952
rsyslogd         0.3  5524
2026-09-26T09:00:56+00:00
COMMAND         %CPU   RSS
mysqld          83.9 773104
curl            11.1 12188
isuride          7.7 17816
bench            7.7 80956
nginx            1.3  9488
nginx            1.3  9520
systemd-journal  0.7 51508
jbd2/sda1-8      0.6     0
snapd            0.3 39952
2026-09-26T09:00:58+00:00
COMMAND         %CPU   RSS
mysqld          84.2 813784
isuride          8.0 18340
bench            7.7 82380
curl             5.8 12316
nginx            1.3  9488
nginx            1.3  9520
systemd-journal  0.7 52028
jbd2/sda1-8      0.6     0
snapd            0.3 39952
2026-09-26T09:01:00+00:00
COMMAND         %CPU   RSS
mysqld          84.4 777536
isuride          8.2 19192
bench            7.6 89388
nginx            1.3  9488
nginx            1.3  9520
systemd-journal  0.7 52504
jbd2/sda1-8      0.6     0
snapd            0.3 39952
rsyslogd         0.3  5524
2026-09-26T09:01:02+00:00
COMMAND         %CPU   RSS
ps               100  3768
mysqld          84.6 777664
isuride          8.4 19216
bench            7.6 89792
curl             2.6 12320
nginx            1.3  9488
nginx            1.3  9520
systemd-journal  0.7 52940
jbd2/sda1-8      0.6     0
2026-09-26T09:01:04+00:00
COMMAND         %CPU   RSS
mysqld          84.8 833300
isuride          8.8 20268
bench            7.7 90180
nginx            1.3  9488
nginx            1.3  9520
systemd-journal  0.7 53132
jbd2/sda1-8      0.6     0
snapd            0.3 39952
rsyslogd         0.3  5524
2026-09-26T09:01:06+00:00
COMMAND         %CPU   RSS
mysqld          85.0 778988
ps              50.0  3768
sleep           16.6  1456
isuride          9.2 20544
bench            8.4 92672
nginx            1.4  9488
nginx            1.3  9520
systemd-journal  0.7 53252
jbd2/sda1-8      0.6     0
2026-09-26T09:01:08+00:00
COMMAND         %CPU   RSS
mysqld          85.2 798680
isuride          9.4 20668
bench            8.6 95444
curl             3.7 12324
nginx            1.4  9488
nginx            1.3  9520
systemd-journal  0.7 53424
jbd2/sda1-8      0.6     0
snapd            0.3 39952
2026-09-26T09:01:10+00:00
COMMAND         %CPU   RSS
mysqld          85.4 824360
isuride          9.6 20256
bench            8.6 96088
nginx            1.4  9488
nginx            1.3  9520
systemd-journal  0.7 53936
jbd2/sda1-8      0.6     0
snapd            0.3 39952
rsyslogd         0.3  5524
2026-09-26T09:01:12+00:00
COMMAND         %CPU   RSS
mysqld          85.6 813264
isuride          9.6 20820
bench            8.6 101728
nginx            1.4  9488
nginx            1.3  9520
systemd-journal  0.7 57432
jbd2/sda1-8      0.6     0
snapd            0.3 39952
rsyslogd         0.3  5524
2026-09-26T09:01:14+00:00
COMMAND         %CPU   RSS
mysqld          85.9 826104
isuride          9.7 20404
bench            8.5 102684
curl             1.9 12320
nginx            1.4  9488
nginx            1.3  9520
systemd-journal  0.7 58892
jbd2/sda1-8      0.6     0
snapd            0.3 39952
2026-09-26T09:01:16+00:00
COMMAND         %CPU   RSS
mysqld          86.1 789704
isuride          9.8 20396
bench            8.4 106892
nginx            1.4  9488
nginx            1.4  9520
systemd-journal  0.7 59464
jbd2/sda1-8      0.6     0
snapd            0.3 39952
rsyslogd         0.3  5524
2026-09-26T09:01:18+00:00
COMMAND         %CPU   RSS
mysqld          86.3 787696
isuride          9.9 20320
bench            8.4 108916
nginx            1.4  9488
nginx            1.4  9520
systemd-journal  0.7 61480
jbd2/sda1-8      0.6     0
snapd            0.3 39952
rsyslogd         0.3  5524
2026-09-26T09:01:20+00:00
COMMAND         %CPU   RSS
mysqld          86.6 789920
isuride         10.0 20508
bench            8.3 109332
nginx            1.4  9488
nginx            1.4  9520
systemd-journal  0.7 62724
jbd2/sda1-8      0.6     0
snapd            0.3 39952
rsyslogd         0.3  5524
2026-09-26T09:01:22+00:00
COMMAND         %CPU   RSS
mysqld          86.8 792028
isuride         10.0 20440
bench            8.3 119048
nginx            1.4  9488
nginx            1.4  9520
systemd-journal  0.7 63212
jbd2/sda1-8      0.6     0
snapd            0.3 39952
rsyslogd         0.3  5524
2026-09-26T09:01:24+00:00
COMMAND         %CPU   RSS
mysqld          87.0 792016
isuride         10.1 20532
bench            8.2 119148
nginx            1.4  9488
nginx            1.4  9520
systemd-journal  0.7 63664
jbd2/sda1-8      0.6     0
snapd            0.3 39952
rsyslogd         0.3  5524
2026-09-26T09:01:26+00:00
COMMAND         %CPU   RSS
mysqld          87.2 829492
isuride         10.1 20624
bench            8.2 119180
nginx            1.4  9488
nginx            1.4  9520
systemd-journal  0.7 64100
jbd2/sda1-8      0.6     0
snapd            0.3 39952
rsyslogd         0.3  5524
2026-09-26T09:01:28+00:00
COMMAND         %CPU   RSS
mysqld          87.5 851892
isuride         10.2 20756
bench            8.1 127688
nginx            1.4  9488
nginx            1.4  9520
systemd-journal  0.7 65316
jbd2/sda1-8      0.6     0
snapd            0.3 39952
rsyslogd         0.3  5524
2026-09-26T09:01:30+00:00
COMMAND         %CPU   RSS
mysqld          87.7 796248
isuride         10.2 20036
bench            8.1 128292
nginx            1.4  9488
nginx            1.4  9520
systemd-journal  0.7 67020
jbd2/sda1-8      0.6     0
snapd            0.3 39952
rsyslogd         0.3  5524
2026-09-26T09:01:32+00:00
COMMAND         %CPU   RSS
mysqld          87.9 794192
isuride         10.3 19048
bench            8.0 128292
nginx            1.4  9488
nginx            1.4  9520
systemd-journal  0.7 67688
jbd2/sda1-8      0.6     0
snapd            0.3 39952
rsyslogd         0.3  5524
