procs -----------memory---------- ---swap-- -----io---- -system-- -------cpu------- -----timestamp-----
 r  b   swpd   free   buff  cache   si   so    bi    bo   in   cs us sy id wa st gu                 UTC
 2  0      0 548224 168484 2410920    0    0   617 11967 6566   93 40  9 50  1  0  0 2026-09-26 09:00:28
 1  0      0 485280 168484 2408664    0    0     0 43184 15394 30819 31 12 42 15  0  0 2026-09-26 09:00:29
10  0      0 466860 168484 2423608    0    0     0  8984 15071 47075 74 15 11  1  0  0 2026-09-26 09:00:30
10  0      0 387228 168484 2412968    0    0     0  6860 17843 56980 64 15 20  1  0  0 2026-09-26 09:00:31
23  0      0 386976 168484 2418520    0    0     0  9904 18558 61561 69 17 13  1  0  0 2026-09-26 09:00:32
14  0      0 392276 168484 2414412    0    0     0 10572 16526 57715 74 20  6  0  0  0 2026-09-26 09:00:33
20  0      0 384224 168484 2419720    0    0     0 11004 15770 51245 75 19  6  1  0  0 2026-09-26 09:00:34
14  0      0 383376 168484 2416400    0    0     0 12956 14992 50700 74 21  4  1  0  0 2026-09-26 09:00:35
13  0      0 402276 168484 2417240    0    0     0 11844 15965 49157 79 19  2  0  0  0 2026-09-26 09:00:36
10  0      0 407532 168484 2418024    0    0     0 14348 16252 52571 74 21  4  1  0  0 2026-09-26 09:00:37
19  1      0 421040 168484 2418748    0    0     0 12592 15172 45760 79 18  3  1  0  0 2026-09-26 09:00:38
30  0      0 417624 168484 2426704    0    0     0 12600 15224 49666 78 19  3  0  0  0 2026-09-26 09:00:39
15  0      0 420236 168484 2420224    0    0     0 14652 15756 46879 79 21  1  0  0  0 2026-09-26 09:00:40
15  0      0 402588 168484 2425380    0    0     0 12916 14516 44295 80 19  1  1  0  0 2026-09-26 09:00:41
27  0      0 410124 168484 2423220    0    0     0 13616 14607 45036 79 20  1  0  0  0 2026-09-26 09:00:42
27  0      0 365652 168488 2425172    0    0     0 20536 13343 41819 81 19  1  0  0  0 2026-09-26 09:00:43
23  0      0 371260 168488 2424684    0    0     0 15156 14799 44092 75 21  4  1  0  0 2026-09-26 09:00:44
10  0      0 352276 168488 2425496    0    0     0 12452 13641 39890 80 18  2  1  0  0 2026-09-26 09:00:45
36  0      0 359224 168488 2425996    0    0     0 14084 14755 45804 79 19  2  1  0  0 2026-09-26 09:00:46
14  1      0 358720 168488 2427812    0    0     0 14000 13717 40680 80 19  1  0  0  0 2026-09-26 09:00:47
27  0      0 365404 168488 2432072    0    0     0 13860 13968 44326 76 20  4  1  0  0 2026-09-26 09:00:48
procs -----------memory---------- ---swap-- -----io---- -system-- -------cpu------- -----timestamp-----
 r  b   swpd   free   buff  cache   si   so    bi    bo   in   cs us sy id wa st gu                 UTC
44  0      0 330920 168488 2429056    0    0     0 11704 10970 35536 81 19  1  1  0  0 2026-09-26 09:00:49
33  1      0 352944 168488 2439400    0    0     0 13384 13338 42969 81 18  2  0  0  0 2026-09-26 09:00:50
39  0      0 382692 168488 2430512    0    0     0 11500 11043 38354 83 17  1  0  0  0 2026-09-26 09:00:51
47  0      0 350312 168488 2434784    0    0     0 12584 12257 39240 80 19  1  1  0  0 2026-09-26 09:00:52
14  0      0 335452 168488 2431912    0    0     0 13816 15092 45825 79 21  1  0  0  0 2026-09-26 09:00:53
46  0      0 319324 168488 2433896    0    0     0 10960 12462 36641 82 18  0  0  0  0 2026-09-26 09:00:54
33  0      0 365264 168488 2433248    0    0     0 15668 13970 44291 79 20  1  0  0  0 2026-09-26 09:00:55
33  1      0 382348 168488 2433968    0    0     0 12180 13282 39555 82 18  0  0  0  0 2026-09-26 09:00:56
26  1      0 379728 168488 2440244    0    0     0 12520 13053 42154 82 17  1  0  0  0 2026-09-26 09:00:57
34  0      0 297352 168488 2437920    0    0     0 18720 11994 36573 83 17  0  0  0  0 2026-09-26 09:00:58
27  1      0 302900 168488 2443856    0    0     0 11028 12169 37004 80 19  1  0  0  0 2026-09-26 09:00:59
47  0      0 269224 168488 2436476    0    0     0 12980 12620 41354 82 18  0  0  0  0 2026-09-26 09:01:00
25  0      0 271888 168488 2443468    0    0     0 11160 11438 37961 83 17  0  0  0  0 2026-09-26 09:01:01
39  0      0 271644 168488 2437528    0    0     0  8856 10292 30854 80 20  0  0  0  0 2026-09-26 09:01:02
16  0      0 279392 168488 2444888    0    0     0  2900 4847 11340 72 28  0  0  0  0 2026-09-26 09:01:03
62  1      0 237020 168488 2441904    0    0     0  5616 7969 21451 77 23  0  0  0  0 2026-09-26 09:01:04
33  0      0 244136 168488 2442108    0    0     0  4524 6950 17505 78 22  0  0  0  0 2026-09-26 09:01:05
23  0      0 268316 168488 2438408    0    0     0  2472 4537 10780 72 27  1  0  0  0 2026-09-26 09:01:06
32  0      0 275412 168488 2441208    0    0     0  3744 6057 13732 73 27  0  0  0  0 2026-09-26 09:01:07
28  0      0 275464 168488 2439992    0    0     0  2964 5630 13658 76 24  0  1  0  0 2026-09-26 09:01:08
43  1      0 299408 168488 2439224    0    0     0  9352 11256 34317 81 19  1  0  0  0 2026-09-26 09:01:09
procs -----------memory---------- ---swap-- -----io---- -system-- -------cpu------- -----timestamp-----
 r  b   swpd   free   buff  cache   si   so    bi    bo   in   cs us sy id wa st gu                 UTC
65  0      0 317568 168488 2448132    0    0     0 11688 12866 40911 80 20  1  0  0  0 2026-09-26 09:01:10
10  0      0 260084 168488 2440680    0    0     0 10652 12709 39137 82 18  1  0  0  0 2026-09-26 09:01:11
24  1      0 220080 168488 2447852    0    0     0 11336 11929 36600 83 17  0  0  0  0 2026-09-26 09:01:12
39  0      0 249060 168488 2441640    0    0     0 19908 11891 35761 80 19  0  0  0  0 2026-09-26 09:01:13
29  0      0 253972 168488 2446352    0    0     0 11508 11477 33076 83 17  0  0  0  0 2026-09-26 09:01:14
54  1      0 301204 168488 2442884    0    0     0 15588 11823 38607 80 19  0  0  0  0 2026-09-26 09:01:15
47  0      0 225644 168488 2444768    0    0     0 10796 10906 33614 83 17  0  0  0  0 2026-09-26 09:01:16
25  0      0 246100 168488 2447984    0    0     0 11836 11927 36745 80 19  1  0  0  0 2026-09-26 09:01:17
45  0      0 222948 168488 2444504    0    0     0 11372 11853 33852 83 18  0  0  0  0 2026-09-26 09:01:18
 7  1      0 224228 168488 2457256    0    0     0 12612 11539 39226 82 18  0  0  0  0 2026-09-26 09:01:19
29  1      0 298216 168488 2448796    0    0     0 11068 10789 34339 82 19  0  0  0  0 2026-09-26 09:01:20
28  0      0 265048 168488 2454972    0    0     0 11540 12786 38033 82 18  0  0  0  0 2026-09-26 09:01:21
36  0      0 229532 168488 2449936    0    0     0 11724 12140 37019 82 18  1  0  0  0 2026-09-26 09:01:22
48  0      0 207860 168488 2454960    0    0     0 11456 12814 36783 81 19  0  0  0  0 2026-09-26 09:01:23
43  1      0 247276 168488 2451228    0    0     0 10844 12309 36932 82 18  1  0  0  0 2026-09-26 09:01:24
69  0      0 213336 168488 2459076    0    0     0  9748 10262 33636 83 17  0  0  0  0 2026-09-26 09:01:25
61  1      0 303548 168488 2454896    0    0     0  9984 11418 34989 79 19  1  0  0  0 2026-09-26 09:01:26
71  0      0 225960 168488 2454296    0    0     0 10384 11525 33546 84 17  0  0  0  0 2026-09-26 09:01:27
22  0      0 207564 168488 2461908    0    0     0  9796 11208 35982 84 16  0  0  0  0 2026-09-26 09:01:28
53  0      0 164224 168488 2454044    0    0     0 20780 11425 32671 82 18  0  0  0  0 2026-09-26 09:01:29
44  0      0 191732 168488 2454428    0    0     0  4260 9912 31852 90 10  1  0  0  0 2026-09-26 09:01:30
procs -----------memory---------- ---swap-- -----io---- -system-- -------cpu------- -----timestamp-----
 r  b   swpd   free   buff  cache   si   so    bi    bo   in   cs us sy id wa st gu                 UTC
21  0      0 210204 168488 2455108    0    0     0  2876 9674 31773 90 10  1  0  0  0 2026-09-26 09:01:31
34  0      0 215376 168488 2456948    0    0     0  1164 9734 34856 91  8  1  0  0  0 2026-09-26 09:01:32
42  0      0 226668 168488 2457752    0    0     0   816 9613 32813 90  9  1  0  0  0 2026-09-26 09:01:33
43  0      0 232848 168488 2458228    0    0     0  8104 8932 30413 89 10  1  0  0  0 2026-09-26 09:01:34
