time=19:41:17.032 level=DEBUG source=/tmp/isucon14/bench/cmd/run.go:90 msg=target targetURL=https://isuride.xiv.isucon.net targetAddr=127.0.0.1:443 benchrun.GetTargetAddress()="" paymentURL=http://127.0.0.1:12346
time=19:41:17.032 level=INFO msg=負荷走行を開始します
time=19:41:19.723 level=DEBUG source=/tmp/isucon14/bench/benchmarker/scenario/scenario.go:315 msg=時間経過 tick=60
time=19:41:19.723 level=DEBUG source=/tmp/isucon14/bench/benchmarker/scenario/scenario.go:317 msg=eval reqs=0 score="[0 0 0 0 0]" criteria="[0 0 0 0]"
time=19:41:21.524 level=DEBUG source=/tmp/isucon14/bench/benchmarker/scenario/scenario.go:315 msg=時間経過 tick=120
time=19:41:21.524 level=DEBUG source=/tmp/isucon14/bench/benchmarker/scenario/scenario.go:317 msg=eval reqs=4 score="[0 0 0 4 0]" criteria="[4 0 4 4]"
time=19:41:23.324 level=INFO msg=これまでに地域内の評判によって2人、既存ユーザーの招待経由で7人が新規登録しました
time=19:41:23.324 level=INFO msg=0.0%のライドは椅子がマッチされるまでの時間、100.0%のライドはマッチされた椅子が乗車地点までに掛かる時間、0.0%のライドは椅子の実移動時間に不満がありました
time=19:41:23.324 level=DEBUG source=/tmp/isucon14/bench/benchmarker/scenario/scenario.go:315 msg=時間経過 tick=180
time=19:41:23.324 level=DEBUG source=/tmp/isucon14/bench/benchmarker/scenario/scenario.go:317 msg=eval reqs=7 score="[0 0 0 7 0]" criteria="[7 0 7 7]"
time=19:41:25.111 level=INFO msg=一定の売上が立ったためオーナーの椅子が増加します 名前=木座デザイン 増加数=1
time=19:41:25.123 level=INFO msg=一定の売上が立ったためオーナーの椅子が増加します 名前=椅子再生工房 増加数=1
time=19:41:25.123 level=DEBUG source=/tmp/isucon14/bench/benchmarker/scenario/scenario.go:315 msg=時間経過 tick=240
time=19:41:25.123 level=DEBUG source=/tmp/isucon14/bench/benchmarker/scenario/scenario.go:317 msg=eval reqs=11 score="[0 0 0 11 0]" criteria="[11 0 11 11]"
time=19:41:26.901 level=INFO msg=一定の売上が立ったためオーナーの椅子が増加します 名前=いすの道 増加数=1
time=19:41:26.923 level=DEBUG source=/tmp/isucon14/bench/benchmarker/scenario/scenario.go:315 msg=時間経過 tick=300
time=19:41:26.923 level=DEBUG source=/tmp/isucon14/bench/benchmarker/scenario/scenario.go:317 msg=eval reqs=15 score="[0 0 0 14 1]" criteria="[15 1 15 15]"
time=19:41:28.724 level=INFO msg=これまでに地域内の評判によって13人、既存ユーザーの招待経由で17人が新規登録しました
time=19:41:28.724 level=INFO msg=0.0%のライドは椅子がマッチされるまでの時間、94.1%のライドはマッチされた椅子が乗車地点までに掛かる時間、0.0%のライドは椅子の実移動時間に不満がありました
time=19:41:28.724 level=DEBUG source=/tmp/isucon14/bench/benchmarker/scenario/scenario.go:315 msg=時間経過 tick=360
time=19:41:28.724 level=DEBUG source=/tmp/isucon14/bench/benchmarker/scenario/scenario.go:317 msg=eval reqs=17 score="[0 0 0 16 1]" criteria="[17 1 17 17]"
time=19:41:30.522 level=INFO msg=一定の売上が立ったためオーナーの椅子が増加します 名前=椅子再生工房 増加数=1
time=19:41:30.522 level=INFO msg=一定の売上が立ったためオーナーの椅子が増加します 名前=いすの道 増加数=1
time=19:41:30.523 level=DEBUG source=/tmp/isucon14/bench/benchmarker/scenario/scenario.go:315 msg=時間経過 tick=420
time=19:41:30.523 level=DEBUG source=/tmp/isucon14/bench/benchmarker/scenario/scenario.go:317 msg=eval reqs=22 score="[0 0 1 20 1]" criteria="[22 1 21 22]"
time=19:41:32.317 level=INFO msg=一定の売上が立ったためオーナーの椅子が増加します 名前="Skyline Taxis" 増加数=2
time=19:41:32.323 level=DEBUG source=/tmp/isucon14/bench/benchmarker/scenario/scenario.go:315 msg=時間経過 tick=480
time=19:41:32.324 level=INFO msg=一定の売上が立ったためオーナーの椅子が増加します 名前=快旅タクシー 増加数=1
time=19:41:32.324 level=DEBUG source=/tmp/isucon14/bench/benchmarker/scenario/scenario.go:317 msg=eval reqs=29 score="[0 1 6 21 1]" criteria="[26 2 26 26]"
time=19:41:32.352 level=INFO msg=一定の売上が立ったためオーナーの椅子が増加します 名前=椅子再生工房 増加数=1
time=19:41:34.123 level=DEBUG source=/tmp/isucon14/bench/benchmarker/scenario/scenario.go:315 msg=時間経過 tick=540
time=19:41:34.123 level=INFO msg=これまでに地域内の評判によって24人、既存ユーザーの招待経由で22人が新規登録しました
time=19:41:34.123 level=DEBUG source=/tmp/isucon14/bench/benchmarker/scenario/scenario.go:317 msg=eval reqs=38 score="[0 7 9 21 1]" criteria="[31 2 29 30]"
time=19:41:34.123 level=INFO msg=これまでに低評価なライドによって2人が利用をやめました
time=19:41:34.123 level=INFO msg=18.4%のライドは椅子がマッチされるまでの時間、94.7%のライドはマッチされた椅子が乗車地点までに掛かる時間、22.4%のライドは椅子の実移動時間に不満がありました
time=19:41:34.137 level=INFO msg=一定の売上が立ったためオーナーの椅子が増加します 名前=快旅タクシー 増加数=1
time=19:41:34.138 level=INFO msg=一定の売上が立ったためオーナーの椅子が増加します 名前=木座デザイン 増加数=1
time=19:41:35.923 level=DEBUG source=/tmp/isucon14/bench/benchmarker/scenario/scenario.go:315 msg=時間経過 tick=600
time=19:41:35.924 level=DEBUG source=/tmp/isucon14/bench/benchmarker/scenario/scenario.go:317 msg=eval reqs=44 score="[0 12 10 21 1]" criteria="[31 2 34 32]"
time=19:41:35.938 level=INFO msg=一定の売上が立ったためオーナーの椅子が増加します 名前=いすの道 増加数=1
time=19:41:35.947 level=INFO msg=一定の売上が立ったためオーナーの椅子が増加します 名前="Skyline Taxis" 増加数=1
time=19:41:37.723 level=DEBUG source=/tmp/isucon14/bench/benchmarker/scenario/scenario.go:315 msg=時間経過 tick=660
time=19:41:37.723 level=DEBUG source=/tmp/isucon14/bench/benchmarker/scenario/scenario.go:317 msg=eval reqs=52 score="[1 17 12 21 1]" criteria="[35 3 37 33]"
time=19:41:37.726 level=INFO msg=一定の売上が立ったためオーナーの椅子が増加します 名前=椅子再生工房 増加数=1
time=19:41:37.746 level=INFO msg=一定の売上が立ったためオーナーの椅子が増加します 名前="Skyline Taxis" 増加数=1
time=19:41:37.789 level=INFO msg=一定の売上が立ったためオーナーの椅子が増加します 名前=木座デザイン 増加数=1
time=19:41:39.524 level=INFO msg=これまでに地域内の評判によって36人、既存ユーザーの招待経由で22人が新規登録しました
time=19:41:39.524 level=INFO msg=これまでに低評価なライドによって14人が利用をやめました
time=19:41:39.524 level=INFO msg=36.2%のライドは椅子がマッチされるまでの時間、94.8%のライドはマッチされた椅子が乗車地点までに掛かる時間、37.9%のライドは椅子の実移動時間に不満がありました
time=19:41:39.524 level=DEBUG source=/tmp/isucon14/bench/benchmarker/scenario/scenario.go:315 msg=時間経過 tick=720
time=19:41:39.524 level=DEBUG source=/tmp/isucon14/bench/benchmarker/scenario/scenario.go:317 msg=eval reqs=58 score="[3 21 12 21 1]" criteria="[37 3 38 34]"
time=19:41:39.543 level=INFO msg=一定の売上が立ったためオーナーの椅子が増加します 名前=木座デザイン 増加数=1
time=19:41:39.543 level=INFO msg=一定の売上が立ったためオーナーの椅子が増加します 名前=快旅タクシー 増加数=1
time=19:41:41.324 level=DEBUG source=/tmp/isucon14/bench/benchmarker/scenario/scenario.go:315 msg=時間経過 tick=780
time=19:41:41.324 level=DEBUG source=/tmp/isucon14/bench/benchmarker/scenario/scenario.go:317 msg=eval reqs=67 score="[8 25 12 21 1]" criteria="[39 3 39 35]"
time=19:41:41.361 level=INFO msg=一定の売上が立ったためオーナーの椅子が増加します 名前=椅子再生工房 増加数=1
time=19:41:41.362 level=INFO msg=一定の売上が立ったためオーナーの椅子が増加します 名前=快旅タクシー 増加数=1
time=19:41:41.378 level=INFO msg=一定の売上が立ったためオーナーの椅子が増加します 名前=木座デザイン 増加数=1
time=19:41:41.403 level=INFO msg=一定の売上が立ったためオーナーの椅子が増加します 名前="Skyline Taxis" 増加数=1
time=19:41:43.123 level=DEBUG source=/tmp/isucon14/bench/benchmarker/scenario/scenario.go:315 msg=時間経過 tick=840
time=19:41:43.123 level=DEBUG source=/tmp/isucon14/bench/benchmarker/scenario/scenario.go:317 msg=eval reqs=75 score="[11 30 12 21 1]" criteria="[41 3 41 36]"
time=19:41:43.152 level=INFO msg=一定の売上が立ったためオーナーの椅子が増加します 名前=いすの道 増加数=1
time=19:41:44.923 level=DEBUG source=/tmp/isucon14/bench/benchmarker/scenario/scenario.go:315 msg=時間経過 tick=900
time=19:41:44.923 level=DEBUG source=/tmp/isucon14/bench/benchmarker/scenario/scenario.go:317 msg=eval reqs=85 score="[15 32 16 21 1]" criteria="[42 6 45 38]"
time=19:41:44.923 level=INFO msg=これまでに地域内の評判によって47人、既存ユーザーの招待経由で22人が新規登録しました
time=19:41:44.923 level=INFO msg=これまでに低評価なライドによって29人が利用をやめました
time=19:41:44.923 level=INFO msg=50.6%のライドは椅子がマッチされるまでの時間、92.9%のライドはマッチされた椅子が乗車地点までに掛かる時間、51.2%のライドは椅子の実移動時間に不満がありました
time=19:41:44.944 level=INFO msg=一定の売上が立ったためオーナーの椅子が増加します 名前=快旅タクシー 増加数=2
time=19:41:44.949 level=INFO msg=一定の売上が立ったためオーナーの椅子が増加します 名前=椅子再生工房 増加数=1
time=19:41:44.958 level=INFO msg=一定の売上が立ったためオーナーの椅子が増加します 名前=木座デザイン 増加数=2
time=19:41:46.724 level=DEBUG source=/tmp/isucon14/bench/benchmarker/scenario/scenario.go:315 msg=時間経過 tick=960
time=19:41:46.724 level=DEBUG source=/tmp/isucon14/bench/benchmarker/scenario/scenario.go:317 msg=eval reqs=95 score="[21 35 17 21 1]" criteria="[45 7 45 39]"
time=19:41:46.779 level=INFO msg=一定の売上が立ったためオーナーの椅子が増加します 名前="Skyline Taxis" 増加数=2
time=19:41:46.786 level=INFO msg=一定の売上が立ったためオーナーの椅子が増加します 名前=いすの道 増加数=1
time=19:41:48.524 level=DEBUG source=/tmp/isucon14/bench/benchmarker/scenario/scenario.go:315 msg=時間経過 tick=1020
time=19:41:48.524 level=DEBUG source=/tmp/isucon14/bench/benchmarker/scenario/scenario.go:317 msg=eval reqs=108 score="[27 39 18 22 2]" criteria="[51 9 48 41]"
time=19:41:48.570 level=INFO msg=一定の売上が立ったためオーナーの椅子が増加します 名前=快旅タクシー 増加数=1
time=19:41:48.570 level=INFO msg=一定の売上が立ったためオーナーの椅子が増加します 名前=木座デザイン 増加数=1
time=19:41:48.578 level=INFO msg=一定の売上が立ったためオーナーの椅子が増加します 名前="Skyline Taxis" 増加数=1
time=19:41:48.582 level=INFO msg=一定の売上が立ったためオーナーの椅子が増加します 名前=いすの道 増加数=1
time=19:41:48.592 level=INFO msg=一定の売上が立ったためオーナーの椅子が増加します 名前=椅子再生工房 増加数=1
time=19:41:50.323 level=DEBUG source=/tmp/isucon14/bench/benchmarker/scenario/scenario.go:315 msg=時間経過 tick=1080
time=19:41:50.323 level=DEBUG source=/tmp/isucon14/bench/benchmarker/scenario/scenario.go:317 msg=eval reqs=120 score="[30 47 19 22 2]" criteria="[60 9 48 42]"
time=19:41:50.323 level=INFO msg=これまでに地域内の評判によって57人、既存ユーザーの招待経由で24人が新規登録しました
time=19:41:50.323 level=INFO msg=これまでに低評価なライドによって44人が利用をやめました
time=19:41:50.323 level=INFO msg=50.0%のライドは椅子がマッチされるまでの時間、92.5%のライドはマッチされた椅子が乗車地点までに掛かる時間、62.5%のライドは椅子の実移動時間に不満がありました
time=19:41:50.355 level=INFO msg=一定の売上が立ったためオーナーの椅子が増加します 名前=木座デザイン 増加数=1
time=19:41:50.366 level=INFO msg=一定の売上が立ったためオーナーの椅子が増加します 名前=快旅タクシー 増加数=1
time=19:41:50.376 level=INFO msg=一定の売上が立ったためオーナーの椅子が増加します 名前="Skyline Taxis" 増加数=2
time=19:41:52.123 level=DEBUG source=/tmp/isucon14/bench/benchmarker/scenario/scenario.go:315 msg=時間経過 tick=1140
time=19:41:52.123 level=DEBUG source=/tmp/isucon14/bench/benchmarker/scenario/scenario.go:317 msg=eval reqs=127 score="[31 50 20 24 2]" criteria="[65 11 50 44]"
time=19:41:52.157 level=INFO msg=一定の売上が立ったためオーナーの椅子が増加します 名前=いすの道 増加数=1
time=19:41:52.176 level=INFO msg=一定の売上が立ったためオーナーの椅子が増加します 名前=椅子再生工房 増加数=1
time=19:41:52.220 level=INFO msg=一定の売上が立ったためオーナーの椅子が増加します 名前=木座デザイン 増加数=1
time=19:41:53.923 level=DEBUG source=/tmp/isucon14/bench/benchmarker/scenario/scenario.go:315 msg=時間経過 tick=1200
time=19:41:53.923 level=DEBUG source=/tmp/isucon14/bench/benchmarker/scenario/scenario.go:317 msg=eval reqs=137 score="[34 54 22 25 2]" criteria="[72 13 51 45]"
time=19:41:54.001 level=INFO msg=一定の売上が立ったためオーナーの椅子が増加します 名前="Skyline Taxis" 増加数=1
time=19:41:55.724 level=DEBUG source=/tmp/isucon14/bench/benchmarker/scenario/scenario.go:315 msg=時間経過 tick=1260
time=19:41:55.724 level=INFO msg=これまでに地域内の評判によって66人、既存ユーザーの招待経由で30人が新規登録しました
time=19:41:55.724 level=INFO msg=これまでに低評価なライドによって53人が利用をやめました
time=19:41:55.724 level=INFO msg=44.1%のライドは椅子がマッチされるまでの時間、89.5%のライドはマッチされた椅子が乗車地点までに掛かる時間、66.4%のライドは椅子の実移動時間に不満がありました
time=19:41:55.724 level=DEBUG source=/tmp/isucon14/bench/benchmarker/scenario/scenario.go:317 msg=eval reqs=152 score="[36 63 23 26 4]" criteria="[85 16 54 48]"
time=19:41:55.776 level=INFO msg=一定の売上が立ったためオーナーの椅子が増加します 名前=いすの道 増加数=1
time=19:41:55.776 level=INFO msg=一定の売上が立ったためオーナーの椅子が増加します 名前=椅子再生工房 増加数=1
time=19:41:55.799 level=INFO msg=一定の売上が立ったためオーナーの椅子が増加します 名前=快旅タクシー 増加数=1
time=19:41:55.835 level=INFO msg=一定の売上が立ったためオーナーの椅子が増加します 名前="Skyline Taxis" 増加数=1
time=19:41:55.839 level=INFO msg=一定の売上が立ったためオーナーの椅子が増加します 名前=木座デザイン 増加数=1
time=19:41:57.524 level=DEBUG source=/tmp/isucon14/bench/benchmarker/scenario/scenario.go:315 msg=時間経過 tick=1320
time=19:41:57.524 level=DEBUG source=/tmp/isucon14/bench/benchmarker/scenario/scenario.go:317 msg=eval reqs=161 score="[36 66 27 28 4]" criteria="[94 20 56 50]"
time=19:41:57.573 level=INFO msg=一定の売上が立ったためオーナーの椅子が増加します 名前=椅子再生工房 増加数=1
time=19:41:57.611 level=INFO msg=一定の売上が立ったためオーナーの椅子が増加します 名前="Skyline Taxis" 増加数=1
time=19:41:57.620 level=INFO msg=一定の売上が立ったためオーナーの椅子が増加します 名前=木座デザイン 増加数=1
time=19:41:59.324 level=DEBUG source=/tmp/isucon14/bench/benchmarker/scenario/scenario.go:315 msg=時間経過 tick=1380
time=19:41:59.324 level=DEBUG source=/tmp/isucon14/bench/benchmarker/scenario/scenario.go:317 msg=eval reqs=173 score="[37 73 29 30 4]" criteria="[105 22 58 52]"
time=19:41:59.382 level=INFO msg=一定の売上が立ったためオーナーの椅子が増加します 名前=椅子再生工房 増加数=1
time=19:41:59.396 level=INFO msg=一定の売上が立ったためオーナーの椅子が増加します 名前=快旅タクシー 増加数=1
time=19:41:59.397 level=INFO msg=一定の売上が立ったためオーナーの椅子が増加します 名前=いすの道 増加数=1
time=19:41:59.428 level=INFO msg=一定の売上が立ったためオーナーの椅子が増加します 名前=木座デザイン 増加数=1
time=19:42:01.124 level=DEBUG source=/tmp/isucon14/bench/benchmarker/scenario/scenario.go:315 msg=時間経過 tick=1440
time=19:42:01.124 level=DEBUG source=/tmp/isucon14/bench/benchmarker/scenario/scenario.go:317 msg=eval reqs=185 score="[39 80 31 30 5]" criteria="[115 24 59 54]"
time=19:42:01.124 level=INFO msg=これまでに地域内の評判によって75人、既存ユーザーの招待経由で35人が新規登録しました
time=19:42:01.124 level=INFO msg=これまでに低評価なライドによって61人が利用をやめました
time=19:42:01.124 level=INFO msg=37.8%のライドは椅子がマッチされるまでの時間、87.0%のライドはマッチされた椅子が乗車地点までに掛かる時間、69.5%のライドは椅子の実移動時間に不満がありました
time=19:42:01.216 level=INFO msg=一定の売上が立ったためオーナーの椅子が増加します 名前=いすの道 増加数=1
time=19:42:01.236 level=INFO msg=一定の売上が立ったためオーナーの椅子が増加します 名前=木座デザイン 増加数=1
time=19:42:01.238 level=INFO msg=一定の売上が立ったためオーナーの椅子が増加します 名前=快旅タクシー 増加数=1
time=19:42:01.243 level=INFO msg=一定の売上が立ったためオーナーの椅子が増加します 名前="Skyline Taxis" 増加数=1
time=19:42:02.923 level=DEBUG source=/tmp/isucon14/bench/benchmarker/scenario/scenario.go:315 msg=時間経過 tick=1500
time=19:42:02.924 level=DEBUG source=/tmp/isucon14/bench/benchmarker/scenario/scenario.go:317 msg=eval reqs=191 score="[40 83 32 31 5]" criteria="[120 25 60 55]"
time=19:42:03.031 level=INFO msg=一定の売上が立ったためオーナーの椅子が増加します 名前=椅子再生工房 増加数=1
time=19:42:03.081 level=INFO msg=一定の売上が立ったためオーナーの椅子が増加します 名前="Skyline Taxis" 増加数=1
time=19:42:04.582 level=WARN msg="ユーザー登録に失敗しました (CODE=17): POST /api/app/usersへのリクエストに対して、期待されたHTTPステータスコードが確認できませんでした (expected:201, actual:500)"
time=19:42:04.724 level=DEBUG source=/tmp/isucon14/bench/benchmarker/scenario/scenario.go:315 msg=時間経過 tick=1560
time=19:42:04.724 level=DEBUG source=/tmp/isucon14/bench/benchmarker/scenario/scenario.go:317 msg=eval reqs=205 score="[42 91 33 34 5]" criteria="[132 28 63 56]"
time=19:42:04.802 level=INFO msg=一定の売上が立ったためオーナーの椅子が増加します 名前="Skyline Taxis" 増加数=1
time=19:42:04.810 level=INFO msg=一定の売上が立ったためオーナーの椅子が増加します 名前=快旅タクシー 増加数=2
time=19:42:04.884 level=INFO msg=一定の売上が立ったためオーナーの椅子が増加します 名前=いすの道 増加数=1
time=19:42:06.524 level=INFO msg=これまでに地域内の評判によって87人、既存ユーザーの招待経由で39人が新規登録しました
time=19:42:06.524 level=INFO msg=これまでに低評価なライドによって70人が利用をやめました
time=19:42:06.524 level=INFO msg=34.0%のライドは椅子がマッチされるまでの時間、86.5%のライドはマッチされた椅子が乗車地点までに掛かる時間、71.9%のライドは椅子の実移動時間に不満がありました
time=19:42:06.524 level=DEBUG source=/tmp/isucon14/bench/benchmarker/scenario/scenario.go:315 msg=時間経過 tick=1620
time=19:42:06.524 level=DEBUG source=/tmp/isucon14/bench/benchmarker/scenario/scenario.go:317 msg=eval reqs=215 score="[42 99 34 35 5]" criteria="[142 29 64 57]"
time=19:42:06.597 level=INFO msg=一定の売上が立ったためオーナーの椅子が増加します 名前=木座デザイン 増加数=1
time=19:42:06.599 level=INFO msg=一定の売上が立ったためオーナーの椅子が増加します 名前=いすの道 増加数=1
time=19:42:06.647 level=INFO msg=一定の売上が立ったためオーナーの椅子が増加します 名前=快旅タクシー 増加数=1
time=19:42:08.323 level=DEBUG source=/tmp/isucon14/bench/benchmarker/scenario/scenario.go:315 msg=時間経過 tick=1680
time=19:42:08.323 level=DEBUG source=/tmp/isucon14/bench/benchmarker/scenario/scenario.go:317 msg=eval reqs=224 score="[42 106 35 36 5]" criteria="[151 31 65 57]"
time=19:42:08.412 level=INFO msg=一定の売上が立ったためオーナーの椅子が増加します 名前=椅子再生工房 増加数=1
time=19:42:08.428 level=INFO msg=一定の売上が立ったためオーナーの椅子が増加します 名前=いすの道 増加数=1
time=19:42:08.450 level=INFO msg=一定の売上が立ったためオーナーの椅子が増加します 名前="Skyline Taxis" 増加数=1
time=19:42:08.467 level=INFO msg=一定の売上が立ったためオーナーの椅子が増加します 名前=木座デザイン 増加数=1
time=19:42:10.123 level=DEBUG source=/tmp/isucon14/bench/benchmarker/scenario/scenario.go:315 msg=時間経過 tick=1740
time=19:42:10.123 level=DEBUG source=/tmp/isucon14/bench/benchmarker/scenario/scenario.go:317 msg=eval reqs=234 score="[42 113 38 36 5]" criteria="[161 34 65 57]"
time=19:42:10.242 level=INFO msg=一定の売上が立ったためオーナーの椅子が増加します 名前=快旅タクシー 増加数=1
time=19:42:11.923 level=DEBUG source=/tmp/isucon14/bench/benchmarker/scenario/scenario.go:315 msg=時間経過 tick=1800
time=19:42:11.923 level=DEBUG source=/tmp/isucon14/bench/benchmarker/scenario/scenario.go:317 msg=eval reqs=241 score="[42 119 39 36 5]" criteria="[168 35 65 57]"
time=19:42:11.923 level=INFO msg=これまでに地域内の評判によって99人、既存ユーザーの招待経由で40人が新規登録しました
time=19:42:11.923 level=INFO msg=これまでに低評価なライドによって76人が利用をやめました
time=19:42:11.923 level=INFO msg=30.3%のライドは椅子がマッチされるまでの時間、85.5%のライドはマッチされた椅子が乗車地点までに掛かる時間、74.7%のライドは椅子の実移動時間に不満がありました
time=19:42:11.924 level=INFO msg=一定の売上が立ったためオーナーの椅子が増加します 名前=いすの道 増加数=1
time=19:42:11.949 level=INFO msg=一定の売上が立ったためオーナーの椅子が増加します 名前=椅子再生工房 増加数=1
time=19:42:12.001 level=INFO msg=一定の売上が立ったためオーナーの椅子が増加します 名前=快旅タクシー 増加数=1
time=19:42:13.724 level=DEBUG source=/tmp/isucon14/bench/benchmarker/scenario/scenario.go:315 msg=時間経過 tick=1860
time=19:42:13.724 level=DEBUG source=/tmp/isucon14/bench/benchmarker/scenario/scenario.go:317 msg=eval reqs=251 score="[42 126 40 38 5]" criteria="[178 38 67 57]"
time=19:42:13.832 level=INFO msg=一定の売上が立ったためオーナーの椅子が増加します 名前=いすの道 増加数=1
time=19:42:13.890 level=INFO msg=一定の売上が立ったためオーナーの椅子が増加します 名前="Skyline Taxis" 増加数=1
time=19:42:14.022 level=INFO msg=一定の売上が立ったためオーナーの椅子が増加します 名前=木座デザイン 増加数=1
time=19:42:15.524 level=DEBUG source=/tmp/isucon14/bench/benchmarker/scenario/scenario.go:315 msg=時間経過 tick=1920
time=19:42:15.524 level=DEBUG source=/tmp/isucon14/bench/benchmarker/scenario/scenario.go:317 msg=eval reqs=261 score="[42 134 42 38 5]" criteria="[188 40 67 57]"
time=19:42:15.768 level=INFO msg=一定の売上が立ったためオーナーの椅子が増加します 名前="Skyline Taxis" 増加数=1
time=19:42:16.749 level=WARN msg="取得したオーナーの椅子一覧の情報が想定しているものと異なります (CODE=26): total_distanceの反映が遅いデータがあります (id: 01M3EMX7KGEF1B692DWEGATK2P)"
time=19:42:17.323 level=INFO msg=これまでに地域内の評判によって111人、既存ユーザーの招待経由で43人が新規登録しました
time=19:42:17.323 level=INFO msg=これまでに低評価なライドによって84人が利用をやめました
time=19:42:17.323 level=INFO msg=27.2%のライドは椅子がマッチされるまでの時間、84.3%のライドはマッチされた椅子が乗車地点までに掛かる時間、76.7%のライドは椅子の実移動時間に不満がありました
time=19:42:17.323 level=DEBUG source=/tmp/isucon14/bench/benchmarker/scenario/scenario.go:315 msg=時間経過 tick=1980
time=19:42:17.323 level=DEBUG source=/tmp/isucon14/bench/benchmarker/scenario/scenario.go:317 msg=eval reqs=268 score="[42 139 43 39 5]" criteria="[195 42 67 58]"
time=19:42:17.368 level=INFO msg=一定の売上が立ったためオーナーの椅子が増加します 名前=木座デザイン 増加数=1
time=19:42:17.462 level=INFO msg=一定の売上が立ったためオーナーの椅子が増加します 名前=快旅タクシー 増加数=1
time=19:42:22.924 level=INFO msg=最終地域情報 名前=チェアタウン ユーザー登録数=96 アクティブユーザー数=49
time=19:42:22.924 level=INFO msg=最終地域情報 名前=コシカケシティ ユーザー登録数=72 アクティブユーザー数=35
time=19:42:22.924 level=INFO msg=最終オーナー情報 名前=快旅タクシー 売上=328200 椅子数=21
time=19:42:22.924 level=INFO msg=最終オーナー情報 名前=いすの道 売上=275300 椅子数=19
time=19:42:22.924 level=INFO msg=最終オーナー情報 名前=椅子再生工房 売上=256900 椅子数=18
time=19:42:22.924 level=INFO msg=最終オーナー情報 名前="Skyline Taxis" 売上=347800 椅子数=23
time=19:42:22.924 level=INFO msg=最終オーナー情報 名前=木座デザイン 売上=327800 椅子数=22
time=19:42:22.924 level=INFO msg=26.9%のライドは椅子がマッチされるまでの時間、83.8%のライドはマッチされた椅子が乗車地点までに掛かる時間、76.8%のライドは椅子の実移動時間に不満がありました
time=19:42:22.924 level=INFO msg=結果 pass=true スコア=24584 種別エラー数="map[17:1 26:1]"
time=19:42:22.925 level=INFO msg=負荷走行が終了しました
