2026-09-26T10:41:17+00:00
COMMAND         %CPU   RSS
mysqld          47.1 1069380
nginx            1.9 12020
nginx            1.9 11904
systemd-journal  1.3 258320
rsyslogd         0.7  5584
jbd2/sda1-8      0.7     0
kworker/0:1H-kb  0.2     0
kworker/1:1H-kb  0.2     0
rcu_preempt      0.2     0
2026-09-26T10:41:19+00:00
COMMAND         %CPU   RSS
mysqld          47.1 1070964
bench           10.0 49480
nginx            1.9 12020
nginx            1.9 11904
systemd-journal  1.3 258932
isuride          0.9 15004
rsyslogd         0.7  5584
jbd2/sda1-8      0.7     0
kworker/0:1H-kb  0.2     0
2026-09-26T10:41:21+00:00
COMMAND         %CPU   RSS
mysqld          47.1 1071936
bench            9.9 53792
isuride          2.7 15512
nginx            1.9 12020
nginx            1.9 11904
systemd-journal  1.3 260076
rsyslogd         0.7  5584
jbd2/sda1-8      0.7     0
kworker/0:1H-kb  0.2     0
2026-09-26T10:41:23+00:00
COMMAND         %CPU   RSS
mysqld          47.1 1073408
bench           11.3 61240
isuride          4.8 16024
nginx            1.9 12020
nginx            1.9 11904
systemd-journal  1.3 261520
rsyslogd         0.7  5584
jbd2/sda1-8      0.7     0
kworker/0:1H-kb  0.2     0
2026-09-26T10:41:25+00:00
COMMAND         %CPU   RSS
mysqld          47.1 1076068
bench           13.4 75952
isuride          7.1 16588
nginx            1.9 12020
nginx            1.9 11904
systemd-journal  1.3 266992
rsyslogd         0.7  5584
jbd2/sda1-8      0.7     0
kworker/0:1H-kb  0.2     0
2026-09-26T10:41:27+00:00
COMMAND         %CPU   RSS
mysqld          47.2 1079740
bench           14.6 89716
isuride          9.1 18504
nginx            1.9 12020
nginx            1.9 11904
systemd-journal  1.3 269092
rsyslogd         0.7  5584
jbd2/sda1-8      0.7     0
kworker/0:1H-kb  0.2     0
2026-09-26T10:41:29+00:00
COMMAND         %CPU   RSS
mysqld          47.2 1084092
curl            25.0 12316
bench           16.1 105528
isuride         11.2 17684
nginx            1.9 12020
nginx            1.9 11904
systemd-journal  1.3 273092
rsyslogd         0.7  5584
jbd2/sda1-8      0.7     0
2026-09-26T10:41:31+00:00
COMMAND         %CPU   RSS
mysqld          47.2 1087816
bench           17.1 118920
isuride         13.0 17652
nginx            1.9 12020
nginx            1.9 11904
systemd-journal  1.3 276892
rsyslogd         0.7  5584
jbd2/sda1-8      0.7     0
kworker/0:1H-kb  0.2     0
2026-09-26T10:41:33+00:00
COMMAND         %CPU   RSS
mysqld          47.2 1090668
bench           17.7 132712
isuride         14.6 18420
nginx            1.9 12020
nginx            1.9 11904
systemd-journal  1.3 278820
rsyslogd         0.7  5584
jbd2/sda1-8      0.7     0
kworker/0:1H-kb  0.2     0
2026-09-26T10:41:35+00:00
COMMAND         %CPU   RSS
mysqld          47.2 1095092
bench           18.1 136512
isuride         16.1 20044
nginx            1.9 12020
nginx            1.9 11904
systemd-journal  1.3 284544
rsyslogd         0.7  5584
jbd2/sda1-8      0.7     0
kworker/0:1H-kb  0.2     0
2026-09-26T10:41:37+00:00
COMMAND         %CPU   RSS
mysqld          47.2 1099700
bench           18.3 142428
isuride         17.4 20420
nginx            1.9 12020
nginx            1.9 11904
systemd-journal  1.3 284604
rsyslogd         0.7  5584
jbd2/sda1-8      0.7     0
kworker/0:1H-kb  0.2     0
2026-09-26T10:41:39+00:00
COMMAND         %CPU   RSS
mysqld          47.3 1101712
isuride         18.6 21520
bench           18.6 150248
nginx            1.9 12020
nginx            1.9 11904
systemd-journal  1.3 284604
rsyslogd         0.7  5584
jbd2/sda1-8      0.7     0
kworker/0:1H-kb  0.2     0
2026-09-26T10:41:41+00:00
COMMAND         %CPU   RSS
mysqld          47.3 1104576
isuride         19.7 19716
bench           18.7 153292
nginx            1.9 12020
nginx            1.9 11904
systemd-journal  1.3 286440
rsyslogd         0.7  5584
jbd2/sda1-8      0.7     0
kworker/0:1H-kb  0.2     0
2026-09-26T10:41:43+00:00
COMMAND         %CPU   RSS
mysqld          47.3 1106916
isuride         20.7 20072
bench           18.8 160024
nginx            1.9 12020
nginx            1.9 11904
systemd-journal  1.3 291408
rsyslogd         0.7  5584
jbd2/sda1-8      0.7     0
kworker/0:1H-kb  0.2     0
2026-09-26T10:41:45+00:00
COMMAND         %CPU   RSS
mysqld          47.3 1108344
isuride         21.6 20216
bench           19.0 165844
curl             3.7 12316
nginx            1.9 12020
nginx            1.9 11904
systemd-journal  1.3 294544
rsyslogd         0.7  5584
jbd2/sda1-8      0.7     0
2026-09-26T10:41:47+00:00
COMMAND         %CPU   RSS
mysqld          47.3 1110652
isuride         22.5 20780
bench           19.0 170936
nginx            1.9 12020
nginx            1.9 11904
systemd-journal  1.3 296640
rsyslogd         0.7  5584
jbd2/sda1-8      0.7     0
kworker/0:1H-kb  0.2     0
2026-09-26T10:41:49+00:00
COMMAND         %CPU   RSS
mysqld          47.4 1112728
isuride         23.3 22704
bench           19.1 178052
nginx            1.9 12020
nginx            1.9 11904
systemd-journal  1.4 302320
rsyslogd         0.7  5584
jbd2/sda1-8      0.7     0
kworker/0:1H-kb  0.2     0
2026-09-26T10:41:51+00:00
COMMAND         %CPU   RSS
mysqld          47.4 1114272
isuride         24.0 21104
bench           19.2 184784
nginx            1.9 12020
nginx            1.9 11904
systemd-journal  1.4 304704
rsyslogd         0.7  5584
jbd2/sda1-8      0.7     0
kworker/0:1H-kb  0.2     0
2026-09-26T10:41:53+00:00
COMMAND         %CPU   RSS
mysqld          47.4 1116880
isuride         24.6 21660
bench           19.3 192108
nginx            1.9 12020
nginx            1.9 11904
systemd-journal  1.4 164872
rsyslogd         0.7  5584
jbd2/sda1-8      0.7     0
kworker/0:1H-kb  0.2     0
2026-09-26T10:41:55+00:00
COMMAND         %CPU   RSS
mysqld          47.4 1120624
isuride         25.2 22444
bench           19.3 198252
curl             8.3 12316
nginx            1.9 12020
nginx            1.9 11904
systemd-journal  1.4 165800
rsyslogd         0.7  5584
jbd2/sda1-8      0.7     0
2026-09-26T10:41:57+00:00
COMMAND         %CPU   RSS
mysqld          47.4 1121112
isuride         25.7 22656
bench           19.4 209800
nginx            1.9 12020
nginx            1.9 11904
systemd-journal  1.4 165800
rsyslogd         0.7  5584
jbd2/sda1-8      0.7     0
kworker/0:1H-kb  0.2     0
2026-09-26T10:41:59+00:00
COMMAND         %CPU   RSS
mysqld          47.5 1122188
isuride         26.3 23196
bench           19.4 211016
nginx            1.9 12020
nginx            1.9 11904
systemd-journal  1.4 165800
rsyslogd         0.7  5584
jbd2/sda1-8      0.7     0
kworker/0:1H-kb  0.2     0
2026-09-26T10:42:01+00:00
COMMAND         %CPU   RSS
mysqld          47.5 1124036
isuride         26.8 24236
bench           19.5 220640
nginx            1.9 12020
nginx            1.9 11904
curl             1.6 12308
systemd-journal  1.4 165800
rsyslogd         0.7  5584
jbd2/sda1-8      0.7     0
2026-09-26T10:42:03+00:00
COMMAND         %CPU   RSS
mysqld          47.5 1125396
isuride         27.3 22016
bench           19.5 235880
curl             6.2 12300
nginx            1.9 12020
nginx            1.9 11904
systemd-journal  1.4 165800
rsyslogd         0.7  5584
jbd2/sda1-8      0.7     0
2026-09-26T10:42:05+00:00
COMMAND         %CPU   RSS
mysqld          47.5 1125484
isuride         27.7 23696
bench           19.6 237252
nginx            1.9 12020
nginx            1.9 11904
curl             1.8 12316
systemd-journal  1.4 165800
rsyslogd         0.7  5584
jbd2/sda1-8      0.7     0
2026-09-26T10:42:07+00:00
COMMAND         %CPU   RSS
mysqld          47.6 1126500
isuride         28.2 23496
bench           19.6 254036
nginx            1.9 12020
nginx            1.9 11904
curl             1.7 12316
systemd-journal  1.4 165800
rsyslogd         0.7  5584
jbd2/sda1-8      0.7     0
2026-09-26T10:42:09+00:00
COMMAND         %CPU   RSS
mysqld          47.6 1126516
isuride         28.6 26848
bench           19.6 254368
nginx            1.9 12020
curl             1.9 12316
nginx            1.9 11904
systemd-journal  1.4 165800
rsyslogd         0.7  5584
jbd2/sda1-8      0.7     0
2026-09-26T10:42:11+00:00
COMMAND         %CPU   RSS
mysqld          47.6 1131560
isuride         28.9 28112
bench           19.6 272596
nginx            1.9 12020
nginx            1.9 11904
systemd-journal  1.4 167480
curl             0.8 12316
rsyslogd         0.7  5584
jbd2/sda1-8      0.7     0
2026-09-26T10:42:13+00:00
COMMAND         %CPU   RSS
mysqld          47.6 1127864
isuride         29.2 28396
bench           19.6 274136
nginx            1.9 12020
nginx            1.9 11904
systemd-journal  1.4 172488
rsyslogd         0.7  5584
jbd2/sda1-8      0.7     0
kworker/1:1H-kb  0.2     0
2026-09-26T10:42:15+00:00
COMMAND         %CPU   RSS
mysqld          47.6 1127892
isuride         29.5 30276
bench           19.6 281712
nginx            1.9 12020
nginx            1.9 11904
systemd-journal  1.4 175044
curl             0.8 12312
rsyslogd         0.7  5584
jbd2/sda1-8      0.7     0
2026-09-26T10:42:17+00:00
COMMAND         %CPU   RSS
mysqld          47.7 1128716
isuride         29.8 29444
bench           19.6 288016
nginx            1.9 12020
nginx            1.9 11904
systemd-journal  1.4 179332
rsyslogd         0.7  5584
jbd2/sda1-8      0.7     0
curl             0.3 12312
2026-09-26T10:42:19+00:00
COMMAND         %CPU   RSS
mysqld          47.7 1128808
isuride         30.1 22392
bench           19.5 289288
nginx            1.9 12020
nginx            1.9 11932
systemd-journal  1.4 182032
rsyslogd         0.7  5584
jbd2/sda1-8      0.7     0
kworker/1:1H-kb  0.2     0
2026-09-26T10:42:21+00:00
COMMAND         %CPU   RSS
mysqld          47.7 1128812
isuride         30.3 21360
bench           19.5 303724
nginx            1.9 12020
nginx            1.9 11932
systemd-journal  1.4 189816
rsyslogd         0.7  5584
jbd2/sda1-8      0.7     0
kworker/1:1H-kb  0.2     0
