procs -----------memory---------- ---swap-- -----io---- -system-- -------cpu------- -----timestamp-----
 r  b   swpd   free   buff  cache   si   so    bi    bo   in   cs us sy id wa st gu                 UTC
 3  0      0 426284  74016 2271656    0    0   157  6902 7453  139 27 12 60  1  0  0 2026-09-26 10:41:17
 9  1      0 368152  74016 2275824    0    0   188 64032 18517 42003 31 17 38 15  0  0 2026-09-26 10:41:18
 9  1      0 368152  74016 2277020    0    0     0  7132 17722 53434 19 14 65  2  0  0 2026-09-26 10:41:19
 1  0      0 367652  74016 2278304    0    0     0  8272 22146 67965 23 17 59  2  0  0 2026-09-26 10:41:20
 5  0      0 369396  74016 2279688    0    0    24 22984 27077 84623 30 23 44  3  0  0 2026-09-26 10:41:21
 7  0      0 367924  74016 2281252    0    0     4 15912 30313 102120 37 28 34  2  0  0 2026-09-26 10:41:22
 6  0      0 364688  74016 2283088    0    0     0 12864 28077 101561 37 28 34  2  0  0 2026-09-26 10:41:23
10  0      0 357288  74016 2284864    0    0     0 17780 26608 107316 45 34 19  2  0  0 2026-09-26 10:41:24
12  1      0 341064  74016 2288220    0    0     0 19372 24421 103590 49 35 14  2  0  0 2026-09-26 10:41:25
10  0      0 329100  74016 2290652    0    0     0 21696 25286 105809 48 39 11  2  0  0 2026-09-26 10:41:26
25  0      0 316500  74016 2292884    0    0     0 20212 24117 104665 48 36 14  2  0  0 2026-09-26 10:41:27
17  0      0 302948  74016 2296148    0    0     0 22400 22975 101538 55 36  7  2  0  0 2026-09-26 10:41:28
 9  1      0 286876  74016 2298660    0    0     0 21364 22248 101276 56 39  5  1  0  0 2026-09-26 10:41:29
 9  0      0 274276  74020 2303368    0    0     0 25340 20798 98749 56 41  3  1  0  0 2026-09-26 10:41:30
13  1      0 258904  74020 2305720    0    0     4 49768 19604 97863 57 41  2  0  0  0 2026-09-26 10:41:31
22  0      0 252860  74024 2308196    0    0     0 33152 22812 99599 54 40  5  1  0  0 2026-09-26 10:41:32
 9  0      0 243312  74024 2310572    0    0     0 25104 20894 97195 56 42  1  1  0  0 2026-09-26 10:41:33
28  0      0 235028  74024 2313328    0    0     0 23796 20985 97004 57 39  3  1  0  0 2026-09-26 10:41:34
38  0      0 232424  74024 2317024    0    0     0 26940 18878 98356 56 42  2  0  0  0 2026-09-26 10:41:35
12  0      0 222536  74024 2318776    0    0     0 52664 19818 94021 56 41  2  1  0  0 2026-09-26 10:41:36
24  0      0 215108  74028 2321252    0    0     0 27660 21668 96068 55 43  2  1  0  0 2026-09-26 10:41:37
procs -----------memory---------- ---swap-- -----io---- -system-- -------cpu------- -----timestamp-----
 r  b   swpd   free   buff  cache   si   so    bi    bo   in   cs us sy id wa st gu                 UTC
31  0      0 202784  74028 2322788    0    0     0 24240 22978 97519 56 42  2  1  0  0 2026-09-26 10:41:38
12  1      0 198248  74028 2324344    0    0     0 24780 18869 95696 58 41  1  1  0  0 2026-09-26 10:41:39
21  1      0 190480  74028 2326272    0    0     4 25264 21628 95970 54 44  2  0  0  0 2026-09-26 10:41:40
 9  1      0 187204  74028 2329960    0    0     0 28736 20434 93843 54 44  1  1  0  0 2026-09-26 10:41:41
11  1      0 178296  74028 2332432    0    0     0 35488 20803 93537 56 43  1  0  0  0 2026-09-26 10:41:42
14  0      0 174772  74028 2334744    0    0     0 28824 22156 93579 56 42  1  1  0  0 2026-09-26 10:41:43
27  1      0 167268  74028 2337108    0    0     0 28072 20597 92256 58 41  1  0  0  0 2026-09-26 10:41:44
17  0      0 162836  74028 2339448    0    0     0 25592 20935 88734 59 40  1  1  0  0 2026-09-26 10:41:45
39  0      0 157640  74028 2342944    0    0     0 29704 21526 91384 57 43  1  0  0  0 2026-09-26 10:41:46
26  0      0 149496  74028 2345500    0    0     4 26396 21721 99584 56 42  2  1  0  0 2026-09-26 10:41:47
58  0      0 140204  74028 2348068    0    0     0 25948 21485 94832 59 40  1  0  0  0 2026-09-26 10:41:48
23  1      0 130628  74028 2352684    0    0     0 30176 20658 91074 56 42  1  1  0  0 2026-09-26 10:41:49
37  0      0 123576  74028 2354888    0    0     0 50724 20646 89561 58 41  1  1  0  0 2026-09-26 10:41:50
44  0      0 124524  74028 2357404    0    0     0 30888 21130 97408 55 44  1  0  0  0 2026-09-26 10:41:51
12  0      0 102064  74028 2359928    0    0     0 26816 19591 92430 58 42  1  0  0  0 2026-09-26 10:41:52
45  0      0  95624  74028 2372856    0    0     0 65164 20359 87576 54 45  0  0  0  0 2026-09-26 10:41:53
47  0      0  82624  74028 2375772    0    0     0 25800 21440 90136 58 42  1  0  0  0 2026-09-26 10:41:54
15  1      0  75572  74028 2377772    0    0     4 24232 20383 93863 60 40  0  0  0  0 2026-09-26 10:41:55
26  0      0  72552  74028 2380188    0    0     0 23848 21838 95825 57 42  1  0  0  0 2026-09-26 10:41:56
 8  1      0  81752  73140 2357268    0    0     0 24704 18140 92429 58 41  1  0  0  0 2026-09-26 10:41:57
32  0      0  79300  73140 2358880    0    0     0 25032 19964 96427 57 43  1  0  0  0 2026-09-26 10:41:58
procs -----------memory---------- ---swap-- -----io---- -system-- -------cpu------- -----timestamp-----
 r  b   swpd   free   buff  cache   si   so    bi    bo   in   cs us sy id wa st gu                 UTC
27  1      0  97620  73112 2345192    0    0     0 22428 20610 88997 60 40  1  1  0  0 2026-09-26 10:41:59
52  0      0  82720  73112 2346948    0    0    16 21544 19589 94955 57 42  1  0  0  0 2026-09-26 10:42:00
13  1      0  72440  73112 2348412    0    0     0 22908 20205 90343 60 39  1  0  0  0 2026-09-26 10:42:01
10  0      0  91892  73096 2330288    0    0     0 25096 21384 96500 55 44  1  1  0  0 2026-09-26 10:42:02
16  1      0  87008  73128 2332300    0    0    32 31512 19253 91094 60 39  1  0  0  0 2026-09-26 10:42:03
39  0      0  90884  73112 2315956    0    0     0 22896 19644 88978 60 40  1  0  0  0 2026-09-26 10:42:04
38  0      0  82268  73112 2309292    0    0     4 22876 19763 91403 59 40  0  0  0  0 2026-09-26 10:42:05
40  1      0  81776  73112 2311008    0    0     0 24360 19730 96411 58 41  1  0  0  0 2026-09-26 10:42:06
53  1      0  85040  73112 2306364    0    0     0 23068 19858 95581 59 41  0  0  0  0 2026-09-26 10:42:07
17  1      0  92292  73112 2290416    0    0     0 25976 19706 89966 57 43  0  0  0  0 2026-09-26 10:42:08
 9  1      0  89768  73112 2292068    0    0     0 25500 21383 93541 56 43  1  0  0  0 2026-09-26 10:42:09
10  0      0  81724  73112 2294072    0    0     0 24988 19916 88077 62 38  0  1  0  0 2026-09-26 10:42:10
11  1      0  88192  73116 2279744    0    0     4 41244 20168 91003 59 40  1  0  0  0 2026-09-26 10:42:11
32  0      0  81112  73116 2282016    0    0     0 24312 19487 87011 58 41  0  0  0  0 2026-09-26 10:42:12
39  0      0  75924  73116 2286584    0    0     0 32796 18613 88446 59 41  0  0  0  0 2026-09-26 10:42:13
65  0      0  87320  73116 2271180    0    0     0 24560 20107 86941 60 40  1  0  0  0 2026-09-26 10:42:14
15  1      0  86016  73116 2261700    0    0     0 22612 19512 85693 61 38  0  0  0  0 2026-09-26 10:42:15
38  0      0  82308  73116 2264072    0    0     0 26180 21388 89635 56 42  2  1  0  0 2026-09-26 10:42:16
48  2      0  93832  73116 2250440    0    0     0 24288 19732 83037 58 39  3  1  0  0 2026-09-26 10:42:17
13  0      0  94388  73116 2252904    0    0     0 26104 20658 91315 56 41  2  2  0  0 2026-09-26 10:42:18
24  0      0  94136  73116 2255132    0    0     0  4852 17640 100548 64 32  4  0  0  0 2026-09-26 10:42:19
procs -----------memory---------- ---swap-- -----io---- -system-- -------cpu------- -----timestamp-----
 r  b   swpd   free   buff  cache   si   so    bi    bo   in   cs us sy id wa st gu                 UTC
 5  0      0  86580  73116 2257400    0    0     0  2908 18378 100426 65 30  5  0  0  0 2026-09-26 10:42:20
45  0      0  81264  73116 2262540    0    0     0  1384 16895 99000 67 29  4  0  0  0 2026-09-26 10:42:21
 8  0      0  76016  73116 2265208    0    0     0  1404 16394 102539 66 31  3  0  0  0 2026-09-26 10:42:22
