time=18:23:33.077 level=DEBUG source=/tmp/isucon14/bench/cmd/run.go:90 msg=target targetURL=https://isuride.xiv.isucon.net targetAddr=127.0.0.1:443 benchrun.GetTargetAddress()="" paymentURL=http://127.0.0.1:12346
time=18:23:33.077 level=INFO msg=負荷走行を開始します
time=18:23:36.029 level=DEBUG source=/tmp/isucon14/bench/benchmarker/scenario/scenario.go:315 msg=時間経過 tick=60
time=18:23:36.029 level=DEBUG source=/tmp/isucon14/bench/benchmarker/scenario/scenario.go:317 msg=eval reqs=0 score="[0 0 0 0 0]" criteria="[0 0 0 0]"
time=18:23:37.828 level=DEBUG source=/tmp/isucon14/bench/benchmarker/scenario/scenario.go:315 msg=時間経過 tick=120
time=18:23:37.828 level=DEBUG source=/tmp/isucon14/bench/benchmarker/scenario/scenario.go:317 msg=eval reqs=1 score="[0 0 0 1 0]" criteria="[1 0 1 1]"
time=18:23:39.629 level=INFO msg=これまでに地域内の評判によって2人、既存ユーザーの招待経由で1人が新規登録しました
time=18:23:39.629 level=INFO msg=0.0%のライドは椅子がマッチされるまでの時間、100.0%のライドはマッチされた椅子が乗車地点までに掛かる時間、0.0%のライドは椅子の実移動時間に不満がありました
time=18:23:39.628 level=DEBUG source=/tmp/isucon14/bench/benchmarker/scenario/scenario.go:315 msg=時間経過 tick=180
time=18:23:39.629 level=DEBUG source=/tmp/isucon14/bench/benchmarker/scenario/scenario.go:317 msg=eval reqs=1 score="[0 0 0 1 0]" criteria="[1 0 1 1]"
time=18:23:41.428 level=DEBUG source=/tmp/isucon14/bench/benchmarker/scenario/scenario.go:315 msg=時間経過 tick=240
time=18:23:41.428 level=DEBUG source=/tmp/isucon14/bench/benchmarker/scenario/scenario.go:317 msg=eval reqs=4 score="[0 0 2 2 0]" criteria="[2 0 4 4]"
time=18:23:43.228 level=DEBUG source=/tmp/isucon14/bench/benchmarker/scenario/scenario.go:315 msg=時間経過 tick=300
time=18:23:43.228 level=DEBUG source=/tmp/isucon14/bench/benchmarker/scenario/scenario.go:317 msg=eval reqs=5 score="[0 0 3 2 0]" criteria="[2 0 5 5]"
time=18:23:44.423 level=WARN msg="取得したオーナーの椅子一覧の情報が想定しているものと異なります (CODE=26): total_distanceの反映が遅いデータがあります (id: 01M3EGDVDB2EY92BMNBH2EK0TA)"
time=18:23:45.029 level=INFO msg=これまでに地域内の評判によって7人、既存ユーザーの招待経由で2人が新規登録しました
time=18:23:45.029 level=INFO msg=これまでに低評価なライドによって1人が利用をやめました
time=18:23:45.029 level=INFO msg=71.4%のライドは椅子がマッチされるまでの時間、100.0%のライドはマッチされた椅子が乗車地点までに掛かる時間、14.3%のライドは椅子の実移動時間に不満がありました
time=18:23:45.029 level=DEBUG source=/tmp/isucon14/bench/benchmarker/scenario/scenario.go:315 msg=時間経過 tick=360
time=18:23:45.029 level=DEBUG source=/tmp/isucon14/bench/benchmarker/scenario/scenario.go:317 msg=eval reqs=7 score="[0 2 3 2 0]" criteria="[2 0 7 5]"
time=18:23:46.827 level=INFO msg=一定の売上が立ったためオーナーの椅子が増加します 名前=街のりタクシー 増加数=1
time=18:23:46.829 level=DEBUG source=/tmp/isucon14/bench/benchmarker/scenario/scenario.go:315 msg=時間経過 tick=420
time=18:23:46.829 level=DEBUG source=/tmp/isucon14/bench/benchmarker/scenario/scenario.go:317 msg=eval reqs=8 score="[0 3 3 2 0]" criteria="[3 0 7 5]"
time=18:23:48.629 level=DEBUG source=/tmp/isucon14/bench/benchmarker/scenario/scenario.go:315 msg=時間経過 tick=480
time=18:23:48.629 level=DEBUG source=/tmp/isucon14/bench/benchmarker/scenario/scenario.go:317 msg=eval reqs=11 score="[0 5 4 2 0]" criteria="[4 0 8 7]"
time=18:23:50.428 level=DEBUG source=/tmp/isucon14/bench/benchmarker/scenario/scenario.go:315 msg=時間経過 tick=540
time=18:23:50.428 level=INFO msg=これまでに地域内の評判によって13人、既存ユーザーの招待経由で2人が新規登録しました
time=18:23:50.428 level=INFO msg=これまでに低評価なライドによって5人が利用をやめました
time=18:23:50.428 level=INFO msg=61.5%のライドは椅子がマッチされるまでの時間、100.0%のライドはマッチされた椅子が乗車地点までに掛かる時間、38.5%のライドは椅子の実移動時間に不満がありました
time=18:23:50.428 level=DEBUG source=/tmp/isucon14/bench/benchmarker/scenario/scenario.go:317 msg=eval reqs=13 score="[0 7 4 2 0]" criteria="[5 0 9 7]"
time=18:23:50.437 level=INFO msg=一定の売上が立ったためオーナーの椅子が増加します 名前=椅子工藝舎 増加数=1
time=18:23:52.228 level=DEBUG source=/tmp/isucon14/bench/benchmarker/scenario/scenario.go:315 msg=時間経過 tick=600
time=18:23:52.228 level=DEBUG source=/tmp/isucon14/bench/benchmarker/scenario/scenario.go:317 msg=eval reqs=14 score="[0 8 4 2 0]" criteria="[5 0 10 7]"
time=18:23:54.028 level=DEBUG source=/tmp/isucon14/bench/benchmarker/scenario/scenario.go:315 msg=時間経過 tick=660
time=18:23:54.029 level=DEBUG source=/tmp/isucon14/bench/benchmarker/scenario/scenario.go:317 msg=eval reqs=16 score="[2 8 4 2 0]" criteria="[5 0 10 7]"
time=18:23:54.055 level=INFO msg=一定の売上が立ったためオーナーの椅子が増加します 名前="Sit Second Life" 増加数=1
time=18:23:55.828 level=DEBUG source=/tmp/isucon14/bench/benchmarker/scenario/scenario.go:315 msg=時間経過 tick=720
time=18:23:55.829 level=DEBUG source=/tmp/isucon14/bench/benchmarker/scenario/scenario.go:317 msg=eval reqs=20 score="[5 8 5 2 0]" criteria="[6 0 10 8]"
time=18:23:55.829 level=INFO msg=これまでに地域内の評判によって19人、既存ユーザーの招待経由で2人が新規登録しました
time=18:23:55.829 level=INFO msg=これまでに低評価なライドによって10人が利用をやめました
time=18:23:55.829 level=INFO msg=70.0%のライドは椅子がマッチされるまでの時間、100.0%のライドはマッチされた椅子が乗車地点までに掛かる時間、55.0%のライドは椅子の実移動時間に不満がありました
time=18:23:55.853 level=INFO msg=一定の売上が立ったためオーナーの椅子が増加します 名前=GoEase 増加数=1
time=18:23:55.862 level=INFO msg=一定の売上が立ったためオーナーの椅子が増加します 名前=ひまわり交通 増加数=1
time=18:23:55.863 level=INFO msg=一定の売上が立ったためオーナーの椅子が増加します 名前=椅子工藝舎 増加数=1
time=18:23:55.863 level=INFO msg=一定の売上が立ったためオーナーの椅子が増加します 名前=街のりタクシー 増加数=1
time=18:23:57.628 level=DEBUG source=/tmp/isucon14/bench/benchmarker/scenario/scenario.go:315 msg=時間経過 tick=780
time=18:23:57.629 level=DEBUG source=/tmp/isucon14/bench/benchmarker/scenario/scenario.go:317 msg=eval reqs=23 score="[7 8 6 2 0]" criteria="[7 0 10 9]"
time=18:23:59.416 level=INFO msg=一定の売上が立ったためオーナーの椅子が増加します 名前=街のりタクシー 増加数=1
time=18:23:59.429 level=DEBUG source=/tmp/isucon14/bench/benchmarker/scenario/scenario.go:315 msg=時間経過 tick=840
time=18:23:59.429 level=DEBUG source=/tmp/isucon14/bench/benchmarker/scenario/scenario.go:317 msg=eval reqs=27 score="[10 9 6 2 0]" criteria="[7 0 10 10]"
time=18:24:01.229 level=DEBUG source=/tmp/isucon14/bench/benchmarker/scenario/scenario.go:315 msg=時間経過 tick=900
time=18:24:01.229 level=DEBUG source=/tmp/isucon14/bench/benchmarker/scenario/scenario.go:317 msg=eval reqs=29 score="[12 9 6 2 0]" criteria="[7 0 10 10]"
time=18:24:01.229 level=INFO msg=これまでに地域内の評判によって25人、既存ユーザーの招待経由で2人が新規登録しました
time=18:24:01.229 level=INFO msg=これまでに低評価なライドによって15人が利用をやめました
time=18:24:01.229 level=INFO msg=75.9%のライドは椅子がマッチされるまでの時間、100.0%のライドはマッチされた椅子が乗車地点までに掛かる時間、65.5%のライドは椅子の実移動時間に不満がありました
time=18:24:01.249 level=INFO msg=一定の売上が立ったためオーナーの椅子が増加します 名前=ひまわり交通 増加数=1
time=18:24:03.015 level=INFO msg=一定の売上が立ったためオーナーの椅子が増加します 名前=GoEase 増加数=1
time=18:24:03.028 level=DEBUG source=/tmp/isucon14/bench/benchmarker/scenario/scenario.go:315 msg=時間経過 tick=960
time=18:24:03.029 level=DEBUG source=/tmp/isucon14/bench/benchmarker/scenario/scenario.go:317 msg=eval reqs=32 score="[14 10 6 2 0]" criteria="[7 0 10 11]"
time=18:24:04.829 level=DEBUG source=/tmp/isucon14/bench/benchmarker/scenario/scenario.go:315 msg=時間経過 tick=1020
time=18:24:04.829 level=DEBUG source=/tmp/isucon14/bench/benchmarker/scenario/scenario.go:317 msg=eval reqs=34 score="[15 11 6 2 0]" criteria="[7 0 11 11]"
time=18:24:05.016 level=INFO msg=一定の売上が立ったためオーナーの椅子が増加します 名前=ひまわり交通 増加数=1
time=18:24:06.629 level=DEBUG source=/tmp/isucon14/bench/benchmarker/scenario/scenario.go:315 msg=時間経過 tick=1080
time=18:24:06.629 level=DEBUG source=/tmp/isucon14/bench/benchmarker/scenario/scenario.go:317 msg=eval reqs=36 score="[17 11 6 2 0]" criteria="[7 0 11 11]"
time=18:24:06.629 level=INFO msg=これまでに地域内の評判によって31人、既存ユーザーの招待経由で2人が新規登録しました
time=18:24:06.629 level=INFO msg=これまでに低評価なライドによって20人が利用をやめました
time=18:24:06.629 level=INFO msg=80.6%のライドは椅子がマッチされるまでの時間、100.0%のライドはマッチされた椅子が乗車地点までに掛かる時間、69.4%のライドは椅子の実移動時間に不満がありました
time=18:24:08.428 level=DEBUG source=/tmp/isucon14/bench/benchmarker/scenario/scenario.go:315 msg=時間経過 tick=1140
time=18:24:08.428 level=DEBUG source=/tmp/isucon14/bench/benchmarker/scenario/scenario.go:317 msg=eval reqs=37 score="[18 11 6 2 0]" criteria="[7 0 11 11]"
time=18:24:10.228 level=DEBUG source=/tmp/isucon14/bench/benchmarker/scenario/scenario.go:315 msg=時間経過 tick=1200
time=18:24:10.229 level=DEBUG source=/tmp/isucon14/bench/benchmarker/scenario/scenario.go:317 msg=eval reqs=40 score="[21 11 6 2 0]" criteria="[7 0 11 11]"
time=18:24:10.249 level=INFO msg=一定の売上が立ったためオーナーの椅子が増加します 名前=街のりタクシー 増加数=1
time=18:24:10.250 level=INFO msg=一定の売上が立ったためオーナーの椅子が増加します 名前=椅子工藝舎 増加数=1
time=18:24:12.028 level=DEBUG source=/tmp/isucon14/bench/benchmarker/scenario/scenario.go:315 msg=時間経過 tick=1260
time=18:24:12.028 level=DEBUG source=/tmp/isucon14/bench/benchmarker/scenario/scenario.go:317 msg=eval reqs=41 score="[22 11 6 2 0]" criteria="[7 0 11 11]"
time=18:24:12.028 level=INFO msg=これまでに地域内の評判によって37人、既存ユーザーの招待経由で2人が新規登録しました
time=18:24:12.028 level=INFO msg=これまでに低評価なライドによって24人が利用をやめました
time=18:24:12.028 level=INFO msg=82.9%のライドは椅子がマッチされるまでの時間、100.0%のライドはマッチされた椅子が乗車地点までに掛かる時間、73.2%のライドは椅子の実移動時間に不満がありました
time=18:24:13.858 level=DEBUG source=/tmp/isucon14/bench/benchmarker/scenario/scenario.go:315 msg=時間経過 tick=1320
time=18:24:13.858 level=DEBUG source=/tmp/isucon14/bench/benchmarker/scenario/scenario.go:317 msg=eval reqs=43 score="[23 12 6 2 0]" criteria="[7 0 12 11]"
time=18:24:13.960 level=INFO msg=一定の売上が立ったためオーナーの椅子が増加します 名前=GoEase 増加数=1
time=18:24:15.659 level=DEBUG source=/tmp/isucon14/bench/benchmarker/scenario/scenario.go:315 msg=時間経過 tick=1380
time=18:24:15.659 level=DEBUG source=/tmp/isucon14/bench/benchmarker/scenario/scenario.go:317 msg=eval reqs=44 score="[24 12 6 2 0]" criteria="[7 0 12 11]"
time=18:24:17.450 level=INFO msg=一定の売上が立ったためオーナーの椅子が増加します 名前=街のりタクシー 増加数=1
time=18:24:17.458 level=DEBUG source=/tmp/isucon14/bench/benchmarker/scenario/scenario.go:315 msg=時間経過 tick=1440
time=18:24:17.459 level=DEBUG source=/tmp/isucon14/bench/benchmarker/scenario/scenario.go:317 msg=eval reqs=47 score="[27 12 6 2 0]" criteria="[7 0 12 11]"
time=18:24:17.459 level=INFO msg=これまでに地域内の評判によって43人、既存ユーザーの招待経由で2人が新規登録しました
time=18:24:17.459 level=INFO msg=これまでに低評価なライドによって30人が利用をやめました
time=18:24:17.459 level=INFO msg=85.1%のライドは椅子がマッチされるまでの時間、100.0%のライドはマッチされた椅子が乗車地点までに掛かる時間、75.5%のライドは椅子の実移動時間に不満がありました
time=18:24:17.501 level=INFO msg=一定の売上が立ったためオーナーの椅子が増加します 名前="Sit Second Life" 増加数=1
time=18:24:19.259 level=DEBUG source=/tmp/isucon14/bench/benchmarker/scenario/scenario.go:315 msg=時間経過 tick=1500
time=18:24:19.259 level=DEBUG source=/tmp/isucon14/bench/benchmarker/scenario/scenario.go:317 msg=eval reqs=50 score="[29 13 6 2 0]" criteria="[7 0 12 12]"
time=18:24:19.330 level=INFO msg=一定の売上が立ったためオーナーの椅子が増加します 名前=椅子工藝舎 増加数=1
time=18:24:19.352 level=INFO msg=一定の売上が立ったためオーナーの椅子が増加します 名前=ひまわり交通 増加数=1
time=18:24:21.059 level=DEBUG source=/tmp/isucon14/bench/benchmarker/scenario/scenario.go:315 msg=時間経過 tick=1560
time=18:24:21.059 level=DEBUG source=/tmp/isucon14/bench/benchmarker/scenario/scenario.go:317 msg=eval reqs=53 score="[32 13 6 2 0]" criteria="[7 0 12 12]"
time=18:24:21.146 level=INFO msg=一定の売上が立ったためオーナーの椅子が増加します 名前=ひまわり交通 増加数=1
time=18:24:22.859 level=DEBUG source=/tmp/isucon14/bench/benchmarker/scenario/scenario.go:315 msg=時間経過 tick=1620
time=18:24:22.859 level=DEBUG source=/tmp/isucon14/bench/benchmarker/scenario/scenario.go:317 msg=eval reqs=56 score="[35 13 6 2 0]" criteria="[7 0 12 12]"
time=18:24:22.859 level=INFO msg=これまでに地域内の評判によって49人、既存ユーザーの招待経由で2人が新規登録しました
time=18:24:22.859 level=INFO msg=これまでに低評価なライドによって38人が利用をやめました
time=18:24:22.859 level=INFO msg=87.5%のライドは椅子がマッチされるまでの時間、100.0%のライドはマッチされた椅子が乗車地点までに掛かる時間、78.6%のライドは椅子の実移動時間に不満がありました
time=18:24:22.911 level=INFO msg=一定の売上が立ったためオーナーの椅子が増加します 名前=GoEase 増加数=1
time=18:24:22.934 level=INFO msg=一定の売上が立ったためオーナーの椅子が増加します 名前=街のりタクシー 増加数=1
time=18:24:24.658 level=DEBUG source=/tmp/isucon14/bench/benchmarker/scenario/scenario.go:315 msg=時間経過 tick=1680
time=18:24:24.658 level=DEBUG source=/tmp/isucon14/bench/benchmarker/scenario/scenario.go:317 msg=eval reqs=58 score="[36 14 6 2 0]" criteria="[7 0 12 13]"
time=18:24:26.458 level=DEBUG source=/tmp/isucon14/bench/benchmarker/scenario/scenario.go:315 msg=時間経過 tick=1740
time=18:24:26.458 level=DEBUG source=/tmp/isucon14/bench/benchmarker/scenario/scenario.go:317 msg=eval reqs=62 score="[39 15 6 2 0]" criteria="[7 0 12 14]"
time=18:24:28.259 level=INFO msg=これまでに地域内の評判によって55人、既存ユーザーの招待経由で2人が新規登録しました
time=18:24:28.259 level=INFO msg=これまでに低評価なライドによって46人が利用をやめました
time=18:24:28.259 level=INFO msg=89.2%のライドは椅子がマッチされるまでの時間、100.0%のライドはマッチされた椅子が乗車地点までに掛かる時間、80.0%のライドは椅子の実移動時間に不満がありました
time=18:24:28.259 level=DEBUG source=/tmp/isucon14/bench/benchmarker/scenario/scenario.go:315 msg=時間経過 tick=1800
time=18:24:28.259 level=DEBUG source=/tmp/isucon14/bench/benchmarker/scenario/scenario.go:317 msg=eval reqs=65 score="[42 15 6 2 0]" criteria="[7 0 12 14]"
time=18:24:28.363 level=INFO msg=一定の売上が立ったためオーナーの椅子が増加します 名前=椅子工藝舎 増加数=1
time=18:24:30.059 level=DEBUG source=/tmp/isucon14/bench/benchmarker/scenario/scenario.go:315 msg=時間経過 tick=1860
time=18:24:30.059 level=DEBUG source=/tmp/isucon14/bench/benchmarker/scenario/scenario.go:317 msg=eval reqs=67 score="[44 15 6 2 0]" criteria="[7 0 12 14]"
time=18:24:30.148 level=INFO msg=一定の売上が立ったためオーナーの椅子が増加します 名前=街のりタクシー 増加数=1
time=18:24:31.859 level=DEBUG source=/tmp/isucon14/bench/benchmarker/scenario/scenario.go:315 msg=時間経過 tick=1920
time=18:24:31.859 level=DEBUG source=/tmp/isucon14/bench/benchmarker/scenario/scenario.go:317 msg=eval reqs=73 score="[47 18 6 2 0]" criteria="[10 0 12 14]"
time=18:24:31.914 level=INFO msg=一定の売上が立ったためオーナーの椅子が増加します 名前="Sit Second Life" 増加数=1
time=18:24:33.659 level=INFO msg=これまでに地域内の評判によって61人、既存ユーザーの招待経由で2人が新規登録しました
time=18:24:33.659 level=INFO msg=これまでに低評価なライドによって53人が利用をやめました
time=18:24:33.659 level=INFO msg=85.5%のライドは椅子がマッチされるまでの時間、100.0%のライドはマッチされた椅子が乗車地点までに掛かる時間、82.9%のライドは椅子の実移動時間に不満がありました
time=18:24:33.659 level=DEBUG source=/tmp/isucon14/bench/benchmarker/scenario/scenario.go:315 msg=時間経過 tick=1980
time=18:24:33.659 level=DEBUG source=/tmp/isucon14/bench/benchmarker/scenario/scenario.go:317 msg=eval reqs=76 score="[49 19 6 2 0]" criteria="[11 0 12 14]"
time=18:24:33.790 level=INFO msg=一定の売上が立ったためオーナーの椅子が増加します 名前=ひまわり交通 増加数=2
time=18:24:39.228 level=INFO msg=最終地域情報 名前=チェアタウン ユーザー登録数=36 アクティブユーザー数=11
time=18:24:39.228 level=INFO msg=最終地域情報 名前=コシカケシティ ユーザー登録数=39 アクティブユーザー数=11
time=18:24:39.228 level=INFO msg=最終オーナー情報 名前=街のりタクシー 売上=134100 椅子数=11
time=18:24:39.228 level=INFO msg=最終オーナー情報 名前=椅子工藝舎 売上=89300 椅子数=9
time=18:24:39.228 level=INFO msg=最終オーナー情報 名前=ひまわり交通 売上=112600 椅子数=11
time=18:24:39.228 level=INFO msg=最終オーナー情報 名前="Sit Second Life" 売上=49800 椅子数=7
time=18:24:39.228 level=INFO msg=最終オーナー情報 名前=GoEase 売上=75400 椅子数=8
time=18:24:39.229 level=INFO msg=84.4%のライドは椅子がマッチされるまでの時間、100.0%のライドはマッチされた椅子が乗車地点までに掛かる時間、82.5%のライドは椅子の実移動時間に不満がありました
time=18:24:39.229 level=INFO msg=結果 pass=true スコア=7677 種別エラー数=map[26:1]
time=18:24:39.229 level=INFO msg=負荷走行が終了しました
