2026-09-26T09:23:33+00:00
COMMAND         %CPU   RSS
mysqld          10.1 546828
nginx            0.6  9568
nginx            0.5  9468
systemd-journal  0.3 83296
rsyslogd         0.1  5724
jbd2/sda1-8      0.1     0
rcu_preempt      0.0     0
multipathd       0.0 26488
systemd          0.0 12548
2026-09-26T09:23:35+00:00
COMMAND         %CPU   RSS
mysqld          10.3 581616
bench            9.5 46112
isuride          0.7 14600
nginx            0.6  9568
nginx            0.5  9468
systemd-journal  0.3 83564
rsyslogd         0.1  5728
jbd2/sda1-8      0.1     0
rcu_preempt      0.0     0
2026-09-26T09:23:37+00:00
COMMAND         %CPU   RSS
mysqld          10.5 616876
bench            9.2 52992
isuride          2.2 15348
nginx            0.6  9568
nginx            0.5  9468
systemd-journal  0.3 86480
rsyslogd         0.1  5744
jbd2/sda1-8      0.1     0
rcu_preempt      0.0     0
2026-09-26T09:23:39+00:00
COMMAND         %CPU   RSS
mysqld          10.7 648508
bench            9.6 53148
isuride          3.7 15900
nginx            0.6  9568
nginx            0.5  9468
systemd-journal  0.3 91464
rsyslogd         0.1  5760
jbd2/sda1-8      0.1     0
rcu_preempt      0.0     0
2026-09-26T09:23:41+00:00
COMMAND         %CPU   RSS
mysqld          10.9 599692
bench           10.2 56924
isuride          5.1 16024
nginx            0.6  9568
nginx            0.5  9468
systemd-journal  0.3 92820
rsyslogd         0.1  5776
jbd2/sda1-8      0.1     0
rcu_preempt      0.0     0
2026-09-26T09:23:43+00:00
COMMAND         %CPU   RSS
mysqld          11.1 600924
bench           10.4 61304
isuride          6.5 16432
nginx            0.6  9568
nginx            0.5  9468
systemd-journal  0.3 93920
rsyslogd         0.1  5796
jbd2/sda1-8      0.1     0
rcu_preempt      0.0     0
2026-09-26T09:23:45+00:00
COMMAND         %CPU   RSS
mysqld          11.4 605212
bench           11.0 64880
isuride          7.7 16208
nginx            0.6  9568
nginx            0.5  9468
systemd-journal  0.3 95172
rsyslogd         0.1  5812
jbd2/sda1-8      0.1     0
rcu_preempt      0.0     0
2026-09-26T09:23:47+00:00
COMMAND         %CPU   RSS
mysqld          11.6 608436
bench           11.2 68072
isuride          8.8 16588
nginx            0.6  9568
nginx            0.5  9468
systemd-journal  0.3 98244
rsyslogd         0.1  5832
jbd2/sda1-8      0.1     0
rcu_preempt      0.0     0
2026-09-26T09:23:49+00:00
COMMAND         %CPU   RSS
mysqld          11.9 613840
bench           11.5 73424
isuride          9.8 16228
nginx            0.6  9568
nginx            0.5  9468
systemd-journal  0.3 99532
rsyslogd         0.1  5848
jbd2/sda1-8      0.1     0
rcu_preempt      0.0     0
2026-09-26T09:23:51+00:00
COMMAND         %CPU   RSS
mysqld          12.1 618012
bench           11.6 76844
isuride         10.6 16772
nginx            0.6  9568
nginx            0.5  9468
systemd-journal  0.3 100540
rsyslogd         0.1  5528
jbd2/sda1-8      0.1     0
rcu_preempt      0.0     0
2026-09-26T09:23:53+00:00
COMMAND         %CPU   RSS
mysqld          12.4 619328
bench           11.8 80984
isuride         11.4 16876
nginx            0.7  9568
nginx            0.5  9468
systemd-journal  0.3 101636
rsyslogd         0.1  5528
jbd2/sda1-8      0.1     0
rcu_preempt      0.0     0
2026-09-26T09:23:55+00:00
COMMAND         %CPU   RSS
mysqld          12.6 639196
isuride         12.0 17212
bench           11.9 81556
nginx            0.7  9568
nginx            0.5  9468
systemd-journal  0.3 102512
rsyslogd         0.1  5528
jbd2/sda1-8      0.1     0
rcu_preempt      0.0     0
2026-09-26T09:23:57+00:00
COMMAND         %CPU   RSS
mysqld          12.9 658800
isuride         12.6 17800
bench           11.9 84664
curl             5.0 12304
nginx            0.7  9568
nginx            0.5  9468
systemd-journal  0.4 106700
rsyslogd         0.1  5528
jbd2/sda1-8      0.1     0
2026-09-26T09:23:59+00:00
COMMAND         %CPU   RSS
mysqld          13.2 666888
isuride         13.1 17488
bench           11.9 89064
nginx            0.7  9568
nginx            0.5  9468
systemd-journal  0.4 108644
rsyslogd         0.1  5528
jbd2/sda1-8      0.1     0
rcu_preempt      0.1     0
2026-09-26T09:24:01+00:00
COMMAND         %CPU   RSS
isuride         13.7 17168
mysqld          13.4 632928
bench           12.0 93420
nginx            0.7  9568
nginx            0.6  9468
systemd-journal  0.4 109952
rsyslogd         0.1  5528
jbd2/sda1-8      0.1     0
rcu_preempt      0.1     0
2026-09-26T09:24:03+00:00
COMMAND         %CPU   RSS
isuride         14.1 17608
mysqld          13.7 634252
bench           12.0 97744
nginx            0.7  9568
nginx            0.6  9468
systemd-journal  0.4 111040
rsyslogd         0.1  5528
jbd2/sda1-8      0.1     0
rcu_preempt      0.1     0
2026-09-26T09:24:05+00:00
COMMAND         %CPU   RSS
isuride         14.5 18048
mysqld          13.9 634328
bench           12.2 100620
nginx            0.7  9568
nginx            0.6  9468
systemd-journal  0.4 114256
rsyslogd         0.1  5528
jbd2/sda1-8      0.1     0
rcu_preempt      0.1     0
2026-09-26T09:24:07+00:00
COMMAND         %CPU   RSS
isuride         14.9 18692
mysqld          14.2 634544
bench           12.2 100884
nginx            0.7  9568
nginx            0.6  9468
systemd-journal  0.4 116016
rsyslogd         0.1  5528
jbd2/sda1-8      0.1     0
rcu_preempt      0.1     0
2026-09-26T09:24:09+00:00
COMMAND         %CPU   RSS
isuride         15.2 18596
mysqld          14.4 636904
bench           12.2 105292
nginx            0.7  9568
nginx            0.6  9468
systemd-journal  0.4 116992
rsyslogd         0.1  5528
jbd2/sda1-8      0.1     0
rcu_preempt      0.1     0
2026-09-26T09:24:11+00:00
COMMAND         %CPU   RSS
curl            33.3 12304
isuride         15.6 18396
mysqld          14.7 637980
bench           12.1 105636
nginx            0.7  9568
nginx            0.6  9468
systemd-journal  0.4 117968
rsyslogd         0.1  5528
jbd2/sda1-8      0.1     0
2026-09-26T09:24:13+00:00
COMMAND         %CPU   RSS
isuride         15.8 19172
mysqld          14.9 674256
bench           12.1 113168
nginx            0.7  9568
nginx            0.6  9468
systemd-journal  0.4 118888
rsyslogd         0.1  5528
jbd2/sda1-8      0.1     0
rcu_preempt      0.1     0
2026-09-26T09:24:15+00:00
COMMAND         %CPU   RSS
isuride         16.1 19488
mysqld          15.2 662188
bench           12.2 113216
curl            11.1 12304
nginx            0.7  9568
nginx            0.6  9468
systemd-journal  0.4 119728
jbd2/sda1-8      0.2     0
rsyslogd         0.2  5528
2026-09-26T09:24:17+00:00
COMMAND         %CPU   RSS
isuride         16.3 19108
mysqld          15.5 666112
bench           12.2 117692
nginx            0.7  9568
nginx            0.6  9468
systemd-journal  0.4 123896
jbd2/sda1-8      0.2     0
rsyslogd         0.2  5528
rcu_preempt      0.1     0
2026-09-26T09:24:19+00:00
COMMAND         %CPU   RSS
isuride         16.5 19480
mysqld          15.7 635528
bench           12.1 121364
nginx            0.7  9568
nginx            0.6  9468
systemd-journal  0.4 125304
jbd2/sda1-8      0.2     0
rsyslogd         0.2  5528
rcu_preempt      0.1     0
2026-09-26T09:24:21+00:00
COMMAND         %CPU   RSS
isuride         16.7 20300
mysqld          16.0 639012
bench           12.2 123896
nginx            0.8  9568
nginx            0.6  9468
systemd-journal  0.4 126492
jbd2/sda1-8      0.2     0
rsyslogd         0.2  5528
rcu_preempt      0.1     0
2026-09-26T09:24:23+00:00
COMMAND         %CPU   RSS
isuride         17.0 19620
mysqld          16.2 636024
bench           12.1 130140
nginx            0.8  9568
nginx            0.6  9468
systemd-journal  0.4 127560
jbd2/sda1-8      0.2     0
rsyslogd         0.2  5528
rcu_preempt      0.1     0
2026-09-26T09:24:25+00:00
COMMAND         %CPU   RSS
isuride         17.1 19512
mysqld          16.5 636204
bench           12.1 130360
nginx            0.8  9568
nginx            0.6  9480
systemd-journal  0.4 128508
jbd2/sda1-8      0.2     0
rsyslogd         0.2  5528
rcu_preempt      0.1     0
2026-09-26T09:24:27+00:00
COMMAND         %CPU   RSS
isuride         17.3 20124
mysqld          16.7 635436
bench           12.1 136308
nginx            0.8  9568
nginx            0.6  9480
systemd-journal  0.4 131008
jbd2/sda1-8      0.2     0
rsyslogd         0.2  5528
rcu_preempt      0.1     0
2026-09-26T09:24:29+00:00
COMMAND         %CPU   RSS
isuride         17.4 19412
mysqld          17.0 637312
bench           12.1 136432
nginx            0.8  9568
nginx            0.7  9480
systemd-journal  0.4 133876
jbd2/sda1-8      0.2     0
rsyslogd         0.2  5528
rcu_preempt      0.1     0
2026-09-26T09:24:31+00:00
COMMAND         %CPU   RSS
isuride         17.5 19612
mysqld          17.2 675412
bench           12.0 140956
nginx            0.8  9568
nginx            0.7  9508
systemd-journal  0.4 135340
jbd2/sda1-8      0.2     0
rsyslogd         0.2  5528
rcu_preempt      0.1     0
2026-09-26T09:24:33+00:00
COMMAND         %CPU   RSS
isuride         17.6 20676
mysqld          17.5 670132
bench           12.1 142008
nginx            0.8  9568
nginx            0.7  9508
systemd-journal  0.4 136204
jbd2/sda1-8      0.2     0
rsyslogd         0.2  5528
rcu_preempt      0.1     0
2026-09-26T09:24:35+00:00
COMMAND         %CPU   RSS
mysqld          17.8 638688
isuride         17.7 20008
bench           12.0 142640
nginx            0.8  9568
nginx            0.7  9508
systemd-journal  0.4 137200
jbd2/sda1-8      0.2     0
rsyslogd         0.2  5528
rcu_preempt      0.1     0
2026-09-26T09:24:37+00:00
COMMAND         %CPU   RSS
mysqld          18.0 633592
isuride         17.9 18096
bench           12.0 147364
nginx            0.8  9568
nginx            0.7  9508
systemd-journal  0.5 140704
jbd2/sda1-8      0.2     0
rsyslogd         0.2  5528
rcu_preempt      0.1     0
