procs -----------memory---------- ---swap-- -----io---- -system-- -------cpu------- -----timestamp-----
 r  b   swpd   free   buff  cache   si   so    bi    bo   in   cs us sy id wa st gu                 UTC
 3  0      0 2511768  87588 678316    0    0   608  1283 1692   26  8  3 89  0  0  0 2026-09-26 09:23:33
 0  1      0 2457512  87636 683120    0    0   128 53264 14354 28686 24 12 40 23  0  0 2026-09-26 09:23:34
 0  0      0 2446628  87648 683880    0    0     0  3540 12699 37281 71 14 14  1  0  0 2026-09-26 09:23:35
 0  0      0 2406972  87660 684540    0    0     0  4760 20932 60923 48 16 34  2  0  0 2026-09-26 09:23:36
18  0      0 2391508  87676 690564    0    0     0  7272 22887 68183 43 18 37  2  0  0 2026-09-26 09:23:37
 0  0      0 2390600  87680 686452    0    0     0  9296 21407 71589 59 20 20  2  0  0 2026-09-26 09:23:38
26  0      0 2380524  87704 695040    0    0     0 11720 19575 67025 54 25 20  2  0  0 2026-09-26 09:23:39
19  0      0 2369840  87744 690936    0    0     0 21240 19029 67722 60 25 13  2  0  0 2026-09-26 09:23:40
 5  0      0 2362644  87764 692096    0    0     0 13140 19329 68906 65 24 10  1  0  0 2026-09-26 09:23:41
 1  0      0 2368628  87804 693084    0    0     0 11700 22268 81744 57 24 17  2  0  0 2026-09-26 09:23:42
34  0      0 2356032  87820 694252    0    0     0 13584 18752 68072 64 26 10  1  0  0 2026-09-26 09:23:43
18  1      0 2363856  87836 695456    0    0     0 13112 17505 65610 63 28  9  1  0  0 2026-09-26 09:23:44
 8  0      0 2341732  87880 697500    0    0     0 29692 18048 65652 66 29  4  1  0  0 2026-09-26 09:23:45
14  0      0 2340504  87884 705764    0    0     0 15432 17976 66994 65 27  7  2  0  0 2026-09-26 09:23:46
16  0      0 2307996  87908 701504    0    0     0 15796 17843 65673 68 28  4  1  0  0 2026-09-26 09:23:47
27  1      0 2329728  87952 707196    0    0     0 17148 17382 63843 69 28  3  1  0  0 2026-09-26 09:23:48
21  0      0 2348188  87960 704668    0    0     0 19540 17492 64395 67 31  3  0  0  0 2026-09-26 09:23:49
10  0      0 2324172  87964 707940    0    0     0 28632 15373 52087 66 30  3  1  0  0 2026-09-26 09:23:50
21  1      0 2344360  87972 706864    0    0   128 17756 15877 59460 61 30  6  2  0  0 2026-09-26 09:23:51
12  1      0 2328244  87980 707892    0    0     0 17056 18279 60065 67 28  3  2  0  0 2026-09-26 09:23:52
 4  2      0 2338688  87996 711436    0    0     0 18196 18435 71114 60 31  7  2  0  0 2026-09-26 09:23:53
procs -----------memory---------- ---swap-- -----io---- -system-- -------cpu------- -----timestamp-----
 r  b   swpd   free   buff  cache   si   so    bi    bo   in   cs us sy id wa st gu                 UTC
13  1      0 2326148  88000 712456    0    0     0 14324 15413 50998 69 28  3  1  0  0 2026-09-26 09:23:54
15  0      0 2328528  88008 723688    0    0     0 18568 18245 67719 62 30  6  2  0  0 2026-09-26 09:23:55
34  1      0 2316096  88012 714492    0    0     0 13580 14108 49854 70 27  3  1  0  0 2026-09-26 09:23:56
10  0      0 2295940  88020 720836    0    0     0 17804 18035 67729 67 29  3  1  0  0 2026-09-26 09:23:57
21  0      0 2303056  88044 716976    0    0     0 17872 18199 68796 68 30  2  1  0  0 2026-09-26 09:23:58
20  1      0 2263036  88044 723428    0    0     0 17468 18364 66190 69 28  2  1  0  0 2026-09-26 09:23:59
23  0      0 2252732  88052 719296    0    0     0 15308 17311 61923 66 30  3  1  0  0 2026-09-26 09:24:00
13  1      0 2254472  88052 720868    0    0     0 17116 17520 64132 70 28  2  1  0  0 2026-09-26 09:24:01
30  1      0 2263436  88064 722168    0    0     0 17804 17283 72242 63 33  4  0  0  0 2026-09-26 09:24:02
26  1      0 2207040  88072 723404    0    0     0 16472 15395 56566 70 27  2  1  0  0 2026-09-26 09:24:03
36  0      0 2208752  88076 734000    0    0     0 23356 17999 63726 65 30  4  2  0  0 2026-09-26 09:24:04
16  1      0 2220368  88080 725300    0    0     0 19880 14530 45095 68 31  2  0  0  0 2026-09-26 09:24:05
18  0      0 2223344  88080 731672    0    0     0 11892 13139 42386 67 32  1  0  0  0 2026-09-26 09:24:06
36  0      0 2246528  88084 726792    0    0     0 12712 13209 44773 71 28  1  1  0  0 2026-09-26 09:24:07
14  0      0 2247180  88084 729360    0    0     0 17232 16337 59521 69 26  4  1  0  0 2026-09-26 09:24:08
25  0      0 2251120  88088 728800    0    0     0 12920 13432 48705 63 32  3  1  0  0 2026-09-26 09:24:09
 9  1      0 2226620  88092 732636    0    0     0 44312 14191 49640 69 28  2  1  0  0 2026-09-26 09:24:10
34  0      0 2268544  88096 730888    0    0     0 19192 15569 61194 66 30  3  2  0  0 2026-09-26 09:24:11
 9  1      0 2193236  88096 732000    0    0     0 16216 15198 54290 69 29  2  1  0  0 2026-09-26 09:24:12
38  0      0 2192996  88096 746628    0    0     0 19996 17687 61961 64 31  3  1  0  0 2026-09-26 09:24:13
34  0      0 2192964  88100 734960    0    0     0 14708 13017 43038 69 29  1  1  0  0 2026-09-26 09:24:14
procs -----------memory---------- ---swap-- -----io---- -system-- -------cpu------- -----timestamp-----
 r  b   swpd   free   buff  cache   si   so    bi    bo   in   cs us sy id wa st gu                 UTC
33  0      0 2230416  88100 742064    0    0     0 18276 16340 60401 68 29  3  1  0  0 2026-09-26 09:24:15
38  0      0 2247388  88100 737168    0    0     0 17868 17416 61036 64 30  4  2  0  0 2026-09-26 09:24:16
18  0      0 2208172  88100 742832    0    0     0 17988 17310 56853 68 29  2  1  0  0 2026-09-26 09:24:17
22  0      0 2216604  88108 739496    0    0     0 18176 16597 59450 65 30  3  2  0  0 2026-09-26 09:24:18
11  0      0 2233104  88112 743564    0    0     0 16056 15886 53013 70 26  3  1  0  0 2026-09-26 09:24:19
 9  0      0 2250712  88112 742392    0    0    16 24544 17364 60876 64 30  5  2  0  0 2026-09-26 09:24:20
 9  0      0 2224540  88116 743284    0    0     0 35320 12133 42491 72 27  1  1  0  0 2026-09-26 09:24:21
27  0      0 2230096  88120 752364    0    0     0 19304 17851 64331 66 28  4  2  0  0 2026-09-26 09:24:22
10  0      0 2165876  88120 745644    0    0     0 17008 14550 54424 72 26  1  1  0  0 2026-09-26 09:24:23
18  0      0 2157816  88120 756396    0    0     0 17240 17494 61067 68 28  4  1  0  0 2026-09-26 09:24:24
14  1      0 2157528  88120 750048    0    0     0 15080 13838 51126 70 27  2  1  0  0 2026-09-26 09:24:25
22  0      0 2142300  88120 757636    0    0     0 16324 15460 52068 69 28  3  1  0  0 2026-09-26 09:24:26
24  1      0 2129188  88120 751924    0    0     0 17868 14096 56257 71 28  1  1  0  0 2026-09-26 09:24:27
52  0      0 2128688  88120 757936    0    0     0 16340 15471 50865 72 25  2  1  0  0 2026-09-26 09:24:28
24  0      0 2152724  88120 754088    0    0     0 17576 18414 64368 67 28  4  1  0  0 2026-09-26 09:24:29
26  0      0 2139948  88120 756756    0    0     0 15064 17255 55046 73 25  2  1  0  0 2026-09-26 09:24:30
15  1      0 2140004  88120 763072    0    0     0 17476 15697 61315 68 29  3  1  0  0 2026-09-26 09:24:31
27  0      0 2105484  88120 758868    0    0     0 12816 14421 44466 72 28  1  0  0  0 2026-09-26 09:24:32
13  1      0 2161412  88120 765068    0    0     0 15244 15039 53673 70 27  2  1  0  0 2026-09-26 09:24:33
25  1      0 2136216  88120 758988    0    0     0 13800 14788 48799 75 23  2  1  0  0 2026-09-26 09:24:34
14  0      0 2140480  88120 759856    0    0     0  9996 13394 56720 82 17  1  0  0  0 2026-09-26 09:24:35
procs -----------memory---------- ---swap-- -----io---- -system-- -------cpu------- -----timestamp-----
 r  b   swpd   free   buff  cache   si   so    bi    bo   in   cs us sy id wa st gu                 UTC
 3  0      0 2163032  88120 760944    0    0     0 10120 17495 76377 73 18  9  0  0  0 2026-09-26 09:24:36
11  0      0 2164124  88120 762124    0    0     0   836 21929 90245 62 19 18  1  0  0 2026-09-26 09:24:37
 7  0      0 2172208  88120 763204    0    0     0   764 21027 87804 64 21 14  0  0  0 2026-09-26 09:24:38
 6  0      0 2183096  88120 764176    0    0     0   800 16702 65053 63 22 15  0  0  0 2026-09-26 09:24:39
