time=18:41:26.745 level=DEBUG source=/tmp/isucon14/bench/cmd/run.go:90 msg=target targetURL=https://isuride.xiv.isucon.net targetAddr=127.0.0.1:443 benchrun.GetTargetAddress()="" paymentURL=http://127.0.0.1:12346
time=18:41:26.745 level=INFO msg=負荷走行を開始します
time=18:41:29.489 level=DEBUG source=/tmp/isucon14/bench/benchmarker/scenario/scenario.go:315 msg=時間経過 tick=60
time=18:41:29.490 level=DEBUG source=/tmp/isucon14/bench/benchmarker/scenario/scenario.go:317 msg=eval reqs=0 score="[0 0 0 0 0]" criteria="[0 0 0 0]"
time=18:41:31.290 level=DEBUG source=/tmp/isucon14/bench/benchmarker/scenario/scenario.go:315 msg=時間経過 tick=120
time=18:41:31.290 level=DEBUG source=/tmp/isucon14/bench/benchmarker/scenario/scenario.go:317 msg=eval reqs=1 score="[0 0 1 0 0]" criteria="[1 0 1 0]"
time=18:41:33.090 level=DEBUG source=/tmp/isucon14/bench/benchmarker/scenario/scenario.go:315 msg=時間経過 tick=180
time=18:41:33.090 level=INFO msg=これまでに地域内の評判によって1人、既存ユーザーの招待経由で1人が新規登録しました
time=18:41:33.090 level=DEBUG source=/tmp/isucon14/bench/benchmarker/scenario/scenario.go:317 msg=eval reqs=3 score="[0 0 2 1 0]" criteria="[3 0 2 2]"
time=18:41:33.090 level=INFO msg=0.0%のライドは椅子がマッチされるまでの時間、100.0%のライドはマッチされた椅子が乗車地点までに掛かる時間、33.3%のライドは椅子の実移動時間に不満がありました
time=18:41:34.890 level=DEBUG source=/tmp/isucon14/bench/benchmarker/scenario/scenario.go:315 msg=時間経過 tick=240
time=18:41:34.890 level=DEBUG source=/tmp/isucon14/bench/benchmarker/scenario/scenario.go:317 msg=eval reqs=4 score="[0 0 3 1 0]" criteria="[3 0 3 3]"
time=18:41:36.689 level=DEBUG source=/tmp/isucon14/bench/benchmarker/scenario/scenario.go:315 msg=時間経過 tick=300
time=18:41:36.689 level=DEBUG source=/tmp/isucon14/bench/benchmarker/scenario/scenario.go:317 msg=eval reqs=4 score="[0 0 3 1 0]" criteria="[3 0 3 3]"
time=18:41:38.490 level=INFO msg=これまでに地域内の評判によって7人、既存ユーザーの招待経由で2人が新規登録しました
time=18:41:38.490 level=INFO msg=33.3%のライドは椅子がマッチされるまでの時間、100.0%のライドはマッチされた椅子が乗車地点までに掛かる時間、16.7%のライドは椅子の実移動時間に不満がありました
time=18:41:38.489 level=DEBUG source=/tmp/isucon14/bench/benchmarker/scenario/scenario.go:315 msg=時間経過 tick=360
time=18:41:38.490 level=DEBUG source=/tmp/isucon14/bench/benchmarker/scenario/scenario.go:317 msg=eval reqs=6 score="[0 0 4 2 0]" criteria="[4 0 5 5]"
time=18:41:40.281 level=INFO msg=一定の売上が立ったためオーナーの椅子が増加します 名前=風座プロダクツ 増加数=1
time=18:41:40.289 level=DEBUG source=/tmp/isucon14/bench/benchmarker/scenario/scenario.go:315 msg=時間経過 tick=420
time=18:41:40.290 level=DEBUG source=/tmp/isucon14/bench/benchmarker/scenario/scenario.go:317 msg=eval reqs=9 score="[0 1 6 2 0]" criteria="[5 0 7 7]"
time=18:41:42.099 level=DEBUG source=/tmp/isucon14/bench/benchmarker/scenario/scenario.go:315 msg=時間経過 tick=480
time=18:41:42.099 level=DEBUG source=/tmp/isucon14/bench/benchmarker/scenario/scenario.go:317 msg=eval reqs=10 score="[1 1 6 2 0]" criteria="[5 0 7 7]"
time=18:41:43.890 level=DEBUG source=/tmp/isucon14/bench/benchmarker/scenario/scenario.go:315 msg=時間経過 tick=540
time=18:41:43.890 level=DEBUG source=/tmp/isucon14/bench/benchmarker/scenario/scenario.go:317 msg=eval reqs=10 score="[1 1 6 2 0]" criteria="[5 0 7 7]"
time=18:41:43.890 level=INFO msg=これまでに地域内の評判によって12人、既存ユーザーの招待経由で2人が新規登録しました
time=18:41:43.890 level=INFO msg=これまでに低評価なライドによって1人が利用をやめました
time=18:41:43.890 level=INFO msg=50.0%のライドは椅子がマッチされるまでの時間、100.0%のライドはマッチされた椅子が乗車地点までに掛かる時間、30.0%のライドは椅子の実移動時間に不満がありました
time=18:41:45.689 level=DEBUG source=/tmp/isucon14/bench/benchmarker/scenario/scenario.go:315 msg=時間経過 tick=600
time=18:41:45.689 level=DEBUG source=/tmp/isucon14/bench/benchmarker/scenario/scenario.go:317 msg=eval reqs=10 score="[1 1 6 2 0]" criteria="[5 0 7 7]"
time=18:41:47.470 level=INFO msg=一定の売上が立ったためオーナーの椅子が増加します 名前=再座堂 増加数=1
time=18:41:47.489 level=DEBUG source=/tmp/isucon14/bench/benchmarker/scenario/scenario.go:315 msg=時間経過 tick=660
time=18:41:47.489 level=DEBUG source=/tmp/isucon14/bench/benchmarker/scenario/scenario.go:317 msg=eval reqs=13 score="[3 2 6 2 0]" criteria="[5 0 7 8]"
time=18:41:49.290 level=DEBUG source=/tmp/isucon14/bench/benchmarker/scenario/scenario.go:315 msg=時間経過 tick=720
time=18:41:49.290 level=DEBUG source=/tmp/isucon14/bench/benchmarker/scenario/scenario.go:317 msg=eval reqs=16 score="[4 4 6 2 0]" criteria="[5 0 8 9]"
time=18:41:49.290 level=INFO msg=これまでに地域内の評判によって16人、既存ユーザーの招待経由で2人が新規登録しました
time=18:41:49.290 level=INFO msg=これまでに低評価なライドによって5人が利用をやめました
time=18:41:49.290 level=INFO msg=68.8%のライドは椅子がマッチされるまでの時間、100.0%のライドはマッチされた椅子が乗車地点までに掛かる時間、46.9%のライドは椅子の実移動時間に不満がありました
time=18:41:49.295 level=INFO msg=一定の売上が立ったためオーナーの椅子が増加します 名前=ふたたび椅子堂 増加数=1
time=18:41:51.082 level=INFO msg=一定の売上が立ったためオーナーの椅子が増加します 名前=風座プロダクツ 増加数=1
time=18:41:51.082 level=INFO msg=一定の売上が立ったためオーナーの椅子が増加します 名前=再座堂 増加数=1
time=18:41:51.086 level=INFO msg=一定の売上が立ったためオーナーの椅子が増加します 名前=暮らしの椅子研究所 増加数=1
time=18:41:51.089 level=DEBUG source=/tmp/isucon14/bench/benchmarker/scenario/scenario.go:315 msg=時間経過 tick=780
time=18:41:51.089 level=DEBUG source=/tmp/isucon14/bench/benchmarker/scenario/scenario.go:317 msg=eval reqs=22 score="[8 6 6 2 0]" criteria="[5 0 9 10]"
time=18:41:52.889 level=DEBUG source=/tmp/isucon14/bench/benchmarker/scenario/scenario.go:315 msg=時間経過 tick=840
time=18:41:52.890 level=DEBUG source=/tmp/isucon14/bench/benchmarker/scenario/scenario.go:317 msg=eval reqs=25 score="[9 7 7 2 0]" criteria="[6 0 10 11]"
time=18:41:54.685 level=INFO msg=一定の売上が立ったためオーナーの椅子が増加します 名前="Orbit Taxi" 増加数=1
time=18:41:54.690 level=INFO msg=これまでに地域内の評判によって22人、既存ユーザーの招待経由で2人が新規登録しました
time=18:41:54.690 level=INFO msg=これまでに低評価なライドによって12人が利用をやめました
time=18:41:54.690 level=INFO msg=75.0%のライドは椅子がマッチされるまでの時間、100.0%のライドはマッチされた椅子が乗車地点までに掛かる時間、60.7%のライドは椅子の実移動時間に不満がありました
time=18:41:54.690 level=DEBUG source=/tmp/isucon14/bench/benchmarker/scenario/scenario.go:315 msg=時間経過 tick=900
time=18:41:54.690 level=DEBUG source=/tmp/isucon14/bench/benchmarker/scenario/scenario.go:317 msg=eval reqs=28 score="[11 7 8 2 0]" criteria="[7 0 10 12]"
time=18:41:56.478 level=INFO msg=一定の売上が立ったためオーナーの椅子が増加します 名前=ふたたび椅子堂 増加数=1
time=18:41:56.486 level=INFO msg=一定の売上が立ったためオーナーの椅子が増加します 名前=暮らしの椅子研究所 増加数=1
time=18:41:56.489 level=DEBUG source=/tmp/isucon14/bench/benchmarker/scenario/scenario.go:315 msg=時間経過 tick=960
time=18:41:56.489 level=DEBUG source=/tmp/isucon14/bench/benchmarker/scenario/scenario.go:317 msg=eval reqs=32 score="[14 8 8 2 0]" criteria="[7 0 10 13]"
time=18:41:58.286 level=INFO msg=一定の売上が立ったためオーナーの椅子が増加します 名前=風座プロダクツ 増加数=1
time=18:41:58.290 level=DEBUG source=/tmp/isucon14/bench/benchmarker/scenario/scenario.go:315 msg=時間経過 tick=1020
time=18:41:58.290 level=DEBUG source=/tmp/isucon14/bench/benchmarker/scenario/scenario.go:317 msg=eval reqs=38 score="[18 10 8 2 0]" criteria="[7 0 11 14]"
time=18:41:58.295 level=INFO msg=一定の売上が立ったためオーナーの椅子が増加します 名前=再座堂 増加数=1
time=18:42:00.089 level=DEBUG source=/tmp/isucon14/bench/benchmarker/scenario/scenario.go:315 msg=時間経過 tick=1080
time=18:42:00.090 level=INFO msg=これまでに地域内の評判によって28人、既存ユーザーの招待経由で2人が新規登録しました
time=18:42:00.090 level=INFO msg=これまでに低評価なライドによって19人が利用をやめました
time=18:42:00.090 level=INFO msg=82.5%のライドは椅子がマッチされるまでの時間、100.0%のライドはマッチされた椅子が乗車地点までに掛かる時間、67.5%のライドは椅子の実移動時間に不満がありました
time=18:42:00.090 level=DEBUG source=/tmp/isucon14/bench/benchmarker/scenario/scenario.go:317 msg=eval reqs=40 score="[19 11 8 2 0]" criteria="[7 0 12 14]"
time=18:42:00.123 level=INFO msg=一定の売上が立ったためオーナーの椅子が増加します 名前=再座堂 増加数=1
time=18:42:01.889 level=DEBUG source=/tmp/isucon14/bench/benchmarker/scenario/scenario.go:315 msg=時間経過 tick=1140
time=18:42:01.889 level=DEBUG source=/tmp/isucon14/bench/benchmarker/scenario/scenario.go:317 msg=eval reqs=41 score="[20 11 8 2 0]" criteria="[7 0 12 14]"
time=18:42:03.671 level=INFO msg=一定の売上が立ったためオーナーの椅子が増加します 名前="Orbit Taxi" 増加数=1
time=18:42:03.690 level=DEBUG source=/tmp/isucon14/bench/benchmarker/scenario/scenario.go:315 msg=時間経過 tick=1200
time=18:42:03.690 level=DEBUG source=/tmp/isucon14/bench/benchmarker/scenario/scenario.go:317 msg=eval reqs=43 score="[21 12 8 2 0]" criteria="[7 0 13 14]"
time=18:42:05.489 level=DEBUG source=/tmp/isucon14/bench/benchmarker/scenario/scenario.go:315 msg=時間経過 tick=1260
time=18:42:05.489 level=DEBUG source=/tmp/isucon14/bench/benchmarker/scenario/scenario.go:317 msg=eval reqs=45 score="[22 13 8 2 0]" criteria="[7 0 14 14]"
time=18:42:05.489 level=INFO msg=これまでに地域内の評判によって34人、既存ユーザーの招待経由で2人が新規登録しました
time=18:42:05.489 level=INFO msg=これまでに低評価なライドによって23人が利用をやめました
time=18:42:05.489 level=INFO msg=84.4%のライドは椅子がマッチされるまでの時間、100.0%のライドはマッチされた椅子が乗車地点までに掛かる時間、68.9%のライドは椅子の実移動時間に不満がありました
time=18:42:07.290 level=DEBUG source=/tmp/isucon14/bench/benchmarker/scenario/scenario.go:315 msg=時間経過 tick=1320
time=18:42:07.290 level=DEBUG source=/tmp/isucon14/bench/benchmarker/scenario/scenario.go:317 msg=eval reqs=50 score="[25 15 8 2 0]" criteria="[8 0 14 15]"
time=18:42:07.313 level=INFO msg=一定の売上が立ったためオーナーの椅子が増加します 名前=再座堂 増加数=2
time=18:42:09.093 level=DEBUG source=/tmp/isucon14/bench/benchmarker/scenario/scenario.go:315 msg=時間経過 tick=1380
time=18:42:09.093 level=DEBUG source=/tmp/isucon14/bench/benchmarker/scenario/scenario.go:317 msg=eval reqs=53 score="[25 17 9 2 0]" criteria="[9 1 15 16]"
time=18:42:09.097 level=INFO msg=一定の売上が立ったためオーナーの椅子が増加します 名前=風座プロダクツ 増加数=1
time=18:42:10.871 level=INFO msg=一定の売上が立ったためオーナーの椅子が増加します 名前=ふたたび椅子堂 増加数=1
time=18:42:10.889 level=INFO msg=これまでに地域内の評判によって40人、既存ユーザーの招待経由で2人が新規登録しました
time=18:42:10.889 level=INFO msg=これまでに低評価なライドによって31人が利用をやめました
time=18:42:10.889 level=INFO msg=84.2%のライドは椅子がマッチされるまでの時間、98.2%のライドはマッチされた椅子が乗車地点までに掛かる時間、71.1%のライドは椅子の実移動時間に不満がありました
time=18:42:10.889 level=DEBUG source=/tmp/isucon14/bench/benchmarker/scenario/scenario.go:315 msg=時間経過 tick=1440
time=18:42:10.889 level=DEBUG source=/tmp/isucon14/bench/benchmarker/scenario/scenario.go:317 msg=eval reqs=57 score="[28 17 10 2 0]" criteria="[9 1 16 17]"
time=18:42:10.917 level=INFO msg=一定の売上が立ったためオーナーの椅子が増加します 名前="Orbit Taxi" 増加数=1
time=18:42:10.920 level=INFO msg=一定の売上が立ったためオーナーの椅子が増加します 名前=暮らしの椅子研究所 増加数=1
time=18:42:12.690 level=DEBUG source=/tmp/isucon14/bench/benchmarker/scenario/scenario.go:315 msg=時間経過 tick=1500
time=18:42:12.690 level=DEBUG source=/tmp/isucon14/bench/benchmarker/scenario/scenario.go:317 msg=eval reqs=61 score="[31 17 10 3 0]" criteria="[9 2 17 18]"
time=18:42:12.707 level=INFO msg=一定の売上が立ったためオーナーの椅子が増加します 名前="Orbit Taxi" 増加数=1
time=18:42:14.490 level=DEBUG source=/tmp/isucon14/bench/benchmarker/scenario/scenario.go:315 msg=時間経過 tick=1560
time=18:42:14.490 level=DEBUG source=/tmp/isucon14/bench/benchmarker/scenario/scenario.go:317 msg=eval reqs=65 score="[35 17 10 3 0]" criteria="[9 2 17 18]"
time=18:42:14.520 level=INFO msg=一定の売上が立ったためオーナーの椅子が増加します 名前=暮らしの椅子研究所 増加数=1
time=18:42:14.530 level=INFO msg=一定の売上が立ったためオーナーの椅子が増加します 名前=再座堂 増加数=1
time=18:42:16.289 level=INFO msg=これまでに地域内の評判によって46人、既存ユーザーの招待経由で3人が新規登録しました
time=18:42:16.289 level=INFO msg=これまでに低評価なライドによって38人が利用をやめました
time=18:42:16.289 level=INFO msg=86.6%のライドは椅子がマッチされるまでの時間、97.0%のライドはマッチされた椅子が乗車地点までに掛かる時間、73.1%のライドは椅子の実移動時間に不満がありました
time=18:42:16.289 level=DEBUG source=/tmp/isucon14/bench/benchmarker/scenario/scenario.go:315 msg=時間経過 tick=1620
time=18:42:16.289 level=DEBUG source=/tmp/isucon14/bench/benchmarker/scenario/scenario.go:317 msg=eval reqs=67 score="[36 18 10 3 0]" criteria="[9 2 17 19]"
time=18:42:16.319 level=INFO msg=一定の売上が立ったためオーナーの椅子が増加します 名前=風座プロダクツ 増加数=1
time=18:42:18.090 level=DEBUG source=/tmp/isucon14/bench/benchmarker/scenario/scenario.go:315 msg=時間経過 tick=1680
time=18:42:18.090 level=DEBUG source=/tmp/isucon14/bench/benchmarker/scenario/scenario.go:317 msg=eval reqs=71 score="[38 19 10 4 0]" criteria="[9 3 18 21]"
time=18:42:19.889 level=DEBUG source=/tmp/isucon14/bench/benchmarker/scenario/scenario.go:315 msg=時間経過 tick=1740
time=18:42:19.889 level=DEBUG source=/tmp/isucon14/bench/benchmarker/scenario/scenario.go:317 msg=eval reqs=75 score="[41 19 10 5 0]" criteria="[9 4 19 22]"
time=18:42:19.904 level=INFO msg=一定の売上が立ったためオーナーの椅子が増加します 名前=再座堂 増加数=1
time=18:42:21.690 level=INFO msg=これまでに地域内の評判によって52人、既存ユーザーの招待経由で5人が新規登録しました
time=18:42:21.690 level=INFO msg=これまでに低評価なライドによって42人が利用をやめました
time=18:42:21.690 level=INFO msg=88.0%のライドは椅子がマッチされるまでの時間、94.7%のライドはマッチされた椅子が乗車地点までに掛かる時間、72.7%のライドは椅子の実移動時間に不満がありました
time=18:42:21.690 level=DEBUG source=/tmp/isucon14/bench/benchmarker/scenario/scenario.go:315 msg=時間経過 tick=1800
time=18:42:21.690 level=DEBUG source=/tmp/isucon14/bench/benchmarker/scenario/scenario.go:317 msg=eval reqs=75 score="[41 19 10 5 0]" criteria="[9 4 19 22]"
time=18:42:23.490 level=DEBUG source=/tmp/isucon14/bench/benchmarker/scenario/scenario.go:315 msg=時間経過 tick=1860
time=18:42:23.490 level=DEBUG source=/tmp/isucon14/bench/benchmarker/scenario/scenario.go:317 msg=eval reqs=77 score="[43 19 10 5 0]" criteria="[9 4 19 22]"
time=18:42:23.503 level=INFO msg=一定の売上が立ったためオーナーの椅子が増加します 名前="Orbit Taxi" 増加数=1
time=18:42:23.507 level=INFO msg=一定の売上が立ったためオーナーの椅子が増加します 名前=ふたたび椅子堂 増加数=1
time=18:42:25.289 level=DEBUG source=/tmp/isucon14/bench/benchmarker/scenario/scenario.go:315 msg=時間経過 tick=1920
time=18:42:25.290 level=DEBUG source=/tmp/isucon14/bench/benchmarker/scenario/scenario.go:317 msg=eval reqs=78 score="[43 19 11 5 0]" criteria="[9 5 20 22]"
time=18:42:27.090 level=DEBUG source=/tmp/isucon14/bench/benchmarker/scenario/scenario.go:315 msg=時間経過 tick=1980
time=18:42:27.090 level=DEBUG source=/tmp/isucon14/bench/benchmarker/scenario/scenario.go:317 msg=eval reqs=78 score="[43 19 11 5 0]" criteria="[9 5 20 22]"
time=18:42:27.090 level=INFO msg=これまでに地域内の評判によって58人、既存ユーザーの招待経由で5人が新規登録しました
time=18:42:27.090 level=INFO msg=これまでに低評価なライドによって45人が利用をやめました
time=18:42:27.090 level=INFO msg=88.5%のライドは椅子がマッチされるまでの時間、93.6%のライドはマッチされた椅子が乗車地点までに掛かる時間、73.1%のライドは椅子の実移動時間に不満がありました
time=18:42:32.691 level=INFO msg=最終地域情報 名前=チェアタウン ユーザー登録数=36 アクティブユーザー数=14
time=18:42:32.691 level=INFO msg=最終地域情報 名前=コシカケシティ ユーザー登録数=39 アクティブユーザー数=16
time=18:42:32.691 level=INFO msg=最終オーナー情報 名前=再座堂 売上=144700 椅子数=12
time=18:42:32.691 level=INFO msg=最終オーナー情報 名前=風座プロダクツ 売上=84200 椅子数=9
time=18:42:32.691 level=INFO msg=最終オーナー情報 名前=ふたたび椅子堂 売上=67400 椅子数=8
time=18:42:32.691 level=INFO msg=最終オーナー情報 名前=暮らしの椅子研究所 売上=68100 椅子数=8
time=18:42:32.691 level=INFO msg=最終オーナー情報 名前="Orbit Taxi" 売上=94600 椅子数=9
time=18:42:32.691 level=INFO msg=88.5%のライドは椅子がマッチされるまでの時間、93.6%のライドはマッチされた椅子が乗車地点までに掛かる時間、73.1%のライドは椅子の実移動時間に不満がありました
time=18:42:32.691 level=INFO msg=結果 pass=true スコア=7560 種別エラー数=map[]
time=18:42:32.691 level=INFO msg=負荷走行が終了しました
