2026-09-26T09:41:26+00:00
COMMAND         %CPU   RSS
mysqld          46.8 843728
nginx            1.6  9712
nginx            1.6  9696
systemd-journal  1.2 269288
rsyslogd         0.6  5532
jbd2/sda1-8      0.6     0
kworker/1:1H-kb  0.2     0
kworker/0:1H-kb  0.2     0
rcu_preempt      0.2     0
2026-09-26T09:41:28+00:00
COMMAND         %CPU   RSS
mysqld          46.8 868048
bench           10.5 46952
nginx            1.6  9712
nginx            1.6  9696
systemd-journal  1.2 271228
isuride          1.0 15484
rsyslogd         0.6  5532
jbd2/sda1-8      0.6     0
kworker/1:1H-kb  0.2     0
2026-09-26T09:41:30+00:00
COMMAND         %CPU   RSS
mysqld          46.8 895604
bench           13.1 51940
isuride          3.1 15732
nginx            1.6  9712
nginx            1.6  9696
systemd-journal  1.2 272916
rsyslogd         0.6  5532
jbd2/sda1-8      0.6     0
kworker/1:1H-kb  0.2     0
2026-09-26T09:41:32+00:00
COMMAND         %CPU   RSS
mysqld          46.9 863912
bench           13.2 53908
isuride          4.8 15908
nginx            1.6  9712
nginx            1.6  9696
systemd-journal  1.2 274168
rsyslogd         0.6  5532
jbd2/sda1-8      0.6     0
kworker/1:1H-kb  0.2     0
2026-09-26T09:41:34+00:00
COMMAND         %CPU   RSS
mysqld          47.0 866024
bench           13.2 55580
isuride          6.3 16036
nginx            1.6  9712
nginx            1.6  9696
systemd-journal  1.2 275296
rsyslogd         0.6  5532
jbd2/sda1-8      0.6     0
kworker/1:1H-kb  0.2     0
2026-09-26T09:41:36+00:00
COMMAND         %CPU   RSS
mysqld          47.0 870252
bench           13.2 64416
isuride          7.7 16048
nginx            1.6  9712
nginx            1.6  9696
systemd-journal  1.2 276376
rsyslogd         0.6  5532
jbd2/sda1-8      0.6     0
kworker/1:1H-kb  0.2     0
2026-09-26T09:41:38+00:00
COMMAND         %CPU   RSS
mysqld          47.1 873692
bench           13.1 64980
isuride          8.9 16744
nginx            1.6  9712
nginx            1.6  9696
systemd-journal  1.2 279404
rsyslogd         0.6  5532
jbd2/sda1-8      0.6     0
kworker/1:1H-kb  0.2     0
2026-09-26T09:41:40+00:00
COMMAND         %CPU   RSS
mysqld          47.1 876816
bench           13.3 70936
isuride         10.1 16596
nginx            1.6  9712
nginx            1.6  9696
systemd-journal  1.2 282024
rsyslogd         0.6  5532
jbd2/sda1-8      0.6     0
kworker/1:1H-kb  0.2     0
2026-09-26T09:41:42+00:00
COMMAND         %CPU   RSS
mysqld          47.2 879244
bench           14.1 71140
isuride         11.1 17080
nginx            1.6  9712
nginx            1.6  9696
systemd-journal  1.2 282984
rsyslogd         0.6  5532
jbd2/sda1-8      0.6     0
kworker/1:1H-kb  0.2     0
2026-09-26T09:41:44+00:00
COMMAND         %CPU   RSS
mysqld          47.3 883636
bench           14.3 74756
isuride         12.1 17024
nginx            1.6  9712
nginx            1.6  9696
systemd-journal  1.2 284224
rsyslogd         0.6  5532
jbd2/sda1-8      0.6     0
kworker/1:1H-kb  0.2     0
2026-09-26T09:41:46+00:00
COMMAND         %CPU   RSS
mysqld          47.3 921820
bench           14.3 76864
isuride         12.9 17520
nginx            1.6  9712
nginx            1.6  9696
systemd-journal  1.2 285132
rsyslogd         0.6  5532
jbd2/sda1-8      0.6     0
kworker/1:1H-kb  0.2     0
2026-09-26T09:41:48+00:00
COMMAND         %CPU   RSS
mysqld          47.4 927412
bench           14.3 79008
isuride         13.7 17616
nginx            1.6  9712
nginx            1.6  9696
systemd-journal  1.2 286072
rsyslogd         0.6  5532
jbd2/sda1-8      0.6     0
kworker/1:1H-kb  0.2     0
2026-09-26T09:41:50+00:00
COMMAND         %CPU   RSS
mysqld          47.5 895316
isuride         14.3 17456
bench           14.3 80680
nginx            1.6  9712
nginx            1.6  9696
systemd-journal  1.2 289936
rsyslogd         0.6  5532
jbd2/sda1-8      0.6     0
kworker/1:1H-kb  0.2     0
2026-09-26T09:41:52+00:00
COMMAND         %CPU   RSS
mysqld          47.5 899504
isuride         14.9 17572
bench           14.1 84880
nginx            1.6  9712
nginx            1.6  9696
systemd-journal  1.2 292156
rsyslogd         0.6  5532
jbd2/sda1-8      0.6     0
kworker/1:1H-kb  0.2     0
2026-09-26T09:41:54+00:00
COMMAND         %CPU   RSS
mysqld          47.6 900632
isuride         15.5 17636
bench           14.1 88452
nginx            1.6  9712
nginx            1.6  9696
systemd-journal  1.2 293336
rsyslogd         0.6  5532
jbd2/sda1-8      0.6     0
kworker/1:1H-kb  0.2     0
2026-09-26T09:41:56+00:00
COMMAND         %CPU   RSS
mysqld          47.7 901764
isuride         16.0 18092
bench           14.0 93060
nginx            1.6  9712
nginx            1.6  9696
systemd-journal  1.2 294640
rsyslogd         0.6  5532
jbd2/sda1-8      0.6     0
kworker/1:1H-kb  0.2     0
2026-09-26T09:41:58+00:00
COMMAND         %CPU   RSS
mysqld          47.8 901836
isuride         16.4 18408
bench           14.0 96844
nginx            1.6  9712
nginx            1.6  9696
systemd-journal  1.2 298772
rsyslogd         0.6  5532
jbd2/sda1-8      0.6     0
kworker/1:1H-kb  0.2     0
2026-09-26T09:42:00+00:00
COMMAND         %CPU   RSS
mysqld          47.8 903004
isuride         16.8 18432
bench           14.0 100220
nginx            1.6  9712
nginx            1.6  9696
systemd-journal  1.2 300180
rsyslogd         0.6  5532
jbd2/sda1-8      0.6     0
kworker/1:1H-kb  0.2     0
2026-09-26T09:42:02+00:00
COMMAND         %CPU   RSS
mysqld          47.9 912192
isuride         17.1 18496
bench           14.0 102152
nginx            1.6  9712
nginx            1.6  9696
systemd-journal  1.2 301164
rsyslogd         0.6  5532
jbd2/sda1-8      0.6     0
kworker/1:1H-kb  0.2     0
2026-09-26T09:42:04+00:00
COMMAND         %CPU   RSS
mysqld          48.0 925716
isuride         17.5 18784
bench           14.1 102976
nginx            1.6  9712
nginx            1.6  9696
systemd-journal  1.2 302052
rsyslogd         0.6  5532
jbd2/sda1-8      0.6     0
kworker/1:1H-kb  0.2     0
2026-09-26T09:42:06+00:00
COMMAND         %CPU   RSS
mysqld          48.1 923852
isuride         17.9 19080
bench           14.2 109448
nginx            1.6  9712
nginx            1.6  9696
systemd-journal  1.2 302864
rsyslogd         0.6  5532
jbd2/sda1-8      0.6     0
kworker/1:1H-kb  0.2     0
2026-09-26T09:42:08+00:00
COMMAND         %CPU   RSS
mysqld          48.1 940984
isuride         18.1 19044
bench           14.1 110924
curl            11.1 12164
nginx            1.6  9712
nginx            1.6  9696
systemd-journal  1.2 306968
rsyslogd         0.6  5532
jbd2/sda1-8      0.6     0
2026-09-26T09:42:10+00:00
COMMAND         %CPU   RSS
mysqld          48.2 897780
isuride         18.4 17964
bench           14.0 115340
nginx            1.6  9712
nginx            1.6  9696
systemd-journal  1.2 308976
rsyslogd         0.6  5532
jbd2/sda1-8      0.6     0
kworker/1:1H-kb  0.2     0
2026-09-26T09:42:12+00:00
COMMAND         %CPU   RSS
mysqld          48.3 899088
isuride         18.5 18488
bench           13.9 120724
nginx            1.6  9712
nginx            1.6  9696
systemd-journal  1.2 165884
rsyslogd         0.6  5532
jbd2/sda1-8      0.6     0
kworker/1:1H-kb  0.2     0
2026-09-26T09:42:14+00:00
COMMAND         %CPU   RSS
mysqld          48.4 902164
isuride         18.7 19408
bench           13.9 124820
nginx            1.6  9712
nginx            1.6  9696
systemd-journal  1.2 166736
rsyslogd         0.6  5532
jbd2/sda1-8      0.6     0
kworker/1:1H-kb  0.2     0
2026-09-26T09:42:16+00:00
COMMAND         %CPU   RSS
mysqld          48.5 901228
isuride         18.9 18028
bench           13.9 126464
nginx            1.7  9712
nginx            1.6  9696
systemd-journal  1.2 168004
rsyslogd         0.6  5532
jbd2/sda1-8      0.6     0
kworker/1:1H-kb  0.2     0
2026-09-26T09:42:18+00:00
COMMAND         %CPU   RSS
mysqld          48.6 903312
isuride         19.0 19884
bench           13.8 132968
nginx            1.7  9712
nginx            1.6  9696
systemd-journal  1.2 169160
rsyslogd         0.6  5532
jbd2/sda1-8      0.6     0
kworker/1:1H-kb  0.2     0
2026-09-26T09:42:20+00:00
COMMAND         %CPU   RSS
mysqld          48.7 916852
isuride         19.1 19948
bench           13.7 133060
nginx            1.7  9712
nginx            1.6  9696
systemd-journal  1.2 171320
rsyslogd         0.6  5532
jbd2/sda1-8      0.6     0
kworker/1:1H-kb  0.2     0
2026-09-26T09:42:22+00:00
COMMAND         %CPU   RSS
mysqld          48.8 933724
isuride         19.3 20620
bench           13.7 139752
nginx            1.7  9712
nginx            1.6  9696
systemd-journal  1.2 174508
rsyslogd         0.6  5532
jbd2/sda1-8      0.6     0
kworker/1:1H-kb  0.2     0
2026-09-26T09:42:24+00:00
COMMAND         %CPU   RSS
mysqld          48.9 945876
isuride         19.4 20844
bench           13.6 140020
nginx            1.7  9712
nginx            1.6  9696
systemd-journal  1.2 175920
rsyslogd         0.6  5532
jbd2/sda1-8      0.6     0
kworker/1:1H-kb  0.2     0
2026-09-26T09:42:26+00:00
COMMAND         %CPU   RSS
mysqld          49.0 959224
isuride         19.6 20292
bench           13.6 147000
nginx            1.7  9712
nginx            1.6  9696
systemd-journal  1.2 177180
rsyslogd         0.6  5532
jbd2/sda1-8      0.6     0
kworker/1:1H-kb  0.2     0
2026-09-26T09:42:28+00:00
COMMAND         %CPU   RSS
mysqld          49.0 889980
isuride         19.9 18168
bench           13.6 147300
nginx            1.7  9712
nginx            1.6  9696
systemd-journal  1.2 181400
rsyslogd         0.6  5532
jbd2/sda1-8      0.6     0
kworker/1:1H-kb  0.2     0
2026-09-26T09:42:30+00:00
COMMAND         %CPU   RSS
mysqld          49.1 890056
isuride         20.2 18200
bench           13.5 152444
nginx            1.7  9712
nginx            1.7  9696
systemd-journal  1.2 183324
rsyslogd         0.6  5532
jbd2/sda1-8      0.6     0
kworker/1:1H-kb  0.2     0
