procs -----------memory---------- ---swap-- -----io---- -system-- -------cpu------- -----timestamp-----
 r  b   swpd   free   buff  cache   si   so    bi    bo   in   cs us sy id wa st gu                 UTC
 3  0      0 1381888  88140 1518260    0    0   278  6175 6672  120 26 11 63  0  0  0 2026-09-26 09:41:26
23  0      0 1351540  88140 1517416    0    0     0 47128 16532 33520 32 13 41 14  0  0 2026-09-26 09:41:27
25  0      0 1328988  88140 1522884    0    0     0 10984 13324 41750 68 18 13  1  0  0 2026-09-26 09:41:28
 4  1      0 1273548  88140 1518644    0    0     0  5812 19474 56886 47 21 30  1  0  0 2026-09-26 09:41:29
20  0      0 1273548  88140 1523872    0    0     0  5220 9075 25358 61 33  4  2  0  0 2026-09-26 09:41:30
10  1      0 1272136  88140 1519620    0    0     0 17848 17075 55446 58 27 14  1  0  0 2026-09-26 09:41:31
 5  1      0 1267924  88140 1520660    0    0     0 10356 19766 65198 53 26 20  2  0  0 2026-09-26 09:41:32
24  1      0 1268348  88140 1521416    0    0     0 11004 17622 63378 58 26 14  2  0  0 2026-09-26 09:41:33
 1  0      0 1269224  88140 1522448    0    0     0  9816 20121 68001 55 26 19  1  0  0 2026-09-26 09:41:34
 7  0      0 1274000  88140 1523356    0    0     0  9912 21743 77802 48 26 24  2  0  0 2026-09-26 09:41:35
21  1      0 1278284  88140 1525204    0    0     0 11684 19956 73530 57 26 16  1  0  0 2026-09-26 09:41:36
19  0      0 1264928  88140 1533156    0    0     0 13444 22270 83899 50 28 20  2  0  0 2026-09-26 09:41:37
10  1      0 1237468  88140 1528960    0    0     0 13992 16529 64745 62 30  8  1  0  0 2026-09-26 09:41:38
13  0      0 1231904  88140 1535404    0    0     0 14552 16911 59958 61 30  7  2  0  0 2026-09-26 09:41:39
 0  0      0 1268960  88140 1530844    0    0     0 15132 18081 64889 63 28  7  2  0  0 2026-09-26 09:41:40
11  1      0 1235784  88140 1535080    0    0     0 40512 15298 54540 63 31  5  1  0  0 2026-09-26 09:41:41
16  1      0 1241612  88140 1533304    0    0     0  8688 10598 38770 57 37  5  1  0  0 2026-09-26 09:41:42
 4  1      0 1199540  88140 1534244    0    0     0 15600 15689 51692 65 33  2  1  0  0 2026-09-26 09:41:43
30  0      0 1205664  88140 1535224    0    0     0 16264 18175 69932 55 35  8  2  0  0 2026-09-26 09:41:44
15  1      0 1217904  88140 1536160    0    0     0 15504 15202 53566 64 32  3  1  0  0 2026-09-26 09:41:45
11  0      0 1218316  88140 1546404    0    0     0 16868 15802 64549 59 34  5  2  0  0 2026-09-26 09:41:46
procs -----------memory---------- ---swap-- -----io---- -system-- -------cpu------- -----timestamp-----
 r  b   swpd   free   buff  cache   si   so    bi    bo   in   cs us sy id wa st gu                 UTC
10  1      0 1201148  88140 1538164    0    0     0 17344 18347 67058 63 31  5  2  0  0 2026-09-26 09:41:47
31  1      0 1183508  88140 1545308    0    0     0 16192 15982 58287 61 32  5  2  0  0 2026-09-26 09:41:48
15  0      0 1169924  88140 1539964    0    0     0 16788 17500 64161 61 32  5  3  0  0 2026-09-26 09:41:49
14  1      0 1193200  88140 1542408    0    0     0 17596 17916 64731 68 29  3  1  0  0 2026-09-26 09:41:50
26  1      0 1212436  88140 1542140    0    0     0 17400 19718 75495 56 33  9  3  0  0 2026-09-26 09:41:51
 1  0      0 1231232  88140 1543368    0    0     0 16648 19043 66678 63 30  4  2  0  0 2026-09-26 09:41:52
27  0      0 1225228  88140 1545340    0    0     0 17392 18731 70567 57 31  9  3  0  0 2026-09-26 09:41:53
 9  1      0 1175584  88140 1546912    0    0     0 17132 16904 61066 68 27  4  2  0  0 2026-09-26 09:41:54
12  0      0 1155260  88140 1559460    0    0     0 17240 19744 76261 59 31  8  2  0  0 2026-09-26 09:41:55
 7  1      0 1151524  88140 1548980    0    0     0 44852 18086 61129 63 32  4  2  0  0 2026-09-26 09:41:56
11  1      0 1147492  88140 1554476    0    0     0 20132 19114 70396 64 29  6  1  0  0 2026-09-26 09:41:57
27  1      0 1183680  88140 1551144    0    0     0 19448 18206 66359 67 29  4  1  0  0 2026-09-26 09:41:58
15  0      0 1135396  88140 1557812    0    0     0 15780 17361 66099 68 28  3  1  0  0 2026-09-26 09:41:59
13  0      0 1166620  88140 1553276    0    0     0 15552 16902 61765 63 31  4  1  0  0 2026-09-26 09:42:00
10  0      0 1155300  88140 1554488    0    0     0 33176 14792 54077 65 29  3  3  0  0 2026-09-26 09:42:01
10  0      0 1155484  88140 1555236    0    0     0 16940 16780 64404 62 32  4  2  0  0 2026-09-26 09:42:02
 9  1      0 1155896  88140 1556216    0    0     0 15336 15438 54512 66 30  3  1  0  0 2026-09-26 09:42:03
11  0      0 1146180  88140 1567952    0    0     0 16140 15618 55697 63 32  4  2  0  0 2026-09-26 09:42:04
 9  1      0 1124508  88140 1558520    0    0     0 16728 16113 54411 64 30  5  1  0  0 2026-09-26 09:42:05
18  1      0 1104852  88140 1567172    0    0     0 12780 13162 46941 65 33  1  1  0  0 2026-09-26 09:42:06
20  0      0 1118772  88140 1561868    0    0     0 16232 15734 58590 68 30  1  0  0  0 2026-09-26 09:42:07
procs -----------memory---------- ---swap-- -----io---- -system-- -------cpu------- -----timestamp-----
 r  b   swpd   free   buff  cache   si   so    bi    bo   in   cs us sy id wa st gu                 UTC
11  1      0 1110828  88140 1566948    0    0     0 17812 18377 62325 70 27  3  1  0  0 2026-09-26 09:42:08
13  1      0 1138104  88140 1564988    0    0     0 17284 18900 72204 65 32  2  1  0  0 2026-09-26 09:42:09
16  0      0 1146652  88140 1566196    0    0     0 17380 17785 66946 68 31  1  0  0  0 2026-09-26 09:42:10
34  0      0 1148696  88140 1567296    0    0     0 16532 20488 74435 64 30  4  1  0  0 2026-09-26 09:42:11
11  0      0 1123408  88140 1568208    0    0     0 44256 16080 56444 72 28  0  1  0  0 2026-09-26 09:42:12
11  0      0 1108552  88148 1594508    0    0     0 21816 18232 67430 61 34  4  1  0  0 2026-09-26 09:42:13
15  0      0 1115840  88148 1581400    0    0     0 16656 16421 58650 73 26  1  0  0  0 2026-09-26 09:42:14
 9  1      0 1062408  88148 1591120    0    0     0 14876 15083 61092 72 28  1  0  0  0 2026-09-26 09:42:15
17  1      0 1054440  88148 1584180    0    0     0 14516 17403 70858 68 28  4  1  0  0 2026-09-26 09:42:16
28  0      0 1036576  88148 1591788    0    0     0 13196 15679 65012 72 25  2  1  0  0 2026-09-26 09:42:17
11  1      0 1005380  88148 1586376    0    0     0 13052 17235 63371 71 28  1  0  0  0 2026-09-26 09:42:18
24  0      0 1012744  88148 1591980    0    0     0 11520 15724 56141 75 24  1  1  0  0 2026-09-26 09:42:19
32  1      0 1018732  88148 1588016    0    0     0 13832 18480 67357 73 27  0  0  0  0 2026-09-26 09:42:20
17  0      0 1019968  88148 1592336    0    0     0 12612 14979 57080 75 25  1  0  0  0 2026-09-26 09:42:21
17  0      0 1040140  88148 1603568    0    0     0 14464 17106 67270 70 28  2  0  0  0 2026-09-26 09:42:22
32  1      0 1108476  88148 1592796    0    0     0 13592 17942 61116 72 28  0  1  0  0 2026-09-26 09:42:23
18  0      0 1068040  88148 1602248    0    0     0 13992 17471 62609 70 29  1  0  0  0 2026-09-26 09:42:24
23  0      0 1067980  88148 1594796    0    0     0 14940 16776 62617 72 28  1  0  0  0 2026-09-26 09:42:25
24  1      0 1028480  88148 1602848    0    0     0 14796 17207 63189 68 31  1  1  0  0 2026-09-26 09:42:26
 6  0      0 1024516  88152 1597044    0    0     0 38676 18939 70302 68 29  2  1  0  0 2026-09-26 09:42:27
 5  0      0 1053856  88152 1598340    0    0     0  1212 20970 93972 69 21 10  0  0  0 2026-09-26 09:42:28
procs -----------memory---------- ---swap-- -----io---- -system-- -------cpu------- -----timestamp-----
 r  b   swpd   free   buff  cache   si   so    bi    bo   in   cs us sy id wa st gu                 UTC
 0  0      0 1053604  88152 1599812    0    0     0  4288 23577 98743 57 25 18  0  0  0 2026-09-26 09:42:29
22  0      0 1071776  88152 1601172    0    0     0   856 22353 98766 58 23 20  0  0  0 2026-09-26 09:42:30
 4  0      0 1075060  88152 1602472    0    0     0   760 23170 102556 57 23 20  0  0  0 2026-09-26 09:42:31
