2026-09-27T09:02:41+00:00
COMMAND         %CPU   RSS
mysqld           1.8 983008
nginx            0.3 17624
nginx            0.3 17572
kworker/u4:2-ev  0.0     0
jbd2/sda1-8      0.0     0
rcu_preempt      0.0     0
kworker/u4:4-fl  0.0     0
kworker/u4:0-ev  0.0     0
kworker/u4:1-ev  0.0     0
2026-09-27T09:02:43+00:00
COMMAND         %CPU   RSS
bench            8.5 47724
mysqld           1.8 983184
isuride          0.5 14932
nginx            0.3 17624
nginx            0.3 17572
kworker/u4:2-ev  0.0     0
jbd2/sda1-8      0.0     0
rcu_preempt      0.0     0
kworker/u4:4-ev  0.0     0
2026-09-27T09:02:45+00:00
COMMAND         %CPU   RSS
bench           14.4 69684
isuride          2.0 15388
mysqld           1.8 983456
nginx            0.3 17624
nginx            0.3 17572
kworker/u4:2-ev  0.0     0
kworker/u4:4-ev  0.0     0
jbd2/sda1-8      0.0     0
rcu_preempt      0.0     0
2026-09-27T09:02:47+00:00
COMMAND         %CPU   RSS
curl            50.0 11928
bench           18.9 107260
isuride          3.6 16692
mysqld           1.8 983720
nginx            0.3 17624
nginx            0.3 17572
kworker/u4:2-ex  0.0     0
kworker/u4:4-ev  0.0     0
jbd2/sda1-8      0.0     0
2026-09-27T09:02:49+00:00
COMMAND         %CPU   RSS
bench           21.8 140108
isuride          5.6 16928
mysqld           1.8 984716
nginx            0.3 17624
nginx            0.3 17572
kworker/u4:2-ev  0.0     0
kworker/u4:4-ex  0.0     0
jbd2/sda1-8      0.0     0
rcu_preempt      0.0     0
2026-09-27T09:02:51+00:00
COMMAND         %CPU   RSS
bench           24.6 189852
isuride          7.5 18296
mysqld           1.8 985456
nginx            0.3 17624
nginx            0.3 17572
kworker/u4:2-ev  0.0     0
kworker/u4:4-ex  0.0     0
jbd2/sda1-8      0.0     0
rcu_preempt      0.0     0
2026-09-27T09:02:53+00:00
COMMAND         %CPU   RSS
bench           26.8 219984
isuride          9.4 20248
mysqld           1.8 985820
nginx            0.3 17624
nginx            0.3 17572
kworker/u4:2-ev  0.0     0
kworker/u4:4-ev  0.0     0
jbd2/sda1-8      0.0     0
rcu_preempt      0.0     0
2026-09-27T09:02:55+00:00
COMMAND         %CPU   RSS
bench           28.5 268812
isuride         11.1 21532
mysqld           1.8 986316
nginx            0.3 17624
nginx            0.3 17572
kworker/u4:2-ev  0.0     0
kworker/u4:4-ex  0.0     0
jbd2/sda1-8      0.0     0
rcu_preempt      0.0     0
2026-09-27T09:02:57+00:00
COMMAND         %CPU   RSS
bench           29.3 293064
isuride         12.8 23292
mysqld           1.9 986692
nginx            0.3 17624
nginx            0.3 17572
kworker/u4:2-ev  0.0     0
kworker/u4:4-ev  0.0     0
jbd2/sda1-8      0.0     0
rcu_preempt      0.0     0
2026-09-27T09:02:59+00:00
COMMAND         %CPU   RSS
bench           30.1 322608
isuride         14.3 23176
mysqld           1.9 986984
nginx            0.3 17624
nginx            0.3 17572
kworker/u4:2-ev  0.0     0
kworker/u4:4-ex  0.0     0
jbd2/sda1-8      0.0     0
rcu_preempt      0.0     0
2026-09-27T09:03:01+00:00
COMMAND         %CPU   RSS
bench           30.4 336380
isuride         15.7 24544
mysqld           1.9 987336
nginx            0.3 17624
nginx            0.3 17572
kworker/u4:2-ev  0.0     0
kworker/u4:4-ev  0.0     0
jbd2/sda1-8      0.0     0
rcu_preempt      0.0     0
2026-09-27T09:03:03+00:00
COMMAND         %CPU   RSS
bench           30.6 350164
isuride         17.1 26072
mysqld           1.9 987604
nginx            0.3 17624
nginx            0.3 17572
kworker/u4:2-ev  0.0     0
kworker/u4:4-ev  0.0     0
jbd2/sda1-8      0.0     0
rcu_preempt      0.0     0
2026-09-27T09:03:05+00:00
COMMAND         %CPU   RSS
bench           30.8 366500
isuride         18.3 27876
mysqld           1.9 987900
nginx            0.3 17624
nginx            0.3 17572
kworker/u4:2-ev  0.0     0
kworker/u4:4-ex  0.0     0
jbd2/sda1-8      0.0     0
rcu_preempt      0.0     0
2026-09-27T09:03:07+00:00
COMMAND         %CPU   RSS
bench           31.1 382520
isuride         19.3 27652
curl             5.0 12340
mysqld           1.9 988164
nginx            0.3 17624
nginx            0.3 17572
kworker/u4:2-ev  0.0     0
kworker/u4:4-ev  0.0     0
jbd2/sda1-8      0.0     0
2026-09-27T09:03:09+00:00
COMMAND         %CPU   RSS
bench           31.6 413112
isuride         20.2 29324
mysqld           1.9 988500
nginx            0.3 17624
nginx            0.3 17572
kworker/u4:2-ex  0.0     0
kworker/u4:4-ev  0.0     0
jbd2/sda1-8      0.0     0
rcu_preempt      0.0     0
2026-09-27T09:03:11+00:00
COMMAND         %CPU   RSS
bench           31.9 447228
isuride         21.1 32004
mysqld           1.9 988876
nginx            0.3 17624
nginx            0.3 17572
kworker/u4:2-ev  0.0     0
kworker/u4:4-ex  0.0     0
jbd2/sda1-8      0.0     0
rcu_preempt      0.0     0
2026-09-27T09:03:13+00:00
COMMAND         %CPU   RSS
bench           32.1 458972
isuride         21.9 34272
mysqld           1.9 989196
nginx            0.3 17624
nginx            0.3 17572
kworker/u4:2-ev  0.0     0
kworker/u4:4-ev  0.0     0
jbd2/sda1-8      0.0     0
rcu_preempt      0.0     0
2026-09-27T09:03:15+00:00
COMMAND         %CPU   RSS
bench           32.5 481244
isuride         22.5 35468
curl             5.2 12340
mysqld           1.9 989524
nginx            0.3 17624
nginx            0.3 17572
kworker/u4:2-ex  0.0     0
kworker/u4:4-ev  0.0     0
jbd2/sda1-8      0.0     0
2026-09-27T09:03:17+00:00
COMMAND         %CPU   RSS
bench           32.7 513476
isuride         23.2 35672
curl             2.8 12372
mysqld           1.9 989980
nginx            0.3 17624
nginx            0.3 17572
kworker/u4:2-ev  0.0     0
kworker/u4:4-ev  0.0     0
jbd2/sda1-8      0.0     0
2026-09-27T09:03:19+00:00
COMMAND         %CPU   RSS
bench           32.8 516360
isuride         23.9 37612
mysqld           1.9 990364
nginx            0.3 17624
nginx            0.3 17572
kworker/u4:2-ex  0.0     0
kworker/u4:4-ev  0.0     0
jbd2/sda1-8      0.0     0
rcu_preempt      0.0     0
2026-09-27T09:03:21+00:00
COMMAND         %CPU   RSS
bench           33.1 544044
isuride         24.5 37024
mysqld           1.9 990688
curl             1.7 12340
nginx            0.3 17624
nginx            0.3 17572
kworker/u4:2-ex  0.0     0
kworker/u4:4-ev  0.0     0
jbd2/sda1-8      0.0     0
2026-09-27T09:03:23+00:00
COMMAND         %CPU   RSS
bench           33.3 546312
isuride         24.9 38104
mysqld           1.9 990836
nginx            0.3 17624
nginx            0.3 17572
kworker/u4:2-ev  0.0     0
kworker/u4:4-ev  0.0     0
jbd2/sda1-8      0.0     0
rcu_preempt      0.0     0
2026-09-27T09:03:25+00:00
COMMAND         %CPU   RSS
bench           33.5 562208
isuride         25.4 39972
mysqld           1.9 991168
nginx            0.3 17624
nginx            0.3 17572
kworker/u4:2-ev  0.0     0
kworker/u4:4-ev  0.0     0
jbd2/sda1-8      0.0     0
rcu_preempt      0.0     0
2026-09-27T09:03:27+00:00
COMMAND         %CPU   RSS
bench           33.7 580932
isuride         25.8 38376
mysqld           1.9 991444
nginx            0.3 17624
nginx            0.3 17572
kworker/u4:4-ev  0.0     0
kworker/u4:2-ev  0.0     0
jbd2/sda1-8      0.0     0
rcu_preempt      0.0     0
2026-09-27T09:03:29+00:00
COMMAND         %CPU   RSS
bench           33.8 584656
isuride         26.1 39568
mysqld           1.9 991632
nginx            0.3 17624
nginx            0.3 17572
kworker/u4:2-ev  0.0     0
kworker/u4:4-ex  0.0     0
jbd2/sda1-8      0.0     0
rcu_preempt      0.0     0
2026-09-27T09:03:31+00:00
COMMAND         %CPU   RSS
bench           33.9 601444
isuride         26.5 38820
mysqld           1.9 992020
nginx            0.3 17624
nginx            0.3 17572
kworker/u4:4-wr  0.0     0
kworker/u4:2-ex  0.0     0
jbd2/sda1-8      0.0     0
rcu_preempt      0.0     0
2026-09-27T09:03:33+00:00
COMMAND         %CPU   RSS
bench           34.0 603552
isuride         26.9 41192
curl             2.5 12372
mysqld           1.9 992172
nginx            0.3 17624
nginx            0.3 17572
kworker/u4:4-ev  0.0     0
kworker/u4:2-ex  0.0     0
jbd2/sda1-8      0.0     0
2026-09-27T09:03:35+00:00
COMMAND         %CPU   RSS
bench           34.1 620716
curl            33.3 12096
isuride         27.2 40296
mysqld           1.9 992360
nginx            0.3 17624
nginx            0.3 17572
kworker/u4:2-ev  0.0     0
kworker/u4:4-ev  0.0     0
jbd2/sda1-8      0.0     0
2026-09-27T09:03:37+00:00
COMMAND         %CPU   RSS
bench           34.2 623088
isuride         27.5 41284
mysqld           1.9 992696
curl             1.1 12340
nginx            0.3 17624
nginx            0.3 17572
kworker/u4:2-ev  0.0     0
kworker/u4:4-ev  0.0     0
jbd2/sda1-8      0.0     0
2026-09-27T09:03:39+00:00
COMMAND         %CPU   RSS
bench           34.4 641716
isuride         27.8 42828
mysqld           1.9 992780
nginx            0.3 17624
nginx            0.3 17572
kworker/u4:2-ev  0.0     0
kworker/u4:4-ev  0.0     0
jbd2/sda1-8      0.0     0
rcu_preempt      0.0     0
2026-09-27T09:03:41+00:00
COMMAND         %CPU   RSS
bench           34.5 643548
isuride         28.0 43616
curl             3.0 12332
mysqld           1.9 992920
nginx            0.3 17624
nginx            0.3 17608
kworker/u4:2-ev  0.0     0
kworker/u4:4-ev  0.0     0
jbd2/sda1-8      0.0     0
2026-09-27T09:03:43+00:00
COMMAND         %CPU   RSS
bench           34.6 668728
isuride         28.3 29636
mysqld           1.9 993256
nginx            0.3 17624
nginx            0.3 17608
kworker/u4:2-ev  0.0     0
kworker/u4:4-ev  0.0     0
jbd2/sda1-8      0.0     0
rcu_preempt      0.0     0
2026-09-27T09:03:45+00:00
COMMAND         %CPU   RSS
bench           35.0 699512
isuride         28.6 24552
mysqld           1.9 993256
nginx            0.3 17624
nginx            0.3 17608
kworker/u4:2-wr  0.0     0
kworker/u4:4-ev  0.0     0
jbd2/sda1-8      0.0     0
rcu_preempt      0.0     0
