procs -----------memory---------- ---swap-- -----io---- -system-- -------cpu------- -----timestamp-----
 r  b   swpd   free   buff  cache   si   so    bi    bo   in   cs us sy id wa st gu                 UTC
 3  0      0 731544  73660 2029672    0    0    24   543  744   11  4  1 95  0  0  0 2026-09-27 09:02:41
 3  0      0 729312  73660 2014956    0    0    32 55556 13234 25975 29  9 45 17  0  0 2026-09-27 09:02:42
 0  0      0 713460  73660 2015952    0    0     0 16264 16511 44502 15 13 68  4  0  0 2026-09-27 09:02:43
 1  1      0 704976  73660 2016456    0    0     0 14576 20873 59762 19 18 59  4  0  0 2026-09-27 09:02:44
 9  0      0 696504  73660 2018264    0    0     0 20060 28789 85719 25 25 45  4  0  0 2026-09-27 09:02:45
 6  0      0 675680  73660 2019664    0    0     0 22092 26832 93677 35 29 33  4  0  0 2026-09-27 09:02:46
 1  0      0 658200  73660 2020736    0    0     0 20148 25208 87328 31 25 40  4  0  0 2026-09-27 09:02:47
 8  0      0 640364  73660 2023004    0    0     0 22952 26071 97009 37 32 28  3  0  0 2026-09-27 09:02:48
 0  0      0 616292  73660 2025604    0    0     0 26224 26053 105660 43 36 17  4  0  0 2026-09-27 09:02:49
 8  0      0 589952  73660 2027104    0    0     0 29148 24591 101177 46 38 14  2  0  0 2026-09-27 09:02:50
37  0      0 562008  73660 2028752    0    0     0 26064 23782 100565 52 36  9  3  0  0 2026-09-27 09:02:51
10  1      0 540568  73660 2031616    0    0     0 28480 23825 96767 54 39  5  2  0  0 2026-09-27 09:02:52
13  0      0 524300  73660 2033356    0    0     0 26744 23409 105678 54 41  4  2  0  0 2026-09-27 09:02:53
 8  0      0 496572  73660 2035064    0    0     0 26084 21199 95975 59 39  1  1  0  0 2026-09-27 09:02:54
13  1      0 460300  73660 2036852    0    0     0 26268 21570 98716 57 39  3  1  0  0 2026-09-27 09:02:55
12  0      0 454564  73660 2038684    0    0     0 25928 19924 100397 59 39  2  1  0  0 2026-09-27 09:02:56
11  1      0 429184  73660 2040160    0    0     0 26176 17120 78258 57 41  1  1  0  0 2026-09-27 09:02:57
 4  1      0 428084  73660 2040812    0    0    16 16860 12208 47536 52 47  1  1  0  0 2026-09-27 09:02:58
31  0      0 402220  73660 2042292    0    0     0 24620 18475 81538 59 40  1  1  0  0 2026-09-27 09:02:59
51  0      0 399088  73660 2044964    0    0     0 37704 20890 92759 57 41  2  1  0  0 2026-09-27 09:03:00
51  1      0 382896  73660 2046476    0    0     0 27476 20794 98324 57 42  1  1  0  0 2026-09-27 09:03:01
procs -----------memory---------- ---swap-- -----io---- -system-- -------cpu------- -----timestamp-----
 r  b   swpd   free   buff  cache   si   so    bi    bo   in   cs us sy id wa st gu                 UTC
28  0      0 362852  73660 2048284    0    0     0 26384 19264 96426 57 40  3  1  0  0 2026-09-27 09:03:02
14  1      0 361436  73660 2051040    0    0    16 27832 20445 101413 57 42  1  1  0  0 2026-09-27 09:03:03
12  1      0 342472  73660 2052780    0    0     0 26912 20410 94938 58 40  2  1  0  0 2026-09-27 09:03:04
25  0      0 336480  73660 2054592    0    0     0 28600 20304 94957 59 41  1  0  0  0 2026-09-27 09:03:05
41  0      0 322200  73660 2056252    0    0     0 25400 20559 95664 59 37  3  1  0  0 2026-09-27 09:03:06
13  1      0 315840  73660 2058096    0    0    16 27948 18725 101557 57 43  1  0  0  0 2026-09-27 09:03:07
55  1      0 303024  73660 2059936    0    0     0 27244 19092 94510 58 42  0  0  0  0 2026-09-27 09:03:08
27  0      0 282088  73660 2061788    0    0     0 25900 19109 90549 62 37  0  0  0  0 2026-09-27 09:03:09
21  1      0 270236  73664 2063492    0    0     4 36192 20013 89191 61 39  1  0  0  0 2026-09-27 09:03:10
20  0      0 240856  73664 2065348    0    0    32 25500 19502 94429 61 39  1  0  0  0 2026-09-27 09:03:11
 9  1      0 232948  73664 2068168    0    0    16 29064 20666 95011 59 41  0  0  0  0 2026-09-27 09:03:12
12  1      0 225928  73664 2069876    0    0     0 30160 20517 94584 57 41  1  1  0  0 2026-09-27 09:03:13
 8  1      0 192692  73664 2072560    0    0     0 27732 19069 86429 61 39  1  0  0  0 2026-09-27 09:03:14
12  0      0 191904  73664 2074352    0    0     0 27548 20975 97939 57 41  2  1  0  0 2026-09-27 09:03:15
 9  1      0 185932  73664 2076212    0    0     0 28740 20437 97001 57 41  1  1  0  0 2026-09-27 09:03:16
36  1      0 152740  73664 2077804    0    0     0 28948 20180 86459 60 40  1  0  0  0 2026-09-27 09:03:17
44  1      0 148312  73664 2079672    0    0     0 26988 19865 96649 57 43  1  0  0  0 2026-09-27 09:03:18
31  1      0 147908  73664 2081620    0    0     0 25804 19154 91808 58 41  1  0  0  0 2026-09-27 09:03:19
16  1      0 117968  73664 2083404    0    0     0 36316 17717 90102 60 38  1  0  0  0 2026-09-27 09:03:20
25  1      0 112764  73664 2085228    0    0     0 27940 19915 89959 60 39  1  0  0  0 2026-09-27 09:03:21
21  1      0 112884  73664 2086696    0    0    48 26276 19081 86583 59 41  1  0  0  0 2026-09-27 09:03:22
procs -----------memory---------- ---swap-- -----io---- -system-- -------cpu------- -----timestamp-----
 r  b   swpd   free   buff  cache   si   so    bi    bo   in   cs us sy id wa st gu                 UTC
27  1      0 107340  73664 2089336    0    0     0 28216 19935 87638 57 40  2  1  0  0 2026-09-27 09:03:23
17  1      0  89464  73664 2090892    0    0     0 23128 17584 75940 63 36  1  0  0  0 2026-09-27 09:03:24
22  1      0  83796  73664 2093524    0    0    44 26424 19221 82876 59 39  2  1  0  0 2026-09-27 09:03:25
37  0      0  76992  73664 2095336    0    0     0 23560 20242 84394 59 37  3  1  0  0 2026-09-27 09:03:26
 9  1      0  67532  73664 2098300    0    0     4 26792 18805 86620 59 40  1  0  0  0 2026-09-27 09:03:27
32  0      0  87600  72952 2079792    0    0     0 28028 18939 86464 59 40  1  1  0  0 2026-09-27 09:03:28
40  1      0  84456  72952 2081400    0    0     0 25860 18990 82317 61 38  2  0  0  0 2026-09-27 09:03:29
16  0      0  79964  72952 2083028    0    0    32 28268 17980 82019 60 38  1  0  0  0 2026-09-27 09:03:30
28  0      0  91012  72704 2054928    0    0     0 35476 19520 81223 61 38  1  0  0  0 2026-09-27 09:03:31
14  1      0  85884  72704 2057328    0    0     0 25728 20547 84739 59 39  2  1  0  0 2026-09-27 09:03:32
10  0      0  80524  72704 2059412    0    0     0 25868 20041 85842 61 39  1  1  0  0 2026-09-27 09:03:33
42  1      0  74504  72704 2061584    0    0     0 25564 18434 78259 61 38  2  0  0  0 2026-09-27 09:03:34
54  0      0  72392  72700 2046652    0    0    16 21972 18718 80044 65 33  1  1  0  0 2026-09-27 09:03:35
32  0      0  74248  72700 2049392    0    0     0 24560 19645 82682 61 38  1  1  0  0 2026-09-27 09:03:36
54  1      0  68020  72700 2051572    0    0     0 25292 20064 84687 62 36  2  0  0  0 2026-09-27 09:03:37
10  0      0  79904  72688 2036776    0    0     0 25208 18200 83599 59 40  1  1  0  0 2026-09-27 09:03:38
 8  0      0  69852  72672 2027280    0    0     8 32036 17696 76097 63 37  1  0  0  0 2026-09-27 09:03:39
11  0      0  81752  72672 2011884    0    0     4 25628 17796 78624 61 38  0  0  0  0 2026-09-27 09:03:40
10  0      0  76264  72672 2015660    0    0     0 38672 17523 83766 59 40  1  0  0  0 2026-09-27 09:03:41
46  0      0  87204  72672 1999328    0    0     0 25588 17017 76706 63 37  0  0  0  0 2026-09-27 09:03:42
 9  1      0  84568  72672 2002808    0    0     0 19848 19818 88796 60 37  3  0  0  0 2026-09-27 09:03:43
procs -----------memory---------- ---swap-- -----io---- -system-- -------cpu------- -----timestamp-----
 r  b   swpd   free   buff  cache   si   so    bi    bo   in   cs us sy id wa st gu                 UTC
 5  0      0  90184  72672 2005536    0    0     0  6920 16537 74256 49 32 18  1  0  0 2026-09-27 09:03:44
 6  0      0  88980  72672 1973088    0    0     0  4424 14081 46129 39 27 34  0  0  0 2026-09-27 09:03:45
 5  0      0  81064  72672 1976224    0    0     0  4100 16821 54545 37 28 35  0  0  0 2026-09-27 09:03:46
 0  0      0  79624  72672 1980044    0    0     4  7904 13508 43096 41 27 32  1  0  0 2026-09-27 09:03:47
