2026-09-26T15:33:06+00:00
COMMAND         %CPU   RSS
mysqld          16.4 1084636
nginx            0.9 17032
nginx            0.9 17024
systemd-journal  0.5 242684
rsyslogd         0.3  5248
jbd2/sda1-8      0.2     0
kworker/1:1H-kb  0.1     0
kworker/0:1H-kb  0.1     0
rcu_preempt      0.1     0
2026-09-26T15:33:08+00:00
COMMAND         %CPU   RSS
mysqld          16.4 1087628
bench            9.0 52132
nginx            0.9 17032
nginx            0.9 17024
isuride          0.8 15104
systemd-journal  0.5 244100
rsyslogd         0.3  5248
jbd2/sda1-8      0.2     0
kworker/1:1H-kb  0.1     0
2026-09-26T15:33:10+00:00
COMMAND         %CPU   RSS
mysqld          16.5 1088336
bench           13.2 68276
isuride          2.8 15476
nginx            0.9 17032
nginx            0.9 17024
systemd-journal  0.5 245988
rsyslogd         0.3  5248
jbd2/sda1-8      0.2     0
kworker/1:1H-kb  0.1     0
2026-09-26T15:33:12+00:00
COMMAND         %CPU   RSS
bench           17.7 101192
mysqld          16.5 1089772
isuride          5.0 16352
nginx            0.9 17032
nginx            0.9 17024
systemd-journal  0.5 247832
rsyslogd         0.3  5248
jbd2/sda1-8      0.2     0
kworker/1:1H-kb  0.1     0
2026-09-26T15:33:14+00:00
COMMAND         %CPU   RSS
bench           20.0 124844
mysqld          16.5 1092116
isuride          7.2 16768
nginx            0.9 17032
nginx            0.9 17024
systemd-journal  0.5 248580
rsyslogd         0.3  5248
jbd2/sda1-8      0.2     0
kworker/1:1H-kb  0.1     0
2026-09-26T15:33:16+00:00
COMMAND         %CPU   RSS
bench           21.4 154284
mysqld          16.5 1095088
isuride          9.3 17352
nginx            0.9 17032
nginx            0.9 17024
systemd-journal  0.5 248580
rsyslogd         0.3  5248
jbd2/sda1-8      0.2     0
kworker/1:1H-kb  0.1     0
2026-09-26T15:33:18+00:00
COMMAND         %CPU   RSS
bench           22.2 169604
mysqld          16.5 1098548
isuride         11.1 18908
nginx            0.9 17032
nginx            0.9 17024
systemd-journal  0.5 248580
rsyslogd         0.3  5248
jbd2/sda1-8      0.2     0
kworker/1:1H-kb  0.1     0
2026-09-26T15:33:20+00:00
COMMAND         %CPU   RSS
bench           22.1 182788
mysqld          16.5 1101588
isuride         12.6 19912
nginx            0.9 17032
nginx            0.9 17024
systemd-journal  0.5 253256
rsyslogd         0.3  5248
jbd2/sda1-8      0.2     0
kworker/1:1H-kb  0.1     0
2026-09-26T15:33:22+00:00
COMMAND         %CPU   RSS
bench           22.3 196764
mysqld          16.5 1103284
isuride         14.0 20344
nginx            0.9 17032
nginx            0.9 17024
systemd-journal  0.5 255872
rsyslogd         0.3  5248
jbd2/sda1-8      0.2     0
kworker/1:1H-kb  0.1     0
2026-09-26T15:33:24+00:00
COMMAND         %CPU   RSS
bench           22.1 198068
mysqld          16.5 1106740
isuride         15.4 21604
nginx            0.9 17032
nginx            0.9 17024
systemd-journal  0.5 256916
rsyslogd         0.3  5248
jbd2/sda1-8      0.2     0
kworker/1:1H-kb  0.1     0
2026-09-26T15:33:26+00:00
COMMAND         %CPU   RSS
bench           22.2 208232
isuride         16.6 20832
mysqld          16.5 1109080
nginx            0.9 17032
nginx            0.9 17024
systemd-journal  0.5 256916
rsyslogd         0.3  5248
jbd2/sda1-8      0.2     0
kworker/1:1H-kb  0.1     0
2026-09-26T15:33:28+00:00
COMMAND         %CPU   RSS
bench           22.5 214856
isuride         17.6 22704
mysqld          16.5 1111508
nginx            0.9 17032
nginx            0.9 17024
systemd-journal  0.5 256916
rsyslogd         0.3  5248
jbd2/sda1-8      0.2     0
kworker/1:1H-kb  0.1     0
2026-09-26T15:33:30+00:00
COMMAND         %CPU   RSS
bench           22.7 229072
isuride         18.5 23920
mysqld          16.5 1113368
nginx            0.9 17032
nginx            0.9 17024
systemd-journal  0.5 256916
rsyslogd         0.3  5248
jbd2/sda1-8      0.2     0
kworker/1:1H-kb  0.1     0
2026-09-26T15:33:32+00:00
COMMAND         %CPU   RSS
bench           22.8 248420
isuride         19.2 24996
mysqld          16.5 1113800
nginx            0.9 17032
nginx            0.9 17024
systemd-journal  0.5 256916
rsyslogd         0.3  5248
jbd2/sda1-8      0.2     0
kworker/1:1H-kb  0.1     0
2026-09-26T15:33:34+00:00
COMMAND         %CPU   RSS
bench           22.9 249784
isuride         20.0 24880
mysqld          16.5 1114424
nginx            0.9 17032
nginx            0.9 17024
systemd-journal  0.5 256916
rsyslogd         0.3  5248
jbd2/sda1-8      0.2     0
kworker/1:1H-kb  0.1     0
2026-09-26T15:33:36+00:00
COMMAND         %CPU   RSS
bench           23.0 267660
isuride         20.7 26564
mysqld          16.5 1115656
curl             5.5 12324
nginx            0.9 17032
nginx            0.9 17024
systemd-journal  0.5 256916
rsyslogd         0.3  5248
jbd2/sda1-8      0.2     0
2026-09-26T15:33:38+00:00
COMMAND         %CPU   RSS
bench           23.1 280012
isuride         21.3 27772
mysqld          16.5 1117220
nginx            0.9 17032
nginx            0.9 17024
systemd-journal  0.5 256916
rsyslogd         0.3  5248
jbd2/sda1-8      0.2     0
kworker/1:1H-kb  0.1     0
2026-09-26T15:33:40+00:00
COMMAND         %CPU   RSS
bench           23.4 298476
isuride         21.8 27944
mysqld          16.6 1117232
curl            11.1 12316
nginx            0.9 17032
nginx            0.9 17024
systemd-journal  0.5 256916
rsyslogd         0.3  5248
jbd2/sda1-8      0.2     0
2026-09-26T15:33:42+00:00
COMMAND         %CPU   RSS
bench           23.0 301308
isuride         21.9 29844
mysqld          16.6 1118240
curl             1.1 12308
nginx            0.9 17032
nginx            0.9 17024
systemd-journal  0.5 256916
rsyslogd         0.3  5248
jbd2/sda1-8      0.2     0
2026-09-26T15:33:44+00:00
COMMAND         %CPU   RSS
bench           23.0 316112
isuride         22.3 29664
mysqld          16.6 1118352
curl             2.7 12324
nginx            0.9 17032
nginx            0.9 17024
systemd-journal  0.5 256916
rsyslogd         0.3  5240
jbd2/sda1-8      0.2     0
2026-09-26T15:33:46+00:00
COMMAND         %CPU   RSS
bench           23.1 319724
isuride         22.8 29992
mysqld          16.6 1118380
nginx            0.9 17032
nginx            0.9 17024
systemd-journal  0.5 256916
rsyslogd         0.3  5240
jbd2/sda1-8      0.2     0
kworker/1:1H-kb  0.1     0
2026-09-26T15:33:48+00:00
COMMAND         %CPU   RSS
bench           23.3 341880
isuride         23.2 31628
mysqld          16.6 1118464
nginx            0.9 17032
nginx            0.9 17024
systemd-journal  0.5 256916
rsyslogd         0.3  5240
jbd2/sda1-8      0.2     0
kworker/1:1H-kb  0.1     0
2026-09-26T15:33:50+00:00
COMMAND         %CPU   RSS
isuride         23.5 32064
bench           23.3 343560
mysqld          16.6 1118464
curl             7.6 12324
nginx            0.9 17032
nginx            0.9 17024
systemd-journal  0.5 260572
rsyslogd         0.3  5240
jbd2/sda1-8      0.2     0
2026-09-26T15:33:52+00:00
COMMAND         %CPU   RSS
isuride         23.9 32740
bench           23.4 372936
mysqld          16.6 1118464
curl             5.0 12308
nginx            0.9 17032
nginx            0.9 17024
systemd-journal  0.5 263956
rsyslogd         0.3  5240
jbd2/sda1-8      0.2     0
2026-09-26T15:33:54+00:00
COMMAND         %CPU   RSS
isuride         24.3 34596
bench           23.5 375208
mysqld          16.6 1118464
nginx            0.9 17032
nginx            0.9 17024
systemd-journal  0.5 265424
rsyslogd         0.3  5240
jbd2/sda1-8      0.3     0
kworker/1:1H-kb  0.1     0
2026-09-26T15:33:56+00:00
COMMAND         %CPU   RSS
isuride         24.6 34464
bench           23.5 395580
mysqld          16.6 1118488
curl            10.0 12324
nginx            0.9 17032
nginx            0.9 17024
systemd-journal  0.5 265424
rsyslogd         0.3  5240
jbd2/sda1-8      0.3     0
2026-09-26T15:33:58+00:00
COMMAND         %CPU   RSS
isuride         24.8 34768
bench           23.5 395928
mysqld          16.6 1118500
nginx            0.9 17032
nginx            0.9 17024
systemd-journal  0.5 265424
rsyslogd         0.3  5240
jbd2/sda1-8      0.3     0
kworker/1:1H-kb  0.1     0
2026-09-26T15:34:00+00:00
COMMAND         %CPU   RSS
isuride         25.1 35840
bench           23.5 398952
curl            20.0 12324
mysqld          16.6 1118640
nginx            0.9 17032
nginx            0.9 17024
systemd-journal  0.5 265424
rsyslogd         0.3  5240
jbd2/sda1-8      0.3     0
2026-09-26T15:34:03+00:00
COMMAND         %CPU   RSS
isuride         25.3 37088
bench           23.6 422200
mysqld          16.6 1121764
curl             2.9 12356
nginx            0.9 17032
nginx            0.9 17024
systemd-journal  0.5 265424
rsyslogd         0.3  5240
jbd2/sda1-8      0.3     0
2026-09-26T15:34:05+00:00
COMMAND         %CPU   RSS
isuride         25.6 37932
bench           23.6 423364
mysqld          16.6 1119232
curl             7.1 12324
nginx            0.9 17032
nginx            0.9 17024
systemd-journal  0.5 265424
rsyslogd         0.3  5240
jbd2/sda1-8      0.3     0
2026-09-26T15:34:07+00:00
COMMAND         %CPU   RSS
isuride         25.8 38340
bench           23.6 430680
mysqld          16.6 1119232
nginx            0.9 17032
nginx            0.9 17024
systemd-journal  0.5 265424
rsyslogd         0.3  5240
jbd2/sda1-8      0.3     0
kworker/1:1H-kb  0.1     0
2026-09-26T15:34:09+00:00
COMMAND         %CPU   RSS
isuride         26.1 31896
bench           23.6 451932
mysqld          16.7 1119232
nginx            0.9 17032
nginx            0.9 17024
systemd-journal  0.5 265424
rsyslogd         0.3  5240
jbd2/sda1-8      0.3     0
kworker/1:1H-kb  0.1     0
2026-09-26T15:34:11+00:00
COMMAND         %CPU   RSS
isuride         26.4 29972
bench           23.5 451932
mysqld          16.7 1119232
nginx            0.9 17032
nginx            0.9 17024
systemd-journal  0.5 265424
rsyslogd         0.3  5240
jbd2/sda1-8      0.3     0
kworker/1:1H-kb  0.1     0
