procs -----------memory---------- ---swap-- -----io---- -system-- -------cpu------- -----timestamp-----
 r  b   swpd   free   buff  cache   si   so    bi    bo   in   cs us sy id wa st gu                 UTC
 3  0      0 623828  69768 2044156    0    0    79  3074 3070   57 11  5 83  0  0  0 2026-09-26 15:33:06
31  1      0 602240  69772 2045508    0    0   296 63120 17243 36793 30 13 42 16  0  0 2026-09-26 15:33:07
 5  0      0 593684  69772 2046748    0    0     0  9064 17106 55467 18 13 68  2  0  0 2026-09-26 15:33:08
 3  0      0 587692  69772 2050584    0    0     0 14108 31304 93312 27 22 49  2  0  0 2026-09-26 15:33:09
 1  0      0 573252  69772 2053024    0    0     0 20660 31672 112951 39 28 30  3  0  0 2026-09-26 15:33:10
 8  0      0 557264  69772 2055472    0    0     0 37368 27803 116778 46 32 19  3  0  0 2026-09-26 15:33:11
29  1      0 530328  69772 2059780    0    0     4 28568 25635 114838 53 37  9  1  0  0 2026-09-26 15:33:12
13  1      0 511972  69772 2063728    0    0     0 24768 25969 114832 54 37  8  2  0  0 2026-09-26 15:33:13
 8  0      0 490580  69772 2067236    0    0     0 29420 24251 113763 56 37  6  1  0  0 2026-09-26 15:33:14
29  1      0 476972  69772 2069664    0    0     0 28212 21617 111039 59 39  2  1  0  0 2026-09-26 15:33:15
13  1      0 457120  69772 2071904    0    0     4 28476 23807 109058 58 38  3  1  0  0 2026-09-26 15:33:16
27  0      0 445276  69772 2074212    0    0     0 28600 21643 107016 59 40  2  1  0  0 2026-09-26 15:33:17
 8  0      0 428940  69772 2077436    0    0     0 30968 22667 108137 59 40  1  0  0  0 2026-09-26 15:33:18
27  0      0 420376  69772 2079828    0    0     0 29928 21241 105381 57 40  3  1  0  0 2026-09-26 15:33:19
24  1      0 402320  69772 2083884    0    0     4 31384 21338 103543 56 37  4  3  0  0 2026-09-26 15:33:20
30  0      0 396776  69772 2086736    0    0     0 52896 21974 102614 54 42  3  2  0  0 2026-09-26 15:33:21
23  0      0 381460  69772 2089432    0    0     0 36660 22980 104105 57 39  3  1  0  0 2026-09-26 15:33:22
13  2      0 373796  69772 2091880    0    0     0 34976 23402 106906 58 40  1  1  0  0 2026-09-26 15:33:23
14  0      0 371092  69772 2093312    0    0     0 37276 21976 103325 54 39  4  3  0  0 2026-09-26 15:33:24
32  0      0 358464  69772 2094792    0    0     0 34452 22232 107316 56 42  2  1  0  0 2026-09-26 15:33:25
32  1      0 356196  69772 2096672    0    0     0 29844 23615 111932 57 39  3  1  0  0 2026-09-26 15:33:26
procs -----------memory---------- ---swap-- -----io---- -system-- -------cpu------- -----timestamp-----
 r  b   swpd   free   buff  cache   si   so    bi    bo   in   cs us sy id wa st gu                 UTC
14  0      0 343152  69772 2098864    0    0     0 29708 23173 101444 57 39  3  1  0  0 2026-09-26 15:33:27
10  1      0 338364  69772 2101444    0    0     0 31360 22037 104481 58 39  3  1  0  0 2026-09-26 15:33:28
31  2      0 329292  69772 2102872    0    0     0 29584 21658 101396 56 37  4  2  0  0 2026-09-26 15:33:29
22  1      0 313444  69772 2104352    0    0     0 31312 22070 102592 57 39  3  1  0  0 2026-09-26 15:33:30
26  0      0 310728  69772 2105820    0    0     0 32392 20430 108582 58 40  1  1  0  0 2026-09-26 15:33:31
14  0      0 292836  69772 2107248    0    0     0 47312 22356 101541 57 38  3  2  0  0 2026-09-26 15:33:32
23  0      0 290644  69772 2108636    0    0     0 29396 23217 102088 57 37  4  3  0  0 2026-09-26 15:33:33
21  1      0 290612  69772 2110076    0    0     0 29676 24082 105174 57 40  3  1  0  0 2026-09-26 15:33:34
23  1      0 267776  69772 2111512    0    0     0 34072 22213 97397 60 39  1  1  0  0 2026-09-26 15:33:35
24  0      0 260780  69772 2112956    0    0     0 29932 22158 101266 57 38  4  2  0  0 2026-09-26 15:33:36
 8  1      0 263552  69772 2114536    0    0     0 30868 22338 104210 58 37  3  2  0  0 2026-09-26 15:33:37
30  1      0 254300  69772 2115612    0    0     0 27776 20490 95673 58 38  3  2  0  0 2026-09-26 15:33:38
14  0      0 224828  69772 2116848    0    0     0 29212 19902 86465 62 35  2  1  0  0 2026-09-26 15:33:39
 6  0      0 222084  69772 2118276    0    0     0 31716 23032 100894 60 38  1  1  0  0 2026-09-26 15:33:40
32  0      0 221584  69772 2119100    0    0     0 13928 11947 52687 33 20 24 23  0  0 2026-09-26 15:33:41
 0  2      0 219316  69772 2120288    0    0     0 25572 20082 85010 46 28 12 14  0  0 2026-09-26 15:33:42
11  2      0 199196  69772 2122616    0    0     0 16156 23152 105804 52 26  8 14  0  0 2026-09-26 15:33:43
23  1      0 196928  69772 2124348    0    0     0 31192 22240 105206 57 39  3  1  0  0 2026-09-26 15:33:44
25  0      0 195468  69772 2126348    0    0     0 36092 24146 103331 58 36  4  2  0  0 2026-09-26 15:33:45
20  1      0 188708  69772 2127808    0    0     0 29656 21565 101832 61 38  1  0  0  0 2026-09-26 15:33:46
38  0      0 169784  69772 2129264    0    0     0 30296 20608 97774 60 38  2  1  0  0 2026-09-26 15:33:47
procs -----------memory---------- ---swap-- -----io---- -system-- -------cpu------- -----timestamp-----
 r  b   swpd   free   buff  cache   si   so    bi    bo   in   cs us sy id wa st gu                 UTC
10  1      0 160212  69772 2130692    0    0     0 31104 22054 99341 61 39  1  1  0  0 2026-09-26 15:33:48
22  1      0 159748  69772 2131924    0    0     0 32000 23270 105948 59 39  1  1  0  0 2026-09-26 15:33:49
29  1      0 160500  69772 2134244    0    0     0 32560 23092 100456 61 37  2  1  0  0 2026-09-26 15:33:50
12  1      0 131328  69772 2136360    0    0     0 32820 23124 103419 58 40  1  1  0  0 2026-09-26 15:33:51
15  0      0 122236  69772 2138720    0    0     0 31960 22736 96700 63 37  1  0  0  0 2026-09-26 15:33:52
28  1      0 114720  69772 2141348    0    0     0 36328 21750 100442 60 38  1  1  0  0 2026-09-26 15:33:53
24  0      0 112784  69772 2143224    0    0     0 30272 22886 102314 60 39  1  1  0  0 2026-09-26 15:33:54
18  1      0 100372  69776 2144592    0    0     0 54604 21864 96728 61 37  2  1  0  0 2026-09-26 15:33:55
22  1      0  93400  69776 2145792    0    0     0 30808 22538 94556 58 38  3  2  0  0 2026-09-26 15:33:56
20  1      0  81312  69776 2146928    0    0     0 32240 22339 99388 58 33  5  4  0  0 2026-09-26 15:33:57
16  0      0  81132  69776 2149320    0    0     0 29840 23009 99909 57 34  5  3  0  0 2026-09-26 15:33:58
21  0      0  80640  69776 2150604    0    0     0 30732 21532 99432 60 36  3  2  0  0 2026-09-26 15:33:59
25  0      0  79168  69776 2152056    0    0     0 28040 21678 101896 59 37  4  1  0  0 2026-09-26 15:34:00
13  1      0  83420  68692 2127992    0    0     0 32424 23090 100818 59 40  1  1  0  0 2026-09-26 15:34:01
 8  3      0  71524  68692 2129968    0    0     0 28268 22419 95743 61 37  1  1  0  0 2026-09-26 15:34:02
25  2      0  89316  68556 2119084    0    0     0 33852 23581 99703 60 38  2  1  0  0 2026-09-26 15:34:03
31  0      0  77104  68556 2120380    0    0     0 30196 21965 98749 61 37  1  1  0  0 2026-09-26 15:34:04
12  2      0  72520  68560 2121688    0    0     0 35036 23231 102721 61 35  3  1  0  0 2026-09-26 15:34:05
16  0      0  95484  68552 2109196    0    0     0 27620 22000 94687 62 33  4  2  0  0 2026-09-26 15:34:06
10  1      0  86708  68496 2089932    0    0     0 31192 23079 97984 57 40  2  1  0  0 2026-09-26 15:34:07
12  1      0  92844  68496 2091260    0    0     0 18436 20669 112946 66 31  3  1  0  0 2026-09-26 15:34:08
procs -----------memory---------- ---swap-- -----io---- -system-- -------cpu------- -----timestamp-----
 r  b   swpd   free   buff  cache   si   so    bi    bo   in   cs us sy id wa st gu                 UTC
10  0      0  92336  68496 2092564    0    0     0  6224 19381 119056 70 26  5  0  0  0 2026-09-26 15:34:09
39  0      0  94944  68496 2093952    0    0     0  3460 19600 125328 70 26  4  0  0  0 2026-09-26 15:34:10
33  0      0  94816  68496 2095392    0    0     0  2916 17372 126207 68 27  5  0  0  0 2026-09-26 15:34:11
18  2      0 524116  68496 2096652    0    0     0  1340 16421 123910 68 26  7  0  0  0 2026-09-26 15:34:12
