time=13:14:48.120 level=DEBUG source=/tmp/isucon14/bench/cmd/run.go:90 msg=target targetURL=https://isuride.xiv.isucon.net targetAddr=127.0.0.1:443 benchrun.GetTargetAddress()="" paymentURL=http://127.0.0.1:12346
time=13:14:48.120 level=INFO msg=負荷走行を開始します
time=13:14:50.985 level=DEBUG source=/tmp/isucon14/bench/benchmarker/scenario/scenario.go:315 msg=時間経過 tick=60
time=13:14:50.985 level=DEBUG source=/tmp/isucon14/bench/benchmarker/scenario/scenario.go:317 msg=eval reqs=3 score="[0 0 0 3 0]" criteria="[3 0 3 3]"
time=13:14:52.763 level=INFO msg=一定の売上が立ったためオーナーの椅子が増加します 名前=ひまわり交通 増加数=1
time=13:14:52.763 level=INFO msg=一定の売上が立ったためオーナーの椅子が増加します 名前=PulseRide 増加数=1
time=13:14:52.764 level=INFO msg=一定の売上が立ったためオーナーの椅子が増加します 名前="ReSit & Renew" 増加数=2
time=13:14:52.785 level=DEBUG source=/tmp/isucon14/bench/benchmarker/scenario/scenario.go:315 msg=時間経過 tick=120
time=13:14:52.785 level=DEBUG source=/tmp/isucon14/bench/benchmarker/scenario/scenario.go:317 msg=eval reqs=18 score="[0 0 0 10 8]" criteria="[18 8 18 18]"
time=13:14:54.187 level=WARN msg="ユーザー登録に失敗しました (CODE=17): POST /api/app/usersへのリクエストに対して、期待されたHTTPステータスコードが確認できませんでした (expected:201, actual:500)"
time=13:14:54.576 level=INFO msg=一定の売上が立ったためオーナーの椅子が増加します 名前=PulseRide 増加数=1
time=13:14:54.582 level=INFO msg=一定の売上が立ったためオーナーの椅子が増加します 名前=ひまわり交通 増加数=1
time=13:14:54.585 level=DEBUG source=/tmp/isucon14/bench/benchmarker/scenario/scenario.go:315 msg=時間経過 tick=180
time=13:14:54.585 level=DEBUG source=/tmp/isucon14/bench/benchmarker/scenario/scenario.go:317 msg=eval reqs=31 score="[0 0 0 22 9]" criteria="[31 9 31 31]"
time=13:14:54.585 level=INFO msg=これまでに地域内の評判によって6人、既存ユーザーの招待経由で30人が新規登録しました
time=13:14:54.585 level=INFO msg=0.0%のライドは椅子がマッチされるまでの時間、71.0%のライドはマッチされた椅子が乗車地点までに掛かる時間、0.0%のライドは椅子の実移動時間に不満がありました
time=13:14:54.588 level=INFO msg=一定の売上が立ったためオーナーの椅子が増加します 名前=再座堂 増加数=1
time=13:14:54.596 level=INFO msg=一定の売上が立ったためオーナーの椅子が増加します 名前="Orbit Taxi" 増加数=1
time=13:14:56.384 level=INFO msg=一定の売上が立ったためオーナーの椅子が増加します 名前="ReSit & Renew" 増加数=1
time=13:14:56.384 level=DEBUG source=/tmp/isucon14/bench/benchmarker/scenario/scenario.go:315 msg=時間経過 tick=240
time=13:14:56.384 level=DEBUG source=/tmp/isucon14/bench/benchmarker/scenario/scenario.go:317 msg=eval reqs=42 score="[0 0 6 23 13]" criteria="[42 13 42 36]"
time=13:14:56.385 level=INFO msg=一定の売上が立ったためオーナーの椅子が増加します 名前=再座堂 増加数=1
time=13:14:56.385 level=INFO msg=一定の売上が立ったためオーナーの椅子が増加します 名前=ひまわり交通 増加数=1
time=13:14:56.387 level=INFO msg=一定の売上が立ったためオーナーの椅子が増加します 名前=PulseRide 増加数=1
time=13:14:56.391 level=INFO msg=一定の売上が立ったためオーナーの椅子が増加します 名前="Orbit Taxi" 増加数=1
time=13:14:58.180 level=INFO msg=一定の売上が立ったためオーナーの椅子が増加します 名前="Orbit Taxi" 増加数=1
time=13:14:58.184 level=DEBUG source=/tmp/isucon14/bench/benchmarker/scenario/scenario.go:315 msg=時間経過 tick=300
time=13:14:58.185 level=DEBUG source=/tmp/isucon14/bench/benchmarker/scenario/scenario.go:317 msg=eval reqs=57 score="[0 4 12 27 14]" criteria="[57 15 48 45]"
time=13:14:58.186 level=INFO msg=一定の売上が立ったためオーナーの椅子が増加します 名前="ReSit & Renew" 増加数=1
time=13:14:58.186 level=INFO msg=一定の売上が立ったためオーナーの椅子が増加します 名前=再座堂 増加数=1
time=13:14:58.187 level=INFO msg=一定の売上が立ったためオーナーの椅子が増加します 名前=ひまわり交通 増加数=1
time=13:14:58.202 level=INFO msg=一定の売上が立ったためオーナーの椅子が増加します 名前=PulseRide 増加数=1
time=13:14:58.404 level=WARN msg="ユーザー登録に失敗しました (CODE=17): POST /api/app/usersへのリクエストに対して、期待されたHTTPステータスコードが確認できませんでした (expected:201, actual:500)"
time=13:14:59.984 level=INFO msg=一定の売上が立ったためオーナーの椅子が増加します 名前="Orbit Taxi" 増加数=3
time=13:14:59.984 level=INFO msg=これまでに地域内の評判によって18人、既存ユーザーの招待経由で49人が新規登録しました
time=13:14:59.984 level=INFO msg=これまでに低評価なライドによって4人が利用をやめました
time=13:14:59.985 level=INFO msg=0.0%のライドは椅子がマッチされるまでの時間、70.7%のライドはマッチされた椅子が乗車地点までに掛かる時間、21.3%のライドは椅子の実移動時間に不満がありました
time=13:14:59.984 level=DEBUG source=/tmp/isucon14/bench/benchmarker/scenario/scenario.go:315 msg=時間経過 tick=360
time=13:14:59.984 level=DEBUG source=/tmp/isucon14/bench/benchmarker/scenario/scenario.go:317 msg=eval reqs=75 score="[0 6 17 33 19]" criteria="[75 22 63 55]"
time=13:14:59.990 level=INFO msg=一定の売上が立ったためオーナーの椅子が増加します 名前=ひまわり交通 増加数=2
time=13:14:59.991 level=INFO msg=一定の売上が立ったためオーナーの椅子が増加します 名前=PulseRide 増加数=1
time=13:14:59.994 level=INFO msg=一定の売上が立ったためオーナーの椅子が増加します 名前=再座堂 増加数=1
time=13:15:00.001 level=INFO msg=一定の売上が立ったためオーナーの椅子が増加します 名前="ReSit & Renew" 増加数=1
time=13:15:01.534 level=WARN msg="ユーザーが新しくライドを作成できませんでした (CODE=8): POST /api/app/ridesへのリクエストに対して、期待されたHTTPステータスコードが確認できませんでした (expected:202, actual:500)"
time=13:15:01.785 level=DEBUG source=/tmp/isucon14/bench/benchmarker/scenario/scenario.go:315 msg=時間経過 tick=420
time=13:15:01.785 level=DEBUG source=/tmp/isucon14/bench/benchmarker/scenario/scenario.go:317 msg=eval reqs=93 score="[1 7 25 38 22]" criteria="[90 28 80 61]"
time=13:15:01.796 level=INFO msg=一定の売上が立ったためオーナーの椅子が増加します 名前=ひまわり交通 増加数=2
time=13:15:01.808 level=INFO msg=一定の売上が立ったためオーナーの椅子が増加します 名前=再座堂 増加数=1
time=13:15:01.808 level=INFO msg=一定の売上が立ったためオーナーの椅子が増加します 名前="Orbit Taxi" 増加数=1
time=13:15:01.817 level=INFO msg=一定の売上が立ったためオーナーの椅子が増加します 名前=PulseRide 増加数=1
time=13:15:01.817 level=INFO msg=一定の売上が立ったためオーナーの椅子が増加します 名前="ReSit & Renew" 増加数=1
time=13:15:02.050 level=WARN msg="ユーザー登録に失敗しました (CODE=17): POST /api/app/usersへのリクエストに対して、期待されたHTTPステータスコードが確認できませんでした (expected:201, actual:500)"
time=13:15:02.211 level=WARN msg="ユーザー登録に失敗しました (CODE=17): POST /api/app/usersへのリクエストに対して、期待されたHTTPステータスコードが確認できませんでした (expected:201, actual:500)"
time=13:15:03.398 level=WARN msg="ユーザー登録に失敗しました (CODE=17): POST /api/app/usersへのリクエストに対して、期待されたHTTPステータスコードが確認できませんでした (expected:201, actual:500)"
time=13:15:03.403 level=WARN msg="ユーザー登録に失敗しました (CODE=17): POST /api/app/usersへのリクエストに対して、期待されたHTTPステータスコードが確認できませんでした (expected:201, actual:500)"
time=13:15:03.584 level=DEBUG source=/tmp/isucon14/bench/benchmarker/scenario/scenario.go:315 msg=時間経過 tick=480
time=13:15:03.585 level=DEBUG source=/tmp/isucon14/bench/benchmarker/scenario/scenario.go:317 msg=eval reqs=114 score="[1 10 31 45 27]" criteria="[110 41 97 67]"
time=13:15:03.603 level=INFO msg=一定の売上が立ったためオーナーの椅子が増加します 名前="Orbit Taxi" 増加数=2
time=13:15:03.622 level=INFO msg=一定の売上が立ったためオーナーの椅子が増加します 名前=再座堂 増加数=1
time=13:15:03.649 level=INFO msg=一定の売上が立ったためオーナーの椅子が増加します 名前=PulseRide 増加数=2
time=13:15:03.651 level=INFO msg=一定の売上が立ったためオーナーの椅子が増加します 名前="ReSit & Renew" 増加数=1
time=13:15:05.385 level=DEBUG source=/tmp/isucon14/bench/benchmarker/scenario/scenario.go:315 msg=時間経過 tick=540
time=13:15:05.385 level=DEBUG source=/tmp/isucon14/bench/benchmarker/scenario/scenario.go:317 msg=eval reqs=127 score="[2 13 33 50 29]" criteria="[120 50 105 70]"
time=13:15:05.385 level=INFO msg=これまでに地域内の評判によって31人、既存ユーザーの招待経由で68人が新規登録しました
time=13:15:05.385 level=INFO msg=これまでに低評価なライドによって11人が利用をやめました
time=13:15:05.385 level=INFO msg=5.5%のライドは椅子がマッチされるまでの時間、60.6%のライドはマッチされた椅子が乗車地点までに掛かる時間、31.1%のライドは椅子の実移動時間に不満がありました
time=13:15:05.392 level=INFO msg=一定の売上が立ったためオーナーの椅子が増加します 名前="ReSit & Renew" 増加数=1
time=13:15:05.400 level=INFO msg=一定の売上が立ったためオーナーの椅子が増加します 名前=ひまわり交通 増加数=1
time=13:15:05.415 level=INFO msg=一定の売上が立ったためオーナーの椅子が増加します 名前="Orbit Taxi" 増加数=1
time=13:15:07.185 level=DEBUG source=/tmp/isucon14/bench/benchmarker/scenario/scenario.go:315 msg=時間経過 tick=600
time=13:15:07.185 level=DEBUG source=/tmp/isucon14/bench/benchmarker/scenario/scenario.go:317 msg=eval reqs=146 score="[2 21 36 56 31]" criteria="[134 61 114 76]"
time=13:15:07.235 level=INFO msg=一定の売上が立ったためオーナーの椅子が増加します 名前=PulseRide 増加数=1
time=13:15:07.239 level=INFO msg=一定の売上が立ったためオーナーの椅子が増加します 名前=再座堂 増加数=1
time=13:15:07.243 level=INFO msg=一定の売上が立ったためオーナーの椅子が増加します 名前=ひまわり交通 増加数=2
time=13:15:07.244 level=INFO msg=一定の売上が立ったためオーナーの椅子が増加します 名前="Orbit Taxi" 増加数=2
time=13:15:07.246 level=INFO msg=一定の売上が立ったためオーナーの椅子が増加します 名前="ReSit & Renew" 増加数=2
time=13:15:08.985 level=DEBUG source=/tmp/isucon14/bench/benchmarker/scenario/scenario.go:315 msg=時間経過 tick=660
time=13:15:08.985 level=DEBUG source=/tmp/isucon14/bench/benchmarker/scenario/scenario.go:317 msg=eval reqs=171 score="[4 35 42 59 31]" criteria="[149 70 122 79]"
time=13:15:09.024 level=INFO msg=一定の売上が立ったためオーナーの椅子が増加します 名前=再座堂 増加数=1
time=13:15:09.033 level=INFO msg=一定の売上が立ったためオーナーの椅子が増加します 名前=PulseRide 増加数=3
time=13:15:09.054 level=INFO msg=一定の売上が立ったためオーナーの椅子が増加します 名前="Orbit Taxi" 増加数=2
time=13:15:09.056 level=INFO msg=一定の売上が立ったためオーナーの椅子が増加します 名前="ReSit & Renew" 増加数=1
time=13:15:09.057 level=INFO msg=一定の売上が立ったためオーナーの椅子が増加します 名前=ひまわり交通 増加数=1
time=13:15:10.785 level=DEBUG source=/tmp/isucon14/bench/benchmarker/scenario/scenario.go:315 msg=時間経過 tick=720
time=13:15:10.785 level=INFO msg=これまでに地域内の評判によって43人、既存ユーザーの招待経由で81人が新規登録しました
time=13:15:10.785 level=DEBUG source=/tmp/isucon14/bench/benchmarker/scenario/scenario.go:317 msg=eval reqs=188 score="[9 39 47 62 31]" criteria="[155 77 128 83]"
time=13:15:10.785 level=INFO msg=これまでに低評価なライドによって22人が利用をやめました
time=13:15:10.785 level=INFO msg=17.6%のライドは椅子がマッチされるまでの時間、59.0%のライドはマッチされた椅子が乗車地点までに掛かる時間、43.9%のライドは椅子の実移動時間に不満がありました
time=13:15:10.813 level=INFO msg=一定の売上が立ったためオーナーの椅子が増加します 名前=再座堂 増加数=1
time=13:15:10.818 level=INFO msg=一定の売上が立ったためオーナーの椅子が増加します 名前=ひまわり交通 増加数=1
time=13:15:10.934 level=INFO msg=一定の売上が立ったためオーナーの椅子が増加します 名前="Orbit Taxi" 増加数=1
time=13:15:12.585 level=DEBUG source=/tmp/isucon14/bench/benchmarker/scenario/scenario.go:315 msg=時間経過 tick=780
time=13:15:12.585 level=DEBUG source=/tmp/isucon14/bench/benchmarker/scenario/scenario.go:317 msg=eval reqs=214 score="[17 49 52 64 32]" criteria="[163 89 136 85]"
time=13:15:12.655 level=INFO msg=一定の売上が立ったためオーナーの椅子が増加します 名前=PulseRide 増加数=2
time=13:15:12.676 level=INFO msg=一定の売上が立ったためオーナーの椅子が増加します 名前=再座堂 増加数=1
time=13:15:12.684 level=INFO msg=一定の売上が立ったためオーナーの椅子が増加します 名前=ひまわり交通 増加数=3
time=13:15:12.699 level=INFO msg=一定の売上が立ったためオーナーの椅子が増加します 名前="ReSit & Renew" 増加数=2
time=13:15:12.719 level=INFO msg=一定の売上が立ったためオーナーの椅子が増加します 名前="Orbit Taxi" 増加数=2
time=13:15:14.385 level=DEBUG source=/tmp/isucon14/bench/benchmarker/scenario/scenario.go:315 msg=時間経過 tick=840
time=13:15:14.385 level=DEBUG source=/tmp/isucon14/bench/benchmarker/scenario/scenario.go:317 msg=eval reqs=247 score="[25 61 57 71 33]" criteria="[181 103 145 91]"
time=13:15:14.449 level=INFO msg=一定の売上が立ったためオーナーの椅子が増加します 名前=PulseRide 増加数=1
time=13:15:14.449 level=INFO msg=一定の売上が立ったためオーナーの椅子が増加します 名前="ReSit & Renew" 増加数=3
time=13:15:14.490 level=INFO msg=一定の売上が立ったためオーナーの椅子が増加します 名前="Orbit Taxi" 増加数=2
time=13:15:14.562 level=INFO msg=一定の売上が立ったためオーナーの椅子が増加します 名前=ひまわり交通 増加数=1
time=13:15:16.184 level=INFO msg=これまでに地域内の評判によって55人、既存ユーザーの招待経由で102人が新規登録しました
time=13:15:16.184 level=INFO msg=これまでに低評価なライドによって44人が利用をやめました
time=13:15:16.184 level=INFO msg=28.1%のライドは椅子がマッチされるまでの時間、56.6%のライドはマッチされた椅子が乗車地点までに掛かる時間、54.4%のライドは椅子の実移動時間に不満がありました
time=13:15:16.184 level=DEBUG source=/tmp/isucon14/bench/benchmarker/scenario/scenario.go:315 msg=時間経過 tick=900
time=13:15:16.184 level=DEBUG source=/tmp/isucon14/bench/benchmarker/scenario/scenario.go:317 msg=eval reqs=274 score="[32 65 63 81 33]" criteria="[197 119 157 93]"
time=13:15:16.227 level=INFO msg=一定の売上が立ったためオーナーの椅子が増加します 名前=再座堂 増加数=1
time=13:15:16.277 level=INFO msg=一定の売上が立ったためオーナーの椅子が増加します 名前=PulseRide 増加数=2
time=13:15:16.282 level=INFO msg=一定の売上が立ったためオーナーの椅子が増加します 名前="Orbit Taxi" 増加数=2
time=13:15:16.315 level=INFO msg=一定の売上が立ったためオーナーの椅子が増加します 名前=ひまわり交通 増加数=3
time=13:15:17.985 level=DEBUG source=/tmp/isucon14/bench/benchmarker/scenario/scenario.go:315 msg=時間経過 tick=960
time=13:15:17.985 level=DEBUG source=/tmp/isucon14/bench/benchmarker/scenario/scenario.go:317 msg=eval reqs=310 score="[34 78 73 90 35]" criteria="[231 137 167 99]"
time=13:15:18.049 level=INFO msg=一定の売上が立ったためオーナーの椅子が増加します 名前="ReSit & Renew" 増加数=2
time=13:15:18.102 level=INFO msg=一定の売上が立ったためオーナーの椅子が増加します 名前=再座堂 増加数=1
time=13:15:18.106 level=INFO msg=一定の売上が立ったためオーナーの椅子が増加します 名前="Orbit Taxi" 増加数=2
time=13:15:18.125 level=INFO msg=一定の売上が立ったためオーナーの椅子が増加します 名前=PulseRide 増加数=1
time=13:15:18.144 level=INFO msg=一定の売上が立ったためオーナーの椅子が増加します 名前=ひまわり交通 増加数=2
time=13:15:19.785 level=DEBUG source=/tmp/isucon14/bench/benchmarker/scenario/scenario.go:315 msg=時間経過 tick=1020
time=13:15:19.785 level=DEBUG source=/tmp/isucon14/bench/benchmarker/scenario/scenario.go:317 msg=eval reqs=341 score="[34 91 86 95 35]" criteria="[262 153 172 101]"
time=13:15:19.822 level=INFO msg=一定の売上が立ったためオーナーの椅子が増加します 名前=再座堂 増加数=1
time=13:15:19.823 level=INFO msg=一定の売上が立ったためオーナーの椅子が増加します 名前=ひまわり交通 増加数=1
time=13:15:19.832 level=INFO msg=一定の売上が立ったためオーナーの椅子が増加します 名前="ReSit & Renew" 増加数=1
time=13:15:19.842 level=INFO msg=一定の売上が立ったためオーナーの椅子が増加します 名前="Orbit Taxi" 増加数=2
time=13:15:19.901 level=INFO msg=一定の売上が立ったためオーナーの椅子が増加します 名前=PulseRide 増加数=2
time=13:15:21.121 level=WARN msg="ユーザー登録に失敗しました (CODE=17): POST /api/app/usersへのリクエストに対して、期待されたHTTPステータスコードが確認できませんでした (expected:201, actual:500)"
time=13:15:21.134 level=WARN msg="ユーザー登録に失敗しました (CODE=17): POST /api/app/usersへのリクエストに対して、期待されたHTTPステータスコードが確認できませんでした (expected:201, actual:500)"
time=13:15:21.586 level=INFO msg=これまでに地域内の評判によって67人、既存ユーザーの招待経由で122人が新規登録しました
time=13:15:21.586 level=INFO msg=これまでに低評価なライドによって53人が利用をやめました
time=13:15:21.586 level=INFO msg=21.8%のライドは椅子がマッチされるまでの時間、53.7%のライドはマッチされた椅子が乗車地点までに掛かる時間、61.9%のライドは椅子の実移動時間に不満がありました
time=13:15:21.586 level=DEBUG source=/tmp/isucon14/bench/benchmarker/scenario/scenario.go:315 msg=時間経過 tick=1080
time=13:15:21.586 level=DEBUG source=/tmp/isucon14/bench/benchmarker/scenario/scenario.go:317 msg=eval reqs=367 score="[35 99 97 100 36]" criteria="[287 170 177 103]"
time=13:15:21.722 level=INFO msg=一定の売上が立ったためオーナーの椅子が増加します 名前="Orbit Taxi" 増加数=2
time=13:15:21.751 level=INFO msg=一定の売上が立ったためオーナーの椅子が増加します 名前=PulseRide 増加数=1
time=13:15:21.768 level=INFO msg=一定の売上が立ったためオーナーの椅子が増加します 名前=ひまわり交通 増加数=1
time=13:15:21.801 level=INFO msg=一定の売上が立ったためオーナーの椅子が増加します 名前="ReSit & Renew" 増加数=1
time=13:15:21.885 level=INFO msg=一定の売上が立ったためオーナーの椅子が増加します 名前=再座堂 増加数=1
time=13:15:22.480 level=WARN msg="ユーザー登録に失敗しました (CODE=17): POST /api/app/usersへのリクエストに対して、期待されたHTTPステータスコードが確認できませんでした (expected:201, actual:500)"
time=13:15:22.780 level=WARN msg="ユーザー登録に失敗しました (CODE=17): POST /api/app/usersへのリクエストに対して、期待されたHTTPステータスコードが確認できませんでした (expected:201, actual:500)"
time=13:15:23.385 level=DEBUG source=/tmp/isucon14/bench/benchmarker/scenario/scenario.go:315 msg=時間経過 tick=1140
time=13:15:23.385 level=DEBUG source=/tmp/isucon14/bench/benchmarker/scenario/scenario.go:317 msg=eval reqs=391 score="[35 110 105 105 36]" criteria="[311 182 181 105]"
time=13:15:23.423 level=INFO msg=一定の売上が立ったためオーナーの椅子が増加します 名前=再座堂 増加数=1
time=13:15:23.468 level=INFO msg=一定の売上が立ったためオーナーの椅子が増加します 名前=ひまわり交通 増加数=1
time=13:15:23.482 level=INFO msg=一定の売上が立ったためオーナーの椅子が増加します 名前="ReSit & Renew" 増加数=2
time=13:15:23.482 level=INFO msg=一定の売上が立ったためオーナーの椅子が増加します 名前="Orbit Taxi" 増加数=1
time=13:15:23.502 level=INFO msg=一定の売上が立ったためオーナーの椅子が増加します 名前=PulseRide 増加数=1
time=13:15:25.186 level=DEBUG source=/tmp/isucon14/bench/benchmarker/scenario/scenario.go:315 msg=時間経過 tick=1200
time=13:15:25.186 level=DEBUG source=/tmp/isucon14/bench/benchmarker/scenario/scenario.go:317 msg=eval reqs=426 score="[35 122 121 111 37]" criteria="[346 204 188 107]"
time=13:15:25.246 level=INFO msg=一定の売上が立ったためオーナーの椅子が増加します 名前=再座堂 増加数=1
time=13:15:25.282 level=INFO msg=一定の売上が立ったためオーナーの椅子が増加します 名前=ひまわり交通 増加数=3
time=13:15:25.361 level=INFO msg=一定の売上が立ったためオーナーの椅子が増加します 名前="Orbit Taxi" 増加数=2
time=13:15:25.454 level=INFO msg=一定の売上が立ったためオーナーの椅子が増加します 名前=PulseRide 増加数=3
time=13:15:26.985 level=DEBUG source=/tmp/isucon14/bench/benchmarker/scenario/scenario.go:315 msg=時間経過 tick=1260
time=13:15:26.985 level=DEBUG source=/tmp/isucon14/bench/benchmarker/scenario/scenario.go:317 msg=eval reqs=459 score="[35 135 133 119 37]" criteria="[379 222 194 111]"
time=13:15:26.985 level=INFO msg=これまでに地域内の評判によって79人、既存ユーザーの招待経由で137人が新規登録しました
time=13:15:26.985 level=INFO msg=これまでに低評価なライドによって66人が利用をやめました
time=13:15:26.985 level=INFO msg=17.4%のライドは椅子がマッチされるまでの時間、51.6%のライドはマッチされた椅子が乗車地点までに掛かる時間、66.8%のライドは椅子の実移動時間に不満がありました
time=13:15:27.125 level=INFO msg=一定の売上が立ったためオーナーの椅子が増加します 名前=ひまわり交通 増加数=1
time=13:15:27.163 level=INFO msg=一定の売上が立ったためオーナーの椅子が増加します 名前="ReSit & Renew" 増加数=3
time=13:15:27.219 level=INFO msg=一定の売上が立ったためオーナーの椅子が増加します 名前=再座堂 増加数=1
time=13:15:27.222 level=INFO msg=一定の売上が立ったためオーナーの椅子が増加します 名前=PulseRide 増加数=1
time=13:15:27.277 level=INFO msg=一定の売上が立ったためオーナーの椅子が増加します 名前="Orbit Taxi" 増加数=2
time=13:15:28.784 level=DEBUG source=/tmp/isucon14/bench/benchmarker/scenario/scenario.go:315 msg=時間経過 tick=1320
time=13:15:28.785 level=DEBUG source=/tmp/isucon14/bench/benchmarker/scenario/scenario.go:317 msg=eval reqs=483 score="[35 143 145 123 37]" criteria="[403 238 197 112]"
time=13:15:28.902 level=INFO msg=一定の売上が立ったためオーナーの椅子が増加します 名前="Orbit Taxi" 増加数=2
time=13:15:29.016 level=INFO msg=一定の売上が立ったためオーナーの椅子が増加します 名前="ReSit & Renew" 増加数=1
time=13:15:29.195 level=INFO msg=一定の売上が立ったためオーナーの椅子が増加します 名前=ひまわり交通 増加数=1
time=13:15:29.349 level=INFO msg=一定の売上が立ったためオーナーの椅子が増加します 名前=PulseRide 増加数=1
time=13:15:30.585 level=DEBUG source=/tmp/isucon14/bench/benchmarker/scenario/scenario.go:315 msg=時間経過 tick=1380
time=13:15:30.585 level=DEBUG source=/tmp/isucon14/bench/benchmarker/scenario/scenario.go:317 msg=eval reqs=514 score="[35 153 162 127 37]" criteria="[434 259 198 115]"
time=13:15:30.715 level=INFO msg=一定の売上が立ったためオーナーの椅子が増加します 名前=ひまわり交通 増加数=1
time=13:15:30.718 level=INFO msg=一定の売上が立ったためオーナーの椅子が増加します 名前=PulseRide 増加数=3
time=13:15:30.718 level=INFO msg=一定の売上が立ったためオーナーの椅子が増加します 名前="Orbit Taxi" 増加数=1
time=13:15:30.764 level=INFO msg=一定の売上が立ったためオーナーの椅子が増加します 名前=再座堂 増加数=2
time=13:15:32.384 level=DEBUG source=/tmp/isucon14/bench/benchmarker/scenario/scenario.go:315 msg=時間経過 tick=1440
time=13:15:32.384 level=DEBUG source=/tmp/isucon14/bench/benchmarker/scenario/scenario.go:317 msg=eval reqs=547 score="[35 167 179 129 37]" criteria="[467 276 200 117]"
time=13:15:32.384 level=INFO msg=これまでに地域内の評判によって91人、既存ユーザーの招待経由で147人が新規登録しました
time=13:15:32.385 level=INFO msg=これまでに低評価なライドによって72人が利用をやめました
time=13:15:32.385 level=INFO msg=14.6%のライドは椅子がマッチされるまでの時間、49.5%のライドはマッチされた椅子が乗車地点までに掛かる時間、71.0%のライドは椅子の実移動時間に不満がありました
time=13:15:32.445 level=INFO msg=一定の売上が立ったためオーナーの椅子が増加します 名前=ひまわり交通 増加数=1
time=13:15:32.571 level=INFO msg=一定の売上が立ったためオーナーの椅子が増加します 名前="Orbit Taxi" 増加数=2
time=13:15:32.604 level=INFO msg=一定の売上が立ったためオーナーの椅子が増加します 名前="ReSit & Renew" 増加数=2
time=13:15:34.184 level=DEBUG source=/tmp/isucon14/bench/benchmarker/scenario/scenario.go:315 msg=時間経過 tick=1500
time=13:15:34.185 level=DEBUG source=/tmp/isucon14/bench/benchmarker/scenario/scenario.go:317 msg=eval reqs=584 score="[35 178 200 134 37]" criteria="[504 302 205 117]"
time=13:15:34.242 level=INFO msg=一定の売上が立ったためオーナーの椅子が増加します 名前="ReSit & Renew" 増加数=1
time=13:15:34.247 level=INFO msg=一定の売上が立ったためオーナーの椅子が増加します 名前="Orbit Taxi" 増加数=3
time=13:15:34.267 level=INFO msg=一定の売上が立ったためオーナーの椅子が増加します 名前=再座堂 増加数=1
time=13:15:34.270 level=INFO msg=一定の売上が立ったためオーナーの椅子が増加します 名前=ひまわり交通 増加数=2
time=13:15:34.397 level=INFO msg=一定の売上が立ったためオーナーの椅子が増加します 名前=PulseRide 増加数=2
time=13:15:35.985 level=DEBUG source=/tmp/isucon14/bench/benchmarker/scenario/scenario.go:315 msg=時間経過 tick=1560
time=13:15:35.985 level=DEBUG source=/tmp/isucon14/bench/benchmarker/scenario/scenario.go:317 msg=eval reqs=621 score="[36 194 217 137 37]" criteria="[540 321 207 119]"
time=13:15:36.065 level=INFO msg=一定の売上が立ったためオーナーの椅子が増加します 名前="ReSit & Renew" 増加数=1
time=13:15:36.119 level=INFO msg=一定の売上が立ったためオーナーの椅子が増加します 名前=再座堂 増加数=1
time=13:15:36.143 level=INFO msg=一定の売上が立ったためオーナーの椅子が増加します 名前=ひまわり交通 増加数=1
time=13:15:36.258 level=INFO msg=一定の売上が立ったためオーナーの椅子が増加します 名前="Orbit Taxi" 増加数=2
time=13:15:36.328 level=INFO msg=一定の売上が立ったためオーナーの椅子が増加します 名前=PulseRide 増加数=3
time=13:15:37.784 level=DEBUG source=/tmp/isucon14/bench/benchmarker/scenario/scenario.go:315 msg=時間経過 tick=1620
time=13:15:37.785 level=DEBUG source=/tmp/isucon14/bench/benchmarker/scenario/scenario.go:317 msg=eval reqs=659 score="[36 208 238 140 37]" criteria="[578 344 210 120]"
time=13:15:37.785 level=INFO msg=これまでに地域内の評判によって103人、既存ユーザーの招待経由で155人が新規登録しました
time=13:15:37.785 level=INFO msg=これまでに低評価なライドによって85人が利用をやめました
time=13:15:37.785 level=INFO msg=12.3%のライドは椅子がマッチされるまでの時間、47.8%のライドはマッチされた椅子が乗車地点までに掛かる時間、75.0%のライドは椅子の実移動時間に不満がありました
time=13:15:37.864 level=INFO msg=一定の売上が立ったためオーナーの椅子が増加します 名前=ひまわり交通 増加数=2
time=13:15:37.892 level=INFO msg=一定の売上が立ったためオーナーの椅子が増加します 名前=再座堂 増加数=2
time=13:15:37.945 level=INFO msg=一定の売上が立ったためオーナーの椅子が増加します 名前="ReSit & Renew" 増加数=2
time=13:15:38.249 level=INFO msg=一定の売上が立ったためオーナーの椅子が増加します 名前="Orbit Taxi" 増加数=2
time=13:15:39.586 level=DEBUG source=/tmp/isucon14/bench/benchmarker/scenario/scenario.go:315 msg=時間経過 tick=1680
time=13:15:39.587 level=DEBUG source=/tmp/isucon14/bench/benchmarker/scenario/scenario.go:317 msg=eval reqs=697 score="[36 217 259 148 37]" criteria="[616 372 217 122]"
time=13:15:39.647 level=INFO msg=一定の売上が立ったためオーナーの椅子が増加します 名前=PulseRide 増加数=2
time=13:15:39.654 level=INFO msg=一定の売上が立ったためオーナーの椅子が増加します 名前=ひまわり交通 増加数=1
time=13:15:39.715 level=INFO msg=一定の売上が立ったためオーナーの椅子が増加します 名前="ReSit & Renew" 増加数=1
time=13:15:39.717 level=INFO msg=一定の売上が立ったためオーナーの椅子が増加します 名前=再座堂 増加数=1
time=13:15:39.775 level=INFO msg=一定の売上が立ったためオーナーの椅子が増加します 名前="Orbit Taxi" 増加数=2
time=13:15:41.385 level=DEBUG source=/tmp/isucon14/bench/benchmarker/scenario/scenario.go:315 msg=時間経過 tick=1740
time=13:15:41.385 level=DEBUG source=/tmp/isucon14/bench/benchmarker/scenario/scenario.go:317 msg=eval reqs=737 score="[36 227 286 151 37]" criteria="[656 402 220 122]"
time=13:15:41.389 level=INFO msg=一定の売上が立ったためオーナーの椅子が増加します 名前=再座堂 増加数=1
time=13:15:41.523 level=INFO msg=一定の売上が立ったためオーナーの椅子が増加します 名前="ReSit & Renew" 増加数=1
time=13:15:41.562 level=INFO msg=一定の売上が立ったためオーナーの椅子が増加します 名前=ひまわり交通 増加数=2
time=13:15:41.579 level=INFO msg=一定の売上が立ったためオーナーの椅子が増加します 名前="Orbit Taxi" 増加数=2
time=13:15:41.834 level=INFO msg=一定の売上が立ったためオーナーの椅子が増加します 名前=PulseRide 増加数=1
time=13:15:43.185 level=DEBUG source=/tmp/isucon14/bench/benchmarker/scenario/scenario.go:315 msg=時間経過 tick=1800
time=13:15:43.185 level=INFO msg=これまでに地域内の評判によって115人、既存ユーザーの招待経由で167人が新規登録しました
time=13:15:43.185 level=DEBUG source=/tmp/isucon14/bench/benchmarker/scenario/scenario.go:317 msg=eval reqs=782 score="[36 239 316 154 37]" criteria="[701 435 222 123]"
time=13:15:43.185 level=INFO msg=これまでに低評価なライドによって93人が利用をやめました
time=13:15:43.186 level=INFO msg=10.4%のライドは椅子がマッチされるまでの時間、44.4%のライドはマッチされた椅子が乗車地点までに掛かる時間、77.9%のライドは椅子の実移動時間に不満がありました
time=13:15:43.279 level=INFO msg=一定の売上が立ったためオーナーの椅子が増加します 名前="Orbit Taxi" 増加数=2
time=13:15:43.401 level=INFO msg=一定の売上が立ったためオーナーの椅子が増加します 名前=ひまわり交通 増加数=2
time=13:15:43.441 level=INFO msg=一定の売上が立ったためオーナーの椅子が増加します 名前=再座堂 増加数=1
time=13:15:43.454 level=INFO msg=一定の売上が立ったためオーナーの椅子が増加します 名前="ReSit & Renew" 増加数=1
time=13:15:43.760 level=INFO msg=一定の売上が立ったためオーナーの椅子が増加します 名前=PulseRide 増加数=3
time=13:15:44.002 level=WARN msg="取得した付近の椅子情報に不備があります (CODE=30): ID:01M3GH6SC4PRJVK1SS4T44D4WGの椅子は既にライド中です"
time=13:15:44.985 level=DEBUG source=/tmp/isucon14/bench/benchmarker/scenario/scenario.go:315 msg=時間経過 tick=1860
time=13:15:44.985 level=DEBUG source=/tmp/isucon14/bench/benchmarker/scenario/scenario.go:317 msg=eval reqs=817 score="[36 245 341 158 37]" criteria="[736 464 225 124]"
time=13:15:45.089 level=INFO msg=一定の売上が立ったためオーナーの椅子が増加します 名前="ReSit & Renew" 増加数=2
time=13:15:45.180 level=INFO msg=一定の売上が立ったためオーナーの椅子が増加します 名前=ひまわり交通 増加数=1
time=13:15:45.189 level=INFO msg=一定の売上が立ったためオーナーの椅子が増加します 名前=再座堂 増加数=1
time=13:15:45.215 level=INFO msg=一定の売上が立ったためオーナーの椅子が増加します 名前=PulseRide 増加数=1
time=13:15:45.518 level=INFO msg=一定の売上が立ったためオーナーの椅子が増加します 名前="Orbit Taxi" 増加数=1
time=13:15:46.785 level=DEBUG source=/tmp/isucon14/bench/benchmarker/scenario/scenario.go:315 msg=時間経過 tick=1920
time=13:15:46.785 level=DEBUG source=/tmp/isucon14/bench/benchmarker/scenario/scenario.go:317 msg=eval reqs=859 score="[36 256 370 160 37]" criteria="[778 495 225 126]"
time=13:15:46.839 level=INFO msg=一定の売上が立ったためオーナーの椅子が増加します 名前=ひまわり交通 増加数=2
time=13:15:46.863 level=INFO msg=一定の売上が立ったためオーナーの椅子が増加します 名前=PulseRide 増加数=1
time=13:15:46.892 level=INFO msg=一定の売上が立ったためオーナーの椅子が増加します 名前="Orbit Taxi" 増加数=2
time=13:15:47.060 level=INFO msg=一定の売上が立ったためオーナーの椅子が増加します 名前=再座堂 増加数=1
time=13:15:48.585 level=DEBUG source=/tmp/isucon14/bench/benchmarker/scenario/scenario.go:315 msg=時間経過 tick=1980
time=13:15:48.585 level=INFO msg=これまでに地域内の評判によって127人、既存ユーザーの招待経由で175人が新規登録しました
time=13:15:48.585 level=DEBUG source=/tmp/isucon14/bench/benchmarker/scenario/scenario.go:317 msg=eval reqs=906 score="[36 262 408 163 37]" criteria="[825 536 227 127]"
time=13:15:48.585 level=INFO msg=これまでに低評価なライドによって96人が利用をやめました
time=13:15:48.585 level=INFO msg=8.9%のライドは椅子がマッチされるまでの時間、40.8%のライドはマッチされた椅子が乗車地点までに掛かる時間、80.5%のライドは椅子の実移動時間に不満がありました
time=13:15:48.824 level=INFO msg=一定の売上が立ったためオーナーの椅子が増加します 名前=再座堂 増加数=2
time=13:15:48.846 level=INFO msg=一定の売上が立ったためオーナーの椅子が増加します 名前=ひまわり交通 増加数=2
time=13:15:48.898 level=INFO msg=一定の売上が立ったためオーナーの椅子が増加します 名前=PulseRide 増加数=3
time=13:15:48.898 level=INFO msg=一定の売上が立ったためオーナーの椅子が増加します 名前="Orbit Taxi" 増加数=1
time=13:15:48.903 level=INFO msg=一定の売上が立ったためオーナーの椅子が増加します 名前="ReSit & Renew" 増加数=2
time=13:15:54.185 level=INFO msg=最終地域情報 名前=チェアタウン ユーザー登録数=214 アクティブユーザー数=160
time=13:15:54.185 level=INFO msg=最終地域情報 名前=コシカケシティ ユーザー登録数=106 アクティブユーザー数=64
time=13:15:54.185 level=INFO msg=最終オーナー情報 名前="Orbit Taxi" 売上=1524000 椅子数=58
time=13:15:54.185 level=INFO msg=最終オーナー情報 名前=再座堂 売上=638300 椅子数=34
time=13:15:54.185 level=INFO msg=最終オーナー情報 名前=ひまわり交通 売上=1208900 椅子数=51
time=13:15:54.185 level=INFO msg=最終オーナー情報 名前=PulseRide 売上=1145400 椅子数=50
time=13:15:54.185 level=INFO msg=最終オーナー情報 名前="ReSit & Renew" 売上=917000 椅子数=43
time=13:15:54.185 level=INFO msg=8.6%のライドは椅子がマッチされるまでの時間、40.0%のライドはマッチされた椅子が乗車地点までに掛かる時間、80.8%のライドは椅子の実移動時間に不満がありました
time=13:15:54.185 level=INFO msg=結果 pass=true スコア=65656 種別エラー数="map[8:1 17:10 30:1]"
time=13:15:54.185 level=INFO msg=負荷走行が終了しました
