2026-09-27T04:14:48+00:00
COMMAND         %CPU   RSS
mysqld           1.1 799212
nginx            0.2 17224
nginx            0.2 17184
rcu_preempt      0.0     0
kworker/u4:0-ev  0.0     0
fwupd            0.0 43404
jbd2/sda1-8      0.0     0
kworker/u4:1-ev  0.0     0
ksoftirqd/0      0.0     0
2026-09-27T04:14:50+00:00
COMMAND         %CPU   RSS
bench            9.0 50352
mysqld           1.1 802620
isuride          0.6 14812
nginx            0.2 17224
nginx            0.2 17184
kworker/u4:0-ev  0.0     0
rcu_preempt      0.0     0
fwupd            0.0 43404
jbd2/sda1-8      0.0     0
2026-09-27T04:14:52+00:00
COMMAND         %CPU   RSS
bench           14.2 70152
isuride          2.5 15484
mysqld           1.1 803472
nginx            0.2 17224
nginx            0.2 17184
sh               0.0  1588
kworker/u4:0-ev  0.0     0
rcu_preempt      0.0     0
jbd2/sda1-8      0.0     0
2026-09-27T04:14:54+00:00
COMMAND         %CPU   RSS
bench           18.1 100108
isuride          4.8 16492
mysqld           1.1 805776
nginx            0.2 17224
nginx            0.2 17184
kworker/u4:0-wr  0.0     0
rcu_preempt      0.0     0
sh               0.0  1588
jbd2/sda1-8      0.0     0
2026-09-27T04:14:56+00:00
COMMAND         %CPU   RSS
bench           21.3 111152
isuride          7.3 17412
mysqld           1.1 808092
nginx            0.2 17224
nginx            0.2 17184
kworker/u4:0-ev  0.0     0
rcu_preempt      0.0     0
sh               0.0  1588
jbd2/sda1-8      0.0     0
2026-09-27T04:14:58+00:00
COMMAND         %CPU   RSS
bench           22.4 139648
isuride          9.4 18100
mysqld           1.1 811596
nginx            0.2 17224
nginx            0.2 17184
kworker/u4:0-ev  0.0     0
rcu_preempt      0.0     0
sh               0.0  1588
jbd2/sda1-8      0.0     0
2026-09-27T04:15:00+00:00
COMMAND         %CPU   RSS
bench           23.6 165280
isuride         11.3 19932
mysqld           1.1 816056
nginx            0.2 17224
nginx            0.2 17184
kworker/u4:0-ev  0.0     0
rcu_preempt      0.0     0
sh               0.0  1588
jbd2/sda1-8      0.0     0
2026-09-27T04:15:02+00:00
COMMAND         %CPU   RSS
bench           24.3 186528
isuride         13.1 20612
mysqld           1.1 818844
nginx            0.2 17224
nginx            0.2 17184
kworker/u4:0-ev  0.0     0
rcu_preempt      0.0     0
sh               0.0  1588
jbd2/sda1-8      0.0     0
2026-09-27T04:15:04+00:00
COMMAND         %CPU   RSS
bench           24.9 196700
isuride         14.5 21736
mysqld           1.1 821880
nginx            0.2 17224
nginx            0.2 17184
kworker/u4:0-ev  0.0     0
rcu_preempt      0.0     0
jbd2/sda1-8      0.0     0
sh               0.0  1588
2026-09-27T04:15:06+00:00
COMMAND         %CPU   RSS
bench           25.1 213468
isuride         16.0 22156
mysqld           1.1 825800
nginx            0.2 17224
nginx            0.2 17184
kworker/u4:0-ev  0.0     0
rcu_preempt      0.0     0
jbd2/sda1-8      0.0     0
sh               0.0  1588
2026-09-27T04:15:08+00:00
COMMAND         %CPU   RSS
bench           25.4 233668
isuride         17.3 22764
mysqld           1.1 829784
nginx            0.2 17224
nginx            0.2 17184
kworker/u4:0-ev  0.0     0
rcu_preempt      0.0     0
jbd2/sda1-8      0.0     0
sh               0.0  1588
2026-09-27T04:15:10+00:00
COMMAND         %CPU   RSS
bench           25.5 253504
isuride         18.4 24124
mysqld           1.1 834928
nginx            0.2 17224
nginx            0.2 17184
sh               0.0  1588
kworker/u4:0-ev  0.0     0
rcu_preempt      0.0     0
jbd2/sda1-8      0.0     0
2026-09-27T04:15:12+00:00
COMMAND         %CPU   RSS
bench           25.7 275640
isuride         19.5 24284
mysqld           1.1 836604
nginx            0.2 17224
nginx            0.2 17184
sh               0.0  1588
kworker/u4:0-ev  0.0     0
rcu_preempt      0.0     0
jbd2/sda1-8      0.0     0
2026-09-27T04:15:14+00:00
COMMAND         %CPU   RSS
bench           25.9 280372
isuride         20.5 25644
mysqld           1.1 840056
nginx            0.2 17224
nginx            0.2 17184
sh               0.0  1588
kworker/u4:0-ev  0.0     0
rcu_preempt      0.0     0
jbd2/sda1-8      0.0     0
2026-09-27T04:15:16+00:00
COMMAND         %CPU   RSS
bench           26.2 293848
isuride         21.4 26772
mysqld           1.1 841304
nginx            0.2 17224
nginx            0.2 17184
kworker/u4:0-ex  0.0     0
sh               0.0  1588
rcu_preempt      0.0     0
jbd2/sda1-8      0.0     0
2026-09-27T04:15:18+00:00
COMMAND         %CPU   RSS
bench           26.4 316384
isuride         22.1 28800
mysqld           1.1 843012
nginx            0.2 17224
nginx            0.2 17184
kworker/u4:0-ev  0.0     0
sh               0.0  1588
rcu_preempt      0.0     0
jbd2/sda1-8      0.0     0
2026-09-27T04:15:20+00:00
COMMAND         %CPU   RSS
bench           26.6 348692
isuride         22.9 29820
mysqld           1.1 844204
nginx            0.2 17224
nginx            0.2 17184
kworker/u4:0-ex  0.0     0
rcu_preempt      0.0     0
sh               0.0  1588
jbd2/sda1-8      0.0     0
2026-09-27T04:15:22+00:00
COMMAND         %CPU   RSS
bench           26.7 350188
isuride         23.6 31904
curl            10.0 12308
mysqld           1.1 847320
nginx            0.2 17224
nginx            0.2 17184
kworker/u4:0-ev  0.0     0
rcu_preempt      0.0     0
sh               0.0  1588
2026-09-27T04:15:24+00:00
COMMAND         %CPU   RSS
bench           26.9 383432
isuride         24.2 31820
mysqld           1.1 850792
nginx            0.2 17224
nginx            0.2 17184
kworker/u4:0-ev  0.0     0
rcu_preempt      0.0     0
sh               0.0  1588
jbd2/sda1-8      0.0     0
2026-09-27T04:15:26+00:00
COMMAND         %CPU   RSS
bench           27.0 384436
isuride         24.8 33380
mysqld           1.2 852948
nginx            0.2 17224
nginx            0.2 17184
kworker/u4:0-ev  0.0     0
rcu_preempt      0.0     0
sh               0.0  1588
jbd2/sda1-8      0.0     0
2026-09-27T04:15:28+00:00
COMMAND         %CPU   RSS
bench           27.0 408092
isuride         25.3 35168
curl             3.8 12308
mysqld           1.2 853472
nginx            0.2 17224
nginx            0.2 17184
kworker/u4:0-ev  0.0     0
rcu_preempt      0.0     0
sh               0.0  1588
2026-09-27T04:15:30+00:00
COMMAND         %CPU   RSS
bench           27.0 409704
isuride         25.8 34888
curl             4.0 12308
mysqld           1.2 854588
nginx            0.2 17224
nginx            0.2 17184
kworker/u4:0-ev  0.0     0
rcu_preempt      0.0     0
sh               0.0  1588
2026-09-27T04:15:32+00:00
COMMAND         %CPU   RSS
bench           27.2 440884
isuride         26.3 36160
curl             2.6 12308
mysqld           1.2 856264
nginx            0.2 17224
nginx            0.2 17184
kworker/u4:0-ev  0.0     0
rcu_preempt      0.0     0
sh               0.0  1588
2026-09-27T04:15:34+00:00
COMMAND         %CPU   RSS
bench           27.2 443704
isuride         26.7 36988
mysqld           1.2 857132
nginx            0.2 17224
nginx            0.2 17184
kworker/u4:0-ex  0.0     0
rcu_preempt      0.0     0
jbd2/sda1-8      0.0     0
sh               0.0  1588
2026-09-27T04:15:36+00:00
COMMAND         %CPU   RSS
bench           27.3 448032
isuride         27.1 37440
mysqld           1.2 857484
nginx            0.2 17224
nginx            0.2 17184
kworker/u4:0-ev  0.0     0
rcu_preempt      0.0     0
jbd2/sda1-8      0.0     0
sh               0.0  1588
2026-09-27T04:15:38+00:00
COMMAND         %CPU   RSS
isuride         27.4 38636
bench           27.4 466904
mysqld           1.2 857588
nginx            0.2 17224
nginx            0.2 17184
kworker/u4:0-wr  0.0     0
rcu_preempt      0.0     0
jbd2/sda1-8      0.0     0
sh               0.0  1588
2026-09-27T04:15:40+00:00
COMMAND         %CPU   RSS
isuride         27.8 40268
bench           27.4 470904
curl            20.0 12308
mysqld           1.2 858672
nginx            0.2 17224
nginx            0.2 17184
kworker/u4:0-wr  0.0     0
rcu_preempt      0.0     0
jbd2/sda1-8      0.0     0
2026-09-27T04:15:42+00:00
COMMAND         %CPU   RSS
isuride         28.1 40640
bench           27.5 502484
mysqld           1.2 859796
nginx            0.2 17224
nginx            0.2 17184
kworker/u4:0-ev  0.0     0
rcu_preempt      0.0     0
jbd2/sda1-8      0.0     0
sh               0.0  1588
2026-09-27T04:15:44+00:00
COMMAND         %CPU   RSS
isuride         28.3 41200
bench           27.6 504120
mysqld           1.2 859808
curl             1.1 12308
nginx            0.2 17224
nginx            0.2 17184
kworker/u4:0-ev  0.0     0
rcu_preempt      0.0     0
jbd2/sda1-8      0.0     0
2026-09-27T04:15:46+00:00
COMMAND         %CPU   RSS
isuride         28.6 42300
bench           27.6 507376
curl             4.7 12304
mysqld           1.2 859884
nginx            0.2 17224
nginx            0.2 17184
kworker/u4:0-ev  0.0     0
rcu_preempt      0.0     0
jbd2/sda1-8      0.0     0
2026-09-27T04:15:48+00:00
COMMAND         %CPU   RSS
isuride         28.8 41400
bench           27.7 540304
mysqld           1.2 861888
nginx            0.2 17224
nginx            0.2 17184
kworker/u4:0-ev  0.0     0
rcu_preempt      0.0     0
jbd2/sda1-8      0.0     0
sh               0.0  1588
2026-09-27T04:15:50+00:00
COMMAND         %CPU   RSS
isuride         29.2 34352
bench           27.6 542036
curl             5.5 12304
mysqld           1.2 862132
nginx            0.2 17224
nginx            0.2 17184
kworker/u4:0-ev  0.0     0
rcu_preempt      0.0     0
jbd2/sda1-8      0.0     0
2026-09-27T04:15:52+00:00
COMMAND         %CPU   RSS
isuride         29.7 33700
bench           27.5 559712
mysqld           1.2 862132
nginx            0.2 17224
nginx            0.2 17184
kworker/u4:0-ex  0.0     0
rcu_preempt      0.0     0
jbd2/sda1-8      0.0     0
kworker/u4:1-wr  0.0     0
