procs -----------memory---------- ---swap-- -----io---- -system-- -------cpu------- -----timestamp-----
 r  b   swpd   free   buff  cache   si   so    bi    bo   in   cs us sy id wa st gu                 UTC
 4  0      0 1031912  91652 1885948    0    0    22   319  579    7  3  1 95  0  0  0 2026-09-27 04:14:48
 1  0      0 1020828  91652 1877684    0    0    12 63828 15000 30480 26 13 41 20  0  0 2026-09-27 04:14:49
 5  0      0 1019884  91652 1878096    0    0     0  7896 16951 48925 19 12 66  2  0  0 2026-09-27 04:14:50
 0  0      0 1018028  91652 1878552    0    0     0 11600 23706 70577 23 18 56  3  0  0 2026-09-27 04:14:51
22  1      0 1003988  91652 1879448    0    0     0 19132 28011 100648 37 30 30  4  0  0 2026-09-27 04:14:52
13  1      0 988420  91652 1880340    0    0     0 20924 26854 103020 37 34 26  3  0  0 2026-09-27 04:14:53
23  0      0 963500  91652 1882320    0    0     0 22200 24851 102395 49 35 13  3  0  0 2026-09-27 04:14:54
 4  0      0 948968  91652 1883144    0    0     0 15356 15228 62281 59 38  2  1  0  0 2026-09-27 04:14:55
 4  0      0 943928  91652 1885052    0    0     0 19628 16524 70322 55 39  4  2  0  0 2026-09-27 04:14:56
 4  1      0 925740  91652 1887160    0    0     0 24568 24432 103429 54 36  8  2  0  0 2026-09-27 04:14:57
15  0      0 909108  91652 1888288    0    0     0 25800 23459 104308 53 38  6  3  0  0 2026-09-27 04:14:58
35  1      0 897792  91652 1889508    0    0     0 25284 22272 97071 54 40  4  2  0  0 2026-09-27 04:14:59
10  1      0 874580  91652 1891880    0    0     0 26792 21590 97385 55 39  5  2  0  0 2026-09-27 04:15:00
35  1      0 866516  91652 1892932    0    0     0 27628 22296 98447 58 38  2  2  0  0 2026-09-27 04:15:01
37  1      0 844156  91652 1894184    0    0     0 26356 21592 97534 56 42  2  1  0  0 2026-09-27 04:15:02
18  1      0 833852  91652 1895404    0    0     0 27604 20099 99666 58 39  3  1  0  0 2026-09-27 04:15:03
51  0      0 827328  91652 1896720    0    0     0 27068 20260 94312 58 38  2  2  0  0 2026-09-27 04:15:04
20  1      0 806676  91652 1897792    0    0     0 28604 21768 95306 54 42  3  2  0  0 2026-09-27 04:15:05
14  0      0 803196  91652 1899140    0    0     0 30996 21918 98466 56 38  4  2  0  0 2026-09-27 04:15:06
 8  1      0 776316  91652 1900400    0    0     0 28044 20055 96646 59 37  3  2  0  0 2026-09-27 04:15:07
57  0      0 776968  91652 1901668    0    0     0 25672 22024 100059 58 38  3  1  0  0 2026-09-27 04:15:08
procs -----------memory---------- ---swap-- -----io---- -system-- -------cpu------- -----timestamp-----
 r  b   swpd   free   buff  cache   si   so    bi    bo   in   cs us sy id wa st gu                 UTC
45  0      0 756576  91652 1903892    0    0     0 25880 19349 95318 59 38  3  1  0  0 2026-09-27 04:15:09
44  0      0 744060  91652 1905564    0    0     0 24292 21640 96246 58 38  3  1  0  0 2026-09-27 04:15:10
29  0      0 740888  91652 1907572    0    0     0 27696 20854 98555 59 39  2  1  0  0 2026-09-27 04:15:11
22  0      0 713004  91652 1908980    0    0     0 26392 20877 95180 59 38  2  1  0  0 2026-09-27 04:15:12
 7  0      0 712052  91652 1910292    0    0     0 23624 20891 99697 60 39  1  0  0  0 2026-09-27 04:15:13
13  1      0 700556  91652 1911708    0    0     0 27788 19584 95017 59 41  1  1  0  0 2026-09-27 04:15:14
22  0      0 687484  91652 1912996    0    0     0 24296 19913 95129 60 39  1  0  0  0 2026-09-27 04:15:15
12  1      0 678944  91652 1914364    0    0     0 25248 20085 96378 58 39  3  1  0  0 2026-09-27 04:15:16
30  1      0 663528  91652 1915944    0    0     0 25388 17149 93430 60 39  1  0  0  0 2026-09-27 04:15:17
19  1      0 660824  91652 1917164    0    0     0 26864 20999 91103 61 40  0  0  0  0 2026-09-27 04:15:18
13  0      0 645980  91652 1919672    0    0     0 27552 19840 94718 59 39  2  1  0  0 2026-09-27 04:15:19
47  1      0 618332  91652 1920880    0    0     0 24484 20092 94516 60 38  2  1  0  0 2026-09-27 04:15:20
31  1      0 607352  91652 1922348    0    0     0 25868 19746 87380 60 40  0  0  0  0 2026-09-27 04:15:21
38  0      0 603824  91652 1924628    0    0     0 37812 20746 93982 58 40  1  1  0  0 2026-09-27 04:15:22
 8  1      0 593504  91652 1925844    0    0     0 24636 17196 82103 60 39  1  0  0  0 2026-09-27 04:15:23
30  0      0 572260  91652 1927008    0    0     0 27228 20383 91812 59 40  1  1  0  0 2026-09-27 04:15:24
10  1      0 561248  91652 1928292    0    0     0 26144 20119 93273 61 39  1  0  0  0 2026-09-27 04:15:25
42  1      0 560492  91652 1929764    0    0     0 26156 19218 92816 60 39  1  1  0  0 2026-09-27 04:15:26
31  0      0 554464  91652 1931020    0    0     0 27984 20838 91297 59 39  1  1  0  0 2026-09-27 04:15:27
25  0      0 529064  91652 1932988    0    0     0 26468 17910 90038 61 38  1  0  0  0 2026-09-27 04:15:28
11  1      0 529476  91652 1933652    0    0     0 23928 19661 94753 60 38  2  1  0  0 2026-09-27 04:15:29
procs -----------memory---------- ---swap-- -----io---- -system-- -------cpu------- -----timestamp-----
 r  b   swpd   free   buff  cache   si   so    bi    bo   in   cs us sy id wa st gu                 UTC
19  1      0 519872  91652 1936128    0    0     0 25636 20752 93422 59 39  2  1  0  0 2026-09-27 04:15:30
50  1      0 521764  91652 1938300    0    0     0 24552 20102 93926 64 36  1  0  0  0 2026-09-27 04:15:31
29  1      0 482776  91652 1939696    0    0     0 24056 20536 90569 63 35  2  1  0  0 2026-09-27 04:15:32
30  1      0 485356  91652 1940920    0    0     0 24780 19745 95199 60 39  1  0  0  0 2026-09-27 04:15:33
 7  1      0 468748  91652 1942084    0    0     0 23708 19039 84722 64 35  1  1  0  0 2026-09-27 04:15:34
35  1      0 467320  91652 1943516    0    0     0 25648 20672 89680 60 39  1  0  0  0 2026-09-27 04:15:35
23  0      0 464856  91652 1944776    0    0     0 26884 20198 90548 60 39  1  1  0  0 2026-09-27 04:15:36
13  0      0 448492  91652 1946992    0    0     0 31752 19568 87723 60 38  2  1  0  0 2026-09-27 04:15:37
48  1      0 448320  91652 1947492    0    0     0 23884 20415 93323 60 37  2  1  0  0 2026-09-27 04:15:38
 4  1      0 435820  91652 1948776    0    0     0 22932 19957 87613 63 35  2  0  0  0 2026-09-27 04:15:39
46  0      0 433860  91652 1950060    0    0     0 23276 18400 90246 63 36  1  1  0  0 2026-09-27 04:15:40
36  0      0 423280  91652 1952488    0    0     0 26872 19647 89823 63 35  2  1  0  0 2026-09-27 04:15:41
30  0      0 393556  91652 1954860    0    0     0 24740 19274 91918 63 35  2  0  0  0 2026-09-27 04:15:42
34  0      0 389820  91652 1956128    0    0     0 26316 19160 84039 65 34  1  1  0  0 2026-09-27 04:15:43
15  0      0 383944  91652 1957412    0    0     0 26588 20424 87087 59 39  1  1  0  0 2026-09-27 04:15:44
25  0      0 379760  91652 1958660    0    0     0 22752 18098 83812 64 35  1  0  0  0 2026-09-27 04:15:45
38  1      0 372464  91652 1961228    0    0     0 23060 19406 92852 64 36  1  1  0  0 2026-09-27 04:15:46
12  0      0 354448  91652 1962388    0    0     0 24684 16924 81743 68 32  1  0  0  0 2026-09-27 04:15:47
10  0      0 343612  91652 1964520    0    0     0 26752 20938 88096 62 36  2  1  0  0 2026-09-27 04:15:48
51  1      0 352704  91652 1964684    0    0     0 24848 19286 84738 62 37  1  0  0  0 2026-09-27 04:15:49
18  0      0 347928  91652 1965516    0    0     0 17192 18707 96950 64 35  1  1  0  0 2026-09-27 04:15:50
procs -----------memory---------- ---swap-- -----io---- -system-- -------cpu------- -----timestamp-----
 r  b   swpd   free   buff  cache   si   so    bi    bo   in   cs us sy id wa st gu                 UTC
16  0      0 349420  91652 1966172    0    0     0  5812 18889 116214 67 29  4  0  0  0 2026-09-27 04:15:51
 5  0      0 348664  91652 1966992    0    0     0  3940 19241 117782 68 29  3  0  0  0 2026-09-27 04:15:52
 8  0      0 315904  91652 1967696    0    0     0 11260 16889 116833 68 30  2  0  0  0 2026-09-27 04:15:53
16  0      0 314140  91652 1968440    0    0     0     0 14291 122736 69 29  2  0  0  0 2026-09-27 04:15:54
