2026-09-26T15:24:36+00:00
COMMAND         %CPU   RSS
mysqld          15.9 1084600
nginx            0.9 16392
nginx            0.9 16980
systemd-journal  0.5 221100
rsyslogd         0.2  5240
jbd2/sda1-8      0.2     0
kworker/1:1H-kb  0.1     0
kworker/0:1H-kb  0.1     0
rcu_preempt      0.1     0
2026-09-26T15:24:38+00:00
COMMAND         %CPU   RSS
mysqld          15.9 1085960
bench            8.5 49884
nginx            0.9 16392
nginx            0.9 16980
isuride          0.8 14944
systemd-journal  0.5 223064
rsyslogd         0.2  5240
jbd2/sda1-8      0.2     0
kworker/1:1H-kb  0.1     0
2026-09-26T15:24:40+00:00
COMMAND         %CPU   RSS
mysqld          15.9 1086948
bench           13.9 70312
isuride          3.0 15788
nginx            0.9 16392
nginx            0.9 16980
systemd-journal  0.5 227028
rsyslogd         0.2  5240
jbd2/sda1-8      0.2     0
kworker/1:1H-kb  0.1     0
2026-09-26T15:24:42+00:00
COMMAND         %CPU   RSS
bench           17.6 102960
mysqld          16.0 1089360
isuride          5.5 16484
nginx            0.9 16392
nginx            0.9 16980
systemd-journal  0.5 229052
rsyslogd         0.2  5240
jbd2/sda1-8      0.2     0
kworker/1:1H-kb  0.1     0
2026-09-26T15:24:44+00:00
COMMAND         %CPU   RSS
bench           18.7 127904
mysqld          16.0 1092688
isuride          7.9 18036
nginx            0.9 16392
nginx            0.9 16980
systemd-journal  0.5 234832
rsyslogd         0.2  5240
jbd2/sda1-8      0.2     0
kworker/1:1H-kb  0.1     0
2026-09-26T15:24:46+00:00
COMMAND         %CPU   RSS
bench           19.8 140988
mysqld          16.0 1095924
isuride         10.1 18420
nginx            0.9 16392
nginx            0.9 16980
systemd-journal  0.5 240128
rsyslogd         0.2  5240
jbd2/sda1-8      0.2     0
kworker/1:1H-kb  0.1     0
2026-09-26T15:24:48+00:00
COMMAND         %CPU   RSS
bench           20.3 154556
mysqld          16.0 1100464
isuride         11.9 19488
nginx            0.9 16392
nginx            0.9 16980
systemd-journal  0.5 245816
rsyslogd         0.2  5240
jbd2/sda1-8      0.2     0
kworker/1:1H-kb  0.1     0
2026-09-26T15:24:50+00:00
COMMAND         %CPU   RSS
bench           20.5 171428
mysqld          16.0 1104760
isuride         13.6 20552
nginx            0.9 16392
nginx            0.9 16980
systemd-journal  0.5 248236
rsyslogd         0.2  5240
jbd2/sda1-8      0.2     0
kworker/1:1H-kb  0.1     0
2026-09-26T15:24:52+00:00
COMMAND         %CPU   RSS
bench           20.6 178488
mysqld          16.0 1107980
isuride         15.0 20376
nginx            0.9 16392
nginx            0.9 16980
systemd-journal  0.5 254004
rsyslogd         0.2  5240
jbd2/sda1-8      0.2     0
kworker/1:1H-kb  0.1     0
2026-09-26T15:24:54+00:00
COMMAND         %CPU   RSS
bench           20.8 190480
isuride         16.6 21220
mysqld          16.0 1111616
nginx            0.9 16392
nginx            0.9 16980
systemd-journal  0.5 256376
rsyslogd         0.2  5240
jbd2/sda1-8      0.2     0
kworker/1:1H-kb  0.1     0
2026-09-26T15:24:56+00:00
COMMAND         %CPU   RSS
bench           20.8 191868
isuride         17.8 21856
mysqld          16.0 1118996
nginx            0.9 16392
nginx            0.9 16980
systemd-journal  0.5 261608
rsyslogd         0.2  5244
jbd2/sda1-8      0.2     0
kworker/1:1H-kb  0.1     0
2026-09-26T15:24:58+00:00
COMMAND         %CPU   RSS
bench           21.1 197560
isuride         19.0 22640
mysqld          16.0 1121192
nginx            0.9 16392
nginx            0.9 16980
systemd-journal  0.5 261608
rsyslogd         0.2  5244
jbd2/sda1-8      0.2     0
kworker/1:1H-kb  0.1     0
2026-09-26T15:25:00+00:00
COMMAND         %CPU   RSS
bench           21.3 206256
isuride         20.0 22588
mysqld          16.0 1123152
nginx            0.9 16392
nginx            0.9 16980
systemd-journal  0.5 261608
rsyslogd         0.2  5244
jbd2/sda1-8      0.2     0
kworker/1:1H-kb  0.1     0
2026-09-26T15:25:02+00:00
COMMAND         %CPU   RSS
bench           21.6 217600
isuride         20.9 24020
mysqld          16.0 1123740
nginx            0.9 16392
nginx            0.9 16980
systemd-journal  0.5 261612
rsyslogd         0.2  5240
jbd2/sda1-8      0.2     0
kworker/1:1H-kb  0.1     0
2026-09-26T15:25:04+00:00
COMMAND         %CPU   RSS
bench           22.0 235416
isuride         21.7 23840
mysqld          16.0 1126948
nginx            0.9 16392
nginx            0.9 16980
systemd-journal  0.5 261612
rsyslogd         0.2  5240
jbd2/sda1-8      0.2     0
kworker/1:1H-kb  0.1     0
2026-09-26T15:25:06+00:00
COMMAND         %CPU   RSS
isuride         22.5 25952
bench           22.2 273568
mysqld          16.0 1129012
curl             6.6 12324
nginx            0.9 16392
nginx            0.9 16980
systemd-journal  0.5 261612
rsyslogd         0.2  5240
jbd2/sda1-8      0.2     0
2026-09-26T15:25:08+00:00
COMMAND         %CPU   RSS
isuride         23.3 26904
bench           22.3 275304
mysqld          16.0 1131104
nginx            0.9 16392
nginx            0.9 16980
systemd-journal  0.5 261612
rsyslogd         0.2  5244
jbd2/sda1-8      0.2     0
kworker/1:1H-kb  0.1     0
2026-09-26T15:25:10+00:00
COMMAND         %CPU   RSS
isuride         23.8 29364
bench           22.6 302076
mysqld          16.1 1132656
nginx            0.9 16392
nginx            0.9 16980
systemd-journal  0.5 261612
rsyslogd         0.2  5244
jbd2/sda1-8      0.2     0
kworker/1:1H-kb  0.1     0
2026-09-26T15:25:12+00:00
COMMAND         %CPU   RSS
isuride         24.3 31000
bench           22.7 317676
mysqld          16.1 1133048
nginx            0.9 16392
nginx            0.9 16980
systemd-journal  0.5 261612
rsyslogd         0.2  5244
jbd2/sda1-8      0.2     0
kworker/1:1H-kb  0.1     0
2026-09-26T15:25:14+00:00
COMMAND         %CPU   RSS
isuride         24.7 31952
bench           22.9 325140
mysqld          16.1 1135368
curl             2.3 12324
nginx            0.9 16392
nginx            0.9 16980
systemd-journal  0.5 261612
rsyslogd         0.2  5244
jbd2/sda1-8      0.2     0
2026-09-26T15:25:17+00:00
COMMAND         %CPU   RSS
isuride         25.2 32532
bench           23.0 357968
mysqld          16.1 1136596
nginx            0.9 16392
nginx            0.9 16980
systemd-journal  0.5 261696
rsyslogd         0.2  5244
jbd2/sda1-8      0.2     0
kworker/1:1H-kb  0.1     0
2026-09-26T15:25:19+00:00
COMMAND         %CPU   RSS
isuride         25.6 34432
bench           23.0 361600
mysqld          16.1 1137692
curl             9.0 12324
nginx            0.9 16392
nginx            0.9 16980
systemd-journal  0.5 264528
rsyslogd         0.2  5244
jbd2/sda1-8      0.2     0
2026-09-26T15:25:21+00:00
COMMAND         %CPU   RSS
isuride         26.0 35356
bench           23.0 378896
mysqld          16.1 1138964
curl             5.5 12324
nginx            0.9 16392
nginx            0.9 16980
systemd-journal  0.5 266680
rsyslogd         0.2  5244
jbd2/sda1-8      0.2     0
2026-09-26T15:25:23+00:00
COMMAND         %CPU   RSS
isuride         26.4 35604
bench           23.1 391128
mysqld          16.1 1139620
curl             2.0 12324
nginx            0.9 16392
nginx            0.9 16980
systemd-journal  0.5 272868
rsyslogd         0.2  5244
jbd2/sda1-8      0.2     0
2026-09-26T15:25:25+00:00
COMMAND         %CPU   RSS
isuride         26.8 35384
bench           23.1 393064
mysqld          16.1 1139760
nginx            0.9 16392
nginx            0.9 16980
systemd-journal  0.5 274972
rsyslogd         0.2  5244
jbd2/sda1-8      0.2     0
kworker/1:1H-kb  0.1     0
2026-09-26T15:25:27+00:00
COMMAND         %CPU   RSS
isuride         27.1 36824
bench           23.3 418368
mysqld          16.1 1141852
nginx            0.9 16392
nginx            0.9 16980
systemd-journal  0.5 280036
rsyslogd         0.2  5244
jbd2/sda1-8      0.2     0
kworker/1:1H-kb  0.1     0
2026-09-26T15:25:29+00:00
COMMAND         %CPU   RSS
isuride         27.3 38452
bench           23.3 420596
mysqld          16.1 1142784
nginx            0.9 16392
nginx            0.9 16980
systemd-journal  0.5 281668
rsyslogd         0.2  5248
jbd2/sda1-8      0.2     0
kworker/1:1H-kb  0.1     0
2026-09-26T15:25:31+00:00
COMMAND         %CPU   RSS
isuride         27.6 38792
bench           23.2 440568
mysqld          16.1 1142792
nginx            0.9 16392
nginx            0.9 16980
systemd-journal  0.5 281668
rsyslogd         0.2  5248
jbd2/sda1-8      0.2     0
kworker/1:1H-kb  0.1     0
2026-09-26T15:25:33+00:00
COMMAND         %CPU   RSS
isuride         27.9 39700
bench           23.3 445560
mysqld          16.1 1143724
curl             1.1 12324
nginx            0.9 16392
nginx            0.9 16980
systemd-journal  0.5 281668
rsyslogd         0.2  5248
jbd2/sda1-8      0.2     0
2026-09-26T15:25:35+00:00
COMMAND         %CPU   RSS
isuride         28.1 40168
bench           23.3 447536
mysqld          16.2 1143748
curl             6.2 12312
nginx            0.9 16392
nginx            0.9 16980
systemd-journal  0.5 281668
rsyslogd         0.2  5248
jbd2/sda1-8      0.2     0
2026-09-26T15:25:37+00:00
COMMAND         %CPU   RSS
isuride         28.3 41108
bench           23.4 472224
mysqld          16.2 1146504
nginx            0.9 16392
nginx            0.9 16980
systemd-journal  0.5 281668
rsyslogd         0.2  5248
jbd2/sda1-8      0.2     0
kworker/1:1H-kb  0.1     0
2026-09-26T15:25:39+00:00
COMMAND         %CPU   RSS
isuride         28.6 36448
bench           23.3 473248
mysqld          16.2 1146504
nginx            0.9 16392
nginx            0.9 16980
systemd-journal  0.5 281668
rsyslogd         0.2  5248
jbd2/sda1-8      0.2     0
kworker/1:1H-kb  0.1     0
2026-09-26T15:25:41+00:00
COMMAND         %CPU   RSS
isuride         28.9 33432
bench           23.2 473256
mysqld          16.2 1146504
nginx            0.9 16392
nginx            0.9 16980
systemd-journal  0.5 281668
rsyslogd         0.2  5248
jbd2/sda1-8      0.2     0
kworker/1:1H-kb  0.1     0
