procs -----------memory---------- ---swap-- -----io---- -system-- -------cpu------- -----timestamp-----
 r  b   swpd   free   buff  cache   si   so    bi    bo   in   cs us sy id wa st gu                 UTC
 4  0      0 610292  69452 2059600    0    0    78  2884 2950   54 11  5 83  0  0  0 2026-09-26 15:24:36
 6  1      0 575512  69460 2060848    0    0   200 63328 17516 36255 28 12 42 18  0  0 2026-09-26 15:24:37
 3  0      0 574540  69460 2062128    0    0     0 10664 16263 53497 20 16 63  2  0  0 2026-09-26 15:24:38
 5  2      0 577984  69460 2063804    0    0     4 15776 28138 88409 30 23 44  3  0  0 2026-09-26 15:24:39
11  0      0 559404  69460 2066320    0    0     0 31016 27578 109461 40 34 23  3  0  0 2026-09-26 15:24:40
 6  0      0 537076  69460 2069220    0    0     0 25012 26220 112009 47 38 13  2  0  0 2026-09-26 15:24:41
16  0      0 513304  69460 2072256    0    0     0 26540 24576 109265 51 40  8  1  0  0 2026-09-26 15:24:42
31  0      0 498648  69460 2075252    0    0     0 31496 22961 104320 55 41  3  1  0  0 2026-09-26 15:24:43
19  1      0 473876  69460 2079800    0    0     4 28296 23545 107658 56 40  4  1  0  0 2026-09-26 15:24:44
 9  0      0 457160  69460 2085428    0    0     0 27524 23430 105270 57 41  2  1  0  0 2026-09-26 15:24:45
26  0      0 442828  69460 2088884    0    0     0 26512 22344 104055 58 40  2  0  0  0 2026-09-26 15:24:46
17  0      0 415444  69460 2094904    0    0     0 30728 22726 97805 56 42  2  1  0  0 2026-09-26 15:24:47
41  0      0 411412  69460 2099580    0    0     4 32108 20789 101843 55 41  3  1  0  0 2026-09-26 15:24:48
29  1      0 389488  69460 2102672    0    0     0 30788 19471 99212 53 45  2  1  0  0 2026-09-26 15:24:49
 9  0      0 381956  69460 2106288    0    0     0 60316 21398 98293 55 43  2  1  0  0 2026-09-26 15:24:50
16  1      0 367844  69460 2111616    0    0     0 28776 22620 96690 55 41  3  1  0  0 2026-09-26 15:24:51
21  0      0 362552  69460 2114816    0    0     0 31276 21977 100651 53 43  3  1  0  0 2026-09-26 15:24:52
54  0      0 353480  69460 2118204    0    0     4 34712 22129 96266 54 44  2  1  0  0 2026-09-26 15:24:53
45  1      0 337468  69460 2121260    0    0    64 32064 22505 97875 52 45  2  1  0  0 2026-09-26 15:24:54
20  1      0 330664  69460 2123548    0    0     0 32740 20508 96566 55 45  1  0  0  0 2026-09-26 15:24:55
16  0      0 321876  69460 2127184    0    0     0 31404 19670 96672 55 43  2  1  0  0 2026-09-26 15:24:56
procs -----------memory---------- ---swap-- -----io---- -system-- -------cpu------- -----timestamp-----
 r  b   swpd   free   buff  cache   si   so    bi    bo   in   cs us sy id wa st gu                 UTC
49  0      0 320320  69460 2129528    0    0     0 27868 20292 100606 57 43  1  0  0  0 2026-09-26 15:24:57
38  0      0 307008  69460 2131268    0    0     0 32040 20910 97509 57 42  1  1  0  0 2026-09-26 15:24:58
20  1      0 305244  69460 2132656    0    0     0 29068 22838 98040 56 43  1  0  0  0 2026-09-26 15:24:59
35  1      0 293680  69460 2134308    0    0     0 45236 20542 94343 56 43  0  0  0  0 2026-09-26 15:25:00
 9  1      0 288444  69460 2135796    0    0     0 27084 21129 94083 60 40  1  0  0  0 2026-09-26 15:25:01
18  0      0 281916  69460 2137476    0    0    32 27524 21966 96607 58 41  1  0  0  0 2026-09-26 15:25:02
 9  1      0 274972  69460 2139028    0    0     0 32908 21915 95719 58 42  0  0  0  0 2026-09-26 15:25:03
10  1      0 250812  69460 2140448    0    0     0 27996 21628 93695 59 40  0  0  0  0 2026-09-26 15:25:04
56  0      0 245364  69460 2142496    0    0     0 40584 21616 99254 57 43  1  0  0  0 2026-09-26 15:25:05
26  0      0 211532  69460 2143604    0    0     0 24624 21199 97063 58 41  1  0  0  0 2026-09-26 15:25:06
10  1      0 198052  69460 2146224    0    0     0 28936 21028 94951 59 40  1  1  0  0 2026-09-26 15:25:07
52  0      0 195408  69460 2147892    0    0     0 30972 20783 96086 59 40  1  0  0  0 2026-09-26 15:25:08
13  0      0 174300  69460 2149364    0    0     0 27644 20414 94582 61 39  0  0  0  0 2026-09-26 15:25:09
28  1      0 164660  69464 2150856    0    0     0 30760 21417 94952 59 40  1  1  0  0 2026-09-26 15:25:10
35  0      0 155352  69464 2152508    0    0     0 28660 19021 94431 59 40  0  0  0  0 2026-09-26 15:25:11
28  1      0 147568  69464 2153988    0    0     0 28376 21299 93679 60 40  1  0  0  0 2026-09-26 15:25:12
68  0      0 134284  69464 2155484    0    0     0 29684 18557 85794 63 37  1  0  0  0 2026-09-26 15:25:13
21  0      0 132256  69464 2158328    0    0     0 28040 20351 91750 60 39  1  1  0  0 2026-09-26 15:25:14
25  1      0 123292  69464 2159600    0    0     0 27988 20791 93318 60 39  1  0  0  0 2026-09-26 15:25:15
35  2      0  92196  69464 2161220    0    0     0 27128 21023 93332 59 40  1  1  0  0 2026-09-26 15:25:16
42  1      0  91760  69464 2163380    0    0     0 29064 20138 93406 61 38  1  0  0  0 2026-09-26 15:25:17
procs -----------memory---------- ---swap-- -----io---- -system-- -------cpu------- -----timestamp-----
 r  b   swpd   free   buff  cache   si   so    bi    bo   in   cs us sy id wa st gu                 UTC
33  0      0  81452  69464 2165832    0    0     0 29536 20293 88582 59 39  2  1  0  0 2026-09-26 15:25:18
33  0      0  77236  69464 2168428    0    0     0 24220 19513 91299 61 37  2  1  0  0 2026-09-26 15:25:19
41  1      0  96952  68376 2143480    0    0     0 43676 20138 85469 61 38  1  0  0  0 2026-09-26 15:25:20
55  1      0  75068  68376 2145972    0    0     0 25204 19057 88938 63 37  0  0  0  0 2026-09-26 15:25:21
37  0      0  92972  68348 2123376    0    0     0 26844 19785 86684 61 39  0  0  0  0 2026-09-26 15:25:22
56  0      0  93400  68348 2125820    0    0     0 26544 20543 88665 59 41  0  1  0  0 2026-09-26 15:25:23
44  1      0  83072  68348 2130156    0    0     0 32660 19279 87101 60 39  1  0  0  0 2026-09-26 15:25:24
10  0      0  92308  68316 2098704    0    0     0 27288 18529 86296 63 37  0  0  0  0 2026-09-26 15:25:25
21  1      0  93772  68316 2100392    0    0     0 54548 17929 89109 59 41  0  0  0  0 2026-09-26 15:25:26
32  1      0  83280  68316 2102580    0    0     0 29604 21638 87416 62 38  1  0  0  0 2026-09-26 15:25:27
16  1      0  78328  68316 2105340    0    0     0 26768 20292 89905 60 39  1  1  0  0 2026-09-26 15:25:28
56  0      0 102532  68312 2078764    0    0     0 27336 20558 84384 63 36  1  0  0  0 2026-09-26 15:25:29
51  0      0  87244  68312 2080252    0    0     0 26456 18552 85739 62 38  0  0  0  0 2026-09-26 15:25:30
25  1      0 103676  68312 2054324    0    0     0 23868 19349 83494 62 37  1  0  0  0 2026-09-26 15:25:31
18  2      0  97048  68312 2055832    0    0     0 26456 19901 91243 58 41  1  1  0  0 2026-09-26 15:25:32
47  0      0  80952  68312 2057280    0    0     0 23304 19219 83748 60 39  1  0  0  0 2026-09-26 15:25:33
17  0      0  88328  68312 2059428    0    0     0 29440 18359 87045 64 36  1  0  0  0 2026-09-26 15:25:34
47  0      0  77312  68312 2059980    0    0     0 24972 19743 83384 63 36  1  1  0  0 2026-09-26 15:25:35
15  1      0  77368  68300 2034764    0    0     0 24400 19770 86707 63 37  1  0  0  0 2026-09-26 15:25:36
19  0      0  81616  68300 2035824    0    0     0 25208 18639 88551 63 37  0  0  0  0 2026-09-26 15:25:37
31  0      0  80496  68300 2037040    0    0     0 17040 19638 99648 62 38  1  0  0  0 2026-09-26 15:25:38
procs -----------memory---------- ---swap-- -----io---- -system-- -------cpu------- -----timestamp-----
 r  b   swpd   free   buff  cache   si   so    bi    bo   in   cs us sy id wa st gu                 UTC
49  0      0  80500  68300 2038280    0    0     0 11820 22026 108926 65 32  3  0  0  0 2026-09-26 15:25:39
18  0      0  85692  68300 2039568    0    0     0  4200 17382 112144 68 31  2  0  0  0 2026-09-26 15:25:40
12  0      0  86012  68300 2040812    0    0     0 16000 18671 105277 64 34  3  0  0  0 2026-09-26 15:25:41
