2026-09-26T09:35:02+00:00
COMMAND         %CPU   RSS
mysqld          37.0 701468
nginx            1.3  9712
nginx            1.3  9628
systemd-journal  0.9 169872
rsyslogd         0.5  5532
jbd2/sda1-8      0.4     0
kworker/1:1H-kb  0.2     0
rcu_preempt      0.2     0
kworker/0:1H-kb  0.1     0
2026-09-26T09:35:04+00:00
COMMAND         %CPU   RSS
mysqld          37.1 734568
bench            9.5 48028
nginx            1.3  9712
nginx            1.3  9628
systemd-journal  0.9 170200
isuride          0.8 15156
rsyslogd         0.5  5532
jbd2/sda1-8      0.4     0
kworker/1:1H-kb  0.2     0
2026-09-26T09:35:06+00:00
COMMAND         %CPU   RSS
mysqld          37.1 788232
bench            9.2 52784
isuride          2.2 15368
nginx            1.3  9712
nginx            1.3  9628
systemd-journal  0.9 170996
rsyslogd         0.5  5532
jbd2/sda1-8      0.4     0
kworker/1:1H-kb  0.2     0
2026-09-26T09:35:08+00:00
COMMAND         %CPU   RSS
mysqld          37.2 797764
bench            9.9 53024
curl             7.1 12304
isuride          3.7 15832
nginx            1.3  9712
nginx            1.3  9628
systemd-journal  0.9 175296
rsyslogd         0.5  5532
jbd2/sda1-8      0.4     0
2026-09-26T09:35:10+00:00
COMMAND         %CPU   RSS
mysqld          37.3 751176
bench           10.9 61136
isuride          5.3 16004
nginx            1.3  9712
nginx            1.3  9628
systemd-journal  0.9 176592
rsyslogd         0.5  5532
jbd2/sda1-8      0.4     0
kworker/1:1H-kb  0.2     0
2026-09-26T09:35:12+00:00
COMMAND         %CPU   RSS
mysqld          37.4 753248
bench           11.0 63388
isuride          6.6 16136
nginx            1.3  9712
nginx            1.3  9628
systemd-journal  0.9 177728
rsyslogd         0.5  5532
jbd2/sda1-8      0.4     0
kworker/1:1H-kb  0.2     0
2026-09-26T09:35:14+00:00
COMMAND         %CPU   RSS
mysqld          37.5 757576
bench           11.7 69860
isuride          7.9 16608
nginx            1.3  9712
nginx            1.3  9628
systemd-journal  0.9 180428
rsyslogd         0.5  5532
jbd2/sda1-8      0.4     0
kworker/1:1H-kb  0.2     0
2026-09-26T09:35:16+00:00
COMMAND         %CPU   RSS
mysqld          37.6 760256
bench           11.8 72508
isuride          9.0 16856
nginx            1.3  9712
nginx            1.3  9628
systemd-journal  0.9 182176
rsyslogd         0.5  5532
jbd2/sda1-8      0.5     0
kworker/1:1H-kb  0.2     0
2026-09-26T09:35:18+00:00
COMMAND         %CPU   RSS
mysqld          37.8 762436
bench           11.9 74856
isuride         10.1 17152
nginx            1.3  9712
nginx            1.3  9628
systemd-journal  0.9 183644
rsyslogd         0.5  5532
jbd2/sda1-8      0.5     0
kworker/1:1H-kb  0.2     0
2026-09-26T09:35:20+00:00
COMMAND         %CPU   RSS
mysqld          37.9 764720
bench           12.1 78504
isuride         11.0 17116
nginx            1.3  9712
nginx            1.3  9628
systemd-journal  1.0 184676
rsyslogd         0.5  5532
jbd2/sda1-8      0.5     0
kworker/1:1H-kb  0.2     0
2026-09-26T09:35:22+00:00
COMMAND         %CPU   RSS
mysqld          38.0 768304
bench           12.3 81404
isuride         11.9 17472
curl            11.1 12304
nginx            1.3  9712
nginx            1.3  9628
systemd-journal  1.0 185632
rsyslogd         0.5  5532
jbd2/sda1-8      0.5     0
2026-09-26T09:35:24+00:00
COMMAND         %CPU   RSS
mysqld          38.1 793712
isuride         12.6 17664
bench           12.4 84636
curl             5.0 12060
nginx            1.4  9712
nginx            1.3  9628
systemd-journal  1.0 190652
rsyslogd         0.5  5532
jbd2/sda1-8      0.5     0
2026-09-26T09:35:26+00:00
COMMAND         %CPU   RSS
mysqld          38.2 794852
isuride         13.2 18276
bench           12.4 90024
curl             6.2 12112
nginx            1.4  9712
nginx            1.3  9628
systemd-journal  1.0 192652
rsyslogd         0.5  5532
jbd2/sda1-8      0.5     0
2026-09-26T09:35:28+00:00
COMMAND         %CPU   RSS
mysqld          38.4 795664
isuride         13.7 17964
bench           12.6 95420
nginx            1.4  9712
nginx            1.3  9628
systemd-journal  1.0 194020
rsyslogd         0.5  5532
jbd2/sda1-8      0.5     0
kworker/1:1H-kb  0.2     0
2026-09-26T09:35:30+00:00
COMMAND         %CPU   RSS
mysqld          38.5 775852
isuride         14.3 17620
bench           12.7 97552
nginx            1.4  9712
nginx            1.3  9628
systemd-journal  1.0 195144
rsyslogd         0.5  5532
jbd2/sda1-8      0.5     0
kworker/1:1H-kb  0.2     0
2026-09-26T09:35:32+00:00
COMMAND         %CPU   RSS
mysqld          38.6 776944
isuride         14.8 18292
bench           12.7 99124
nginx            1.4  9712
nginx            1.3  9628
systemd-journal  1.0 197852
rsyslogd         0.5  5532
jbd2/sda1-8      0.5     0
kworker/1:1H-kb  0.2     0
2026-09-26T09:35:34+00:00
COMMAND         %CPU   RSS
mysqld          38.7 778060
isuride         15.3 19444
bench           12.7 102436
nginx            1.4  9712
nginx            1.3  9628
systemd-journal  1.0 199960
rsyslogd         0.5  5532
jbd2/sda1-8      0.5     0
kworker/1:1H-kb  0.2     0
2026-09-26T09:35:36+00:00
COMMAND         %CPU   RSS
mysqld          38.8 780284
isuride         15.8 19080
bench           12.9 107632
nginx            1.4  9712
nginx            1.3  9628
systemd-journal  1.0 201012
rsyslogd         0.5  5532
jbd2/sda1-8      0.5     0
kworker/1:1H-kb  0.2     0
2026-09-26T09:35:38+00:00
COMMAND         %CPU   RSS
mysqld          38.9 782584
isuride         16.2 17888
bench           12.8 108656
nginx            1.4  9712
nginx            1.3  9628
systemd-journal  1.0 202156
rsyslogd         0.5  5532
jbd2/sda1-8      0.5     0
kworker/1:1H-kb  0.2     0
2026-09-26T09:35:40+00:00
COMMAND         %CPU   RSS
mysqld          39.1 792956
isuride         16.5 18568
bench           12.9 113444
nginx            1.4  9712
nginx            1.3  9628
systemd-journal  1.0 203100
rsyslogd         0.5  5532
jbd2/sda1-8      0.5     0
kworker/1:1H-kb  0.2     0
2026-09-26T09:35:42+00:00
COMMAND         %CPU   RSS
mysqld          39.2 810736
isuride         16.8 18940
bench           12.8 113716
nginx            1.4  9712
nginx            1.4  9628
systemd-journal  1.0 204196
rsyslogd         0.5  5532
jbd2/sda1-8      0.5     0
kworker/1:1H-kb  0.2     0
2026-09-26T09:35:44+00:00
COMMAND         %CPU   RSS
mysqld          39.3 800500
isuride         17.1 19396
bench           12.8 118660
nginx            1.4  9712
nginx            1.4  9628
systemd-journal  1.0 208056
rsyslogd         0.5  5532
jbd2/sda1-8      0.5     0
kworker/1:1H-kb  0.2     0
2026-09-26T09:35:46+00:00
COMMAND         %CPU   RSS
mysqld          39.4 835712
isuride         17.4 19064
bench           12.8 121260
nginx            1.4  9712
nginx            1.4  9628
systemd-journal  1.0 210000
rsyslogd         0.5  5532
jbd2/sda1-8      0.5     0
kworker/1:1H-kb  0.2     0
2026-09-26T09:35:48+00:00
COMMAND         %CPU   RSS
mysqld          39.5 777164
isuride         17.6 18456
bench           12.8 124668
nginx            1.4  9712
nginx            1.4  9628
systemd-journal  1.0 211096
rsyslogd         0.5  5532
jbd2/sda1-8      0.5     0
kworker/1:1H-kb  0.2     0
2026-09-26T09:35:50+00:00
COMMAND         %CPU   RSS
mysqld          39.7 778268
isuride         17.8 18868
curl            14.2 12264
bench           12.8 129700
nginx            1.4  9712
nginx            1.4  9628
systemd-journal  1.0 212160
rsyslogd         0.5  5532
jbd2/sda1-8      0.5     0
2026-09-26T09:35:52+00:00
COMMAND         %CPU   RSS
mysqld          39.8 782452
isuride         18.0 19372
bench           12.7 129720
nginx            1.4  9712
nginx            1.4  9628
systemd-journal  1.0 213152
rsyslogd         0.5  5532
jbd2/sda1-8      0.5     0
kworker/1:1H-kb  0.2     0
2026-09-26T09:35:54+00:00
COMMAND         %CPU   RSS
mysqld          39.9 779376
isuride         18.1 19540
bench           12.7 135308
nginx            1.4  9712
nginx            1.4  9628
systemd-journal  1.0 216300
rsyslogd         0.5  5532
jbd2/sda1-8      0.5     0
kworker/1:1H-kb  0.2     0
2026-09-26T09:35:56+00:00
COMMAND         %CPU   RSS
mysqld          40.0 781500
isuride         18.3 19352
bench           12.7 137712
nginx            1.4  9712
nginx            1.4  9628
systemd-journal  1.0 218388
rsyslogd         0.5  5532
jbd2/sda1-8      0.5     0
kworker/1:1H-kb  0.2     0
2026-09-26T09:35:58+00:00
COMMAND         %CPU   RSS
mysqld          40.2 776432
isuride         18.4 19528
bench           12.7 138388
nginx            1.4  9712
nginx            1.4  9628
systemd-journal  1.0 219548
rsyslogd         0.5  5532
jbd2/sda1-8      0.5     0
kworker/1:1H-kb  0.2     0
2026-09-26T09:36:00+00:00
COMMAND         %CPU   RSS
mysqld          40.3 834000
isuride         18.5 19620
bench           12.7 144772
nginx            1.4  9712
nginx            1.4  9628
systemd-journal  1.0 220640
rsyslogd         0.5  5532
jbd2/sda1-8      0.5     0
kworker/1:1H-kb  0.2     0
2026-09-26T09:36:02+00:00
COMMAND         %CPU   RSS
mysqld          40.4 812852
isuride         18.7 20252
bench           12.6 144888
nginx            1.4  9712
nginx            1.4  9628
systemd-journal  1.0 221536
rsyslogd         0.5  5532
jbd2/sda1-8      0.5     0
kworker/1:1H-kb  0.2     0
2026-09-26T09:36:04+00:00
COMMAND         %CPU   RSS
mysqld          40.5 769356
isuride         18.8 18404
bench           12.6 152308
nginx            1.4  9712
nginx            1.4  9628
systemd-journal  1.0 224564
rsyslogd         0.5  5532
jbd2/sda1-8      0.5     0
kworker/1:1H-kb  0.2     0
2026-09-26T09:36:06+00:00
COMMAND         %CPU   RSS
curl            50.0 12068
mysqld          40.6 769376
isuride         19.1 18156
bench           12.6 152312
nginx            1.4  9712
nginx            1.4  9628
systemd-journal  1.0 228116
rsyslogd         0.5  5532
jbd2/sda1-8      0.5     0
