procs -----------memory---------- ---swap-- -----io---- -system-- -------cpu------- -----timestamp-----
 r  b   swpd   free   buff  cache   si   so    bi    bo   in   cs us sy id wa st gu                 UTC
 4  0      0 1829964  88136 1218184    0    0   346  4936 5419   96 21  9 70  0  0  0 2026-09-26 09:35:02
 2  0      0 1770612  88136 1223764    0    0     0 53968 15063 30524 27 14 42 17  0  0 2026-09-26 09:35:03
 3  0      0 1765212  88136 1223556    0    0     0  4312 16025 46012 67 13 20  1  0  0 2026-09-26 09:35:04
 0  0      0 1696336  88136 1224348    0    0     0  4660 18535 55796 47 16 36  1  0  0 2026-09-26 09:35:05
10  0      0 1662932  88136 1230164    0    0     0 12732 21372 63739 45 18 35  2  0  0 2026-09-26 09:35:06
 3  0      0 1663256  88136 1227508    0    0     0 10060 23092 72847 47 23 28  2  0  0 2026-09-26 09:35:07
16  0      0 1655064  88136 1233404    0    0     0 10540 17692 59920 71 23  5  1  0  0 2026-09-26 09:35:08
13  0      0 1704200  88136 1229152    0    0     0 11376 17193 57233 67 29  5  0  0  0 2026-09-26 09:35:09
 0  0      0 1676476  88136 1230368    0    0     0 10624 18582 66888 65 26  9  1  0  0 2026-09-26 09:35:10
 9  0      0 1684064  88136 1231252    0    0     0 10264 23809 87293 53 24 21  1  0  0 2026-09-26 09:35:11
14  0      0 1658400  88136 1232332    0    0     0 13380 19285 69284 69 23  7  1  0  0 2026-09-26 09:35:12
13  0      0 1657688  88136 1233572    0    0     0 11716 18303 67133 63 28  8  1  0  0 2026-09-26 09:35:13
 5  0      0 1652456  88136 1234660    0    0     0 13796 17070 62507 67 28  4  1  0  0 2026-09-26 09:35:14
24  0      0 1651704  88136 1243684    0    0     0 15944 17877 66388 66 31  4  0  0  0 2026-09-26 09:35:15
22  1      0 1643064  88136 1236932    0    0     0 28264 18327 64367 67 31  2  1  0  0 2026-09-26 09:35:16
38  0      0 1626684  88136 1242904    0    0     0 17448 18708 68468 68 29  2  1  0  0 2026-09-26 09:35:17
29  0      0 1618872  88136 1240664    0    0     0 18980 17365 72887 65 33  2  0  0  0 2026-09-26 09:35:18
43  1      0 1626684  88136 1241904    0    0     0 17428 15513 59126 69 30  1  1  0  0 2026-09-26 09:35:19
24  0      0 1630348  88136 1242916    0    0     0 16324 16750 63314 64 34  2  0  0  0 2026-09-26 09:35:20
17  1      0 1611584  88136 1244168    0    0     0 15832 15753 55718 69 31  1  0  0  0 2026-09-26 09:35:21
46  0      0 1615208  88136 1245280    0    0     0 19108 18244 71147 65 34  1  1  0  0 2026-09-26 09:35:22
procs -----------memory---------- ---swap-- -----io---- -system-- -------cpu------- -----timestamp-----
 r  b   swpd   free   buff  cache   si   so    bi    bo   in   cs us sy id wa st gu                 UTC
 4  0      0 1637324  88136 1246176    0    0     0 17752 15022 55111 70 30  1  0  0  0 2026-09-26 09:35:23
 9  1      0 1629928  88136 1262192    0    0     0 17540 18311 68010 66 32  2  0  0  0 2026-09-26 09:35:24
 7  0      0 1618436  88136 1251248    0    0     0 16028 17313 59918 70 29  1  1  0  0 2026-09-26 09:35:25
12  0      0 1595756  88136 1256304    0    0     0 18188 18045 66453 69 30  1  0  0  0 2026-09-26 09:35:26
41  0      0 1617076  88136 1253788    0    0     0 18888 17287 69603 64 35  1  0  0  0 2026-09-26 09:35:27
12  1      0 1584392  88136 1257500    0    0     0 16740 15633 55279 71 28  1  1  0  0 2026-09-26 09:35:28
28  1      0 1584392  88136 1256464    0    0     0 14892 15849 59479 64 33  3  0  0  0 2026-09-26 09:35:29
20  0      0 1566236  88136 1258672    0    0     0 15284 15514 54883 72 26  2  1  0  0 2026-09-26 09:35:30
40  0      0 1580068  88136 1260052    0    0     0 32992 17654 62884 62 34  3  1  0  0 2026-09-26 09:35:31
24  0      0 1561008  88136 1261260    0    0     0 18252 16458 54903 71 27  2  1  0  0 2026-09-26 09:35:32
28  1      0 1564788  88136 1273432    0    0     0 16176 16870 62465 68 28  3  1  0  0 2026-09-26 09:35:33
 4  0      0 1534396  88136 1263312    0    0     0 12668 14242 46985 71 26  2  1  0  0 2026-09-26 09:35:34
17  1      0 1529744  88136 1271316    0    0     0 15032 16249 55911 68 30  2  1  0  0 2026-09-26 09:35:35
14  0      0 1548548  88136 1265016    0    0     0 21600 14080 47164 68 31  1  0  0  0 2026-09-26 09:35:36
49  1      0 1515172  88136 1270308    0    0     0 17212 15708 55310 70 28  1  1  0  0 2026-09-26 09:35:37
19  1      0 1570308  88136 1267424    0    0     0 22620 18074 69662 66 33  1  0  0  0 2026-09-26 09:35:38
30  0      0 1520008  88136 1269844    0    0     0 16260 14680 50866 69 30  1  1  0  0 2026-09-26 09:35:39
23  0      0 1534720  88136 1269548    0    0     0 20828 18855 68783 65 31  3  1  0  0 2026-09-26 09:35:40
 3  1      0 1531172  88136 1270496    0    0     0 18716 16132 54873 69 30  1  0  0  0 2026-09-26 09:35:41
48  0      0 1526200  88136 1284648    0    0     0 20500 17572 67450 66 32  2  1  0  0 2026-09-26 09:35:42
29  0      0 1540960  88136 1273048    0    0     0 19060 15874 59792 68 31  1  0  0  0 2026-09-26 09:35:43
procs -----------memory---------- ---swap-- -----io---- -system-- -------cpu------- -----timestamp-----
 r  b   swpd   free   buff  cache   si   so    bi    bo   in   cs us sy id wa st gu                 UTC
17  0      0 1529824  88136 1281188    0    0     0 18284 17302 61325 69 28  2  1  0  0 2026-09-26 09:35:44
30  1      0 1560188  88136 1276092    0    0     0 17868 16032 60649 70 29  1  1  0  0 2026-09-26 09:35:45
29  0      0 1526728  88136 1283372    0    0     0 16744 15903 55903 71 28  1  0  0  0 2026-09-26 09:35:46
23  0      0 1509664  88136 1279264    0    0     0 21464 15013 55193 67 32  1  1  0  0 2026-09-26 09:35:47
14  1      0 1534920  88136 1280496    0    0     0 16640 15006 52921 71 27  2  0  0  0 2026-09-26 09:35:48
15  0      0 1544468  88136 1281520    0    0     0 18184 16266 63529 67 30  3  1  0  0 2026-09-26 09:35:49
16  0      0 1534364  88136 1282824    0    0    84 16180 14607 52945 71 29  1  0  0  0 2026-09-26 09:35:50
14  0      0 1540680  88136 1294524    0    0     0 17512 16270 63009 67 29  3  1  0  0 2026-09-26 09:35:51
 6  1      0 1468892  88136 1284996    0    0     0 35800 13739 53218 71 27  1  1  0  0 2026-09-26 09:35:52
17  0      0 1475988  88136 1293796    0    0     0 17628 14669 51541 74 25  1  0  0  0 2026-09-26 09:35:53
28  0      0 1506736  88136 1286372    0    0     0  8972 10931 35154 70 30  0  0  0  0 2026-09-26 09:35:54
26  0      0 1482996  88136 1293748    0    0     0 13364 13699 45593 69 31  1  1  0  0 2026-09-26 09:35:55
41  0      0 1522760  88136 1288120    0    0     0 16000 14299 51610 71 28  1  0  0  0 2026-09-26 09:35:56
14  0      0 1462128  88136 1292512    0    0     0 14856 14906 52691 71 28  1  1  0  0 2026-09-26 09:35:57
44  0      0 1554052  88136 1290176    0    0     0 19488 16332 62955 69 28  2  1  0  0 2026-09-26 09:35:58
22  0      0 1507668  88136 1291232    0    0     0 14876 15643 51878 72 28  1  0  0  0 2026-09-26 09:35:59
48  0      0 1504192  88136 1305628    0    0     0 18228 17640 66302 66 31  2  1  0  0 2026-09-26 09:36:00
18  1      0 1471364  88136 1293488    0    0     0 15588 17951 55780 73 28  0  0  0  0 2026-09-26 09:36:01
13  1      0 1482076  88136 1301584    0    0     0 18936 16968 57688 72 28  1  0  0  0 2026-09-26 09:36:02
12  0      0 1468012  88136 1295276    0    0     0 14796 14754 50716 73 26  0  0  0  0 2026-09-26 09:36:03
10  0      0 1482960  88136 1296400    0    0     0  3896 15478 65657 72 21  7  0  0  0 2026-09-26 09:36:04
procs -----------memory---------- ---swap-- -----io---- -system-- -------cpu------- -----timestamp-----
 r  b   swpd   free   buff  cache   si   so    bi    bo   in   cs us sy id wa st gu                 UTC
 0  0      0 1488072  88136 1297512    0    0     0  1208 19181 81368 63 21 16  0  0  0 2026-09-26 09:36:05
 2  0      0 1495108  88136 1298672    0    0     0   968 19613 82901 67 21 13  0  0  0 2026-09-26 09:36:06
19  0      0 1499344  88136 1299672    0    0     0 22648 17955 76345 62 21 16  0  0  0 2026-09-26 09:36:07
23  0      0 1510036  88136 1300880    0    0     0   404 17805 80201 66 21 12  0  0  0 2026-09-26 09:36:08
