time=19:01:05.857 level=DEBUG source=/tmp/isucon14/bench/cmd/run.go:90 msg=target targetURL=https://isuride.xiv.isucon.net targetAddr=127.0.0.1:443 benchrun.GetTargetAddress()="" paymentURL=http://127.0.0.1:12346
time=19:01:05.857 level=INFO msg=負荷走行を開始します
time=19:01:08.838 level=DEBUG source=/tmp/isucon14/bench/benchmarker/scenario/scenario.go:315 msg=時間経過 tick=60
time=19:01:08.838 level=DEBUG source=/tmp/isucon14/bench/benchmarker/scenario/scenario.go:317 msg=eval reqs=0 score="[0 0 0 0 0]" criteria="[0 0 0 0]"
time=19:01:10.639 level=DEBUG source=/tmp/isucon14/bench/benchmarker/scenario/scenario.go:315 msg=時間経過 tick=120
time=19:01:10.639 level=DEBUG source=/tmp/isucon14/bench/benchmarker/scenario/scenario.go:317 msg=eval reqs=1 score="[0 0 0 0 1]" criteria="[1 1 1 1]"
time=19:01:12.439 level=DEBUG source=/tmp/isucon14/bench/benchmarker/scenario/scenario.go:315 msg=時間経過 tick=180
time=19:01:12.439 level=INFO msg=これまでに地域内の評判によって3人、既存ユーザーの招待経由で2人が新規登録しました
time=19:01:12.439 level=INFO msg=33.3%のライドは椅子がマッチされるまでの時間、66.7%のライドはマッチされた椅子が乗車地点までに掛かる時間、0.0%のライドは椅子の実移動時間に不満がありました
time=19:01:12.439 level=DEBUG source=/tmp/isucon14/bench/benchmarker/scenario/scenario.go:317 msg=eval reqs=3 score="[0 0 1 1 1]" criteria="[2 1 3 3]"
time=19:01:14.239 level=DEBUG source=/tmp/isucon14/bench/benchmarker/scenario/scenario.go:315 msg=時間経過 tick=240
time=19:01:14.239 level=DEBUG source=/tmp/isucon14/bench/benchmarker/scenario/scenario.go:317 msg=eval reqs=4 score="[0 0 1 2 1]" criteria="[3 1 4 4]"
time=19:01:16.037 level=INFO msg=一定の売上が立ったためオーナーの椅子が増加します 名前="Sit Second Life" 増加数=1
time=19:01:16.038 level=DEBUG source=/tmp/isucon14/bench/benchmarker/scenario/scenario.go:315 msg=時間経過 tick=300
time=19:01:16.038 level=DEBUG source=/tmp/isucon14/bench/benchmarker/scenario/scenario.go:317 msg=eval reqs=7 score="[0 0 4 2 1]" criteria="[3 1 7 7]"
time=19:01:17.838 level=INFO msg=これまでに地域内の評判によって8人、既存ユーザーの招待経由で3人が新規登録しました
time=19:01:17.838 level=INFO msg=55.6%のライドは椅子がマッチされるまでの時間、88.9%のライドはマッチされた椅子が乗車地点までに掛かる時間、0.0%のライドは椅子の実移動時間に不満がありました
time=19:01:17.838 level=DEBUG source=/tmp/isucon14/bench/benchmarker/scenario/scenario.go:315 msg=時間経過 tick=360
time=19:01:17.838 level=DEBUG source=/tmp/isucon14/bench/benchmarker/scenario/scenario.go:317 msg=eval reqs=9 score="[0 0 5 3 1]" criteria="[4 1 9 9]"
time=19:01:19.638 level=DEBUG source=/tmp/isucon14/bench/benchmarker/scenario/scenario.go:315 msg=時間経過 tick=420
time=19:01:19.638 level=DEBUG source=/tmp/isucon14/bench/benchmarker/scenario/scenario.go:317 msg=eval reqs=12 score="[0 1 7 3 1]" criteria="[5 1 12 10]"
time=19:01:19.665 level=INFO msg=一定の売上が立ったためオーナーの椅子が増加します 名前=つばさ交通 増加数=1
time=19:01:21.438 level=DEBUG source=/tmp/isucon14/bench/benchmarker/scenario/scenario.go:315 msg=時間経過 tick=480
time=19:01:21.438 level=DEBUG source=/tmp/isucon14/bench/benchmarker/scenario/scenario.go:317 msg=eval reqs=13 score="[0 1 8 3 1]" criteria="[5 1 13 11]"
time=19:01:23.279 level=DEBUG source=/tmp/isucon14/bench/benchmarker/scenario/scenario.go:315 msg=時間経過 tick=540
time=19:01:23.279 level=DEBUG source=/tmp/isucon14/bench/benchmarker/scenario/scenario.go:317 msg=eval reqs=14 score="[1 1 8 3 1]" criteria="[5 1 13 11]"
time=19:01:23.280 level=INFO msg=これまでに地域内の評判によって16人、既存ユーザーの招待経由で4人が新規登録しました
time=19:01:23.280 level=INFO msg=これまでに低評価なライドによって2人が利用をやめました
time=19:01:23.280 level=INFO msg=64.3%のライドは椅子がマッチされるまでの時間、92.9%のライドはマッチされた椅子が乗車地点までに掛かる時間、14.3%のライドは椅子の実移動時間に不満がありました
time=19:01:25.098 level=DEBUG source=/tmp/isucon14/bench/benchmarker/scenario/scenario.go:315 msg=時間経過 tick=600
time=19:01:25.098 level=DEBUG source=/tmp/isucon14/bench/benchmarker/scenario/scenario.go:317 msg=eval reqs=16 score="[3 1 8 3 1]" criteria="[5 1 13 11]"
time=19:01:25.148 level=INFO msg=一定の売上が立ったためオーナーの椅子が増加します 名前="Vintage Vibe Seats" 増加数=1
time=19:01:26.898 level=DEBUG source=/tmp/isucon14/bench/benchmarker/scenario/scenario.go:315 msg=時間経過 tick=660
time=19:01:26.898 level=DEBUG source=/tmp/isucon14/bench/benchmarker/scenario/scenario.go:317 msg=eval reqs=19 score="[6 1 8 3 1]" criteria="[5 1 13 11]"
time=19:01:26.920 level=INFO msg=一定の売上が立ったためオーナーの椅子が増加します 名前=椅子のふるさと 増加数=1
time=19:01:28.698 level=DEBUG source=/tmp/isucon14/bench/benchmarker/scenario/scenario.go:315 msg=時間経過 tick=720
time=19:01:28.698 level=DEBUG source=/tmp/isucon14/bench/benchmarker/scenario/scenario.go:317 msg=eval reqs=24 score="[9 3 8 3 1]" criteria="[6 1 13 12]"
time=19:01:28.698 level=INFO msg=これまでに地域内の評判によって23人、既存ユーザーの招待経由で4人が新規登録しました
time=19:01:28.698 level=INFO msg=これまでに低評価なライドによって7人が利用をやめました
time=19:01:28.698 level=INFO msg=75.0%のライドは椅子がマッチされるまでの時間、95.8%のライドはマッチされた椅子が乗車地点までに掛かる時間、47.9%のライドは椅子の実移動時間に不満がありました
time=19:01:28.725 level=INFO msg=一定の売上が立ったためオーナーの椅子が増加します 名前="LuxeLine Taxi" 増加数=1
time=19:01:28.740 level=INFO msg=一定の売上が立ったためオーナーの椅子が増加します 名前="Sit Second Life" 増加数=2
time=19:01:30.499 level=DEBUG source=/tmp/isucon14/bench/benchmarker/scenario/scenario.go:315 msg=時間経過 tick=780
time=19:01:30.499 level=DEBUG source=/tmp/isucon14/bench/benchmarker/scenario/scenario.go:317 msg=eval reqs=24 score="[9 3 8 3 1]" criteria="[6 1 13 12]"
time=19:01:32.298 level=DEBUG source=/tmp/isucon14/bench/benchmarker/scenario/scenario.go:315 msg=時間経過 tick=840
time=19:01:32.298 level=DEBUG source=/tmp/isucon14/bench/benchmarker/scenario/scenario.go:317 msg=eval reqs=26 score="[10 4 8 3 1]" criteria="[6 1 14 12]"
time=19:01:32.303 level=INFO msg=一定の売上が立ったためオーナーの椅子が増加します 名前=つばさ交通 増加数=1
time=19:01:32.319 level=INFO msg=一定の売上が立ったためオーナーの椅子が増加します 名前="Vintage Vibe Seats" 増加数=1
time=19:01:34.098 level=DEBUG source=/tmp/isucon14/bench/benchmarker/scenario/scenario.go:315 msg=時間経過 tick=900
time=19:01:34.098 level=DEBUG source=/tmp/isucon14/bench/benchmarker/scenario/scenario.go:317 msg=eval reqs=30 score="[14 4 8 3 1]" criteria="[6 1 14 12]"
time=19:01:34.098 level=INFO msg=これまでに地域内の評判によって29人、既存ユーザーの招待経由で4人が新規登録しました
time=19:01:34.098 level=INFO msg=これまでに低評価なライドによって11人が利用をやめました
time=19:01:34.098 level=INFO msg=80.0%のライドは椅子がマッチされるまでの時間、96.7%のライドはマッチされた椅子が乗車地点までに掛かる時間、56.7%のライドは椅子の実移動時間に不満がありました
time=19:01:35.899 level=DEBUG source=/tmp/isucon14/bench/benchmarker/scenario/scenario.go:315 msg=時間経過 tick=960
time=19:01:35.899 level=DEBUG source=/tmp/isucon14/bench/benchmarker/scenario/scenario.go:317 msg=eval reqs=32 score="[16 4 8 3 1]" criteria="[6 1 14 12]"
time=19:01:35.949 level=INFO msg=一定の売上が立ったためオーナーの椅子が増加します 名前="Sit Second Life" 増加数=1
time=19:01:37.698 level=DEBUG source=/tmp/isucon14/bench/benchmarker/scenario/scenario.go:315 msg=時間経過 tick=1020
time=19:01:37.699 level=DEBUG source=/tmp/isucon14/bench/benchmarker/scenario/scenario.go:317 msg=eval reqs=35 score="[19 4 8 3 1]" criteria="[6 1 14 12]"
time=19:01:37.733 level=INFO msg=一定の売上が立ったためオーナーの椅子が増加します 名前=つばさ交通 増加数=1
time=19:01:39.486 level=INFO msg=一定の売上が立ったためオーナーの椅子が増加します 名前="LuxeLine Taxi" 増加数=1
time=19:01:39.498 level=DEBUG source=/tmp/isucon14/bench/benchmarker/scenario/scenario.go:315 msg=時間経過 tick=1080
time=19:01:39.498 level=INFO msg=これまでに地域内の評判によって35人、既存ユーザーの招待経由で4人が新規登録しました
time=19:01:39.498 level=INFO msg=これまでに低評価なライドによって20人が利用をやめました
time=19:01:39.498 level=INFO msg=84.2%のライドは椅子がマッチされるまでの時間、97.4%のライドはマッチされた椅子が乗車地点までに掛かる時間、64.5%のライドは椅子の実移動時間に不満がありました
time=19:01:39.498 level=DEBUG source=/tmp/isucon14/bench/benchmarker/scenario/scenario.go:317 msg=eval reqs=38 score="[21 5 8 3 1]" criteria="[6 1 14 13]"
time=19:01:39.514 level=INFO msg=一定の売上が立ったためオーナーの椅子が増加します 名前=椅子のふるさと 増加数=1
time=19:01:41.298 level=DEBUG source=/tmp/isucon14/bench/benchmarker/scenario/scenario.go:315 msg=時間経過 tick=1140
time=19:01:41.298 level=DEBUG source=/tmp/isucon14/bench/benchmarker/scenario/scenario.go:317 msg=eval reqs=42 score="[25 5 8 3 1]" criteria="[6 1 14 13]"
time=19:01:41.330 level=INFO msg=一定の売上が立ったためオーナーの椅子が増加します 名前=椅子のふるさと 増加数=1
time=19:01:43.098 level=DEBUG source=/tmp/isucon14/bench/benchmarker/scenario/scenario.go:315 msg=時間経過 tick=1200
time=19:01:43.098 level=DEBUG source=/tmp/isucon14/bench/benchmarker/scenario/scenario.go:317 msg=eval reqs=46 score="[28 6 8 3 1]" criteria="[6 1 14 14]"
time=19:01:43.136 level=INFO msg=一定の売上が立ったためオーナーの椅子が増加します 名前="Vintage Vibe Seats" 増加数=1
time=19:01:44.932 level=INFO msg=これまでに地域内の評判によって41人、既存ユーザーの招待経由で4人が新規登録しました
time=19:01:44.932 level=INFO msg=これまでに低評価なライドによって31人が利用をやめました
time=19:01:44.932 level=INFO msg=88.0%のライドは椅子がマッチされるまでの時間、98.0%のライドはマッチされた椅子が乗車地点までに掛かる時間、71.0%のライドは椅子の実移動時間に不満がありました
time=19:01:44.932 level=DEBUG source=/tmp/isucon14/bench/benchmarker/scenario/scenario.go:315 msg=時間経過 tick=1260
time=19:01:44.932 level=DEBUG source=/tmp/isucon14/bench/benchmarker/scenario/scenario.go:317 msg=eval reqs=50 score="[31 7 8 3 1]" criteria="[6 1 15 14]"
time=19:01:44.986 level=INFO msg=一定の売上が立ったためオーナーの椅子が増加します 名前=椅子のふるさと 増加数=2
time=19:01:45.023 level=INFO msg=一定の売上が立ったためオーナーの椅子が増加します 名前="Sit Second Life" 増加数=1
time=19:01:46.728 level=DEBUG source=/tmp/isucon14/bench/benchmarker/scenario/scenario.go:315 msg=時間経過 tick=1320
time=19:01:46.728 level=DEBUG source=/tmp/isucon14/bench/benchmarker/scenario/scenario.go:317 msg=eval reqs=52 score="[32 7 9 3 1]" criteria="[6 2 16 14]"
time=19:01:48.528 level=DEBUG source=/tmp/isucon14/bench/benchmarker/scenario/scenario.go:315 msg=時間経過 tick=1380
time=19:01:48.528 level=DEBUG source=/tmp/isucon14/bench/benchmarker/scenario/scenario.go:317 msg=eval reqs=55 score="[34 8 9 3 1]" criteria="[6 3 16 14]"
time=19:01:48.581 level=INFO msg=一定の売上が立ったためオーナーの椅子が増加します 名前=つばさ交通 増加数=1
time=19:01:50.329 level=INFO msg=これまでに地域内の評判によって48人、既存ユーザーの招待経由で4人が新規登録しました
time=19:01:50.329 level=INFO msg=これまでに低評価なライドによって37人が利用をやめました
time=19:01:50.329 level=INFO msg=89.5%のライドは椅子がマッチされるまでの時間、94.7%のライドはマッチされた椅子が乗車地点までに掛かる時間、73.7%のライドは椅子の実移動時間に不満がありました
time=19:01:50.329 level=DEBUG source=/tmp/isucon14/bench/benchmarker/scenario/scenario.go:315 msg=時間経過 tick=1440
time=19:01:50.329 level=DEBUG source=/tmp/isucon14/bench/benchmarker/scenario/scenario.go:317 msg=eval reqs=57 score="[36 8 9 3 1]" criteria="[6 3 16 14]"
time=19:01:50.382 level=INFO msg=一定の売上が立ったためオーナーの椅子が増加します 名前="Sit Second Life" 増加数=1
time=19:01:52.128 level=DEBUG source=/tmp/isucon14/bench/benchmarker/scenario/scenario.go:315 msg=時間経過 tick=1500
time=19:01:52.128 level=DEBUG source=/tmp/isucon14/bench/benchmarker/scenario/scenario.go:317 msg=eval reqs=60 score="[38 8 10 3 1]" criteria="[6 3 17 15]"
time=19:01:52.230 level=INFO msg=一定の売上が立ったためオーナーの椅子が増加します 名前="Sit Second Life" 増加数=1
time=19:01:53.928 level=DEBUG source=/tmp/isucon14/bench/benchmarker/scenario/scenario.go:315 msg=時間経過 tick=1560
time=19:01:53.928 level=DEBUG source=/tmp/isucon14/bench/benchmarker/scenario/scenario.go:317 msg=eval reqs=61 score="[39 8 10 3 1]" criteria="[6 3 17 15]"
time=19:01:55.728 level=DEBUG source=/tmp/isucon14/bench/benchmarker/scenario/scenario.go:315 msg=時間経過 tick=1620
time=19:01:55.728 level=INFO msg=これまでに地域内の評判によって53人、既存ユーザーの招待経由で4人が新規登録しました
time=19:01:55.728 level=INFO msg=これまでに低評価なライドによって42人が利用をやめました
time=19:01:55.728 level=INFO msg=90.6%のライドは椅子がマッチされるまでの時間、95.3%のライドはマッチされた椅子が乗車地点までに掛かる時間、73.4%のライドは椅子の実移動時間に不満がありました
time=19:01:55.728 level=DEBUG source=/tmp/isucon14/bench/benchmarker/scenario/scenario.go:317 msg=eval reqs=64 score="[41 8 11 3 1]" criteria="[6 3 18 16]"
time=19:01:55.790 level=INFO msg=一定の売上が立ったためオーナーの椅子が増加します 名前=つばさ交通 増加数=1
time=19:01:57.528 level=DEBUG source=/tmp/isucon14/bench/benchmarker/scenario/scenario.go:315 msg=時間経過 tick=1680
time=19:01:57.528 level=DEBUG source=/tmp/isucon14/bench/benchmarker/scenario/scenario.go:317 msg=eval reqs=65 score="[41 8 12 3 1]" criteria="[6 4 19 16]"
time=19:01:59.328 level=DEBUG source=/tmp/isucon14/bench/benchmarker/scenario/scenario.go:315 msg=時間経過 tick=1740
time=19:01:59.328 level=DEBUG source=/tmp/isucon14/bench/benchmarker/scenario/scenario.go:317 msg=eval reqs=69 score="[45 8 12 3 1]" criteria="[6 4 19 16]"
time=19:01:59.375 level=INFO msg=一定の売上が立ったためオーナーの椅子が増加します 名前="LuxeLine Taxi" 増加数=1
time=19:01:59.383 level=INFO msg=一定の売上が立ったためオーナーの椅子が増加します 名前="Sit Second Life" 増加数=1
time=19:01:59.393 level=INFO msg=一定の売上が立ったためオーナーの椅子が増加します 名前=椅子のふるさと 増加数=1
time=19:02:01.128 level=DEBUG source=/tmp/isucon14/bench/benchmarker/scenario/scenario.go:315 msg=時間経過 tick=1800
time=19:02:01.128 level=DEBUG source=/tmp/isucon14/bench/benchmarker/scenario/scenario.go:317 msg=eval reqs=69 score="[45 8 12 3 1]" criteria="[6 4 19 16]"
time=19:02:01.128 level=INFO msg=これまでに地域内の評判によって59人、既存ユーザーの招待経由で4人が新規登録しました
time=19:02:01.128 level=INFO msg=これまでに低評価なライドによって46人が利用をやめました
time=19:02:01.128 level=INFO msg=91.3%のライドは椅子がマッチされるまでの時間、94.2%のライドはマッチされた椅子が乗車地点までに掛かる時間、74.6%のライドは椅子の実移動時間に不満がありました
time=19:02:02.928 level=DEBUG source=/tmp/isucon14/bench/benchmarker/scenario/scenario.go:315 msg=時間経過 tick=1860
time=19:02:02.928 level=DEBUG source=/tmp/isucon14/bench/benchmarker/scenario/scenario.go:317 msg=eval reqs=73 score="[48 8 13 3 1]" criteria="[6 5 20 16]"
time=19:02:02.994 level=INFO msg=一定の売上が立ったためオーナーの椅子が増加します 名前="Vintage Vibe Seats" 増加数=1
time=19:02:04.728 level=DEBUG source=/tmp/isucon14/bench/benchmarker/scenario/scenario.go:315 msg=時間経過 tick=1920
time=19:02:04.728 level=DEBUG source=/tmp/isucon14/bench/benchmarker/scenario/scenario.go:317 msg=eval reqs=75 score="[50 8 13 3 1]" criteria="[6 5 20 16]"
time=19:02:04.814 level=INFO msg=一定の売上が立ったためオーナーの椅子が増加します 名前=つばさ交通 増加数=1
time=19:02:06.528 level=INFO msg=これまでに地域内の評判によって65人、既存ユーザーの招待経由で4人が新規登録しました
time=19:02:06.528 level=INFO msg=これまでに低評価なライドによって53人が利用をやめました
time=19:02:06.528 level=INFO msg=92.4%のライドは椅子がマッチされるまでの時間、93.7%のライドはマッチされた椅子が乗車地点までに掛かる時間、76.6%のライドは椅子の実移動時間に不満がありました
time=19:02:06.528 level=DEBUG source=/tmp/isucon14/bench/benchmarker/scenario/scenario.go:315 msg=時間経過 tick=1980
time=19:02:06.528 level=DEBUG source=/tmp/isucon14/bench/benchmarker/scenario/scenario.go:317 msg=eval reqs=79 score="[53 9 13 3 1]" criteria="[6 5 20 17]"
time=19:02:06.571 level=INFO msg=一定の売上が立ったためオーナーの椅子が増加します 名前="LuxeLine Taxi" 増加数=1
time=19:02:12.039 level=INFO msg=最終地域情報 名前=チェアタウン ユーザー登録数=37 アクティブユーザー数=15
time=19:02:12.039 level=INFO msg=最終地域情報 名前=コシカケシティ ユーザー登録数=44 アクティブユーザー数=11
time=19:02:12.039 level=INFO msg=最終オーナー情報 名前=椅子のふるさと 売上=107500 椅子数=10
time=19:02:12.039 level=INFO msg=最終オーナー情報 名前="Vintage Vibe Seats" 売上=64600 椅子数=8
time=19:02:12.039 level=INFO msg=最終オーナー情報 名前="Sit Second Life" 売上=145200 椅子数=12
time=19:02:12.039 level=INFO msg=最終オーナー情報 名前="LuxeLine Taxi" 売上=66300 椅子数=8
time=19:02:12.039 level=INFO msg=最終オーナー情報 名前=つばさ交通 売上=104700 椅子数=10
time=19:02:12.039 level=INFO msg=92.5%のライドは椅子がマッチされるまでの時間、93.8%のライドはマッチされた椅子が乗車地点までに掛かる時間、76.2%のライドは椅子の実移動時間に不満がありました
time=19:02:12.039 level=INFO msg=結果 pass=true スコア=7933 種別エラー数=map[]
time=19:02:12.039 level=INFO msg=負荷走行が終了しました
