2026-09-26T10:01:05+00:00
COMMAND         %CPU   RSS
mysqld          52.0 974680
nginx            1.8  9712
nginx            1.8  9696
systemd-journal  1.4 298968
jbd2/sda1-8      0.8     0
rsyslogd         0.7  5532
rcu_preempt      0.3     0
kworker/0:1H-kb  0.2     0
kworker/1:1H-kb  0.2     0
2026-09-26T10:01:07+00:00
COMMAND         %CPU   RSS
mysqld          52.0 1004292
bench            9.0 46992
nginx            1.8  9712
nginx            1.8  9696
systemd-journal  1.4 299272
jbd2/sda1-8      0.8     0
rsyslogd         0.7  5532
isuride          0.6 14960
rcu_preempt      0.3     0
2026-09-26T10:01:09+00:00
COMMAND         %CPU   RSS
mysqld          52.0 1004848
curl            25.0 12316
bench            8.9 53024
isuride          2.2 15112
nginx            1.8  9712
nginx            1.8  9696
systemd-journal  1.4 300228
jbd2/sda1-8      0.8     0
rsyslogd         0.7  5532
2026-09-26T10:01:11+00:00
COMMAND         %CPU   RSS
mysqld          52.0 1005368
bench            9.4 56136
isuride          3.7 15464
nginx            1.8  9712
nginx            1.8  9696
systemd-journal  1.4 301216
jbd2/sda1-8      0.8     0
rsyslogd         0.7  5532
rcu_preempt      0.3     0
2026-09-26T10:01:13+00:00
COMMAND         %CPU   RSS
mysqld          52.1 1006160
bench            9.7 58104
isuride          5.2 15972
nginx            1.8  9712
nginx            1.8  9696
systemd-journal  1.4 305424
jbd2/sda1-8      0.8     0
rsyslogd         0.7  5532
rcu_preempt      0.3     0
2026-09-26T10:01:15+00:00
COMMAND         %CPU   RSS
mysqld          52.1 1007428
bench           10.0 63860
isuride          6.5 16324
nginx            1.8  9712
nginx            1.8  9696
systemd-journal  1.4 307376
jbd2/sda1-8      0.8     0
rsyslogd         0.7  5532
rcu_preempt      0.3     0
2026-09-26T10:01:17+00:00
COMMAND         %CPU   RSS
mysqld          52.1 1008592
bench           10.5 71012
isuride          7.6 16192
nginx            1.8  9712
nginx            1.8  9696
systemd-journal  1.4 308616
jbd2/sda1-8      0.8     0
rsyslogd         0.7  5532
rcu_preempt      0.3     0
2026-09-26T10:01:19+00:00
COMMAND         %CPU   RSS
mysqld          52.2 1010708
bench           10.8 75292
isuride          8.7 17372
nginx            1.8  9712
nginx            1.8  9696
systemd-journal  1.4 166500
jbd2/sda1-8      0.8     0
rsyslogd         0.7  5532
rcu_preempt      0.3     0
2026-09-26T10:01:21+00:00
COMMAND         %CPU   RSS
mysqld          52.2 1012836
bench           10.9 76232
isuride          9.6 17296
nginx            1.8  9712
nginx            1.8  9696
systemd-journal  1.4 167644
jbd2/sda1-8      0.8     0
rsyslogd         0.7  5532
rcu_preempt      0.3     0
2026-09-26T10:01:23+00:00
COMMAND         %CPU   RSS
mysqld          52.2 1015652
bench           11.5 81652
isuride         10.6 17616
nginx            1.9  9712
nginx            1.8  9696
systemd-journal  1.4 168548
jbd2/sda1-8      0.8     0
rsyslogd         0.7  5532
rcu_preempt      0.3     0
2026-09-26T10:01:25+00:00
COMMAND         %CPU   RSS
mysqld          52.3 1018404
bench           11.9 86040
isuride         11.5 17428
nginx            1.9  9712
nginx            1.8  9696
systemd-journal  1.4 169400
jbd2/sda1-8      0.8     0
rsyslogd         0.7  5532
rcu_preempt      0.3     0
2026-09-26T10:01:27+00:00
COMMAND         %CPU   RSS
mysqld          52.3 1022804
isuride         12.2 17864
bench           12.0 92376
nginx            1.9  9712
nginx            1.8  9696
systemd-journal  1.4 173520
jbd2/sda1-8      0.8     0
rsyslogd         0.7  5532
rcu_preempt      0.3     0
2026-09-26T10:01:29+00:00
COMMAND         %CPU   RSS
mysqld          52.4 1026940
isuride         12.8 18028
bench           12.1 97760
nginx            1.9  9712
nginx            1.8  9696
systemd-journal  1.4 175388
jbd2/sda1-8      0.8     0
rsyslogd         0.7  5532
rcu_preempt      0.3     0
2026-09-26T10:01:31+00:00
COMMAND         %CPU   RSS
mysqld          52.4 1027492
curl            20.0 12304
isuride         13.5 18336
bench           12.2 97992
nginx            1.9  9712
nginx            1.8  9696
systemd-journal  1.4 176460
jbd2/sda1-8      0.8     0
rsyslogd         0.7  5532
2026-09-26T10:01:33+00:00
COMMAND         %CPU   RSS
mysqld          52.4 1029664
isuride         14.1 17836
bench           12.3 101864
nginx            1.9  9712
nginx            1.8  9696
systemd-journal  1.4 179928
jbd2/sda1-8      0.8     0
rsyslogd         0.7  5532
rcu_preempt      0.3     0
2026-09-26T10:01:35+00:00
COMMAND         %CPU   RSS
mysqld          52.5 1032380
isuride         14.7 18116
bench           12.4 105548
nginx            1.9  9712
nginx            1.8  9696
systemd-journal  1.4 181520
jbd2/sda1-8      0.8     0
rsyslogd         0.7  5532
rcu_preempt      0.3     0
2026-09-26T10:01:37+00:00
COMMAND         %CPU   RSS
mysqld          52.5 1032936
isuride         15.1 18804
bench           12.4 111472
nginx            1.9  9712
nginx            1.9  9696
systemd-journal  1.4 182728
jbd2/sda1-8      0.8     0
rsyslogd         0.7  5532
rcu_preempt      0.3     0
2026-09-26T10:01:39+00:00
COMMAND         %CPU   RSS
mysqld          52.6 1031736
isuride         15.6 19252
bench           12.4 113840
nginx            1.9  9712
nginx            1.9  9696
systemd-journal  1.4 183924
jbd2/sda1-8      0.8     0
rsyslogd         0.7  5532
rcu_preempt      0.3     0
2026-09-26T10:01:41+00:00
COMMAND         %CPU   RSS
mysqld          52.6 1031456
isuride         16.0 18576
bench           12.4 114100
nginx            1.9  9712
nginx            1.9  9696
systemd-journal  1.4 188864
jbd2/sda1-8      0.8     0
rsyslogd         0.7  5532
rcu_preempt      0.3     0
2026-09-26T10:01:43+00:00
COMMAND         %CPU   RSS
mysqld          52.7 1032544
curl            25.0 12308
isuride         16.3 18960
bench           12.5 120400
nginx            1.9  9712
nginx            1.9  9696
systemd-journal  1.4 191284
jbd2/sda1-8      0.8     0
rsyslogd         0.7  5532
2026-09-26T10:01:45+00:00
COMMAND         %CPU   RSS
mysqld          52.7 1033924
isuride         16.7 19576
bench           12.6 120780
nginx            1.9  9712
nginx            1.9  9696
systemd-journal  1.4 192216
jbd2/sda1-8      0.8     0
rsyslogd         0.7  5532
rcu_preempt      0.3     0
2026-09-26T10:01:47+00:00
COMMAND         %CPU   RSS
mysqld          52.8 1039840
isuride         16.9 20156
bench           12.7 123108
curl            12.5 12316
nginx            1.9  9712
nginx            1.9  9696
systemd-journal  1.4 193076
jbd2/sda1-8      0.8     0
rsyslogd         0.7  5532
2026-09-26T10:01:50+00:00
COMMAND         %CPU   RSS
mysqld          52.8 1041976
isuride         17.2 18660
bench           12.7 123740
nginx            1.9  9712
nginx            1.9  9696
systemd-journal  1.4 194952
jbd2/sda1-8      0.8     0
rsyslogd         0.7  5532
rcu_preempt      0.3     0
2026-09-26T10:01:52+00:00
COMMAND         %CPU   RSS
mysqld          52.8 1037164
isuride         17.5 18712
bench           12.7 129820
nginx            1.9  9712
nginx            1.9  9696
systemd-journal  1.4 198656
jbd2/sda1-8      0.8     0
rsyslogd         0.7  5532
rcu_preempt      0.3     0
2026-09-26T10:01:54+00:00
COMMAND         %CPU   RSS
mysqld          52.9 1039060
isuride         17.7 18952
bench           12.8 138288
nginx            1.9  9712
nginx            1.9  9696
systemd-journal  1.4 199880
jbd2/sda1-8      0.8     0
rsyslogd         0.7  5532
rcu_preempt      0.3     0
2026-09-26T10:01:56+00:00
COMMAND         %CPU   RSS
mysqld          52.9 1040364
isuride         17.9 19572
bench           12.7 139104
nginx            1.9  9712
nginx            1.9  9696
systemd-journal  1.4 200548
jbd2/sda1-8      0.8     0
rsyslogd         0.7  5532
rcu_preempt      0.3     0
2026-09-26T10:01:58+00:00
COMMAND         %CPU   RSS
mysqld          53.0 1042044
isuride         18.1 19896
bench           12.7 144200
nginx            1.9  9712
nginx            1.9  9696
systemd-journal  1.4 201712
jbd2/sda1-8      0.8     0
rsyslogd         0.7  5532
rcu_preempt      0.3     0
2026-09-26T10:02:00+00:00
COMMAND         %CPU   RSS
mysqld          53.0 1044292
isuride         18.3 19840
bench           12.7 144592
nginx            1.9  9712
nginx            1.9  9696
systemd-journal  1.4 203692
jbd2/sda1-8      0.8     0
rsyslogd         0.7  5532
rcu_preempt      0.3     0
2026-09-26T10:02:02+00:00
COMMAND         %CPU   RSS
mysqld          53.1 1044120
isuride         18.5 19768
bench           12.7 148452
nginx            1.9  9712
nginx            1.9  9696
systemd-journal  1.4 207688
jbd2/sda1-8      0.8     0
rsyslogd         0.7  5532
rcu_preempt      0.3     0
2026-09-26T10:02:04+00:00
COMMAND         %CPU   RSS
mysqld          53.1 1046460
isuride         18.7 21236
bench           12.7 148484
nginx            1.9  9712
nginx            1.9  9696
systemd-journal  1.4 209092
jbd2/sda1-8      0.8     0
rsyslogd         0.7  5532
rcu_preempt      0.3     0
2026-09-26T10:02:06+00:00
COMMAND         %CPU   RSS
mysqld          53.2 1048096
isuride         18.9 20664
bench           12.7 154268
nginx            1.9  9712
nginx            1.9  9696
systemd-journal  1.4 210384
jbd2/sda1-8      0.8     0
rsyslogd         0.7  5532
rcu_preempt      0.3     0
2026-09-26T10:02:08+00:00
COMMAND         %CPU   RSS
mysqld          53.2 1039776
isuride         19.1 19828
bench           12.7 154804
nginx            1.9  9712
nginx            1.9  9696
systemd-journal  1.4 211496
jbd2/sda1-8      0.8     0
rsyslogd         0.7  5532
rcu_preempt      0.3     0
2026-09-26T10:02:10+00:00
COMMAND         %CPU   RSS
mysqld          53.3 1033956
isuride         19.4 18512
bench           12.7 154804
nginx            1.9  9712
nginx            1.9  9696
systemd-journal  1.4 215368
jbd2/sda1-8      0.8     0
rsyslogd         0.7  5532
rcu_preempt      0.3     0
