procs -----------memory---------- ---swap-- -----io---- -system-- -------cpu------- -----timestamp-----
 r  b   swpd   free   buff  cache   si   so    bi    bo   in   cs us sy id wa st gu                 UTC
 4  0      0 635536  89120 2133248    0    0   179  6693 7184  127 29 12 58  1  0  0 2026-09-26 10:01:05
 5  0      0 580144  89120 2132416    0    0    32 45716 11692 23767 29 21 37 13  0  0 2026-09-26 10:01:06
 1  0      0 589080  89120 2133140    0    0     0 12316 17005 48541 65 14 19  2  0  0 2026-09-26 10:01:07
 0  0      0 586056  89120 2133872    0    0     0  5076 20599 61489 40 16 43  1  0  0 2026-09-26 10:01:08
14  0      0 581028  89120 2134552    0    0     0  7352 26290 74713 41 17 40  2  0  0 2026-09-26 10:01:09
11  0      0 581296  89120 2135560    0    0     0 21700 21470 74435 53 21 24  2  0  0 2026-09-26 10:01:10
 5  0      0 576216  89120 2138632    0    0     0 10828 22767 76804 50 21 28  2  0  0 2026-09-26 10:01:11
 8  0      0 568968  89120 2139644    0    0     0  9768 23125 81019 48 22 29  1  0  0 2026-09-26 10:01:12
 7  0      0 565452  89120 2140736    0    0     0 11468 20723 77485 54 25 20  2  0  0 2026-09-26 10:01:13
10  0      0 557892  89120 2141680    0    0     0 12504 20968 77648 55 24 20  1  0  0 2026-09-26 10:01:14
20  0      0 556452  89120 2142940    0    0     0 16696 20818 77627 57 24 18  2  0  0 2026-09-26 10:01:15
16  0      0 552964  89120 2144136    0    0     0 14920 19539 72099 60 24 14  2  0  0 2026-09-26 10:01:16
42  0      0 549184  89120 2145184    0    0     0 15372 20314 75313 60 26 12  2  0  0 2026-09-26 10:01:17
26  0      0 529936  89120 2157456    0    0     0 36496 17963 65927 62 31  6  1  0  0 2026-09-26 10:01:18
40  0      0 524168  89120 2158728    0    0     0 12676 17824 69690 60 27 12  2  0  0 2026-09-26 10:01:19
20  0      0 519144  89120 2160324    0    0     0 15660 18234 69579 59 29 10  2  0  0 2026-09-26 10:01:20
 8  0      0 515140  89120 2161452    0    0     0 16168 17406 65953 61 29  9  1  0  0 2026-09-26 10:01:21
 9  0      0 508092  89120 2163452    0    0     0 16080 18614 66905 61 29  8  2  0  0 2026-09-26 10:01:22
24  2      0 504420  89120 2164308    0    0     0 10884 12077 44282 61 33  5  2  0  0 2026-09-26 10:01:23
44  0      0 500036  89120 2164932    0    0     0 12292 12952 46699 67 29  3  1  0  0 2026-09-26 10:01:24
14  1      0 492740  89120 2165872    0    0     0 17544 15760 56559 63 30  5  2  0  0 2026-09-26 10:01:25
procs -----------memory---------- ---swap-- -----io---- -system-- -------cpu------- -----timestamp-----
 r  b   swpd   free   buff  cache   si   so    bi    bo   in   cs us sy id wa st gu                 UTC
 6  0      0 487988  89120 2168660    0    0     0 17384 19314 73077 60 28  9  3  0  0 2026-09-26 10:01:26
23  1      0 479988  89120 2169820    0    0     0 15928 18257 67566 63 28  7  2  0  0 2026-09-26 10:01:27
14  0      0 472708  89120 2170740    0    0     0 16096 17319 62002 64 28  7  2  0  0 2026-09-26 10:01:28
17  0      0 467932  89120 2171980    0    0     0 15696 18659 69168 66 27  6  2  0  0 2026-09-26 10:01:29
20  1      0 464152  89120 2172968    0    0     0 14908 16141 61279 62 31  6  2  0  0 2026-09-26 10:01:30
18  0      0 460628  89124 2173760    0    0     0 33676 14805 50842 64 30  5  1  0  0 2026-09-26 10:01:31
 9  0      0 456136  89124 2175016    0    0     0 17300 18661 69801 64 29  6  2  0  0 2026-09-26 10:01:32
16  0      0 455944  89124 2176152    0    0     0 15688 18259 69262 63 29  7  2  0  0 2026-09-26 10:01:33
26  0      0 451156  89124 2177296    0    0     0 16536 17731 68933 65 28  5  2  0  0 2026-09-26 10:01:34
23  0      0 447892  89124 2178316    0    0     0 18036 20363 69257 59 32  7  2  0  0 2026-09-26 10:01:35
16  0      0 443864  89124 2179436    0    0     0 17212 16681 64640 63 30  5  2  0  0 2026-09-26 10:01:36
22  0      0 440760  89124 2180608    0    0     0 17496 17412 66742 65 29  5  1  0  0 2026-09-26 10:01:37
17  1      0 435876  89124 2181692    0    0     0 18056 18594 66732 65 29  5  2  0  0 2026-09-26 10:01:38
56  0      0 434116  89124 2182684    0    0     0 17308 19119 70420 64 27  8  2  0  0 2026-09-26 10:01:39
19  0      0 426848  89124 2183812    0    0     0 22752 17501 66920 69 27  3  1  0  0 2026-09-26 10:01:40
15  0      0 428108  89124 2188796    0    0     0 20700 18472 71552 64 29  5  2  0  0 2026-09-26 10:01:41
45  0      0 420860  89124 2189996    0    0     0 17860 18884 69172 65 28  6  2  0  0 2026-09-26 10:01:42
11  0      0 417976  89124 2191168    0    0     0 18012 18721 66469 62 29  7  2  0  0 2026-09-26 10:01:43
21  0      0 416760  89124 2192004    0    0     0 14388 16184 56194 65 29  5  1  0  0 2026-09-26 10:01:44
29  0      0 417936  89124 2192636    0    0     0 11208 13669 44106 65 30  4  1  0  0 2026-09-26 10:01:45
10  1      0 409284  89124 2193256    0    0     0 29696 12063 40322 70 28  2  0  0  0 2026-09-26 10:01:46
procs -----------memory---------- ---swap-- -----io---- -system-- -------cpu------- -----timestamp-----
 r  b   swpd   free   buff  cache   si   so    bi    bo   in   cs us sy id wa st gu                 UTC
21  1      0 405772  89124 2194276    0    0     0 12676 15894 50752 66 29  4  1  0  0 2026-09-26 10:01:47
31  0      0 398724  89124 2196712    0    0     0 12640 14071 47895 68 28  4  1  0  0 2026-09-26 10:01:48
10  0      0 397728  89124 2197564    0    0     0 14584 16343 58800 71 24  5  1  0  0 2026-09-26 10:01:49
16  0      0 396332  89124 2198816    0    0     0 16308 18089 69610 64 27  7  2  0  0 2026-09-26 10:01:50
21  1      0 391796  89124 2200976    0    0     0 17540 16796 63367 66 30  4  1  0  0 2026-09-26 10:01:51
15  0      0 392480  89124 2202048    0    0     0 16292 18277 64222 65 27  6  2  0  0 2026-09-26 10:01:52
16  0      0 384216  89124 2203052    0    0     0 16132 17780 63781 68 28  4  1  0  0 2026-09-26 10:01:53
30  0      0 381420  89124 2203604    0    0     0 15860 17775 66691 64 29  5  2  0  0 2026-09-26 10:01:54
12  2      0 375896  89124 2204556    0    0     0 16100 17256 62531 71 26  3  1  0  0 2026-09-26 10:01:55
10  1      0 374320  89124 2206224    0    0     0 19744 17503 63603 68 28  3  1  0  0 2026-09-26 10:01:56
14  0      0 369324  89124 2206908    0    0     0 18636 16591 64631 66 29  4  2  0  0 2026-09-26 10:01:57
21  0      0 363276  89124 2207896    0    0     0 15568 16601 61514 72 25  3  1  0  0 2026-09-26 10:01:58
14  1      0 358772  89124 2209008    0    0     0 18236 17382 64467 63 32  4  2  0  0 2026-09-26 10:01:59
23  1      0 362448  89124 2209940    0    0     0 16400 17168 62172 68 27  5  1  0  0 2026-09-26 10:02:00
25  0      0 355896  89124 2211128    0    0     0 36940 16891 66009 63 32  4  2  0  0 2026-09-26 10:02:01
13  0      0 352380  89124 2212192    0    0     0 20908 16007 61222 68 29  3  1  0  0 2026-09-26 10:02:02
41  0      0 347400  89124 2213236    0    0     0 15744 14945 55944 68 30  2  1  0  0 2026-09-26 10:02:03
10  0      0 347232  89124 2214188    0    0     0 14268 15092 58999 72 27  1  1  0  0 2026-09-26 10:02:04
 7  0      0 346684  89124 2215412    0    0     0 16496 17745 63909 71 25  3  1  0  0 2026-09-26 10:02:05
21  0      0 344816  89124 2216288    0    0     0 16860 17726 64119 67 30  2  1  0  0 2026-09-26 10:02:06
25  0      0 349660  89124 2217276    0    0     0  3944 14003 51814 76 23  2  1  0  0 2026-09-26 10:02:07
procs -----------memory---------- ---swap-- -----io---- -system-- -------cpu------- -----timestamp-----
 r  b   swpd   free   buff  cache   si   so    bi    bo   in   cs us sy id wa st gu                 UTC
15  0      0 356276  89124 2218060    0    0     0  1588 13397 57017 74 22  4  0  0  0 2026-09-26 10:02:08
24  0      0 354800  89124 2219132    0    0     0   676 16760 67231 68 24  8  0  0  0 2026-09-26 10:02:09
17  0      0 347748  89124 2220096    0    0     0   844 15021 65211 70 24  6  0  0  0 2026-09-26 10:02:10
21  0      0 345456  89124 2221164    0    0     0  4664 14519 61911 70 22  7  0  0  0 2026-09-26 10:02:11
