2026-09-26T09:46:14+00:00
COMMAND         %CPU   RSS
mysqld          47.8 858704
fwupd            2.2 46808
nginx            1.6  9712
nginx            1.6  9696
systemd-journal  1.2 254444
rsyslogd         0.6  5532
jbd2/sda1-8      0.6     0
kworker/1:1H-kb  0.2     0
kworker/0:1H-kb  0.2     0
2026-09-26T09:46:16+00:00
COMMAND         %CPU   RSS
mysqld          47.8 919476
bench            9.0 47588
fwupd            2.1 46808
nginx            1.6  9712
nginx            1.6  9696
systemd-journal  1.2 255268
isuride          0.8 15056
rsyslogd         0.6  5532
jbd2/sda1-8      0.6     0
2026-09-26T09:46:18+00:00
COMMAND         %CPU   RSS
mysqld          47.9 914060
bench            8.7 52948
isuride          2.2 14644
fwupd            1.9 46808
nginx            1.6  9712
nginx            1.6  9696
systemd-journal  1.2 256484
rsyslogd         0.6  5532
jbd2/sda1-8      0.6     0
2026-09-26T09:46:20+00:00
COMMAND         %CPU   RSS
mysqld          47.9 901292
bench            8.8 55016
isuride          3.7 15800
fwupd            1.8 46808
nginx            1.6  9712
nginx            1.6  9696
systemd-journal  1.2 257680
rsyslogd         0.6  5532
jbd2/sda1-8      0.6     0
2026-09-26T09:46:22+00:00
COMMAND         %CPU   RSS
mysqld          47.9 903380
bench            8.9 57388
isuride          5.1 15876
fwupd            1.7 46808
nginx            1.6  9712
nginx            1.6  9696
systemd-journal  1.2 258736
rsyslogd         0.6  5532
jbd2/sda1-8      0.6     0
2026-09-26T09:46:24+00:00
COMMAND         %CPU   RSS
mysqld          48.0 908536
bench            9.5 60516
isuride          6.3 16196
fwupd            1.7 46808
nginx            1.6  9712
nginx            1.6  9696
systemd-journal  1.2 262204
rsyslogd         0.6  5532
jbd2/sda1-8      0.6     0
2026-09-26T09:46:26+00:00
COMMAND         %CPU   RSS
mysqld          48.1 910740
curl            16.6 12316
bench           10.2 67216
isuride          7.4 16632
nginx            1.6  9712
nginx            1.6  9696
fwupd            1.6 46808
systemd-journal  1.2 264544
rsyslogd         0.6  5532
2026-09-26T09:46:28+00:00
COMMAND         %CPU   RSS
mysqld          48.1 916300
bench           10.4 70212
isuride          8.6 16852
nginx            1.6  9712
nginx            1.6  9696
fwupd            1.5 46808
systemd-journal  1.2 265788
rsyslogd         0.6  5532
jbd2/sda1-8      0.6     0
2026-09-26T09:46:30+00:00
COMMAND         %CPU   RSS
mysqld          48.2 919436
bench           10.7 72136
isuride          9.5 17016
nginx            1.7  9712
nginx            1.6  9696
fwupd            1.5 46808
systemd-journal  1.2 266884
rsyslogd         0.6  5532
jbd2/sda1-8      0.6     0
2026-09-26T09:46:32+00:00
COMMAND         %CPU   RSS
mysqld          48.3 923572
bench           11.1 74596
isuride         10.4 16852
nginx            1.7  9712
nginx            1.6  9696
fwupd            1.4 46808
systemd-journal  1.2 267796
rsyslogd         0.6  5532
jbd2/sda1-8      0.6     0
2026-09-26T09:46:34+00:00
COMMAND         %CPU   RSS
mysqld          48.3 924676
bench           11.9 78104
isuride         11.2 17480
nginx            1.7  9712
nginx            1.6  9696
fwupd            1.3 46808
systemd-journal  1.2 269204
rsyslogd         0.6  5532
jbd2/sda1-8      0.6     0
2026-09-26T09:46:36+00:00
COMMAND         %CPU   RSS
mysqld          48.4 939164
bench           12.4 79404
isuride         11.8 20440
nginx            1.7  9712
nginx            1.6  9696
fwupd            1.3 46808
systemd-journal  1.2 271232
rsyslogd         0.6  5532
jbd2/sda1-8      0.6     0
2026-09-26T09:46:38+00:00
COMMAND         %CPU   RSS
ps               100  3768
mysqld          48.5 946656
curl            30.0 12060
bench           13.0 83260
isuride         12.3 20988
nginx            1.7  9712
nginx            1.6  9696
fwupd            1.2 46808
systemd-journal  1.2 272160
2026-09-26T09:46:40+00:00
COMMAND         %CPU   RSS
mysqld          48.6 972168
bench           13.9 83432
isuride         12.8 21536
nginx            1.7  9712
nginx            1.7  9696
systemd-journal  1.2 272428
fwupd            1.2 46808
rsyslogd         0.6  5532
jbd2/sda1-8      0.6     0
2026-09-26T09:46:42+00:00
COMMAND         %CPU   RSS
ps               400  3764
mysqld          48.6 988712
bench           14.5 84448
isuride         13.1 22100
nginx            1.7  9712
nginx            1.7  9696
systemd-journal  1.2 272592
fwupd            1.2 46808
rsyslogd         0.6  5532
2026-09-26T09:46:45+00:00
COMMAND         %CPU   RSS
mysqld          48.7 981808
bench           14.7 89356
isuride         13.5 23492
nginx            1.7  9712
nginx            1.7  9696
systemd-journal  1.2 273020
fwupd            1.1 46808
rsyslogd         0.6  5532
jbd2/sda1-8      0.6     0
2026-09-26T09:46:47+00:00
COMMAND         %CPU   RSS
mysqld          48.8 970076
bench           14.7 90096
isuride         13.8 24720
curl             2.7 12316
nginx            1.7  9712
nginx            1.7  9696
systemd-journal  1.2 273456
fwupd            1.1 46808
rsyslogd         0.6  5532
2026-09-26T09:46:49+00:00
COMMAND         %CPU   RSS
mysqld          48.9 937196
bench           14.7 93316
isuride         14.3 23000
nginx            1.7  9712
nginx            1.7  9696
systemd-journal  1.2 273920
fwupd            1.1 46808
rsyslogd         0.6  5532
jbd2/sda1-8      0.6     0
2026-09-26T09:46:51+00:00
COMMAND         %CPU   RSS
mysqld          48.9 939476
bench           14.6 98400
isuride         14.6 22912
nginx            1.7  9712
nginx            1.7  9696
systemd-journal  1.2 274536
fwupd            1.0 46808
rsyslogd         0.6  5532
jbd2/sda1-8      0.6     0
2026-09-26T09:46:53+00:00
COMMAND         %CPU   RSS
mysqld          49.0 941648
isuride         14.9 23336
bench           14.6 98880
curl             8.3 11736
nginx            1.7  9712
nginx            1.7  9696
systemd-journal  1.2 274972
fwupd            1.0 46808
rsyslogd         0.6  5532
2026-09-26T09:46:55+00:00
COMMAND         %CPU   RSS
mysqld          49.1 979092
isuride         15.2 24024
bench           14.5 107624
nginx            1.7  9712
nginx            1.7  9696
systemd-journal  1.2 275520
fwupd            1.0 46808
rsyslogd         0.6  5532
jbd2/sda1-8      0.6     0
2026-09-26T09:46:57+00:00
COMMAND         %CPU   RSS
mysqld          49.2 961660
isuride         15.5 23216
bench           14.4 108272
nginx            1.7  9712
nginx            1.7  9696
systemd-journal  1.2 276320
fwupd            0.9 46808
rsyslogd         0.6  5532
jbd2/sda1-8      0.6     0
2026-09-26T09:46:59+00:00
COMMAND         %CPU   RSS
mysqld          49.2 967924
isuride         15.8 23536
bench           14.4 118444
nginx            1.7  9712
nginx            1.7  9696
systemd-journal  1.2 279424
fwupd            0.9 46808
rsyslogd         0.6  5532
jbd2/sda1-8      0.6     0
2026-09-26T09:47:01+00:00
COMMAND         %CPU   RSS
mysqld          49.3 932620
isuride         16.1 22836
bench           14.4 118548
curl            10.0 12308
nginx            1.7  9712
nginx            1.7  9696
systemd-journal  1.2 281044
fwupd            0.9 46808
rsyslogd         0.6  5532
2026-09-26T09:47:03+00:00
COMMAND         %CPU   RSS
mysqld          49.4 925488
isuride         16.4 22956
bench           14.4 125800
nginx            1.7  9712
nginx            1.7  9696
systemd-journal  1.2 282296
fwupd            0.9 46808
rsyslogd         0.6  5532
jbd2/sda1-8      0.6     0
2026-09-26T09:47:05+00:00
COMMAND         %CPU   RSS
mysqld          49.4 923412
isuride         16.6 23404
bench           14.3 125828
nginx            1.7  9712
nginx            1.7  9696
systemd-journal  1.2 283256
fwupd            0.8 46808
rsyslogd         0.6  5532
jbd2/sda1-8      0.6     0
2026-09-26T09:47:07+00:00
COMMAND         %CPU   RSS
mysqld          49.5 920488
isuride         16.9 21768
bench           14.2 132200
nginx            1.7  9712
nginx            1.7  9696
systemd-journal  1.3 284280
fwupd            0.8 46808
rsyslogd         0.6  5532
jbd2/sda1-8      0.6     0
2026-09-26T09:47:09+00:00
COMMAND         %CPU   RSS
mysqld          49.6 916800
isuride         17.1 22640
bench           14.1 132372
nginx            1.7  9712
nginx            1.7  9696
systemd-journal  1.3 286676
fwupd            0.8 46808
rsyslogd         0.6  5532
jbd2/sda1-8      0.6     0
2026-09-26T09:47:11+00:00
COMMAND         %CPU   RSS
mysqld          49.7 936948
isuride         17.3 23008
bench           14.0 136796
curl            12.5 12312
nginx            1.7  9712
nginx            1.7  9696
systemd-journal  1.3 288612
fwupd            0.8 46808
rsyslogd         0.6  5532
2026-09-26T09:47:13+00:00
COMMAND         %CPU   RSS
mysqld          49.7 944548
isuride         17.4 23376
bench           14.0 141844
nginx            1.7  9712
nginx            1.7  9696
systemd-journal  1.3 289892
fwupd            0.8 46808
rsyslogd         0.7  5532
jbd2/sda1-8      0.6     0
2026-09-26T09:47:15+00:00
COMMAND         %CPU   RSS
mysqld          49.8 930328
isuride         17.6 22924
bench           13.9 141916
curl             4.7 12372
nginx            1.7  9712
nginx            1.7  9696
systemd-journal  1.3 290936
fwupd            0.7 46808
rsyslogd         0.7  5532
2026-09-26T09:47:17+00:00
COMMAND         %CPU   RSS
mysqld          49.9 905864
isuride         17.9 19284
bench           13.9 149372
nginx            1.7  9712
nginx            1.7  9696
systemd-journal  1.3 292416
fwupd            0.7 46808
rsyslogd         0.7  5532
jbd2/sda1-8      0.6     0
2026-09-26T09:47:19+00:00
COMMAND         %CPU   RSS
mysqld          49.9 905912
isuride         18.3 20176
bench           13.8 149388
nginx            1.7  9712
nginx            1.7  9696
systemd-journal  1.3 294048
fwupd            0.7 46808
rsyslogd         0.7  5532
jbd2/sda1-8      0.6     0
