procs -----------memory---------- ---swap-- -----io---- -system-- -------cpu------- -----timestamp-----
 r  b   swpd   free   buff  cache   si   so    bi    bo   in   cs us sy id wa st gu                 UTC
 2  0      0 1153456  89108 1718536    0    0   250  6367 6886  124 27 11 62  0  0  0 2026-09-26 09:46:14
23  1      0 1098452  89108 1720708    0    0    80 53632 16445 33312 30 14 41 15  0  0 2026-09-26 09:46:15
10  0      0 1076612  89108 1726660    0    0     0  4860 14970 48320 71 12 16  1  0  0 2026-09-26 09:46:16
 1  0      0 1034812  89108 1722256    0    0     0  8092 23595 68772 42 17 40  1  0  0 2026-09-26 09:46:17
14  1      0 1002208  89108 1724396    0    0     0 17032 22765 70482 55 19 24  2  0  0 2026-09-26 09:46:18
 4  0      0 1007504  89108 1724072    0    0     0  8204 23398 75782 44 18 37  1  0  0 2026-09-26 09:46:19
 5  0      0 1034524  89108 1724996    0    0     0 11952 22546 74561 57 21 21  1  0  0 2026-09-26 09:46:20
12  0      0 1051576  89108 1725976    0    0     0 12492 24364 84800 49 22 27  2  0  0 2026-09-26 09:46:21
15  1      0 1020760  89108 1727044    0    0     0 13276 20071 71759 63 23 13  1  0  0 2026-09-26 09:46:22
 4  0      0 1020060  89108 1727824    0    0     0 28384 20481 74066 63 24 11  1  0  0 2026-09-26 09:46:23
 4  1      0 997232  89108 1729252    0    0     0 13756 19462 69493 63 24 11  1  0  0 2026-09-26 09:46:24
14  0      0 1005864  89108 1738304    0    0     0 14664 21657 79611 58 27 14  2  0  0 2026-09-26 09:46:25
34  0      0 988548  89108 1731184    0    0     0 12624 13539 46627 70 29  1  0  0  0 2026-09-26 09:46:26
17  0      0 987080  89108 1736700    0    0     0 13440 17257 63485 62 29  8  1  0  0 2026-09-26 09:46:27
 4  1      0 1003552  89108 1733188    0    0     0 16884 18733 69511 66 28  5  1  0  0 2026-09-26 09:46:28
19  0      0 977660  89108 1737460    0    0     0 16388 17049 62049 68 27  5  1  0  0 2026-09-26 09:46:29
11  0      0 979132  89108 1736236    0    0     0 19360 19076 72275 63 29  7  2  0  0 2026-09-26 09:46:30
27  0      0 952152  89108 1737324    0    0     0 17004 17641 61277 69 29  2  0  0  0 2026-09-26 09:46:31
23  0      0 971252  89108 1737876    0    0     0 14132 15967 57453 68 29  3  1  0  0 2026-09-26 09:46:32
32  0      0 977832  89108 1738752    0    0     0  9092 11841 37033 71 28  1  0  0  0 2026-09-26 09:46:33
25  0      0 978892  89108 1739136    0    0     0  8360 10521 35029 63 34  2  1  0  0 2026-09-26 09:46:34
procs -----------memory---------- ---swap-- -----io---- -system-- -------cpu------- -----timestamp-----
 r  b   swpd   free   buff  cache   si   so    bi    bo   in   cs us sy id wa st gu                 UTC
47  0      0 958356  89108 1739780    0    0     0 10020 12071 36869 70 29  1  0  0  0 2026-09-26 09:46:35
20  1      0 953460  89108 1748760    0    0     0  5108 8765 23177 63 36  1  0  0  0 2026-09-26 09:46:36
41  1      0 923508  89108 1744024    0    0     0  5724 7691 21970 69 31  0  0  0  0 2026-09-26 09:46:37
29  1      0 937772  89108 1748820    0    0     0  6792 9779 26640 68 31  1  1  0  0 2026-09-26 09:46:38
18  1      0 935000  89108 1743500    0    0     0 27408 5646 14177 64 36  0  0  0  0 2026-09-26 09:46:39
13  2      0 937788  89108 1747148    0    0     0  2932 4756 11802 64 35  1  0  0  0 2026-09-26 09:46:40
37  0      0 949032  89108 1744984    0    0     0  2168 3721 9540 66 34  0  0  0  0 2026-09-26 09:46:41
73  0      0 925688  89108 1746256    0    0     0  2500 4583 10300 65 35  0  0  0  0 2026-09-26 09:46:42
21  1      0 921212  89108 1745224    0    0     0  2280 3602 8131 66 34  0  0  0  0 2026-09-26 09:46:43
34  0      0 931484  89108 1745516    0    0     0  9300 8159 18834 68 32  0  0  0  0 2026-09-26 09:46:44
20  1      0 967932  89108 1742168    0    0     0  9824 8383 21470 68 31  1  0  0  0 2026-09-26 09:46:45
26  0      0 943124  89108 1749576    0    0     0  7324 9462 23810 69 29  1  1  0  0 2026-09-26 09:46:46
13  0      0 899596  89108 1747224    0    0     0  6416 8916 22274 72 28  0  0  0  0 2026-09-26 09:46:47
20  0      0 914380  89108 1744020    0    0     0  8224 9836 29811 70 29  1  1  0  0 2026-09-26 09:46:48
12  0      0 915028  89108 1744564    0    0     0  7224 10565 31188 63 33  3  1  0  0 2026-09-26 09:46:49
27  0      0 903944  89108 1747540    0    0     0  7016 8616 23437 71 27  1  1  0  0 2026-09-26 09:46:50
32  0      0 923164  89108 1750476    0    0     0 12680 11090 33187 66 31  2  1  0  0 2026-09-26 09:46:51
15  0      0 896488  89108 1746044    0    0     0  9672 9717 28925 70 29  1  1  0  0 2026-09-26 09:46:52
 9  0      0 878888  89108 1750180    0    0     0 10436 10257 29931 68 30  2  0  0  0 2026-09-26 09:46:53
29  1      0 885688  89108 1746884    0    0     0 21516 10496 32354 68 31  1  1  0  0 2026-09-26 09:46:54
15  0      0 865060  89108 1752656    0    0     0 15608 15712 52010 68 29  2  1  0  0 2026-09-26 09:46:55
procs -----------memory---------- ---swap-- -----io---- -system-- -------cpu------- -----timestamp-----
 r  b   swpd   free   buff  cache   si   so    bi    bo   in   cs us sy id wa st gu                 UTC
17  0      0 863136  89108 1750896    0    0     0 15184 14778 52218 65 30  3  2  0  0 2026-09-26 09:46:56
31  1      0 890360  89108 1752340    0    0     0 14352 14235 49812 70 28  2  1  0  0 2026-09-26 09:46:57
10  0      0 897660  89108 1759136    0    0     0 13408 12156 44488 68 29  1  2  0  0 2026-09-26 09:46:58
12  0      0 898016  89108 1753688    0    0     0 14156 15079 47698 66 30  2  2  0  0 2026-09-26 09:46:59
23  0      0 886856  89108 1759808    0    0     0 13792 13658 46687 68 29  2  2  0  0 2026-09-26 09:47:00
21  0      0 871708  89108 1755424    0    0     0 17776 15296 56884 67 29  2  2  0  0 2026-09-26 09:47:01
11  1      0 874720  89108 1757800    0    0     0 16204 15424 52153 70 27  2  1  0  0 2026-09-26 09:47:02
47  1      0 900588  89108 1757300    0    0     0 15904 15490 58689 66 30  3  2  0  0 2026-09-26 09:47:03
16  0      0 860552  89108 1762136    0    0     0 12132 13054 42630 69 29  1  1  0  0 2026-09-26 09:47:04
21  0      0 909812  89108 1759044    0    0     0 16912 16097 59172 66 32  2  1  0  0 2026-09-26 09:47:05
24  0      0 909476  89108 1760004    0    0     0 16372 15306 54712 67 30  3  1  0  0 2026-09-26 09:47:06
18  0      0 904056  89108 1768152    0    0     0 19696 17149 63044 65 30  4  2  0  0 2026-09-26 09:47:07
15  0      0 947012  89108 1762136    0    0     0 15176 17706 61241 71 26  3  1  0  0 2026-09-26 09:47:08
31  1      0 905000  89108 1776720    0    0     0 11992 13659 44056 67 29  3  1  0  0 2026-09-26 09:47:09
50  1      0 865996  89108 1764684    0    0     0 32952 9971 30666 71 29  1  0  0  0 2026-09-26 09:47:10
12  0      0 861836  89108 1769660    0    0     0 12152 10280 33054 71 28  1  0  0  0 2026-09-26 09:47:11
50  0      0 847232  89108 1764480    0    0     0 12612 12260 42077 67 31  1  1  0  0 2026-09-26 09:47:12
16  1      0 831976  89108 1770760    0    0     0  9164 10360 31363 70 29  1  0  0  0 2026-09-26 09:47:13
20  0      0 883552  89108 1765704    0    0     0 14060 13451 49608 67 30  2  1  0  0 2026-09-26 09:47:14
18  0      0 905760  89108 1766624    0    0     0 23652 13096 43478 73 26  1  0  0  0 2026-09-26 09:47:15
28  0      0 909856  89108 1767680    0    0     0  1692 16431 79570 70 22  8  0  0  0 2026-09-26 09:47:16
procs -----------memory---------- ---swap-- -----io---- -system-- -------cpu------- -----timestamp-----
 r  b   swpd   free   buff  cache   si   so    bi    bo   in   cs us sy id wa st gu                 UTC
21  0      0 906860  89108 1768784    0    0     0   728 15283 72012 69 23  9  0  0  0 2026-09-26 09:47:17
 8  0      0 907012  89108 1770052    0    0     0   432 16950 81197 72 21  7  0  0  0 2026-09-26 09:47:18
 5  0      0 908072  89108 1771044    0    0     0  8412 16663 77603 68 23  9  0  0  0 2026-09-26 09:47:19
