2026-09-26T08:00:48+00:00
COMMAND         %CPU   RSS
systemd-resolve  0.3 12448
mysqld           0.2 567712
isuride          0.0  9172
kworker/u4:2-wr  0.0     0
rcu_preempt      0.0     0
kworker/u4:3-ev  0.0     0
multipathd       0.0 26488
ksoftirqd/1      0.0     0
ksoftirqd/0      0.0     0
2026-09-26T08:00:50+00:00
COMMAND         %CPU   RSS
bench           10.5 47112
isuride          0.7 15364
systemd-resolve  0.3 12448
mysqld           0.2 600676
kworker/u4:2-ev  0.0     0
rcu_preempt      0.0     0
kworker/u4:3-ex  0.0     0
multipathd       0.0 26488
ksoftirqd/1      0.0     0
2026-09-26T08:00:52+00:00
COMMAND         %CPU   RSS
bench           10.4 52496
isuride          2.3 15280
systemd-resolve  0.3 12448
mysqld           0.2 600712
kworker/u4:2-ev  0.0     0
sh               0.0  1588
rcu_preempt      0.0     0
kworker/u4:3-ex  0.0     0
multipathd       0.0 26488
2026-09-26T08:00:54+00:00
COMMAND         %CPU   RSS
bench           10.6 52520
isuride          3.6 15608
systemd-resolve  0.3 12448
mysqld           0.2 621100
kworker/u4:2-fl  0.0     0
sh               0.0  1588
rcu_preempt      0.0     0
kworker/u4:3-ev  0.0     0
multipathd       0.0 26488
2026-09-26T08:00:56+00:00
COMMAND         %CPU   RSS
bench           10.3 54172
isuride          4.6 15904
systemd-resolve  0.3 12448
mysqld           0.2 639412
kworker/u4:2-ev  0.0     0
sh               0.0  1588
rcu_preempt      0.0     0
kworker/u4:3-ev  0.0     0
multipathd       0.0 26488
2026-09-26T08:00:58+00:00
COMMAND         %CPU   RSS
bench           10.1 54256
isuride          5.4 16120
systemd-resolve  0.3 12448
mysqld           0.2 619420
kworker/u4:2-wr  0.0     0
sh               0.0  1588
rcu_preempt      0.0     0
kworker/u4:3-ev  0.0     0
multipathd       0.0 26488
2026-09-26T08:01:00+00:00
COMMAND         %CPU   RSS
bench           10.1 54320
isuride          6.2 16160
systemd-resolve  0.3 12448
mysqld           0.2 600900
kworker/u4:2-wr  0.0     0
sh               0.0  1588
rcu_preempt      0.0     0
kworker/u4:3-ev  0.0     0
multipathd       0.0 26488
2026-09-26T08:01:02+00:00
COMMAND         %CPU   RSS
bench           10.1 55048
isuride          6.9 16296
systemd-resolve  0.3 12448
mysqld           0.2 601080
kworker/u4:2-ev  0.0     0
rcu_preempt      0.0     0
sh               0.0  1588
kworker/u4:3-ev  0.0     0
multipathd       0.0 26488
2026-09-26T08:01:04+00:00
COMMAND         %CPU   RSS
bench           10.0 55056
isuride          7.6 16220
systemd-resolve  0.3 12448
mysqld           0.2 601132
kworker/u4:2-ev  0.0     0
rcu_preempt      0.0     0
sh               0.0  1588
kworker/u4:3-ev  0.0     0
multipathd       0.0 26488
2026-09-26T08:01:06+00:00
COMMAND         %CPU   RSS
bench            9.9 55056
isuride          8.1 16376
systemd-resolve  0.3 12448
mysqld           0.2 601164
kworker/u4:2-ev  0.0     0
rcu_preempt      0.0     0
sh               0.0  1588
kworker/u4:3-ev  0.0     0
multipathd       0.0 26488
2026-09-26T08:01:08+00:00
COMMAND         %CPU   RSS
bench            9.8 55056
isuride          8.6 16384
systemd-resolve  0.3 12448
mysqld           0.2 601268
kworker/u4:2-ex  0.0     0
rcu_preempt      0.0     0
sh               0.0  1588
kworker/u4:3-ev  0.0     0
multipathd       0.0 26488
2026-09-26T08:01:10+00:00
COMMAND         %CPU   RSS
curl            14.2 11912
bench            9.8 55072
isuride          9.0 15868
systemd-resolve  0.3 12448
mysqld           0.2 601336
kworker/u4:2-ex  0.0     0
rcu_preempt      0.0     0
sh               0.0  1588
kworker/u4:3-wr  0.0     0
2026-09-26T08:01:12+00:00
COMMAND         %CPU   RSS
bench            9.8 55112
isuride          9.4 16448
systemd-resolve  0.3 12448
mysqld           0.2 616624
kworker/u4:2-ev  0.0     0
rcu_preempt      0.0     0
sh               0.0  1588
kworker/u4:3-wr  0.0     0
multipathd       0.0 26488
2026-09-26T08:01:14+00:00
COMMAND         %CPU   RSS
isuride          9.7 16528
bench            9.7 55292
systemd-resolve  0.3 12448
mysqld           0.2 660828
kworker/u4:2-ev  0.0     0
rcu_preempt      0.0     0
sh               0.0  1588
kworker/u4:3-fl  0.0     0
multipathd       0.0 26488
2026-09-26T08:01:16+00:00
COMMAND         %CPU   RSS
isuride         10.0 16760
bench            9.7 56776
systemd-resolve  0.3 12448
mysqld           0.2 626860
kworker/u4:2-ev  0.0     0
rcu_preempt      0.0     0
sh               0.0  1588
kworker/u4:3-ev  0.0     0
multipathd       0.0 26488
2026-09-26T08:01:18+00:00
COMMAND         %CPU   RSS
isuride         10.3 16748
bench            9.7 59888
systemd-resolve  0.3 12448
mysqld           0.2 656872
kworker/u4:2-ev  0.0     0
rcu_preempt      0.0     0
kworker/u4:3-ev  0.0     0
sh               0.0  1588
multipathd       0.0 26488
2026-09-26T08:01:20+00:00
COMMAND         %CPU   RSS
curl            12.5 12344
isuride         10.5 17052
bench            9.7 63620
systemd-resolve  0.3 12448
mysqld           0.2 601976
kworker/u4:2-ev  0.0     0
rcu_preempt      0.0     0
kworker/u4:3-ev  0.0     0
sh               0.0  1588
2026-09-26T08:01:22+00:00
COMMAND         %CPU   RSS
isuride         10.7 17088
bench            9.7 68756
systemd-resolve  0.3 12448
mysqld           0.2 602160
kworker/u4:2-ev  0.0     0
rcu_preempt      0.0     0
kworker/u4:3-ev  0.0     0
sh               0.0  1588
multipathd       0.0 26488
2026-09-26T08:01:24+00:00
COMMAND         %CPU   RSS
isuride         10.9 17208
bench            9.7 71660
systemd-resolve  0.3 12448
mysqld           0.2 602336
kworker/u4:2-ex  0.0     0
rcu_preempt      0.0     0
kworker/u4:3-ev  0.0     0
sh               0.0  1588
multipathd       0.0 26488
2026-09-26T08:01:26+00:00
COMMAND         %CPU   RSS
isuride         11.2 17664
bench            9.7 73032
systemd-resolve  0.3 12448
mysqld           0.2 603580
kworker/u4:2-ex  0.0     0
rcu_preempt      0.0     0
kworker/u4:3-wr  0.0     0
sh               0.0  1588
multipathd       0.0 26488
2026-09-26T08:01:28+00:00
COMMAND         %CPU   RSS
isuride         11.3 18264
bench            9.7 78376
systemd-resolve  0.3 12448
mysqld           0.2 603768
kworker/u4:2-ex  0.0     0
rcu_preempt      0.0     0
kworker/u4:3-ev  0.0     0
kworker/u4:4-ev  0.0     0
sh               0.0  1588
2026-09-26T08:01:30+00:00
COMMAND         %CPU   RSS
isuride         11.4 18212
bench            9.7 78640
systemd-resolve  0.3 12448
mysqld           0.2 610500
kworker/u4:2-ex  0.0     0
rcu_preempt      0.0     0
kworker/u4:3-ev  0.0     0
kworker/u4:4-ev  0.0     0
sh               0.0  1588
2026-09-26T08:01:32+00:00
COMMAND         %CPU   RSS
isuride         11.6 17876
bench            9.7 83364
curl             3.0 12344
systemd-resolve  0.3 12448
mysqld           0.2 650636
kworker/u4:2-ex  0.0     0
rcu_preempt      0.0     0
kworker/u4:3-ev  0.0     0
kworker/u4:4-ev  0.0     0
2026-09-26T08:01:34+00:00
COMMAND         %CPU   RSS
isuride         11.7 18652
bench            9.6 84816
systemd-resolve  0.3 12448
mysqld           0.2 637504
kworker/u4:2-ex  0.0     0
rcu_preempt      0.0     0
kworker/u4:3-ev  0.0     0
kworker/u4:4-ev  0.0     0
sh               0.0  1588
2026-09-26T08:01:36+00:00
COMMAND         %CPU   RSS
isuride         11.8 18224
bench            9.5 85368
systemd-resolve  0.3 12448
mysqld           0.2 624296
kworker/u4:2-ex  0.0     0
rcu_preempt      0.0     0
kworker/u4:3-ev  0.0     0
kworker/u4:4-ev  0.0     0
multipathd       0.0 26488
2026-09-26T08:01:38+00:00
COMMAND         %CPU   RSS
isuride         11.8 18532
bench            9.4 89888
systemd-resolve  0.3 12448
mysqld           0.2 604008
kworker/u4:2-ex  0.0     0
rcu_preempt      0.0     0
kworker/u4:3-ev  0.0     0
kworker/u4:4-fl  0.0     0
multipathd       0.0 26488
2026-09-26T08:01:40+00:00
COMMAND         %CPU   RSS
isuride         11.9 18684
bench            9.4 90200
systemd-resolve  0.3 12448
mysqld           0.2 605300
kworker/u4:2-ex  0.0     0
rcu_preempt      0.0     0
kworker/u4:3-fl  0.0     0
kworker/u4:4-wr  0.0     0
multipathd       0.0 26488
2026-09-26T08:01:42+00:00
COMMAND         %CPU   RSS
isuride         12.0 18700
bench            9.3 93424
systemd-resolve  0.3 12448
mysqld           0.2 604824
kworker/u4:2-ex  0.0     0
rcu_preempt      0.0     0
kworker/u4:4-ex  0.0     0
kworker/u4:3-ev  0.0     0
bash             0.0  2052
2026-09-26T08:01:44+00:00
COMMAND         %CPU   RSS
isuride         12.1 19472
bench            9.3 93564
systemd-resolve  0.3 12448
mysqld           0.2 605968
kworker/u4:2-ex  0.0     0
rcu_preempt      0.0     0
kworker/u4:4-ex  0.0     0
kworker/u4:3-ev  0.0     0
bash             0.0  2052
2026-09-26T08:01:46+00:00
COMMAND         %CPU   RSS
curl            15.3 12296
isuride         12.2 19436
bench            9.3 93824
systemd-resolve  0.3 12448
mysqld           0.2 610712
kworker/u4:2-ex  0.0     0
kworker/u4:4-ev  0.0     0
rcu_preempt      0.0     0
kworker/u4:3-ev  0.0     0
2026-09-26T08:01:48+00:00
COMMAND         %CPU   RSS
isuride         12.3 19416
bench            9.3 98380
curl             2.4 12344
systemd-resolve  0.3 12448
mysqld           0.2 619148
kworker/u4:2-ev  0.0     0
kworker/u4:4-ev  0.0     0
rcu_preempt      0.0     0
kworker/u4:3-ev  0.0     0
2026-09-26T08:01:50+00:00
COMMAND         %CPU   RSS
isuride         12.4 18216
bench            9.3 98536
curl             5.7 12340
systemd-resolve  0.3 12448
mysqld           0.2 605236
kworker/u4:2-ev  0.0     0
kworker/u4:4-ev  0.0     0
rcu_preempt      0.0     0
kworker/u4:3-ev  0.0     0
2026-09-26T08:01:52+00:00
COMMAND         %CPU   RSS
isuride         12.5 17760
bench            9.3 98536
systemd-resolve  0.3 12448
mysqld           0.2 604892
kworker/u4:2-ev  0.0     0
kworker/u4:4-ev  0.0     0
rcu_preempt      0.0     0
kworker/u4:3-ev  0.0     0
bash             0.0  2052
2026-09-26T08:01:54+00:00
COMMAND         %CPU   RSS
isuride         12.6 17728
bench            9.3 101632
systemd-resolve  0.3 12448
mysqld           0.2 604892
kworker/u4:2-ev  0.0     0
kworker/u4:4-ev  0.0     0
rcu_preempt      0.0     0
kworker/u4:3-ev  0.0     0
bash             0.0  2052
