procs -----------memory---------- ---swap-- -----io---- -system-- -------cpu------- -----timestamp-----
 r  b   swpd   free   buff  cache   si   so    bi    bo   in   cs us sy id wa st gu                 UTC
 3  0      0 1825588  84212 1340432    0    0     1    10  317    1  1  1 98  0  0  0 2026-09-26 08:00:48
 5  0      0 1775996  84240 1346700    0    0     0 39164 11851 22642 26 14 41 19  0  0 2026-09-26 08:00:49
 6  0      0 1766380  84252 1347168    0    0     0  4648 13650 34659 70 12 16  2  0  0 2026-09-26 08:00:50
25  0      0 1732308  84252 1348072    0    0     0  7440 14699 45580 73 20  7  1  0  0 2026-09-26 08:00:51
11  0      0 1729736  84264 1348604    0    0     0 15452 16248 52248 66 21 11  1  0  0 2026-09-26 08:00:52
 8  1      0 1691596  84268 1349216    0    0     0  9660 14402 47544 75 21  4  1  0  0 2026-09-26 08:00:53
26  0      0 1698020  84276 1356548    0    0     0 12400 14779 47302 69 23  7  1  0  0 2026-09-26 08:00:54
 8  0      0 1715552  84280 1350524    0    0     0 11744 13791 42433 72 22  5  1  0  0 2026-09-26 08:00:55
23  0      0 1704992  84280 1355492    0    0     0 12248 13913 42734 73 23  4  1  0  0 2026-09-26 08:00:56
12  0      0 1735820  84300 1351924    0    0     0 12372 14589 44814 70 22  7  1  0  0 2026-09-26 08:00:57
20  0      0 1654660  84312 1354580    0    0     0 12208 14089 42200 76 20  3  1  0  0 2026-09-26 08:00:58
15  0      0 1706196  84316 1353068    0    0     0 12044 13938 43507 70 23  6  2  0  0 2026-09-26 08:00:59
31  0      0 1721700  84320 1353732    0    0     0 10848 11971 37045 75 22  2  1  0  0 2026-09-26 08:01:00
19  0      0 1721972  84320 1354268    0    0     0 11548 13857 44233 72 23  5  1  0  0 2026-09-26 08:01:01
23  0      0 1720072  84324 1354608    0    0     0 10268 11760 34365 76 22  2  1  0  0 2026-09-26 08:01:02
32  1      0 1726784  84336 1362284    0    0     0 10948 13753 41425 71 22  5  2  0  0 2026-09-26 08:01:03
31  0      0 1728768  84336 1356016    0    0     0  9736 12882 39558 77 20  3  0  0  0 2026-09-26 08:01:04
28  1      0 1670308  84348 1362136    0    0     0 10796 13371 40112 73 22  5  1  0  0 2026-09-26 08:01:05
19  1      0 1742008  84364 1357280    0    0     0 11324 13973 41992 72 22  5  1  0  0 2026-09-26 08:01:06
22  0      0 1678352  84372 1360124    0    0     0 11300 12833 39945 74 24  2  1  0  0 2026-09-26 08:01:07
12  1      0 1714364  84380 1358276    0    0     0 26836 13917 43581 70 23  6  1  0  0 2026-09-26 08:01:08
procs -----------memory---------- ---swap-- -----io---- -system-- -------cpu------- -----timestamp-----
 r  b   swpd   free   buff  cache   si   so    bi    bo   in   cs us sy id wa st gu                 UTC
11  0      0 1714204  84384 1358792    0    0     0 10612 11572 34343 76 21  2  1  0  0 2026-09-26 08:01:09
17  0      0 1715668  84384 1359452    0    0     0 12364 14452 45584 70 23  6  1  0  0 2026-09-26 08:01:10
14  0      0 1714072  84384 1360016    0    0     0  8220 12489 37340 80 17  3  1  0  0 2026-09-26 08:01:11
30  0      0 1710816  84388 1374320    0    0     0 12072 13752 42422 76 21  3  1  0  0 2026-09-26 08:01:12
16  0      0 1665904  84388 1362196    0    0     0  8816 11651 37707 80 19  1  0  0  0 2026-09-26 08:01:13
40  1      0 1679152  84388 1368584    0    0     0 11488 11479 35210 77 21  2  1  0  0 2026-09-26 08:01:14
20  0      0 1740004  84392 1363184    0    0     0  8836 12098 35858 78 19  3  1  0  0 2026-09-26 08:01:15
31  0      0 1678028  84392 1366120    0    0     0 10392 12537 36490 76 21  3  1  0  0 2026-09-26 08:01:16
 5  1      0 1687004  84392 1364192    0    0     0 10020 13269 41175 78 19  3  0  0  0 2026-09-26 08:01:17
28  0      0 1672828  84392 1368376    0    0     0  9616 12944 37909 77 21  2  1  0  0 2026-09-26 08:01:18
34  0      0 1717564  84392 1365360    0    0     0  9100 11937 37981 78 20  3  1  0  0 2026-09-26 08:01:19
38  0      0 1640532  84392 1366032    0    0     0  8000 11516 32360 82 17  1  0  0  0 2026-09-26 08:01:20
26  0      0 1649720  84396 1375660    0    0     0  9752 12067 37153 75 21  3  1  0  0 2026-09-26 08:01:21
34  0      0 1640868  84396 1366820    0    0     0  7860 10488 30115 78 22  1  0  0  0 2026-09-26 08:01:22
35  1      0 1654016  84396 1374824    0    0     0 18184 11990 37100 79 18  3  1  0  0 2026-09-26 08:01:23
17  1      0 1691332  84396 1367796    0    0     0  9780 10931 31147 79 19  2  0  0  0 2026-09-26 08:01:24
27  1      0 1674120  84396 1373156    0    0     0  8440 9694 29657 77 21  1  1  0  0 2026-09-26 08:01:25
24  0      0 1651060  84400 1368844    0    0     0  8956 11756 33935 80 20  1  0  0  0 2026-09-26 08:01:26
48  0      0 1610292  84400 1375376    0    0     0  6200 8773 25171 81 17  1  1  0  0 2026-09-26 08:01:27
31  0      0 1684004  84400 1369744    0    0     0 20160 11957 36160 78 19  3  1  0  0 2026-09-26 08:01:28
37  0      0 1632704  84400 1372760    0    0     0  9588 10405 28910 79 20  1  0  0  0 2026-09-26 08:01:29
procs -----------memory---------- ---swap-- -----io---- -system-- -------cpu------- -----timestamp-----
 r  b   swpd   free   buff  cache   si   so    bi    bo   in   cs us sy id wa st gu                 UTC
62  1      0 1693660  84400 1374376    0    0     0  9768 11823 36470 80 18  2  1  0  0 2026-09-26 08:01:30
47  1      0 1619532  84400 1373680    0    0     0  8508 10585 30693 82 18  0  0  0  0 2026-09-26 08:01:31
 9  0      0 1619296  84400 1380472    0    0     0  8552 11672 33940 77 20  3  1  0  0 2026-09-26 08:01:32
17  0      0 1634968  84404 1372028    0    0     0  9108 10943 31687 79 19  2  0  0  0 2026-09-26 08:01:33
65  0      0 1619500  84404 1376212    0    0     0  9132 11781 33100 77 20  3  1  0  0 2026-09-26 08:01:34
21  1      0 1653088  84404 1372984    0    0     0 10612 10747 35894 79 17  4  1  0  0 2026-09-26 08:01:35
32  0      0 1634464  84404 1377408    0    0     0 11056 11050 36328 82 17  1  1  0  0 2026-09-26 08:01:36
17  1      0 1682188  84404 1374244    0    0     0 11008 12105 37171 76 19  5  1  0  0 2026-09-26 08:01:37
43  1      0 1596888  84404 1376120    0    0     0  8448 10980 34257 82 18  1  0  0  0 2026-09-26 08:01:38
69  0      0 1648968  84404 1382544    0    0     0 10892 13362 40562 78 18  3  1  0  0 2026-09-26 08:01:39
13  1      0 1651676  84404 1376008    0    0     0 10228 12627 36367 80 19  1  1  0  0 2026-09-26 08:01:40
40  0      0 1623180  84408 1385816    0    0     0  9824 10104 32620 77 21  2  1  0  0 2026-09-26 08:01:41
44  0      0 1642344  84408 1379844    0    0     0 10292 11253 35802 80 19  1  1  0  0 2026-09-26 08:01:42
55  0      0 1631140  84408 1385812    0    0     0 18960 11303 34315 77 20  3  1  0  0 2026-09-26 08:01:43
35  0      0 1660204  84408 1380920    0    0     0  9188 11218 31521 79 18  2  0  0  0 2026-09-26 08:01:44
18  0      0 1624268  84408 1385332    0    0     0 10460 10650 28714 77 21  1  1  0  0 2026-09-26 08:01:45
45  0      0 1612664  84408 1381700    0    0     0  8832 8781 25608 77 21  1  1  0  0 2026-09-26 08:01:46
18  0      0 1575484  84408 1387404    0    0     0  8432 9507 26526 78 21  1  0  0  0 2026-09-26 08:01:47
15  2      0 1607776  84408 1384192    0    0     0 19784 11328 32332 76 21  3  1  0  0 2026-09-26 08:01:48
73  0      0 1633548  84408 1382896    0    0     0 10220 10547 27398 79 21  0  0  0  0 2026-09-26 08:01:49
11  0      0 1669380  84408 1383172    0    0     0  5340 8900 25954 79 18  3  1  0  0 2026-09-26 08:01:50
procs -----------memory---------- ---swap-- -----io---- -system-- -------cpu------- -----timestamp-----
 r  b   swpd   free   buff  cache   si   so    bi    bo   in   cs us sy id wa st gu                 UTC
45  0      0 1667016  84408 1383460    0    0     0  1460 7101 23584 84 13  3  0  0  0 2026-09-26 08:01:51
19  0      0 1666944  84408 1383712    0    0     0  1088 8911 27609 84 14  2  0  0  0 2026-09-26 08:01:52
22  0      0 1671008  84408 1384028    0    0     0   772 9085 26836 84 13  3  0  0  0 2026-09-26 08:01:53
33  0      0 1668700  84408 1384456    0    0     0   732 8779 27060 84 14  3  0  0  0 2026-09-26 08:01:54
