2026-09-27T04:12:38+00:00
COMMAND         %CPU   RSS
mysqld           1.0 766460
nginx            0.2 17224
nginx            0.2 17184
fwupd            0.0 43404
isuride          0.0  8948
rcu_preempt      0.0     0
jbd2/sda1-8      0.0     0
kworker/u4:0-fl  0.0     0
ksoftirqd/0      0.0     0
2026-09-27T04:12:40+00:00
COMMAND         %CPU   RSS
bench           10.5 51016
mysqld           1.0 796396
isuride          0.8 14820
nginx            0.2 17224
nginx            0.2 17184
fwupd            0.0 43404
rcu_preempt      0.0     0
kworker/u4:0-ev  0.0     0
jbd2/sda1-8      0.0     0
2026-09-27T04:12:42+00:00
COMMAND         %CPU   RSS
bench           15.4 72892
isuride          2.8 15860
mysqld           1.0 797664
nginx            0.2 17224
nginx            0.2 17184
fwupd            0.0 43404
rcu_preempt      0.0     0
kworker/u4:0-ev  0.0     0
jbd2/sda1-8      0.0     0
2026-09-27T04:12:44+00:00
COMMAND         %CPU   RSS
curl             100 12004
bench           20.3 105680
isuride          5.0 16776
mysqld           1.0 800416
nginx            0.2 17224
nginx            0.2 17184
fwupd            0.0 43404
rcu_preempt      0.0     0
kworker/u4:0-ev  0.0     0
2026-09-27T04:12:46+00:00
COMMAND         %CPU   RSS
bench           22.4 134188
isuride          7.1 17404
mysqld           1.0 803556
nginx            0.2 17224
nginx            0.2 17184
fwupd            0.0 43404
rcu_preempt      0.0     0
kworker/u4:0-ev  0.0     0
jbd2/sda1-8      0.0     0
2026-09-27T04:12:48+00:00
COMMAND         %CPU   RSS
bench           23.4 151628
isuride          9.1 17692
mysqld           1.0 807144
nginx            0.2 17224
nginx            0.2 17184
fwupd            0.0 43404
rcu_preempt      0.0     0
kworker/u4:0-ev  0.0     0
jbd2/sda1-8      0.0     0
2026-09-27T04:12:50+00:00
COMMAND         %CPU   RSS
bench           24.2 179148
isuride         10.9 19644
curl             6.6 12308
mysqld           1.0 810484
nginx            0.2 17224
nginx            0.2 17184
fwupd            0.0 43404
rcu_preempt      0.0     0
jbd2/sda1-8      0.0     0
2026-09-27T04:12:52+00:00
COMMAND         %CPU   RSS
bench           24.6 192952
isuride         12.5 20148
mysqld           1.0 813200
nginx            0.2 17224
nginx            0.2 17184
fwupd            0.0 43404
rcu_preempt      0.0     0
jbd2/sda1-8      0.0     0
kworker/u4:0-ev  0.0     0
2026-09-27T04:12:54+00:00
COMMAND         %CPU   RSS
bench           24.8 205232
isuride         14.0 20976
mysqld           1.0 815204
nginx            0.2 17224
nginx            0.2 17184
fwupd            0.0 43404
rcu_preempt      0.0     0
jbd2/sda1-8      0.0     0
kworker/u4:0-ev  0.0     0
2026-09-27T04:12:56+00:00
COMMAND         %CPU   RSS
bench           25.2 223296
isuride         15.4 22812
mysqld           1.0 819172
nginx            0.2 17224
nginx            0.2 17184
fwupd            0.0 43404
rcu_preempt      0.0     0
jbd2/sda1-8      0.0     0
kworker/u4:0-ev  0.0     0
2026-09-27T04:12:58+00:00
COMMAND         %CPU   RSS
bench           25.4 237500
isuride         16.5 22664
mysqld           1.0 823380
nginx            0.2 17224
nginx            0.2 17184
fwupd            0.0 43404
rcu_preempt      0.0     0
kworker/u4:0-ev  0.0     0
jbd2/sda1-8      0.0     0
2026-09-27T04:13:00+00:00
COMMAND         %CPU   RSS
bench           25.6 240260
isuride         17.6 24920
mysqld           1.0 829948
nginx            0.2 17224
nginx            0.2 17184
fwupd            0.0 43404
rcu_preempt      0.0     0
kworker/u4:0-ev  0.0     0
jbd2/sda1-8      0.0     0
2026-09-27T04:13:02+00:00
COMMAND         %CPU   RSS
bench           25.9 250080
isuride         18.7 25312
mysqld           1.0 833408
nginx            0.2 17224
nginx            0.2 17184
fwupd            0.0 43404
rcu_preempt      0.0     0
kworker/u4:0-ev  0.0     0
jbd2/sda1-8      0.0     0
2026-09-27T04:13:04+00:00
COMMAND         %CPU   RSS
bench           26.2 262900
isuride         19.6 25400
mysqld           1.0 835488
nginx            0.2 17224
nginx            0.2 17184
fwupd            0.0 43404
rcu_preempt      0.0     0
kworker/u4:0-fl  0.0     0
jbd2/sda1-8      0.0     0
2026-09-27T04:13:06+00:00
COMMAND         %CPU   RSS
bench           26.5 280580
isuride         20.5 27520
mysqld           1.0 836644
nginx            0.2 17224
nginx            0.2 17184
fwupd            0.0 43404
rcu_preempt      0.0     0
kworker/u4:0-fl  0.0     0
jbd2/sda1-8      0.0     0
2026-09-27T04:13:08+00:00
COMMAND         %CPU   RSS
bench           26.8 314580
isuride         21.2 28580
mysqld           1.0 836840
nginx            0.2 17224
nginx            0.2 17184
fwupd            0.0 43404
rcu_preempt      0.0     0
kworker/u4:0-ev  0.0     0
jbd2/sda1-8      0.0     0
2026-09-27T04:13:10+00:00
COMMAND         %CPU   RSS
bench           27.2 343640
isuride         21.9 31372
curl             5.2 12308
mysqld           1.0 837992
nginx            0.2 17224
nginx            0.2 17184
fwupd            0.0 43404
rcu_preempt      0.0     0
kworker/u4:0-ev  0.0     0
2026-09-27T04:13:12+00:00
COMMAND         %CPU   RSS
bench           27.4 347908
isuride         22.6 33360
mysqld           1.0 840948
nginx            0.2 17224
nginx            0.2 17184
fwupd            0.0 43404
rcu_preempt      0.0     0
kworker/u4:0-ex  0.0     0
jbd2/sda1-8      0.0     0
2026-09-27T04:13:14+00:00
COMMAND         %CPU   RSS
bench           27.6 384256
isuride         23.2 31976
mysqld           1.0 841508
nginx            0.2 17224
nginx            0.2 17184
fwupd            0.0 43404
rcu_preempt      0.0     0
kworker/u4:0-ex  0.0     0
jbd2/sda1-8      0.0     0
2026-09-27T04:13:16+00:00
COMMAND         %CPU   RSS
bench           27.7 387252
isuride         23.8 33808
mysqld           1.0 844640
nginx            0.2 17224
nginx            0.2 17184
fwupd            0.0 43404
rcu_preempt      0.0     0
kworker/u4:0-ev  0.0     0
jbd2/sda1-8      0.0     0
2026-09-27T04:13:18+00:00
COMMAND         %CPU   RSS
bench           27.8 414040
isuride         24.3 34104
mysqld           1.0 844004
nginx            0.2 17224
nginx            0.2 17184
fwupd            0.0 43404
rcu_preempt      0.0     0
kworker/u4:0-ev  0.0     0
jbd2/sda1-8      0.0     0
2026-09-27T04:13:20+00:00
COMMAND         %CPU   RSS
bench           27.8 414304
isuride         24.8 35156
curl            12.5 12308
mysqld           1.0 845684
nginx            0.2 17224
nginx            0.2 17184
fwupd            0.0 43404
rcu_preempt      0.0     0
kworker/u4:0-ev  0.0     0
2026-09-27T04:13:22+00:00
COMMAND         %CPU   RSS
bench           28.0 441772
isuride         25.2 36176
mysqld           1.1 846372
nginx            0.2 17224
nginx            0.2 17184
fwupd            0.0 43404
rcu_preempt      0.0     0
kworker/u4:0-ev  0.0     0
jbd2/sda1-8      0.0     0
2026-09-27T04:13:24+00:00
COMMAND         %CPU   RSS
bench           28.2 448060
isuride         25.7 34464
mysqld           1.1 847376
nginx            0.2 17224
nginx            0.2 17184
fwupd            0.0 43404
kworker/u4:0-ev  0.0     0
rcu_preempt      0.0     0
sh               0.0  1588
2026-09-27T04:13:26+00:00
COMMAND         %CPU   RSS
bench           28.3 461592
isuride         26.0 37284
curl             3.7     0
mysqld           1.1 849500
nginx            0.2 17224
nginx            0.2 17184
fwupd            0.0 43404
kworker/u4:0-ev  0.0     0
rcu_preempt      0.0     0
2026-09-27T04:13:28+00:00
COMMAND         %CPU   RSS
bench           28.3 463284
isuride         26.4 30876
mysqld           1.1 851812
nginx            0.2 17224
nginx            0.2 17184
fwupd            0.0 43404
kworker/u4:0-ev  0.0     0
rcu_preempt      0.0     0
sh               0.0  1588
2026-09-27T04:13:30+00:00
COMMAND         %CPU   RSS
bench           28.4 494696
isuride         27.1 29332
mysqld           1.1 851812
nginx            0.2 17224
nginx            0.2 17184
fwupd            0.0 43404
kworker/u4:0-fl  0.0     0
rcu_preempt      0.0     0
jbd2/sda1-8      0.0     0
2026-09-27T04:13:32+00:00
COMMAND         %CPU   RSS
bench           28.3 494696
isuride         27.7 28232
mysqld           1.1 851812
nginx            0.2 17224
nginx            0.2 17184
fwupd            0.0 43404
kworker/u4:0-wr  0.0     0
rcu_preempt      0.0     0
jbd2/sda1-8      0.0     0
