procs -----------memory---------- ---swap-- -----io---- -system-- -------cpu------- -----timestamp-----
 r  b   swpd   free   buff  cache   si   so    bi    bo   in   cs us sy id wa st gu                 UTC
 3  0      0 1128064  91644 1825660    0    0    22   288  554    7  3  1 96  0  0  0 2026-09-27 04:12:38
 4  0      0 1096956  91644 1817292    0    0     0 62620 14174 28085 27 13 41 20  0  0 2026-09-27 04:12:39
 0  0      0 1086940  91644 1817884    0    0     0 11100 24993 67450 25 16 55  4  0  0 2026-09-27 04:12:40
10  1      0 1085960  91644 1818428    0    0     0 15900 26733 80217 31 21 44  4  0  0 2026-09-27 04:12:41
 2  1      0 1065300  91644 1819344    0    0     0 19380 26226 90235 37 27 32  4  0  0 2026-09-27 04:12:42
 4  1      0 1042932  91644 1821536    0    0     0 25392 23805 89845 46 33 16  5  0  0 2026-09-27 04:12:43
14  0      0 1023596  91644 1822512    0    0     0 22408 22030 87485 46 35 12  6  0  0 2026-09-27 04:12:44
16  0      0 1010508  91644 1824556    0    0     0 22520 20567 84315 50 35 11  4  0  0 2026-09-27 04:12:45
36  0      0 985340  91644 1826712    0    0     0 23908 22485 90348 50 35 10  5  0  0 2026-09-27 04:12:46
 6  0      0 969836  91644 1827984    0    0     0 23976 22299 91226 53 35  7  4  0  0 2026-09-27 04:12:47
 7  1      0 962556  91644 1829064    0    0     0 27308 22049 96239 51 37  8  3  0  0 2026-09-27 04:12:48
 4  0      0 944744  91644 1830340    0    0     0 25104 21522 90397 54 38  6  3  0  0 2026-09-27 04:12:49
25  1      0 922400  91644 1832548    0    0     0 24704 21868 90755 56 34  7  3  0  0 2026-09-27 04:12:50
21  0      0 916184  91644 1833856    0    0     0 25072 22136 93213 52 37  7  5  0  0 2026-09-27 04:12:51
 9  1      0 899580  91644 1835012    0    0     0 23796 21680 92894 54 35  7  4  0  0 2026-09-27 04:12:52
 8  0      0 895800  91644 1836252    0    0     0 27552 18566 86271 54 38  4  4  0  0 2026-09-27 04:12:53
12  1      0 880696  91644 1837600    0    0     0 24992 20574 88587 53 39  5  3  0  0 2026-09-27 04:12:54
24  1      0 871884  91644 1839708    0    0     0 26640 21810 92247 56 36  5  3  0  0 2026-09-27 04:12:55
 8  0      0 853996  91644 1840644    0    0     0 20324 18167 65838 56 38  4  3  0  0 2026-09-27 04:12:56
41  0      0 845220  91644 1841680    0    0     0 20864 15931 66321 58 38  2  2  0  0 2026-09-27 04:12:57
41  0      0 840240  91644 1842776    0    0     0 31964 21562 90307 54 40  4  3  0  0 2026-09-27 04:12:58
procs -----------memory---------- ---swap-- -----io---- -system-- -------cpu------- -----timestamp-----
 r  b   swpd   free   buff  cache   si   so    bi    bo   in   cs us sy id wa st gu                 UTC
28  0      0 829956  91644 1845176    0    0     0 26768 20628 88505 54 41  3  2  0  0 2026-09-27 04:12:59
23  1      0 815292  91644 1846544    0    0     0 28776 21103 95397 54 41  3  2  0  0 2026-09-27 04:13:00
10  0      0 807508  91644 1847780    0    0     0 24692 21283 93068 59 36  4  2  0  0 2026-09-27 04:13:01
17  1      0 798224  91644 1849204    0    0     0 24028 19362 90789 61 36  3  1  0  0 2026-09-27 04:13:02
18  0      0 788240  91644 1850760    0    0     0 22604 21560 92601 60 35  4  1  0  0 2026-09-27 04:13:03
24  1      0 775336  91644 1853268    0    0     0 28728 20243 88736 60 36  3  2  0  0 2026-09-27 04:13:04
54  0      0 759412  91644 1854808    0    0     0 25680 19295 89245 60 38  2  1  0  0 2026-09-27 04:13:05
23  1      0 752388  91644 1856348    0    0     0 27096 21785 90806 58 37  3  2  0  0 2026-09-27 04:13:06
28  0      0 729112  91644 1857764    0    0     0 27492 20981 92310 57 39  2  2  0  0 2026-09-27 04:13:07
20  2      0 708748  91644 1859096    0    0     0 26672 20471 87056 62 36  2  1  0  0 2026-09-27 04:13:08
10  1      0 707740  91644 1862928    0    0     0 31432 19620 91534 55 43  2  1  0  0 2026-09-27 04:13:09
22  0      0 688908  91644 1862816    0    0     0 22696 17923 75581 58 39  2  1  0  0 2026-09-27 04:13:10
37  1      0 670960  91644 1864256    0    0     0 25156 18696 85688 63 36  1  0  0  0 2026-09-27 04:13:11
19  0      0 666028  91644 1865736    0    0     0 27640 21307 94203 60 38  1  1  0  0 2026-09-27 04:13:12
19  0      0 654692  91644 1867216    0    0     0 25708 20701 93131 62 37  2  0  0  0 2026-09-27 04:13:13
41  0      0 622440  91644 1869660    0    0     0 32464 20026 88371 59 38  2  1  0  0 2026-09-27 04:13:14
33  1      0 619268  91644 1871012    0    0     0 25352 19088 85061 62 36  2  1  0  0 2026-09-27 04:13:15
26  1      0 614032  91644 1872696    0    0     0 26552 19907 97871 60 39  1  1  0  0 2026-09-27 04:13:16
 9  0      0 596704  91644 1874056    0    0     0 24480 20721 87946 59 38  2  1  0  0 2026-09-27 04:13:17
19  1      0 567288  91644 1877012    0    0     0 27532 17812 82496 63 34  2  1  0  0 2026-09-27 04:13:18
43  1      0 585492  91644 1877980    0    0     0 27220 23147 95757 57 38  4  1  0  0 2026-09-27 04:13:19
procs -----------memory---------- ---swap-- -----io---- -system-- -------cpu------- -----timestamp-----
 r  b   swpd   free   buff  cache   si   so    bi    bo   in   cs us sy id wa st gu                 UTC
26  0      0 572684  91644 1879488    0    0     0 27016 20344 85868 59 37  3  1  0  0 2026-09-27 04:13:20
20  0      0 566444  91644 1880772    0    0     0 24824 20158 90174 62 37  1  1  0  0 2026-09-27 04:13:21
28  2      0 534696  91644 1882004    0    0     0 24380 18435 81640 63 36  1  0  0  0 2026-09-27 04:13:22
43  1      0 534240  91644 1883596    0    0     0 25556 19900 90248 61 38  2  1  0  0 2026-09-27 04:13:23
20  0      0 529928  91644 1885064    0    0     0 25820 20086 85899 62 37  1  1  0  0 2026-09-27 04:13:24
27  1      0 534224  91644 1887524    0    0     0 27060 21295 87942 62 35  2  1  0  0 2026-09-27 04:13:25
23  0      0 513012  91644 1889004    0    0     0 23244 16956 81299 67 32  1  1  0  0 2026-09-27 04:13:26
29  0      0 504964  91644 1890904    0    0     0 24564 19159 87234 63 36  1  0  0  0 2026-09-27 04:13:27
11  0      0 497912  91644 1892840    0    0     0 24536 19783 97090 63 36  1  1  0  0 2026-09-27 04:13:28
 8  0      0 497672  91648 1893512    0    0     0 14152 15934 122932 68 31  2  0  0  0 2026-09-27 04:13:29
 9  0      0 478520  91648 1894364    0    0     0  4448 18725 113829 66 30  5  0  0  0 2026-09-27 04:13:30
 8  0      0 484220  91648 1895092    0    0     0  3808 19241 120989 64 30  6  0  0  0 2026-09-27 04:13:31
 2  0      0 479460  91648 1895972    0    0     0  7948 17209 117207 66 29  5  0  0  0 2026-09-27 04:13:32
