time=00:30:49.754 level=DEBUG source=/tmp/isucon14/bench/cmd/run.go:90 msg=target targetURL=https://isuride.xiv.isucon.net targetAddr=127.0.0.1:443 benchrun.GetTargetAddress()="" paymentURL=http://127.0.0.1:12346
time=00:30:49.754 level=INFO msg=負荷走行を開始します
time=00:30:52.475 level=DEBUG source=/tmp/isucon14/bench/benchmarker/scenario/scenario.go:315 msg=時間経過 tick=60
time=00:30:52.475 level=DEBUG source=/tmp/isucon14/bench/benchmarker/scenario/scenario.go:317 msg=eval reqs=4 score="[0 0 0 3 1]" criteria="[4 1 4 4]"
time=00:30:54.251 level=INFO msg=一定の売上が立ったためオーナーの椅子が増加します 名前=椅子再生工房 増加数=1
time=00:30:54.255 level=INFO msg=一定の売上が立ったためオーナーの椅子が増加します 名前=ComfortWorks 増加数=1
time=00:30:54.263 level=INFO msg=一定の売上が立ったためオーナーの椅子が増加します 名前=ChairCycle 増加数=1
time=00:30:54.275 level=DEBUG source=/tmp/isucon14/bench/benchmarker/scenario/scenario.go:315 msg=時間経過 tick=120
time=00:30:54.275 level=DEBUG source=/tmp/isucon14/bench/benchmarker/scenario/scenario.go:317 msg=eval reqs=19 score="[0 0 0 12 7]" criteria="[19 7 19 19]"
time=00:30:55.331 level=WARN msg="ユーザー登録に失敗しました (CODE=17): POST /api/app/usersへのリクエストに対して、期待されたHTTPステータスコードが確認できませんでした (expected:201, actual:500)"
time=00:30:56.059 level=INFO msg=一定の売上が立ったためオーナーの椅子が増加します 名前=椅子再生工房 増加数=2
time=00:30:56.060 level=INFO msg=一定の売上が立ったためオーナーの椅子が増加します 名前=座心工房 増加数=1
time=00:30:56.061 level=INFO msg=一定の売上が立ったためオーナーの椅子が増加します 名前="SitWell Designs" 増加数=2
time=00:30:56.062 level=INFO msg=一定の売上が立ったためオーナーの椅子が増加します 名前=ChairCycle 増加数=1
time=00:30:56.062 level=INFO msg=一定の売上が立ったためオーナーの椅子が増加します 名前=ComfortWorks 増加数=1
time=00:30:56.076 level=DEBUG source=/tmp/isucon14/bench/benchmarker/scenario/scenario.go:315 msg=時間経過 tick=180
time=00:30:56.076 level=DEBUG source=/tmp/isucon14/bench/benchmarker/scenario/scenario.go:317 msg=eval reqs=34 score="[0 0 0 24 10]" criteria="[34 10 34 34]"
time=00:30:56.076 level=INFO msg=これまでに地域内の評判によって7人、既存ユーザーの招待経由で32人が新規登録しました
time=00:30:56.076 level=INFO msg=0.0%のライドは椅子がマッチされるまでの時間、70.6%のライドはマッチされた椅子が乗車地点までに掛かる時間、0.0%のライドは椅子の実移動時間に不満がありました
time=00:30:56.169 level=WARN msg="ユーザー登録に失敗しました (CODE=17): POST /api/app/usersへのリクエストに対して、期待されたHTTPステータスコードが確認できませんでした (expected:201, actual:500)"
time=00:30:57.875 level=DEBUG source=/tmp/isucon14/bench/benchmarker/scenario/scenario.go:315 msg=時間経過 tick=240
time=00:30:57.876 level=DEBUG source=/tmp/isucon14/bench/benchmarker/scenario/scenario.go:317 msg=eval reqs=45 score="[0 0 0 32 13]" criteria="[45 13 45 45]"
time=00:30:57.880 level=INFO msg=一定の売上が立ったためオーナーの椅子が増加します 名前=椅子再生工房 増加数=1
time=00:30:57.887 level=INFO msg=一定の売上が立ったためオーナーの椅子が増加します 名前=ChairCycle 増加数=1
time=00:30:57.915 level=INFO msg=一定の売上が立ったためオーナーの椅子が増加します 名前=ComfortWorks 増加数=1
time=00:30:59.676 level=DEBUG source=/tmp/isucon14/bench/benchmarker/scenario/scenario.go:315 msg=時間経過 tick=300
time=00:30:59.676 level=DEBUG source=/tmp/isucon14/bench/benchmarker/scenario/scenario.go:317 msg=eval reqs=59 score="[0 0 3 39 17]" criteria="[59 17 58 57]"
time=00:30:59.685 level=INFO msg=一定の売上が立ったためオーナーの椅子が増加します 名前="SitWell Designs" 増加数=2
time=00:30:59.694 level=INFO msg=一定の売上が立ったためオーナーの椅子が増加します 名前=ChairCycle 増加数=2
time=00:30:59.711 level=INFO msg=一定の売上が立ったためオーナーの椅子が増加します 名前=座心工房 増加数=1
time=00:30:59.719 level=INFO msg=一定の売上が立ったためオーナーの椅子が増加します 名前=ComfortWorks 増加数=2
time=00:30:59.725 level=INFO msg=一定の売上が立ったためオーナーの椅子が増加します 名前=椅子再生工房 増加数=1
time=00:31:01.476 level=DEBUG source=/tmp/isucon14/bench/benchmarker/scenario/scenario.go:315 msg=時間経過 tick=360
time=00:31:01.476 level=DEBUG source=/tmp/isucon14/bench/benchmarker/scenario/scenario.go:317 msg=eval reqs=73 score="[0 1 9 46 17]" criteria="[71 24 71 59]"
time=00:31:01.476 level=INFO msg=これまでに地域内の評判によって19人、既存ユーザーの招待経由で60人が新規登録しました
time=00:31:01.476 level=INFO msg=これまでに低評価なライドによって1人が利用をやめました
time=00:31:01.476 level=INFO msg=2.7%のライドは椅子がマッチされるまでの時間、67.1%のライドはマッチされた椅子が乗車地点までに掛かる時間、11.0%のライドは椅子の実移動時間に不満がありました
time=00:31:01.497 level=INFO msg=一定の売上が立ったためオーナーの椅子が増加します 名前=ComfortWorks 増加数=3
time=00:31:01.500 level=INFO msg=一定の売上が立ったためオーナーの椅子が増加します 名前=椅子再生工房 増加数=2
time=00:31:01.515 level=INFO msg=一定の売上が立ったためオーナーの椅子が増加します 名前=ChairCycle 増加数=1
time=00:31:03.275 level=DEBUG source=/tmp/isucon14/bench/benchmarker/scenario/scenario.go:315 msg=時間経過 tick=420
time=00:31:03.275 level=DEBUG source=/tmp/isucon14/bench/benchmarker/scenario/scenario.go:317 msg=eval reqs=88 score="[0 8 12 50 18]" criteria="[82 31 78 63]"
time=00:31:03.308 level=INFO msg=一定の売上が立ったためオーナーの椅子が増加します 名前=椅子再生工房 増加数=1
time=00:31:03.325 level=INFO msg=一定の売上が立ったためオーナーの椅子が増加します 名前="SitWell Designs" 増加数=2
time=00:31:03.332 level=INFO msg=一定の売上が立ったためオーナーの椅子が増加します 名前=ComfortWorks 増加数=1
time=00:31:03.343 level=INFO msg=一定の売上が立ったためオーナーの椅子が増加します 名前=ChairCycle 増加数=1
time=00:31:05.066 level=INFO msg=一定の売上が立ったためオーナーの椅子が増加します 名前=ComfortWorks 増加数=2
time=00:31:05.075 level=DEBUG source=/tmp/isucon14/bench/benchmarker/scenario/scenario.go:315 msg=時間経過 tick=480
time=00:31:05.075 level=DEBUG source=/tmp/isucon14/bench/benchmarker/scenario/scenario.go:317 msg=eval reqs=105 score="[7 12 18 50 18]" criteria="[86 36 83 65]"
time=00:31:05.133 level=INFO msg=一定の売上が立ったためオーナーの椅子が増加します 名前=ChairCycle 増加数=2
time=00:31:05.137 level=INFO msg=一定の売上が立ったためオーナーの椅子が増加します 名前=座心工房 増加数=1
time=00:31:05.139 level=INFO msg=一定の売上が立ったためオーナーの椅子が増加します 名前=椅子再生工房 増加数=1
time=00:31:06.875 level=DEBUG source=/tmp/isucon14/bench/benchmarker/scenario/scenario.go:315 msg=時間経過 tick=540
time=00:31:06.875 level=DEBUG source=/tmp/isucon14/bench/benchmarker/scenario/scenario.go:317 msg=eval reqs=125 score="[13 17 26 51 18]" criteria="[89 46 91 68]"
time=00:31:06.875 level=INFO msg=これまでに地域内の評判によって31人、既存ユーザーの招待経由で67人が新規登録しました
time=00:31:06.875 level=INFO msg=これまでに低評価なライドによって17人が利用をやめました
time=00:31:06.875 level=INFO msg=28.8%のライドは椅子がマッチされるまでの時間、63.2%のライドはマッチされた椅子が乗車地点までに掛かる時間、36.4%のライドは椅子の実移動時間に不満がありました
time=00:31:06.901 level=INFO msg=一定の売上が立ったためオーナーの椅子が増加します 名前=ComfortWorks 増加数=1
time=00:31:06.902 level=INFO msg=一定の売上が立ったためオーナーの椅子が増加します 名前="SitWell Designs" 増加数=1
time=00:31:06.910 level=INFO msg=一定の売上が立ったためオーナーの椅子が増加します 名前=椅子再生工房 増加数=2
time=00:31:06.934 level=INFO msg=一定の売上が立ったためオーナーの椅子が増加します 名前=ChairCycle 増加数=1
time=00:31:08.669 level=INFO msg=一定の売上が立ったためオーナーの椅子が増加します 名前=椅子再生工房 増加数=1
time=00:31:08.668 level=INFO msg=一定の売上が立ったためオーナーの椅子が増加します 名前="SitWell Designs" 増加数=1
time=00:31:08.675 level=DEBUG source=/tmp/isucon14/bench/benchmarker/scenario/scenario.go:315 msg=時間経過 tick=600
time=00:31:08.675 level=DEBUG source=/tmp/isucon14/bench/benchmarker/scenario/scenario.go:317 msg=eval reqs=141 score="[18 24 29 52 18]" criteria="[90 54 95 71]"
time=00:31:08.701 level=INFO msg=一定の売上が立ったためオーナーの椅子が増加します 名前=ComfortWorks 増加数=2
time=00:31:08.725 level=INFO msg=一定の売上が立ったためオーナーの椅子が増加します 名前=座心工房 増加数=1
time=00:31:08.788 level=INFO msg=一定の売上が立ったためオーナーの椅子が増加します 名前=ChairCycle 増加数=1
time=00:31:10.475 level=DEBUG source=/tmp/isucon14/bench/benchmarker/scenario/scenario.go:315 msg=時間経過 tick=660
time=00:31:10.475 level=DEBUG source=/tmp/isucon14/bench/benchmarker/scenario/scenario.go:317 msg=eval reqs=173 score="[35 34 34 52 18]" criteria="[92 62 99 77]"
time=00:31:10.549 level=INFO msg=一定の売上が立ったためオーナーの椅子が増加します 名前="SitWell Designs" 増加数=2
time=00:31:10.570 level=INFO msg=一定の売上が立ったためオーナーの椅子が増加します 名前=ComfortWorks 増加数=3
time=00:31:10.575 level=INFO msg=一定の売上が立ったためオーナーの椅子が増加します 名前=椅子再生工房 増加数=2
time=00:31:10.581 level=INFO msg=一定の売上が立ったためオーナーの椅子が増加します 名前=ChairCycle 増加数=2
time=00:31:12.275 level=INFO msg=これまでに地域内の評判によって43人、既存ユーザーの招待経由で72人が新規登録しました
time=00:31:12.275 level=INFO msg=これまでに低評価なライドによって41人が利用をやめました
time=00:31:12.275 level=DEBUG source=/tmp/isucon14/bench/benchmarker/scenario/scenario.go:315 msg=時間経過 tick=720
time=00:31:12.275 level=DEBUG source=/tmp/isucon14/bench/benchmarker/scenario/scenario.go:317 msg=eval reqs=194 score="[43 40 37 54 20]" criteria="[99 70 104 83]"
time=00:31:12.275 level=INFO msg=49.0%のライドは椅子がマッチされるまでの時間、63.9%のライドはマッチされた椅子が乗車地点までに掛かる時間、51.8%のライドは椅子の実移動時間に不満がありました
time=00:31:12.297 level=INFO msg=一定の売上が立ったためオーナーの椅子が増加します 名前=座心工房 増加数=1
time=00:31:12.321 level=INFO msg=一定の売上が立ったためオーナーの椅子が増加します 名前=椅子再生工房 増加数=1
time=00:31:12.346 level=INFO msg=一定の売上が立ったためオーナーの椅子が増加します 名前=ComfortWorks 増加数=2
time=00:31:12.410 level=INFO msg=一定の売上が立ったためオーナーの椅子が増加します 名前=ChairCycle 増加数=2
time=00:31:14.075 level=DEBUG source=/tmp/isucon14/bench/benchmarker/scenario/scenario.go:315 msg=時間経過 tick=780
time=00:31:14.075 level=DEBUG source=/tmp/isucon14/bench/benchmarker/scenario/scenario.go:317 msg=eval reqs=220 score="[46 47 50 56 21]" criteria="[120 86 107 86]"
time=00:31:14.092 level=INFO msg=一定の売上が立ったためオーナーの椅子が増加します 名前=座心工房 増加数=1
time=00:31:14.154 level=INFO msg=一定の売上が立ったためオーナーの椅子が増加します 名前="SitWell Designs" 増加数=1
time=00:31:14.208 level=INFO msg=一定の売上が立ったためオーナーの椅子が増加します 名前=椅子再生工房 増加数=2
time=00:31:14.227 level=INFO msg=一定の売上が立ったためオーナーの椅子が増加します 名前=ChairCycle 増加数=1
time=00:31:14.281 level=INFO msg=一定の売上が立ったためオーナーの椅子が増加します 名前=ComfortWorks 増加数=1
time=00:31:15.400 level=WARN msg="ユーザー登録に失敗しました (CODE=17): POST /api/app/usersへのリクエストに対して、期待されたHTTPステータスコードが確認できませんでした (expected:201, actual:500)"
time=00:31:15.875 level=DEBUG source=/tmp/isucon14/bench/benchmarker/scenario/scenario.go:315 msg=時間経過 tick=840
time=00:31:15.875 level=DEBUG source=/tmp/isucon14/bench/benchmarker/scenario/scenario.go:317 msg=eval reqs=251 score="[47 58 55 68 23]" criteria="[150 105 120 89]"
time=00:31:15.969 level=INFO msg=一定の売上が立ったためオーナーの椅子が増加します 名前=座心工房 増加数=2
time=00:31:15.997 level=INFO msg=一定の売上が立ったためオーナーの椅子が増加します 名前="SitWell Designs" 増加数=2
time=00:31:16.015 level=INFO msg=一定の売上が立ったためオーナーの椅子が増加します 名前=ChairCycle 増加数=3
time=00:31:16.029 level=INFO msg=一定の売上が立ったためオーナーの椅子が増加します 名前=ComfortWorks 増加数=2
time=00:31:16.033 level=INFO msg=一定の売上が立ったためオーナーの椅子が増加します 名前=椅子再生工房 増加数=1
time=00:31:17.675 level=DEBUG source=/tmp/isucon14/bench/benchmarker/scenario/scenario.go:315 msg=時間経過 tick=900
time=00:31:17.675 level=DEBUG source=/tmp/isucon14/bench/benchmarker/scenario/scenario.go:317 msg=eval reqs=278 score="[49 66 64 76 23]" criteria="[175 122 128 89]"
time=00:31:17.675 level=INFO msg=これまでに地域内の評判によって55人、既存ユーザーの招待経由で94人が新規登録しました
time=00:31:17.675 level=INFO msg=これまでに低評価なライドによって55人が利用をやめました
time=00:31:17.675 level=INFO msg=37.1%のライドは椅子がマッチされるまでの時間、56.1%のライドはマッチされた椅子が乗車地点までに掛かる時間、61.0%のライドは椅子の実移動時間に不満がありました
time=00:31:17.776 level=INFO msg=一定の売上が立ったためオーナーの椅子が増加します 名前=座心工房 増加数=1
time=00:31:17.800 level=INFO msg=一定の売上が立ったためオーナーの椅子が増加します 名前="SitWell Designs" 増加数=1
time=00:31:17.812 level=INFO msg=一定の売上が立ったためオーナーの椅子が増加します 名前=ChairCycle 増加数=1
time=00:31:17.851 level=INFO msg=一定の売上が立ったためオーナーの椅子が増加します 名前=椅子再生工房 増加数=3
time=00:31:17.878 level=INFO msg=一定の売上が立ったためオーナーの椅子が増加します 名前=ComfortWorks 増加数=2
time=00:31:18.082 level=WARN msg="ユーザー登録に失敗しました (CODE=17): POST /api/app/usersへのリクエストに対して、期待されたHTTPステータスコードが確認できませんでした (expected:201, actual:500)"
time=00:31:19.475 level=DEBUG source=/tmp/isucon14/bench/benchmarker/scenario/scenario.go:315 msg=時間経過 tick=960
time=00:31:19.475 level=DEBUG source=/tmp/isucon14/bench/benchmarker/scenario/scenario.go:317 msg=eval reqs=307 score="[49 71 78 86 23]" criteria="[204 145 135 93]"
time=00:31:19.485 level=INFO msg=一定の売上が立ったためオーナーの椅子が増加します 名前=ChairCycle 増加数=3
time=00:31:19.590 level=INFO msg=一定の売上が立ったためオーナーの椅子が増加します 名前="SitWell Designs" 増加数=1
time=00:31:19.623 level=INFO msg=一定の売上が立ったためオーナーの椅子が増加します 名前=ComfortWorks 増加数=2
time=00:31:19.664 level=INFO msg=一定の売上が立ったためオーナーの椅子が増加します 名前=椅子再生工房 増加数=1
time=00:31:19.680 level=INFO msg=一定の売上が立ったためオーナーの椅子が増加します 名前=座心工房 増加数=1
time=00:31:20.500 level=WARN msg="ユーザーが新しくライドを作成できませんでした (CODE=8): POST /api/app/ridesへのリクエストに対して、期待されたHTTPステータスコードが確認できませんでした (expected:202, actual:500)"
time=00:31:21.275 level=DEBUG source=/tmp/isucon14/bench/benchmarker/scenario/scenario.go:315 msg=時間経過 tick=1020
time=00:31:21.275 level=DEBUG source=/tmp/isucon14/bench/benchmarker/scenario/scenario.go:317 msg=eval reqs=344 score="[49 78 99 95 23]" criteria="[241 175 144 93]"
time=00:31:21.405 level=INFO msg=一定の売上が立ったためオーナーの椅子が増加します 名前=ComfortWorks 増加数=3
time=00:31:21.413 level=INFO msg=一定の売上が立ったためオーナーの椅子が増加します 名前="SitWell Designs" 増加数=2
time=00:31:21.469 level=INFO msg=一定の売上が立ったためオーナーの椅子が増加します 名前=ChairCycle 増加数=1
time=00:31:21.479 level=INFO msg=一定の売上が立ったためオーナーの椅子が増加します 名前=座心工房 増加数=2
time=00:31:21.523 level=INFO msg=一定の売上が立ったためオーナーの椅子が増加します 名前=椅子再生工房 増加数=1
time=00:31:23.077 level=DEBUG source=/tmp/isucon14/bench/benchmarker/scenario/scenario.go:315 msg=時間経過 tick=1080
time=00:31:23.077 level=DEBUG source=/tmp/isucon14/bench/benchmarker/scenario/scenario.go:317 msg=eval reqs=370 score="[49 85 114 99 23]" criteria="[267 194 148 93]"
time=00:31:23.077 level=INFO msg=これまでに地域内の評判によって67人、既存ユーザーの招待経由で114人が新規登録しました
time=00:31:23.077 level=INFO msg=これまでに低評価なライドによって61人が利用をやめました
time=00:31:23.077 level=INFO msg=27.8%のライドは椅子がマッチされるまでの時間、47.6%のライドはマッチされた椅子が乗車地点までに掛かる時間、67.4%のライドは椅子の実移動時間に不満がありました
time=00:31:23.714 level=INFO msg=一定の売上が立ったためオーナーの椅子が増加します 名前=ComfortWorks 増加数=2
time=00:31:23.721 level=INFO msg=一定の売上が立ったためオーナーの椅子が増加します 名前="SitWell Designs" 増加数=1
time=00:31:23.785 level=INFO msg=一定の売上が立ったためオーナーの椅子が増加します 名前=椅子再生工房 増加数=2
time=00:31:23.797 level=INFO msg=一定の売上が立ったためオーナーの椅子が増加します 名前=ChairCycle 増加数=2
time=00:31:24.905 level=DEBUG source=/tmp/isucon14/bench/benchmarker/scenario/scenario.go:315 msg=時間経過 tick=1140
time=00:31:24.905 level=DEBUG source=/tmp/isucon14/bench/benchmarker/scenario/scenario.go:317 msg=eval reqs=399 score="[49 95 130 102 23]" criteria="[296 212 150 95]"
time=00:31:24.921 level=INFO msg=一定の売上が立ったためオーナーの椅子が増加します 名前=ComfortWorks 増加数=1
time=00:31:25.014 level=INFO msg=一定の売上が立ったためオーナーの椅子が増加します 名前="SitWell Designs" 増加数=1
time=00:31:25.137 level=INFO msg=一定の売上が立ったためオーナーの椅子が増加します 名前=ChairCycle 増加数=1
time=00:31:25.149 level=INFO msg=一定の売上が立ったためオーナーの椅子が増加します 名前=座心工房 増加数=1
time=00:31:25.156 level=INFO msg=一定の売上が立ったためオーナーの椅子が増加します 名前=椅子再生工房 増加数=2
time=00:31:26.705 level=DEBUG source=/tmp/isucon14/bench/benchmarker/scenario/scenario.go:315 msg=時間経過 tick=1200
time=00:31:26.705 level=DEBUG source=/tmp/isucon14/bench/benchmarker/scenario/scenario.go:317 msg=eval reqs=432 score="[49 98 158 104 23]" criteria="[329 242 151 96]"
time=00:31:26.806 level=INFO msg=一定の売上が立ったためオーナーの椅子が増加します 名前=ChairCycle 増加数=1
time=00:31:26.814 level=INFO msg=一定の売上が立ったためオーナーの椅子が増加します 名前=座心工房 増加数=2
time=00:31:26.889 level=INFO msg=一定の売上が立ったためオーナーの椅子が増加します 名前="SitWell Designs" 増加数=2
time=00:31:26.901 level=INFO msg=一定の売上が立ったためオーナーの椅子が増加します 名前=椅子再生工房 増加数=1
time=00:31:26.961 level=INFO msg=一定の売上が立ったためオーナーの椅子が増加します 名前=ComfortWorks 増加数=2
time=00:31:28.505 level=INFO msg=これまでに地域内の評判によって79人、既存ユーザーの招待経由で119人が新規登録しました
time=00:31:28.505 level=INFO msg=これまでに低評価なライドによって71人が利用をやめました
time=00:31:28.505 level=INFO msg=22.1%のライドは椅子がマッチされるまでの時間、41.6%のライドはマッチされた椅子が乗車地点までに掛かる時間、73.2%のライドは椅子の実移動時間に不満がありました
time=00:31:28.505 level=DEBUG source=/tmp/isucon14/bench/benchmarker/scenario/scenario.go:315 msg=時間経過 tick=1260
time=00:31:28.505 level=DEBUG source=/tmp/isucon14/bench/benchmarker/scenario/scenario.go:317 msg=eval reqs=466 score="[49 102 186 105 24]" criteria="[363 272 152 98]"
time=00:31:28.736 level=INFO msg=一定の売上が立ったためオーナーの椅子が増加します 名前=ChairCycle 増加数=2
time=00:31:28.745 level=INFO msg=一定の売上が立ったためオーナーの椅子が増加します 名前=椅子再生工房 増加数=1
time=00:31:28.886 level=INFO msg=一定の売上が立ったためオーナーの椅子が増加します 名前="SitWell Designs" 増加数=2
time=00:31:30.305 level=DEBUG source=/tmp/isucon14/bench/benchmarker/scenario/scenario.go:315 msg=時間経過 tick=1320
time=00:31:30.305 level=DEBUG source=/tmp/isucon14/bench/benchmarker/scenario/scenario.go:317 msg=eval reqs=500 score="[49 106 211 110 24]" criteria="[397 302 155 100]"
time=00:31:30.552 level=INFO msg=一定の売上が立ったためオーナーの椅子が増加します 名前=ComfortWorks 増加数=3
time=00:31:30.553 level=INFO msg=一定の売上が立ったためオーナーの椅子が増加します 名前="SitWell Designs" 増加数=2
time=00:31:30.566 level=INFO msg=一定の売上が立ったためオーナーの椅子が増加します 名前=座心工房 増加数=2
time=00:31:30.581 level=INFO msg=一定の売上が立ったためオーナーの椅子が増加します 名前=ChairCycle 増加数=2
time=00:31:30.724 level=INFO msg=一定の売上が立ったためオーナーの椅子が増加します 名前=椅子再生工房 増加数=2
time=00:31:32.105 level=DEBUG source=/tmp/isucon14/bench/benchmarker/scenario/scenario.go:315 msg=時間経過 tick=1380
time=00:31:32.105 level=DEBUG source=/tmp/isucon14/bench/benchmarker/scenario/scenario.go:317 msg=eval reqs=538 score="[51 113 238 111 25]" criteria="[433 331 157 101]"
time=00:31:32.221 level=INFO msg=一定の売上が立ったためオーナーの椅子が増加します 名前="SitWell Designs" 増加数=1
time=00:31:32.237 level=INFO msg=一定の売上が立ったためオーナーの椅子が増加します 名前=座心工房 増加数=1
time=00:31:32.333 level=INFO msg=一定の売上が立ったためオーナーの椅子が増加します 名前=ChairCycle 増加数=3
time=00:31:32.482 level=INFO msg=一定の売上が立ったためオーナーの椅子が増加します 名前=椅子再生工房 増加数=2
time=00:31:33.905 level=INFO msg=これまでに地域内の評判によって91人、既存ユーザーの招待経由で130人が新規登録しました
time=00:31:33.905 level=INFO msg=これまでに低評価なライドによって73人が利用をやめました
time=00:31:33.905 level=INFO msg=18.6%のライドは椅子がマッチされるまでの時間、37.5%のライドはマッチされた椅子が乗車地点までに掛かる時間、76.7%のライドは椅子の実移動時間に不満がありました
time=00:31:33.905 level=DEBUG source=/tmp/isucon14/bench/benchmarker/scenario/scenario.go:315 msg=時間経過 tick=1440
time=00:31:33.905 level=DEBUG source=/tmp/isucon14/bench/benchmarker/scenario/scenario.go:317 msg=eval reqs=566 score="[51 118 257 113 27]" criteria="[461 354 161 103]"
time=00:31:34.067 level=INFO msg=一定の売上が立ったためオーナーの椅子が増加します 名前=座心工房 増加数=1
time=00:31:34.191 level=INFO msg=一定の売上が立ったためオーナーの椅子が増加します 名前="SitWell Designs" 増加数=1
time=00:31:34.357 level=INFO msg=一定の売上が立ったためオーナーの椅子が増加します 名前=ComfortWorks 増加数=2
time=00:31:34.709 level=INFO msg=一定の売上が立ったためオーナーの椅子が増加します 名前=椅子再生工房 増加数=1
time=00:31:35.705 level=DEBUG source=/tmp/isucon14/bench/benchmarker/scenario/scenario.go:315 msg=時間経過 tick=1500
time=00:31:35.705 level=DEBUG source=/tmp/isucon14/bench/benchmarker/scenario/scenario.go:317 msg=eval reqs=606 score="[54 125 285 115 27]" criteria="[498 384 162 104]"
time=00:31:35.921 level=INFO msg=一定の売上が立ったためオーナーの椅子が増加します 名前=ComfortWorks 増加数=3
time=00:31:36.012 level=INFO msg=一定の売上が立ったためオーナーの椅子が増加します 名前=椅子再生工房 増加数=2
time=00:31:36.013 level=INFO msg=一定の売上が立ったためオーナーの椅子が増加します 名前="SitWell Designs" 増加数=1
time=00:31:36.038 level=INFO msg=一定の売上が立ったためオーナーの椅子が増加します 名前=座心工房 増加数=2
time=00:31:36.075 level=INFO msg=一定の売上が立ったためオーナーの椅子が増加します 名前=ChairCycle 増加数=2
time=00:31:37.505 level=DEBUG source=/tmp/isucon14/bench/benchmarker/scenario/scenario.go:315 msg=時間経過 tick=1560
time=00:31:37.505 level=DEBUG source=/tmp/isucon14/bench/benchmarker/scenario/scenario.go:317 msg=eval reqs=640 score="[54 130 311 118 27]" criteria="[532 413 164 105]"
time=00:31:37.561 level=INFO msg=一定の売上が立ったためオーナーの椅子が増加します 名前=座心工房 増加数=1
time=00:31:37.694 level=INFO msg=一定の売上が立ったためオーナーの椅子が増加します 名前="SitWell Designs" 増加数=2
time=00:31:37.734 level=INFO msg=一定の売上が立ったためオーナーの椅子が増加します 名前=椅子再生工房 増加数=2
time=00:31:37.768 level=INFO msg=一定の売上が立ったためオーナーの椅子が増加します 名前=ComfortWorks 増加数=1
time=00:31:37.815 level=INFO msg=一定の売上が立ったためオーナーの椅子が増加します 名前=ChairCycle 増加数=1
time=00:31:39.305 level=DEBUG source=/tmp/isucon14/bench/benchmarker/scenario/scenario.go:315 msg=時間経過 tick=1620
time=00:31:39.305 level=DEBUG source=/tmp/isucon14/bench/benchmarker/scenario/scenario.go:317 msg=eval reqs=672 score="[55 131 339 120 27]" criteria="[563 443 165 106]"
time=00:31:39.305 level=INFO msg=これまでに地域内の評判によって103人、既存ユーザーの招待経由で136人が新規登録しました
time=00:31:39.305 level=INFO msg=これまでに低評価なライドによって78人が利用をやめました
time=00:31:39.305 level=INFO msg=16.2%のライドは椅子がマッチされるまでの時間、34.1%のライドはマッチされた椅子が乗車地点までに掛かる時間、79.8%のライドは椅子の実移動時間に不満がありました
time=00:31:39.492 level=INFO msg=一定の売上が立ったためオーナーの椅子が増加します 名前=座心工房 増加数=1
time=00:31:39.675 level=INFO msg=一定の売上が立ったためオーナーの椅子が増加します 名前=ChairCycle 増加数=2
time=00:31:39.683 level=INFO msg=一定の売上が立ったためオーナーの椅子が増加します 名前="SitWell Designs" 増加数=1
time=00:31:39.684 level=INFO msg=一定の売上が立ったためオーナーの椅子が増加します 名前=ComfortWorks 増加数=2
time=00:31:41.105 level=DEBUG source=/tmp/isucon14/bench/benchmarker/scenario/scenario.go:315 msg=時間経過 tick=1680
time=00:31:41.105 level=DEBUG source=/tmp/isucon14/bench/benchmarker/scenario/scenario.go:317 msg=eval reqs=710 score="[55 135 369 124 27]" criteria="[601 477 168 107]"
time=00:31:41.210 level=INFO msg=一定の売上が立ったためオーナーの椅子が増加します 名前=座心工房 増加数=1
time=00:31:41.326 level=INFO msg=一定の売上が立ったためオーナーの椅子が増加します 名前=ChairCycle 増加数=2
time=00:31:41.427 level=INFO msg=一定の売上が立ったためオーナーの椅子が増加します 名前=椅子再生工房 増加数=2
time=00:31:41.469 level=INFO msg=一定の売上が立ったためオーナーの椅子が増加します 名前=ComfortWorks 増加数=1
time=00:31:41.487 level=INFO msg=一定の売上が立ったためオーナーの椅子が増加します 名前="SitWell Designs" 増加数=1
time=00:31:42.905 level=DEBUG source=/tmp/isucon14/bench/benchmarker/scenario/scenario.go:315 msg=時間経過 tick=1740
time=00:31:42.905 level=DEBUG source=/tmp/isucon14/bench/benchmarker/scenario/scenario.go:317 msg=eval reqs=742 score="[55 136 399 125 27]" criteria="[632 509 169 107]"
time=00:31:42.993 level=INFO msg=一定の売上が立ったためオーナーの椅子が増加します 名前="SitWell Designs" 増加数=2
time=00:31:43.086 level=INFO msg=一定の売上が立ったためオーナーの椅子が増加します 名前=ComfortWorks 増加数=1
time=00:31:43.203 level=INFO msg=一定の売上が立ったためオーナーの椅子が増加します 名前=椅子再生工房 増加数=2
time=00:31:43.430 level=INFO msg=一定の売上が立ったためオーナーの椅子が増加します 名前=ChairCycle 増加数=1
time=00:31:44.705 level=DEBUG source=/tmp/isucon14/bench/benchmarker/scenario/scenario.go:315 msg=時間経過 tick=1800
time=00:31:44.705 level=DEBUG source=/tmp/isucon14/bench/benchmarker/scenario/scenario.go:317 msg=eval reqs=786 score="[55 139 438 127 27]" criteria="[674 550 171 109]"
time=00:31:44.705 level=INFO msg=これまでに地域内の評判によって115人、既存ユーザーの招待経由で143人が新規登録しました
time=00:31:44.705 level=INFO msg=これまでに低評価なライドによって80人が利用をやめました
time=00:31:44.705 level=INFO msg=14.2%のライドは椅子がマッチされるまでの時間、30.0%のライドはマッチされた椅子が乗車地点までに掛かる時間、82.2%のライドは椅子の実移動時間に不満がありました
time=00:31:44.874 level=INFO msg=一定の売上が立ったためオーナーの椅子が増加します 名前=座心工房 増加数=1
time=00:31:44.897 level=INFO msg=一定の売上が立ったためオーナーの椅子が増加します 名前=ComfortWorks 増加数=2
time=00:31:44.967 level=INFO msg=一定の売上が立ったためオーナーの椅子が増加します 名前=ChairCycle 増加数=2
time=00:31:45.036 level=INFO msg=一定の売上が立ったためオーナーの椅子が増加します 名前=椅子再生工房 増加数=1
time=00:31:45.304 level=INFO msg=一定の売上が立ったためオーナーの椅子が増加します 名前="SitWell Designs" 増加数=1
time=00:31:46.505 level=DEBUG source=/tmp/isucon14/bench/benchmarker/scenario/scenario.go:315 msg=時間経過 tick=1860
time=00:31:46.505 level=DEBUG source=/tmp/isucon14/bench/benchmarker/scenario/scenario.go:317 msg=eval reqs=821 score="[55 144 467 128 27]" criteria="[708 581 172 109]"
time=00:31:46.617 level=INFO msg=一定の売上が立ったためオーナーの椅子が増加します 名前=椅子再生工房 増加数=2
time=00:31:46.786 level=INFO msg=一定の売上が立ったためオーナーの椅子が増加します 名前="SitWell Designs" 増加数=1
time=00:31:47.067 level=INFO msg=一定の売上が立ったためオーナーの椅子が増加します 名前=ChairCycle 増加数=1
time=00:31:47.208 level=INFO msg=一定の売上が立ったためオーナーの椅子が増加します 名前=座心工房 増加数=2
time=00:31:48.305 level=DEBUG source=/tmp/isucon14/bench/benchmarker/scenario/scenario.go:315 msg=時間経過 tick=1920
time=00:31:48.305 level=DEBUG source=/tmp/isucon14/bench/benchmarker/scenario/scenario.go:317 msg=eval reqs=855 score="[55 148 493 132 27]" criteria="[742 611 172 113]"
time=00:31:48.426 level=INFO msg=一定の売上が立ったためオーナーの椅子が増加します 名前=ComfortWorks 増加数=2
time=00:31:48.652 level=INFO msg=一定の売上が立ったためオーナーの椅子が増加します 名前="SitWell Designs" 増加数=2
time=00:31:48.663 level=INFO msg=一定の売上が立ったためオーナーの椅子が増加します 名前=ChairCycle 増加数=1
time=00:31:48.684 level=INFO msg=一定の売上が立ったためオーナーの椅子が増加します 名前=椅子再生工房 増加数=1
time=00:31:49.482 level=WARN msg="取得したオーナーの椅子一覧の情報が想定しているものと異なります (CODE=26): total_distanceの反映が遅いデータがあります (id: 01M3F5EZ4SJVB3EYS1YQ59WBN6)"
time=00:31:50.105 level=INFO msg=これまでに地域内の評判によって127人、既存ユーザーの招待経由で148人が新規登録しました
time=00:31:50.105 level=INFO msg=これまでに低評価なライドによって82人が利用をやめました
time=00:31:50.105 level=INFO msg=12.8%のライドは椅子がマッチされるまでの時間、27.8%のライドはマッチされた椅子が乗車地点までに掛かる時間、83.8%のライドは椅子の実移動時間に不満がありました
time=00:31:50.105 level=DEBUG source=/tmp/isucon14/bench/benchmarker/scenario/scenario.go:315 msg=時間経過 tick=1980
time=00:31:50.105 level=DEBUG source=/tmp/isucon14/bench/benchmarker/scenario/scenario.go:317 msg=eval reqs=880 score="[55 149 517 132 27]" criteria="[767 635 172 113]"
time=00:31:50.165 level=INFO msg=一定の売上が立ったためオーナーの椅子が増加します 名前=ComfortWorks 増加数=1
time=00:31:50.352 level=INFO msg=一定の売上が立ったためオーナーの椅子が増加します 名前=座心工房 増加数=1
time=00:31:50.530 level=INFO msg=一定の売上が立ったためオーナーの椅子が増加します 名前=ChairCycle 増加数=1
time=00:31:51.187 level=INFO msg=一定の売上が立ったためオーナーの椅子が増加します 名前=椅子再生工房 増加数=1
time=00:31:55.675 level=INFO msg=最終地域情報 名前=チェアタウン ユーザー登録数=143 アクティブユーザー数=102
time=00:31:55.675 level=INFO msg=最終地域情報 名前=コシカケシティ ユーザー登録数=148 アクティブユーザー数=107
time=00:31:55.675 level=INFO msg=最終オーナー情報 名前="SitWell Designs" 売上=917500 椅子数=42
time=00:31:55.675 level=INFO msg=最終オーナー情報 名前=椅子再生工房 売上=1201000 椅子数=51
time=00:31:55.675 level=INFO msg=最終オーナー情報 名前=座心工房 売上=598300 椅子数=32
time=00:31:55.675 level=INFO msg=最終オーナー情報 名前=ChairCycle 売上=1241300 椅子数=52
time=00:31:55.675 level=INFO msg=最終オーナー情報 名前=ComfortWorks 売上=1419600 椅子数=56
time=00:31:55.675 level=INFO msg=12.6%のライドは椅子がマッチされるまでの時間、27.1%のライドはマッチされた椅子が乗車地点までに掛かる時間、84.3%のライドは椅子の実移動時間に不満がありました
time=00:31:55.675 level=INFO msg=結果 pass=true スコア=61682 種別エラー数="map[8:1 17:4 26:1]"
time=00:31:55.675 level=INFO msg=負荷走行が終了しました
