2026-09-26T15:30:49+00:00
COMMAND         %CPU   RSS
mysqld          16.3 1084468
nginx            0.9 17032
nginx            0.9 17024
systemd-journal  0.5 194276
rsyslogd         0.2  5240
jbd2/sda1-8      0.2     0
kworker/1:1H-kb  0.1     0
kworker/0:1H-kb  0.1     0
rcu_preempt      0.1     0
2026-09-26T15:30:51+00:00
COMMAND         %CPU   RSS
mysqld          16.3 1085876
bench            9.0 51400
nginx            0.9 17032
nginx            0.9 17024
isuride          0.8 15184
systemd-journal  0.5 194840
rsyslogd         0.2  5240
jbd2/sda1-8      0.2     0
kworker/1:1H-kb  0.1     0
2026-09-26T15:30:53+00:00
COMMAND         %CPU   RSS
mysqld          16.3 1086900
bench           13.7 68892
isuride          3.0 16040
nginx            0.9 17032
nginx            0.9 17024
systemd-journal  0.5 199308
rsyslogd         0.2  5240
jbd2/sda1-8      0.2     0
kworker/1:1H-kb  0.1     0
2026-09-26T15:30:55+00:00
COMMAND         %CPU   RSS
bench           18.6 101516
mysqld          16.3 1088824
isuride          5.3 16224
nginx            0.9 17032
nginx            0.9 17024
systemd-journal  0.5 201880
rsyslogd         0.2  5240
jbd2/sda1-8      0.2     0
kworker/1:1H-kb  0.1     0
2026-09-26T15:30:57+00:00
COMMAND         %CPU   RSS
bench           20.3 129012
mysqld          16.3 1092224
isuride          7.7 17636
nginx            0.9 17032
nginx            0.9 17024
systemd-journal  0.5 207748
rsyslogd         0.2  5240
jbd2/sda1-8      0.2     0
kworker/1:1H-kb  0.1     0
2026-09-26T15:30:59+00:00
COMMAND         %CPU   RSS
bench           21.6 160472
mysqld          16.3 1095700
isuride          9.7 19188
nginx            0.9 17032
nginx            0.9 17024
systemd-journal  0.5 210544
rsyslogd         0.2  5240
jbd2/sda1-8      0.2     0
kworker/1:1H-kb  0.1     0
2026-09-26T15:31:01+00:00
COMMAND         %CPU   RSS
bench           22.4 178216
mysqld          16.3 1099296
isuride         11.6 19864
nginx            0.9 17032
nginx            0.9 17024
systemd-journal  0.5 210808
rsyslogd         0.2  5240
jbd2/sda1-8      0.2     0
kworker/1:1H-kb  0.1     0
2026-09-26T15:31:03+00:00
COMMAND         %CPU   RSS
bench           22.4 198024
mysqld          16.3 1102820
isuride         13.3 20624
nginx            0.9 17032
nginx            0.9 17024
systemd-journal  0.5 210808
rsyslogd         0.2  5240
jbd2/sda1-8      0.2     0
kworker/1:1H-kb  0.1     0
2026-09-26T15:31:05+00:00
COMMAND         %CPU   RSS
bench           22.5 215812
mysqld          16.3 1105836
isuride         14.8 22488
curl            10.0 12324
nginx            0.9 17032
nginx            0.9 17024
systemd-journal  0.5 210808
rsyslogd         0.2  5240
jbd2/sda1-8      0.2     0
2026-09-26T15:31:07+00:00
COMMAND         %CPU   RSS
bench           22.6 224172
mysqld          16.3 1108996
isuride         16.2 22396
curl             6.2 12324
nginx            0.9 17032
nginx            0.9 17024
systemd-journal  0.5 210808
rsyslogd         0.3  5240
jbd2/sda1-8      0.2     0
2026-09-26T15:31:09+00:00
COMMAND         %CPU   RSS
bench           22.6 231712
isuride         17.4 21940
mysqld          16.3 1113780
nginx            0.9 17032
nginx            0.9 17024
systemd-journal  0.5 210808
rsyslogd         0.3  5240
jbd2/sda1-8      0.2     0
kworker/1:1H-kb  0.1     0
2026-09-26T15:31:11+00:00
COMMAND         %CPU   RSS
bench           22.8 240636
isuride         18.5 24224
mysqld          16.3 1117480
nginx            0.9 17032
nginx            0.9 17024
systemd-journal  0.5 210808
rsyslogd         0.3  5240
jbd2/sda1-8      0.2     0
kworker/1:1H-kb  0.1     0
2026-09-26T15:31:13+00:00
COMMAND         %CPU   RSS
bench           22.9 255328
isuride         19.6 23728
mysqld          16.3 1120568
nginx            0.9 17032
nginx            0.9 17024
systemd-journal  0.5 210808
rsyslogd         0.3  5240
jbd2/sda1-8      0.2     0
kworker/1:1H-kb  0.1     0
2026-09-26T15:31:15+00:00
COMMAND         %CPU   RSS
bench           23.2 272112
isuride         20.4 24896
mysqld          16.3 1124176
nginx            0.9 17032
nginx            0.9 17024
systemd-journal  0.5 210808
rsyslogd         0.3  5240
jbd2/sda1-8      0.2     0
kworker/1:1H-kb  0.1     0
2026-09-26T15:31:17+00:00
COMMAND         %CPU   RSS
bench           23.2 277660
isuride         21.2 25696
mysqld          16.3 1126532
nginx            0.9 17032
nginx            0.9 17024
systemd-journal  0.5 210808
rsyslogd         0.3  5244
jbd2/sda1-8      0.2     0
kworker/1:1H-kb  0.1     0
2026-09-26T15:31:19+00:00
COMMAND         %CPU   RSS
bench           23.4 299496
isuride         21.8 29492
mysqld          16.4 1129748
nginx            0.9 17032
nginx            0.9 17024
systemd-journal  0.5 211664
rsyslogd         0.3  5244
jbd2/sda1-8      0.2     0
kworker/1:1H-kb  0.1     0
2026-09-26T15:31:21+00:00
COMMAND         %CPU   RSS
bench           23.7 332280
isuride         22.3 29636
mysqld          16.4 1129836
nginx            0.9 17032
nginx            0.9 17024
systemd-journal  0.5 217288
rsyslogd         0.3  5244
jbd2/sda1-8      0.2     0
kworker/1:1H-kb  0.1     0
2026-09-26T15:31:23+00:00
COMMAND         %CPU   RSS
bench           24.0 333764
isuride         22.8 30896
mysqld          16.4 1130860
nginx            0.9 17032
nginx            0.9 17024
systemd-journal  0.5 219024
rsyslogd         0.3  5244
jbd2/sda1-8      0.2     0
kworker/1:1H-kb  0.1     0
2026-09-26T15:31:25+00:00
COMMAND         %CPU   RSS
bench           24.0 354368
isuride         23.3 32044
mysqld          16.4 1133468
curl             3.1 12324
nginx            0.9 17032
nginx            0.9 17024
systemd-journal  0.5 223016
rsyslogd         0.3  5244
jbd2/sda1-8      0.2     0
2026-09-26T15:31:27+00:00
COMMAND         %CPU   RSS
bench           23.9 366988
isuride         23.7 30672
mysqld          16.4 1132076
nginx            0.9 17032
nginx            0.9 17024
systemd-journal  0.5 226612
rsyslogd         0.3  5244
jbd2/sda1-8      0.2     0
kworker/1:1H-kb  0.1     0
2026-09-26T15:31:29+00:00
COMMAND         %CPU   RSS
isuride         24.1 33008
bench           24.0 370312
mysqld          16.4 1135056
nginx            0.9 17032
nginx            0.9 17024
systemd-journal  0.5 227280
rsyslogd         0.3  5244
jbd2/sda1-8      0.2     0
kworker/1:1H-kb  0.1     0
2026-09-26T15:31:31+00:00
COMMAND         %CPU   RSS
isuride         24.5 31684
bench           24.0 393416
mysqld          16.4 1136060
nginx            0.9 17032
nginx            0.9 17024
systemd-journal  0.5 227280
rsyslogd         0.3  5244
jbd2/sda1-8      0.2     0
kworker/1:1H-kb  0.1     0
2026-09-26T15:31:33+00:00
COMMAND         %CPU   RSS
isuride         24.9 36156
bench           24.0 394392
mysqld          16.4 1137036
nginx            0.9 17032
nginx            0.9 17024
systemd-journal  0.5 227280
rsyslogd         0.3  5244
jbd2/sda1-8      0.2     0
kworker/1:1H-kb  0.1     0
2026-09-26T15:31:35+00:00
COMMAND         %CPU   RSS
isuride         25.2 37448
bench           24.1 430292
mysqld          16.4 1139112
nginx            0.9 17032
nginx            0.9 17024
systemd-journal  0.5 227280
rsyslogd         0.3  5244
jbd2/sda1-8      0.2     0
kworker/1:1H-kb  0.1     0
2026-09-26T15:31:37+00:00
COMMAND         %CPU   RSS
isuride         25.5 37904
bench           24.2 432724
mysqld          16.4 1139888
curl             1.5 12324
nginx            0.9 17032
nginx            0.9 17024
systemd-journal  0.5 227280
rsyslogd         0.3  5244
jbd2/sda1-8      0.2     0
2026-09-26T15:31:39+00:00
COMMAND         %CPU   RSS
isuride         25.8 37752
bench           24.2 437024
mysqld          16.4 1139980
nginx            0.9 17032
nginx            0.9 17024
systemd-journal  0.5 227280
rsyslogd         0.3  5244
jbd2/sda1-8      0.2     0
kworker/1:1H-kb  0.1     0
2026-09-26T15:31:41+00:00
COMMAND         %CPU   RSS
isuride         26.0 38816
bench           24.2 455560
mysqld          16.4 1140108
nginx            0.9 17032
nginx            0.9 17024
systemd-journal  0.5 227280
rsyslogd         0.3  5244
jbd2/sda1-8      0.2     0
kworker/1:1H-kb  0.1     0
2026-09-26T15:31:43+00:00
COMMAND         %CPU   RSS
isuride         26.3 39100
bench           24.2 457188
mysqld          16.4 1141204
nginx            0.9 17032
nginx            0.9 17024
systemd-journal  0.5 227280
rsyslogd         0.3  5244
jbd2/sda1-8      0.2     0
kworker/1:1H-kb  0.1     0
2026-09-26T15:31:45+00:00
COMMAND         %CPU   RSS
isuride         26.5 40256
bench           24.2 480572
mysqld          16.5 1142448
curl             2.7 12324
nginx            0.9 17032
nginx            0.9 17024
systemd-journal  0.5 227280
rsyslogd         0.3  5244
jbd2/sda1-8      0.2     0
2026-09-26T15:31:48+00:00
COMMAND         %CPU   RSS
isuride         26.7 42560
bench           24.2 482704
mysqld          16.5 1146292
nginx            0.9 17032
nginx            0.9 17024
systemd-journal  0.5 227280
rsyslogd         0.3  5244
jbd2/sda1-8      0.2     0
kworker/1:1H-kb  0.1     0
2026-09-26T15:31:50+00:00
COMMAND         %CPU   RSS
isuride         26.9 43456
bench           24.1 484052
mysqld          16.5 1142448
curl             1.1 12324
nginx            0.9 17032
nginx            0.9 17024
systemd-journal  0.5 228308
rsyslogd         0.3  5244
jbd2/sda1-8      0.2     0
2026-09-26T15:31:52+00:00
COMMAND         %CPU   RSS
isuride         27.2 36756
bench           24.1 506636
mysqld          16.5 1142448
nginx            0.9 17032
nginx            0.9 17024
systemd-journal  0.5 234476
rsyslogd         0.3  5240
jbd2/sda1-8      0.2     0
kworker/1:1H-kb  0.1     0
2026-09-26T15:31:54+00:00
COMMAND         %CPU   RSS
isuride         27.5 34908
bench           24.0 506636
mysqld          16.5 1142448
nginx            0.9 17032
nginx            0.9 17024
systemd-journal  0.5 242392
rsyslogd         0.3  5240
jbd2/sda1-8      0.2     0
kworker/1:1H-kb  0.1     0
