procs -----------memory---------- ---swap-- -----io---- -system-- -------cpu------- -----timestamp-----
 r  b   swpd   free   buff  cache   si   so    bi    bo   in   cs us sy id wa st gu                 UTC
 2  1      0 665992  69780 2009508    0    0    79  3010 3028   56 11  5 83  0  0  0 2026-09-26 15:30:49
 9  1      0 632264  69788 2006976    0    0   208 63908 18209 41097 32 13 40 15  0  0 2026-09-26 15:30:50
 3  0      0 631264  69788 2008664    0    0     0 12548 20189 62482 18 14 67  2  0  0 2026-09-26 15:30:51
 4  0      0 627100  69788 2010004    0    0     0 15040 30338 95207 31 20 46  2  0  0 2026-09-26 15:30:52
12  0      0 616040  69788 2011900    0    0     0 23488 29625 119156 39 35 23  3  0  0 2026-09-26 15:30:53
18  0      0 593008  69788 2014288    0    0     0 29444 24946 114182 55 37  7  1  0  0 2026-09-26 15:30:54
13  0      0 573380  69788 2016644    0    0     0 25172 27071 124843 53 36 10  1  0  0 2026-09-26 15:30:55
13  0      0 551944  69788 2020284    0    0     0 40300 25022 117718 56 37  6  1  0  0 2026-09-26 15:30:56
40  1      0 531056  69788 2024100    0    0     0 30492 22846 116207 56 41  3  1  0  0 2026-09-26 15:30:57
33  1      0 517636  69788 2026904    0    0     0 31104 22078 110910 60 39  1  0  0  0 2026-09-26 15:30:58
19  0      0 487716  69788 2029272    0    0     0 31812 20859 107789 59 40  1  1  0  0 2026-09-26 15:30:59
13  1      0 477116  69788 2031044    0    0     0 29352 20103 106718 60 40  1  0  0  0 2026-09-26 15:31:00
47  0      0 460984  69788 2033624    0    0     0 30180 21028 103588 58 40  1  1  0  0 2026-09-26 15:31:01
37  0      0 448656  69788 2035256    0    0     0 28244 22938 106407 58 42  1  0  0  0 2026-09-26 15:31:02
13  1      0 433220  69788 2037460    0    0     0 26256 22437 103555 59 39  2  1  0  0 2026-09-26 15:31:03
15  0      0 424428  69788 2039824    0    0     0 27060 18567 99982 61 38  1  1  0  0 2026-09-26 15:31:04
56  0      0 403380  69788 2042084    0    0     4 35116 22726 100908 59 39  1  1  0  0 2026-09-26 15:31:05
55  0      0 400604  69788 2044564    0    0     0 42776 22103 109040 62 37  1  0  0  0 2026-09-26 15:31:06
11  0      0 390836  69788 2047020    0    0     0 29260 21562 103794 59 41  1  0  0  0 2026-09-26 15:31:07
14  1      0 373984  69788 2049344    0    0     0 33144 20402 103869 60 39  1  1  0  0 2026-09-26 15:31:08
23  0      0 366192  69788 2052916    0    0     4 27188 20703 101308 62 38  0  0  0  0 2026-09-26 15:31:09
procs -----------memory---------- ---swap-- -----io---- -system-- -------cpu------- -----timestamp-----
 r  b   swpd   free   buff  cache   si   so    bi    bo   in   cs us sy id wa st gu                 UTC
40  0      0 355968  69788 2055416    0    0     0 26940 21139 107283 61 37  2  1  0  0 2026-09-26 15:31:10
 4  1      0 345384  69788 2059140    0    0     0 30148 19994 106498 60 39  1  1  0  0 2026-09-26 15:31:11
14  0      0 341660  69788 2061860    0    0     4 27796 21599 105061 60 39  1  0  0  0 2026-09-26 15:31:12
41  1      0 322508  69788 2064416    0    0     0 28564 21802 103681 61 37  2  1  0  0 2026-09-26 15:31:13
45  1      0 318296  69788 2066712    0    0     0 27860 19955 98257 61 39  0  1  0  0 2026-09-26 15:31:14
21  1      0 298012  69788 2068888    0    0     0 31604 21509 100239 63 37  1  0  0  0 2026-09-26 15:31:15
23  1      0 290960  69788 2071280    0    0     4 29504 20102 101462 62 38  1  0  0  0 2026-09-26 15:31:16
57  0      0 286412  69788 2073696    0    0     0 26700 20294 101662 64 36  1  0  0  0 2026-09-26 15:31:17
52  0      0 256768  69788 2076016    0    0     0 31896 20665 95893 63 36  0  0  0  0 2026-09-26 15:31:18
10  0      0 253196  69788 2078900    0    0     0 29848 18177 102347 62 37  1  0  0  0 2026-09-26 15:31:19
35  0      0 242652  69788 2082008    0    0     4 28408 21177 96072 65 35  0  0  0  0 2026-09-26 15:31:20
13  1      0 211760  69788 2084884    0    0     0 32572 20570 93307 63 36  1  0  0  0 2026-09-26 15:31:21
50  0      0 208792  69788 2087672    0    0     0 24972 18602 83721 62 37  1  1  0  0 2026-09-26 15:31:22
17  1      0 203424  69788 2089672    0    0    56 15368 11561 46655 61 39  1  0  0  0 2026-09-26 15:31:23
45  1      0 198420  69788 2092704    0    0     0 39648 18502 89225 64 35  1  1  0  0 2026-09-26 15:31:24
 4  1      0 179476  69788 2096576    0    0     4 35444 21141 98449 60 36  3  2  0  0 2026-09-26 15:31:25
49  0      0 156072  69788 2098924    0    0     0 27824 20434 93230 62 35  2  1  0  0 2026-09-26 15:31:26
33  1      0 150816  69788 2101472    0    0     0 27588 22785 98146 62 37  2  1  0  0 2026-09-26 15:31:27
26  1      0 144516  69788 2105168    0    0     0 28880 21993 96397 64 36  1  0  0  0 2026-09-26 15:31:28
15  0      0 129396  69788 2107308    0    0     4 33128 18280 91054 63 36  1  1  0  0 2026-09-26 15:31:29
45  1      0 113588  69788 2109496    0    0     0 25512 17743 92593 63 36  2  0  0  0 2026-09-26 15:31:30
procs -----------memory---------- ---swap-- -----io---- -system-- -------cpu------- -----timestamp-----
 r  b   swpd   free   buff  cache   si   so    bi    bo   in   cs us sy id wa st gu                 UTC
58  1      0 107328  69788 2111960    0    0     0 24428 20469 96448 63 34  2  1  0  0 2026-09-26 15:31:31
44  0      0 106600  69788 2113832    0    0     0 27124 20052 98153 63 36  1  1  0  0 2026-09-26 15:31:32
 9  1      0  97600  69788 2115740    0    0     0 27180 18443 94106 62 37  1  0  0  0 2026-09-26 15:31:33
41  0      0  82128  69788 2118024    0    0     0 38780 19394 96822 64 33  3  1  0  0 2026-09-26 15:31:34
42  1      0  99440  68560 2081660    0    0     0 30328 17488 85852 65 34  1  1  0  0 2026-09-26 15:31:35
40  0      0  89776  68560 2084328    0    0     0 25452 21002 93274 63 35  1  1  0  0 2026-09-26 15:31:36
15  0      0  87608  68560 2086156    0    0     4 26468 21590 96397 62 35  3  1  0  0 2026-09-26 15:31:37
32  1      0  79612  68560 2088268    0    0     0 25968 18869 89039 64 34  2  1  0  0 2026-09-26 15:31:38
30  0      0  77000  68560 2090396    0    0     0 25288 18374 85915 64 34  2  1  0  0 2026-09-26 15:31:39
14  0      0  75380  68532 2071284    0    0     0 25900 19607 87595 65 32  2  1  0  0 2026-09-26 15:31:40
19  1      0  73116  68532 2072964    0    0     0 26548 20312 90788 64 35  1  0  0  0 2026-09-26 15:31:41
49  0      0  89588  68508 2054428    0    0     4 24076 20364 91734 66 32  2  1  0  0 2026-09-26 15:31:42
13  0      0  85316  68508 2057672    0    0     0 26804 19657 93806 63 36  1  1  0  0 2026-09-26 15:31:43
10  0      0  76392  68508 2061448    0    0     0 24464 19676 91276 66 35  0  0  0  0 2026-09-26 15:31:44
50  0      0  77552  68488 2047960    0    0     0 26644 18955 95130 64 34  2  0  0  0 2026-09-26 15:31:45
52  0      0  90636  68488 2033288    0    0     4 28632 20219 88629 65 34  1  1  0  0 2026-09-26 15:31:46
42  1      0  80108  68488 2035444    0    0     0 26476 20646 96222 65 35  0  0  0  0 2026-09-26 15:31:47
48  0      0  79472  68488 2037796    0    0     0 23496 18750 91401 67 33  0  0  0  0 2026-09-26 15:31:48
56  1      0  73888  68492 2032148    0    0     0 29316 19807 89990 66 34  1  0  0  0 2026-09-26 15:31:49
24  1      0  89808  68492 2014752    0    0     0 26440 20287 95067 63 37  0  0  0  0 2026-09-26 15:31:50
26  0      0  84960  68492 2017120    0    0     4 18528 19594 100145 66 34  0  0  0  0 2026-09-26 15:31:51
procs -----------memory---------- ---swap-- -----io---- -system-- -------cpu------- -----timestamp-----
 r  b   swpd   free   buff  cache   si   so    bi    bo   in   cs us sy id wa st gu                 UTC
21  0      0  81704  68492 2022528    0    0     0  6628 19772 111934 71 27  2  0  0  0 2026-09-26 15:31:52
24  0      0  77228  68492 2025372    0    0     0  4276 20689 113315 72 27  2  0  0  0 2026-09-26 15:31:53
19  0      0  74460  68492 2027048    0    0     0 24060 16443 108419 70 29  1  0  0  0 2026-09-26 15:31:54
