2026-09-26T08:51:17+00:00
COMMAND         %CPU   RSS
snapd            1.3 45428
mysqld           0.9 450600
systemd          0.7 13036
nginx            0.2  7996
nginx            0.2  7996
kworker/u4:5-ev  0.2     0
systemd-journal  0.1 12168
kworker/u4:2-fl  0.1     0
jbd2/sda1-8      0.1     0
2026-09-26T08:51:19+00:00
COMMAND         %CPU   RSS
bench           10.3 49892
mysqld           2.5 526624
snapd            1.3 45428
isuride          0.8 14948
systemd          0.7 13036
nginx            0.4  8652
nginx            0.3  8576
kworker/u4:5-ev  0.2     0
systemd-journal  0.1 12460
2026-09-26T08:51:21+00:00
COMMAND         %CPU   RSS
bench            9.9 53220
mysqld           4.8 545552
isuride          2.2 15788
snapd            1.3 45428
systemd          0.7 13036
nginx            0.5  8652
nginx            0.4  8576
kworker/u4:5-ev  0.2     0
systemd-journal  0.1 13224
2026-09-26T08:51:23+00:00
COMMAND         %CPU   RSS
bench            9.6 53576
mysqld           7.3 581280
isuride          3.5 15568
snapd            1.3 45428
systemd          0.7 13036
nginx            0.6  8652
nginx            0.5  8576
kworker/u4:5-ev  0.2     0
systemd-journal  0.1 13924
2026-09-26T08:51:25+00:00
COMMAND         %CPU   RSS
mysqld           9.8 540056
bench            9.4 54572
isuride          4.4 16108
snapd            1.3 45428
nginx            0.7  8652
systemd          0.6 13036
nginx            0.6  8576
systemd-journal  0.2 14628
kworker/u4:5-ev  0.2     0
2026-09-26T08:51:27+00:00
COMMAND         %CPU   RSS
mysqld          12.4 543032
bench            9.0 54652
isuride          5.3 16192
snapd            1.3 45428
nginx            0.7  8656
nginx            0.7  8580
systemd          0.6 13036
systemd-journal  0.2 15328
kworker/u4:5-ev  0.1     0
2026-09-26T08:51:29+00:00
COMMAND         %CPU   RSS
mysqld          14.8 545584
curl            14.2 12312
bench            8.7 55100
isuride          6.0 16252
snapd            1.3 45428
nginx            0.8  8656
nginx            0.7  8584
systemd          0.6 13036
systemd-journal  0.2 15988
2026-09-26T08:51:31+00:00
COMMAND         %CPU   RSS
mysqld          17.1 545892
bench            8.6 55772
isuride          6.6 16344
snapd            1.2 45428
nginx            0.8  8656
nginx            0.8  8604
systemd          0.6 13036
systemd-journal  0.2 16648
jbd2/sda1-8      0.2     0
2026-09-26T08:51:33+00:00
COMMAND         %CPU   RSS
mysqld          19.5 546604
bench            8.5 57212
isuride          7.0 16548
snapd            1.2 45428
nginx            0.9  8656
nginx            0.8  8608
systemd          0.6 13036
systemd-journal  0.2 17276
jbd2/sda1-8      0.2     0
2026-09-26T08:51:35+00:00
COMMAND         %CPU   RSS
mysqld          21.7 547700
curl            20.0     0
bench            8.6 58660
isuride          7.5 16228
snapd            1.2 45428
nginx            0.9  8656
nginx            0.9  8608
systemd          0.6 13036
systemd-journal  0.2 17852
2026-09-26T08:51:37+00:00
COMMAND         %CPU   RSS
mysqld          23.9 548500
bench            8.5 61400
isuride          7.8 16840
snapd            1.2 45428
nginx            1.0  8780
nginx            0.9  8632
systemd          0.6 13036
systemd-journal  0.2 20344
jbd2/sda1-8      0.2     0
2026-09-26T08:51:39+00:00
COMMAND         %CPU   RSS
mysqld          26.1 568228
bench            8.3 64864
isuride          8.1 16956
snapd            1.2 45428
nginx            1.0  8804
nginx            1.0  8712
systemd          0.6 13036
systemd-journal  0.2 21496
jbd2/sda1-8      0.2     0
2026-09-26T08:51:41+00:00
COMMAND         %CPU   RSS
mysqld          28.1 570708
package-data-do  9.0 11708
isuride          8.5 16992
bench            8.2 69912
curl             4.0 12324
snapd            1.2 45428
nginx            1.1  8848
nginx            1.0  8776
systemd          0.6 13036
2026-09-26T08:51:43+00:00
COMMAND         %CPU   RSS
mysqld          30.1 571156
isuride          8.7 16788
bench            8.2 71916
snapd            1.2 45428
nginx            1.1  8896
nginx            1.0  8884
systemd          0.6 13036
systemd-journal  0.3 23864
jbd2/sda1-8      0.2     0
2026-09-26T08:51:45+00:00
COMMAND         %CPU   RSS
mysqld          32.1 552532
isuride          9.0 17116
bench            8.1 72688
curl             5.5 12324
snapd            1.2 45428
nginx            1.2  8980
nginx            1.1  8884
systemd          0.6 13036
systemd-journal  0.3 24332
2026-09-26T08:51:47+00:00
COMMAND         %CPU   RSS
mysqld          34.0 553812
isuride          9.3 17232
bench            8.1 75720
nginx            1.2  9060
snapd            1.2 45428
nginx            1.1  8884
systemd          0.6 13036
systemd-journal  0.3 24792
jbd2/sda1-8      0.2     0
2026-09-26T08:51:49+00:00
COMMAND         %CPU   RSS
mysqld          35.8 554384
isuride          9.5 18008
bench            8.0 81964
nginx            1.2  9076
snapd            1.2 45428
nginx            1.1  8884
systemd          0.6 13036
systemd-journal  0.3 25252
jbd2/sda1-8      0.2     0
2026-09-26T08:51:51+00:00
COMMAND         %CPU   RSS
mysqld          37.7 555260
isuride          9.6 18008
bench            8.0 82600
nginx            1.2  9088
snapd            1.1 45428
nginx            1.1  8896
systemd          0.6 13036
systemd-journal  0.3 25720
jbd2/sda1-8      0.2     0
2026-09-26T08:51:53+00:00
COMMAND         %CPU   RSS
mysqld          39.4 556056
isuride          9.8 18008
bench            7.9 84844
nginx            1.3  9100
snapd            1.1 45428
nginx            1.1  8920
systemd          0.6 13036
systemd-journal  0.3 26168
jbd2/sda1-8      0.3     0
2026-09-26T08:51:55+00:00
COMMAND         %CPU   RSS
mysqld          41.2 561712
isuride         10.0 18464
bench            7.8 89360
nginx            1.3  9108
nginx            1.2  8924
snapd            1.1 45428
systemd          0.6 13036
systemd-journal  0.3 28596
jbd2/sda1-8      0.3     0
2026-09-26T08:51:57+00:00
COMMAND         %CPU   RSS
mysqld          42.8 584112
isuride         10.1 18616
bench            7.8 90872
nginx            1.3  9132
nginx            1.2  8956
snapd            1.1 45428
systemd          0.6 13036
systemd-journal  0.3 31120
jbd2/sda1-8      0.3     0
2026-09-26T08:51:59+00:00
COMMAND         %CPU   RSS
mysqld          44.5 572436
isuride         10.3 19284
bench            7.7 94932
nginx            1.3  9160
nginx            1.2  8988
snapd            1.1 45428
systemd          0.6 13036
systemd-journal  0.3 31540
jbd2/sda1-8      0.3     0
2026-09-26T08:52:01+00:00
COMMAND         %CPU   RSS
mysqld          46.1 613452
isuride         10.5 19172
bench            7.7 98552
curl             4.7 12324
nginx            1.3  9168
nginx            1.2  9000
snapd            1.1 45428
systemd          0.6 13036
systemd-journal  0.3 31952
2026-09-26T08:52:03+00:00
COMMAND         %CPU   RSS
mysqld          47.6 599476
isuride         10.6 19232
bench            7.7 98712
curl             1.6 12320
nginx            1.3  9192
nginx            1.2  9080
snapd            1.1 45428
systemd          0.6 13036
systemd-journal  0.3 34508
2026-09-26T08:52:05+00:00
COMMAND         %CPU   RSS
mysqld          49.1 582740
isuride         10.7 20044
bench            7.6 106128
curl             2.7 12324
nginx            1.3  9192
nginx            1.2  9140
snapd            1.1 45428
systemd          0.6 13036
systemd-journal  0.3 35088
2026-09-26T08:52:07+00:00
COMMAND         %CPU   RSS
mysqld          50.6 562216
isuride         10.9 19332
bench            7.6 106152
nginx            1.4  9228
nginx            1.2  9168
snapd            1.1 45428
systemd          0.6 13036
systemd-journal  0.3 35572
jbd2/sda1-8      0.3     0
2026-09-26T08:52:09+00:00
COMMAND         %CPU   RSS
mysqld          52.1 562516
isuride         11.0 19848
bench            7.6 106160
nginx            1.4  9272
nginx            1.3  9168
snapd            1.1 42572
systemd          0.6 13036
systemd-journal  0.3 36084
jbd2/sda1-8      0.3     0
2026-09-26T08:52:11+00:00
COMMAND         %CPU   RSS
mysqld          53.5 563964
isuride         11.1 19728
bench            7.5 111120
curl             2.1 12320
nginx            1.4  9272
nginx            1.3  9168
snapd            1.1 42572
systemd          0.5 13036
systemd-journal  0.3 37988
2026-09-26T08:52:13+00:00
COMMAND         %CPU   RSS
mysqld          54.9 566896
isuride         11.1 20248
bench            7.5 111248
nginx            1.4  9272
nginx            1.3  9176
snapd            1.1 42572
systemd          0.5 13036
systemd-journal  0.4 39044
jbd2/sda1-8      0.3     0
2026-09-26T08:52:15+00:00
COMMAND         %CPU   RSS
mysqld          56.2 601156
isuride         11.2 21020
bench            7.4 111540
nginx            1.4  9272
nginx            1.3  9224
snapd            1.0 42572
systemd          0.5 13036
systemd-journal  0.4 39544
jbd2/sda1-8      0.3     0
2026-09-26T08:52:17+00:00
COMMAND         %CPU   RSS
mysqld          57.6 635860
curl            14.2 12300
isuride         11.2 21296
bench            7.4 116216
nginx            1.4  9276
nginx            1.3  9296
snapd            1.0 42572
systemd          0.5 13036
systemd-journal  0.4 40000
2026-09-26T08:52:19+00:00
COMMAND         %CPU   RSS
mysqld          58.9 564152
isuride         11.3 18252
bench            7.4 117080
nginx            1.4  9280
nginx            1.3  9328
snapd            1.0 42572
systemd          0.5 13036
systemd-journal  0.4 40540
jbd2/sda1-8      0.3     0
2026-09-26T08:52:21+00:00
COMMAND         %CPU   RSS
mysqld          60.2 563904
isuride         11.3 18000
bench            7.3 118348
curl             4.3 12324
nginx            1.4  9280
nginx            1.3  9328
snapd            1.0 42572
systemd          0.5 13036
systemd-journal  0.4 41136
