procs -----------memory---------- ---swap-- -----io---- -system-- -------cpu------- -----timestamp-----
 r  b   swpd   free   buff  cache   si   so    bi    bo   in   cs us sy id wa st gu                 UTC
 7  0      0 1121960 141684 2128176    0    0  1840 21208 3811   28 20  6 73  1  0  0 2026-09-26 08:51:17
 1  0      0 1039644 144156 2136600    0    0     0 42836 14710 29109 32 12 39 17  0  0 2026-09-26 08:51:18
11  0      0 984112 144632 2137360    0    0     0  4680 13336 40626 77 15  8  0  0  0 2026-09-26 08:51:19
 5  0      0 890576 145272 2138224    0    0     0  5316 15521 53928 71 17 12  1  0  0 2026-09-26 08:51:20
24  0      0 877052 146260 2144612    0    0     0  8144 16522 54843 70 20  9  1  0  0 2026-09-26 08:51:21
10  0      0 871876 147264 2139360    0    0     0  9012 13940 47048 74 21  4  1  0  0 2026-09-26 08:51:22
10  0      0 870432 148632 2143796    0    0     0 11292 16725 56499 74 21  5  1  0  0 2026-09-26 08:51:23
 8  0      0 900692 150260 2141380    0    0     0 13020 16868 57933 76 23  2  0  0  0 2026-09-26 08:51:24
13  1      0 889032 151460 2142044    0    0     0 12844 14866 47881 78 21  1  0  0  0 2026-09-26 08:51:25
 5  0      0 895096 152576 2142936    0    0     0 14160 16425 58330 74 24  1  0  0  0 2026-09-26 08:51:26
15  0      0 911388 153488 2143612    0    0     0 12032 15915 53188 79 21  1  0  0  0 2026-09-26 08:51:27
20  1      0 916908 154664 2144328    0    0     0 13184 15684 55807 78 21  1  0  0  0 2026-09-26 08:51:28
16  0      0 882456 155496 2145044    0    0     0 17196 13035 43683 79 21  1  0  0  0 2026-09-26 08:51:29
25  0      0 875092 156496 2152912    0    0     0 12892 16002 55145 78 22  0  0  0  0 2026-09-26 08:51:30
17  0      0 860632 157332 2148060    0    0     0 12808 16268 50410 79 21  1  0  0  0 2026-09-26 08:51:31
38  0      0 868372 158160 2152180    0    0     0 13604 14582 45481 79 21  1  0  0  0 2026-09-26 08:51:32
14  0      0 903504 158672 2149488    0    0     0 14384 15401 49359 80 20  1  0  0  0 2026-09-26 08:51:33
30  0      0 860836 159332 2152328    0    0     0 12392 12830 38833 77 22  1  0  0  0 2026-09-26 08:51:34
30  0      0 866800 160004 2151856    0    0     0 12968 15040 48477 77 22  1  1  0  0 2026-09-26 08:51:35
29  0      0 899696 160600 2152348    0    0     0 12484 13796 42420 80 20  0  0  0  0 2026-09-26 08:51:36
32  0      0 900384 161416 2153096    0    0     0 13344 15236 50610 78 21  1  0  0  0 2026-09-26 08:51:37
procs -----------memory---------- ---swap-- -----io---- -system-- -------cpu------- -----timestamp-----
 r  b   swpd   free   buff  cache   si   so    bi    bo   in   cs us sy id wa st gu                 UTC
27  0      0 855628 161936 2153696    0    0     0 10536 13334 40779 82 18  1  0  0  0 2026-09-26 08:51:38
20  0      0 853024 162376 2162060    0    0     0 12188 12904 44521 81 18  1  0  0  0 2026-09-26 08:51:39
45  0      0 856876 162684 2154928    0    0     0 11356 13607 44216 80 20  1  0  0  0 2026-09-26 08:51:40
19  0      0 849480 163068 2159072    0    0     0 13920 14176 48669 79 21  0  0  0  0 2026-09-26 08:51:41
30  0      0 870612 163380 2156472    0    0   260 16788 12703 41010 82 18  0  0  0  0 2026-09-26 08:51:42
39  1      0 853700 163628 2159508    0    0     0 11448 13781 44797 83 17  1  0  0  0 2026-09-26 08:51:43
11  1      0 865596 163860 2157556    0    0     0  9640 12942 41558 81 19  0  0  0  0 2026-09-26 08:51:44
45  0      0 865936 164120 2158264    0    0     0 10304 13521 44890 82 18  0  0  0  0 2026-09-26 08:51:45
49  0      0 863004 164428 2158888    0    0     0 11156 14282 48336 81 19  0  0  0  0 2026-09-26 08:51:46
21  0      0 843464 164640 2159556    0    0     0 10668 12174 39970 81 18  0  0  0  0 2026-09-26 08:51:47
23  0      0 842244 164816 2167532    0    0     0 10704 13535 44033 81 19  0  0  0  0 2026-09-26 08:51:48
29  1      0 859680 165040 2160728    0    0     0 16896 13396 39314 82 18  1  0  0  0 2026-09-26 08:51:49
10  1      0 837960 165224 2165136    0    0     0 10920 13354 40067 82 17  1  1  0  0 2026-09-26 08:51:50
65  1      0 871780 165376 2161776    0    0     0 10648 13805 44071 82 18  0  0  0  0 2026-09-26 08:51:51
25  0      0 815596 165576 2163784    0    0     0 10892 12521 41480 81 19  0  0  0  0 2026-09-26 08:51:52
47  0      0 827284 165808 2163148    0    0     0 11840 13211 42770 79 20  1  0  0  0 2026-09-26 08:51:53
 9  0      0 777164 165972 2167440    0    0     0 10748 10736 34861 84 16  1  0  0  0 2026-09-26 08:51:54
66  0      0 852308 166096 2164172    0    0     0 11016 13668 46848 80 20  0  0  0  0 2026-09-26 08:51:55
62  1      0 779352 166168 2164660    0    0     0 11788 12297 37023 80 20  0  0  0  0 2026-09-26 08:51:56
59  0      0 795024 166352 2168304    0    0     0 11276 13665 46760 81 20  0  0  0  0 2026-09-26 08:51:57
19  0      0 781668 166464 2173584    0    0     0 17888 12755 39960 82 18  1  0  0  0 2026-09-26 08:51:58
procs -----------memory---------- ---swap-- -----io---- -system-- -------cpu------- -----timestamp-----
 r  b   swpd   free   buff  cache   si   so    bi    bo   in   cs us sy id wa st gu                 UTC
60  0      0 796296 166580 2180188    0    0     0 12140 12831 43930 81 19  0  0  0  0 2026-09-26 08:51:59
59  0      0 817708 166716 2175844    0    0     0 10824 12460 42674 83 18  0  0  0  0 2026-09-26 08:52:00
70  0      0 767756 166832 2184168    0    0     0 11460 12379 40928 82 18  0  0  0  0 2026-09-26 08:52:01
55  0      0 754036 166968 2179952    0    0     0 13164 12819 42091 83 17  0  0  0  0 2026-09-26 08:52:02
58  0      0 753248 167020 2187232    0    0     0  9228 12145 39917 83 17  0  0  0  0 2026-09-26 08:52:03
45  1      0 790784 167092 2181212    0    0     0 15604 12089 40800 80 20  0  0  0  0 2026-09-26 08:52:04
40  0      0 739220 167156 2187124    0    0     0 21484 11235 36634 83 17  1  0  0  0 2026-09-26 08:52:05
42  1      0 792360 167232 2186148    0    0     0 11684 12756 43196 80 20  0  0  0  0 2026-09-26 08:52:06
29  0      0 773988 167308 2182792    0    0     0 10996 12423 39596 84 16  0  0  0  0 2026-09-26 08:52:07
21  1      0 738524 167396 2194968    0    0     0 11604 12315 40540 82 18  1  0  0  0 2026-09-26 08:52:08
19  0      0 770912 167448 2184004    0    0     0 10896 12122 37722 84 16  1  0  0  0 2026-09-26 08:52:09
32  1      0 779272 167504 2192004    0    0     0 10716 12785 44711 82 18  0  0  0  0 2026-09-26 08:52:10
37  0      0 755580 167544 2185396    0    0     0 13100 12942 41197 82 17  1  0  0  0 2026-09-26 08:52:11
24  0      0 728196 167596 2186052    0    0     0 11016 12825 37805 81 18  0  0  0  0 2026-09-26 08:52:12
48  0      0 757196 167648 2186620    0    0     0 11488 12970 44615 82 18  0  0  0  0 2026-09-26 08:52:13
76  1      0 744404 167688 2187652    0    0     0  9920 10821 35793 84 16  0  0  0  0 2026-09-26 08:52:14
46  0      0 772284 167732 2197292    0    0     0 12020 13049 41482 79 20  1  0  0  0 2026-09-26 08:52:15
65  0      0 786456 167804 2190188    0    0     0 10200 11956 36873 82 17  0  0  0  0 2026-09-26 08:52:16
27  0      0 736036 167852 2196708    0    0     0 11344 12908 40449 82 18  0  0  0  0 2026-09-26 08:52:17
34  1      0 762648 167892 2191404    0    0     0 11024 11976 38110 82 18  1  0  0  0 2026-09-26 08:52:18
39  0      0 794752 167900 2191888    0    0     0  3108 10429 35481 88 12  0  0  0  0 2026-09-26 08:52:19
procs -----------memory---------- ---swap-- -----io---- -system-- -------cpu------- -----timestamp-----
 r  b   swpd   free   buff  cache   si   so    bi    bo   in   cs us sy id wa st gu                 UTC
41  0      0 800068 167900 2192256    0    0     0 13880 10764 36456 90 10  1  0  0  0 2026-09-26 08:52:20
13  0      0 799860 167900 2192740    0    0     0   672 8873 32151 90 10  1  0  0  0 2026-09-26 08:52:21
49  0      0 789372 167900 2193228    0    0     0   348 9037 32891 90 10  1  0  0  0 2026-09-26 08:52:22
44  0      0 783428 167904 2196224    0    0     0  6304 9641 33341 90 10  1  0  0  0 2026-09-26 08:52:23
