2026-09-26T10:02:33+00:00
COMMAND         %CPU   RSS
mysqld          53.0 1003264
nginx            1.9  9712
nginx            1.9  9696
systemd-journal  1.4 218120
jbd2/sda1-8      0.8     0
rsyslogd         0.7  5532
rcu_preempt      0.3     0
kworker/0:1H-kb  0.2     0
kworker/1:1H-kb  0.2     0
2026-09-26T10:02:35+00:00
COMMAND         %CPU   RSS
mysqld          53.0 1004292
bench            8.0 46640
nginx            1.9  9712
nginx            1.9  9696
systemd-journal  1.4 218416
jbd2/sda1-8      0.8     0
rsyslogd         0.7  5532
isuride          0.6 14860
rcu_preempt      0.3     0
2026-09-26T10:02:37+00:00
COMMAND         %CPU   RSS
mysqld          53.0 1004748
bench            8.2 52196
isuride          2.0 15440
nginx            1.9  9712
nginx            1.9  9696
systemd-journal  1.4 219424
jbd2/sda1-8      0.8     0
rsyslogd         0.7  5532
rcu_preempt      0.3     0
2026-09-26T10:02:39+00:00
COMMAND         %CPU   RSS
mysqld          53.0 1005244
bench            9.4 52452
isuride          3.6 15764
nginx            1.9  9712
nginx            1.9  9696
systemd-journal  1.4 220332
jbd2/sda1-8      0.8     0
rsyslogd         0.7  5532
rcu_preempt      0.3     0
2026-09-26T10:02:41+00:00
COMMAND         %CPU   RSS
mysqld          53.1 1005676
bench            9.7 59808
isuride          5.0 15864
nginx            1.9  9712
nginx            1.9  9696
systemd-journal  1.4 222760
jbd2/sda1-8      0.8     0
rsyslogd         0.7  5532
rcu_preempt      0.3     0
2026-09-26T10:02:43+00:00
COMMAND         %CPU   RSS
mysqld          53.1 1006848
bench           10.0 63900
isuride          6.4 16248
nginx            1.9  9712
nginx            1.9  9696
systemd-journal  1.4 226020
jbd2/sda1-8      0.8     0
rsyslogd         0.7  5532
rcu_preempt      0.3     0
2026-09-26T10:02:45+00:00
COMMAND         %CPU   RSS
mysqld          53.1 1007964
bench           10.2 68356
isuride          7.6 16212
nginx            1.9  9712
nginx            1.9  9696
systemd-journal  1.4 227708
jbd2/sda1-8      0.8     0
rsyslogd         0.7  5532
rcu_preempt      0.3     0
2026-09-26T10:02:47+00:00
COMMAND         %CPU   RSS
mysqld          53.1 1010456
bench           10.5 73436
isuride          8.7 17292
nginx            1.9  9712
nginx            1.9  9696
systemd-journal  1.4 228908
jbd2/sda1-8      0.8     0
rsyslogd         0.7  5532
rcu_preempt      0.3     0
2026-09-26T10:02:49+00:00
COMMAND         %CPU   RSS
mysqld          53.2 1012980
bench           10.9 76236
isuride          9.7 17328
nginx            1.9  9712
nginx            1.9  9696
systemd-journal  1.4 230772
jbd2/sda1-8      0.8     0
rsyslogd         0.7  5532
rcu_preempt      0.3     0
2026-09-26T10:02:51+00:00
COMMAND         %CPU   RSS
mysqld          53.2 1016304
bench           10.9 78652
isuride         10.6 16980
nginx            1.9  9712
nginx            1.9  9696
systemd-journal  1.4 236228
jbd2/sda1-8      0.8     0
rsyslogd         0.7  5532
rcu_preempt      0.3     0
2026-09-26T10:02:53+00:00
COMMAND         %CPU   RSS
mysqld          53.3 1019616
isuride         11.5 17252
bench           11.2 82796
nginx            1.9  9712
nginx            1.9  9696
systemd-journal  1.4 238680
jbd2/sda1-8      0.8     0
rsyslogd         0.7  5532
rcu_preempt      0.3     0
2026-09-26T10:02:55+00:00
COMMAND         %CPU   RSS
mysqld          53.3 1026132
curl            14.2 12100
isuride         12.3 17184
bench           11.3 86956
nginx            1.9  9712
nginx            1.9  9696
systemd-journal  1.4 240188
jbd2/sda1-8      0.8     0
rsyslogd         0.7  5532
2026-09-26T10:02:57+00:00
COMMAND         %CPU   RSS
mysqld          53.4 1028420
isuride         13.0 16988
bench           11.4 90604
nginx            1.9  9712
nginx            1.9  9696
systemd-journal  1.4 243532
jbd2/sda1-8      0.8     0
rsyslogd         0.7  5532
rcu_preempt      0.3     0
2026-09-26T10:02:59+00:00
COMMAND         %CPU   RSS
mysqld          53.4 1031204
isuride         13.7 17576
bench           11.6 94420
nginx            1.9  9712
nginx            1.9  9696
systemd-journal  1.4 246344
jbd2/sda1-8      0.8     0
rsyslogd         0.7  5532
rcu_preempt      0.3     0
2026-09-26T10:03:01+00:00
COMMAND         %CPU   RSS
mysqld          53.4 1033236
isuride         14.4 17488
bench           11.7 98356
nginx            1.9  9712
nginx            1.9  9696
systemd-journal  1.4 247660
jbd2/sda1-8      0.8     0
rsyslogd         0.7  5532
rcu_preempt      0.3     0
2026-09-26T10:03:03+00:00
COMMAND         %CPU   RSS
mysqld          53.5 1035212
isuride         14.9 18116
bench           11.8 101556
nginx            1.9  9712
nginx            1.9  9696
systemd-journal  1.4 248788
jbd2/sda1-8      0.8     0
rsyslogd         0.7  5532
rcu_preempt      0.3     0
2026-09-26T10:03:05+00:00
COMMAND         %CPU   RSS
mysqld          53.5 1036480
isuride         15.4 18156
bench           11.8 104728
nginx            1.9  9712
nginx            1.9  9696
systemd-journal  1.4 253232
jbd2/sda1-8      0.8     0
rsyslogd         0.7  5532
rcu_preempt      0.3     0
2026-09-26T10:03:07+00:00
COMMAND         %CPU   RSS
mysqld          53.6 1038636
isuride         15.8 18852
bench           11.9 108200
nginx            1.9  9712
nginx            1.9  9696
systemd-journal  1.4 254816
jbd2/sda1-8      0.8     0
rsyslogd         0.7  5532
rcu_preempt      0.3     0
2026-09-26T10:03:09+00:00
COMMAND         %CPU   RSS
mysqld          53.6 1037880
isuride         16.2 18964
bench           12.0 110484
nginx            1.9  9712
nginx            1.9  9696
systemd-journal  1.4 256020
jbd2/sda1-8      0.8     0
rsyslogd         0.7  5532
rcu_preempt      0.3     0
2026-09-26T10:03:11+00:00
COMMAND         %CPU   RSS
mysqld          53.7 1039676
isuride         16.6 19732
bench           12.0 112992
nginx            1.9  9712
nginx            1.9  9696
systemd-journal  1.4 257216
jbd2/sda1-8      0.8     0
rsyslogd         0.7  5532
rcu_preempt      0.3     0
2026-09-26T10:03:14+00:00
COMMAND         %CPU   RSS
mysqld          53.7 1044872
isuride         17.0 18768
bench           12.0 117288
nginx            1.9  9712
nginx            1.9  9696
systemd-journal  1.4 260984
jbd2/sda1-8      0.8     0
rsyslogd         0.7  5532
rcu_preempt      0.3     0
2026-09-26T10:03:16+00:00
COMMAND         %CPU   RSS
mysqld          53.8 1042184
isuride         17.3 18856
bench           12.0 123012
nginx            1.9  9712
nginx            1.9  9696
systemd-journal  1.4 263460
jbd2/sda1-8      0.8     0
rsyslogd         0.7  5532
rcu_preempt      0.3     0
2026-09-26T10:03:18+00:00
COMMAND         %CPU   RSS
mysqld          53.8 1044300
isuride         17.6 19504
bench           12.0 123024
nginx            1.9  9712
nginx            1.9  9696
systemd-journal  1.4 264664
jbd2/sda1-8      0.8     0
rsyslogd         0.7  5532
rcu_preempt      0.3     0
2026-09-26T10:03:20+00:00
COMMAND         %CPU   RSS
mysqld          53.9 1039000
isuride         17.9 18556
bench           12.1 129644
nginx            1.9  9712
nginx            1.9  9696
systemd-journal  1.4 265928
jbd2/sda1-8      0.8     0
rsyslogd         0.7  5532
rcu_preempt      0.3     0
2026-09-26T10:03:22+00:00
COMMAND         %CPU   RSS
mysqld          53.9 1041088
isuride         18.1 18792
bench           12.1 135808
nginx            1.9  9712
nginx            1.9  9696
systemd-journal  1.4 266600
jbd2/sda1-8      0.8     0
rsyslogd         0.7  5532
rcu_preempt      0.3     0
2026-09-26T10:03:24+00:00
COMMAND         %CPU   RSS
mysqld          53.9 1037992
isuride         18.3 19428
bench           12.1 136200
nginx            1.9  9712
nginx            1.9  9696
systemd-journal  1.4 266600
jbd2/sda1-8      0.8     0
rsyslogd         0.7  5532
rcu_preempt      0.3     0
2026-09-26T10:03:26+00:00
COMMAND         %CPU   RSS
mysqld          54.0 1039860
isuride         18.5 19768
bench           12.1 141348
nginx            1.9  9712
nginx            1.9  9696
systemd-journal  1.4 269776
jbd2/sda1-8      0.8     0
rsyslogd         0.7  5532
rcu_preempt      0.3     0
2026-09-26T10:03:28+00:00
COMMAND         %CPU   RSS
mysqld          54.0 1041188
isuride         18.7 20176
bench           12.1 141576
nginx            1.9  9712
nginx            1.9  9696
systemd-journal  1.4 272172
jbd2/sda1-8      0.8     0
rsyslogd         0.7  5532
rcu_preempt      0.3     0
2026-09-26T10:03:30+00:00
COMMAND         %CPU   RSS
mysqld          54.1 1045172
isuride         18.9 19560
bench           12.2 146916
nginx            1.9  9712
nginx            1.9  9696
systemd-journal  1.4 273540
jbd2/sda1-8      0.8     0
rsyslogd         0.7  5532
rcu_preempt      0.3     0
2026-09-26T10:03:32+00:00
COMMAND         %CPU   RSS
mysqld          54.1 1048076
isuride         19.1 20788
bench           12.1 146936
nginx            1.9  9712
nginx            1.9  9696
systemd-journal  1.4 274696
jbd2/sda1-8      0.8     0
rsyslogd         0.7  5532
rcu_preempt      0.3     0
2026-09-26T10:03:34+00:00
COMMAND         %CPU   RSS
mysqld          54.2 1047408
isuride         19.2 20752
bench           12.2 152132
nginx            1.9  9712
nginx            1.9  9696
systemd-journal  1.4 275732
jbd2/sda1-8      0.8     0
rsyslogd         0.7  5532
rcu_preempt      0.3     0
2026-09-26T10:03:36+00:00
COMMAND         %CPU   RSS
mysqld          54.2 1040372
isuride         19.4 18360
bench           12.1 152260
nginx            1.9  9712
nginx            1.9  9696
systemd-journal  1.4 280124
jbd2/sda1-8      0.8     0
rsyslogd         0.7  5532
rcu_preempt      0.3     0
2026-09-26T10:03:38+00:00
COMMAND         %CPU   RSS
mysqld          54.3 1040392
isuride         19.6 18268
bench           12.1 160620
nginx            1.9  9712
nginx            1.9  9696
systemd-journal  1.5 282560
jbd2/sda1-8      0.8     0
rsyslogd         0.7  5532
rcu_preempt      0.3     0
