procs -----------memory---------- ---swap-- -----io---- -system-- -------cpu------- -----timestamp-----
 r  b   swpd   free   buff  cache   si   so    bi    bo   in   cs us sy id wa st gu                 UTC
 3  0      0 529008  89124 2217476    0    0   174  6856 7351  130 30 12 58  1  0  0 2026-09-26 10:02:33
 3  0      0 491632  89124 2216504    0    0     0 52728 12428 25509 29 21 36 14  0  0 2026-09-26 10:02:34
 4  0      0 482200  89124 2217220    0    0     0  5264 15482 46687 67 13 19  1  0  0 2026-09-26 10:02:35
 2  0      0 479428  89124 2217948    0    0     0  5280 19685 57108 34 15 49  2  0  0 2026-09-26 10:02:36
 7  1      0 477412  89124 2218708    0    0     0 15600 21665 65747 38 17 43  2  0  0 2026-09-26 10:02:37
 0  0      0 475928  89124 2219544    0    0     0  9748 24324 74492 41 20 37  2  0  0 2026-09-26 10:02:38
 8  0      0 474684  89124 2220412    0    0     0 12440 18840 62986 63 24 12  1  0  0 2026-09-26 10:02:39
10  1      0 479804  89124 2221396    0    0     0 10712 21954 77213 56 20 23  1  0  0 2026-09-26 10:02:40
 5  0      0 476580  89124 2222316    0    0     0 10380 24649 86837 49 23 26  1  0  0 2026-09-26 10:02:41
 1  0      0 477056  89124 2223392    0    0     0 11120 23268 83386 54 23 22  2  0  0 2026-09-26 10:02:42
 8  0      0 472532  89124 2224732    0    0     0 14228 22320 81135 54 25 19  2  0  0 2026-09-26 10:02:43
13  0      0 467772  89124 2225780    0    0     0 14732 20733 76963 59 28 12  1  0  0 2026-09-26 10:02:44
15  0      0 466240  89124 2226892    0    0     0 14008 21698 79397 54 26 18  2  0  0 2026-09-26 10:02:45
 5  0      0 458224  89124 2228068    0    0     0 15148 19349 73680 63 25 10  2  0  0 2026-09-26 10:02:46
15  2      0 452708  89124 2229088    0    0     0 38332 19555 71197 60 28  9  2  0  0 2026-09-26 10:02:47
 4  3      0 447420  89124 2231260    0    0     0 18448 18362 70949 62 30  7  2  0  0 2026-09-26 10:02:48
22  0      0 441876  89124 2232512    0    0     0 16140 19671 76942 60 28 10  2  0  0 2026-09-26 10:02:49
 9  1      0 437088  89124 2233644    0    0     0 17632 18331 69897 63 28  7  2  0  0 2026-09-26 10:02:50
20  1      0 433324  89124 2234824    0    0     0 17748 20829 74895 62 27  9  3  0  0 2026-09-26 10:02:51
10  1      0 425644  89124 2238448    0    0     0 17336 17667 68015 62 31  6  1  0  0 2026-09-26 10:02:52
 5  1      0 424900  89124 2239600    0    0     0 18588 18824 71748 65 31  4  1  0  0 2026-09-26 10:02:53
procs -----------memory---------- ---swap-- -----io---- -system-- -------cpu------- -----timestamp-----
 r  b   swpd   free   buff  cache   si   so    bi    bo   in   cs us sy id wa st gu                 UTC
13  0      0 413856  89124 2240868    0    0     0 17380 19055 76240 64 30  5  1  0  0 2026-09-26 10:02:54
18  1      0 411088  89124 2242000    0    0     0 15912 18331 69633 64 28  6  2  0  0 2026-09-26 10:02:55
26  1      0 402772  89124 2243252    0    0     0 16392 18416 74424 65 29  5  1  0  0 2026-09-26 10:02:56
24  1      0 393700  89124 2247240    0    0     0 16220 19133 72644 67 27  6  1  0  0 2026-09-26 10:02:57
50  0      0 392220  89124 2248376    0    0     0 17868 17782 72679 65 32  3  1  0  0 2026-09-26 10:02:58
14  0      0 388408  89124 2249652    0    0     0 17052 19296 73433 66 30  3  1  0  0 2026-09-26 10:02:59
20  2      0 380016  89124 2250860    0    0     0 17112 18461 71351 66 32  3  1  0  0 2026-09-26 10:03:00
13  1      0 379512  89124 2252116    0    0     0 17712 19881 73108 63 30  6  1  0  0 2026-09-26 10:03:01
35  0      0 374500  89124 2253196    0    0     0 21576 19248 72589 65 30  4  1  0  0 2026-09-26 10:03:02
26  0      0 367480  89124 2256604    0    0     0 43540 17959 65068 66 30  3  1  0  0 2026-09-26 10:03:03
 6  0      0 361688  89124 2257804    0    0     0 16680 17437 65600 70 26  4  1  0  0 2026-09-26 10:03:04
24  0      0 357404  89124 2259128    0    0     0 18400 20084 76330 64 30  5  1  0  0 2026-09-26 10:03:05
17  0      0 358448  89124 2260424    0    0     0 18360 19122 72161 68 28  4  1  0  0 2026-09-26 10:03:06
10  1      0 352984  89124 2261496    0    0     0 20080 18995 69813 63 29  6  3  0  0 2026-09-26 10:03:07
29  0      0 349668  89124 2262600    0    0     0 37120 17584 65096 68 29  2  1  0  0 2026-09-26 10:03:08
25  0      0 343132  89124 2264608    0    0     0 19044 17439 67052 68 26  4  2  0  0 2026-09-26 10:03:09
25  0      0 337552  89124 2265968    0    0     0 20352 17870 71666 66 32  2  0  0  0 2026-09-26 10:03:10
28  0      0 341820  89124 2267052    0    0     0 17048 17330 65072 68 29  3  1  0  0 2026-09-26 10:03:11
39  0      0 338816  89124 2267848    0    0     0 17836 17787 64461 67 27  5  2  0  0 2026-09-26 10:03:12
 8  1      0 328880  89124 2270216    0    0     0 20272 17823 67760 70 27  3  1  0  0 2026-09-26 10:03:13
17  0      0 329900  89124 2271380    0    0     0 17068 18568 68407 63 29  6  2  0  0 2026-09-26 10:03:14
procs -----------memory---------- ---swap-- -----io---- -system-- -------cpu------- -----timestamp-----
 r  b   swpd   free   buff  cache   si   so    bi    bo   in   cs us sy id wa st gu                 UTC
13  1      0 322592  89124 2272440    0    0     0 17248 15945 64039 70 28  1  1  0  0 2026-09-26 10:03:15
19  0      0 321848  89124 2273452    0    0     0 17092 19108 71390 71 28  1  0  0  0 2026-09-26 10:03:16
19  0      0 319464  89124 2274480    0    0     0 15768 14676 56328 73 25  1  1  0  0 2026-09-26 10:03:17
28  1      0 312188  89124 2275508    0    0     0 44992 17114 65774 69 27  3  1  0  0 2026-09-26 10:03:18
28  0      0 307904  89124 2276552    0    0     0 16732 15674 61239 70 27  3  1  0  0 2026-09-26 10:03:19
23  1      0 316184  89124 2277700    0    0     0 17412 17448 66888 67 28  4  1  0  0 2026-09-26 10:03:20
15  0      0 308652  89124 2278444    0    0     0 15564 17673 64079 68 26  5  1  0  0 2026-09-26 10:03:21
37  0      0 303112  89124 2279196    0    0     0 15720 17729 67274 68 27  4  1  0  0 2026-09-26 10:03:22
14  0      0 298828  89124 2279624    0    0     0 15664 18352 67741 66 27  6  1  0  0 2026-09-26 10:03:23
 6  0      0 297392  89124 2280460    0    0     0 14788 17674 62844 69 28  3  1  0  0 2026-09-26 10:03:24
10  0      0 293116  89124 2281308    0    0     0 17528 19336 70104 64 28  7  2  0  0 2026-09-26 10:03:25
37  1      0 294908  89124 2282256    0    0     0 15160 17186 60292 72 26  2  1  0  0 2026-09-26 10:03:26
18  0      0 290624  89124 2283096    0    0     0 16612 17149 63965 70 27  2  1  0  0 2026-09-26 10:03:27
15  0      0 283960  89124 2284156    0    0     0 14688 16402 58920 73 26  1  0  0  0 2026-09-26 10:03:28
17  1      0 277940  89124 2285192    0    0     0 20708 18892 69890 68 31  2  0  0  0 2026-09-26 10:03:29
28  0      0 277572  89124 2286356    0    0     0 17336 16270 65084 71 29  1  0  0  0 2026-09-26 10:03:30
14  0      0 274044  89124 2287756    0    0     0 16476 18167 65242 69 28  2  1  0  0 2026-09-26 10:03:31
50  0      0 272032  89124 2290772    0    0     0 15040 14265 57138 73 27  1  0  0  0 2026-09-26 10:03:32
13  0      0 262672  89124 2292128    0    0     0 42436 15891 59078 74 26  1  1  0  0 2026-09-26 10:03:33
23  1      0 266740  89124 2292680    0    0     0 14384 14547 55550 76 24  1  0  0  0 2026-09-26 10:03:34
25  0      0 273836  89124 2293852    0    0     0  4316 16759 68691 79 20  2  0  0  0 2026-09-26 10:03:35
procs -----------memory---------- ---swap-- -----io---- -system-- -------cpu------- -----timestamp-----
 r  b   swpd   free   buff  cache   si   so    bi    bo   in   cs us sy id wa st gu                 UTC
39  0      0 271076  89124 2295140    0    0     0  1300 19008 79981 65 22 14  0  0  0 2026-09-26 10:03:36
 5  0      0 263536  89124 2296296    0    0     0   676 18716 81355 63 21 17  0  0  0 2026-09-26 10:03:37
46  0      0 264688  89124 2297540    0    0     0   920 18301 81741 65 19 15  0  0  0 2026-09-26 10:03:38
 8  0      0 259900  89124 2298728    0    0     0 23280 16538 73589 64 21 14  0  0  0 2026-09-26 10:03:39
