time=17:59:01.071 level=INFO msg=負荷走行を開始します
time=17:59:01.071 level=DEBUG source=/tmp/isucon14/bench/cmd/run.go:90 msg=target targetURL=https://isuride.xiv.isucon.net targetAddr=127.0.0.1:443 benchrun.GetTargetAddress()="" paymentURL=http://127.0.0.1:12346
time=17:59:03.819 level=DEBUG source=/tmp/isucon14/bench/benchmarker/scenario/scenario.go:315 msg=時間経過 tick=60
time=17:59:03.819 level=DEBUG source=/tmp/isucon14/bench/benchmarker/scenario/scenario.go:317 msg=eval reqs=0 score="[0 0 0 0 0]" criteria="[0 0 0 0]"
time=17:59:05.618 level=DEBUG source=/tmp/isucon14/bench/benchmarker/scenario/scenario.go:315 msg=時間経過 tick=120
time=17:59:05.618 level=DEBUG source=/tmp/isucon14/bench/benchmarker/scenario/scenario.go:317 msg=eval reqs=1 score="[0 0 0 1 0]" criteria="[1 0 1 1]"
time=17:59:07.418 level=DEBUG source=/tmp/isucon14/bench/benchmarker/scenario/scenario.go:315 msg=時間経過 tick=180
time=17:59:07.418 level=DEBUG source=/tmp/isucon14/bench/benchmarker/scenario/scenario.go:317 msg=eval reqs=2 score="[0 0 0 2 0]" criteria="[2 0 2 2]"
time=17:59:07.418 level=INFO msg=これまでに地域内の評判によって0人、既存ユーザーの招待経由で2人が新規登録しました
time=17:59:07.418 level=INFO msg=0.0%のライドは椅子がマッチされるまでの時間、100.0%のライドはマッチされた椅子が乗車地点までに掛かる時間、0.0%のライドは椅子の実移動時間に不満がありました
time=17:59:09.218 level=DEBUG source=/tmp/isucon14/bench/benchmarker/scenario/scenario.go:315 msg=時間経過 tick=240
time=17:59:09.218 level=DEBUG source=/tmp/isucon14/bench/benchmarker/scenario/scenario.go:317 msg=eval reqs=3 score="[0 0 1 2 0]" criteria="[2 0 3 3]"
time=17:59:11.019 level=DEBUG source=/tmp/isucon14/bench/benchmarker/scenario/scenario.go:315 msg=時間経過 tick=300
time=17:59:11.019 level=DEBUG source=/tmp/isucon14/bench/benchmarker/scenario/scenario.go:317 msg=eval reqs=6 score="[1 0 3 2 0]" criteria="[3 0 5 4]"
time=17:59:11.033 level=INFO msg=一定の売上が立ったためオーナーの椅子が増加します 名前=椅子のめぐりや 増加数=1
time=17:59:12.818 level=DEBUG source=/tmp/isucon14/bench/benchmarker/scenario/scenario.go:315 msg=時間経過 tick=360
time=17:59:12.818 level=DEBUG source=/tmp/isucon14/bench/benchmarker/scenario/scenario.go:317 msg=eval reqs=7 score="[1 1 3 2 0]" criteria="[3 0 5 5]"
time=17:59:12.818 level=INFO msg=これまでに地域内の評判によって6人、既存ユーザーの招待経由で2人が新規登録しました
time=17:59:12.818 level=INFO msg=57.1%のライドは椅子がマッチされるまでの時間、100.0%のライドはマッチされた椅子が乗車地点までに掛かる時間、28.6%のライドは椅子の実移動時間に不満がありました
time=17:59:14.618 level=DEBUG source=/tmp/isucon14/bench/benchmarker/scenario/scenario.go:315 msg=時間経過 tick=420
time=17:59:14.618 level=DEBUG source=/tmp/isucon14/bench/benchmarker/scenario/scenario.go:317 msg=eval reqs=10 score="[3 2 3 2 0]" criteria="[3 0 5 6]"
time=17:59:16.419 level=DEBUG source=/tmp/isucon14/bench/benchmarker/scenario/scenario.go:315 msg=時間経過 tick=480
time=17:59:16.419 level=DEBUG source=/tmp/isucon14/bench/benchmarker/scenario/scenario.go:317 msg=eval reqs=11 score="[4 2 3 2 0]" criteria="[3 0 5 6]"
time=17:59:18.219 level=DEBUG source=/tmp/isucon14/bench/benchmarker/scenario/scenario.go:315 msg=時間経過 tick=540
time=17:59:18.219 level=DEBUG source=/tmp/isucon14/bench/benchmarker/scenario/scenario.go:317 msg=eval reqs=14 score="[5 4 3 2 0]" criteria="[4 0 6 6]"
time=17:59:18.219 level=INFO msg=これまでに地域内の評判によって9人、既存ユーザーの招待経由で2人が新規登録しました
time=17:59:18.219 level=INFO msg=これまでに低評価なライドによって2人が利用をやめました
time=17:59:18.219 level=INFO msg=71.4%のライドは椅子がマッチされるまでの時間、100.0%のライドはマッチされた椅子が乗車地点までに掛かる時間、57.1%のライドは椅子の実移動時間に不満がありました
time=17:59:20.020 level=DEBUG source=/tmp/isucon14/bench/benchmarker/scenario/scenario.go:315 msg=時間経過 tick=600
time=17:59:20.020 level=DEBUG source=/tmp/isucon14/bench/benchmarker/scenario/scenario.go:317 msg=eval reqs=15 score="[6 4 3 2 0]" criteria="[4 0 6 6]"
time=17:59:21.818 level=DEBUG source=/tmp/isucon14/bench/benchmarker/scenario/scenario.go:315 msg=時間経過 tick=660
time=17:59:21.818 level=DEBUG source=/tmp/isucon14/bench/benchmarker/scenario/scenario.go:317 msg=eval reqs=15 score="[6 4 3 2 0]" criteria="[4 0 6 6]"
time=17:59:23.619 level=INFO msg=これまでに地域内の評判によって15人、既存ユーザーの招待経由で2人が新規登録しました
time=17:59:23.619 level=INFO msg=これまでに低評価なライドによって4人が利用をやめました
time=17:59:23.619 level=INFO msg=75.0%のライドは椅子がマッチされるまでの時間、100.0%のライドはマッチされた椅子が乗車地点までに掛かる時間、62.5%のライドは椅子の実移動時間に不満がありました
time=17:59:23.619 level=DEBUG source=/tmp/isucon14/bench/benchmarker/scenario/scenario.go:315 msg=時間経過 tick=720
time=17:59:23.619 level=DEBUG source=/tmp/isucon14/bench/benchmarker/scenario/scenario.go:317 msg=eval reqs=16 score="[7 4 3 2 0]" criteria="[4 0 6 6]"
time=17:59:25.419 level=DEBUG source=/tmp/isucon14/bench/benchmarker/scenario/scenario.go:315 msg=時間経過 tick=780
time=17:59:25.419 level=DEBUG source=/tmp/isucon14/bench/benchmarker/scenario/scenario.go:317 msg=eval reqs=18 score="[9 4 3 2 0]" criteria="[4 0 6 6]"
time=17:59:25.521 level=INFO msg=一定の売上が立ったためオーナーの椅子が増加します 名前=椅子のめぐりや 増加数=1
time=17:59:25.558 level=INFO msg=一定の売上が立ったためオーナーの椅子が増加します 名前=晴れ道タクシー 増加数=1
time=17:59:27.218 level=DEBUG source=/tmp/isucon14/bench/benchmarker/scenario/scenario.go:315 msg=時間経過 tick=840
time=17:59:27.218 level=DEBUG source=/tmp/isucon14/bench/benchmarker/scenario/scenario.go:317 msg=eval reqs=21 score="[12 4 3 2 0]" criteria="[4 0 6 6]"
time=17:59:27.315 level=INFO msg=一定の売上が立ったためオーナーの椅子が増加します 名前="PreLoved Chairs" 増加数=1
time=17:59:27.336 level=INFO msg=一定の売上が立ったためオーナーの椅子が増加します 名前=椅子のめぐりや 増加数=1
time=17:59:29.018 level=INFO msg=これまでに地域内の評判によって21人、既存ユーザーの招待経由で2人が新規登録しました
time=17:59:29.018 level=INFO msg=これまでに低評価なライドによって10人が利用をやめました
time=17:59:29.018 level=INFO msg=83.3%のライドは椅子がマッチされるまでの時間、100.0%のライドはマッチされた椅子が乗車地点までに掛かる時間、75.0%のライドは椅子の実移動時間に不満がありました
time=17:59:29.018 level=DEBUG source=/tmp/isucon14/bench/benchmarker/scenario/scenario.go:315 msg=時間経過 tick=900
time=17:59:29.018 level=DEBUG source=/tmp/isucon14/bench/benchmarker/scenario/scenario.go:317 msg=eval reqs=24 score="[15 4 3 2 0]" criteria="[4 0 6 6]"
time=17:59:30.819 level=DEBUG source=/tmp/isucon14/bench/benchmarker/scenario/scenario.go:315 msg=時間経過 tick=960
time=17:59:30.819 level=DEBUG source=/tmp/isucon14/bench/benchmarker/scenario/scenario.go:317 msg=eval reqs=26 score="[17 4 3 2 0]" criteria="[4 0 6 6]"
time=17:59:32.618 level=DEBUG source=/tmp/isucon14/bench/benchmarker/scenario/scenario.go:315 msg=時間経過 tick=1020
time=17:59:32.619 level=DEBUG source=/tmp/isucon14/bench/benchmarker/scenario/scenario.go:317 msg=eval reqs=28 score="[18 5 3 2 0]" criteria="[4 1 6 6]"
time=17:59:32.700 level=INFO msg=一定の売上が立ったためオーナーの椅子が増加します 名前="Sit Second Life" 増加数=1
time=17:59:34.418 level=INFO msg=これまでに地域内の評判によって27人、既存ユーザーの招待経由で2人が新規登録しました
time=17:59:34.418 level=INFO msg=これまでに低評価なライドによって15人が利用をやめました
time=17:59:34.418 level=INFO msg=87.1%のライドは椅子がマッチされるまでの時間、96.8%のライドはマッチされた椅子が乗車地点までに掛かる時間、80.6%のライドは椅子の実移動時間に不満がありました
time=17:59:34.418 level=DEBUG source=/tmp/isucon14/bench/benchmarker/scenario/scenario.go:315 msg=時間経過 tick=1080
time=17:59:34.418 level=DEBUG source=/tmp/isucon14/bench/benchmarker/scenario/scenario.go:317 msg=eval reqs=31 score="[21 5 3 2 0]" criteria="[4 1 6 6]"
time=17:59:34.610 level=INFO msg=一定の売上が立ったためオーナーの椅子が増加します 名前=晴れ道タクシー 増加数=1
time=17:59:34.623 level=INFO msg=一定の売上が立ったためオーナーの椅子が増加します 名前=椅子のめぐりや 増加数=1
time=17:59:36.219 level=DEBUG source=/tmp/isucon14/bench/benchmarker/scenario/scenario.go:315 msg=時間経過 tick=1140
time=17:59:36.219 level=DEBUG source=/tmp/isucon14/bench/benchmarker/scenario/scenario.go:317 msg=eval reqs=33 score="[23 5 3 2 0]" criteria="[4 1 6 6]"
time=17:59:36.318 level=INFO msg=一定の売上が立ったためオーナーの椅子が増加します 名前="Sit Second Life" 増加数=1
time=17:59:38.019 level=DEBUG source=/tmp/isucon14/bench/benchmarker/scenario/scenario.go:315 msg=時間経過 tick=1200
time=17:59:38.019 level=DEBUG source=/tmp/isucon14/bench/benchmarker/scenario/scenario.go:317 msg=eval reqs=34 score="[24 5 3 2 0]" criteria="[4 1 6 6]"
time=17:59:39.819 level=DEBUG source=/tmp/isucon14/bench/benchmarker/scenario/scenario.go:315 msg=時間経過 tick=1260
time=17:59:39.819 level=INFO msg=これまでに地域内の評判によって33人、既存ユーザーの招待経由で2人が新規登録しました
time=17:59:39.819 level=DEBUG source=/tmp/isucon14/bench/benchmarker/scenario/scenario.go:317 msg=eval reqs=35 score="[25 5 3 2 0]" criteria="[4 1 6 6]"
time=17:59:39.819 level=INFO msg=これまでに低評価なライドによって20人が利用をやめました
time=17:59:39.819 level=INFO msg=88.6%のライドは椅子がマッチされるまでの時間、97.1%のライドはマッチされた椅子が乗車地点までに掛かる時間、82.9%のライドは椅子の実移動時間に不満がありました
time=17:59:41.618 level=DEBUG source=/tmp/isucon14/bench/benchmarker/scenario/scenario.go:315 msg=時間経過 tick=1320
time=17:59:41.618 level=DEBUG source=/tmp/isucon14/bench/benchmarker/scenario/scenario.go:317 msg=eval reqs=37 score="[27 5 3 2 0]" criteria="[4 1 6 6]"
time=17:59:43.419 level=DEBUG source=/tmp/isucon14/bench/benchmarker/scenario/scenario.go:315 msg=時間経過 tick=1380
time=17:59:43.419 level=DEBUG source=/tmp/isucon14/bench/benchmarker/scenario/scenario.go:317 msg=eval reqs=38 score="[28 5 3 2 0]" criteria="[4 1 6 6]"
time=17:59:45.218 level=DEBUG source=/tmp/isucon14/bench/benchmarker/scenario/scenario.go:315 msg=時間経過 tick=1440
time=17:59:45.218 level=INFO msg=これまでに地域内の評判によって39人、既存ユーザーの招待経由で2人が新規登録しました
time=17:59:45.218 level=DEBUG source=/tmp/isucon14/bench/benchmarker/scenario/scenario.go:317 msg=eval reqs=39 score="[29 5 3 2 0]" criteria="[4 1 6 6]"
time=17:59:45.218 level=INFO msg=これまでに低評価なライドによって24人が利用をやめました
time=17:59:45.218 level=INFO msg=89.7%のライドは椅子がマッチされるまでの時間、97.4%のライドはマッチされた椅子が乗車地点までに掛かる時間、84.6%のライドは椅子の実移動時間に不満がありました
time=17:59:45.388 level=INFO msg=一定の売上が立ったためオーナーの椅子が増加します 名前=風座プロダクツ 増加数=1
time=17:59:47.018 level=DEBUG source=/tmp/isucon14/bench/benchmarker/scenario/scenario.go:315 msg=時間経過 tick=1500
time=17:59:47.018 level=DEBUG source=/tmp/isucon14/bench/benchmarker/scenario/scenario.go:317 msg=eval reqs=43 score="[33 5 3 2 0]" criteria="[4 1 6 6]"
time=17:59:47.060 level=INFO msg=一定の売上が立ったためオーナーの椅子が増加します 名前="PreLoved Chairs" 増加数=1
time=17:59:48.819 level=DEBUG source=/tmp/isucon14/bench/benchmarker/scenario/scenario.go:315 msg=時間経過 tick=1560
time=17:59:48.819 level=DEBUG source=/tmp/isucon14/bench/benchmarker/scenario/scenario.go:317 msg=eval reqs=44 score="[34 5 3 2 0]" criteria="[4 1 6 6]"
time=17:59:49.050 level=INFO msg=一定の売上が立ったためオーナーの椅子が増加します 名前="Sit Second Life" 増加数=1
time=17:59:49.100 level=INFO msg=一定の売上が立ったためオーナーの椅子が増加します 名前=椅子のめぐりや 増加数=1
time=17:59:50.618 level=INFO msg=これまでに地域内の評判によって45人、既存ユーザーの招待経由で2人が新規登録しました
time=17:59:50.618 level=INFO msg=これまでに低評価なライドによって30人が利用をやめました
time=17:59:50.618 level=INFO msg=91.1%のライドは椅子がマッチされるまでの時間、97.8%のライドはマッチされた椅子が乗車地点までに掛かる時間、86.7%のライドは椅子の実移動時間に不満がありました
time=17:59:50.618 level=DEBUG source=/tmp/isucon14/bench/benchmarker/scenario/scenario.go:315 msg=時間経過 tick=1620
time=17:59:50.618 level=DEBUG source=/tmp/isucon14/bench/benchmarker/scenario/scenario.go:317 msg=eval reqs=45 score="[35 5 3 2 0]" criteria="[4 1 6 6]"
time=17:59:52.419 level=DEBUG source=/tmp/isucon14/bench/benchmarker/scenario/scenario.go:315 msg=時間経過 tick=1680
time=17:59:52.419 level=DEBUG source=/tmp/isucon14/bench/benchmarker/scenario/scenario.go:317 msg=eval reqs=45 score="[35 5 3 2 0]" criteria="[4 1 6 6]"
time=17:59:54.218 level=DEBUG source=/tmp/isucon14/bench/benchmarker/scenario/scenario.go:315 msg=時間経過 tick=1740
time=17:59:54.218 level=DEBUG source=/tmp/isucon14/bench/benchmarker/scenario/scenario.go:317 msg=eval reqs=48 score="[38 5 3 2 0]" criteria="[4 1 6 6]"
time=17:59:54.404 level=INFO msg=一定の売上が立ったためオーナーの椅子が増加します 名前=風座プロダクツ 増加数=1
time=17:59:54.522 level=INFO msg=一定の売上が立ったためオーナーの椅子が増加します 名前=椅子のめぐりや 増加数=1
time=17:59:56.018 level=DEBUG source=/tmp/isucon14/bench/benchmarker/scenario/scenario.go:315 msg=時間経過 tick=1800
time=17:59:56.018 level=DEBUG source=/tmp/isucon14/bench/benchmarker/scenario/scenario.go:317 msg=eval reqs=49 score="[39 5 3 2 0]" criteria="[4 1 6 6]"
time=17:59:56.018 level=INFO msg=これまでに地域内の評判によって51人、既存ユーザーの招待経由で2人が新規登録しました
time=17:59:56.018 level=INFO msg=これまでに低評価なライドによって34人が利用をやめました
time=17:59:56.018 level=INFO msg=91.8%のライドは椅子がマッチされるまでの時間、98.0%のライドはマッチされた椅子が乗車地点までに掛かる時間、87.8%のライドは椅子の実移動時間に不満がありました
time=17:59:57.818 level=DEBUG source=/tmp/isucon14/bench/benchmarker/scenario/scenario.go:315 msg=時間経過 tick=1860
time=17:59:57.818 level=DEBUG source=/tmp/isucon14/bench/benchmarker/scenario/scenario.go:317 msg=eval reqs=51 score="[40 6 3 2 0]" criteria="[4 1 6 7]"
time=17:59:59.618 level=DEBUG source=/tmp/isucon14/bench/benchmarker/scenario/scenario.go:315 msg=時間経過 tick=1920
time=17:59:59.618 level=DEBUG source=/tmp/isucon14/bench/benchmarker/scenario/scenario.go:317 msg=eval reqs=54 score="[43 6 3 2 0]" criteria="[4 1 6 7]"
time=18:00:01.418 level=DEBUG source=/tmp/isucon14/bench/benchmarker/scenario/scenario.go:315 msg=時間経過 tick=1980
time=18:00:01.418 level=DEBUG source=/tmp/isucon14/bench/benchmarker/scenario/scenario.go:317 msg=eval reqs=57 score="[46 6 3 2 0]" criteria="[4 1 6 7]"
time=18:00:01.418 level=INFO msg=これまでに地域内の評判によって57人、既存ユーザーの招待経由で2人が新規登録しました
time=18:00:01.418 level=INFO msg=これまでに低評価なライドによって42人が利用をやめました
time=18:00:01.418 level=INFO msg=93.0%のライドは椅子がマッチされるまでの時間、98.2%のライドはマッチされた椅子が乗車地点までに掛かる時間、88.6%のライドは椅子の実移動時間に不満がありました
time=18:00:01.961 level=INFO msg=一定の売上が立ったためオーナーの椅子が増加します 名前=椅子のめぐりや 増加数=1
time=18:00:07.019 level=INFO msg=最終地域情報 名前=チェアタウン ユーザー登録数=37 アクティブユーザー数=13
time=18:00:07.019 level=INFO msg=最終地域情報 名前=コシカケシティ ユーザー登録数=34 アクティブユーザー数=15
time=18:00:07.019 level=INFO msg=最終オーナー情報 名前="PreLoved Chairs" 売上=52000 椅子数=6
time=18:00:07.019 level=INFO msg=最終オーナー情報 名前=椅子のめぐりや 売上=113400 椅子数=11
time=18:00:07.019 level=INFO msg=最終オーナー情報 名前=晴れ道タクシー 売上=42900 椅子数=6
time=18:00:07.019 level=INFO msg=最終オーナー情報 名前="Sit Second Life" 売上=81900 椅子数=7
time=18:00:07.019 level=INFO msg=最終オーナー情報 名前=風座プロダクツ 売上=34900 椅子数=6
time=18:00:07.019 level=INFO msg=93.2%のライドは椅子がマッチされるまでの時間、98.3%のライドはマッチされた椅子が乗車地点までに掛かる時間、89.0%のライドは椅子の実移動時間に不満がありました
time=18:00:07.019 level=INFO msg=結果 pass=true スコア=5267 種別エラー数=map[]
time=18:00:07.019 level=INFO msg=負荷走行が終了しました
