2026-09-26T08:59:01+00:00
COMMAND         %CPU   RSS
mysqld          74.9 659084
nginx            1.2  9488
nginx            1.2  9468
systemd-journal  0.6 69344
jbd2/sda1-8      0.5     0
snapd            0.4 39952
rsyslogd         0.2  5528
systemd          0.2 13036
kworker/1:1H-kb  0.2     0
2026-09-26T08:59:03+00:00
COMMAND         %CPU   RSS
mysqld          75.0 718688
bench            8.5 51412
nginx            1.2  9488
nginx            1.2  9468
isuride          0.7 15064
systemd-journal  0.6 69732
jbd2/sda1-8      0.5     0
snapd            0.4 39952
rsyslogd         0.2  5528
2026-09-26T08:59:05+00:00
COMMAND         %CPU   RSS
mysqld          75.2 744692
curl            12.5 12140
bench            8.2 54512
isuride          1.9 15104
nginx            1.2  9488
nginx            1.2  9468
systemd-journal  0.6 41372
jbd2/sda1-8      0.5     0
snapd            0.4 39952
2026-09-26T08:59:07+00:00
COMMAND         %CPU   RSS
mysqld          75.4 718812
bench            7.9 54764
isuride          2.9 15880
nginx            1.3  9488
nginx            1.2  9468
systemd-journal  0.6 42116
jbd2/sda1-8      0.5     0
snapd            0.4 39952
rsyslogd         0.3  5528
2026-09-26T08:59:09+00:00
COMMAND         %CPU   RSS
mysqld          75.7 708000
bench            7.9 55944
isuride          3.8 15860
nginx            1.3  9488
nginx            1.2  9468
systemd-journal  0.6 42808
jbd2/sda1-8      0.5     0
snapd            0.4 39952
rsyslogd         0.3  5528
2026-09-26T08:59:11+00:00
COMMAND         %CPU   RSS
mysqld          75.9 710172
bench            8.1 61964
isuride          4.4 16288
nginx            1.3  9488
nginx            1.2  9468
systemd-journal  0.6 43452
jbd2/sda1-8      0.5     0
snapd            0.4 39952
rsyslogd         0.3  5528
2026-09-26T08:59:13+00:00
COMMAND         %CPU   RSS
mysqld          76.2 714352
curl             8.3 12324
bench            7.9 64208
isuride          5.0 16372
nginx            1.3  9488
nginx            1.2  9468
systemd-journal  0.6 44156
jbd2/sda1-8      0.5     0
snapd            0.4 39952
2026-09-26T08:59:15+00:00
COMMAND         %CPU   RSS
mysqld          76.5 716504
bench            7.9 66600
isuride          5.5 16372
nginx            1.3  9488
nginx            1.2  9468
systemd-journal  0.6 44740
jbd2/sda1-8      0.5     0
snapd            0.4 39952
rsyslogd         0.3  5528
2026-09-26T08:59:17+00:00
COMMAND         %CPU   RSS
mysqld          76.8 719736
bench            7.7 67212
isuride          5.8 16700
nginx            1.3  9488
nginx            1.2  9468
systemd-journal  0.6 45440
jbd2/sda1-8      0.5     0
snapd            0.4 39952
rsyslogd         0.3  5528
2026-09-26T08:59:19+00:00
COMMAND         %CPU   RSS
mysqld          77.1 720880
bench            7.8 69496
isuride          6.2 17468
nginx            1.3  9488
nginx            1.2  9468
systemd-journal  0.6 46016
jbd2/sda1-8      0.5     0
snapd            0.4 39952
rsyslogd         0.3  5528
2026-09-26T08:59:21+00:00
COMMAND         %CPU   RSS
mysqld          77.4 730736
bench            7.6 70628
isuride          6.4 17048
nginx            1.3  9488
nginx            1.2  9468
systemd-journal  0.6 46564
jbd2/sda1-8      0.5     0
snapd            0.4 39952
rsyslogd         0.3  5528
2026-09-26T08:59:23+00:00
COMMAND         %CPU   RSS
mysqld          77.7 748952
bench            7.7 75428
isuride          6.7 17492
curl             3.5 12204
nginx            1.3  9488
nginx            1.2  9468
systemd-journal  0.6 49420
jbd2/sda1-8      0.5     0
snapd            0.4 39952
2026-09-26T08:59:25+00:00
COMMAND         %CPU   RSS
mysqld          77.9 756408
bench            7.6 75812
isuride          7.0 17904
nginx            1.3  9488
nginx            1.2  9468
systemd-journal  0.6 50176
jbd2/sda1-8      0.5     0
snapd            0.4 39952
rsyslogd         0.3  5528
2026-09-26T08:59:27+00:00
COMMAND         %CPU   RSS
mysqld          78.2 733828
bench            7.6 80632
isuride          7.2 17276
curl             4.1 12324
nginx            1.3  9488
nginx            1.3  9468
systemd-journal  0.6 50732
jbd2/sda1-8      0.5     0
snapd            0.4 39952
2026-09-26T08:59:29+00:00
COMMAND         %CPU   RSS
mysqld          78.5 747660
curl            11.1 12324
bench            7.6 88276
isuride          7.4 18500
nginx            1.3  9488
nginx            1.3  9468
systemd-journal  0.6 51316
jbd2/sda1-8      0.5     0
snapd            0.4 39952
2026-09-26T08:59:31+00:00
COMMAND         %CPU   RSS
mysqld          78.8 738128
isuride          7.7 18444
bench            7.5 88652
nginx            1.3  9488
nginx            1.3  9468
systemd-journal  0.6 51824
jbd2/sda1-8      0.5     0
snapd            0.4 39952
rsyslogd         0.3  5528
2026-09-26T08:59:33+00:00
COMMAND         %CPU   RSS
mysqld          79.1 740300
curl            12.5 11920
isuride          7.9 19052
bench            7.5 91144
nginx            1.3  9488
nginx            1.3  9468
systemd-journal  0.6 52372
jbd2/sda1-8      0.5     0
snapd            0.4 39952
2026-09-26T08:59:35+00:00
COMMAND         %CPU   RSS
mysqld          79.4 742464
isuride          8.1 18940
bench            7.4 91908
nginx            1.3  9488
nginx            1.3  9468
systemd-journal  0.6 52900
jbd2/sda1-8      0.5     0
snapd            0.4 39952
rsyslogd         0.3  5528
2026-09-26T08:59:37+00:00
COMMAND         %CPU   RSS
mysqld          79.6 742532
isuride          8.2 18560
bench            7.5 94940
nginx            1.3  9488
nginx            1.3  9468
systemd-journal  0.6 53456
jbd2/sda1-8      0.5     0
snapd            0.4 39952
rsyslogd         0.3  5528
2026-09-26T08:59:39+00:00
COMMAND         %CPU   RSS
mysqld          79.9 764508
isuride          8.4 19448
bench            7.5 95600
nginx            1.3  9488
nginx            1.3  9468
systemd-journal  0.6 53956
jbd2/sda1-8      0.5     0
snapd            0.4 39952
rsyslogd         0.3  5528
2026-09-26T08:59:41+00:00
COMMAND         %CPU   RSS
mysqld          80.2 803272
isuride          8.5 19240
bench            7.4 100444
curl             4.3 12324
nginx            1.3  9488
nginx            1.3  9468
systemd-journal  0.6 57964
jbd2/sda1-8      0.5     0
snapd            0.4 39952
2026-09-26T08:59:43+00:00
COMMAND         %CPU   RSS
mysqld          80.5 820988
isuride          8.6 19612
bench            7.4 100752
nginx            1.3  9488
nginx            1.3  9468
systemd-journal  0.6 59168
jbd2/sda1-8      0.5     0
snapd            0.4 39952
rsyslogd         0.3  5528
2026-09-26T08:59:45+00:00
COMMAND         %CPU   RSS
mysqld          80.7 796908
isuride          8.7 19480
bench            7.3 108916
curl             7.1 12324
nginx            1.3  9488
nginx            1.3  9468
systemd-journal  0.6 59676
jbd2/sda1-8      0.5     0
snapd            0.4 39952
2026-09-26T08:59:47+00:00
COMMAND         %CPU   RSS
mysqld          81.0 752588
isuride          8.8 19256
bench            7.3 109436
nginx            1.3  9488
nginx            1.3  9468
systemd-journal  0.6 62192
jbd2/sda1-8      0.5     0
snapd            0.4 39952
rsyslogd         0.3  5528
2026-09-26T08:59:49+00:00
COMMAND         %CPU   RSS
mysqld          81.3 754028
isuride          8.9 20008
bench            7.3 113660
nginx            1.3  9488
nginx            1.3  9468
systemd-journal  0.6 62916
jbd2/sda1-8      0.5     0
snapd            0.4 39952
rsyslogd         0.3  5528
2026-09-26T08:59:51+00:00
COMMAND         %CPU   RSS
mysqld          81.5 773240
isuride          9.0 19960
bench            7.3 114180
nginx            1.3  9488
nginx            1.3  9468
systemd-journal  0.6 63376
jbd2/sda1-8      0.5     0
snapd            0.4 39952
rsyslogd         0.3  5528
2026-09-26T08:59:53+00:00
COMMAND         %CPU   RSS
mysqld          81.8 756388
isuride          9.1 20648
bench            7.3 114588
nginx            1.3  9488
nginx            1.3  9472
systemd-journal  0.6 63860
jbd2/sda1-8      0.5     0
snapd            0.4 39952
rsyslogd         0.3  5528
2026-09-26T08:59:55+00:00
COMMAND         %CPU   RSS
mysqld          82.1 758500
isuride          9.2 20412
bench            7.3 123416
nginx            1.3  9488
nginx            1.3  9476
systemd-journal  0.6 64364
jbd2/sda1-8      0.5     0
snapd            0.4 39952
rsyslogd         0.3  5524
2026-09-26T08:59:57+00:00
COMMAND         %CPU   RSS
mysqld          82.3 795560
isuride          9.3 20428
bench            7.3 123568
nginx            1.3  9488
nginx            1.3  9504
systemd-journal  0.6 66796
jbd2/sda1-8      0.5     0
snapd            0.4 39952
rsyslogd         0.3  5524
2026-09-26T08:59:59+00:00
COMMAND         %CPU   RSS
mysqld          82.6 812008
isuride          9.3 21440
bench            7.3 123588
nginx            1.3  9488
nginx            1.3  9504
systemd-journal  0.6 67340
jbd2/sda1-8      0.5     0
snapd            0.4 39952
rsyslogd         0.3  5524
2026-09-26T09:00:01+00:00
COMMAND         %CPU   RSS
mysqld          82.9 841588
isuride          9.4 20912
bench            7.2 135692
nginx            1.3  9488
nginx            1.3  9520
systemd-journal  0.6 67832
jbd2/sda1-8      0.5     0
snapd            0.4 39952
rsyslogd         0.3  5524
2026-09-26T09:00:03+00:00
COMMAND         %CPU   RSS
mysqld          83.2 757092
isuride          9.5 20128
bench            7.2 136780
nginx            1.3  9488
nginx            1.3  9520
systemd-journal  0.6 68340
jbd2/sda1-8      0.5     0
snapd            0.4 39952
rsyslogd         0.3  5524
2026-09-26T09:00:05+00:00
COMMAND         %CPU   RSS
mysqld          83.4 754028
isuride          9.5 19292
bench            7.1 136784
curl             3.5 12316
nginx            1.3  9488
nginx            1.3  9520
systemd-journal  0.7 68900
jbd2/sda1-8      0.5     0
snapd            0.4 39952
