procs -----------memory---------- ---swap-- -----io---- -system-- -------cpu------- -----timestamp-----
 r  b   swpd   free   buff  cache   si   so    bi    bo   in   cs us sy id wa st gu                 UTC
 3  0      0 660140 168476 2354384    0    0   690 12264 6179   86 37  9 53  1  0  0 2026-09-26 08:59:01
21  0      0 566060 168476 2352248    0    0     0 41724 16107 32999 34 11 43 12  0  0 2026-09-26 08:59:02
15  0      0 553740 168476 2357904    0    0     0  4444 14201 45915 73 12 15  1  0  0 2026-09-26 08:59:03
 5  0      0 500092 168480 2356172    0    0     4 11728 17634 56645 65 16 18  1  0  0 2026-09-26 08:59:04
11  0      0 481696 168480 2361080    0    0     0  8700 18072 56907 68 17 14  1  0  0 2026-09-26 08:59:05
15  0      0 480024 168480 2357844    0    0     0 11344 16541 55448 74 16  9  1  0  0 2026-09-26 08:59:06
13  1      0 482388 168480 2360012    0    0     0 11876 14671 49571 76 19  4  1  0  0 2026-09-26 08:59:07
26  0      0 494720 168480 2359948    0    0     0 12568 15329 51533 75 19  5  1  0  0 2026-09-26 08:59:08
10  0      0 465588 168480 2361740    0    0     0 10092 12898 40632 79 19  2  0  0  0 2026-09-26 08:59:09
25  0      0 497376 168484 2361392    0    0     0 13028 14746 47797 76 19  4  1  0  0 2026-09-26 08:59:10
31  1      0 497708 168484 2362036    0    0     0 11532 13902 42599 79 18  2  0  0  0 2026-09-26 08:59:11
15  0      0 519284 168484 2371164    0    0     0 14016 14887 49408 76 21  3  1  0  0 2026-09-26 08:59:12
18  0      0 481512 168484 2363624    0    0     0 13484 15141 45672 80 19  2  0  0  0 2026-09-26 08:59:13
22  1      0 485960 168484 2367540    0    0     0 12420 14305 44112 77 20  3  1  0  0 2026-09-26 08:59:14
36  0      0 501088 168484 2364996    0    0     0 11700 14251 45255 80 18  2  1  0  0 2026-09-26 08:59:15
27  1      0 475588 168484 2368512    0    0     0 12592 14469 43321 80 19  2  0  0  0 2026-09-26 08:59:16
23  0      0 488176 168484 2367976    0    0     0 12576 15037 46101 78 16  4  1  0  0 2026-09-26 08:59:17
14  0      0 470032 168484 2369960    0    0     0 14684 14633 42969 81 18  2  1  0  0 2026-09-26 08:59:18
28  0      0 482860 168484 2370352    0    0     0 12440 13882 41352 79 16  4  1  0  0 2026-09-26 08:59:19
42  0      0 475400 168484 2371136    0    0     0 11528 13886 39857 80 18  2  1  0  0 2026-09-26 08:59:20
17  0      0 474676 168484 2377888    0    0     0 20804 13752 41750 79 17  4  1  0  0 2026-09-26 08:59:21
procs -----------memory---------- ---swap-- -----io---- -system-- -------cpu------- -----timestamp-----
 r  b   swpd   free   buff  cache   si   so    bi    bo   in   cs us sy id wa st gu                 UTC
17  0      0 493132 168484 2372380    0    0     0 11860 13128 39136 79 19  2  1  0  0 2026-09-26 08:59:22
30  0      0 463492 168484 2377532    0    0     0 12752 13140 38577 77 20  3  1  0  0 2026-09-26 08:59:23
20  0      0 465388 168484 2373636    0    0     0 11488 13814 41477 83 16  2  0  0  0 2026-09-26 08:59:24
28  0      0 454456 168484 2377840    0    0     0 12664 14189 42668 79 17  3  1  0  0 2026-09-26 08:59:25
23  1      0 498160 168484 2375068    0    0     0 12924 13985 42036 80 19  1  0  0  0 2026-09-26 08:59:26
46  0      0 441464 168484 2375496    0    0     0 11448 13758 39285 80 19  2  0  0  0 2026-09-26 08:59:27
28  0      0 439504 168484 2377792    0    0     0 15252 14051 44256 80 15  4  1  0  0 2026-09-26 08:59:28
24  0      0 412128 168484 2380908    0    0     0 10816 13512 39910 82 17  1  0  0  0 2026-09-26 08:59:29
43  0      0 412696 168484 2384764    0    0     0  9924 12066 37693 81 17  2  1  0  0 2026-09-26 08:59:30
42  0      0 380756 168484 2379704    0    0     0 10332 11101 35820 84 16  0  0  0  0 2026-09-26 08:59:31
41  0      0 381164 168484 2388940    0    0     0 11900 12924 40232 79 18  3  1  0  0 2026-09-26 08:59:32
43  0      0 380912 168484 2388260    0    0     0 20084 12337 38005 83 16  1  0  0  0 2026-09-26 08:59:33
23  0      0 385560 168484 2392820    0    0     0 10584 10997 34206 82 16  2  1  0  0 2026-09-26 08:59:34
18  1      0 381960 168484 2389640    0    0     0 11044 12572 39471 80 17  2  1  0  0 2026-09-26 08:59:35
39  0      0 388148 168484 2392980    0    0     0 20384 12317 37197 81 17  2  1  0  0 2026-09-26 08:59:36
12  0      0 394552 168484 2390952    0    0     0 11244 12643 40294 80 18  2  0  0  0 2026-09-26 08:59:37
25  0      0 370448 168484 2392848    0    0     0 10596 11595 32612 82 17  1  1  0  0 2026-09-26 08:59:38
46  0      0 376228 168484 2397140    0    0     0 12552 11610 37199 77 20  2  1  0  0 2026-09-26 08:59:39
46  0      0 390744 168484 2392572    0    0     0 11632 10972 35845 83 16  1  0  0  0 2026-09-26 08:59:40
34  0      0 364264 168484 2399836    0    0     0 12732 12626 37951 79 17  4  1  0  0 2026-09-26 08:59:41
 6  0      0 414116 168484 2394036    0    0     0 11884 13419 41473 81 17  2  0  0  0 2026-09-26 08:59:42
procs -----------memory---------- ---swap-- -----io---- -system-- -------cpu------- -----timestamp-----
 r  b   swpd   free   buff  cache   si   so    bi    bo   in   cs us sy id wa st gu                 UTC
52  0      0 365772 168484 2401180    0    0     0 11404 12288 37246 83 15  2  1  0  0 2026-09-26 08:59:43
50  0      0 398664 168484 2395224    0    0     0 13892 11338 37419 81 19  1  0  0  0 2026-09-26 08:59:44
38  0      0 319720 168484 2401232    0    0     0 13196 12978 39503 79 19  2  1  0  0 2026-09-26 08:59:45
45  1      0 357524 168484 2399256    0    0     0 12332 11529 37228 81 16  3  1  0  0 2026-09-26 08:59:46
21  0      0 309468 168484 2400104    0    0     0 11060 10269 30865 82 18  1  0  0  0 2026-09-26 08:59:47
12  0      0 309216 168484 2406208    0    0     0 14792 13364 41489 79 18  3  1  0  0 2026-09-26 08:59:48
55  0      0 309216 168484 2401348    0    0     0 10656 13006 34402 83 17  1  0  0  0 2026-09-26 08:59:49
36  0      0 311064 168484 2409840    0    0     0  9712 12345 37970 81 18  1  0  0  0 2026-09-26 08:59:50
47  0      0 323032 168484 2403764    0    0     0 20980 11175 34033 82 17  1  1  0  0 2026-09-26 08:59:51
50  0      0 276944 168484 2408708    0    0     0 10516 11116 34274 82 18  0  0  0  0 2026-09-26 08:59:52
29  0      0 284088 168484 2403600    0    0     0 11276 12429 37581 82 17  2  0  0  0 2026-09-26 08:59:53
40  0      0 292756 168484 2407104    0    0     0  9900 12317 33351 80 19  1  1  0  0 2026-09-26 08:59:54
67  0      0 323792 168484 2404776    0    0     0 11832 11211 36436 82 17  1  0  0  0 2026-09-26 08:59:55
40  0      0 307496 168484 2408236    0    0     0 11052 12211 34453 82 18  1  0  0  0 2026-09-26 08:59:56
19  1      0 326092 168484 2415072    0    0     0 11696 12074 36288 80 18  2  1  0  0 2026-09-26 08:59:57
12  1      0 284036 168484 2409572    0    0     0 11108 10568 33174 83 17  0  0  0  0 2026-09-26 08:59:58
72  0      0 283812 168484 2415044    0    0     0 12672 11837 36207 83 16  2  0  0  0 2026-09-26 08:59:59
60  1      0 238904 168484 2413652    0    0     0  9976 10701 34364 83 18  0  0  0  0 2026-09-26 09:00:00
27  1      0 287568 168484 2417876    0    0     0 10804 10896 34945 82 18  1  0  0  0 2026-09-26 09:00:01
58  0      0 256632 168484 2414024    0    0     0 10060 11861 35321 83 17  1  1  0  0 2026-09-26 09:00:02
39  0      0 264800 168484 2411440    0    0     0  1028 8334 29261 91  9  1  0  0  0 2026-09-26 09:00:03
procs -----------memory---------- ---swap-- -----io---- -system-- -------cpu------- -----timestamp-----
 r  b   swpd   free   buff  cache   si   so    bi    bo   in   cs us sy id wa st gu                 UTC
18  0      0 269200 168484 2411884    0    0     0  1148 7969 27020 88 11  1  0  0  0 2026-09-26 09:00:04
26  0      0 280532 168484 2412300    0    0     0   640 8780 30301 89  9  2  0  0  0 2026-09-26 09:00:05
20  0      0 303096 168484 2412680    0    0     0   592 9093 30451 91  8  1  0  0  0 2026-09-26 09:00:06
