2026-09-26T16:05:16+00:00
COMMAND         %CPU   RSS
mysqld          14.8 549632
nginx            1.6 10836
nginx            1.5 11064
systemd          0.4 12548
jbd2/sda1-8      0.3     0
systemd-journal  0.2 22484
kworker/1:1H-kb  0.1     0
kworker/0:1H-kb  0.1     0
rcu_preempt      0.1     0
2026-09-26T16:05:18+00:00
COMMAND         %CPU   RSS
mysqld          15.1 587244
bench            8.5 49480
nginx            1.6 10836
nginx            1.5 11064
isuride          0.7 15216
systemd          0.4 12548
jbd2/sda1-8      0.3     0
systemd-journal  0.2 22484
kworker/1:1H-kb  0.2     0
2026-09-26T16:05:20+00:00
COMMAND         %CPU   RSS
mysqld          15.7 589060
bench           13.2 66028
isuride          2.6 15672
nginx            1.7 10836
nginx            1.6 11064
systemd          0.4 12548
jbd2/sda1-8      0.4     0
systemd-journal  0.2 22484
kworker/1:1H-kb  0.2     0
2026-09-26T16:05:22+00:00
COMMAND         %CPU   RSS
mysqld          16.6 591220
bench           16.2 98380
isuride          4.7 16224
nginx            1.8 10836
nginx            1.7 11064
systemd          0.4 12548
jbd2/sda1-8      0.4     0
systemd-journal  0.2 22484
kworker/1:1H-kb  0.2     0
2026-09-26T16:05:24+00:00
COMMAND         %CPU   RSS
bench           19.8 128940
mysqld          17.7 596088
isuride          6.7 17432
nginx            2.0 10836
nginx            1.9 11064
jbd2/sda1-8      0.4     0
systemd          0.4 12548
systemd-journal  0.2 22484
kworker/1:1H-kb  0.2     0
2026-09-26T16:05:26+00:00
COMMAND         %CPU   RSS
bench           20.7 163436
mysqld          18.9 600884
isuride          8.8 18544
nginx            2.1 10836
nginx            2.0 11064
jbd2/sda1-8      0.5     0
systemd          0.4 12548
kworker/1:1H-kb  0.2     0
systemd-journal  0.2 22484
2026-09-26T16:05:28+00:00
COMMAND         %CPU   RSS
bench           21.3 168584
mysqld          20.2 606096
isuride         10.5 19808
nginx            2.2 10836
nginx            2.1 11064
jbd2/sda1-8      0.5     0
systemd          0.4 12548
kworker/1:1H+kb  0.2     0
systemd-journal  0.2 22484
2026-09-26T16:05:30+00:00
COMMAND         %CPU   RSS
bench           21.6 185600
mysqld          21.4 611260
isuride         12.1 20988
nginx            2.4 10836
nginx            2.2 11064
jbd2/sda1-8      0.5     0
systemd          0.4 12548
kworker/1:1H-kb  0.2     0
systemd-journal  0.2 22484
2026-09-26T16:05:32+00:00
COMMAND         %CPU   RSS
mysqld          22.6 618060
bench           22.0 197004
curl            14.2 12292
isuride         13.5 20524
nginx            2.5 10836
nginx            2.3 11068
jbd2/sda1-8      0.6     0
systemd          0.3 12548
kworker/1:1H-kb  0.2     0
2026-09-26T16:05:34+00:00
COMMAND         %CPU   RSS
mysqld          23.8 622356
bench           22.0 213804
isuride         14.9 21572
nginx            2.6 10952
nginx            2.4 11316
jbd2/sda1-8      0.6     0
systemd          0.3 12548
kworker/0:1H-kb  0.3     0
kworker/1:1H-kb  0.2     0
2026-09-26T16:05:36+00:00
COMMAND         %CPU   RSS
mysqld          24.9 634000
bench           22.2 222608
isuride         16.0 22224
nginx            2.7 11276
nginx            2.5 11740
jbd2/sda1-8      0.7     0
systemd          0.3 12548
kworker/1:1H-kb  0.3     0
kworker/0:1H-kb  0.3     0
2026-09-26T16:05:38+00:00
COMMAND         %CPU   RSS
mysqld          26.1 635452
bench           22.3 234776
isuride         17.1 23812
nginx            2.8 11544
nginx            2.6 12032
jbd2/sda1-8      0.7     0
systemd          0.3 12548
kworker/1:1H-kb  0.3     0
kworker/0:1H+kb  0.3     0
2026-09-26T16:05:40+00:00
COMMAND         %CPU   RSS
mysqld          27.2 640296
bench           22.5 254400
isuride         18.1 22928
nginx            2.9 11788
nginx            2.7 12184
jbd2/sda1-8      0.7     0
systemd          0.3 12548
kworker/0:1H-kb  0.3     0
kworker/1:1H-kb  0.3     0
2026-09-26T16:05:42+00:00
COMMAND         %CPU   RSS
mysqld          28.3 644848
bench           22.7 267728
isuride         19.1 25216
nginx            3.0 12240
nginx            2.8 12496
jbd2/sda1-8      0.7     0
kworker/0:1H-kb  0.3     0
systemd          0.3 12548
kworker/1:1H-kb  0.3     0
2026-09-26T16:05:44+00:00
COMMAND         %CPU   RSS
mysqld          29.4 646608
bench           22.9 277708
isuride         19.9 26468
nginx            3.1 12628
nginx            2.9 12936
jbd2/sda1-8      0.8     0
kworker/0:1H-kb  0.3     0
kworker/1:1H-kb  0.3     0
systemd          0.3 12548
2026-09-26T16:05:46+00:00
COMMAND         %CPU   RSS
mysqld          30.4 650108
bench           23.0 289912
isuride         20.8 29064
nginx            3.2 12932
nginx            3.0 13276
jbd2/sda1-8      0.8     0
kworker/0:1H-kb  0.4     0
kworker/1:1H-kb  0.3     0
systemd          0.3 12548
2026-09-26T16:05:48+00:00
COMMAND         %CPU   RSS
mysqld          31.4 652344
bench           23.2 319904
isuride         21.5 29300
nginx            3.3 13300
nginx            3.1 13544
curl             3.1 12304
jbd2/sda1-8      0.8     0
kworker/0:1H-kb  0.4     0
kworker/1:1H-kb  0.3     0
2026-09-26T16:05:50+00:00
COMMAND         %CPU   RSS
mysqld          32.4 654772
bench           23.3 339172
isuride         22.1 30104
nginx            3.3 13560
nginx            3.2 13752
jbd2/sda1-8      0.9     0
kworker/0:1H-kb  0.4     0
kworker/1:1H-kb  0.3     0
systemd          0.3 12548
2026-09-26T16:05:52+00:00
COMMAND         %CPU   RSS
mysqld          33.5 657452
bench           23.4 346552
isuride         22.8 30896
nginx            3.4 13844
nginx            3.3 14072
jbd2/sda1-8      0.9     0
kworker/0:1H-kb  0.4     0
kworker/1:1H-kb  0.4     0
systemd          0.3 12548
2026-09-26T16:05:54+00:00
COMMAND         %CPU   RSS
mysqld          34.4 664132
bench           23.6 369804
isuride         23.3 33624
curl             5.8 12304
nginx            3.5 14196
nginx            3.4 14340
jbd2/sda1-8      0.9     0
kworker/0:1H-kb  0.4     0
kworker/1:1H-kb  0.4     0
2026-09-26T16:05:56+00:00
COMMAND         %CPU   RSS
mysqld          35.4 669096
isuride         23.9 32724
bench           23.6 372324
nginx            3.6 14340
nginx            3.4 14528
jbd2/sda1-8      0.9     0
kworker/0:1H-kb  0.4     0
kworker/1:1H-kb  0.4     0
systemd          0.3 12548
2026-09-26T16:05:58+00:00
COMMAND         %CPU   RSS
mysqld          36.3 666948
isuride         24.4 34148
bench           23.7 404036
curl            16.6 12304
nginx            3.7 14604
nginx            3.5 14920
jbd2/sda1-8      1.0     0
kworker/0:1H-kb  0.4     0
kworker/1:1H-kb  0.4     0
2026-09-26T16:06:00+00:00
COMMAND         %CPU   RSS
mysqld          37.2 668392
isuride         24.9 35148
bench           23.8 406100
curl             4.7 12288
nginx            3.7 14892
nginx            3.6 15220
jbd2/sda1-8      1.0     0
kworker/0:1H-kb  0.5     0
kworker/1:1H-kb  0.4     0
2026-09-26T16:06:02+00:00
COMMAND         %CPU   RSS
mysqld          38.1 669336
isuride         25.4 34568
bench           24.0 430644
nginx            3.8 15108
nginx            3.7 15520
jbd2/sda1-8      1.0     0
kworker/0:1H-kb  0.5     0
kworker/1:1H-kb  0.4     0
systemd          0.3 12548
2026-09-26T16:06:04+00:00
COMMAND         %CPU   RSS
mysqld          39.0 670944
isuride         25.7 36496
bench           24.1 434012
nginx            3.9 15372
nginx            3.8 15800
jbd2/sda1-8      1.0     0
kworker/0:1H-kb  0.5     0
kworker/1:1H-kb  0.4     0
systemd          0.3 12548
2026-09-26T16:06:06+00:00
COMMAND         %CPU   RSS
mysqld          39.9 671596
isuride         26.1 37396
bench           24.2 459012
nginx            3.9 15656
nginx            3.8 16204
curl             3.1 12304
jbd2/sda1-8      1.1     0
kworker/0:1H-kb  0.5     0
kworker/1:1H-kb  0.4     0
2026-09-26T16:06:08+00:00
COMMAND         %CPU   RSS
mysqld          40.7 672640
isuride         26.6 37756
bench           24.2 461352
nginx            4.0 15744
nginx            3.9 16384
jbd2/sda1-8      1.1     0
kworker/0:1H-kb  0.5     0
kworker/1:1H-kb  0.4     0
systemd          0.2 12548
2026-09-26T16:06:10+00:00
COMMAND         %CPU   RSS
mysqld          41.6 676992
isuride         26.8 39756
bench           24.5 483516
nginx            4.1 15888
nginx            4.0 16636
jbd2/sda1-8      1.1     0
kworker/0:1H-kb  0.5     0
kworker/1:1H-kb  0.4     0
systemd          0.2 12548
2026-09-26T16:06:12+00:00
COMMAND         %CPU   RSS
mysqld          42.4 677556
isuride         27.1 40076
bench           24.5 484268
nginx            4.1 16164
nginx            4.1 16972
jbd2/sda1-8      1.1     0
kworker/0:1H-kb  0.5     0
kworker/1:1H-kb  0.4     0
systemd          0.2 12548
2026-09-26T16:06:14+00:00
COMMAND         %CPU   RSS
mysqld          43.2 677896
isuride         27.4 39500
bench           24.6 486192
nginx            4.2 16380
nginx            4.1 17108
jbd2/sda1-8      1.1     0
kworker/0:1H-kb  0.5     0
kworker/1:1H-kb  0.5     0
systemd          0.2 12548
2026-09-26T16:06:16+00:00
COMMAND         %CPU   RSS
mysqld          44.0 679240
isuride         27.7 40192
bench           24.8 507660
nginx            4.2 16784
nginx            4.2 17300
jbd2/sda1-8      1.2     0
curl             1.1 12304
kworker/0:1H-kb  0.5     0
kworker/1:1H-kb  0.5     0
2026-09-26T16:06:18+00:00
COMMAND         %CPU   RSS
mysqld          44.8 679400
isuride         28.1 33740
bench           24.9 509340
nginx            4.3 16944
nginx            4.2 17304
jbd2/sda1-8      1.2     0
kworker/0:1H-kb  0.5     0
kworker/1:1H-kb  0.5     0
systemd          0.2 12548
2026-09-26T16:06:20+00:00
COMMAND         %CPU   RSS
mysqld          45.4 679404
isuride         28.6 32364
bench           24.9 538112
curl            14.2 12008
nginx            4.4 16944
nginx            4.3 17304
jbd2/sda1-8      1.1     0
kworker/0:1H-kb  0.5     0
kworker/1:1H-kb  0.5     0
