procs -----------memory---------- ---swap-- -----io---- -system-- -------cpu------- -----timestamp-----
 r  b   swpd   free   buff  cache   si   so    bi    bo   in   cs us sy id wa st gu                 UTC
 3  0      0 2668360  69704 551604    0    0  5245  4995 5533  110 12  8 79  1  0  0 2026-09-26 16:05:16
 5  1      0 2581112  71204 560604    0    0    16 61964 18572 39962 30 13 40 17  0  0 2026-09-26 16:05:17
 0  1      0 2579348  71628 561252    0    0     0 10196 16196 48838 14 11 73  2  0  0 2026-09-26 16:05:18
 1  0      0 2573104  72400 562196    0    0     0 12024 25949 76818 23 18 56  3  0  0 2026-09-26 16:05:19
 6  1      0 2557268  73620 563616    0    0     0 18860 32215 108107 32 28 37  3  0  0 2026-09-26 16:05:20
12  1      0 2536660  74952 566428    0    0     0 22128 28899 111114 38 29 28  5  0  0 2026-09-26 16:05:21
 2  1      0 2516528  75744 569332    0    0     0 21456 30099 122102 43 30 24  3  0  0 2026-09-26 16:05:22
 3  0      0 2501688  76396 571404    0    0     0 23756 27631 109994 46 33 17  4  0  0 2026-09-26 16:05:23
27  0      0 2472484  77224 574604    0    0     0 24764 24826 109913 50 36 10  3  0  0 2026-09-26 16:05:24
 5  1      0 2455936  78128 576888    0    0     0 25044 23101 106028 49 34 12  4  0  0 2026-09-26 16:05:25
19  0      0 2437664  78792 579056    0    0     0 24532 23380 108177 51 35 11  3  0  0 2026-09-26 16:05:26
 7  0      0 2428348  79424 581240    0    0    12 29284 22928 111638 48 38  8  5  0  0 2026-09-26 16:05:27
10  1      0 2418092  80016 584392    0    0     0 27792 23466 108615 50 38  9  3  0  0 2026-09-26 16:05:28
10  0      0 2400040  80632 586324    0    0     0 27940 23836 107111 53 39  4  4  0  0 2026-09-26 16:05:29
38  0      0 2387568  80964 588660    0    0     0 25544 23545 103150 51 36  9  4  0  0 2026-09-26 16:05:30
17  1      0 2366948  81348 590656    0    0     0 28568 21151 108266 55 36  6  3  0  0 2026-09-26 16:05:31
35  1      0 2365132  81668 592832    0    0     0 30852 24715 112085 50 39  6  5  0  0 2026-09-26 16:05:32
25  0      0 2343916  81948 595340    0    0    84 34076 23298 104255 51 37  8  4  0  0 2026-09-26 16:05:33
24  1      0 2334348  82140 598504    0    0     0 31164 22368 102993 53 39  5  3  0  0 2026-09-26 16:05:34
 5  1      0 2327820  82352 600716    0    0     0 30464 23137 105004 51 38  7  4  0  0 2026-09-26 16:05:35
15  2      0 2314268  82572 603040    0    0     0 29736 22150 103207 52 37  6  4  0  0 2026-09-26 16:05:36
procs -----------memory---------- ---swap-- -----io---- -system-- -------cpu------- -----timestamp-----
 r  b   swpd   free   buff  cache   si   so    bi    bo   in   cs us sy id wa st gu                 UTC
35  1      0 2302080  82672 606448    0    0     0 32088 22937 111942 54 39  5  3  0  0 2026-09-26 16:05:37
 8  0      0 2282016  82800 608712    0    0     0 31016 22935 100379 53 39  5  3  0  0 2026-09-26 16:05:38
13  1      0 2272804  82912 611168    0    0     0 28400 23434 105542 53 39  5  3  0  0 2026-09-26 16:05:39
13  1      0 2248144  83024 613392    0    0     0 25960 22652 100530 54 39  4  3  0  0 2026-09-26 16:05:40
12  1      0 2253688  83112 615812    0    0     0 27768 25142 108184 53 39  6  3  0  0 2026-09-26 16:05:41
14  0      0 2234288  83144 618140    0    0     0 27764 22964 106994 54 40  4  2  0  0 2026-09-26 16:05:42
32  0      0 2223480  83204 620716    0    0     0 27416 22139 101170 53 40  5  2  0  0 2026-09-26 16:05:43
52  0      0 2215424  83264 624080    0    0     0 35252 20839 99425 54 37  5  3  0  0 2026-09-26 16:05:44
26  0      0 2195024  83288 626740    0    0     0 28360 20698 103381 54 41  3  2  0  0 2026-09-26 16:05:45
 9  1      0 2183000  83324 628964    0    0     0 27820 23559 104940 56 37  5  2  0  0 2026-09-26 16:05:46
54  0      0 2156828  83352 631936    0    0     0 27580 21606 103535 57 38  4  2  0  0 2026-09-26 16:05:47
24  1      0 2143596  83372 634880    0    0     0 28268 22143 97109 55 36  5  4  0  0 2026-09-26 16:05:48
27  1      0 2131756  83392 637372    0    0     0 26868 21388 97094 58 37  4  2  0  0 2026-09-26 16:05:49
15  0      0 2130304  83424 639632    0    0     0 28900 21837 101687 53 37  7  3  0  0 2026-09-26 16:05:50
17  0      0 2103360  83436 642160    0    0     0 31212 18516 102251 59 38  2  1  0  0 2026-09-26 16:05:51
23  1      0 2113128  83448 644504    0    0     0 26492 22800 106339 55 41  3  1  0  0 2026-09-26 16:05:52
15  1      0 2095400  83456 646904    0    0     0 29320 20939 104303 55 41  3  2  0  0 2026-09-26 16:05:53
 7  0      0 2070064  83464 649936    0    0     0 34988 20273 95936 56 38  4  2  0  0 2026-09-26 16:05:54
16  2      0 2059364  83464 651696    0    0     0 28776 19338 98379 59 38  2  2  0  0 2026-09-26 16:05:55
13  2      0 2050976  83468 656600    0    0     0 26688 23336 105360 54 38  5  2  0  0 2026-09-26 16:05:56
10  1      0 2035216  83476 657720    0    0     0 25596 21432 103548 58 37  4  2  0  0 2026-09-26 16:05:57
procs -----------memory---------- ---swap-- -----io---- -system-- -------cpu------- -----timestamp-----
 r  b   swpd   free   buff  cache   si   so    bi    bo   in   cs us sy id wa st gu                 UTC
38  0      0 1999072  83492 659984    0    0     0 26300 19996 100771 59 37  3  2  0  0 2026-09-26 16:05:58
23  0      0 2007644  83500 663476    0    0     0 28220 21442 102238 57 37  3  3  0  0 2026-09-26 16:05:59
46  0      0 2004528  83504 665768    0    0     0 27792 20774 99897 60 37  3  1  0  0 2026-09-26 16:06:00
14  1      0 1995848  83508 667972    0    0     0 25944 23468 102616 55 41  3  1  0  0 2026-09-26 16:06:01
 8  1      0 1962988  83508 670248    0    0     0 25608 21134 95469 59 38  2  1  0  0 2026-09-26 16:06:02
16  1      0 1962528  83508 672700    0    0     0 26952 20738 99629 58 37  4  2  0  0 2026-09-26 16:06:03
15  0      0 1952784  83512 674908    0    0     0 33996 20413 96611 59 37  3  2  0  0 2026-09-26 16:06:04
17  1      0 1936912  83512 677052    0    0     0 26644 21053 93772 62 34  3  2  0  0 2026-09-26 16:06:05
12  2      0 1927160  83512 679512    0    0     0 27868 19280 99407 57 40  3  1  0  0 2026-09-26 16:06:06
52  0      0 1920060  83516 681964    0    0     0 25712 19888 97310 58 40  1  1  0  0 2026-09-26 16:06:07
42  1      0 1909092  83516 685492    0    0     0 27384 19825 103694 58 40  2  0  0  0 2026-09-26 16:06:08
25  0      0 1894188  83516 689056    0    0     0 27300 22575 98857 62 35  3  1  0  0 2026-09-26 16:06:09
 7  1      0 1888428  83520 690968    0    0     0 24948 20528 100571 58 39  2  1  0  0 2026-09-26 16:06:10
38  1      0 1861508  83524 693144    0    0     0 26876 21482 92882 62 32  4  2  0  0 2026-09-26 16:06:11
17  1      0 1867724  83524 695364    0    0     0 26960 22453 99894 57 39  3  1  0  0 2026-09-26 16:06:12
14  0      0 1864456  83524 698696    0    0     0 27692 22654 96802 58 38  2  2  0  0 2026-09-26 16:06:13
59  1      0 1856676  83528 701192    0    0     0 32044 19554 97802 59 39  1  1  0  0 2026-09-26 16:06:14
49  1      0 1838812  83532 703052    0    0     0 24464 20413 95711 59 39  2  0  0  0 2026-09-26 16:06:15
16  1      0 1827268  83532 705768    0    0     0 26692 22015 97927 58 41  1  1  0  0 2026-09-26 16:06:16
48  0      0 1824004  83532 707600    0    0     0 29480 20646 99310 59 40  1  1  0  0 2026-09-26 16:06:17
 3  1      0 1824016  83532 708668    0    0     0 13596 21149 123195 63 33  4  1  0  0 2026-09-26 16:06:18
procs -----------memory---------- ---swap-- -----io---- -system-- -------cpu------- -----timestamp-----
 r  b   swpd   free   buff  cache   si   so    bi    bo   in   cs us sy id wa st gu                 UTC
68  0      0 1826504  83532 709328    0    0     0  4852 18973 126612 67 29  4  0  0  0 2026-09-26 16:06:19
 2  0      0 1805628  83532 710112    0    0     0  3572 16854 132852 67 29  5  0  0  0 2026-09-26 16:06:20
 3  0      0 1803892  83532 710888    0    0     0  3512 20022 136359 65 30  5  0  0  0 2026-09-26 16:06:21
