time=18:03:30.458 level=DEBUG source=/tmp/isucon14/bench/cmd/run.go:90 msg=target targetURL=https://isuride.xiv.isucon.net targetAddr=127.0.0.1:443 benchrun.GetTargetAddress()="" paymentURL=http://127.0.0.1:12346
time=18:03:30.458 level=INFO msg=負荷走行を開始します
time=18:03:33.263 level=DEBUG source=/tmp/isucon14/bench/benchmarker/scenario/scenario.go:315 msg=時間経過 tick=60
time=18:03:33.263 level=DEBUG source=/tmp/isucon14/bench/benchmarker/scenario/scenario.go:317 msg=eval reqs=0 score="[0 0 0 0 0]" criteria="[0 0 0 0]"
time=18:03:35.063 level=DEBUG source=/tmp/isucon14/bench/benchmarker/scenario/scenario.go:315 msg=時間経過 tick=120
time=18:03:35.063 level=DEBUG source=/tmp/isucon14/bench/benchmarker/scenario/scenario.go:317 msg=eval reqs=1 score="[0 0 0 1 0]" criteria="[1 0 1 1]"
time=18:03:36.863 level=DEBUG source=/tmp/isucon14/bench/benchmarker/scenario/scenario.go:315 msg=時間経過 tick=180
time=18:03:36.863 level=DEBUG source=/tmp/isucon14/bench/benchmarker/scenario/scenario.go:317 msg=eval reqs=4 score="[0 0 1 3 0]" criteria="[3 0 4 4]"
time=18:03:36.863 level=INFO msg=これまでに地域内の評判によって1人、既存ユーザーの招待経由で3人が新規登録しました
time=18:03:36.863 level=INFO msg=25.0%のライドは椅子がマッチされるまでの時間、100.0%のライドはマッチされた椅子が乗車地点までに掛かる時間、0.0%のライドは椅子の実移動時間に不満がありました
time=18:03:38.693 level=DEBUG source=/tmp/isucon14/bench/benchmarker/scenario/scenario.go:315 msg=時間経過 tick=240
time=18:03:38.693 level=DEBUG source=/tmp/isucon14/bench/benchmarker/scenario/scenario.go:317 msg=eval reqs=6 score="[0 0 3 3 0]" criteria="[3 0 6 6]"
time=18:03:40.482 level=INFO msg=一定の売上が立ったためオーナーの椅子が増加します 名前=座り心地再生所 増加数=1
time=18:03:40.489 level=INFO msg=一定の売上が立ったためオーナーの椅子が増加します 名前=街のりタクシー 増加数=1
time=18:03:40.493 level=DEBUG source=/tmp/isucon14/bench/benchmarker/scenario/scenario.go:315 msg=時間経過 tick=300
time=18:03:40.493 level=DEBUG source=/tmp/isucon14/bench/benchmarker/scenario/scenario.go:317 msg=eval reqs=9 score="[0 0 6 3 0]" criteria="[3 0 9 9]"
time=18:03:42.292 level=INFO msg=一定の売上が立ったためオーナーの椅子が増加します 名前=ComfortWorks 増加数=1
time=18:03:42.293 level=DEBUG source=/tmp/isucon14/bench/benchmarker/scenario/scenario.go:315 msg=時間経過 tick=360
time=18:03:42.293 level=DEBUG source=/tmp/isucon14/bench/benchmarker/scenario/scenario.go:317 msg=eval reqs=12 score="[0 2 7 3 0]" criteria="[3 0 12 10]"
time=18:03:42.293 level=INFO msg=これまでに地域内の評判によって8人、既存ユーザーの招待経由で3人が新規登録しました
time=18:03:42.293 level=INFO msg=これまでに低評価なライドによって1人が利用をやめました
time=18:03:42.293 level=INFO msg=75.0%のライドは椅子がマッチされるまでの時間、100.0%のライドはマッチされた椅子が乗車地点までに掛かる時間、8.3%のライドは椅子の実移動時間に不満がありました
time=18:03:44.093 level=DEBUG source=/tmp/isucon14/bench/benchmarker/scenario/scenario.go:315 msg=時間経過 tick=420
time=18:03:44.093 level=DEBUG source=/tmp/isucon14/bench/benchmarker/scenario/scenario.go:317 msg=eval reqs=15 score="[0 3 9 3 0]" criteria="[4 0 14 12]"
time=18:03:45.893 level=DEBUG source=/tmp/isucon14/bench/benchmarker/scenario/scenario.go:315 msg=時間経過 tick=480
time=18:03:45.893 level=DEBUG source=/tmp/isucon14/bench/benchmarker/scenario/scenario.go:317 msg=eval reqs=19 score="[2 4 10 3 0]" criteria="[4 0 15 14]"
time=18:03:47.686 level=INFO msg=一定の売上が立ったためオーナーの椅子が増加します 名前=ComfortWorks 増加数=1
time=18:03:47.693 level=INFO msg=一定の売上が立ったためオーナーの椅子が増加します 名前=街のりタクシー 増加数=1
time=18:03:47.693 level=DEBUG source=/tmp/isucon14/bench/benchmarker/scenario/scenario.go:315 msg=時間経過 tick=540
time=18:03:47.693 level=DEBUG source=/tmp/isucon14/bench/benchmarker/scenario/scenario.go:317 msg=eval reqs=22 score="[2 5 12 3 0]" criteria="[4 0 17 17]"
time=18:03:47.693 level=INFO msg=これまでに地域内の評判によって16人、既存ユーザーの招待経由で3人が新規登録しました
time=18:03:47.693 level=INFO msg=これまでに低評価なライドによって5人が利用をやめました
time=18:03:47.693 level=INFO msg=81.8%のライドは椅子がマッチされるまでの時間、100.0%のライドはマッチされた椅子が乗車地点までに掛かる時間、22.7%のライドは椅子の実移動時間に不満がありました
time=18:03:49.493 level=DEBUG source=/tmp/isucon14/bench/benchmarker/scenario/scenario.go:315 msg=時間経過 tick=600
time=18:03:49.493 level=DEBUG source=/tmp/isucon14/bench/benchmarker/scenario/scenario.go:317 msg=eval reqs=24 score="[2 6 13 3 0]" criteria="[4 0 19 18]"
time=18:03:49.497 level=INFO msg=一定の売上が立ったためオーナーの椅子が増加します 名前=ComfortWorks 増加数=1
time=18:03:51.293 level=DEBUG source=/tmp/isucon14/bench/benchmarker/scenario/scenario.go:315 msg=時間経過 tick=660
time=18:03:51.293 level=DEBUG source=/tmp/isucon14/bench/benchmarker/scenario/scenario.go:317 msg=eval reqs=24 score="[2 6 13 3 0]" criteria="[4 0 19 18]"
time=18:03:53.093 level=INFO msg=これまでに地域内の評判によって23人、既存ユーザーの招待経由で3人が新規登録しました
time=18:03:53.093 level=INFO msg=これまでに低評価なライドによって7人が利用をやめました
time=18:03:53.093 level=INFO msg=86.2%のライドは椅子がマッチされるまでの時間、96.6%のライドはマッチされた椅子が乗車地点までに掛かる時間、27.6%のライドは椅子の実移動時間に不満がありました
time=18:03:53.093 level=DEBUG source=/tmp/isucon14/bench/benchmarker/scenario/scenario.go:315 msg=時間経過 tick=720
time=18:03:53.093 level=DEBUG source=/tmp/isucon14/bench/benchmarker/scenario/scenario.go:317 msg=eval reqs=29 score="[3 8 15 3 0]" criteria="[4 1 23 19]"
time=18:03:53.102 level=INFO msg=一定の売上が立ったためオーナーの椅子が増加します 名前=街のりタクシー 増加数=1
time=18:03:53.113 level=INFO msg=一定の売上が立ったためオーナーの椅子が増加します 名前="PreLoved Chairs" 増加数=1
time=18:03:53.127 level=INFO msg=一定の売上が立ったためオーナーの椅子が増加します 名前=座心工房 増加数=1
time=18:03:54.893 level=DEBUG source=/tmp/isucon14/bench/benchmarker/scenario/scenario.go:315 msg=時間経過 tick=780
time=18:03:54.893 level=DEBUG source=/tmp/isucon14/bench/benchmarker/scenario/scenario.go:317 msg=eval reqs=29 score="[3 8 15 3 0]" criteria="[4 1 23 19]"
time=18:03:56.693 level=DEBUG source=/tmp/isucon14/bench/benchmarker/scenario/scenario.go:315 msg=時間経過 tick=840
time=18:03:56.693 level=DEBUG source=/tmp/isucon14/bench/benchmarker/scenario/scenario.go:317 msg=eval reqs=31 score="[3 9 16 3 0]" criteria="[4 2 25 19]"
time=18:03:56.722 level=INFO msg=一定の売上が立ったためオーナーの椅子が増加します 名前=座り心地再生所 増加数=1
time=18:03:58.494 level=DEBUG source=/tmp/isucon14/bench/benchmarker/scenario/scenario.go:315 msg=時間経過 tick=900
time=18:03:58.494 level=DEBUG source=/tmp/isucon14/bench/benchmarker/scenario/scenario.go:317 msg=eval reqs=34 score="[4 11 16 3 0]" criteria="[4 2 26 20]"
time=18:03:58.494 level=INFO msg=これまでに地域内の評判によって29人、既存ユーザーの招待経由で3人が新規登録しました
time=18:03:58.494 level=INFO msg=これまでに低評価なライドによって10人が利用をやめました
time=18:03:58.494 level=INFO msg=88.2%のライドは椅子がマッチされるまでの時間、94.1%のライドはマッチされた椅子が乗車地点までに掛かる時間、32.4%のライドは椅子の実移動時間に不満がありました
time=18:04:00.293 level=DEBUG source=/tmp/isucon14/bench/benchmarker/scenario/scenario.go:315 msg=時間経過 tick=960
time=18:04:00.293 level=DEBUG source=/tmp/isucon14/bench/benchmarker/scenario/scenario.go:317 msg=eval reqs=34 score="[4 11 16 3 0]" criteria="[4 2 26 20]"
time=18:04:02.093 level=DEBUG source=/tmp/isucon14/bench/benchmarker/scenario/scenario.go:315 msg=時間経過 tick=1020
time=18:04:02.094 level=DEBUG source=/tmp/isucon14/bench/benchmarker/scenario/scenario.go:317 msg=eval reqs=36 score="[6 11 16 3 0]" criteria="[4 2 26 20]"
time=18:04:02.147 level=INFO msg=一定の売上が立ったためオーナーの椅子が増加します 名前=街のりタクシー 増加数=1
time=18:04:03.893 level=INFO msg=これまでに地域内の評判によって35人、既存ユーザーの招待経由で3人が新規登録しました
time=18:04:03.893 level=INFO msg=これまでに低評価なライドによって14人が利用をやめました
time=18:04:03.893 level=INFO msg=90.0%のライドは椅子がマッチされるまでの時間、95.0%のライドはマッチされた椅子が乗車地点までに掛かる時間、40.0%のライドは椅子の実移動時間に不満がありました
time=18:04:03.893 level=DEBUG source=/tmp/isucon14/bench/benchmarker/scenario/scenario.go:315 msg=時間経過 tick=1080
time=18:04:03.893 level=DEBUG source=/tmp/isucon14/bench/benchmarker/scenario/scenario.go:317 msg=eval reqs=40 score="[8 13 16 3 0]" criteria="[4 2 27 21]"
time=18:04:03.919 level=INFO msg=一定の売上が立ったためオーナーの椅子が増加します 名前=座り心地再生所 増加数=1
time=18:04:05.693 level=DEBUG source=/tmp/isucon14/bench/benchmarker/scenario/scenario.go:315 msg=時間経過 tick=1140
time=18:04:05.693 level=DEBUG source=/tmp/isucon14/bench/benchmarker/scenario/scenario.go:317 msg=eval reqs=43 score="[10 14 16 3 0]" criteria="[4 2 27 22]"
time=18:04:07.493 level=DEBUG source=/tmp/isucon14/bench/benchmarker/scenario/scenario.go:315 msg=時間経過 tick=1200
time=18:04:07.493 level=DEBUG source=/tmp/isucon14/bench/benchmarker/scenario/scenario.go:317 msg=eval reqs=45 score="[12 14 16 3 0]" criteria="[4 2 27 22]"
time=18:04:07.506 level=INFO msg=一定の売上が立ったためオーナーの椅子が増加します 名前="PreLoved Chairs" 増加数=1
time=18:04:09.293 level=INFO msg=これまでに地域内の評判によって41人、既存ユーザーの招待経由で3人が新規登録しました
time=18:04:09.293 level=INFO msg=これまでに低評価なライドによって20人が利用をやめました
time=18:04:09.293 level=INFO msg=91.5%のライドは椅子がマッチされるまでの時間、93.6%のライドはマッチされた椅子が乗車地点までに掛かる時間、46.8%のライドは椅子の実移動時間に不満がありました
time=18:04:09.293 level=DEBUG source=/tmp/isucon14/bench/benchmarker/scenario/scenario.go:315 msg=時間経過 tick=1260
time=18:04:09.293 level=DEBUG source=/tmp/isucon14/bench/benchmarker/scenario/scenario.go:317 msg=eval reqs=47 score="[13 14 17 3 0]" criteria="[4 3 28 22]"
time=18:04:11.093 level=DEBUG source=/tmp/isucon14/bench/benchmarker/scenario/scenario.go:315 msg=時間経過 tick=1320
time=18:04:11.093 level=DEBUG source=/tmp/isucon14/bench/benchmarker/scenario/scenario.go:317 msg=eval reqs=48 score="[14 14 17 3 0]" criteria="[4 3 28 22]"
time=18:04:11.145 level=INFO msg=一定の売上が立ったためオーナーの椅子が増加します 名前=座り心地再生所 増加数=1
time=18:04:12.893 level=DEBUG source=/tmp/isucon14/bench/benchmarker/scenario/scenario.go:315 msg=時間経過 tick=1380
time=18:04:12.893 level=DEBUG source=/tmp/isucon14/bench/benchmarker/scenario/scenario.go:317 msg=eval reqs=51 score="[17 14 17 3 0]" criteria="[4 3 28 22]"
time=18:04:14.693 level=DEBUG source=/tmp/isucon14/bench/benchmarker/scenario/scenario.go:315 msg=時間経過 tick=1440
time=18:04:14.693 level=DEBUG source=/tmp/isucon14/bench/benchmarker/scenario/scenario.go:317 msg=eval reqs=55 score="[21 14 17 3 0]" criteria="[4 3 28 22]"
time=18:04:14.693 level=INFO msg=これまでに地域内の評判によって47人、既存ユーザーの招待経由で3人が新規登録しました
time=18:04:14.693 level=INFO msg=これまでに低評価なライドによって28人が利用をやめました
time=18:04:14.693 level=INFO msg=92.7%のライドは椅子がマッチされるまでの時間、94.5%のライドはマッチされた椅子が乗車地点までに掛かる時間、54.5%のライドは椅子の実移動時間に不満がありました
time=18:04:14.735 level=INFO msg=一定の売上が立ったためオーナーの椅子が増加します 名前="PreLoved Chairs" 増加数=1
time=18:04:14.742 level=INFO msg=一定の売上が立ったためオーナーの椅子が増加します 名前=座心工房 増加数=1
time=18:04:14.748 level=INFO msg=一定の売上が立ったためオーナーの椅子が増加します 名前=街のりタクシー 増加数=1
time=18:04:16.493 level=DEBUG source=/tmp/isucon14/bench/benchmarker/scenario/scenario.go:315 msg=時間経過 tick=1500
time=18:04:16.493 level=DEBUG source=/tmp/isucon14/bench/benchmarker/scenario/scenario.go:317 msg=eval reqs=60 score="[26 14 17 3 0]" criteria="[4 3 28 22]"
time=18:04:16.525 level=INFO msg=一定の売上が立ったためオーナーの椅子が増加します 名前=座心工房 増加数=1
time=18:04:16.535 level=INFO msg=一定の売上が立ったためオーナーの椅子が増加します 名前="PreLoved Chairs" 増加数=1
time=18:04:16.603 level=INFO msg=一定の売上が立ったためオーナーの椅子が増加します 名前=座り心地再生所 増加数=1
time=18:04:18.293 level=DEBUG source=/tmp/isucon14/bench/benchmarker/scenario/scenario.go:315 msg=時間経過 tick=1560
time=18:04:18.294 level=DEBUG source=/tmp/isucon14/bench/benchmarker/scenario/scenario.go:317 msg=eval reqs=63 score="[28 15 17 3 0]" criteria="[4 3 28 23]"
time=18:04:18.337 level=INFO msg=一定の売上が立ったためオーナーの椅子が増加します 名前=ComfortWorks 増加数=1
time=18:04:18.362 level=INFO msg=一定の売上が立ったためオーナーの椅子が増加します 名前="PreLoved Chairs" 増加数=1
time=18:04:20.093 level=DEBUG source=/tmp/isucon14/bench/benchmarker/scenario/scenario.go:315 msg=時間経過 tick=1620
time=18:04:20.093 level=DEBUG source=/tmp/isucon14/bench/benchmarker/scenario/scenario.go:317 msg=eval reqs=66 score="[30 16 17 3 0]" criteria="[4 3 28 24]"
time=18:04:20.093 level=INFO msg=これまでに地域内の評判によって53人、既存ユーザーの招待経由で3人が新規登録しました
time=18:04:20.093 level=INFO msg=これまでに低評価なライドによって35人が利用をやめました
time=18:04:20.093 level=INFO msg=93.9%のライドは椅子がマッチされるまでの時間、95.5%のライドはマッチされた椅子が乗車地点までに掛かる時間、60.6%のライドは椅子の実移動時間に不満がありました
time=18:04:21.893 level=DEBUG source=/tmp/isucon14/bench/benchmarker/scenario/scenario.go:315 msg=時間経過 tick=1680
time=18:04:21.893 level=DEBUG source=/tmp/isucon14/bench/benchmarker/scenario/scenario.go:317 msg=eval reqs=66 score="[30 16 17 3 0]" criteria="[4 3 28 24]"
time=18:04:21.947 level=INFO msg=一定の売上が立ったためオーナーの椅子が増加します 名前=街のりタクシー 増加数=1
time=18:04:23.694 level=DEBUG source=/tmp/isucon14/bench/benchmarker/scenario/scenario.go:315 msg=時間経過 tick=1740
time=18:04:23.694 level=DEBUG source=/tmp/isucon14/bench/benchmarker/scenario/scenario.go:317 msg=eval reqs=68 score="[32 16 17 3 0]" criteria="[4 3 28 24]"
time=18:04:23.768 level=INFO msg=一定の売上が立ったためオーナーの椅子が増加します 名前=街のりタクシー 増加数=1
time=18:04:25.493 level=INFO msg=これまでに地域内の評判によって59人、既存ユーザーの招待経由で3人が新規登録しました
time=18:04:25.493 level=INFO msg=これまでに低評価なライドによって38人が利用をやめました
time=18:04:25.493 level=INFO msg=94.2%のライドは椅子がマッチされるまでの時間、95.7%のライドはマッチされた椅子が乗車地点までに掛かる時間、62.3%のライドは椅子の実移動時間に不満がありました
time=18:04:25.493 level=DEBUG source=/tmp/isucon14/bench/benchmarker/scenario/scenario.go:315 msg=時間経過 tick=1800
time=18:04:25.493 level=DEBUG source=/tmp/isucon14/bench/benchmarker/scenario/scenario.go:317 msg=eval reqs=69 score="[33 16 17 3 0]" criteria="[4 3 28 24]"
time=18:04:27.293 level=DEBUG source=/tmp/isucon14/bench/benchmarker/scenario/scenario.go:315 msg=時間経過 tick=1860
time=18:04:27.293 level=DEBUG source=/tmp/isucon14/bench/benchmarker/scenario/scenario.go:317 msg=eval reqs=73 score="[37 16 17 3 0]" criteria="[4 3 28 24]"
time=18:04:27.365 level=INFO msg=一定の売上が立ったためオーナーの椅子が増加します 名前=ComfortWorks 増加数=2
time=18:04:29.093 level=DEBUG source=/tmp/isucon14/bench/benchmarker/scenario/scenario.go:315 msg=時間経過 tick=1920
time=18:04:29.093 level=DEBUG source=/tmp/isucon14/bench/benchmarker/scenario/scenario.go:317 msg=eval reqs=75 score="[39 16 17 3 0]" criteria="[4 3 28 24]"
time=18:04:29.150 level=INFO msg=一定の売上が立ったためオーナーの椅子が増加します 名前="PreLoved Chairs" 増加数=1
time=18:04:30.893 level=DEBUG source=/tmp/isucon14/bench/benchmarker/scenario/scenario.go:315 msg=時間経過 tick=1980
time=18:04:30.893 level=DEBUG source=/tmp/isucon14/bench/benchmarker/scenario/scenario.go:317 msg=eval reqs=78 score="[41 17 17 3 0]" criteria="[4 4 28 24]"
time=18:04:30.893 level=INFO msg=これまでに地域内の評判によって65人、既存ユーザーの招待経由で3人が新規登録しました
time=18:04:30.893 level=INFO msg=これまでに低評価なライドによって45人が利用をやめました
time=18:04:30.893 level=INFO msg=94.9%のライドは椅子がマッチされるまでの時間、94.9%のライドはマッチされた椅子が乗車地点までに掛かる時間、66.7%のライドは椅子の実移動時間に不満がありました
time=18:04:31.020 level=INFO msg=一定の売上が立ったためオーナーの椅子が増加します 名前=街のりタクシー 増加数=1
time=18:04:36.463 level=INFO msg=最終地域情報 名前=チェアタウン ユーザー登録数=39 アクティブユーザー数=16
time=18:04:36.463 level=INFO msg=最終地域情報 名前=コシカケシティ ユーザー登録数=41 アクティブユーザー数=19
time=18:04:36.463 level=INFO msg=最終オーナー情報 名前="PreLoved Chairs" 売上=98800 椅子数=10
time=18:04:36.463 level=INFO msg=最終オーナー情報 名前=街のりタクシー 売上=133600 椅子数=12
time=18:04:36.463 level=INFO msg=最終オーナー情報 名前=座り心地再生所 売上=93800 椅子数=9
time=18:04:36.463 level=INFO msg=最終オーナー情報 名前=座心工房 売上=62500 椅子数=7
time=18:04:36.463 level=INFO msg=最終オーナー情報 名前=ComfortWorks 売上=95400 椅子数=10
time=18:04:36.463 level=INFO msg=94.9%のライドは椅子がマッチされるまでの時間、94.9%のライドはマッチされた椅子が乗車地点までに掛かる時間、66.7%のライドは椅子の実移動時間に不満がありました
time=18:04:36.463 level=INFO msg=結果 pass=true スコア=7271 種別エラー数=map[]
time=18:04:36.464 level=INFO msg=負荷走行が終了しました
