2026-09-26T09:03:30+00:00
COMMAND         %CPU   RSS
mysqld          76.1 731208
nginx            1.2  9488
nginx            1.2  9520
systemd-journal  0.6 68452
jbd2/sda1-8      0.5     0
snapd            0.3 39644
rsyslogd         0.3  5524
rcu_preempt      0.2     0
kworker/1:1H-kb  0.2     0
2026-09-26T09:03:32+00:00
COMMAND         %CPU   RSS
mysqld          76.1 743164
bench           10.5 48292
nginx            1.2  9488
nginx            1.2  9520
isuride          0.8 15336
systemd-journal  0.6 68784
jbd2/sda1-8      0.5     0
snapd            0.3 39644
rsyslogd         0.3  5524
2026-09-26T09:03:34+00:00
COMMAND         %CPU   RSS
mysqld          76.1 790448
curl            11.1 12132
bench            9.7 52724
isuride          2.2 15376
nginx            1.2  9488
nginx            1.2  9520
systemd-journal  0.6 69640
jbd2/sda1-8      0.5     0
rsyslogd         0.3  5524
2026-09-26T09:03:36+00:00
COMMAND         %CPU   RSS
mysqld          76.2 757752
bench            9.9 55536
isuride          3.7 15940
nginx            1.2  9488
nginx            1.2  9520
systemd-journal  0.6 41476
jbd2/sda1-8      0.5     0
rsyslogd         0.3  5524
snapd            0.3 39644
2026-09-26T09:03:38+00:00
COMMAND         %CPU   RSS
mysqld          76.3 761252
bench           10.3 58464
isuride          5.1 16088
nginx            1.2  9488
nginx            1.2  9520
systemd-journal  0.6 42444
jbd2/sda1-8      0.5     0
rsyslogd         0.3  5524
snapd            0.3 39644
2026-09-26T09:03:40+00:00
COMMAND         %CPU   RSS
mysqld          76.4 764412
bench           10.5 65128
isuride          6.4 16260
nginx            1.2  9488
nginx            1.2  9520
systemd-journal  0.6 43456
jbd2/sda1-8      0.5     0
rsyslogd         0.3  5524
snapd            0.3 39644
2026-09-26T09:03:42+00:00
COMMAND         %CPU   RSS
mysqld          76.5 765564
bench           10.8 68732
isuride          7.5 16780
nginx            1.2  9488
nginx            1.2  9520
systemd-journal  0.7 44436
jbd2/sda1-8      0.5     0
rsyslogd         0.3  5524
snapd            0.3 39644
2026-09-26T09:03:44+00:00
COMMAND         %CPU   RSS
mysqld          76.6 768188
bench           11.3 73980
isuride          8.5 17280
nginx            1.2  9488
nginx            1.2  9520
systemd-journal  0.7 45208
jbd2/sda1-8      0.5     0
rsyslogd         0.3  5524
snapd            0.3 39644
2026-09-26T09:03:46+00:00
COMMAND         %CPU   RSS
mysqld          76.7 771324
bench           11.4 79524
isuride          9.4 16732
nginx            1.3  9488
nginx            1.2  9520
systemd-journal  0.7 46356
jbd2/sda1-8      0.6     0
rsyslogd         0.3  5524
snapd            0.3 39644
2026-09-26T09:03:48+00:00
COMMAND         %CPU   RSS
mysqld          76.9 774460
bench           11.5 84476
isuride         10.2 16956
nginx            1.3  9488
nginx            1.3  9520
systemd-journal  0.7 50000
jbd2/sda1-8      0.6     0
rsyslogd         0.3  5524
snapd            0.3 39644
2026-09-26T09:03:50+00:00
COMMAND         %CPU   RSS
mysqld          77.0 784276
bench           11.6 89976
isuride         10.9 16928
nginx            1.3  9520
nginx            1.3  9488
systemd-journal  0.7 51124
jbd2/sda1-8      0.6     0
rsyslogd         0.3  5524
snapd            0.3 39644
2026-09-26T09:03:52+00:00
COMMAND         %CPU   RSS
mysqld          77.1 795752
bench           11.6 93200
isuride         11.6 17152
nginx            1.3  9520
nginx            1.3  9488
systemd-journal  0.7 52296
jbd2/sda1-8      0.6     0
rsyslogd         0.3  5524
snapd            0.3 39644
2026-09-26T09:03:54+00:00
COMMAND         %CPU   RSS
mysqld          77.2 781036
isuride         12.2 17388
bench           11.7 95172
nginx            1.3  9520
nginx            1.3  9488
systemd-journal  0.7 52912
jbd2/sda1-8      0.6     0
rsyslogd         0.3  5524
snapd            0.3 39644
2026-09-26T09:03:56+00:00
COMMAND         %CPU   RSS
mysqld          77.4 784292
isuride         12.7 17248
bench           11.8 96340
nginx            1.3  9520
nginx            1.3  9488
systemd-journal  0.7 54452
jbd2/sda1-8      0.6     0
rsyslogd         0.3  5524
snapd            0.3 39644
2026-09-26T09:03:58+00:00
COMMAND         %CPU   RSS
mysqld          77.5 784668
isuride         13.3 17636
bench           11.8 99540
nginx            1.3  9520
nginx            1.3  9488
systemd-journal  0.7 57284
jbd2/sda1-8      0.6     0
rsyslogd         0.3  5524
snapd            0.3 39644
2026-09-26T09:04:00+00:00
COMMAND         %CPU   RSS
mysqld          77.6 787760
isuride         13.8 18428
bench           11.8 105260
nginx            1.3  9520
nginx            1.3  9488
systemd-journal  0.7 60560
jbd2/sda1-8      0.6     0
rsyslogd         0.3  5524
snapd            0.3 39644
2026-09-26T09:04:02+00:00
COMMAND         %CPU   RSS
mysqld          77.8 783880
isuride         14.3 19148
bench           11.9 108176
nginx            1.3  9520
nginx            1.3  9488
systemd-journal  0.7 63840
jbd2/sda1-8      0.6     0
rsyslogd         0.3  5524
snapd            0.3 39644
2026-09-26T09:04:04+00:00
COMMAND         %CPU   RSS
mysqld          77.9 780392
isuride         14.7 19412
bench           11.9 108588
nginx            1.3  9520
nginx            1.3  9488
systemd-journal  0.7 64692
jbd2/sda1-8      0.6     0
rsyslogd         0.3  5524
snapd            0.3 39644
2026-09-26T09:04:06+00:00
COMMAND         %CPU   RSS
mysqld          78.0 778400
isuride         15.0 18720
bench           12.0 111388
nginx            1.3  9520
nginx            1.3  9488
systemd-journal  0.7 67620
jbd2/sda1-8      0.6     0
rsyslogd         0.3  5524
snapd            0.3 39644
2026-09-26T09:04:08+00:00
COMMAND         %CPU   RSS
mysqld          78.1 788756
isuride         15.3 18560
bench           12.0 117580
nginx            1.3  9520
nginx            1.3  9488
systemd-journal  0.7 68804
jbd2/sda1-8      0.6     0
rsyslogd         0.3  5524
snapd            0.3 39644
2026-09-26T09:04:10+00:00
COMMAND         %CPU   RSS
mysqld          78.3 808976
isuride         15.7 19332
bench           12.0 118052
nginx            1.3  9520
nginx            1.3  9488
systemd-journal  0.7 69780
jbd2/sda1-8      0.6     0
rsyslogd         0.3  5524
snapd            0.3 39644
2026-09-26T09:04:12+00:00
COMMAND         %CPU   RSS
mysqld          78.4 807492
isuride         16.0 19704
bench           11.9 123824
nginx            1.3  9520
nginx            1.3  9488
systemd-journal  0.7 41772
jbd2/sda1-8      0.6     0
rsyslogd         0.3  5524
snapd            0.3 39644
2026-09-26T09:04:14+00:00
COMMAND         %CPU   RSS
mysqld          78.6 819164
curl            22.2 12300
isuride         16.3 20240
bench           12.0 124140
nginx            1.4  9572
nginx            1.3  9488
systemd-journal  0.7 42608
jbd2/sda1-8      0.6     0
rsyslogd         0.3  5524
2026-09-26T09:04:16+00:00
COMMAND         %CPU   RSS
mysqld          78.7 772856
isuride         16.5 18808
bench           12.1 131176
nginx            1.4  9572
nginx            1.3  9488
systemd-journal  0.7 42908
jbd2/sda1-8      0.6     0
rsyslogd         0.3  5524
snapd            0.3 39644
2026-09-26T09:04:18+00:00
COMMAND         %CPU   RSS
mysqld          78.8 778052
isuride         16.7 20356
bench           12.1 134792
nginx            1.4  9628
nginx            1.3  9488
systemd-journal  0.7 42908
jbd2/sda1-8      0.6     0
rsyslogd         0.3  5524
snapd            0.3 39644
2026-09-26T09:04:20+00:00
COMMAND         %CPU   RSS
mysqld          79.0 780244
isuride         16.9 19352
bench           12.0 136748
nginx            1.4  9628
nginx            1.3  9488
systemd-journal  0.7 42908
jbd2/sda1-8      0.6     0
rsyslogd         0.3  5524
snapd            0.3 39644
2026-09-26T09:04:22+00:00
COMMAND         %CPU   RSS
mysqld          79.1 777156
isuride         17.1 19544
bench           12.0 143488
nginx            1.4  9632
nginx            1.4  9492
systemd-journal  0.7 42908
jbd2/sda1-8      0.6     0
rsyslogd         0.3  5524
snapd            0.3 39644
2026-09-26T09:04:24+00:00
COMMAND         %CPU   RSS
mysqld          79.3 772132
isuride         17.3 20048
bench           12.0 143944
nginx            1.4  9632
nginx            1.4  9532
systemd-journal  0.7 42908
jbd2/sda1-8      0.6     0
rsyslogd         0.3  5524
snapd            0.3 39644
2026-09-26T09:04:26+00:00
COMMAND         %CPU   RSS
mysqld          79.4 797452
isuride         17.5 20492
bench           12.0 148576
nginx            1.4  9632
nginx            1.4  9580
systemd-journal  0.7 43136
jbd2/sda1-8      0.6     0
rsyslogd         0.3  5524
snapd            0.3 39644
2026-09-26T09:04:28+00:00
COMMAND         %CPU   RSS
mysqld          79.6 824588
isuride         17.6 20720
bench           11.9 149172
nginx            1.4  9632
nginx            1.4  9592
systemd-journal  0.7 44212
jbd2/sda1-8      0.6     0
rsyslogd         0.3  5524
snapd            0.3 39644
2026-09-26T09:04:30+00:00
COMMAND         %CPU   RSS
mysqld          79.7 816808
isuride         17.7 21216
bench           11.9 150768
nginx            1.4  9632
nginx            1.4  9660
systemd-journal  0.7 45252
jbd2/sda1-8      0.6     0
rsyslogd         0.3  5524
snapd            0.3 39644
2026-09-26T09:04:32+00:00
COMMAND         %CPU   RSS
mysqld          79.9 770260
isuride         18.0 18820
bench           11.9 155764
nginx            1.4  9632
nginx            1.4  9684
systemd-journal  0.7 46668
jbd2/sda1-8      0.6     0
rsyslogd         0.3  5524
snapd            0.3 39644
2026-09-26T09:04:34+00:00
COMMAND         %CPU   RSS
mysqld          80.0 770280
isuride         18.3 18800
bench           11.8 162488
nginx            1.4  9632
nginx            1.4  9684
systemd-journal  0.7 50816
jbd2/sda1-8      0.6     0
rsyslogd         0.4  5524
snapd            0.3 39644
