procs -----------memory---------- ---swap-- -----io---- -system-- -------cpu------- -----timestamp-----
 r  b   swpd   free   buff  cache   si   so    bi    bo   in   cs us sy id wa st gu                 UTC
 2  0      0 457092 168580 2456424    0    0   506 10601 6244   89 38  9 52  1  0  0 2026-09-26 09:03:30
 1  0      0 405296 168580 2473140    0    0     0 49892 15605 30997 29 14 42 15  0  0 2026-09-26 09:03:31
15  0      0 399180 168580 2478456    0    0     0  4652 14385 44006 69 14 17  1  0  0 2026-09-26 09:03:32
 2  0      0 341256 168580 2474744    0    0     0 10340 22094 65134 49 17 33  1  0  0 2026-09-26 09:03:33
14  0      0 329132 168580 2479728    0    0     0  7792 22854 66505 49 18 31  2  0  0 2026-09-26 09:03:34
 5  0      0 335744 168584 2479192    0    0     0 17316 22537 78003 57 22 19  2  0  0 2026-09-26 09:03:35
 6  1      0 333056 168584 2480504    0    0     0 10392 21552 72283 58 21 20  1  0  0 2026-09-26 09:03:36
 9  0      0 335804 168584 2481168    0    0     0 10524 19250 69457 61 24 15  1  0  0 2026-09-26 09:03:37
 7  0      0 326556 168584 2482876    0    0     0 11432 20128 71787 62 24 13  1  0  0 2026-09-26 09:03:38
22  0      0 326052 168584 2483856    0    0     0 11388 21461 78920 58 25 16  1  0  0 2026-09-26 09:03:39
 1  0      0 331560 168584 2484920    0    0     0 11924 19708 68370 64 24 11  1  0  0 2026-09-26 09:03:40
24  0      0 331004 168584 2487568    0    0     0 12148 17968 64727 64 27  7  1  0  0 2026-09-26 09:03:41
 8  1      0 302612 168584 2486944    0    0     0 11764 19855 69356 64 23 12  1  0  0 2026-09-26 09:03:42
34  0      0 306248 168584 2499032    0    0     0 14116 16508 59669 69 26  4  1  0  0 2026-09-26 09:03:43
15  0      0 282964 168584 2490144    0    0     0  9052 13012 41076 69 29  2  1  0  0 2026-09-26 09:03:44
15  0      0 274396 168584 2492416    0    0     0 15028 17939 66737 70 27  3  0  0  0 2026-09-26 09:03:45
 5  0      0 282656 168584 2492352    0    0     0 11616 19581 77018 67 26  6  1  0  0 2026-09-26 09:03:46
16  0      0 254396 168584 2493644    0    0     0 12072 19044 70153 67 26  6  1  0  0 2026-09-26 09:03:47
16  0      0 274168 168588 2494788    0    0     0 22296 19708 74253 68 26  6  1  0  0 2026-09-26 09:03:48
 8  1      0 250544 168588 2495648    0    0     0 10956 15204 55097 71 25  3  1  0  0 2026-09-26 09:03:49
43  0      0 250068 168588 2497140    0    0     0 13728 18811 73859 65 28  7  1  0  0 2026-09-26 09:03:50
procs -----------memory---------- ---swap-- -----io---- -system-- -------cpu------- -----timestamp-----
 r  b   swpd   free   buff  cache   si   so    bi    bo   in   cs us sy id wa st gu                 UTC
26  0      0 253888 168588 2498152    0    0     0 13488 17599 65524 72 25  3  0  0  0 2026-09-26 09:03:51
12  0      0 253744 168588 2506140    0    0     0 15672 18729 67744 68 24  7  1  0  0 2026-09-26 09:03:52
10  0      0 239884 168588 2501424    0    0     0 13332 15729 58561 68 27  4  1  0  0 2026-09-26 09:03:53
37  0      0 237204 168588 2503296    0    0     0 13132 16488 60326 71 28  1  0  0  0 2026-09-26 09:03:54
19  0      0 248420 168588 2503796    0    0     0 14448 18534 69763 65 26  7  1  0  0 2026-09-26 09:03:55
36  1      0 227500 168588 2505860    0    0     0 14472 17998 60731 68 30  2  1  0  0 2026-09-26 09:03:56
18  0      0 242928 168588 2505892    0    0     0 16652 18334 71209 70 29  1  0  0  0 2026-09-26 09:03:57
15  0      0 239496 168588 2507244    0    0     0 15396 17730 67581 70 29  1  0  0  0 2026-09-26 09:03:58
17  0      0 240996 168588 2508284    0    0     0 20336 17882 67924 68 30  2  1  0  0 2026-09-26 09:03:59
21  1      0 223736 168588 2509584    0    0     0 16768 18174 66152 68 30  2  1  0  0 2026-09-26 09:04:00
18  0      0 217956 168588 2521676    0    0     0 21572 19586 71967 68 30  2  1  0  0 2026-09-26 09:04:01
30  0      0 244604 168588 2515024    0    0     0 17532 17810 68780 69 29  2  1  0  0 2026-09-26 09:04:02
16  0      0 216424 168588 2522500    0    0     0 26424 15385 56230 69 29  2  0  0  0 2026-09-26 09:04:03
15  0      0 195848 168588 2516932    0    0     0 15104 15511 56296 69 30  1  1  0  0 2026-09-26 09:04:04
14  0      0 163848 168588 2520784    0    0     0 14868 17393 57497 71 27  2  0  0  0 2026-09-26 09:04:05
 4  0      0 201064 168588 2519280    0    0     0 16992 16839 64684 65 30  4  2  0  0 2026-09-26 09:04:06
 8  0      0 213044 168588 2520944    0    0     0 14952 16695 60836 68 29  3  1  0  0 2026-09-26 09:04:07
16  0      0 207780 168588 2523580    0    0     0 17884 18935 70325 67 28  4  1  0  0 2026-09-26 09:04:08
18  0      0 212648 168588 2524640    0    0     0 27052 16389 55702 71 28  1  1  0  0 2026-09-26 09:04:09
11  0      0 166736 168588 2532608    0    0     0 18108 15910 60077 70 29  1  0  0  0 2026-09-26 09:04:10
17  0      0 201124 168588 2526952    0    0     0 19116 18046 65074 68 30  2  1  0  0 2026-09-26 09:04:11
procs -----------memory---------- ---swap-- -----io---- -system-- -------cpu------- -----timestamp-----
 r  b   swpd   free   buff  cache   si   so    bi    bo   in   cs us sy id wa st gu                 UTC
14  0      0 177968 168588 2535344    0    0     0 22652 16002 55995 70 28  1  1  0  0 2026-09-26 09:04:12
11  0      0 160024 168588 2530792    0    0     0 14656 15408 54862 72 28  0  0  0  0 2026-09-26 09:04:13
17  1      0 118884 168588 2536120    0    0     0 16296 14115 47257 73 27  0  0  0  0 2026-09-26 09:04:14
31  0      0 179036 168588 2533148    0    0     0 14472 16738 59869 68 31  2  0  0  0 2026-09-26 09:04:15
17  0      0 195436 168588 2533952    0    0     0 19012 16721 62128 72 28  1  0  0  0 2026-09-26 09:04:16
31  0      0 234132 168588 2534592    0    0     0 14852 16420 63650 68 30  1  1  0  0 2026-09-26 09:04:17
22  0      0 194488 168588 2535276    0    0     0 12744 15264 52635 75 25  0  0  0  0 2026-09-26 09:04:18
13  0      0 163460 168588 2546972    0    0     0 15228 18179 63938 73 27  0  0  0  0 2026-09-26 09:04:19
37  0      0 186636 168588 2536556    0    0     0 15184 15784 60877 74 26  1  0  0  0 2026-09-26 09:04:20
40  0      0 149060 168588 2541704    0    0     0 14936 14401 58089 73 26  1  0  0  0 2026-09-26 09:04:21
37  0      0 192480 168588 2537916    0    0     0 17040 17967 68817 68 30  2  1  0  0 2026-09-26 09:04:22
56  1      0 116788 168588 2541700    0    0     0 14840 16751 59339 73 26  1  0  0  0 2026-09-26 09:04:23
51  0      0 217072 168588 2539280    0    0     0 16044 18236 68979 70 30  1  0  0  0 2026-09-26 09:04:24
10  0      0 104896 168588 2543084    0    0     0 14044 16314 55854 75 26  0  0  0  0 2026-09-26 09:04:25
29  0      0 140332 168588 2541992    0    0     0 14764 17947 68699 72 28  1  1  0  0 2026-09-26 09:04:26
30  0      0 110000 168588 2541768    0    0     0 14524 16114 54619 74 26  0  0  0  0 2026-09-26 09:04:27
51  0      0 110272 168588 2562864    0    0     0 17456 17749 66640 73 27  1  0  0  0 2026-09-26 09:04:28
 3  0      0 113472 168592 2545144    0    0     0 21120 16658 58624 72 27  1  0  0  0 2026-09-26 09:04:29
14  0      0 112976 168592 2552664    0    0     0 18012 16415 60369 74 25  0  0  0  0 2026-09-26 09:04:30
51  0      0 171728 168592 2548812    0    0     0 15276 16016 57326 74 26  0  0  0  0 2026-09-26 09:04:31
 5  0      0 189740 168592 2550192    0    0     0  7024 16909 77771 77 21  1  0  0  0 2026-09-26 09:04:32
procs -----------memory---------- ---swap-- -----io---- -system-- -------cpu------- -----timestamp-----
 r  b   swpd   free   buff  cache   si   so    bi    bo   in   cs us sy id wa st gu                 UTC
 6  0      0 189516 168592 2551472    0    0     0  1088 19401 85791 67 22 11  0  0  0 2026-09-26 09:04:33
22  0      0 189596 168592 2552808    0    0     0  1044 18051 85122 69 21 10  0  0  0 2026-09-26 09:04:34
30  0      0 187076 168592 2554068    0    0     0   848 17240 81639 69 21  9  0  0  0 2026-09-26 09:04:35
33  0      0 186068 168592 2555500    0    0     0   948 18982 86915 70 22  9  0  0  0 2026-09-26 09:04:36
