2026-09-26T15:53:17+00:00
COMMAND         %CPU   RSS
mysqld          17.4 1090860
nginx            1.0 17312
nginx            1.0 17236
systemd-journal  0.5 224556
jbd2/sda1-8      0.3     0
rsyslogd         0.3  5244
kworker/1:1H-kb  0.1     0
kworker/0:1H-kb  0.1     0
rcu_preempt      0.1     0
2026-09-26T15:53:19+00:00
COMMAND         %CPU   RSS
mysqld          17.4 1093380
bench            8.5 49256
nginx            1.0 17312
nginx            1.0 17236
isuride          0.6 15056
systemd-journal  0.5 224556
jbd2/sda1-8      0.3     0
rsyslogd         0.3  5244
kworker/1:1H-kb  0.1     0
2026-09-26T15:53:21+00:00
COMMAND         %CPU   RSS
mysqld          17.4 1094528
bench           13.4 68656
isuride          2.6 15864
nginx            1.0 17312
nginx            1.0 17236
systemd-journal  0.5 224556
jbd2/sda1-8      0.3     0
rsyslogd         0.3  5244
kworker/1:1H-kb  0.1     0
2026-09-26T15:53:23+00:00
COMMAND         %CPU   RSS
bench           17.9 105020
mysqld          17.4 1096372
isuride          5.0 16220
nginx            1.0 17312
nginx            1.0 17236
systemd-journal  0.5 224556
jbd2/sda1-8      0.3     0
rsyslogd         0.3  5244
kworker/1:1H-kb  0.1     0
2026-09-26T15:53:25+00:00
COMMAND         %CPU   RSS
bench           20.4 133704
mysqld          17.5 1100300
isuride          7.5 16848
nginx            1.0 17312
nginx            1.0 17236
systemd-journal  0.5 224556
jbd2/sda1-8      0.3     0
rsyslogd         0.3  5244
kworker/1:1H-kb  0.1     0
2026-09-26T15:53:27+00:00
COMMAND         %CPU   RSS
bench           22.9 151800
mysqld          17.5 1104188
isuride          9.8 20364
nginx            1.0 17312
nginx            1.0 17236
systemd-journal  0.5 224556
jbd2/sda1-8      0.3     0
rsyslogd         0.3  5244
kworker/1:1H-kb  0.1     0
2026-09-26T15:53:29+00:00
COMMAND         %CPU   RSS
bench           23.3 174120
mysqld          17.5 1108164
isuride         11.8 18040
nginx            1.0 17312
nginx            1.0 17236
systemd-journal  0.5 224556
jbd2/sda1-8      0.3     0
rsyslogd         0.3  5244
kworker/1:1H-kb  0.1     0
2026-09-26T15:53:31+00:00
COMMAND         %CPU   RSS
bench           23.5 191924
mysqld          17.5 1111724
isuride         13.6 20108
nginx            1.0 17312
nginx            1.0 17236
systemd-journal  0.5 224556
jbd2/sda1-8      0.3     0
rsyslogd         0.3  5244
kworker/1:1H-kb  0.1     0
2026-09-26T15:53:33+00:00
COMMAND         %CPU   RSS
bench           23.8 205860
mysqld          17.5 1114868
isuride         15.2 20616
nginx            1.0 17312
nginx            1.0 17236
systemd-journal  0.5 224556
jbd2/sda1-8      0.3     0
rsyslogd         0.3  5244
kworker/1:1H-kb  0.1     0
2026-09-26T15:53:35+00:00
COMMAND         %CPU   RSS
bench           23.9 213764
mysqld          17.5 1117652
isuride         16.7 20104
nginx            1.0 17312
nginx            1.0 17236
systemd-journal  0.5 224556
jbd2/sda1-8      0.3     0
rsyslogd         0.3  5244
kworker/1:1H-kb  0.1     0
2026-09-26T15:53:37+00:00
COMMAND         %CPU   RSS
bench           24.1 229464
isuride         18.0 21260
mysqld          17.5 1123480
nginx            1.0 17312
nginx            1.0 17236
systemd-journal  0.5 224556
jbd2/sda1-8      0.3     0
rsyslogd         0.3  5244
kworker/1:1H-kb  0.1     0
2026-09-26T15:53:39+00:00
COMMAND         %CPU   RSS
bench           24.6 242784
isuride         19.2 24096
mysqld          17.5 1127000
nginx            1.0 17312
nginx            1.0 17236
systemd-journal  0.5 224556
jbd2/sda1-8      0.3     0
rsyslogd         0.3  5244
kworker/1:1H-kb  0.1     0
2026-09-26T15:53:41+00:00
COMMAND         %CPU   RSS
bench           24.8 260360
isuride         20.2 24088
mysqld          17.5 1129844
nginx            1.0 17312
nginx            1.0 17236
systemd-journal  0.5 224556
jbd2/sda1-8      0.3     0
rsyslogd         0.3  5244
kworker/1:1H-kb  0.1     0
2026-09-26T15:53:43+00:00
COMMAND         %CPU   RSS
bench           25.1 277220
isuride         21.3 25440
mysqld          17.5 1133764
nginx            1.0 17312
nginx            1.0 17236
systemd-journal  0.5 224556
jbd2/sda1-8      0.3     0
rsyslogd         0.3  5244
kworker/1:1H-kb  0.1     0
2026-09-26T15:53:45+00:00
COMMAND         %CPU   RSS
bench           25.3 302264
isuride         22.2 26332
mysqld          17.5 1136064
nginx            1.0 17312
nginx            1.0 17236
systemd-journal  0.5 224556
jbd2/sda1-8      0.3     0
rsyslogd         0.3  5244
kworker/1:1H-kb  0.1     0
2026-09-26T15:53:47+00:00
COMMAND         %CPU   RSS
bench           25.4 327552
isuride         23.1 28952
mysqld          17.5 1137484
nginx            1.0 17312
nginx            1.0 17236
systemd-journal  0.5 224556
jbd2/sda1-8      0.3     0
rsyslogd         0.3  5244
kworker/1:1H-kb  0.1     0
2026-09-26T15:53:49+00:00
COMMAND         %CPU   RSS
bench           25.5 331988
isuride         23.8 29824
mysqld          17.5 1140488
nginx            1.0 17312
nginx            1.0 17236
systemd-journal  0.5 224556
jbd2/sda1-8      0.3     0
rsyslogd         0.3  5244
kworker/1:1H-kb  0.1     0
2026-09-26T15:53:51+00:00
COMMAND         %CPU   RSS
bench           25.7 355804
isuride         24.5 31552
mysqld          17.5 1141796
nginx            1.0 17312
nginx            1.0 17236
systemd-journal  0.5 224556
jbd2/sda1-8      0.3     0
rsyslogd         0.3  5244
kworker/1:1H-kb  0.1     0
2026-09-26T15:53:53+00:00
COMMAND         %CPU   RSS
bench           25.8 382800
isuride         25.2 31668
mysqld          17.5 1142860
nginx            1.0 17312
nginx            1.0 17236
systemd-journal  0.5 224556
jbd2/sda1-8      0.3     0
rsyslogd         0.3  5244
kworker/1:1H-kb  0.1     0
2026-09-26T15:53:55+00:00
COMMAND         %CPU   RSS
bench           25.8 385564
isuride         25.8 32940
mysqld          17.5 1144204
curl             4.1 12324
nginx            1.1 17312
nginx            1.0 17236
systemd-journal  0.5 224556
jbd2/sda1-8      0.3     0
rsyslogd         0.3  5244
2026-09-26T15:53:57+00:00
COMMAND         %CPU   RSS
isuride         26.3 32572
bench           26.0 416192
mysqld          17.6 1145364
curl             2.2 12324
nginx            1.1 17312
nginx            1.0 17236
systemd-journal  0.5 224556
jbd2/sda1-8      0.3     0
rsyslogd         0.3  5244
2026-09-26T15:53:59+00:00
COMMAND         %CPU   RSS
isuride         26.8 33260
bench           26.0 417228
mysqld          17.6 1146224
nginx            1.1 17312
nginx            1.0 17236
systemd-journal  0.5 224556
jbd2/sda1-8      0.3     0
rsyslogd         0.3  5244
kworker/1:1H-kb  0.1     0
2026-09-26T15:54:01+00:00
COMMAND         %CPU   RSS
isuride         27.3 35184
bench           26.1 438316
mysqld          17.6 1148200
curl             4.7 12356
nginx            1.1 17312
nginx            1.0 17236
systemd-journal  0.5 224556
jbd2/sda1-8      0.3     0
rsyslogd         0.3  5244
2026-09-26T15:54:03+00:00
COMMAND         %CPU   RSS
isuride         27.7 35884
bench           26.2 441796
mysqld          17.6 1148300
nginx            1.1 17312
nginx            1.0 17236
systemd-journal  0.5 224556
jbd2/sda1-8      0.3     0
rsyslogd         0.3  5244
kworker/1:1H-kb  0.1     0
2026-09-26T15:54:05+00:00
COMMAND         %CPU   RSS
isuride         28.1 38248
bench           26.3 468244
mysqld          17.6 1150500
nginx            1.1 17312
nginx            1.0 17236
systemd-journal  0.5 224556
jbd2/sda1-8      0.3     0
rsyslogd         0.3  5244
kworker/1:1H-kb  0.1     0
2026-09-26T15:54:07+00:00
COMMAND         %CPU   RSS
isuride         28.5 38220
bench           26.4 469160
mysqld          17.6 1151448
nginx            1.1 17312
nginx            1.0 17236
systemd-journal  0.5 224556
jbd2/sda1-8      0.3     0
rsyslogd         0.3  5244
kworker/1:1H-kb  0.1     0
2026-09-26T15:54:09+00:00
COMMAND         %CPU   RSS
isuride         28.8 39972
bench           26.5 498884
mysqld          17.6 1151620
nginx            1.1 17312
nginx            1.0 17236
systemd-journal  0.5 224556
jbd2/sda1-8      0.3     0
rsyslogd         0.3  5244
kworker/1:1H-kb  0.1     0
2026-09-26T15:54:11+00:00
COMMAND         %CPU   RSS
isuride         29.1 39956
bench           26.6 512568
mysqld          17.6 1151752
nginx            1.1 17312
nginx            1.0 17236
systemd-journal  0.5 224556
jbd2/sda1-8      0.3     0
rsyslogd         0.3  5244
kworker/1:1H-kb  0.1     0
2026-09-26T15:54:13+00:00
COMMAND         %CPU   RSS
isuride         29.4 42476
bench           26.7 516848
mysqld          17.6 1152884
nginx            1.1 17312
nginx            1.1 17236
systemd-journal  0.5 224556
jbd2/sda1-8      0.3     0
rsyslogd         0.3  5244
kworker/1:1H-kb  0.1     0
2026-09-26T15:54:15+00:00
COMMAND         %CPU   RSS
isuride         29.6 43724
bench           26.9 550900
mysqld          17.6 1152740
curl             1.9 12316
nginx            1.1 17312
nginx            1.1 17236
systemd-journal  0.5 224560
jbd2/sda1-8      0.3     0
rsyslogd         0.3  5244
2026-09-26T15:54:17+00:00
COMMAND         %CPU   RSS
isuride         29.9 43616
bench           26.9 552240
mysqld          17.6 1152740
nginx            1.1 17312
nginx            1.1 17236
systemd-journal  0.5 224560
jbd2/sda1-8      0.3     0
rsyslogd         0.3  5244
kworker/1:1H-kb  0.1     0
2026-09-26T15:54:19+00:00
COMMAND         %CPU   RSS
isuride         30.2 33912
bench           26.9 553996
mysqld          17.6 1152900
nginx            1.1 17312
nginx            1.1 17236
systemd-journal  0.5 224560
jbd2/sda1-8      0.3     0
rsyslogd         0.3  5244
kworker/1:1H-kb  0.1     0
2026-09-26T15:54:21+00:00
COMMAND         %CPU   RSS
isuride         30.7 34468
bench           26.9 591128
mysqld          17.6 1152900
nginx            1.1 17312
nginx            1.1 17236
systemd-journal  0.5 224560
jbd2/sda1-8      0.3     0
rsyslogd         0.3  5244
kworker/1:1H-kb  0.1     0
