procs -----------memory---------- ---swap-- -----io---- -system-- -------cpu------- -----timestamp-----
 r  b   swpd   free   buff  cache   si   so    bi    bo   in   cs us sy id wa st gu                 UTC
 4  0      0 725200  69764 1928828    0    0    84  3468 3338   64 12  6 82  0  0  0 2026-09-26 15:53:17
 2  0      0 688164  69772 1922896    0    0   212 59380 18173 38504 31 12 42 15  0  0 2026-09-26 15:53:18
 0  0      0 684192  69772 1923544    0    0     0  8796 13037 43141 14 11 73  2  0  0 2026-09-26 15:53:19
 4  0      0 684956  69772 1925208    0    0     0 16872 25842 81658 27 21 49  3  0  0 2026-09-26 15:53:20
 2  0      0 681176  69772 1926064    0    0     0 19472 30793 110600 34 29 34  3  0  0 2026-09-26 15:53:21
 1  0      0 668872  69772 1927116    0    0     0 21416 30017 116840 42 28 27  2  0  0 2026-09-26 15:53:22
 7  1      0 645688  69772 1928308    0    0     0 24392 29700 125650 44 37 16  3  0  0 2026-09-26 15:53:23
 6  1      0 628068  69772 1930616    0    0     0 24976 27716 123723 49 39 10  2  0  0 2026-09-26 15:53:24
 6  0      0 603428  69772 1933036    0    0     0 26000 26249 118935 51 40  8  1  0  0 2026-09-26 15:53:25
17  0      0 582316  69772 1934216    0    0     0 22776 22216 98821 57 39  3  1  0  0 2026-09-26 15:53:26
18  1      0 577276  69772 1934964    0    0     0 11048 12268 53379 58 39  2  1  0  0 2026-09-26 15:53:27
19  0      0 553124  69772 1937108    0    0     0 23852 22525 100407 54 39  5  2  0  0 2026-09-26 15:53:28
14  2      0 549028  69772 1938356    0    0     0 26464 23301 110186 52 42  5  2  0  0 2026-09-26 15:53:29
22  1      0 524360  69772 1940304    0    0     0 26064 24759 110265 55 40  4  1  0  0 2026-09-26 15:53:30
38  1      0 520460  69772 1942232    0    0     0 26980 23520 108819 55 37  5  3  0  0 2026-09-26 15:53:31
49  0      0 504864  69772 1944304    0    0     4 34508 23240 109873 54 41  4  1  0  0 2026-09-26 15:53:32
17  0      0 498536  69772 1946296    0    0     0 28984 22233 105351 55 39  4  2  0  0 2026-09-26 15:53:33
15  0      0 487020  69772 1947820    0    0     0 27908 22383 104181 57 39  3  1  0  0 2026-09-26 15:53:34
50  0      0 480468  69772 1949348    0    0     0 27536 24152 111754 53 42  3  2  0  0 2026-09-26 15:53:35
36  0      0 462352  69772 1953016    0    0     0 28528 22738 107101 58 39  2  1  0  0 2026-09-26 15:53:36
18  1      0 458816  69772 1954504    0    0     0 25184 22514 106956 57 40  3  1  0  0 2026-09-26 15:53:37
procs -----------memory---------- ---swap-- -----io---- -system-- -------cpu------- -----timestamp-----
 r  b   swpd   free   buff  cache   si   so    bi    bo   in   cs us sy id wa st gu                 UTC
12  0      0 440488  69772 1956200    0    0     0 25988 21967 107451 58 39  3  0  0  0 2026-09-26 15:53:38
18  0      0 428648  69772 1957660    0    0    16 27912 21749 105278 56 42  2  1  0  0 2026-09-26 15:53:39
19  0      0 415320  69772 1959672    0    0     0 26132 23170 106020 57 39  3  1  0  0 2026-09-26 15:53:40
 8  1      0 402264  69772 1962160    0    0    20 25936 23278 108684 57 40  3  1  0  0 2026-09-26 15:53:41
12  0      0 394180  69772 1964504    0    0     0 26888 20921 103067 57 42  1  1  0  0 2026-09-26 15:53:42
40  1      0 384080  69772 1966924    0    0     0 32444 20939 106433 60 39  1  0  0  0 2026-09-26 15:53:43
21  0      0 363764  69772 1969220    0    0     4 25656 22165 104444 59 39  2  1  0  0 2026-09-26 15:53:44
 7  1      0 347324  69772 1971200    0    0     0 28696 20309 100183 60 39  1  1  0  0 2026-09-26 15:53:45
14  1      0 345460  69772 1975360    0    0     0 25552 21879 110158 58 39  3  1  0  0 2026-09-26 15:53:46
10  1      0 317876  69772 1977392    0    0     0 25644 20372 102980 61 37  2  0  0  0 2026-09-26 15:53:47
29  0      0 303804  69772 1980032    0    0     0 28072 21835 103768 57 41  2  1  0  0 2026-09-26 15:53:48
53  0      0 300328  69772 1981640    0    0     0 25816 22197 107016 57 40  3  1  0  0 2026-09-26 15:53:49
16  0      0 272476  69772 1983392    0    0     0 27876 21521 100877 58 39  2  1  0  0 2026-09-26 15:53:50
14  0      0 267016  69772 1985084    0    0     0 28832 21653 105434 58 40  2  1  0  0 2026-09-26 15:53:51
 9  1      0 268412  69772 1987416    0    0     0 31664 21130 107970 56 42  2  0  0  0 2026-09-26 15:53:52
53  1      0 248028  69772 1989600    0    0     0 33808 23531 108260 56 40  3  1  0  0 2026-09-26 15:53:53
53  0      0 222492  69776 1991512    0    0    48 25092 21859 101251 61 37  2  1  0  0 2026-09-26 15:53:54
23  1      0 220036  69776 1993496    0    0     0 27808 20004 102460 60 39  1  0  0  0 2026-09-26 15:53:55
28  0      0 212308  69776 1995548    0    0     0 26912 19341 99246 61 36  2  1  0  0 2026-09-26 15:53:56
19  1      0 183864  69776 1998204    0    0     0 27224 19615 99592 60 39  2  0  0  0 2026-09-26 15:53:57
61  1      0 178948  69776 2002008    0    0     0 30668 20788 104409 58 40  2  1  0  0 2026-09-26 15:53:58
procs -----------memory---------- ---swap-- -----io---- -system-- -------cpu------- -----timestamp-----
 r  b   swpd   free   buff  cache   si   so    bi    bo   in   cs us sy id wa st gu                 UTC
61  0      0 169936  69776 2004240    0    0     0 26360 18679 98513 62 38  1  0  0  0 2026-09-26 15:53:59
40  1      0 169460  69776 2006384    0    0    32 26952 21641 101215 59 39  2  1  0  0 2026-09-26 15:54:00
 8  0      0 145116  69776 2008340    0    0     0 26424 19168 93867 62 37  1  0  0  0 2026-09-26 15:54:01
22  0      0 148468  69776 2010476    0    0     0 27748 19056 104686 60 39  1  1  0  0 2026-09-26 15:54:02
11  2      0 146732  69776 2011844    0    0     0 36496 20547 101615 61 38  1  0  0  0 2026-09-26 15:54:03
10  1      0 141108  69776 2013268    0    0     0 23684 20038 100375 62 36  2  1  0  0 2026-09-26 15:54:04
46  0      0 113668  69776 2014668    0    0     0 28048 21865 94605 59 41  1  0  0  0 2026-09-26 15:54:05
34  1      0  95332  69776 2016100    0    0     0 25372 19635 98129 62 37  1  1  0  0 2026-09-26 15:54:06
35  0      0 101380  69776 2017512    0    0     0 26056 21219 100711 60 39  1  0  0  0 2026-09-26 15:54:07
 9  0      0 101732  69776 2020084    0    0     0 25304 20406 96767 63 36  2  1  0  0 2026-09-26 15:54:08
23  0      0  82940  69776 2021640    0    0     0 27336 18531 96830 61 39  1  0  0  0 2026-09-26 15:54:09
17  0      0  87744  68796 1991124    0    0     0 27180 19128 91064 65 34  1  1  0  0 2026-09-26 15:54:10
33  0      0  90036  68796 1992624    0    0     0 27132 22759 105239 59 39  1  1  0  0 2026-09-26 15:54:11
21  1      0  95252  68796 1982344    0    0     4 24716 19794 98447 63 37  1  0  0  0 2026-09-26 15:54:12
46  0      0  82324  68796 1984176    0    0     0 32872 20927 99627 60 39  1  1  0  0 2026-09-26 15:54:13
 7  1      0  78548  68796 1983908    0    0     0 33044 21281 94561 62 38  0  0  0  0 2026-09-26 15:54:14
21  0      0  69584  68780 1957728    0    0    12 28724 19949 91503 62 37  1  0  0  0 2026-09-26 15:54:15
41  1      0  79684  68772 1952216    0    0    16 28628 21751 102029 62 38  1  1  0  0 2026-09-26 15:54:16
54  1      0  80916  68776 1933616    0    0     0 26744 19177 95200 63 36  1  1  0  0 2026-09-26 15:54:17
16  0      0  79404  68776 1935420    0    0     0 26884 20427 99913 60 40  0  0  0  0 2026-09-26 15:54:18
26  0      0  90268  68776 1936792    0    0     0 17884 22657 116441 61 38  1  0  0  0 2026-09-26 15:54:19
procs -----------memory---------- ---swap-- -----io---- -system-- -------cpu------- -----timestamp-----
 r  b   swpd   free   buff  cache   si   so    bi    bo   in   cs us sy id wa st gu                 UTC
24  0      0  76020  68776 1938092    0    0     0  7444 16341 132571 67 32  1  0  0  0 2026-09-26 15:54:20
14  0      0  90824  68776 1920052    0    0     0  4512 19055 129231 68 30  2  0  0  0 2026-09-26 15:54:21
 8  0      0  85900  68776 1921404    0    0     0  4376 20390 129410 66 32  3  0  0  0 2026-09-26 15:54:22
