2026-09-26T16:18:32+00:00
COMMAND         %CPU   RSS
nginx            1.5 17096
nginx            1.4 17364
mysqld           0.4 435616
jbd2/sda1-8      0.3     0
kworker/0:1H-kb  0.1     0
kworker/1:1H-kb  0.1     0
rcu_preempt      0.0     0
systemd          0.0 12572
kworker/u4:2-ev  0.0     0
2026-09-26T16:18:34+00:00
COMMAND         %CPU   RSS
bench            9.0 50144
nginx            1.5 17096
nginx            1.4 17364
isuride          0.8 14860
mysqld           0.7 522484
jbd2/sda1-8      0.3     0
kworker/0:1H-kb  0.1     0
kworker/1:1H-kb  0.1     0
rcu_preempt      0.0     0
2026-09-26T16:18:36+00:00
COMMAND         %CPU   RSS
bench           13.7 69136
isuride          2.7 15368
nginx            1.5 17096
nginx            1.5 17364
mysqld           1.1 525960
jbd2/sda1-8      0.3     0
kworker/0:1H-kb  0.1     0
kworker/1:1H-kb  0.1     0
rcu_preempt      0.0     0
2026-09-26T16:18:38+00:00
COMMAND         %CPU   RSS
bench           17.2 101128
isuride          5.0 16164
mysqld           1.6 531396
nginx            1.5 17096
nginx            1.5 17364
jbd2/sda1-8      0.3     0
kworker/0:1H-kb  0.1     0
kworker/1:1H-kb  0.1     0
rcu_preempt      0.0     0
2026-09-26T16:18:40+00:00
COMMAND         %CPU   RSS
bench           19.7 129428
isuride          7.1 17644
mysqld           2.3 539668
nginx            1.5 17096
nginx            1.5 17364
jbd2/sda1-8      0.3     0
kworker/0:1H-kb  0.1     0
kworker/1:1H-kb  0.1     0
rcu_preempt      0.0     0
2026-09-26T16:18:42+00:00
COMMAND         %CPU   RSS
bench           21.2 165660
isuride          9.2 19432
mysqld           3.0 544812
nginx            1.5 17096
nginx            1.5 17364
jbd2/sda1-8      0.3     0
kworker/0:1H-kb  0.1     0
kworker/1:1H-kb  0.1     0
rcu_preempt      0.0     0
2026-09-26T16:18:44+00:00
COMMAND         %CPU   RSS
curl            33.3 12336
bench           22.2 184204
isuride         11.0 20336
mysqld           3.8 550060
nginx            1.5 17096
nginx            1.5 17364
jbd2/sda1-8      0.3     0
kworker/0:1H-kb  0.1     0
kworker/1:1H-kb  0.1     0
2026-09-26T16:18:46+00:00
COMMAND         %CPU   RSS
bench           22.7 213052
isuride         12.8 22388
mysqld           4.5 555504
nginx            1.6 17096
nginx            1.5 17364
jbd2/sda1-8      0.3     0
kworker/0:1H-kb  0.1     0
kworker/1:1H-kb  0.1     0
rcu_preempt      0.0     0
2026-09-26T16:18:48+00:00
COMMAND         %CPU   RSS
bench           23.1 225900
isuride         14.5 22024
mysqld           5.3 561664
nginx            1.6 17096
nginx            1.5 17364
jbd2/sda1-8      0.3     0
kworker/0:1H-kb  0.1     0
kworker/1:1H-kb  0.1     0
rcu_preempt      0.0     0
2026-09-26T16:18:50+00:00
COMMAND         %CPU   RSS
bench           23.4 249544
isuride         16.1 22860
mysqld           6.1 567572
nginx            1.6 17096
nginx            1.6 17364
jbd2/sda1-8      0.3     0
kworker/0:1H-kb  0.1     0
kworker/1:1H-kb  0.1     0
rcu_preempt      0.0     0
2026-09-26T16:18:52+00:00
COMMAND         %CPU   RSS
bench           23.5 256428
isuride         17.3 24444
mysqld           6.9 577568
nginx            1.6 17096
nginx            1.6 17364
jbd2/sda1-8      0.3     0
kworker/0:1H-kb  0.1     0
kworker/1:1H-kb  0.1     0
rcu_preempt      0.0     0
2026-09-26T16:18:54+00:00
COMMAND         %CPU   RSS
bench           23.8 273392
isuride         18.5 25448
mysqld           7.6 581612
nginx            1.6 17096
nginx            1.6 17364
jbd2/sda1-8      0.3     0
kworker/0:1H-kb  0.1     0
kworker/1:1H-kb  0.1     0
rcu_preempt      0.0     0
2026-09-26T16:18:56+00:00
COMMAND         %CPU   RSS
bench           23.9 287740
isuride         19.7 25612
mysqld           8.4 585192
nginx            1.6 17096
nginx            1.6 17364
jbd2/sda1-8      0.3     0
kworker/0:1H-kb  0.1     0
kworker/1:1H-kb  0.1     0
rcu_preempt      0.0     0
2026-09-26T16:18:58+00:00
COMMAND         %CPU   RSS
bench           24.0 288108
isuride         20.7 26480
mysqld           9.1 589940
curl             4.5 12304
nginx            1.7 17096
nginx            1.6 17364
jbd2/sda1-8      0.3     0
kworker/0:1H-kb  0.1     0
kworker/1:1H-kb  0.1     0
2026-09-26T16:19:00+00:00
COMMAND         %CPU   RSS
bench           24.2 308348
isuride         21.6 26080
curl            14.2 12304
mysqld           9.8 593472
nginx            1.7 17096
nginx            1.6 17364
jbd2/sda1-8      0.3     0
kworker/0:1H-kb  0.1     0
kworker/1:1H-kb  0.1     0
2026-09-26T16:19:02+00:00
COMMAND         %CPU   RSS
bench           24.4 332916
isuride         22.6 31156
curl            16.6 12304
mysqld          10.5 596676
nginx            1.7 17096
nginx            1.6 17364
jbd2/sda1-8      0.3     0
kworker/0:1H-kb  0.1     0
kworker/1:1H-kb  0.1     0
2026-09-26T16:19:04+00:00
COMMAND         %CPU   RSS
bench           24.5 342432
isuride         23.4 30856
mysqld          11.3 601476
nginx            1.7 17096
nginx            1.7 17364
jbd2/sda1-8      0.3     0
kworker/0:1H-kb  0.1     0
kworker/1:1H-kb  0.1     0
rcu_preempt      0.1     0
2026-09-26T16:19:06+00:00
COMMAND         %CPU   RSS
bench           24.8 355964
isuride         24.0 31468
mysqld          12.0 606288
nginx            1.7 17096
nginx            1.7 17364
jbd2/sda1-8      0.3     0
kworker/0:1H-kb  0.1     0
kworker/1:1H-kb  0.1     0
rcu_preempt      0.1     0
2026-09-26T16:19:08+00:00
COMMAND         %CPU   RSS
bench           25.0 389288
isuride         24.6 31596
mysqld          12.7 607060
nginx            1.8 17096
nginx            1.7 17364
jbd2/sda1-8      0.3     0
kworker/0:1H-kb  0.1     0
kworker/1:1H-kb  0.1     0
rcu_preempt      0.1     0
2026-09-26T16:19:10+00:00
COMMAND         %CPU   RSS
bench           25.2 392532
isuride         25.1 33956
mysqld          13.4 610008
nginx            1.8 17096
nginx            1.7 17364
jbd2/sda1-8      0.3     0
kworker/0:1H-kb  0.1     0
kworker/1:1H-kb  0.1     0
rcu_preempt      0.1     0
2026-09-26T16:19:12+00:00
COMMAND         %CPU   RSS
isuride         25.7 35020
bench           25.3 418912
mysqld          14.1 614020
nginx            1.8 17096
nginx            1.7 17364
jbd2/sda1-8      0.3     0
kworker/0:1H-kb  0.1     0
kworker/1:1H-kb  0.1     0
rcu_preempt      0.1     0
2026-09-26T16:19:14+00:00
COMMAND         %CPU   RSS
isuride         26.3 36252
bench           25.4 422248
mysqld          14.8 614932
nginx            1.8 17096
nginx            1.7 17364
curl             1.2 12304
jbd2/sda1-8      0.4     0
kworker/0:1H-kb  0.1     0
kworker/1:1H-kb  0.1     0
2026-09-26T16:19:16+00:00
COMMAND         %CPU   RSS
isuride         26.7 36524
bench           25.6 453992
mysqld          15.5 615464
nginx            1.8 17096
nginx            1.8 17364
jbd2/sda1-8      0.4     0
kworker/0:1H-kb  0.1     0
kworker/1:1H-kb  0.1     0
rcu_preempt      0.1     0
2026-09-26T16:19:18+00:00
COMMAND         %CPU   RSS
isuride         27.2 37912
bench           25.8 456448
mysqld          16.1 616136
nginx            1.8 17096
nginx            1.8 17364
jbd2/sda1-8      0.4     0
kworker/0:1H-kb  0.1     0
kworker/1:1H-kb  0.1     0
rcu_preempt      0.1     0
2026-09-26T16:19:20+00:00
COMMAND         %CPU   RSS
isuride         27.5 39644
bench           26.0 489628
mysqld          16.8 616568
nginx            1.9 17096
nginx            1.8 17364
jbd2/sda1-8      0.4     0
kworker/0:1H-kb  0.2     0
kworker/1:1H-kb  0.1     0
rcu_preempt      0.1     0
2026-09-26T16:19:22+00:00
COMMAND         %CPU   RSS
isuride         27.9 40788
bench           26.1 491900
mysqld          17.4 617284
nginx            1.9 17096
nginx            1.8 17364
jbd2/sda1-8      0.4     0
kworker/0:1H-kb  0.2     0
kworker/1:1H-kb  0.1     0
rcu_preempt      0.1     0
2026-09-26T16:19:24+00:00
COMMAND         %CPU   RSS
isuride         28.3 40360
bench           26.2 525052
mysqld          18.1 619196
nginx            1.9 17096
nginx            1.8 17364
jbd2/sda1-8      0.4     0
kworker/0:1H-kb  0.2     0
kworker/1:1H-kb  0.1     0
rcu_preempt      0.1     0
2026-09-26T16:19:27+00:00
COMMAND         %CPU   RSS
isuride         28.7 42164
bench           26.4 529072
mysqld          18.7 622784
curl            16.6 12168
nginx            1.9 17180
nginx            1.8 17376
jbd2/sda1-8      0.4     0
kworker/0:1H-kb  0.2     0
kworker/1:1H-kb  0.1     0
2026-09-26T16:19:29+00:00
COMMAND         %CPU   RSS
isuride         29.0 42112
bench           26.5 532624
mysqld          19.3 621392
nginx            1.9 17200
nginx            1.9 17496
jbd2/sda1-8      0.4     0
kworker/0:1H-kb  0.2     0
kworker/1:1H-kb  0.1     0
rcu_preempt      0.1     0
2026-09-26T16:19:31+00:00
COMMAND         %CPU   RSS
isuride         29.3 42292
bench           26.7 563676
mysqld          19.9 623084
curl             5.0 12304
nginx            1.9 17288
nginx            1.9 17584
jbd2/sda1-8      0.4     0
kworker/0:1H-kb  0.2     0
kworker/1:1H-kb  0.1     0
2026-09-26T16:19:33+00:00
COMMAND         %CPU   RSS
isuride         29.6 43552
bench           26.7 565180
mysqld          20.5 623720
nginx            2.0 17380
nginx            1.9 17592
jbd2/sda1-8      0.4     0
kworker/0:1H-kb  0.2     0
kworker/1:1H-kb  0.1     0
rcu_preempt      0.1     0
2026-09-26T16:19:35+00:00
COMMAND         %CPU   RSS
isuride         30.0 36140
bench           26.7 598268
mysqld          21.1 623976
nginx            2.0 17380
nginx            1.9 17636
jbd2/sda1-8      0.4     0
kworker/0:1H-kb  0.2     0
kworker/1:1H-kb  0.1     0
rcu_preempt      0.1     0
2026-09-26T16:19:37+00:00
COMMAND         %CPU   RSS
isuride         30.4 35120
bench           26.7 603908
mysqld          21.7 623976
nginx            2.0 17380
nginx            1.9 17636
jbd2/sda1-8      0.4     0
kworker/0:1H-kb  0.2     0
kworker/1:1H-kb  0.1     0
rcu_preempt      0.1     0
