procs -----------memory---------- ---swap-- -----io---- -system-- -------cpu------- -----timestamp-----
 r  b   swpd   free   buff  cache   si   so    bi    bo   in   cs us sy id wa st gu                 UTC
 2  0      0 2645680  83716 667540    0    0   548  3849 4194   93 12  6 82  0  0  0 2026-09-26 16:18:32
24  1      0 2557160  83716 666044    0    0     0 67036 18122 38015 28 14 40 17  0  0 2026-09-26 16:18:33
 0  0      0 2540100  83716 666732    0    0     0  6872 22437 60942 15 13 70  2  0  0 2026-09-26 16:18:34
 3  0      0 2534520  83716 667644    0    0     0 13360 29893 87187 24 17 56  3  0  0 2026-09-26 16:18:35
 7  1      0 2512876  83716 669900    0    0     0 18548 32409 110012 33 29 35  3  0  0 2026-09-26 16:18:36
12  0      0 2486976  83716 671972    0    0     0 23328 28289 110479 43 33 21  3  0  0 2026-09-26 16:18:37
10  1      0 2466060  83716 674572    0    0     0 18972 29355 119804 39 31 27  3  0  0 2026-09-26 16:18:38
 6  1      0 2451300  83716 677420    0    0     0 24604 25621 104408 49 36 12  3  0  0 2026-09-26 16:18:39
22  0      0 2421396  83716 679532    0    0     0 28080 25915 114172 50 35 12  3  0  0 2026-09-26 16:18:40
24  0      0 2403500  83716 681876    0    0     0 26124 25558 112315 51 38  8  3  0  0 2026-09-26 16:18:41
21  0      0 2374600  83716 683744    0    0     0 26968 21370 104636 52 38  6  3  0  0 2026-09-26 16:18:42
 9  1      0 2348920  83716 686152    0    0     0 24608 22960 109664 53 40  6  2  0  0 2026-09-26 16:18:43
40  0      0 2341428  83716 689208    0    0     0 26636 22614 98674 52 36  9  3  0  0 2026-09-26 16:18:44
11  1      0 2315320  83716 691292    0    0     0 25640 21856 108933 55 41  3  1  0  0 2026-09-26 16:18:45
13  1      0 2299604  83716 693464    0    0     0 27312 21954 109241 53 39  6  3  0  0 2026-09-26 16:18:46
28  0      0 2283940  83716 695552    0    0     0 27276 22748 107761 54 42  3  2  0  0 2026-09-26 16:18:47
11  0      0 2274180  83716 697892    0    0     0 28708 22013 108335 56 41  2  1  0  0 2026-09-26 16:18:48
21  1      0 2245480  83716 700180    0    0     0 26788 20606 108018 58 40  2  1  0  0 2026-09-26 16:18:49
 3  1      0 2240244  83716 702392    0    0     0 26548 21066 103317 54 41  4  2  0  0 2026-09-26 16:18:50
18  0      0 2224648  83720 705456    0    0     0 37380 21530 106811 55 41  3  2  0  0 2026-09-26 16:18:51
12  0      0 2218108  84180 708232    0    0   460 28252 20529 107187 54 42  3  2  0  0 2026-09-26 16:18:52
procs -----------memory---------- ---swap-- -----io---- -system-- -------cpu------- -----timestamp-----
 r  b   swpd   free   buff  cache   si   so    bi    bo   in   cs us sy id wa st gu                 UTC
15  1      0 2210544  84180 711484    0    0     0 29116 21810 109300 55 40  4  2  0  0 2026-09-26 16:18:53
12  0      0 2184940  84180 713920    0    0     0 26320 18954 101678 58 41  1  0  0  0 2026-09-26 16:18:54
19  0      0 2182924  84180 716452    0    0     0 25288 23070 113811 55 40  4  1  0  0 2026-09-26 16:18:55
47  0      0 2162544  84180 718700    0    0     0 28212 22325 106415 56 41  3  1  0  0 2026-09-26 16:18:56
 6  1      0 2158960  84180 721004    0    0     0 27788 21720 102840 54 41  3  3  0  0 2026-09-26 16:18:57
 8  0      0 2150924  84180 723412    0    0     0 25888 20954 105112 58 39  2  1  0  0 2026-09-26 16:18:58
30  1      0 2128244  84180 725788    0    0     0 26972 21188 102549 55 41  3  1  0  0 2026-09-26 16:18:59
63  0      0 2119428  84180 728164    0    0     0 26068 22076 104584 56 42  2  1  0  0 2026-09-26 16:19:00
12  0      0 2115204  84180 731860    0    0     0 34964 21343 108076 55 43  2  1  0  0 2026-09-26 16:19:01
39  0      0 2089476  84180 734284    0    0     0 27480 20342 104923 58 41  1  1  0  0 2026-09-26 16:19:02
18  0      0 2071636  84180 738024    0    0     0 27360 20059 98649 58 40  2  1  0  0 2026-09-26 16:19:03
25  0      0 2068376  84180 740356    0    0     0 26224 21911 108206 58 41  1  1  0  0 2026-09-26 16:19:04
16  0      0 2039468  84180 742636    0    0     0 26052 22056 99205 61 37  2  1  0  0 2026-09-26 16:19:05
51  0      0 2038904  84180 745292    0    0     0 26128 21534 109911 56 41  2  1  0  0 2026-09-26 16:19:06
 6  0      0 2026108  84180 747744    0    0     0 29140 21114 104855 57 41  1  1  0  0 2026-09-26 16:19:07
53  0      0 1999292  84180 750184    0    0     0 27924 22111 105451 56 43  1  0  0  0 2026-09-26 16:19:08
13  0      0 1991536  84180 752608    0    0     0 25848 22238 100768 58 39  2  1  0  0 2026-09-26 16:19:09
51  0      0 1987100  84180 755428    0    0     0 26612 21776 108515 58 41  1  1  0  0 2026-09-26 16:19:10
33  1      0 1976620  84180 757604    0    0     0 32404 19739 104023 58 40  2  1  0  0 2026-09-26 16:19:11
18  1      0 1942928  84180 761008    0    0     0 26032 20745 99616 60 39  1  0  0  0 2026-09-26 16:19:12
27  0      0 1943408  84180 762932    0    0     0 26544 20210 101329 58 41  1  1  0  0 2026-09-26 16:19:13
procs -----------memory---------- ---swap-- -----io---- -system-- -------cpu------- -----timestamp-----
 r  b   swpd   free   buff  cache   si   so    bi    bo   in   cs us sy id wa st gu                 UTC
47  0      0 1926076  84180 766916    0    0     0 29036 21919 96228 61 38  1  1  0  0 2026-09-26 16:19:14
12  0      0 1918352  84180 769048    0    0     0 25748 21700 106724 58 41  2  0  0  0 2026-09-26 16:19:15
44  0      0 1884640  84180 771496    0    0     0 24984 19754 99189 63 35  1  1  0  0 2026-09-26 16:19:16
29  0      0 1884740  84180 774060    0    0     0 26360 20654 109673 59 40  1  0  0  0 2026-09-26 16:19:17
18  0      0 1881744  84180 776576    0    0     0 25520 20397 99546 61 37  1  1  0  0 2026-09-26 16:19:18
20  1      0 1878304  84180 778784    0    0     0 27552 21225 100482 59 40  1  0  0  0 2026-09-26 16:19:19
49  0      0 1847756  84180 781056    0    0     0 26900 18933 98863 63 35  2  1  0  0 2026-09-26 16:19:20
61  0      0 1835676  84180 783456    0    0     0 34584 21333 100669 61 38  1  1  0  0 2026-09-26 16:19:21
19  0      0 1833160  84180 785712    0    0     0 27596 21649 101469 56 42  2  1  0  0 2026-09-26 16:19:22
52  0      0 1822084  84180 788052    0    0     0 27328 20262 101253 60 38  2  1  0  0 2026-09-26 16:19:23
44  1      0 1812020  84180 790436    0    0     0 24244 19128 95127 59 40  1  1  0  0 2026-09-26 16:19:24
19  1      0 1795640  84180 792648    0    0     0 25120 20766 97536 61 37  1  1  0  0 2026-09-26 16:19:25
30  0      0 1785384  84180 797176    0    0     0 29104 21240 105133 59 41  1  0  0  0 2026-09-26 16:19:26
12  0      0 1769760  84180 799480    0    0     0 26460 21580 94939 62 37  1  0  0  0 2026-09-26 16:19:27
11  1      0 1774184  84180 801784    0    0     0 24640 21328 103154 59 41  0  1  0  0 2026-09-26 16:19:28
16  1      0 1741300  84180 805064    0    0     0 26580 20491 93103 61 38  0  0  0  0 2026-09-26 16:19:29
47  0      0 1735252  84180 808068    0    0     0 26000 20200 95554 60 40  0  0  0  0 2026-09-26 16:19:30
17  0      0 1727948  84180 809552    0    0     0 26948 19641 100199 59 41  0  0  0  0 2026-09-26 16:19:31
52  0      0 1718908  84180 812784    0    0     0 31148 20053 97380 64 35  1  0  0  0 2026-09-26 16:19:32
20  0      0 1725732  84180 814348    0    0     0 23176 20036 95434 65 35  0  0  0  0 2026-09-26 16:19:33
 6  0      0 1718888  84180 815456    0    0     0 17584 19208 119301 62 37  2  1  0  0 2026-09-26 16:19:34
procs -----------memory---------- ---swap-- -----io---- -system-- -------cpu------- -----timestamp-----
 r  b   swpd   free   buff  cache   si   so    bi    bo   in   cs us sy id wa st gu                 UTC
41  0      0 1694224  84180 816240    0    0     0  5860 16173 132254 67 31  2  0  0  0 2026-09-26 16:19:35
44  0      0 1696080  84180 817020    0    0     0  4072 20329 131609 66 31  3  0  0  0 2026-09-26 16:19:36
10  0      0 1692372  84180 817724    0    0     0  3944 17313 123901 66 30  3  0  0  0 2026-09-26 16:19:37
