2026-09-27T04:21:59+00:00
COMMAND         %CPU   RSS
mysqld           1.3 832012
nginx            0.2 17224
nginx            0.2 17184
rcu_preempt      0.0     0
kworker/u4:0-fl  0.0     0
jbd2/sda1-8      0.0     0
kworker/u4:1-ev  0.0     0
kworker/u4:3-ev  0.0     0
kworker/u4:2-fl  0.0     0
2026-09-27T04:22:01+00:00
COMMAND         %CPU   RSS
bench           11.5 50812
mysqld           1.3 863076
isuride          0.8 14912
nginx            0.2 17224
nginx            0.2 17184
rcu_preempt      0.0     0
kworker/u4:0-fl  0.0     0
jbd2/sda1-8      0.0     0
kworker/u4:1-ev  0.0     0
2026-09-27T04:22:03+00:00
COMMAND         %CPU   RSS
bench           15.9 75276
isuride          2.8 15756
mysqld           1.3 864152
nginx            0.2 17224
nginx            0.2 17184
sh               0.0  1588
rcu_preempt      0.0     0
kworker/u4:0-fl  0.0     0
jbd2/sda1-8      0.0     0
2026-09-27T04:22:05+00:00
COMMAND         %CPU   RSS
bench           20.2 101776
isuride          5.0 16516
mysqld           1.4 867064
nginx            0.2 17224
nginx            0.2 17184
rcu_preempt      0.0     0
sh               0.0  1588
kworker/u4:0-fl  0.0     0
jbd2/sda1-8      0.0     0
2026-09-27T04:22:07+00:00
COMMAND         %CPU   RSS
bench           21.8 137204
isuride          7.0 17748
mysqld           1.4 870148
nginx            0.2 17224
nginx            0.2 17184
rcu_preempt      0.0     0
kworker/u4:0-fl  0.0     0
sh               0.0  1588
jbd2/sda1-8      0.0     0
2026-09-27T04:22:09+00:00
COMMAND         %CPU   RSS
bench           23.0 167668
isuride          9.0 19656
mysqld           1.4 874072
nginx            0.2 17224
nginx            0.2 17184
rcu_preempt      0.0     0
kworker/u4:0-fl  0.0     0
jbd2/sda1-8      0.0     0
sh               0.0  1588
2026-09-27T04:22:11+00:00
COMMAND         %CPU   RSS
bench           24.2 195392
isuride         10.7 19500
mysqld           1.4 878532
nginx            0.2 17224
nginx            0.2 17184
rcu_preempt      0.0     0
kworker/u4:0-fl  0.0     0
jbd2/sda1-8      0.0     0
sh               0.0  1588
2026-09-27T04:22:13+00:00
COMMAND         %CPU   RSS
bench           24.9 219120
isuride         12.4 21468
mysqld           1.4 883084
nginx            0.2 17224
nginx            0.2 17184
rcu_preempt      0.0     0
kworker/u4:0-fl  0.0     0
jbd2/sda1-8      0.0     0
sh               0.0  1588
2026-09-27T04:22:15+00:00
COMMAND         %CPU   RSS
bench           25.4 235476
isuride         13.9 22564
mysqld           1.4 887828
nginx            0.2 17224
nginx            0.2 17184
rcu_preempt      0.0     0
kworker/u4:0-fl  0.0     0
jbd2/sda1-8      0.0     0
sh               0.0  1588
2026-09-27T04:22:17+00:00
COMMAND         %CPU   RSS
bench           25.7 260300
isuride         15.3 23828
mysqld           1.4 888492
nginx            0.2 17224
nginx            0.2 17184
rcu_preempt      0.0     0
kworker/u4:0-fl  0.0     0
jbd2/sda1-8      0.0     0
sh               0.0  1588
2026-09-27T04:22:19+00:00
COMMAND         %CPU   RSS
bench           25.8 262292
isuride         16.6 24408
mysqld           1.4 891656
nginx            0.2 17224
nginx            0.2 17184
rcu_preempt      0.0     0
kworker/u4:0-fl  0.0     0
jbd2/sda1-8      0.0     0
kworker/u4:1-ev  0.0     0
2026-09-27T04:22:21+00:00
COMMAND         %CPU   RSS
bench           25.9 269884
isuride         17.6 27480
mysqld           1.4 897628
nginx            0.2 17224
nginx            0.2 17184
rcu_preempt      0.0     0
kworker/u4:0-fl  0.0     0
jbd2/sda1-8      0.0     0
kworker/u4:1-ev  0.0     0
2026-09-27T04:22:23+00:00
COMMAND         %CPU   RSS
bench           26.0 282556
isuride         18.5 26988
mysqld           1.4 901364
nginx            0.2 17224
nginx            0.2 17184
rcu_preempt      0.0     0
kworker/u4:0-fl  0.0     0
jbd2/sda1-8      0.0     0
kworker/u4:1-ev  0.0     0
2026-09-27T04:22:25+00:00
COMMAND         %CPU   RSS
bench           26.1 300276
isuride         19.4 28436
mysqld           1.4 903408
nginx            0.2 17224
nginx            0.2 17184
rcu_preempt      0.0     0
kworker/u4:0-fl  0.0     0
jbd2/sda1-8      0.0     0
kworker/u4:1-fl  0.0     0
2026-09-27T04:22:27+00:00
COMMAND         %CPU   RSS
bench           26.2 305368
isuride         20.1 28304
curl            11.1 12308
mysqld           1.4 904352
nginx            0.2 17224
nginx            0.2 17184
rcu_preempt      0.0     0
jbd2/sda1-8      0.0     0
kworker/u4:0-fl  0.0     0
2026-09-27T04:22:29+00:00
COMMAND         %CPU   RSS
bench           26.3 311148
isuride         20.9 29780
mysqld           1.4 905680
nginx            0.2 17224
nginx            0.2 17184
rcu_preempt      0.0     0
jbd2/sda1-8      0.0     0
kworker/u4:0-fl  0.0     0
kworker/u4:1-ev  0.0     0
2026-09-27T04:22:31+00:00
COMMAND         %CPU   RSS
bench           26.5 333076
isuride         21.4 30444
mysqld           1.4 906784
nginx            0.2 17224
nginx            0.2 17184
rcu_preempt      0.0     0
jbd2/sda1-8      0.0     0
kworker/u4:0-fl  0.0     0
kworker/u4:1-ex  0.0     0
2026-09-27T04:22:33+00:00
COMMAND         %CPU   RSS
bench           26.6 333464
isuride         22.0 31200
mysqld           1.4 908228
nginx            0.2 17224
nginx            0.2 17184
rcu_preempt      0.0     0
jbd2/sda1-8      0.0     0
kworker/u4:0-fl  0.0     0
kworker/u4:1-ev  0.0     0
2026-09-27T04:22:35+00:00
COMMAND         %CPU   RSS
bench           26.7 353628
isuride         22.5 32124
curl            11.1 12308
mysqld           1.4 908228
nginx            0.2 17224
nginx            0.2 17184
rcu_preempt      0.0     0
jbd2/sda1-8      0.0     0
kworker/u4:0-fl  0.0     0
2026-09-27T04:22:37+00:00
COMMAND         %CPU   RSS
bench           26.6 354288
isuride         23.1 32156
mysqld           1.4 910828
nginx            0.2 17224
nginx            0.2 17184
rcu_preempt      0.0     0
jbd2/sda1-8      0.0     0
kworker/u4:0-fl  0.0     0
kworker/u4:1-ev  0.0     0
2026-09-27T04:22:39+00:00
COMMAND         %CPU   RSS
bench           26.7 371164
isuride         23.6 31920
curl             2.6 12308
mysqld           1.4 914248
nginx            0.2 17224
nginx            0.2 17184
rcu_preempt      0.0     0
jbd2/sda1-8      0.0     0
kworker/u4:0-fl  0.0     0
2026-09-27T04:22:41+00:00
COMMAND         %CPU   RSS
bench           26.7 372984
isuride         24.0 34488
mysqld           1.4 916160
nginx            0.2 17224
nginx            0.2 17184
rcu_preempt      0.0     0
jbd2/sda1-8      0.0     0
kworker/u4:0-fl  0.0     0
kworker/u4:1-ev  0.0     0
2026-09-27T04:22:43+00:00
COMMAND         %CPU   RSS
bench           26.9 390784
isuride         24.4 35152
mysqld           1.4 919256
nginx            0.2 17224
nginx            0.2 17184
rcu_preempt      0.0     0
jbd2/sda1-8      0.0     0
kworker/u4:0-fl  0.0     0
kworker/u4:1-ev  0.0     0
2026-09-27T04:22:45+00:00
COMMAND         %CPU   RSS
bench           26.9 393996
isuride         24.8 34464
mysqld           1.4 919460
nginx            0.2 17224
nginx            0.2 17184
rcu_preempt      0.0     0
jbd2/sda1-8      0.0     0
kworker/u4:0-fl  0.0     0
kworker/u4:1-ev  0.0     0
2026-09-27T04:22:47+00:00
COMMAND         %CPU   RSS
bench           27.0 417296
isuride         25.2 36200
mysqld           1.4 919540
nginx            0.2 17224
nginx            0.2 17184
rcu_preempt      0.0     0
jbd2/sda1-8      0.0     0
kworker/u4:0-fl  0.0     0
kworker/u4:1-wr  0.0     0
2026-09-27T04:22:49+00:00
COMMAND         %CPU   RSS
bench           27.0 420516
isuride         25.5 37308
mysqld           1.4 920348
nginx            0.2 17224
nginx            0.2 17184
rcu_preempt      0.0     0
jbd2/sda1-8      0.0     0
kworker/u4:0-fl  0.0     0
kworker/u4:1-wr  0.0     0
2026-09-27T04:22:51+00:00
COMMAND         %CPU   RSS
bench           27.2 441564
isuride         25.8 38840
mysqld           1.4 920348
nginx            0.2 17224
nginx            0.2 17184
rcu_preempt      0.0     0
jbd2/sda1-8      0.0     0
kworker/u4:0-fl  0.0     0
kworker/u4:1-ex  0.0     0
2026-09-27T04:22:53+00:00
COMMAND         %CPU   RSS
bench           27.1 442416
isuride         26.1 39764
mysqld           1.5 921440
nginx            0.2 17224
nginx            0.2 17184
rcu_preempt      0.0     0
jbd2/sda1-8      0.0     0
kworker/u4:0-fl  0.0     0
kworker/u4:1-ev  0.0     0
2026-09-27T04:22:55+00:00
COMMAND         %CPU   RSS
bench           27.1 453076
isuride         26.3 40544
mysqld           1.5 922252
nginx            0.2 17224
nginx            0.2 17184
rcu_preempt      0.0     0
jbd2/sda1-8      0.0     0
kworker/u4:0-fl  0.0     0
kworker/u4:1-ev  0.0     0
2026-09-27T04:22:57+00:00
COMMAND         %CPU   RSS
bench           27.2 476000
isuride         26.6 40556
curl             3.3 12308
mysqld           1.5 923140
nginx            0.2 17224
nginx            0.2 17184
rcu_preempt      0.0     0
jbd2/sda1-8      0.0     0
kworker/u4:0-fl  0.0     0
2026-09-27T04:22:59+00:00
COMMAND         %CPU   RSS
bench           27.3 479048
isuride         26.8 42744
mysqld           1.5 923256
nginx            0.2 17224
nginx            0.2 17184
rcu_preempt      0.0     0
jbd2/sda1-8      0.0     0
kworker/u4:0-fl  0.0     0
kworker/u4:1-ev  0.0     0
2026-09-27T04:23:01+00:00
COMMAND         %CPU   RSS
bench           27.3 493996
isuride         27.2 34236
mysqld           1.5 923256
nginx            0.2 17224
nginx            0.2 17184
rcu_preempt      0.0     0
jbd2/sda1-8      0.0     0
kworker/u4:0-fl  0.0     0
kworker/u4:1-wr  0.0     0
2026-09-27T04:23:03+00:00
COMMAND         %CPU   RSS
isuride         27.7 32628
bench           27.2 493996
mysqld           1.5 923256
nginx            0.2 17224
nginx            0.2 17184
rcu_preempt      0.0     0
jbd2/sda1-8      0.0     0
kworker/u4:0-fl  0.0     0
kworker/u4:1-ev  0.0     0
