procs -----------memory---------- ---swap-- -----io---- -system-- -------cpu------- -----timestamp-----
 r  b   swpd   free   buff  cache   si   so    bi    bo   in   cs us sy id wa st gu                 UTC
 2  0      0 886336  91656 2001956    0    0    22   382  636    9  4  1 95  0  0  0 2026-09-27 04:21:59
 1  0      0 838912  91656 1997184    0    0     0 63668 16009 32415 29 13 41 18  0  0 2026-09-27 04:22:00
 5  1      0 828100  91656 1997328    0    0     0  8468 25655 71574 28 15 55  2  0  0 2026-09-27 04:22:01
 6  0      0 827444  91656 1997916    0    0     0 12392 28791 86586 28 20 48  4  0  0 2026-09-27 04:22:02
12  0      0 812336  91656 1998580    0    0     0 14432 29241 99235 39 26 32  3  0  0 2026-09-27 04:22:03
 4  1      0 804972  91656 2000492    0    0     0 17160 23424 90260 43 28 26  3  0  0 2026-09-27 04:22:04
 6  1      0 785124  91656 2001564    0    0     0 15404 23924 100437 51 28 18  3  0  0 2026-09-27 04:22:05
 2  0      0 764512  91656 2003500    0    0     0 21308 25048 103121 46 31 19  3  0  0 2026-09-27 04:22:06
 3  0      0 739144  91656 2004640    0    0     0 16060 23166 95354 56 28 12  4  0  0 2026-09-27 04:22:07
12  1      0 724080  91656 2005608    0    0     0 17148 22875 103747 54 31 12  3  0  0 2026-09-27 04:22:08
31  0      0 697944  91656 2007540    0    0     0 15120 20470 97961 57 31 10  2  0  0 2026-09-27 04:22:09
13  0      0 683400  91656 2008676    0    0     0 17880 21024 99158 60 33  6  2  0  0 2026-09-27 04:22:10
22  0      0 662016  91656 2010684    0    0     0 17724 19617 99719 58 32  8  1  0  0 2026-09-27 04:22:11
33  0      0 650184  91656 2011912    0    0     0 17848 19433 96198 62 32  5  2  0  0 2026-09-27 04:22:12
 4  0      0 629292  91656 2012856    0    0     0 16752 20912 100243 57 33  8  2  0  0 2026-09-27 04:22:13
31  0      0 629492  91656 2013812    0    0     0 18044 19418 99827 60 34  6  1  0  0 2026-09-27 04:22:14
18  0      0 606252  91656 2014976    0    0     0 16668 18651 102191 61 33  6  1  0  0 2026-09-27 04:22:15
30  0      0 602560  91656 2015964    0    0     0 23752 18258 102553 59 35  5  1  0  0 2026-09-27 04:22:16
64  0      0 576540  91656 2016836    0    0     0 16172 19457 99029 59 37  3  1  0  0 2026-09-27 04:22:17
25  0      0 569560  91656 2019040    0    0     0 19568 19284 99377 59 34  6  1  0  0 2026-09-27 04:22:18
15  0      0 565936  91656 2019988    0    0     0 16220 20202 97041 61 32  6  1  0  0 2026-09-27 04:22:19
procs -----------memory---------- ---swap-- -----io---- -system-- -------cpu------- -----timestamp-----
 r  b   swpd   free   buff  cache   si   so    bi    bo   in   cs us sy id wa st gu                 UTC
33  0      0 554944  91656 2020936    0    0     0 19472 18903 92572 61 35  3  1  0  0 2026-09-27 04:22:20
 7  0      0 545172  91656 2022028    0    0     0 21548 19740 96257 61 31  6  2  0  0 2026-09-27 04:22:21
19  0      0 532124  91656 2022856    0    0     0 18900 19935 94511 57 32  8  3  0  0 2026-09-27 04:22:22
13  0      0 521792  91656 2023904    0    0     0 18604 20751 96173 62 33  4  1  0  0 2026-09-27 04:22:23
30  1      0 531800  91656 2024668    0    0     0 20488 20541 98755 57 36  6  2  0  0 2026-09-27 04:22:24
12  1      0 506348  91656 2026620    0    0     0 19544 18357 90573 62 31  6  2  0  0 2026-09-27 04:22:25
54  0      0 501600  91656 2027668    0    0     0 20124 20487 95652 55 38  6  2  0  0 2026-09-27 04:22:26
21  0      0 497108  91656 2028692    0    0     0 19920 18425 98069 61 32  5  2  0  0 2026-09-27 04:22:27
 9  1      0 496700  91656 2029632    0    0     0 20456 17286 98998 61 35  3  1  0  0 2026-09-27 04:22:28
30  0      0 486076  91656 2031600    0    0     0 19708 17380 88834 62 32  5  1  0  0 2026-09-27 04:22:29
16  0      0 479116  91656 2033236    0    0     0 23184 18352 93629 60 33  5  2  0  0 2026-09-27 04:22:30
 6  0      0 462316  91656 2033592    0    0     0 26900 17827 98075 60 34  5  2  0  0 2026-09-27 04:22:31
 9  0      0 453588  91656 2034472    0    0     0 19956 17854 96708 61 33  5  2  0  0 2026-09-27 04:22:32
49  1      0 455276  91656 2035420    0    0     0 20704 19179 101438 60 33  6  1  0  0 2026-09-27 04:22:33
11  1      0 451124  91656 2036452    0    0     0 17812 19415 81937 62 31  6  1  0  0 2026-09-27 04:22:34
22  1      0 431308  91656 2037304    0    0     0 19372 17850 92808 60 34  5  2  0  0 2026-09-27 04:22:35
29  1      0 421228  91656 2038192    0    0     0 21328 19483 91258 62 35  3  1  0  0 2026-09-27 04:22:36
21  1      0 420740  91656 2039064    0    0     0 19568 17496 93972 58 37  4  1  0  0 2026-09-27 04:22:37
 6  1      0 407408  91656 2039908    0    0     0 13212 13861 65886 66 30  3  1  0  0 2026-09-27 04:22:38
12  0      0 402120  91656 2041004    0    0     0 16888 17759 86551 62 33  4  1  0  0 2026-09-27 04:22:39
17  1      0 394276  91656 2042624    0    0     0 19660 18460 89905 63 32  4  1  0  0 2026-09-27 04:22:40
procs -----------memory---------- ---swap-- -----io---- -system-- -------cpu------- -----timestamp-----
 r  b   swpd   free   buff  cache   si   so    bi    bo   in   cs us sy id wa st gu                 UTC
16  0      0 390492  91656 2044840    0    0     0 20272 20366 91989 63 34  2  1  0  0 2026-09-27 04:22:41
 6  0      0 379192  91656 2045568    0    0     0 19812 18740 83965 59 34  5  2  0  0 2026-09-27 04:22:42
 8  1      0 369912  91656 2046576    0    0     0 18732 17562 86456 66 31  3  1  0  0 2026-09-27 04:22:43
15  0      0 369332  91656 2047504    0    0     0 19200 19175 94241 61 34  4  1  0  0 2026-09-27 04:22:44
16  0      0 359808  91656 2048284    0    0     0 19880 18262 87764 65 31  3  1  0  0 2026-09-27 04:22:45
18  0      0 350804  91656 2049416    0    0     0 22220 18121 94718 61 35  3  1  0  0 2026-09-27 04:22:46
19  0      0 330392  91656 2050228    0    0     0 25228 18549 84825 66 31  3  1  0  0 2026-09-27 04:22:47
22  1      0 326008  91656 2052168    0    0     0 20556 17953 87404 61 34  5  1  0  0 2026-09-27 04:22:48
20  1      0 335972  91656 2052148    0    0     0 20056 17921 86183 62 34  3  2  0  0 2026-09-27 04:22:49
18  2      0 316584  91656 2053140    0    0     0 20092 17733 92309 63 33  3  1  0  0 2026-09-27 04:22:50
 4  0      0 304068  91656 2054108    0    0     0 21500 17018 91297 62 35  2  1  0  0 2026-09-27 04:22:51
 6  1      0 293488  91656 2054952    0    0     0 20736 21328 88073 65 32  2  1  0  0 2026-09-27 04:22:52
15  1      0 302308  91656 2055728    0    0     0 20124 18713 95893 58 31  8  2  0  0 2026-09-27 04:22:53
10  0      0 287244  91656 2056624    0    0     0 19404 18407 82806 64 34  2  1  0  0 2026-09-27 04:22:54
29  0      0 296452  91656 2057532    0    0     0 21136 22283 90628 60 34  5  1  0  0 2026-09-27 04:22:55
 7  0      0 252552  91656 2058448    0    0     0 18292 14694 80860 67 32  1  1  0  0 2026-09-27 04:22:56
 7  0      0 240232  91656 2060996    0    0     0 21928 17567 91036 61 35  3  1  0  0 2026-09-27 04:22:57
43  0      0 239504  91656 2062388    0    0     0 22532 17797 96277 62 34  3  2  0  0 2026-09-27 04:22:58
25  0      0 241292  91656 2064016    0    0     0 19648 20374 86985 61 35  3  1  0  0 2026-09-27 04:22:59
11  1      0 236308  91656 2064568    0    0     0 20184 19082 87835 60 35  4  2  0  0 2026-09-27 04:23:00
 6  0      0 233048  91656 2065248    0    0     0 12868 17380 104445 64 32  4  1  0  0 2026-09-27 04:23:01
procs -----------memory---------- ---swap-- -----io---- -system-- -------cpu------- -----timestamp-----
 r  b   swpd   free   buff  cache   si   so    bi    bo   in   cs us sy id wa st gu                 UTC
12  0      0 232292  91656 2065948    0    0     0 11952 18451 115575 67 29  4  0  0  0 2026-09-27 04:23:02
52  0      0 229520  91656 2066552    0    0     0  2012 21893 120603 67 27  6  0  0  0 2026-09-27 04:23:03
 4  0      0 229268  91656 2067244    0    0     0  1832 20370 116431 67 28  5  0  0  0 2026-09-27 04:23:04
 7  0      0 224988  91656 2067880    0    0     0  1992 18331 121704 65 29  6  0  0  0 2026-09-27 04:23:05
