2026-09-26T10:33:43+00:00
COMMAND         %CPU   RSS
mysqld          47.9 1067788
nginx            1.8 10268
nginx            1.8 10208
systemd-journal  1.3 184140
rsyslogd         0.7  5584
jbd2/sda1-8      0.7     0
kworker/1:1H-kb  0.2     0
rcu_preempt      0.2     0
kworker/0:1H-kb  0.2     0
2026-09-26T10:33:45+00:00
COMMAND         %CPU   RSS
mysqld          47.9 1070044
bench            9.0 50760
nginx            1.8 10268
nginx            1.8 10208
systemd-journal  1.3 187724
isuride          0.8 14768
rsyslogd         0.7  5584
jbd2/sda1-8      0.7     0
kworker/1:1H-kb  0.2     0
2026-09-26T10:33:47+00:00
COMMAND         %CPU   RSS
mysqld          47.9 1070572
bench            8.2 52880
isuride          1.9 15188
nginx            1.8 10268
nginx            1.8 10208
systemd-journal  1.3 190408
rsyslogd         0.7  5584
jbd2/sda1-8      0.7     0
kworker/1:1H-kb  0.2     0
2026-09-26T10:33:49+00:00
COMMAND         %CPU   RSS
mysqld          47.8 1071176
bench            8.6 56096
isuride          3.4 15000
nginx            1.8 10268
nginx            1.8 10208
systemd-journal  1.3 191768
rsyslogd         0.7  5584
jbd2/sda1-8      0.7     0
kworker/1:1H-kb  0.2     0
2026-09-26T10:33:51+00:00
COMMAND         %CPU   RSS
mysqld          47.8 1072160
bench            9.2 60664
isuride          4.9 15716
nginx            1.8 10268
nginx            1.8 10208
systemd-journal  1.3 193092
rsyslogd         0.7  5584
jbd2/sda1-8      0.7     0
kworker/1:1H-kb  0.2     0
2026-09-26T10:33:53+00:00
COMMAND         %CPU   RSS
mysqld          47.8 1073128
bench            9.8 68564
isuride          6.4 15932
nginx            1.8 10268
nginx            1.8 10208
systemd-journal  1.3 196868
rsyslogd         0.7  5584
jbd2/sda1-8      0.7     0
kworker/1:1H-kb  0.2     0
2026-09-26T10:33:55+00:00
COMMAND         %CPU   RSS
mysqld          47.8 1074420
bench           10.3 71492
isuride          7.9 15976
nginx            1.8 10268
nginx            1.8 10208
systemd-journal  1.3 199808
rsyslogd         0.7  5584
jbd2/sda1-8      0.7     0
kworker/1:1H-kb  0.2     0
2026-09-26T10:33:57+00:00
COMMAND         %CPU   RSS
mysqld          47.9 1076848
bench           10.8 76656
isuride          9.3 16328
nginx            1.8 10268
nginx            1.8 10208
systemd-journal  1.3 201516
rsyslogd         0.7  5584
jbd2/sda1-8      0.7     0
kworker/1:1H-kb  0.2     0
2026-09-26T10:33:59+00:00
COMMAND         %CPU   RSS
mysqld          47.9 1079440
bench           11.4 83584
isuride         10.7 16324
nginx            1.8 10268
nginx            1.8 10208
systemd-journal  1.3 204156
rsyslogd         0.7  5584
jbd2/sda1-8      0.7     0
kworker/1:1H-kb  0.2     0
2026-09-26T10:34:01+00:00
COMMAND         %CPU   RSS
mysqld          47.9 1085560
isuride         11.9 16400
bench           11.8 89984
nginx            1.8 10268
nginx            1.8 10208
systemd-journal  1.3 209012
rsyslogd         0.7  5584
jbd2/sda1-8      0.7     0
kworker/1:1H-kb  0.2     0
2026-09-26T10:34:03+00:00
COMMAND         %CPU   RSS
mysqld          47.9 1086812
isuride         13.0 16296
bench           12.3 97516
nginx            1.8 10268
nginx            1.8 10208
systemd-journal  1.3 211260
rsyslogd         0.7  5584
jbd2/sda1-8      0.7     0
kworker/1:1H-kb  0.2     0
2026-09-26T10:34:05+00:00
COMMAND         %CPU   RSS
mysqld          47.9 1088240
isuride         14.0 16388
bench           12.5 103400
nginx            1.8 10268
nginx            1.8 10208
systemd-journal  1.3 213668
rsyslogd         0.7  5584
jbd2/sda1-8      0.7     0
kworker/1:1H-kb  0.2     0
2026-09-26T10:34:07+00:00
COMMAND         %CPU   RSS
mysqld          47.9 1090960
isuride         15.0 16352
bench           12.9 109520
nginx            1.8 10268
nginx            1.8 10208
systemd-journal  1.3 216480
rsyslogd         0.7  5584
jbd2/sda1-8      0.7     0
kworker/1:1H-kb  0.2     0
2026-09-26T10:34:09+00:00
COMMAND         %CPU   RSS
mysqld          47.9 1094228
isuride         15.9 16536
bench           13.2 119696
nginx            1.8 10268
nginx            1.8 10208
systemd-journal  1.3 218956
rsyslogd         0.7  5584
jbd2/sda1-8      0.7     0
kworker/1:1H-kb  0.2     0
2026-09-26T10:34:11+00:00
COMMAND         %CPU   RSS
mysqld          47.9 1096064
isuride         16.9 18040
bench           13.7 123512
nginx            1.8 10268
nginx            1.8 10208
systemd-journal  1.3 225332
rsyslogd         0.7  5584
jbd2/sda1-8      0.7     0
kworker/1:1H-kb  0.2     0
2026-09-26T10:34:13+00:00
COMMAND         %CPU   RSS
mysqld          47.9 1098196
isuride         17.8 17056
bench           14.0 125320
nginx            1.8 10268
nginx            1.8 10208
systemd-journal  1.3 228120
rsyslogd         0.7  5584
jbd2/sda1-8      0.7     0
kworker/1:1H-kb  0.2     0
2026-09-26T10:34:15+00:00
COMMAND         %CPU   RSS
mysqld          48.0 1095920
isuride         18.6 17516
bench           14.3 137028
nginx            1.8 10268
nginx            1.8 10208
systemd-journal  1.3 236040
rsyslogd         0.7  5584
jbd2/sda1-8      0.7     0
kworker/1:1H-kb  0.2     0
2026-09-26T10:34:17+00:00
COMMAND         %CPU   RSS
mysqld          48.0 1096508
isuride         19.4 17424
bench           14.6 143320
nginx            1.8 10268
nginx            1.8 10208
systemd-journal  1.3 239796
rsyslogd         0.7  5584
jbd2/sda1-8      0.7     0
kworker/1:1H-kb  0.2     0
2026-09-26T10:34:19+00:00
COMMAND         %CPU   RSS
mysqld          48.0 1093364
isuride         20.2 18580
bench           14.9 152228
nginx            1.8 10268
nginx            1.8 10208
systemd-journal  1.3 242028
rsyslogd         0.7  5584
jbd2/sda1-8      0.7     0
kworker/1:1H-kb  0.2     0
2026-09-26T10:34:21+00:00
COMMAND         %CPU   RSS
mysqld          48.0 1091728
isuride         20.9 18244
bench           15.2 154896
nginx            1.8 10268
nginx            1.8 10208
systemd-journal  1.3 242028
rsyslogd         0.7  5584
jbd2/sda1-8      0.7     0
kworker/0:1H-kb  0.2     0
2026-09-26T10:34:23+00:00
COMMAND         %CPU   RSS
mysqld          48.0 1082416
isuride         21.6 18464
bench           15.4 161668
nginx            1.8 10268
nginx            1.8 10208
systemd-journal  1.3 242028
rsyslogd         0.7  5584
jbd2/sda1-8      0.7     0
kworker/1:1H-kb  0.2     0
2026-09-26T10:34:25+00:00
COMMAND         %CPU   RSS
mysqld          48.1 1080692
isuride         22.3 17988
bench           15.7 170596
nginx            1.9 10268
nginx            1.8 10208
systemd-journal  1.3 242028
rsyslogd         0.7  5584
jbd2/sda1-8      0.7     0
kworker/1:1H-kb  0.2     0
2026-09-26T10:34:27+00:00
COMMAND         %CPU   RSS
mysqld          48.1 1077896
isuride         22.9 19440
bench           15.9 176864
nginx            1.9 10268
nginx            1.8 10208
systemd-journal  1.3 242028
rsyslogd         0.7  5584
jbd2/sda1-8      0.7     0
kworker/1:1H-kb  0.2     0
2026-09-26T10:34:29+00:00
COMMAND         %CPU   RSS
mysqld          48.1 1079432
isuride         23.5 19312
bench           16.1 181100
nginx            1.9 10268
nginx            1.8 10208
systemd-journal  1.3 242028
rsyslogd         0.7  5584
jbd2/sda1-8      0.7     0
kworker/1:1H-kb  0.2     0
2026-09-26T10:34:31+00:00
COMMAND         %CPU   RSS
mysqld          48.1 1076068
isuride         24.0 20908
bench           16.3 184864
nginx            1.9 10268
nginx            1.8 10208
systemd-journal  1.3 242028
rsyslogd         0.7  5584
jbd2/sda1-8      0.7     0
kworker/1:1H-kb  0.2     0
2026-09-26T10:34:33+00:00
COMMAND         %CPU   RSS
mysqld          48.2 1075944
isuride         24.5 21396
bench           16.5 192452
nginx            1.9 10268
nginx            1.8 10208
systemd-journal  1.3 242028
rsyslogd         0.7  5584
jbd2/sda1-8      0.7     0
kworker/1:1H-kb  0.2     0
2026-09-26T10:34:35+00:00
COMMAND         %CPU   RSS
mysqld          48.2 1075452
isuride         25.0 21032
bench           16.7 194128
nginx            1.9 10268
nginx            1.8 10208
systemd-journal  1.3 242028
rsyslogd         0.7  5584
jbd2/sda1-8      0.7     0
kworker/1:1H-kb  0.2     0
2026-09-26T10:34:37+00:00
COMMAND         %CPU   RSS
mysqld          48.2 1076276
isuride         25.4 21128
bench           16.8 198368
nginx            1.9 10268
nginx            1.9 10208
systemd-journal  1.3 246172
rsyslogd         0.7  5584
jbd2/sda1-8      0.7     0
kworker/1:1H-kb  0.2     0
2026-09-26T10:34:39+00:00
COMMAND         %CPU   RSS
mysqld          48.2 1077712
isuride         25.8 21836
bench           16.9 201472
nginx            1.9 10360
nginx            1.9 10244
systemd-journal  1.3 248784
rsyslogd         0.7  5584
jbd2/sda1-8      0.7     0
kworker/1:1H-kb  0.2     0
2026-09-26T10:34:41+00:00
COMMAND         %CPU   RSS
mysqld          48.2 1075652
isuride         26.3 21248
bench           17.0 201508
nginx            1.9 10392
nginx            1.9 10324
systemd-journal  1.3 255236
rsyslogd         0.7  5584
jbd2/sda1-8      0.7     0
kworker/1:1H-kb  0.2     0
2026-09-26T10:34:43+00:00
COMMAND         %CPU   RSS
mysqld          48.3 1073444
isuride         26.6 19744
bench           17.1 208692
nginx            1.9 10392
nginx            1.9 10404
systemd-journal  1.3 260404
rsyslogd         0.7  5584
jbd2/sda1-8      0.7     0
kworker/0:1H-kb  0.2     0
2026-09-26T10:34:45+00:00
COMMAND         %CPU   RSS
mysqld          48.3 1074600
isuride         27.0 18888
bench           17.2 211824
nginx            1.9 10392
nginx            1.9 10404
systemd-journal  1.3 265460
rsyslogd         0.7  5584
jbd2/sda1-8      0.7     0
kworker/0:1H-kb  0.2     0
2026-09-26T10:34:47+00:00
COMMAND         %CPU   RSS
mysqld          48.3 1074528
isuride         27.4 19372
bench           17.2 215160
nginx            1.9 10392
nginx            1.9 10404
systemd-journal  1.4 268820
rsyslogd         0.7  5584
jbd2/sda1-8      0.7     0
kworker/1:1H-kb  0.2     0
