procs -----------memory---------- ---swap-- -----io---- -system-- -------cpu------- -----timestamp-----
 r  b   swpd   free   buff  cache   si   so    bi    bo   in   cs us sy id wa st gu                 UTC
 4  0      0 261616  74044 2444288    0    0   151  6658 7298  133 27 12 61  1  0  0 2026-09-26 10:33:43
 5  1      0 213376  74048 2454020    0    0    72 62860 18495 42450 31 16 36 16  0  0 2026-09-26 10:33:44
 0  0      0 210104  74048 2457296    0    0     0  4372 16120 45247 14 11 74  2  0  0 2026-09-26 10:33:45
 0  0      0 206604  74048 2458180    0    0     0  7180 16857 49778 18 11 69  2  0  0 2026-09-26 10:33:46
 0  0      0 203604  74048 2459188    0    0     0  6564 18990 57616 20 13 65  2  0  0 2026-09-26 10:33:47
 0  0      0 202092  74048 2460172    0    0     0 16156 20476 63935 23 17 58  2  0  0 2026-09-26 10:33:48
 0  0      0 200584  74048 2461340    0    0     0  8416 27197 81126 26 20 52  2  0  0 2026-09-26 10:33:49
 0  0      0 193808  74048 2462592    0    0     0  8356 30226 88539 27 21 50  2  0  0 2026-09-26 10:33:50
 0  0      0 192296  74048 2465532    0    0     0  7788 25745 82225 27 21 50  2  0  0 2026-09-26 10:33:51
 0  0      0 186276  74048 2467140    0    0     0 10428 30368 98777 31 25 42  2  0  0 2026-09-26 10:33:52
 4  0      0 178492  74048 2468632    0    0     4  9624 30269 99657 33 24 41  2  0  0 2026-09-26 10:33:53
 7  1      0 176476  74048 2470192    0    0     0 10668 29445 100525 36 24 39  1  0  0 2026-09-26 10:33:54
 1  0      0 169420  74048 2471768    0    0     0 10132 28496 97011 37 28 33  2  0  0 2026-09-26 10:33:55
 1  0      0 165632  74048 2473452    0    0     0 11596 27708 104055 36 30 33  2  0  0 2026-09-26 10:33:56
18  0      0 159932  74048 2475164    0    0     0 12052 27057 101946 38 28 32  2  0  0 2026-09-26 10:33:57
 0  0      0 149604  74048 2477920    0    0     0 34016 27762 107588 41 28 29  2  0  0 2026-09-26 10:33:58
 6  0      0 144884  74048 2479756    0    0     0 20128 25973 102805 44 34 20  2  0  0 2026-09-26 10:33:59
 7  0      0 136820  74048 2481504    0    0     0 11652 27620 109895 41 29 29  1  0  0 2026-09-26 10:34:00
 6  0      0 131128  74048 2484396    0    0     0 13432 27459 112442 43 30 25  1  0  0 2026-09-26 10:34:01
15  1      0 118028  74048 2486660    0    0     0 12620 26442 111583 44 30 24  2  0  0 2026-09-26 10:34:02
 3  0      0 112232  74048 2488676    0    0     0 14324 25837 111802 48 32 18  2  0  0 2026-09-26 10:34:03
procs -----------memory---------- ---swap-- -----io---- -system-- -------cpu------- -----timestamp-----
 r  b   swpd   free   buff  cache   si   so    bi    bo   in   cs us sy id wa st gu                 UTC
 6  0      0 105600  74048 2490184    0    0     0 11944 25113 106990 46 29 24  1  0  0 2026-09-26 10:34:04
 7  0      0 103092  74048 2491260    0    0     0  9576 26910 114470 46 28 25  2  0  0 2026-09-26 10:34:05
10  0      0 103296  74048 2492560    0    0     0 11444 27118 119823 46 32 21  1  0  0 2026-09-26 10:34:06
 7  0      0  92000  74048 2494724    0    0     0 12640 24421 113428 51 31 18  1  0  0 2026-09-26 10:34:07
14  1      0  84496  74048 2497008    0    0     0 18032 24918 112936 51 33 15  1  0  0 2026-09-26 10:34:08
13  0      0  75680  74048 2498976    0    0     0 31208 24803 106910 49 31 19  1  0  0 2026-09-26 10:34:09
 4  0      0  66132  74048 2502308    0    0     0 19956 24012 112588 52 34 13  1  0  0 2026-09-26 10:34:10
 7  0      0  90500  73324 2478784    0    0     4 14668 24631 112937 54 36 10  1  0  0 2026-09-26 10:34:11
13  0      0  87604  73324 2480996    0    0     0 13724 24481 114103 54 34 12  1  0  0 2026-09-26 10:34:12
15  0      0  75756  73324 2483412    0    0     0 15940 22652 109300 53 37  9  1  0  0 2026-09-26 10:34:13
15  1      0  73348  73324 2485424    0    0     0 37364 22375 103455 55 36  8  1  0  0 2026-09-26 10:34:14
16  0      0  84440  73196 2469788    0    0     0 19032 20833 106689 54 39  7  1  0  0 2026-09-26 10:34:15
 4  0      0  79356  73196 2474632    0    0     0 14848 23020 107851 55 36  9  1  0  0 2026-09-26 10:34:16
 5  1      0  73208  73196 2476900    0    0     0 16752 23246 106932 58 38  5  0  0  0 2026-09-26 10:34:17
21  1      0  73768  73084 2468976    0    0     0 19112 23911 111687 56 38  6  1  0  0 2026-09-26 10:34:18
12  0      0  69724  73084 2470248    0    0     0 35920 21940 103095 57 39  4  1  0  0 2026-09-26 10:34:19
26  1      0  83592  73084 2460308    0    0     0 15716 22446 109019 58 38  4  1  0  0 2026-09-26 10:34:20
10  0      0  77428  73084 2461672    0    0     0 16328 22389 106951 61 36  3  0  0  0 2026-09-26 10:34:21
20  0      0  74076  73084 2462932    0    0     0 13900 22843 111382 58 36  6  1  0  0 2026-09-26 10:34:22
 9  0      0  86148  73068 2453168    0    0     4 13024 21052 106735 61 35  4  1  0  0 2026-09-26 10:34:23
 2  0      0  86696  73068 2454444    0    0     0 12892 21615 108270 62 35  3  0  0  0 2026-09-26 10:34:24
procs -----------memory---------- ---swap-- -----io---- -system-- -------cpu------- -----timestamp-----
 r  b   swpd   free   buff  cache   si   so    bi    bo   in   cs us sy id wa st gu                 UTC
23  0      0  69956  73068 2455680    0    0     0 16852 21665 109605 60 37  3  0  0  0 2026-09-26 10:34:25
17  0      0  70432  73068 2457084    0    0     0 12848 20445 109787 59 37  4  1  0  0 2026-09-26 10:34:26
23  0      0  78124  73068 2448392    0    0     0 12508 21386 103130 60 36  4  0  0  0 2026-09-26 10:34:27
16  0      0  77492  73068 2449676    0    0     0 14992 21967 105358 59 39  3  1  0  0 2026-09-26 10:34:28
19  0      0  68964  73068 2451008    0    0     0 12532 20747 100075 60 37  3  1  0  0 2026-09-26 10:34:29
 9  1      0  79760  73068 2441604    0    0     0 20396 19301 101202 60 38  3  0  0  0 2026-09-26 10:34:30
 9  0      0  78580  73068 2442840    0    0     0 16480 19303 102121 58 39  3  1  0  0 2026-09-26 10:34:31
16  0      0  72224  73068 2444160    0    0     0 15360 21712 100146 58 40  2  0  0  0 2026-09-26 10:34:32
 9  1      0  70340  73068 2445416    0    0     0 17252 21550 101976 59 40  1  0  0  0 2026-09-26 10:34:33
13  1      0  83080  73072 2426708    0    0     0 23516 18970 96801 59 39  2  1  0  0 2026-09-26 10:34:34
18  1      0  84824  73072 2427956    0    0     0 15796 19673 97205 60 39  2  0  0  0 2026-09-26 10:34:35
22  1      0  74660  73072 2430440    0    0     8 16956 19885 95044 60 38  2  1  0  0 2026-09-26 10:34:36
12  0      0  75364  73072 2432876    0    0     0 17124 21152 99635 60 39  1  0  0  0 2026-09-26 10:34:37
15  0      0  68408  73072 2435296    0    0     0 17452 18478 96757 61 37  2  0  0  0 2026-09-26 10:34:38
32  0      0  73844  73072 2418588    0    0     0 17928 16906 90165 58 41  1  0  0  0 2026-09-26 10:34:39
10  0      0  92904  73072 2411460    0    0     0 18708 21790 95399 59 40  1  0  0  0 2026-09-26 10:34:40
34  0      0  90228  73072 2413772    0    0     0 37536 19682 93875 62 36  2  0  0  0 2026-09-26 10:34:41
10  1      0  80280  73072 2416100    0    0     0 17768 21182 95031 62 37  2  0  0  0 2026-09-26 10:34:42
67  0      0  76392  73076 2418900    0    0     0 18724 18372 94342 60 39  1  1  0  0 2026-09-26 10:34:43
10  0      0  69948  73076 2421544    0    0     0  1312 20424 110497 65 31  5  0  0  0 2026-09-26 10:34:44
10  0      0  68612  73076 2424532    0    0     0  9532 20114 111605 65 32  4  0  0  0 2026-09-26 10:34:45
procs -----------memory---------- ---swap-- -----io---- -system-- -------cpu------- -----timestamp-----
 r  b   swpd   free   buff  cache   si   so    bi    bo   in   cs us sy id wa st gu                 UTC
16  0      0  77056  73076 2416816    0    0     0 33772 20548 109762 64 33  4  0  0  0 2026-09-26 10:34:46
15  0      0  74184  73076 2418096    0    0     0  1044 20738 109720 63 32  5  0  0  0 2026-09-26 10:34:47
