time=18:37:56.968 level=DEBUG source=/tmp/isucon14/bench/cmd/run.go:90 msg=target targetURL=https://isuride.xiv.isucon.net targetAddr=127.0.0.1:443 benchrun.GetTargetAddress()="" paymentURL=http://127.0.0.1:12346
time=18:37:56.968 level=INFO msg=負荷走行を開始します
time=18:37:59.674 level=DEBUG source=/tmp/isucon14/bench/benchmarker/scenario/scenario.go:315 msg=時間経過 tick=60
time=18:37:59.674 level=DEBUG source=/tmp/isucon14/bench/benchmarker/scenario/scenario.go:317 msg=eval reqs=1 score="[0 0 0 0 1]" criteria="[1 1 1 1]"
time=18:38:01.474 level=DEBUG source=/tmp/isucon14/bench/benchmarker/scenario/scenario.go:315 msg=時間経過 tick=120
time=18:38:01.474 level=DEBUG source=/tmp/isucon14/bench/benchmarker/scenario/scenario.go:317 msg=eval reqs=2 score="[0 0 0 1 1]" criteria="[2 1 2 2]"
time=18:38:03.274 level=INFO msg=これまでに地域内の評判によって5人、既存ユーザーの招待経由で2人が新規登録しました
time=18:38:03.274 level=INFO msg=0.0%のライドは椅子がマッチされるまでの時間、75.0%のライドはマッチされた椅子が乗車地点までに掛かる時間、25.0%のライドは椅子の実移動時間に不満がありました
time=18:38:03.274 level=DEBUG source=/tmp/isucon14/bench/benchmarker/scenario/scenario.go:315 msg=時間経過 tick=180
time=18:38:03.274 level=DEBUG source=/tmp/isucon14/bench/benchmarker/scenario/scenario.go:317 msg=eval reqs=4 score="[0 0 2 1 1]" criteria="[4 1 3 3]"
time=18:38:05.074 level=DEBUG source=/tmp/isucon14/bench/benchmarker/scenario/scenario.go:315 msg=時間経過 tick=240
time=18:38:05.074 level=DEBUG source=/tmp/isucon14/bench/benchmarker/scenario/scenario.go:317 msg=eval reqs=5 score="[0 0 3 1 1]" criteria="[4 1 4 4]"
time=18:38:06.874 level=DEBUG source=/tmp/isucon14/bench/benchmarker/scenario/scenario.go:315 msg=時間経過 tick=300
time=18:38:06.874 level=DEBUG source=/tmp/isucon14/bench/benchmarker/scenario/scenario.go:317 msg=eval reqs=6 score="[0 0 4 1 1]" criteria="[4 1 5 5]"
time=18:38:08.661 level=INFO msg=一定の売上が立ったためオーナーの椅子が増加します 名前=椅子工藝舎 増加数=1
time=18:38:08.676 level=DEBUG source=/tmp/isucon14/bench/benchmarker/scenario/scenario.go:315 msg=時間経過 tick=360
time=18:38:08.676 level=DEBUG source=/tmp/isucon14/bench/benchmarker/scenario/scenario.go:317 msg=eval reqs=9 score="[0 1 6 1 1]" criteria="[4 1 8 7]"
time=18:38:08.676 level=INFO msg=これまでに地域内の評判によって9人、既存ユーザーの招待経由で2人が新規登録しました
time=18:38:08.676 level=INFO msg=55.6%のライドは椅子がマッチされるまでの時間、88.9%のライドはマッチされた椅子が乗車地点までに掛かる時間、16.7%のライドは椅子の実移動時間に不満がありました
time=18:38:10.474 level=DEBUG source=/tmp/isucon14/bench/benchmarker/scenario/scenario.go:315 msg=時間経過 tick=420
time=18:38:10.474 level=DEBUG source=/tmp/isucon14/bench/benchmarker/scenario/scenario.go:317 msg=eval reqs=10 score="[0 1 7 1 1]" criteria="[4 1 9 8]"
time=18:38:12.275 level=DEBUG source=/tmp/isucon14/bench/benchmarker/scenario/scenario.go:315 msg=時間経過 tick=480
time=18:38:12.275 level=DEBUG source=/tmp/isucon14/bench/benchmarker/scenario/scenario.go:317 msg=eval reqs=11 score="[0 1 8 1 1]" criteria="[4 1 10 9]"
time=18:38:14.075 level=INFO msg=これまでに地域内の評判によって15人、既存ユーザーの招待経由で2人が新規登録しました
time=18:38:14.075 level=INFO msg=66.7%のライドは椅子がマッチされるまでの時間、91.7%のライドはマッチされた椅子が乗車地点までに掛かる時間、12.5%のライドは椅子の実移動時間に不満がありました
time=18:38:14.075 level=DEBUG source=/tmp/isucon14/bench/benchmarker/scenario/scenario.go:315 msg=時間経過 tick=540
time=18:38:14.075 level=DEBUG source=/tmp/isucon14/bench/benchmarker/scenario/scenario.go:317 msg=eval reqs=12 score="[0 1 9 1 1]" criteria="[4 1 11 10]"
time=18:38:15.870 level=INFO msg=一定の売上が立ったためオーナーの椅子が増加します 名前=晴れ道タクシー 増加数=1
time=18:38:15.872 level=INFO msg=一定の売上が立ったためオーナーの椅子が増加します 名前=椅子やいちば 増加数=1
time=18:38:15.875 level=DEBUG source=/tmp/isucon14/bench/benchmarker/scenario/scenario.go:315 msg=時間経過 tick=600
time=18:38:15.875 level=DEBUG source=/tmp/isucon14/bench/benchmarker/scenario/scenario.go:317 msg=eval reqs=18 score="[3 4 9 1 1]" criteria="[4 1 13 11]"
time=18:38:15.888 level=INFO msg=一定の売上が立ったためオーナーの椅子が増加します 名前=椅子工藝舎 増加数=1
time=18:38:17.673 level=INFO msg=一定の売上が立ったためオーナーの椅子が増加します 名前="Sit Second Life" 増加数=1
time=18:38:17.674 level=DEBUG source=/tmp/isucon14/bench/benchmarker/scenario/scenario.go:315 msg=時間経過 tick=660
time=18:38:17.674 level=DEBUG source=/tmp/isucon14/bench/benchmarker/scenario/scenario.go:317 msg=eval reqs=23 score="[6 6 9 1 1]" criteria="[4 1 15 11]"
time=18:38:17.684 level=INFO msg=一定の売上が立ったためオーナーの椅子が増加します 名前=椅子と暮らし舎 増加数=1
time=18:38:19.469 level=INFO msg=一定の売上が立ったためオーナーの椅子が増加します 名前=椅子工藝舎 増加数=1
time=18:38:19.474 level=INFO msg=これまでに地域内の評判によって21人、既存ユーザーの招待経由で2人が新規登録しました
time=18:38:19.474 level=INFO msg=これまでに低評価なライドによって10人が利用をやめました
time=18:38:19.474 level=INFO msg=83.3%のライドは椅子がマッチされるまでの時間、95.8%のライドはマッチされた椅子が乗車地点までに掛かる時間、41.7%のライドは椅子の実移動時間に不満がありました
time=18:38:19.474 level=DEBUG source=/tmp/isucon14/bench/benchmarker/scenario/scenario.go:315 msg=時間経過 tick=720
time=18:38:19.474 level=DEBUG source=/tmp/isucon14/bench/benchmarker/scenario/scenario.go:317 msg=eval reqs=24 score="[6 6 10 1 1]" criteria="[4 1 16 12]"
time=18:38:21.268 level=INFO msg=一定の売上が立ったためオーナーの椅子が増加します 名前=椅子やいちば 増加数=1
time=18:38:21.275 level=DEBUG source=/tmp/isucon14/bench/benchmarker/scenario/scenario.go:315 msg=時間経過 tick=780
time=18:38:21.275 level=DEBUG source=/tmp/isucon14/bench/benchmarker/scenario/scenario.go:317 msg=eval reqs=28 score="[7 7 11 2 1]" criteria="[4 2 19 14]"
time=18:38:21.310 level=INFO msg=一定の売上が立ったためオーナーの椅子が増加します 名前=椅子工藝舎 増加数=1
time=18:38:23.075 level=DEBUG source=/tmp/isucon14/bench/benchmarker/scenario/scenario.go:315 msg=時間経過 tick=840
time=18:38:23.075 level=DEBUG source=/tmp/isucon14/bench/benchmarker/scenario/scenario.go:317 msg=eval reqs=32 score="[8 8 12 3 1]" criteria="[4 4 21 16]"
time=18:38:23.118 level=INFO msg=一定の売上が立ったためオーナーの椅子が増加します 名前=椅子と暮らし舎 増加数=1
time=18:38:24.874 level=DEBUG source=/tmp/isucon14/bench/benchmarker/scenario/scenario.go:315 msg=時間経過 tick=900
time=18:38:24.874 level=INFO msg=これまでに地域内の評判によって27人、既存ユーザーの招待経由で4人が新規登録しました
time=18:38:24.874 level=INFO msg=これまでに低評価なライドによって14人が利用をやめました
time=18:38:24.874 level=DEBUG source=/tmp/isucon14/bench/benchmarker/scenario/scenario.go:317 msg=eval reqs=34 score="[9 8 13 3 1]" criteria="[4 5 22 16]"
time=18:38:24.874 level=INFO msg=88.2%のライドは椅子がマッチされるまでの時間、85.3%のライドはマッチされた椅子が乗車地点までに掛かる時間、44.1%のライドは椅子の実移動時間に不満がありました
time=18:38:26.674 level=DEBUG source=/tmp/isucon14/bench/benchmarker/scenario/scenario.go:315 msg=時間経過 tick=960
time=18:38:26.674 level=DEBUG source=/tmp/isucon14/bench/benchmarker/scenario/scenario.go:317 msg=eval reqs=35 score="[10 8 13 3 1]" criteria="[4 5 22 16]"
time=18:38:26.692 level=INFO msg=一定の売上が立ったためオーナーの椅子が増加します 名前=晴れ道タクシー 増加数=1
time=18:38:28.475 level=DEBUG source=/tmp/isucon14/bench/benchmarker/scenario/scenario.go:315 msg=時間経過 tick=1020
time=18:38:28.475 level=DEBUG source=/tmp/isucon14/bench/benchmarker/scenario/scenario.go:317 msg=eval reqs=37 score="[12 8 13 3 1]" criteria="[4 5 22 16]"
time=18:38:28.490 level=INFO msg=一定の売上が立ったためオーナーの椅子が増加します 名前="Sit Second Life" 増加数=1
time=18:38:28.515 level=INFO msg=一定の売上が立ったためオーナーの椅子が増加します 名前=椅子工藝舎 増加数=1
time=18:38:30.274 level=INFO msg=これまでに地域内の評判によって33人、既存ユーザーの招待経由で4人が新規登録しました
time=18:38:30.274 level=INFO msg=これまでに低評価なライドによって19人が利用をやめました
time=18:38:30.274 level=INFO msg=90.5%のライドは椅子がマッチされるまでの時間、85.7%のライドはマッチされた椅子が乗車地点までに掛かる時間、52.4%のライドは椅子の実移動時間に不満がありました
time=18:38:30.274 level=DEBUG source=/tmp/isucon14/bench/benchmarker/scenario/scenario.go:315 msg=時間経過 tick=1080
time=18:38:30.274 level=DEBUG source=/tmp/isucon14/bench/benchmarker/scenario/scenario.go:317 msg=eval reqs=42 score="[15 9 14 3 1]" criteria="[4 6 23 17]"
time=18:38:30.275 level=INFO msg=一定の売上が立ったためオーナーの椅子が増加します 名前=椅子やいちば 増加数=1
time=18:38:32.074 level=DEBUG source=/tmp/isucon14/bench/benchmarker/scenario/scenario.go:315 msg=時間経過 tick=1140
time=18:38:32.074 level=DEBUG source=/tmp/isucon14/bench/benchmarker/scenario/scenario.go:317 msg=eval reqs=42 score="[15 9 14 3 1]" criteria="[4 6 23 17]"
time=18:38:33.875 level=DEBUG source=/tmp/isucon14/bench/benchmarker/scenario/scenario.go:315 msg=時間経過 tick=1200
time=18:38:33.875 level=DEBUG source=/tmp/isucon14/bench/benchmarker/scenario/scenario.go:317 msg=eval reqs=47 score="[19 10 14 3 1]" criteria="[4 6 23 18]"
time=18:38:33.913 level=INFO msg=一定の売上が立ったためオーナーの椅子が増加します 名前=椅子と暮らし舎 増加数=1
time=18:38:33.928 level=INFO msg=一定の売上が立ったためオーナーの椅子が増加します 名前="Sit Second Life" 増加数=1
time=18:38:35.674 level=INFO msg=これまでに地域内の評判によって39人、既存ユーザーの招待経由で4人が新規登録しました
time=18:38:35.674 level=INFO msg=これまでに低評価なライドによって23人が利用をやめました
time=18:38:35.674 level=INFO msg=91.7%のライドは椅子がマッチされるまでの時間、87.5%のライドはマッチされた椅子が乗車地点までに掛かる時間、57.3%のライドは椅子の実移動時間に不満がありました
time=18:38:35.674 level=DEBUG source=/tmp/isucon14/bench/benchmarker/scenario/scenario.go:315 msg=時間経過 tick=1260
time=18:38:35.674 level=DEBUG source=/tmp/isucon14/bench/benchmarker/scenario/scenario.go:317 msg=eval reqs=48 score="[20 10 14 3 1]" criteria="[4 6 23 18]"
time=18:38:37.474 level=DEBUG source=/tmp/isucon14/bench/benchmarker/scenario/scenario.go:315 msg=時間経過 tick=1320
time=18:38:37.474 level=DEBUG source=/tmp/isucon14/bench/benchmarker/scenario/scenario.go:317 msg=eval reqs=50 score="[22 10 14 3 1]" criteria="[4 6 23 18]"
time=18:38:39.275 level=DEBUG source=/tmp/isucon14/bench/benchmarker/scenario/scenario.go:315 msg=時間経過 tick=1380
time=18:38:39.275 level=DEBUG source=/tmp/isucon14/bench/benchmarker/scenario/scenario.go:317 msg=eval reqs=52 score="[23 10 15 3 1]" criteria="[4 7 24 18]"
time=18:38:39.331 level=INFO msg=一定の売上が立ったためオーナーの椅子が増加します 名前=晴れ道タクシー 増加数=1
time=18:38:39.360 level=INFO msg=一定の売上が立ったためオーナーの椅子が増加します 名前=椅子工藝舎 増加数=1
time=18:38:41.075 level=INFO msg=これまでに地域内の評判によって45人、既存ユーザーの招待経由で4人が新規登録しました
time=18:38:41.075 level=INFO msg=これまでに低評価なライドによって29人が利用をやめました
time=18:38:41.075 level=INFO msg=92.9%のライドは椅子がマッチされるまでの時間、87.5%のライドはマッチされた椅子が乗車地点までに掛かる時間、62.5%のライドは椅子の実移動時間に不満がありました
time=18:38:41.075 level=DEBUG source=/tmp/isucon14/bench/benchmarker/scenario/scenario.go:315 msg=時間経過 tick=1440
time=18:38:41.075 level=DEBUG source=/tmp/isucon14/bench/benchmarker/scenario/scenario.go:317 msg=eval reqs=56 score="[27 10 15 3 1]" criteria="[4 7 24 18]"
time=18:38:42.875 level=DEBUG source=/tmp/isucon14/bench/benchmarker/scenario/scenario.go:315 msg=時間経過 tick=1500
time=18:38:42.875 level=DEBUG source=/tmp/isucon14/bench/benchmarker/scenario/scenario.go:317 msg=eval reqs=59 score="[30 10 15 3 1]" criteria="[4 7 24 18]"
time=18:38:42.955 level=INFO msg=一定の売上が立ったためオーナーの椅子が増加します 名前=椅子やいちば 増加数=1
time=18:38:42.962 level=INFO msg=一定の売上が立ったためオーナーの椅子が増加します 名前="Sit Second Life" 増加数=1
time=18:38:42.980 level=INFO msg=一定の売上が立ったためオーナーの椅子が増加します 名前=椅子工藝舎 増加数=1
time=18:38:44.674 level=DEBUG source=/tmp/isucon14/bench/benchmarker/scenario/scenario.go:315 msg=時間経過 tick=1560
time=18:38:44.674 level=DEBUG source=/tmp/isucon14/bench/benchmarker/scenario/scenario.go:317 msg=eval reqs=62 score="[33 10 15 3 1]" criteria="[4 7 24 18]"
time=18:38:46.474 level=INFO msg=これまでに地域内の評判によって51人、既存ユーザーの招待経由で4人が新規登録しました
time=18:38:46.474 level=INFO msg=これまでに低評価なライドによって39人が利用をやめました
time=18:38:46.474 level=INFO msg=94.0%のライドは椅子がマッチされるまでの時間、89.6%のライドはマッチされた椅子が乗車地点までに掛かる時間、67.9%のライドは椅子の実移動時間に不満がありました
time=18:38:46.474 level=DEBUG source=/tmp/isucon14/bench/benchmarker/scenario/scenario.go:315 msg=時間経過 tick=1620
time=18:38:46.474 level=DEBUG source=/tmp/isucon14/bench/benchmarker/scenario/scenario.go:317 msg=eval reqs=67 score="[37 11 15 3 1]" criteria="[4 7 24 19]"
time=18:38:46.529 level=INFO msg=一定の売上が立ったためオーナーの椅子が増加します 名前=晴れ道タクシー 増加数=1
time=18:38:46.539 level=INFO msg=一定の売上が立ったためオーナーの椅子が増加します 名前=椅子やいちば 増加数=1
time=18:38:48.275 level=DEBUG source=/tmp/isucon14/bench/benchmarker/scenario/scenario.go:315 msg=時間経過 tick=1680
time=18:38:48.275 level=DEBUG source=/tmp/isucon14/bench/benchmarker/scenario/scenario.go:317 msg=eval reqs=69 score="[39 11 15 3 1]" criteria="[4 7 24 19]"
time=18:38:48.320 level=INFO msg=一定の売上が立ったためオーナーの椅子が増加します 名前=椅子と暮らし舎 増加数=1
time=18:38:48.340 level=INFO msg=一定の売上が立ったためオーナーの椅子が増加します 名前=椅子工藝舎 増加数=1
time=18:38:50.074 level=DEBUG source=/tmp/isucon14/bench/benchmarker/scenario/scenario.go:315 msg=時間経過 tick=1740
time=18:38:50.074 level=DEBUG source=/tmp/isucon14/bench/benchmarker/scenario/scenario.go:317 msg=eval reqs=69 score="[39 11 15 3 1]" criteria="[4 7 24 19]"
time=18:38:51.875 level=DEBUG source=/tmp/isucon14/bench/benchmarker/scenario/scenario.go:315 msg=時間経過 tick=1800
time=18:38:51.875 level=DEBUG source=/tmp/isucon14/bench/benchmarker/scenario/scenario.go:317 msg=eval reqs=72 score="[41 12 15 3 1]" criteria="[4 8 24 19]"
time=18:38:51.875 level=INFO msg=これまでに地域内の評判によって57人、既存ユーザーの招待経由で4人が新規登録しました
time=18:38:51.875 level=INFO msg=これまでに低評価なライドによって41人が利用をやめました
time=18:38:51.875 level=INFO msg=94.4%のライドは椅子がマッチされるまでの時間、88.9%のライドはマッチされた椅子が乗車地点までに掛かる時間、70.1%のライドは椅子の実移動時間に不満がありました
time=18:38:52.004 level=INFO msg=一定の売上が立ったためオーナーの椅子が増加します 名前=椅子と暮らし舎 増加数=1
time=18:38:53.674 level=DEBUG source=/tmp/isucon14/bench/benchmarker/scenario/scenario.go:315 msg=時間経過 tick=1860
time=18:38:53.674 level=DEBUG source=/tmp/isucon14/bench/benchmarker/scenario/scenario.go:317 msg=eval reqs=73 score="[42 12 15 3 1]" criteria="[4 8 24 19]"
time=18:38:55.474 level=DEBUG source=/tmp/isucon14/bench/benchmarker/scenario/scenario.go:315 msg=時間経過 tick=1920
time=18:38:55.474 level=DEBUG source=/tmp/isucon14/bench/benchmarker/scenario/scenario.go:317 msg=eval reqs=76 score="[45 12 15 3 1]" criteria="[4 8 24 19]"
time=18:38:55.643 level=INFO msg=一定の売上が立ったためオーナーの椅子が増加します 名前=椅子工藝舎 増加数=1
time=18:38:57.275 level=DEBUG source=/tmp/isucon14/bench/benchmarker/scenario/scenario.go:315 msg=時間経過 tick=1980
time=18:38:57.275 level=DEBUG source=/tmp/isucon14/bench/benchmarker/scenario/scenario.go:317 msg=eval reqs=77 score="[46 12 15 3 1]" criteria="[4 8 24 19]"
time=18:38:57.275 level=INFO msg=これまでに地域内の評判によって63人、既存ユーザーの招待経由で4人が新規登録しました
time=18:38:57.275 level=INFO msg=これまでに低評価なライドによって47人が利用をやめました
time=18:38:57.275 level=INFO msg=94.8%のライドは椅子がマッチされるまでの時間、89.6%のライドはマッチされた椅子が乗車地点までに掛かる時間、72.1%のライドは椅子の実移動時間に不満がありました
time=18:39:02.875 level=INFO msg=最終地域情報 名前=チェアタウン ユーザー登録数=39 アクティブユーザー数=15
time=18:39:02.875 level=INFO msg=最終地域情報 名前=コシカケシティ ユーザー登録数=40 アクティブユーザー数=16
time=18:39:02.875 level=INFO msg=最終オーナー情報 名前=椅子と暮らし舎 売上=81500 椅子数=9
time=18:39:02.875 level=INFO msg=最終オーナー情報 名前=椅子工藝舎 売上=148000 椅子数=13
time=18:39:02.875 level=INFO msg=最終オーナー情報 名前=晴れ道タクシー 売上=76500 椅子数=8
time=18:39:02.875 level=INFO msg=最終オーナー情報 名前="Sit Second Life" 売上=73700 椅子数=8
time=18:39:02.875 level=INFO msg=最終オーナー情報 名前=椅子やいちば 売上=119200 椅子数=9
time=18:39:02.875 level=INFO msg=94.9%のライドは椅子がマッチされるまでの時間、88.6%のライドはマッチされた椅子が乗車地点までに掛かる時間、72.8%のライドは椅子の実移動時間に不満がありました
time=18:39:02.875 level=INFO msg=結果 pass=true スコア=7369 種別エラー数=map[]
time=18:39:02.875 level=INFO msg=負荷走行が終了しました
