2026-09-26T09:37:56+00:00
COMMAND         %CPU   RSS
mysqld          43.0 771748
nginx            1.5  9712
nginx            1.5  9628
systemd-journal  1.1 287044
rsyslogd         0.5  5532
jbd2/sda1-8      0.5     0
kworker/1:1H-kb  0.2     0
rcu_preempt      0.2     0
kworker/0:1H-kb  0.2     0
2026-09-26T09:37:58+00:00
COMMAND         %CPU   RSS
mysqld          43.0 862232
bench            9.5 49412
nginx            1.5  9712
nginx            1.5  9628
systemd-journal  1.1 287964
isuride          0.8 15376
rsyslogd         0.5  5532
jbd2/sda1-8      0.5     0
kworker/1:1H-kb  0.2     0
2026-09-26T09:38:00+00:00
COMMAND         %CPU   RSS
mysqld          43.1 851672
bench           10.4 52056
isuride          2.4 15556
nginx            1.5  9712
nginx            1.5  9628
systemd-journal  1.1 291400
rsyslogd         0.5  5532
jbd2/sda1-8      0.5     0
kworker/1:1H-kb  0.2     0
2026-09-26T09:38:02+00:00
COMMAND         %CPU   RSS
mysqld          43.2 813964
bench           11.4 58320
isuride          4.1 15704
nginx            1.5  9712
nginx            1.5  9628
systemd-journal  1.1 292912
rsyslogd         0.5  5532
jbd2/sda1-8      0.5     0
kworker/1:1H-kb  0.2     0
2026-09-26T09:38:04+00:00
COMMAND         %CPU   RSS
mysqld          43.3 816100
bench           11.5 60924
isuride          5.5 16304
nginx            1.5  9712
nginx            1.5  9628
systemd-journal  1.1 294208
rsyslogd         0.5  5532
jbd2/sda1-8      0.5     0
kworker/1:1H-kb  0.2     0
2026-09-26T09:38:06+00:00
COMMAND         %CPU   RSS
mysqld          43.3 816208
bench           11.4 67432
isuride          6.7 16072
nginx            1.5  9712
nginx            1.5  9628
systemd-journal  1.1 295392
rsyslogd         0.6  5532
jbd2/sda1-8      0.5     0
kworker/1:1H-kb  0.2     0
2026-09-26T09:38:08+00:00
COMMAND         %CPU   RSS
mysqld          43.4 820420
bench           11.7 71824
isuride          7.9 16576
nginx            1.5  9712
nginx            1.5  9628
systemd-journal  1.1 298556
rsyslogd         0.6  5532
jbd2/sda1-8      0.5     0
kworker/1:1H-kb  0.2     0
2026-09-26T09:38:10+00:00
COMMAND         %CPU   RSS
mysqld          43.5 825768
bench           11.7 73940
isuride          8.9 16580
nginx            1.5  9712
nginx            1.5  9628
systemd-journal  1.1 301408
rsyslogd         0.6  5532
jbd2/sda1-8      0.5     0
kworker/1:1H-kb  0.2     0
2026-09-26T09:38:13+00:00
COMMAND         %CPU   RSS
mysqld          43.6 827028
bench           11.7 74960
isuride          9.9 17016
nginx            1.5  9712
nginx            1.5  9628
systemd-journal  1.1 302628
rsyslogd         0.6  5532
jbd2/sda1-8      0.5     0
kworker/1:1H-kb  0.2     0
2026-09-26T09:38:15+00:00
COMMAND         %CPU   RSS
mysqld          43.7 829512
bench           11.9 77788
isuride         10.7 17356
nginx            1.5  9712
nginx            1.5  9628
systemd-journal  1.1 303616
rsyslogd         0.6  5532
jbd2/sda1-8      0.5     0
kworker/1:1H-kb  0.2     0
2026-09-26T09:38:17+00:00
COMMAND         %CPU   RSS
mysqld          43.8 871808
bench           11.9 81140
isuride         11.4 17316
nginx            1.5  9712
nginx            1.5  9628
systemd-journal  1.1 304632
rsyslogd         0.6  5532
jbd2/sda1-8      0.5     0
kworker/1:1H-kb  0.2     0
2026-09-26T09:38:19+00:00
COMMAND         %CPU   RSS
mysqld          43.9 870196
isuride         12.0 17196
bench           12.0 85404
nginx            1.5  9712
nginx            1.5  9628
systemd-journal  1.1 308620
rsyslogd         0.6  5532
jbd2/sda1-8      0.5     0
kworker/1:1H-kb  0.2     0
2026-09-26T09:38:21+00:00
COMMAND         %CPU   RSS
mysqld          44.0 861984
isuride         12.6 18500
bench           12.1 90012
nginx            1.5  9712
nginx            1.5  9628
systemd-journal  1.1 310572
rsyslogd         0.6  5532
jbd2/sda1-8      0.5     0
kworker/1:1H-kb  0.2     0
2026-09-26T09:38:23+00:00
COMMAND         %CPU   RSS
mysqld          44.1 842072
isuride         13.0 18020
bench           12.2 94456
nginx            1.5  9712
nginx            1.5  9628
systemd-journal  1.1 166912
rsyslogd         0.6  5536
jbd2/sda1-8      0.5     0
kworker/1:1H-kb  0.2     0
2026-09-26T09:38:25+00:00
COMMAND         %CPU   RSS
mysqld          44.2 844220
isuride         13.5 18024
bench           12.2 101752
nginx            1.5  9712
nginx            1.5  9628
systemd-journal  1.1 167968
rsyslogd         0.6  5536
jbd2/sda1-8      0.6     0
kworker/1:1H-kb  0.2     0
2026-09-26T09:38:27+00:00
COMMAND         %CPU   RSS
mysqld          44.3 845584
isuride         14.0 18496
bench           12.2 102456
nginx            1.5  9712
nginx            1.5  9628
systemd-journal  1.1 169032
rsyslogd         0.6  5536
jbd2/sda1-8      0.6     0
kworker/1:1H-kb  0.2     0
2026-09-26T09:38:29+00:00
COMMAND         %CPU   RSS
mysqld          44.4 848688
isuride         14.5 18220
bench           12.3 104784
nginx            1.5  9712
nginx            1.5  9628
systemd-journal  1.1 170068
rsyslogd         0.6  5536
jbd2/sda1-8      0.6     0
kworker/1:1H-kb  0.2     0
2026-09-26T09:38:31+00:00
COMMAND         %CPU   RSS
mysqld          44.5 849172
isuride         14.9 19092
bench           12.4 108896
nginx            1.5  9712
nginx            1.5  9628
systemd-journal  1.1 170968
rsyslogd         0.6  5536
jbd2/sda1-8      0.6     0
kworker/1:1H-kb  0.2     0
2026-09-26T09:38:33+00:00
COMMAND         %CPU   RSS
mysqld          44.6 855612
isuride         15.2 18680
bench           12.4 109140
nginx            1.5  9712
nginx            1.5  9628
systemd-journal  1.1 175044
rsyslogd         0.6  5536
jbd2/sda1-8      0.6     0
kworker/1:1H-kb  0.2     0
2026-09-26T09:38:35+00:00
COMMAND         %CPU   RSS
mysqld          44.7 880248
isuride         15.5 19932
bench           12.4 116280
nginx            1.5  9712
nginx            1.5  9628
systemd-journal  1.1 176780
rsyslogd         0.6  5536
jbd2/sda1-8      0.6     0
kworker/1:1H-kb  0.2     0
2026-09-26T09:38:37+00:00
COMMAND         %CPU   RSS
mysqld          44.8 876652
isuride         15.7 19224
bench           12.4 118688
nginx            1.5  9712
nginx            1.5  9628
systemd-journal  1.1 177728
rsyslogd         0.6  5536
jbd2/sda1-8      0.6     0
kworker/1:1H-kb  0.2     0
2026-09-26T09:38:39+00:00
COMMAND         %CPU   RSS
mysqld          44.9 892040
isuride         16.0 19144
bench           12.4 119716
curl             4.7 12288
nginx            1.5  9712
nginx            1.5  9628
systemd-journal  1.1 179612
rsyslogd         0.6  5536
jbd2/sda1-8      0.6     0
2026-09-26T09:38:41+00:00
COMMAND         %CPU   RSS
mysqld          45.0 873204
isuride         16.2 19660
bench           12.5 125704
nginx            1.5  9712
nginx            1.5  9628
systemd-journal  1.1 182048
rsyslogd         0.6  5536
jbd2/sda1-8      0.6     0
kworker/1:1H-kb  0.2     0
2026-09-26T09:38:43+00:00
COMMAND         %CPU   RSS
mysqld          45.1 850680
isuride         16.4 19252
bench           12.5 126380
nginx            1.5  9712
nginx            1.5  9628
systemd-journal  1.1 183232
rsyslogd         0.6  5536
jbd2/sda1-8      0.6     0
kworker/1:1H-kb  0.2     0
2026-09-26T09:38:45+00:00
COMMAND         %CPU   RSS
mysqld          45.2 853856
isuride         16.7 19100
bench           12.5 131620
nginx            1.5  9712
nginx            1.5  9628
systemd-journal  1.1 184336
rsyslogd         0.6  5536
jbd2/sda1-8      0.6     0
kworker/1:1H-kb  0.2     0
2026-09-26T09:38:47+00:00
COMMAND         %CPU   RSS
mysqld          45.3 853856
isuride         16.9 19644
bench           12.4 131660
nginx            1.5  9712
nginx            1.5  9628
systemd-journal  1.1 185388
rsyslogd         0.6  5536
jbd2/sda1-8      0.6     0
kworker/1:1H-kb  0.2     0
2026-09-26T09:38:49+00:00
COMMAND         %CPU   RSS
mysqld          45.4 855956
isuride         17.1 19892
bench           12.5 137952
nginx            1.5  9712
nginx            1.5  9628
systemd-journal  1.1 189644
rsyslogd         0.6  5536
jbd2/sda1-8      0.6     0
kworker/1:1H-kb  0.2     0
2026-09-26T09:38:51+00:00
COMMAND         %CPU   RSS
mysqld          45.5 864692
isuride         17.3 19840
bench           12.4 137964
nginx            1.5  9712
nginx            1.5  9628
systemd-journal  1.1 192140
rsyslogd         0.6  5536
jbd2/sda1-8      0.6     0
kworker/1:1H-kb  0.2     0
2026-09-26T09:38:53+00:00
COMMAND         %CPU   RSS
mysqld          45.6 887752
isuride         17.4 20976
bench           12.4 144756
nginx            1.5  9712
nginx            1.5  9628
systemd-journal  1.1 193320
rsyslogd         0.6  5536
jbd2/sda1-8      0.6     0
kworker/1:1H-kb  0.2     0
2026-09-26T09:38:55+00:00
COMMAND         %CPU   RSS
mysqld          45.7 906264
isuride         17.5 21252
bench           12.4 145164
nginx            1.5  9712
nginx            1.5  9628
systemd-journal  1.1 194168
rsyslogd         0.6  5536
jbd2/sda1-8      0.6     0
kworker/1:1H-kb  0.2     0
2026-09-26T09:38:57+00:00
COMMAND         %CPU   RSS
mysqld          45.9 864256
isuride         17.7 20900
bench           12.4 145956
nginx            1.5  9712
nginx            1.5  9628
systemd-journal  1.1 195000
rsyslogd         0.6  5536
jbd2/sda1-8      0.6     0
kworker/1:1H-kb  0.2     0
2026-09-26T09:38:59+00:00
COMMAND         %CPU   RSS
mysqld          46.0 833084
isuride         18.0 18772
bench           12.5 152796
nginx            1.6  9712
nginx            1.5  9628
systemd-journal  1.1 199312
rsyslogd         0.6  5536
jbd2/sda1-8      0.6     0
kworker/1:1H-kb  0.2     0
2026-09-26T09:39:01+00:00
COMMAND         %CPU   RSS
mysqld          46.0 833084
isuride         18.3 18624
curl            16.6 12180
bench           12.4 153356
nginx            1.6  9712
nginx            1.5  9628
systemd-journal  1.1 201636
rsyslogd         0.6  5536
jbd2/sda1-8      0.6     0
