procs -----------memory---------- ---swap-- -----io---- -system-- -------cpu------- -----timestamp-----
 r  b   swpd   free   buff  cache   si   so    bi    bo   in   cs us sy id wa st gu                 UTC
 4  0      0 1610716  88136 1364772    0    0   311  5695 6142  110 24 10 66  0  0  0 2026-09-26 09:37:56
 8  0      0 1547748  88136 1364144    0    0     0 53136 17207 36043 32 14 40 14  0  0 2026-09-26 09:37:57
 8  0      0 1491360  88136 1369836    0    0     0  5056 14541 46787 71 11 18  0  0  0 2026-09-26 09:37:58
 0  0      0 1460668  88136 1365668    0    0     0 14328 19653 64374 52 15 32  2  0  0 2026-09-26 09:37:59
16  0      0 1473808  88136 1370408    0    0     0  8008 17928 54135 58 24 18  1  0  0 2026-09-26 09:38:00
12  1      0 1487564  88136 1366900    0    0     0  9372 14910 47264 68 27  5  1  0  0 2026-09-26 09:38:01
 8  0      0 1448548  88136 1367872    0    0     0 10252 19141 64699 63 24 13  1  0  0 2026-09-26 09:38:02
 2  0      0 1447808  88136 1368756    0    0     0 10520 21416 79733 54 22 22  1  0  0 2026-09-26 09:38:03
 2  0      0 1463768  88136 1369780    0    0     0 10808 18780 67671 63 24 12  1  0  0 2026-09-26 09:38:04
 8  1      0 1480876  88136 1370712    0    0     0 11544 21911 81739 57 24 19  1  0  0 2026-09-26 09:38:05
 6  0      0 1501336  88136 1371736    0    0     0 13940 20492 73944 64 24 11  1  0  0 2026-09-26 09:38:06
10  0      0 1484656  88136 1378392    0    0     0 13760 17009 63488 60 28 10  2  0  0 2026-09-26 09:38:07
19  0      0 1470000  88136 1373984    0    0     0 14428 18479 70750 70 24  6  1  0  0 2026-09-26 09:38:08
13  1      0 1456140  88136 1378208    0    0     0 40556 17340 61128 67 29  3  1  0  0 2026-09-26 09:38:09
 4  0      0 1470528  88136 1376040    0    0     0 17744 20698 79462 63 26 10  1  0  0 2026-09-26 09:38:10
15  1      0 1490640  88136 1377240    0    0     0 18396 17984 68250 69 25  5  1  0  0 2026-09-26 09:38:11
10  0      0 1492624  88136 1379396    0    0     0 20188 19658 78380 63 28  7  2  0  0 2026-09-26 09:38:12
15  1      0 1433684  88136 1380148    0    0     0 12108 15477 48375 67 26  6  2  0  0 2026-09-26 09:38:13
20  1      0 1432956  88136 1381176    0    0     0 35632 17701 67651 64 31  4  1  0  0 2026-09-26 09:38:14
30  1      0 1376820  88136 1384200    0    0     0 15748 16670 60112 66 28  5  1  0  0 2026-09-26 09:38:15
17  0      0 1376320  88136 1391460    0    0     0 16748 19670 70469 65 27  7  1  0  0 2026-09-26 09:38:16
procs -----------memory---------- ---swap-- -----io---- -system-- -------cpu------- -----timestamp-----
 r  b   swpd   free   buff  cache   si   so    bi    bo   in   cs us sy id wa st gu                 UTC
12  0      0 1396492  88136 1386632    0    0     0 15972 16581 62213 69 27  4  1  0  0 2026-09-26 09:38:17
32  0      0 1382408  88136 1392496    0    0     0 16068 17654 64926 67 27  5  1  0  0 2026-09-26 09:38:18
14  0      0 1401300  88136 1388584    0    0     0 32172 17579 65228 69 28  2  1  0  0 2026-09-26 09:38:19
11  0      0 1376220  88136 1392132    0    0     0 15836 14742 51939 72 25  3  1  0  0 2026-09-26 09:38:20
30  1      0 1410768  88136 1390508    0    0     0 18500 17365 64596 68 29  3  1  0  0 2026-09-26 09:38:21
23  1      0 1400568  88136 1402164    0    0     0 11560 13226 47022 72 25  2  1  0  0 2026-09-26 09:38:22
14  0      0 1399228  88136 1403340    0    0     0 24232 17559 64033 65 30  3  1  0  0 2026-09-26 09:38:23
 5  1      0 1390332  88136 1404452    0    0     0 12508 14856 54899 72 27  2  0  0  0 2026-09-26 09:38:24
31  0      0 1376448  88136 1412344    0    0     0 13508 17391 61668 68 25  6  2  0  0 2026-09-26 09:38:25
24  0      0 1363680  88136 1406848    0    0     0 15928 16259 59055 67 29  3  1  0  0 2026-09-26 09:38:26
 7  1      0 1350004  88136 1411872    0    0     0 15956 16283 59525 71 26  3  1  0  0 2026-09-26 09:38:27
24  0      0 1408196  88136 1408884    0    0     0 16468 16918 62932 68 31  1  1  0  0 2026-09-26 09:38:28
24  0      0 1309424  88136 1414720    0    0     0 14456 15921 52984 70 26  4  1  0  0 2026-09-26 09:38:29
32  0      0 1351660  88136 1410636    0    0     0 17008 17302 65818 68 30  2  1  0  0 2026-09-26 09:38:30
18  1      0 1325148  88136 1418136    0    0     0 14128 15454 51709 73 27  1  0  0  0 2026-09-26 09:38:31
19  0      0 1330876  88136 1415116    0    0     0 16364 18154 65538 68 30  2  1  0  0 2026-09-26 09:38:32
15  0      0 1290056  88140 1415980    0    0     0 30208 16487 52915 70 27  3  1  0  0 2026-09-26 09:38:33
13  0      0 1288292  88140 1427140    0    0     0 13856 13959 54734 74 24  2  1  0  0 2026-09-26 09:38:34
12  1      0 1292724  88140 1417724    0    0     0 14396 14775 54316 71 28  2  0  0  0 2026-09-26 09:38:35
15  1      0 1255664  88140 1424200    0    0     0 17536 16060 57065 69 28  3  1  0  0 2026-09-26 09:38:36
29  0      0 1270600  88140 1419712    0    0     0 18088 16047 58937 68 28  3  1  0  0 2026-09-26 09:38:37
procs -----------memory---------- ---swap-- -----io---- -system-- -------cpu------- -----timestamp-----
 r  b   swpd   free   buff  cache   si   so    bi    bo   in   cs us sy id wa st gu                 UTC
14  1      0 1271548  88140 1427340    0    0     0 13392 12974 48706 74 24  2  1  0  0 2026-09-26 09:38:38
19  0      0 1327532  88140 1421356    0    0     0 13692 14845 54382 69 28  3  1  0  0 2026-09-26 09:38:39
22  0      0 1269184  88140 1429180    0    0     0 11676 14089 47582 73 25  2  1  0  0 2026-09-26 09:38:40
22  1      0 1290604  88140 1423064    0    0     0 14292 15352 56263 71 26  3  1  0  0 2026-09-26 09:38:41
12  1      0 1272964  88140 1424032    0    0     0 13020 15425 50811 73 27  0  0  0  0 2026-09-26 09:38:42
 9  0      0 1279056  88140 1441856    0    0     0 14168 16468 61623 70 29  1  0  0  0 2026-09-26 09:38:43
28  1      0 1258448  88140 1426052    0    0     0 12796 16030 55178 72 26  2  1  0  0 2026-09-26 09:38:44
22  1      0 1258564  88140 1432860    0    0     0 14052 16965 62141 70 30  1  0  0  0 2026-09-26 09:38:45
21  0      0 1292460  88140 1427868    0    0     0 12240 14673 56108 74 24  2  0  0  0 2026-09-26 09:38:46
19  0      0 1292204  88140 1433120    0    0     0 12592 15980 56105 73 25  2  1  0  0 2026-09-26 09:38:47
19  0      0 1299320  88140 1432396    0    0     0 12908 15876 57971 70 27  2  1  0  0 2026-09-26 09:38:48
57  0      0 1255436  88140 1436304    0    0     0 11516 14274 47559 73 26  1  0  0  0 2026-09-26 09:38:49
25  0      0 1304592  88140 1434156    0    0     0 29380 14882 54736 70 28  2  1  0  0 2026-09-26 09:38:50
56  1      0 1260440  88140 1436728    0    0     0 14296 15428 52592 74 26  1  0  0  0 2026-09-26 09:38:51
16  0      0 1292744  88140 1450664    0    0     0 16112 14997 53296 72 26  2  1  0  0 2026-09-26 09:38:52
46  0      0 1281172  88140 1436724    0    0     0 11888 13915 47813 73 26  2  0  0  0 2026-09-26 09:38:53
16  0      0 1252464  88140 1445216    0    0     0 11928 15436 50395 71 27  2  1  0  0 2026-09-26 09:38:54
20  1      0 1272384  88140 1438604    0    0     0 19120 13846 46667 73 26  1  1  0  0 2026-09-26 09:38:55
18  0      0 1244948  88140 1445624    0    0     0 11536 14399 46611 72 27  1  0  0  0 2026-09-26 09:38:56
34  0      0 1259212  88140 1441700    0    0     0 12884 15011 52879 74 26  1  0  0  0 2026-09-26 09:38:57
12  0      0 1300348  88140 1442820    0    0     0  1516 14623 61427 80 19  2  0  0  0 2026-09-26 09:38:58
procs -----------memory---------- ---swap-- -----io---- -system-- -------cpu------- -----timestamp-----
 r  b   swpd   free   buff  cache   si   so    bi    bo   in   cs us sy id wa st gu                 UTC
 0  0      0 1314040  88140 1443948    0    0     0   920 17830 76934 69 22 10  0  0  0 2026-09-26 09:38:59
18  0      0 1314556  88140 1445252    0    0     0   940 17898 80954 69 22  9  0  0  0 2026-09-26 09:39:00
20  0      0 1310580  88140 1446500    0    0     0   908 17118 76173 70 21  9  0  0  0 2026-09-26 09:39:01
