2026-09-26T16:04:14+00:00
COMMAND         %CPU   RSS
mysqld           3.6 435592
systemd          1.3 12548
systemd-journal  0.8 18748
snapd            0.4 41112
systemd          0.1 10676
kworker/u4:0-ev  0.1     0
unattended-upgr  0.1 22144
nginx            0.1  7888
nginx            0.1  7888
2026-09-26T16:04:16+00:00
COMMAND         %CPU   RSS
bench            8.0 47032
mysqld           5.7 525316
systemd          1.3 12548
systemd-journal  0.8 18748
isuride          0.6 14492
nginx            0.4  8868
snapd            0.3 41112
nginx            0.2  8436
systemd          0.1 10676
2026-09-26T16:04:18+00:00
COMMAND         %CPU   RSS
bench           12.9 66520
mysqld           8.3 530172
isuride          2.5 15240
systemd          1.2 12548
nginx            0.8  8868
systemd-journal  0.7 18752
nginx            0.6  8608
snapd            0.3 41112
jbd2/sda1-8      0.2     0
2026-09-26T16:04:20+00:00
COMMAND         %CPU   RSS
bench           17.7 106424
mysqld          12.0 535848
isuride          4.7 15544
nginx            1.3  9168
systemd          1.1 12548
nginx            1.0  9068
systemd-journal  0.7 18752
jbd2/sda1-8      0.3     0
snapd            0.3 41112
2026-09-26T16:04:22+00:00
COMMAND         %CPU   RSS
bench           20.8 136544
mysqld          16.6 544684
isuride          7.2 17324
nginx            1.8  9776
nginx            1.6  9612
systemd          1.0 12548
systemd-journal  0.6 18756
jbd2/sda1-8      0.4     0
snapd            0.3 41112
2026-09-26T16:04:24+00:00
COMMAND         %CPU   RSS
bench           22.3 170200
mysqld          20.8 550372
isuride          9.3 18340
nginx            2.3 10320
nginx            2.0 10296
systemd          1.0 12548
systemd-journal  0.6 18756
jbd2/sda1-8      0.5     0
kworker/1:1H-kb  0.3     0
2026-09-26T16:04:25+00:00
COMMAND         %CPU   RSS
mysqld          24.7 556848
bench           23.3 204288
isuride         11.4 19740
nginx            2.7 10708
nginx            2.4 10724
systemd          0.9 12548
jbd2/sda1-8      0.6     0
systemd-journal  0.6 22328
kworker/1:1H-kb  0.3     0
2026-09-26T16:04:27+00:00
COMMAND         %CPU   RSS
mysqld          27.6 557080
bench           23.1 213180
isuride         13.2 19628
nginx            3.0 10824
nginx            2.7 10792
systemd          0.9 12548
jbd2/sda1-8      0.6     0
systemd-journal  0.5 22328
kworker/1:1H-kb  0.3     0
2026-09-26T16:04:29+00:00
COMMAND         %CPU   RSS
mysqld          30.1 557344
bench           23.1 238288
isuride         14.8 17268
nginx            3.2 10836
nginx            3.0 10808
systemd          0.8 12548
jbd2/sda1-8      0.6     0
systemd-journal  0.5 22328
kworker/1:1H-kb  0.3     0
