time=17:24:17.719 level=DEBUG source=/tmp/isucon14/bench/cmd/run.go:90 msg=target targetURL=https://isuride.xiv.isucon.net targetAddr=127.0.0.1:443 benchrun.GetTargetAddress()="" paymentURL=http://127.0.0.1:12346
time=17:24:17.720 level=INFO msg=負荷走行を開始します
time=17:24:20.939 level=DEBUG source=/tmp/isucon14/bench/benchmarker/scenario/scenario.go:315 msg=時間経過 tick=60
time=17:24:20.939 level=DEBUG source=/tmp/isucon14/bench/benchmarker/scenario/scenario.go:317 msg=eval reqs=0 score="[0 0 0 0 0]" criteria="[0 0 0 0]"
time=17:24:22.739 level=DEBUG source=/tmp/isucon14/bench/benchmarker/scenario/scenario.go:315 msg=時間経過 tick=120
time=17:24:22.739 level=DEBUG source=/tmp/isucon14/bench/benchmarker/scenario/scenario.go:317 msg=eval reqs=0 score="[0 0 0 0 0]" criteria="[0 0 0 0]"
time=17:24:24.539 level=DEBUG source=/tmp/isucon14/bench/benchmarker/scenario/scenario.go:315 msg=時間経過 tick=180
time=17:24:24.539 level=INFO msg=これまでに地域内の評判によって0人、既存ユーザーの招待経由で0人が新規登録しました
time=17:24:24.539 level=DEBUG source=/tmp/isucon14/bench/benchmarker/scenario/scenario.go:317 msg=eval reqs=0 score="[0 0 0 0 0]" criteria="[0 0 0 0]"
time=17:24:26.339 level=DEBUG source=/tmp/isucon14/bench/benchmarker/scenario/scenario.go:315 msg=時間経過 tick=240
time=17:24:26.339 level=DEBUG source=/tmp/isucon14/bench/benchmarker/scenario/scenario.go:317 msg=eval reqs=2 score="[1 1 0 0 0]" criteria="[1 0 0 0]"
time=17:24:28.139 level=DEBUG source=/tmp/isucon14/bench/benchmarker/scenario/scenario.go:315 msg=時間経過 tick=300
time=17:24:28.139 level=DEBUG source=/tmp/isucon14/bench/benchmarker/scenario/scenario.go:317 msg=eval reqs=2 score="[1 1 0 0 0]" criteria="[1 0 0 0]"
time=17:24:29.939 level=INFO msg=これまでに地域内の評判によって0人、既存ユーザーの招待経由で0人が新規登録しました
time=17:24:29.939 level=INFO msg=50.0%のライドは椅子がマッチされるまでの時間、100.0%のライドはマッチされた椅子が乗車地点までに掛かる時間、100.0%のライドは椅子の実移動時間に不満がありました
time=17:24:29.939 level=DEBUG source=/tmp/isucon14/bench/benchmarker/scenario/scenario.go:315 msg=時間経過 tick=360
time=17:24:29.939 level=DEBUG source=/tmp/isucon14/bench/benchmarker/scenario/scenario.go:317 msg=eval reqs=2 score="[1 1 0 0 0]" criteria="[1 0 0 0]"
time=17:24:31.739 level=DEBUG source=/tmp/isucon14/bench/benchmarker/scenario/scenario.go:315 msg=時間経過 tick=420
time=17:24:31.739 level=DEBUG source=/tmp/isucon14/bench/benchmarker/scenario/scenario.go:317 msg=eval reqs=3 score="[1 2 0 0 0]" criteria="[2 0 0 0]"
time=17:24:33.539 level=DEBUG source=/tmp/isucon14/bench/benchmarker/scenario/scenario.go:315 msg=時間経過 tick=480
time=17:24:33.539 level=DEBUG source=/tmp/isucon14/bench/benchmarker/scenario/scenario.go:317 msg=eval reqs=3 score="[1 2 0 0 0]" criteria="[2 0 0 0]"
time=17:24:35.339 level=INFO msg=これまでに地域内の評判によって0人、既存ユーザーの招待経由で0人が新規登録しました
time=17:24:35.339 level=INFO msg=33.3%のライドは椅子がマッチされるまでの時間、100.0%のライドはマッチされた椅子が乗車地点までに掛かる時間、100.0%のライドは椅子の実移動時間に不満がありました
time=17:24:35.339 level=DEBUG source=/tmp/isucon14/bench/benchmarker/scenario/scenario.go:315 msg=時間経過 tick=540
time=17:24:35.339 level=DEBUG source=/tmp/isucon14/bench/benchmarker/scenario/scenario.go:317 msg=eval reqs=3 score="[1 2 0 0 0]" criteria="[2 0 0 0]"
time=17:24:37.139 level=DEBUG source=/tmp/isucon14/bench/benchmarker/scenario/scenario.go:315 msg=時間経過 tick=600
time=17:24:37.140 level=DEBUG source=/tmp/isucon14/bench/benchmarker/scenario/scenario.go:317 msg=eval reqs=3 score="[1 2 0 0 0]" criteria="[2 0 0 0]"
time=17:24:38.939 level=DEBUG source=/tmp/isucon14/bench/benchmarker/scenario/scenario.go:315 msg=時間経過 tick=660
time=17:24:38.939 level=DEBUG source=/tmp/isucon14/bench/benchmarker/scenario/scenario.go:317 msg=eval reqs=4 score="[1 3 0 0 0]" criteria="[3 0 0 0]"
time=17:24:38.995 level=INFO msg=一定の売上が立ったためオーナーの椅子が増加します 名前="Urban Wheels" 増加数=1
time=17:24:40.740 level=INFO msg=これまでに地域内の評判によって0人、既存ユーザーの招待経由で1人が新規登録しました
time=17:24:40.740 level=INFO msg=16.7%のライドは椅子がマッチされるまでの時間、83.3%のライドはマッチされた椅子が乗車地点までに掛かる時間、91.7%のライドは椅子の実移動時間に不満がありました
time=17:24:40.739 level=DEBUG source=/tmp/isucon14/bench/benchmarker/scenario/scenario.go:315 msg=時間経過 tick=720
time=17:24:40.739 level=DEBUG source=/tmp/isucon14/bench/benchmarker/scenario/scenario.go:317 msg=eval reqs=6 score="[1 4 0 1 0]" criteria="[5 1 0 1]"
time=17:24:42.540 level=DEBUG source=/tmp/isucon14/bench/benchmarker/scenario/scenario.go:315 msg=時間経過 tick=780
time=17:24:42.540 level=DEBUG source=/tmp/isucon14/bench/benchmarker/scenario/scenario.go:317 msg=eval reqs=6 score="[1 4 0 1 0]" criteria="[5 1 0 1]"
time=17:24:44.339 level=DEBUG source=/tmp/isucon14/bench/benchmarker/scenario/scenario.go:315 msg=時間経過 tick=840
time=17:24:44.339 level=DEBUG source=/tmp/isucon14/bench/benchmarker/scenario/scenario.go:317 msg=eval reqs=8 score="[1 6 0 1 0]" criteria="[7 1 0 1]"
time=17:24:46.139 level=DEBUG source=/tmp/isucon14/bench/benchmarker/scenario/scenario.go:315 msg=時間経過 tick=900
time=17:24:46.140 level=INFO msg=これまでに地域内の評判によって4人、既存ユーザーの招待経由で1人が新規登録しました
time=17:24:46.140 level=INFO msg=11.1%のライドは椅子がマッチされるまでの時間、88.9%のライドはマッチされた椅子が乗車地点までに掛かる時間、94.4%のライドは椅子の実移動時間に不満がありました
time=17:24:46.140 level=DEBUG source=/tmp/isucon14/bench/benchmarker/scenario/scenario.go:317 msg=eval reqs=9 score="[1 7 0 1 0]" criteria="[8 1 0 1]"
time=17:24:47.940 level=DEBUG source=/tmp/isucon14/bench/benchmarker/scenario/scenario.go:315 msg=時間経過 tick=960
time=17:24:47.940 level=DEBUG source=/tmp/isucon14/bench/benchmarker/scenario/scenario.go:317 msg=eval reqs=9 score="[1 7 0 1 0]" criteria="[8 1 0 1]"
time=17:24:49.739 level=DEBUG source=/tmp/isucon14/bench/benchmarker/scenario/scenario.go:315 msg=時間経過 tick=1020
time=17:24:49.739 level=DEBUG source=/tmp/isucon14/bench/benchmarker/scenario/scenario.go:317 msg=eval reqs=9 score="[1 7 0 1 0]" criteria="[8 1 0 1]"
time=17:24:51.539 level=DEBUG source=/tmp/isucon14/bench/benchmarker/scenario/scenario.go:315 msg=時間経過 tick=1080
time=17:24:51.540 level=INFO msg=これまでに地域内の評判によって10人、既存ユーザーの招待経由で1人が新規登録しました
time=17:24:51.540 level=INFO msg=これまでに低評価なライドによって1人が利用をやめました
time=17:24:51.540 level=INFO msg=18.2%のライドは椅子がマッチされるまでの時間、81.8%のライドはマッチされた椅子が乗車地点までに掛かる時間、95.5%のライドは椅子の実移動時間に不満がありました
time=17:24:51.540 level=DEBUG source=/tmp/isucon14/bench/benchmarker/scenario/scenario.go:317 msg=eval reqs=11 score="[2 7 1 1 0]" criteria="[9 2 0 1]"
time=17:24:53.339 level=DEBUG source=/tmp/isucon14/bench/benchmarker/scenario/scenario.go:315 msg=時間経過 tick=1140
time=17:24:53.339 level=DEBUG source=/tmp/isucon14/bench/benchmarker/scenario/scenario.go:317 msg=eval reqs=13 score="[3 8 1 1 0]" criteria="[10 2 0 1]"
time=17:24:55.139 level=DEBUG source=/tmp/isucon14/bench/benchmarker/scenario/scenario.go:315 msg=時間経過 tick=1200
time=17:24:55.139 level=DEBUG source=/tmp/isucon14/bench/benchmarker/scenario/scenario.go:317 msg=eval reqs=17 score="[4 11 1 1 0]" criteria="[13 2 0 1]"
time=17:24:55.395 level=INFO msg=一定の売上が立ったためオーナーの椅子が増加します 名前="Urban Wheels" 増加数=1
time=17:24:56.939 level=INFO msg=これまでに地域内の評判によって16人、既存ユーザーの招待経由で1人が新規登録しました
time=17:24:56.939 level=INFO msg=これまでに低評価なライドによって5人が利用をやめました
time=17:24:56.939 level=INFO msg=23.5%のライドは椅子がマッチされるまでの時間、88.2%のライドはマッチされた椅子が乗車地点までに掛かる時間、97.1%のライドは椅子の実移動時間に不満がありました
time=17:24:56.939 level=DEBUG source=/tmp/isucon14/bench/benchmarker/scenario/scenario.go:315 msg=時間経過 tick=1260
time=17:24:56.939 level=DEBUG source=/tmp/isucon14/bench/benchmarker/scenario/scenario.go:317 msg=eval reqs=17 score="[4 11 1 1 0]" criteria="[13 2 0 1]"
time=17:24:58.740 level=DEBUG source=/tmp/isucon14/bench/benchmarker/scenario/scenario.go:315 msg=時間経過 tick=1320
time=17:24:58.740 level=DEBUG source=/tmp/isucon14/bench/benchmarker/scenario/scenario.go:317 msg=eval reqs=19 score="[6 11 1 1 0]" criteria="[13 2 0 1]"
time=17:24:58.882 level=INFO msg=一定の売上が立ったためオーナーの椅子が増加します 名前=椅子のふるさと 増加数=1
time=17:25:00.539 level=DEBUG source=/tmp/isucon14/bench/benchmarker/scenario/scenario.go:315 msg=時間経過 tick=1380
time=17:25:00.539 level=DEBUG source=/tmp/isucon14/bench/benchmarker/scenario/scenario.go:317 msg=eval reqs=21 score="[6 13 1 1 0]" criteria="[15 2 0 1]"
time=17:25:00.757 level=INFO msg=一定の売上が立ったためオーナーの椅子が増加します 名前=CityRide 増加数=1
time=17:25:02.339 level=INFO msg=これまでに地域内の評判によって22人、既存ユーザーの招待経由で1人が新規登録しました
time=17:25:02.339 level=INFO msg=これまでに低評価なライドによって10人が利用をやめました
time=17:25:02.339 level=INFO msg=31.8%のライドは椅子がマッチされるまでの時間、90.9%のライドはマッチされた椅子が乗車地点までに掛かる時間、97.7%のライドは椅子の実移動時間に不満がありました
time=17:25:02.339 level=DEBUG source=/tmp/isucon14/bench/benchmarker/scenario/scenario.go:315 msg=時間経過 tick=1440
time=17:25:02.339 level=DEBUG source=/tmp/isucon14/bench/benchmarker/scenario/scenario.go:317 msg=eval reqs=22 score="[7 13 1 1 0]" criteria="[15 2 0 1]"
time=17:25:04.139 level=DEBUG source=/tmp/isucon14/bench/benchmarker/scenario/scenario.go:315 msg=時間経過 tick=1500
time=17:25:04.139 level=DEBUG source=/tmp/isucon14/bench/benchmarker/scenario/scenario.go:317 msg=eval reqs=24 score="[9 13 1 1 0]" criteria="[15 2 0 1]"
time=17:25:04.533 level=INFO msg=一定の売上が立ったためオーナーの椅子が増加します 名前=座り心地再生所 増加数=1
time=17:25:05.939 level=DEBUG source=/tmp/isucon14/bench/benchmarker/scenario/scenario.go:315 msg=時間経過 tick=1560
time=17:25:05.939 level=DEBUG source=/tmp/isucon14/bench/benchmarker/scenario/scenario.go:317 msg=eval reqs=26 score="[11 13 1 1 0]" criteria="[15 2 0 1]"
time=17:25:06.119 level=INFO msg=一定の売上が立ったためオーナーの椅子が増加します 名前=座り心地再生所 増加数=1
time=17:25:06.160 level=INFO msg=一定の売上が立ったためオーナーの椅子が増加します 名前=CityRide 増加数=1
time=17:25:06.179 level=INFO msg=一定の売上が立ったためオーナーの椅子が増加します 名前="Urban Wheels" 増加数=1
time=17:25:07.769 level=DEBUG source=/tmp/isucon14/bench/benchmarker/scenario/scenario.go:315 msg=時間経過 tick=1620
time=17:25:07.769 level=DEBUG source=/tmp/isucon14/bench/benchmarker/scenario/scenario.go:317 msg=eval reqs=27 score="[12 13 1 1 0]" criteria="[15 2 0 1]"
time=17:25:07.770 level=INFO msg=これまでに地域内の評判によって28人、既存ユーザーの招待経由で1人が新規登録しました
time=17:25:07.770 level=INFO msg=これまでに低評価なライドによって15人が利用をやめました
time=17:25:07.770 level=INFO msg=44.4%のライドは椅子がマッチされるまでの時間、92.6%のライドはマッチされた椅子が乗車地点までに掛かる時間、98.1%のライドは椅子の実移動時間に不満がありました
time=17:25:07.943 level=INFO msg=一定の売上が立ったためオーナーの椅子が増加します 名前=ChairCycle 増加数=1
time=17:25:09.569 level=DEBUG source=/tmp/isucon14/bench/benchmarker/scenario/scenario.go:315 msg=時間経過 tick=1680
time=17:25:09.570 level=DEBUG source=/tmp/isucon14/bench/benchmarker/scenario/scenario.go:317 msg=eval reqs=27 score="[12 13 1 1 0]" criteria="[15 2 0 1]"
time=17:25:11.369 level=DEBUG source=/tmp/isucon14/bench/benchmarker/scenario/scenario.go:315 msg=時間経過 tick=1740
time=17:25:11.370 level=DEBUG source=/tmp/isucon14/bench/benchmarker/scenario/scenario.go:317 msg=eval reqs=28 score="[12 14 1 1 0]" criteria="[15 3 0 1]"
time=17:25:13.169 level=INFO msg=これまでに地域内の評判によって34人、既存ユーザーの招待経由で1人が新規登録しました
time=17:25:13.169 level=INFO msg=これまでに低評価なライドによって17人が利用をやめました
time=17:25:13.169 level=INFO msg=48.3%のライドは椅子がマッチされるまでの時間、89.7%のライドはマッチされた椅子が乗車地点までに掛かる時間、98.3%のライドは椅子の実移動時間に不満がありました
time=17:25:13.169 level=DEBUG source=/tmp/isucon14/bench/benchmarker/scenario/scenario.go:315 msg=時間経過 tick=1800
time=17:25:13.169 level=DEBUG source=/tmp/isucon14/bench/benchmarker/scenario/scenario.go:317 msg=eval reqs=29 score="[13 14 1 1 0]" criteria="[15 3 0 1]"
time=17:25:14.969 level=DEBUG source=/tmp/isucon14/bench/benchmarker/scenario/scenario.go:315 msg=時間経過 tick=1860
time=17:25:14.969 level=DEBUG source=/tmp/isucon14/bench/benchmarker/scenario/scenario.go:317 msg=eval reqs=30 score="[14 14 1 1 0]" criteria="[15 3 0 1]"
time=17:25:16.769 level=DEBUG source=/tmp/isucon14/bench/benchmarker/scenario/scenario.go:315 msg=時間経過 tick=1920
time=17:25:16.769 level=DEBUG source=/tmp/isucon14/bench/benchmarker/scenario/scenario.go:317 msg=eval reqs=30 score="[14 14 1 1 0]" criteria="[15 3 0 1]"
time=17:25:18.570 level=DEBUG source=/tmp/isucon14/bench/benchmarker/scenario/scenario.go:315 msg=時間経過 tick=1980
time=17:25:18.570 level=INFO msg=これまでに地域内の評判によって40人、既存ユーザーの招待経由で1人が新規登録しました
time=17:25:18.570 level=INFO msg=これまでに低評価なライドによって19人が利用をやめました
time=17:25:18.570 level=INFO msg=51.6%のライドは椅子がマッチされるまでの時間、90.3%のライドはマッチされた椅子が乗車地点までに掛かる時間、98.4%のライドは椅子の実移動時間に不満がありました
time=17:25:18.570 level=DEBUG source=/tmp/isucon14/bench/benchmarker/scenario/scenario.go:317 msg=eval reqs=31 score="[15 14 1 1 0]" criteria="[15 3 0 1]"
time=17:25:24.141 level=INFO msg=最終地域情報 名前=チェアタウン ユーザー登録数=26 アクティブユーザー数=17
time=17:25:24.141 level=INFO msg=最終地域情報 名前=コシカケシティ ユーザー登録数=27 アクティブユーザー数=17
time=17:25:24.141 level=INFO msg=最終オーナー情報 名前=椅子のふるさと 売上=18100 椅子数=5
time=17:25:24.141 level=INFO msg=最終オーナー情報 名前="Urban Wheels" 売上=57400 椅子数=7
time=17:25:24.141 level=INFO msg=最終オーナー情報 名前=ChairCycle 売上=27800 椅子数=5
time=17:25:24.141 level=INFO msg=最終オーナー情報 名前=座り心地再生所 売上=48100 椅子数=6
time=17:25:24.142 level=INFO msg=最終オーナー情報 名前=CityRide 売上=41300 椅子数=6
time=17:25:24.142 level=INFO msg=53.1%のライドは椅子がマッチされるまでの時間、90.6%のライドはマッチされた椅子が乗車地点までに掛かる時間、98.4%のライドは椅子の実移動時間に不満がありました
time=17:25:24.142 level=INFO msg=結果 pass=true スコア=3222 種別エラー数=map[]
time=17:25:24.142 level=INFO msg=負荷走行が終了しました
