2026-09-26T08:24:17+00:00
COMMAND         %CPU   RSS
systemd-resolve  0.3 12448
mysqld           0.3 725188
isuride          0.1 10276
rcu_preempt      0.0     0
kworker/u4:3-ev  0.0     0
multipathd       0.0 26488
ksoftirqd/1      0.0     0
ksoftirqd/0      0.0     0
kworker/u4:4-ev  0.0     0
2026-09-26T08:24:19+00:00
COMMAND         %CPU   RSS
bench            9.5 44660
isuride          0.7 16692
systemd-resolve  0.3 12448
mysqld           0.3 735304
rcu_preempt      0.0     0
kworker/u4:3-ev  0.0     0
multipathd       0.0 26488
ksoftirqd/1      0.0     0
kworker/u4:4-ex  0.0     0
2026-09-26T08:24:21+00:00
COMMAND         %CPU   RSS
curl            25.0 12220
bench           10.4 52976
isuride          2.4 15196
systemd-resolve  0.3 12448
mysqld           0.3 735352
rcu_preempt      0.0     0
kworker/u4:3-ev  0.0     0
multipathd       0.0 26488
ksoftirqd/1      0.0     0
2026-09-26T08:24:23+00:00
COMMAND         %CPU   RSS
bench           10.9 54024
isuride          3.7 15644
systemd-resolve  0.3 12448
mysqld           0.3 736056
rcu_preempt      0.0     0
kworker/u4:3-ev  0.0     0
multipathd       0.0 26488
ksoftirqd/1      0.0     0
kworker/u4:4-ev  0.0     0
2026-09-26T08:24:25+00:00
COMMAND         %CPU   RSS
bench           11.2 54088
isuride          4.8 15936
systemd-resolve  0.3 12448
mysqld           0.3 751792
rcu_preempt      0.0     0
kworker/u4:3-ev  0.0     0
multipathd       0.0 26488
kworker/u4:4-wr  0.0     0
ksoftirqd/1      0.0     0
2026-09-26T08:24:27+00:00
COMMAND         %CPU   RSS
curl            25.0 12320
bench           10.7 54096
isuride          5.8 16188
systemd-resolve  0.3 12448
mysqld           0.3 745240
rcu_preempt      0.0     0
kworker/u4:3-ev  0.0     0
multipathd       0.0 26488
ksoftirqd/1      0.0     0
2026-09-26T08:24:29+00:00
COMMAND         %CPU   RSS
bench           10.5 54808
isuride          6.6 16236
systemd-resolve  0.3 12448
mysqld           0.3 749968
rcu_preempt      0.0     0
kworker/u4:3-ev  0.0     0
multipathd       0.0 26488
ksoftirqd/1      0.0     0
kworker/u4:4-ev  0.0     0
2026-09-26T08:24:31+00:00
COMMAND         %CPU   RSS
bench           10.5 54908
isuride          7.3 16292
systemd-resolve  0.3 12448
mysqld           0.3 735492
rcu_preempt      0.0     0
kworker/u4:3-ev  0.0     0
kworker/u4:0-ev  0.0     0
multipathd       0.0 26488
ksoftirqd/1      0.0     0
2026-09-26T08:24:33+00:00
COMMAND         %CPU   RSS
bench           10.4 54928
isuride          8.0 16332
systemd-resolve  0.3 12448
mysqld           0.3 735548
rcu_preempt      0.0     0
kworker/u4:3-ev  0.0     0
kworker/u4:0-ev  0.0     0
multipathd       0.0 26488
ksoftirqd/1      0.0     0
2026-09-26T08:24:35+00:00
COMMAND         %CPU   RSS
bench           10.3 54988
isuride          8.6 16408
systemd-resolve  0.3 12448
mysqld           0.3 735564
rcu_preempt      0.0     0
kworker/u4:3-ev  0.0     0
kworker/u4:0-ev  0.0     0
multipathd       0.0 26488
ksoftirqd/1      0.0     0
2026-09-26T08:24:37+00:00
COMMAND         %CPU   RSS
bench           10.2 54988
isuride          9.1 16448
systemd-resolve  0.3 12448
mysqld           0.3 735600
rcu_preempt      0.0     0
kworker/u4:3-ev  0.0     0
kworker/u4:0-ev  0.0     0
multipathd       0.0 26488
ksoftirqd/1      0.0     0
2026-09-26T08:24:39+00:00
COMMAND         %CPU   RSS
bench           10.1 54988
isuride          9.6 16504
systemd-resolve  0.3 12448
mysqld           0.3 735700
rcu_preempt      0.0     0
kworker/u4:3-ev  0.0     0
kworker/u4:0-ex  0.0     0
multipathd       0.0 26488
ksoftirqd/1      0.0     0
2026-09-26T08:24:41+00:00
COMMAND         %CPU   RSS
bench           10.1 55072
isuride         10.0 16608
mysqld           0.3 737788
systemd-resolve  0.3 12448
rcu_preempt      0.0     0
kworker/u4:3-ev  0.0     0
kworker/u4:0-ev  0.0     0
multipathd       0.0 26488
ksoftirqd/1      0.0     0
2026-09-26T08:24:43+00:00
COMMAND         %CPU   RSS
isuride         10.3 16572
bench           10.1 55120
mysqld           0.3 753120
systemd-resolve  0.3 12448
rcu_preempt      0.0     0
kworker/u4:3-ev  0.0     0
kworker/u4:0-wr  0.0     0
multipathd       0.0 26488
ksoftirqd/1      0.0     0
2026-09-26T08:24:45+00:00
COMMAND         %CPU   RSS
isuride         10.6 16796
bench           10.1 56756
curl             3.0 12344
mysqld           0.3 775332
systemd-resolve  0.3 12448
rcu_preempt      0.0     0
kworker/u4:3-ev  0.0     0
kworker/u4:0-ev  0.0     0
multipathd       0.0 26488
2026-09-26T08:24:47+00:00
COMMAND         %CPU   RSS
isuride         10.8 17024
bench           10.0 61252
mysqld           0.3 746420
systemd-resolve  0.3 12448
rcu_preempt      0.0     0
kworker/u4:3-ev  0.0     0
sh               0.0  1588
kworker/u4:0-ev  0.0     0
kworker/u4:4-ev  0.0     0
2026-09-26T08:24:49+00:00
COMMAND         %CPU   RSS
isuride         11.0 17204
bench            9.8 62360
mysqld           0.3 736160
systemd-resolve  0.3 12448
rcu_preempt      0.0     0
kworker/u4:3-ev  0.0     0
kworker/u4:0-ev  0.0     0
sh               0.0  1588
kworker/u4:4-ex  0.0     0
2026-09-26T08:24:51+00:00
COMMAND         %CPU   RSS
isuride         11.2 17268
bench            9.8 65344
mysqld           0.3 736316
systemd-resolve  0.3 12448
rcu_preempt      0.0     0
kworker/u4:3-ev  0.0     0
kworker/u4:0-ev  0.0     0
sh               0.0  1588
kworker/u4:4-ex  0.0     0
2026-09-26T08:24:53+00:00
COMMAND         %CPU   RSS
isuride         11.4 17704
bench            9.8 71036
mysqld           0.3 737444
systemd-resolve  0.3 12448
rcu_preempt      0.0     0
kworker/u4:0-ev  0.0     0
kworker/u4:3-ev  0.0     0
sh               0.0  1588
kworker/u4:4-ex  0.0     0
2026-09-26T08:24:55+00:00
COMMAND         %CPU   RSS
isuride         11.5 18012
bench            9.8 71540
mysqld           0.3 737488
systemd-resolve  0.3 12448
rcu_preempt      0.0     0
kworker/u4:0-ev  0.0     0
kworker/u4:3-ev  0.0     0
sh               0.0  1588
kworker/u4:4-ex  0.0     0
2026-09-26T08:24:57+00:00
COMMAND         %CPU   RSS
isuride         11.7 17568
bench            9.7 77384
mysqld           0.3 737688
systemd-resolve  0.3 12448
rcu_preempt      0.0     0
kworker/u4:0-ev  0.0     0
kworker/u4:3-ev  0.0     0
sh               0.0  1588
kworker/u4:4-ev  0.0     0
2026-09-26T08:24:59+00:00
COMMAND         %CPU   RSS
isuride         11.8 17576
bench            9.7 77912
mysqld           0.3 743424
systemd-resolve  0.3 12448
rcu_preempt      0.0     0
kworker/u4:0-ex  0.0     0
kworker/u4:3-ev  0.0     0
sh               0.0  1588
kworker/u4:4-ev  0.0     0
2026-09-26T08:25:01+00:00
COMMAND         %CPU   RSS
isuride         11.9 17868
bench            9.6 82248
mysqld           0.3 761572
systemd-resolve  0.3 12448
rcu_preempt      0.0     0
kworker/u4:0-ev  0.0     0
kworker/u4:3-ev  0.0     0
kworker/u4:4-ev  0.0     0
sh               0.0  1588
2026-09-26T08:25:03+00:00
COMMAND         %CPU   RSS
isuride         12.1 18228
bench            9.7 85256
curl             3.7 12132
mysqld           0.3 754912
systemd-resolve  0.3 12448
rcu_preempt      0.0     0
kworker/u4:0-ev  0.0     0
bash             0.0  2056
kworker/u4:3-ev  0.0     0
2026-09-26T08:25:05+00:00
COMMAND         %CPU   RSS
isuride         12.2 18288
bench            9.6 85312
curl             2.4 11816
mysqld           0.3 740800
systemd-resolve  0.3 12448
rcu_preempt      0.0     0
kworker/u4:0-ev  0.0     0
bash             0.0  2056
kworker/u4:3-ev  0.0     0
2026-09-26T08:25:07+00:00
COMMAND         %CPU   RSS
isuride         12.3 19020
bench            9.6 91408
mysqld           0.3 739088
systemd-resolve  0.3 12448
rcu_preempt      0.0     0
kworker/u4:0-ev  0.0     0
kworker/u4:3-fl  0.0     0
bash             0.0  2056
kworker/u4:4-ev  0.0     0
2026-09-26T08:25:09+00:00
COMMAND         %CPU   RSS
isuride         12.4 19204
bench            9.6 92080
curl             1.0 12344
mysqld           0.3 780964
systemd-resolve  0.3 12448
rcu_preempt      0.0     0
kworker/u4:0-ev  0.0     0
kworker/u4:3-ev  0.0     0
bash             0.0  2056
2026-09-26T08:25:11+00:00
COMMAND         %CPU   RSS
isuride         12.4 19972
bench            9.5 95368
curl             2.3 12336
mysqld           0.3 739536
systemd-resolve  0.3 12448
rcu_preempt      0.0     0
kworker/u4:0-wr  0.0     0
kworker/u4:3-ev  0.0     0
bash             0.0  2056
2026-09-26T08:25:13+00:00
COMMAND         %CPU   RSS
isuride         12.5 19812
bench            9.5 98340
mysqld           0.3 737484
systemd-resolve  0.3 12448
rcu_preempt      0.0     0
kworker/u4:0-ev  0.0     0
kworker/u4:3-ex  0.0     0
bash             0.0  2056
kworker/u4:4-ev  0.0     0
2026-09-26T08:25:15+00:00
COMMAND         %CPU   RSS
isuride         12.6 20076
bench            9.5 99028
curl             2.7 12336
mysqld           0.3 737516
systemd-resolve  0.3 12448
rcu_preempt      0.0     0
kworker/u4:0-ev  0.0     0
kworker/u4:3-ev  0.0     0
bash             0.0  2056
2026-09-26T08:25:17+00:00
COMMAND         %CPU   RSS
isuride         12.6 20088
bench            9.5 103256
curl             3.3 12340
mysqld           0.3 743052
systemd-resolve  0.3 12448
rcu_preempt      0.0     0
kworker/u4:0-ev  0.0     0
kworker/u4:3-fl  0.0     0
bash             0.0  2056
2026-09-26T08:25:20+00:00
COMMAND         %CPU   RSS
ps              28.5  3756
isuride         12.7 20824
bench            9.5 107424
curl             3.5  5976
mysqld           0.3 737388
systemd-resolve  0.3 12448
kworker/u4:1-ev  0.3     0
bash             0.0  2056
rcu_preempt      0.0     0
2026-09-26T08:25:22+00:00
COMMAND         %CPU   RSS
isuride         12.8 17948
bench            9.4 107424
curl             3.5 12344
mysqld           0.3 737320
systemd-resolve  0.3 12448
kworker/u4:1-fl  0.1     0
bash             0.0  2056
rcu_preempt      0.0     0
kworker/u4:0-wr  0.0     0
