procs -----------memory---------- ---swap-- -----io---- -system-- -------cpu------- -----timestamp-----
 r  b   swpd   free   buff  cache   si   so    bi    bo   in   cs us sy id wa st gu                 UTC
 2  0      0 1469064  84428 1531504    0    0     1    13  321    1  1  1 98  0  0  0 2026-09-26 08:24:17
 5  0      0 1436452  84428 1529192    0    0    96 34940 10218 18832 26 14 39 21  0  0 2026-09-26 08:24:18
17  0      0 1441196  84428 1529644    0    0     0  4052 12440 32118 66 13 19  2  0  0 2026-09-26 08:24:19
 4  0      0 1403432  84428 1530260    0    0     0  5432 13462 44069 75 21  4  1  0  0 2026-09-26 08:24:20
11  0      0 1402260  84428 1530796    0    0     0  7816 14644 50015 68 24  7  1  0  0 2026-09-26 08:24:21
26  1      0 1354672  84428 1532416    0    0     0  5512 9317 29593 76 24  1  0  0  0 2026-09-26 08:24:22
13  1      0 1400092  84428 1534168    0    0     0 11496 13817 45946 72 25  2  1  0  0 2026-09-26 08:24:23
10  0      0 1381172  84428 1532560    0    0     0  9572 13383 40341 75 25  1  0  0  0 2026-09-26 08:24:24
25  0      0 1408328  84428 1538816    0    0     0 11588 14456 45448 75 25  1  0  0  0 2026-09-26 08:24:25
29  0      0 1445852  84428 1533632    0    0     0  8620 12267 37146 76 23  1  1  0  0 2026-09-26 08:24:26
23  1      0 1368400  84428 1536268    0    0     0 10368 11580 36630 79 21  1  0  0  0 2026-09-26 08:24:27
27  0      0 1444996  84428 1534632    0    0     0 11092 12196 40068 73 26  1  0  0  0 2026-09-26 08:24:28
21  0      0 1402964  84428 1537252    0    0     0  8800 11489 33384 75 25  0  0  0  0 2026-09-26 08:24:29
30  0      0 1406928  84428 1535596    0    0     0  9820 12426 38587 73 26  1  0  0  0 2026-09-26 08:24:30
10  0      0 1399564  84428 1536164    0    0     0  9680 11389 32322 78 22  0  0  0  0 2026-09-26 08:24:31
22  1      0 1410104  84428 1537524    0    0     0  8944 12695 38145 74 25  1  0  0  0 2026-09-26 08:24:32
25  0      0 1401280  84428 1537040    0    0     0 16640 10927 31353 78 22  0  0  0  0 2026-09-26 08:24:33
29  0      0 1380972  84428 1544084    0    0     0  9716 11388 34996 74 25  1  0  0  0 2026-09-26 08:24:34
35  1      0 1395976  84428 1537768    0    0     0  9104 10661 32977 74 25  1  0  0  0 2026-09-26 08:24:35
19  0      0 1361360  84428 1544016    0    0     0 10172 11371 34706 75 25  0  1  0  0 2026-09-26 08:24:36
23  0      0 1368332  84428 1539028    0    0     0  8636 11983 36531 75 24  1  0  0  0 2026-09-26 08:24:37
procs -----------memory---------- ---swap-- -----io---- -system-- -------cpu------- -----timestamp-----
 r  b   swpd   free   buff  cache   si   so    bi    bo   in   cs us sy id wa st gu                 UTC
20  0      0 1342476  84428 1541824    0    0     0  7908 10426 29782 80 20  0  0  0  0 2026-09-26 08:24:38
33  0      0 1401728  84428 1539900    0    0     0 16244 12310 38055 74 25  1  0  0  0 2026-09-26 08:24:39
16  0      0 1357100  84428 1540464    0    0     0  7880 10094 29567 78 22  0  0  0  0 2026-09-26 08:24:40
28  0      0 1431916  84428 1541740    0    0     0  8776 11182 34340 75 25  0  0  0  0 2026-09-26 08:24:41
39  0      0 1419416  84428 1541372    0    0     0  7944 10337 29051 76 23  0  0  0  0 2026-09-26 08:24:42
23  0      0 1392284  84428 1548532    0    0     0  8972 11306 35439 77 23  1  0  0  0 2026-09-26 08:24:43
27  0      0 1418804  84428 1542172    0    0     0  7384 10405 30070 78 22  0  0  0  0 2026-09-26 08:24:44
49  0      0 1379812  84428 1547816    0    0     0  9888 11238 32888 77 23  1  0  0  0 2026-09-26 08:24:45
32  0      0 1417328  84428 1542876    0    0     0  8420 10265 29828 78 22  0  0  0  0 2026-09-26 08:24:46
 6  1      0 1357500  84428 1547992    0    0     0  7900 10067 28394 78 21  0  0  0  0 2026-09-26 08:24:47
23  1      0 1384536  84428 1543656    0    0     0  8708 10587 31430 77 23  1  0  0  0 2026-09-26 08:24:48
27  1      0 1363500  84428 1544064    0    0     0 15168 9369 25673 79 21  0  0  0  0 2026-09-26 08:24:49
42  0      0 1393464  84428 1544532    0    0     0  9164 10285 30968 77 21  1  1  0  0 2026-09-26 08:24:50
22  0      0 1379608  84428 1547424    0    0     0  8076 10048 26960 79 20  1  0  0  0 2026-09-26 08:24:51
51  0      0 1403240  84428 1548964    0    0     0  9064 10489 33947 75 24  1  0  0  0 2026-09-26 08:24:52
21  1      0 1312104  84428 1548296    0    0     0  8236 10517 29241 78 22  1  0  0  0 2026-09-26 08:24:53
34  0      0 1279960  84428 1554728    0    0     0  8712 10555 29530 78 22  0  1  0  0 2026-09-26 08:24:54
26  0      0 1371684  84428 1549108    0    0     0  7856 10495 28850 78 22  0  0  0  0 2026-09-26 08:24:55
32  0      0 1344048  84428 1553148    0    0     0  9224 9314 26490 80 20  0  0  0  0 2026-09-26 08:24:56
16  0      0 1361748  84428 1550020    0    0     0  8248 10558 31334 78 22  1  0  0  0 2026-09-26 08:24:57
26  1      0 1342848  84428 1551524    0    0     0  8616 10327 27676 79 21  0  0  0  0 2026-09-26 08:24:58
procs -----------memory---------- ---swap-- -----io---- -system-- -------cpu------- -----timestamp-----
 r  b   swpd   free   buff  cache   si   so    bi    bo   in   cs us sy id wa st gu                 UTC
30  0      0 1395056  84428 1551808    0    0     0  8584 11195 34132 77 23  0  0  0  0 2026-09-26 08:24:59
26  0      0 1316140  84428 1553640    0    0     0  6524 9453 26269 81 19  0  0  0  0 2026-09-26 08:25:00
21  0      0 1355280  84428 1557588    0    0     0  8228 10463 31166 77 23  1  0  0  0 2026-09-26 08:25:01
44  1      0 1300588  84428 1554292    0    0     0  5744 9578 27063 81 19  0  0  0  0 2026-09-26 08:25:02
54  0      0 1292336  84428 1562188    0    0     0  7672 10986 33227 78 22  0  0  0  0 2026-09-26 08:25:03
31  0      0 1289728  84428 1553908    0    0     0 15116 10192 27818 80 20  0  0  0  0 2026-09-26 08:25:04
33  1      0 1319768  84428 1557992    0    0     0  7716 8972 27089 80 19  0  0  0  0 2026-09-26 08:25:05
44  1      0 1341516  84428 1554656    0    0     0  7660 10175 30591 79 21  0  0  0  0 2026-09-26 08:25:06
14  0      0 1310400  84428 1558880    0    0     0  6376 8884 24535 80 20  0  0  0  0 2026-09-26 08:25:07
45  0      0 1376628  84428 1555508    0    0     0  7256 10306 30301 81 20  0  0  0  0 2026-09-26 08:25:08
19  0      0 1304260  84428 1560836    0    0     0 11484 9255 26467 81 20  0  0  0  0 2026-09-26 08:25:09
54  1      0 1344328  84428 1559796    0    0     0  7016 10464 29448 80 20  0  1  0  0 2026-09-26 08:25:10
85  0      0 1282704  84428 1560696    0    0     0  8520 10286 28198 82 18  0  0  0  0 2026-09-26 08:25:11
13  0      0 1268448  84428 1562904    0    0     0  8864 9545 27225 79 21  1  0  0  0 2026-09-26 08:25:12
16  1      0 1286416  84428 1558800    0    0     0  6976 9478 27210 81 19  1  0  0  0 2026-09-26 08:25:13
30  0      0 1308396  84428 1568512    0    0     0  7248 8306 25096 79 21  0  0  0  0 2026-09-26 08:25:14
39  0      0 1353992  84428 1559776    0    0     0  7404 11245 31256 78 21  0  0  0  0 2026-09-26 08:25:15
17  1      0 1279204  84428 1564184    0    0     0  7352 9412 26248 82 18  0  0  0  0 2026-09-26 08:25:16
50  0      0 1328248  84428 1560604    0    0     0  7920 9902 30085 80 20  0  0  0  0 2026-09-26 08:25:17
51  0      0 1246152  84428 1562360    0    0     0  7464 9715 24945 79 21  0  0  0  0 2026-09-26 08:25:18
61  0      0 1280648  84428 1561236    0    0     0  7060 8816 24942 81 19  1  0  0  0 2026-09-26 08:25:19
procs -----------memory---------- ---swap-- -----io---- -system-- -------cpu------- -----timestamp-----
 r  b   swpd   free   buff  cache   si   so    bi    bo   in   cs us sy id wa st gu                 UTC
12  0      0 1290104  84428 1561292    0    0     0  8844 3795 9718 74 25  1  0  0  0 2026-09-26 08:25:20
44  0      0 1303036  84428 1561756    0    0     0  1864 7971 23307 86 12  2  0  0  0 2026-09-26 08:25:21
36  0      0 1320184  84428 1562000    0    0     0  1312 8170 24438 85 13  2  0  0  0 2026-09-26 08:25:22
38  0      0 1322384  84428 1562240    0    0     0  1032 7444 22059 85 14  2  0  0  0 2026-09-26 08:25:23
