2026-09-26T08:13:38+00:00
COMMAND         %CPU   RSS
systemd-resolve  0.3 12448
mysqld           0.2 614696
isuride          0.0  9084
rcu_preempt      0.0     0
kworker/u4:2-ev  0.0     0
kworker/u4:3-fl  0.0     0
multipathd       0.0 26488
ksoftirqd/1      0.0     0
ksoftirqd/0      0.0     0
2026-09-26T08:13:40+00:00
COMMAND         %CPU   RSS
bench           10.5 46164
isuride          0.5 15944
systemd-resolve  0.3 12448
mysqld           0.2 645372
rcu_preempt      0.0     0
kworker/u4:2-ev  0.0     0
kworker/u4:3-fl  0.0     0
multipathd       0.0 26488
ksoftirqd/1      0.0     0
2026-09-26T08:13:42+00:00
COMMAND         %CPU   RSS
bench           10.4 54136
isuride          2.2 15576
systemd-resolve  0.3 12448
mysqld           0.2 645420
rcu_preempt      0.0     0
kworker/u4:2-ev  0.0     0
kworker/u4:3-fl  0.0     0
multipathd       0.0 26488
ksoftirqd/1      0.0     0
2026-09-26T08:13:44+00:00
COMMAND         %CPU   RSS
bench           11.2 54220
isuride          3.6 15888
systemd-resolve  0.3 12448
mysqld           0.2 645436
rcu_preempt      0.0     0
kworker/u4:2-ev  0.0     0
kworker/u4:3-fl  0.0     0
multipathd       0.0 26488
ksoftirqd/1      0.0     0
2026-09-26T08:13:46+00:00
COMMAND         %CPU   RSS
bench           10.9 54236
isuride          4.7 16076
systemd-resolve  0.3 12448
mysqld           0.2 671220
rcu_preempt      0.0     0
kworker/u4:2-ev  0.0     0
kworker/u4:3-fl  0.0     0
multipathd       0.0 26488
ksoftirqd/1      0.0     0
2026-09-26T08:13:48+00:00
COMMAND         %CPU   RSS
bench           10.8 54756
isuride          5.6 16260
systemd-resolve  0.3 12448
mysqld           0.2 697212
rcu_preempt      0.0     0
kworker/u4:2-ev  0.0     0
kworker/u4:3-fl  0.0     0
multipathd       0.0 26488
ksoftirqd/1      0.0     0
2026-09-26T08:13:50+00:00
COMMAND         %CPU   RSS
bench           10.6 55376
isuride          6.3 16508
systemd-resolve  0.3 12448
mysqld           0.2 691736
rcu_preempt      0.0     0
kworker/u4:2-ev  0.0     0
kworker/u4:3-fl  0.0     0
multipathd       0.0 26488
ksoftirqd/1      0.0     0
2026-09-26T08:13:52+00:00
COMMAND         %CPU   RSS
bench           10.5 55964
isuride          6.9 16668
systemd-resolve  0.3 12448
mysqld           0.2 649816
rcu_preempt      0.0     0
kworker/u4:2-ev  0.0     0
kworker/u4:3-fl  0.0     0
multipathd       0.0 26488
ksoftirqd/1      0.0     0
2026-09-26T08:13:54+00:00
COMMAND         %CPU   RSS
bench           10.6 58348
isuride          7.5 16764
systemd-resolve  0.3 12448
mysqld           0.2 646772
rcu_preempt      0.0     0
kworker/u4:2-ev  0.0     0
kworker/u4:3-fl  0.0     0
multipathd       0.0 26488
ksoftirqd/1      0.0     0
2026-09-26T08:13:56+00:00
COMMAND         %CPU   RSS
bench           10.5 61588
isuride          8.0 16988
systemd-resolve  0.3 12448
mysqld           0.2 645988
rcu_preempt      0.0     0
kworker/u4:2-ev  0.0     0
kworker/u4:3-fl  0.0     0
multipathd       0.0 26488
ksoftirqd/1      0.0     0
2026-09-26T08:13:58+00:00
COMMAND         %CPU   RSS
bench           10.2 61748
isuride          8.4 17000
systemd-resolve  0.3 12448
mysqld           0.2 646020
rcu_preempt      0.0     0
kworker/u4:2-ev  0.0     0
kworker/u4:3-fl  0.0     0
multipathd       0.0 26488
ksoftirqd/1      0.0     0
2026-09-26T08:14:00+00:00
COMMAND         %CPU   RSS
bench           10.2 63908
isuride          8.9 17100
systemd-resolve  0.3 12448
mysqld           0.2 646404
rcu_preempt      0.0     0
kworker/u4:2-ev  0.0     0
kworker/u4:3-fl  0.0     0
multipathd       0.0 26488
ksoftirqd/1      0.0     0
2026-09-26T08:14:02+00:00
COMMAND         %CPU   RSS
bench           10.2 64312
isuride          9.2 17676
systemd-resolve  0.3 12448
mysqld           0.2 646536
rcu_preempt      0.0     0
kworker/u4:2-ev  0.0     0
kworker/u4:3-fl  0.0     0
multipathd       0.0 26488
ksoftirqd/1      0.0     0
2026-09-26T08:14:04+00:00
COMMAND         %CPU   RSS
bench           10.2 64944
isuride          9.5 18616
systemd-resolve  0.3 12448
mysqld           0.2 670440
rcu_preempt      0.0     0
kworker/u4:2-ev  0.0     0
kworker/u4:3-fl  0.0     0
multipathd       0.0 26488
ksoftirqd/1      0.0     0
2026-09-26T08:14:06+00:00
COMMAND         %CPU   RSS
bench           10.2 67836
isuride          9.8 18436
systemd-resolve  0.3 12448
mysqld           0.2 695716
rcu_preempt      0.0     0
kworker/u4:2-ev  0.0     0
kworker/u4:3-fl  0.0     0
multipathd       0.0 26488
ksoftirqd/1      0.0     0
2026-09-26T08:14:08+00:00
COMMAND         %CPU   RSS
bench           10.2 72252
isuride         10.0 19424
curl             2.3 12344
systemd-resolve  0.3 12448
mysqld           0.2 705840
rcu_preempt      0.0     0
kworker/u4:2-ev  0.0     0
kworker/u4:3-fl  0.0     0
kworker/u4:4-ev  0.0     0
2026-09-26T08:14:10+00:00
COMMAND         %CPU   RSS
curl            11.7 12344
isuride         10.3 18904
bench           10.2 74652
systemd-resolve  0.3 12448
mysqld           0.2 717612
rcu_preempt      0.0     0
kworker/u4:2-ev  0.0     0
kworker/u4:3-fl  0.0     0
kworker/u4:4-ev  0.0     0
2026-09-26T08:14:12+00:00
COMMAND         %CPU   RSS
isuride         10.5 18420
bench           10.2 79364
systemd-resolve  0.3 12448
mysqld           0.2 680328
rcu_preempt      0.0     0
kworker/u4:2-ev  0.0     0
kworker/u4:3-fl  0.0     0
kworker/u4:4-ev  0.0     0
multipathd       0.0 26488
2026-09-26T08:14:14+00:00
COMMAND         %CPU   RSS
isuride         10.7 19504
bench           10.1 79812
systemd-resolve  0.3 12448
mysqld           0.2 648600
rcu_preempt      0.0     0
kworker/u4:2-ev  0.0     0
kworker/u4:3-fl  0.0     0
multipathd       0.0 26488
kworker/u4:4-ev  0.0     0
2026-09-26T08:14:16+00:00
COMMAND         %CPU   RSS
isuride         10.8 19932
bench           10.1 86072
systemd-resolve  0.3 12448
mysqld           0.2 670036
rcu_preempt      0.0     0
kworker/u4:2-ev  0.0     0
kworker/u4:3-fl  0.0     0
multipathd       0.0 26488
kworker/u4:4-ev  0.0     0
2026-09-26T08:14:18+00:00
COMMAND         %CPU   RSS
isuride         10.9 18680
bench           10.0 86832
systemd-resolve  0.3 12448
mysqld           0.2 648656
rcu_preempt      0.0     0
kworker/u4:2-ev  0.0     0
kworker/u4:3-fl  0.0     0
multipathd       0.0 26488
kworker/u4:4-ex  0.0     0
2026-09-26T08:14:21+00:00
COMMAND         %CPU   RSS
isuride         11.0 19220
bench            9.9 92520
systemd-resolve  0.3 12448
mysqld           0.2 658672
rcu_preempt      0.0     0
kworker/u4:2-ev  0.0     0
kworker/u4:3-fl  0.0     0
sh               0.0  1588
multipathd       0.0 26488
2026-09-26T08:14:23+00:00
COMMAND         %CPU   RSS
isuride         11.2 18924
bench            9.9 93300
curl             2.9 12172
systemd-resolve  0.3 12448
mysqld           0.2 655404
rcu_preempt      0.0     0
kworker/u4:2-ev  0.0     0
kworker/u4:3-fl  0.0     0
sh               0.0  1588
2026-09-26T08:14:25+00:00
COMMAND         %CPU   RSS
isuride         11.3 18912
bench            9.8 93980
systemd-resolve  0.3 12448
mysqld           0.2 699724
rcu_preempt      0.0     0
kworker/u4:2-ev  0.0     0
kworker/u4:3-fl  0.0     0
sh               0.0  1588
multipathd       0.0 26488
2026-09-26T08:14:27+00:00
COMMAND         %CPU   RSS
isuride         11.4 19572
bench            9.8 100028
systemd-resolve  0.3 12448
mysqld           0.2 699060
rcu_preempt      0.0     0
bash             0.0  2056
kworker/u4:3-fl  0.0     0
kworker/u4:2-ev  0.0     0
multipathd       0.0 26488
2026-09-26T08:14:29+00:00
COMMAND         %CPU   RSS
isuride         11.5 18820
bench            9.8 100516
systemd-resolve  0.3 12448
mysqld           0.2 710332
rcu_preempt      0.0     0
bash             0.0  2056
kworker/u4:3-fl  0.0     0
kworker/u4:2-ev  0.0     0
kworker/u4:4-wr  0.0     0
2026-09-26T08:14:31+00:00
COMMAND         %CPU   RSS
isuride         11.6 20268
bench            9.8 106780
systemd-resolve  0.3 12448
mysqld           0.2 704448
rcu_preempt      0.0     0
bash             0.0  2056
kworker/u4:3-fl  0.0     0
kworker/u4:2-ev  0.0     0
kworker/u4:4-ev  0.0     0
2026-09-26T08:14:33+00:00
COMMAND         %CPU   RSS
curl            14.2 12344
isuride         11.7 20176
bench            9.8 108976
systemd-resolve  0.3 12448
mysqld           0.2 709976
rcu_preempt      0.0     0
kworker/u4:3-fl  0.0     0
kworker/u4:2-ev  0.0     0
bash             0.0  2056
2026-09-26T08:14:35+00:00
COMMAND         %CPU   RSS
isuride         11.8 20192
bench            9.7 109188
systemd-resolve  0.3 12448
mysqld           0.2 650140
rcu_preempt      0.0     0
kworker/u4:3-fl  0.0     0
kworker/u4:2-ev  0.0     0
bash             0.0  2056
kworker/u4:4-ev  0.0     0
2026-09-26T08:14:37+00:00
COMMAND         %CPU   RSS
isuride         11.9 20176
bench            9.7 112680
systemd-resolve  0.3 12448
mysqld           0.2 652588
rcu_preempt      0.0     0
kworker/u4:3-fl  0.0     0
kworker/u4:2-ev  0.0     0
bash             0.0  2056
kworker/u4:4-ev  0.0     0
2026-09-26T08:14:39+00:00
COMMAND         %CPU   RSS
isuride         12.0 21256
bench            9.7 118348
curl             1.7 12332
systemd-resolve  0.3 12448
mysqld           0.2 651708
rcu_preempt      0.0     0
kworker/u4:3-fl  0.0     0
kworker/u4:2-ev  0.0     0
bash             0.0  2056
2026-09-26T08:14:41+00:00
COMMAND         %CPU   RSS
isuride         12.1 19732
bench            9.6 118428
systemd-resolve  0.3 12448
mysqld           0.2 651432
rcu_preempt      0.0     0
kworker/u4:3-fl  0.0     0
kworker/u4:2-ev  0.0     0
bash             0.0  2056
kworker/u4:4-ev  0.0     0
2026-09-26T08:14:43+00:00
COMMAND         %CPU   RSS
isuride         12.2 18252
bench            9.5 118428
curl             2.7     0
systemd-resolve  0.3 12448
mysqld           0.2 649644
rcu_preempt      0.0     0
kworker/u4:3-fl  0.0     0
kworker/u4:2-ev  0.0     0
kworker/u4:4-ev  0.0     0
2026-09-26T08:14:45+00:00
COMMAND         %CPU   RSS
isuride         12.2 18324
bench            9.4 118532
curl             2.9 12344
systemd-resolve  0.3 12448
mysqld           0.2 649668
rcu_preempt      0.0     0
kworker/u4:3-fl  0.0     0
kworker/u4:2-ev  0.0     0
kworker/u4:4-ex  0.0     0
