procs -----------memory---------- ---swap-- -----io---- -system-- -------cpu------- -----timestamp-----
 r  b   swpd   free   buff  cache   si   so    bi    bo   in   cs us sy id wa st gu                 UTC
 3  0      0 1730372  84412 1383896    0    0     1    11  318    1  1  1 98  0  0  0 2026-09-26 08:13:38
 2  0      0 1680012  84412 1389348    0    0     0 31612 8082 14004 25 14 41 20  0  0 2026-09-26 08:13:39
11  0      0 1666296  84412 1390788    0    0     0  7232 12648 30441 62 12 23  3  0  0 2026-09-26 08:13:40
 6  0      0 1606856  84412 1393096    0    0     0  2660 11236 36965 79 18  3  0  0  0 2026-09-26 08:13:41
13  0      0 1612164  84412 1394224    0    0     0  3296 13197 45463 71 17 10  1  0  0 2026-09-26 08:13:42
19  0      0 1577220  84412 1395116    0    0     0  3896 10744 35082 81 18  1  0  0  0 2026-09-26 08:13:43
23  0      0 1597348  84412 1395476    0    0     0  4732 12041 38808 78 19  3  1  0  0 2026-09-26 08:13:44
 6  0      0 1592140  84412 1396272    0    0     0  4940 9784 29861 81 19  1  0  0  0 2026-09-26 08:13:45
31  0      0 1602524  84412 1401808    0    0     0  4476 11017 35520 78 18  3  1  0  0 2026-09-26 08:13:46
15  0      0 1625600  84412 1397236    0    0     0  4576 9995 32044 82 17  1  0  0  0 2026-09-26 08:13:47
38  0      0 1610704  84412 1402988    0    0     0  9688 9362 31802 80 20  1  0  0  0 2026-09-26 08:13:48
13  0      0 1602628  84412 1398368    0    0     0  4908 10409 33871 81 16  2  1  0  0 2026-09-26 08:13:49
41  0      0 1615568  84412 1403192    0    0     0  4916 10915 33483 83 17  0  0  0  0 2026-09-26 08:13:50
12  0      0 1631980  84412 1399312    0    0     0  4760 10232 32508 82 17  1  0  0  0 2026-09-26 08:13:51
23  0      0 1554900  84412 1403380    0    0     0  5016 10936 32678 82 18  1  0  0  0 2026-09-26 08:13:52
11  0      0 1601448  84412 1400496    0    0     0 20856 11405 34677 78 21  1  1  0  0 2026-09-26 08:13:53
17  1      0 1533952  84412 1403936    0    0     0  4848 9436 27452 83 17  0  0  0  0 2026-09-26 08:13:54
34  0      0 1578328  84412 1411920    0    0     0  5640 10296 34108 81 17  2  0  0  0 2026-09-26 08:13:55
10  0      0 1618816  84412 1404848    0    0     0  3992 7731 23403 83 17  0  0  0  0 2026-09-26 08:13:56
40  0      0 1604540  84412 1410664    0    0     0  5268 9480 30034 80 19  1  0  0  0 2026-09-26 08:13:57
34  0      0 1622308  84416 1405820    0    0     0  4772 9088 27626 83 16  1  1  0  0 2026-09-26 08:13:58
procs -----------memory---------- ---swap-- -----io---- -system-- -------cpu------- -----timestamp-----
 r  b   swpd   free   buff  cache   si   so    bi    bo   in   cs us sy id wa st gu                 UTC
44  0      0 1583096  84416 1410740    0    0     0  6124 9428 28800 82 18  1  0  0  0 2026-09-26 08:13:59
10  1      0 1567876  84416 1406768    0    0     0  4568 9624 27463 82 18  0  0  0  0 2026-09-26 08:14:00
26  0      0 1550836  84416 1412656    0    0     0  4260 9344 27802 80 20  1  0  0  0 2026-09-26 08:14:01
24  1      0 1585084  84416 1408616    0    0     0  5500 8095 24337 84 16  1  0  0  0 2026-09-26 08:14:02
37  0      0 1556420  84416 1412600    0    0     0  4440 8032 23533 83 16  0  0  0  0 2026-09-26 08:14:03
54  0      0 1614864  84416 1419480    0    0     0  4208 8730 25741 81 19  1  0  0  0 2026-09-26 08:14:04
19  0      0 1571788  84416 1409920    0    0     0  3700 8383 23414 83 17  0  0  0  0 2026-09-26 08:14:05
32  0      0 1597148  84416 1416080    0    0     0  4584 8983 26637 82 17  1  1  0  0 2026-09-26 08:14:06
58  0      0 1527908  84416 1414036    0    0     0  3816 9548 26286 84 16  0  0  0  0 2026-09-26 08:14:07
29  0      0 1558768  84416 1416984    0    0     0  4680 9270 26470 84 17  0  0  0  0 2026-09-26 08:14:08
32  0      0 1613124  84416 1411624    0    0     0  3972 9085 26205 84 16  1  0  0  0 2026-09-26 08:14:09
45  0      0 1560544  84416 1417848    0    0     0  6408 9370 26367 81 19  0  0  0  0 2026-09-26 08:14:10
28  0      0 1530336  84416 1412524    0    0     0  4196 9017 27158 82 18  1  0  0  0 2026-09-26 08:14:11
29  0      0 1509504  84416 1416636    0    0     0  3948 7954 24226 83 17  0  0  0  0 2026-09-26 08:14:12
39  0      0 1572452  84416 1422284    0    0     0  8928 10112 31266 81 18  1  0  0  0 2026-09-26 08:14:13
43  0      0 1531248  84416 1415396    0    0     0  4708 9520 28806 85 15  1  0  0  0 2026-09-26 08:14:14
62  0      0 1572280  84416 1420752    0    0     0  5104 9698 31211 85 15  1  0  0  0 2026-09-26 08:14:15
36  0      0 1509788  84416 1418812    0    0     0  4480 9788 30645 84 17  0  0  0  0 2026-09-26 08:14:16
41  0      0 1541668  84416 1421592    0    0     0  4712 10325 29685 85 14  1  0  0  0 2026-09-26 08:14:17
43  0      0 1554048  84416 1416136    0    0     0 24952 8578 26638 84 15  1  1  0  0 2026-09-26 08:14:18
20  0      0 1538108  84416 1421472    0    0     0  6264 9169 26892 84 16  1  0  0  0 2026-09-26 08:14:19
procs -----------memory---------- ---swap-- -----io---- -system-- -------cpu------- -----timestamp-----
 r  b   swpd   free   buff  cache   si   so    bi    bo   in   cs us sy id wa st gu                 UTC
21  0      0 1569748  84416 1416920    0    0     0  4368 8789 27098 83 16  0  0  0  0 2026-09-26 08:14:20
14  0      0 1492460  84416 1423344    0    0     0  3988 8682 25702 84 16  1  0  0  0 2026-09-26 08:14:21
57  0      0 1579728  84416 1427152    0    0     0  4300 8490 26675 84 16  1  0  0  0 2026-09-26 08:14:22
47  0      0 1504320  84416 1424588    0    0     0  4528 9253 27822 84 16  0  0  0  0 2026-09-26 08:14:23
33  0      0 1514200  84416 1425156    0    0     0  3860 8151 24489 84 16  1  0  0  0 2026-09-26 08:14:24
37  0      0 1474484  84416 1423016    0    0     0  3660 8333 25979 86 14  1  0  0  0 2026-09-26 08:14:25
49  0      0 1522112  84416 1424624    0    0     0  3928 7753 22969 83 17  0  0  0  0 2026-09-26 08:14:26
40  0      0 1514936  84416 1422776    0    0     0  4052 8404 25567 83 17  0  0  0  0 2026-09-26 08:14:27
36  0      0 1528324  84416 1424220    0    0     0  4336 9502 27146 86 13  0  0  0  0 2026-09-26 08:14:28
52  0      0 1583308  84416 1420940    0    0     0  4268 9851 29727 81 17  2  0  0  0 2026-09-26 08:14:29
20  0      0 1478744  84420 1426744    0    0     0  3752 8128 24672 85 15  0  0  0  0 2026-09-26 08:14:30
41  0      0 1520992  84420 1430360    0    0     0  3400 8725 27523 85 15  0  0  0  0 2026-09-26 08:14:31
46  0      0 1478492  84420 1427588    0    0     0  3172 8154 24257 84 16  0  0  0  0 2026-09-26 08:14:32
51  0      0 1524428  84420 1425540    0    0     0  4452 7829 25138 85 15  0  0  0  0 2026-09-26 08:14:33
35  0      0 1559812  84420 1423264    0    0     0  3824 8967 27696 83 16  1  0  0  0 2026-09-26 08:14:34
26  0      0 1531052  84420 1430444    0    0     0  4884 8607 27166 84 16  1  0  0  0 2026-09-26 08:14:35
15  0      0 1442080  84424 1430068    0    0     0  8944 8709 26455 84 16  0  0  0  0 2026-09-26 08:14:36
57  0      0 1449524  84424 1430272    0    0     0  5732 8636 25390 82 17  1  0  0  0 2026-09-26 08:14:37
28  0      0 1536268  84424 1426636    0    0     0  4540 9375 28091 84 16  1  0  0  0 2026-09-26 08:14:38
23  0      0 1479120  84424 1431284    0    0     0  9256 10039 27767 82 17  0  0  0  0 2026-09-26 08:14:39
42  0      0 1509148  84424 1427784    0    0     0  3680 8951 25599 86 14  0  0  0  0 2026-09-26 08:14:40
procs -----------memory---------- ---swap-- -----io---- -system-- -------cpu------- -----timestamp-----
 r  b   swpd   free   buff  cache   si   so    bi    bo   in   cs us sy id wa st gu                 UTC
47  0      0 1520088  84424 1428156    0    0     0  1544 8221 25633 87 12  1  0  0  0 2026-09-26 08:14:41
42  0      0 1541000  84424 1428528    0    0     0  1220 7667 24302 86 13  2  0  0  0 2026-09-26 08:14:42
37  0      0 1539916  84424 1428852    0    0     0  1192 7931 24819 86 13  2  0  0  0 2026-09-26 08:14:43
25  0      0 1558620  84424 1429116    0    0     0 21640 7408 23796 87 12  1  0  0  0 2026-09-26 08:14:44
