time=18:32:35.119 level=INFO msg=負荷走行を開始します
time=18:32:35.119 level=DEBUG source=/tmp/isucon14/bench/cmd/run.go:90 msg=target targetURL=https://isuride.xiv.isucon.net targetAddr=127.0.0.1:443 benchrun.GetTargetAddress()="" paymentURL=http://127.0.0.1:12346
time=18:32:37.837 level=DEBUG source=/tmp/isucon14/bench/benchmarker/scenario/scenario.go:315 msg=時間経過 tick=60
time=18:32:37.837 level=DEBUG source=/tmp/isucon14/bench/benchmarker/scenario/scenario.go:317 msg=eval reqs=0 score="[0 0 0 0 0]" criteria="[0 0 0 0]"
time=18:32:39.637 level=DEBUG source=/tmp/isucon14/bench/benchmarker/scenario/scenario.go:315 msg=時間経過 tick=120
time=18:32:39.637 level=DEBUG source=/tmp/isucon14/bench/benchmarker/scenario/scenario.go:317 msg=eval reqs=2 score="[0 0 0 2 0]" criteria="[2 0 2 2]"
time=18:32:41.437 level=DEBUG source=/tmp/isucon14/bench/benchmarker/scenario/scenario.go:315 msg=時間経過 tick=180
time=18:32:41.437 level=DEBUG source=/tmp/isucon14/bench/benchmarker/scenario/scenario.go:317 msg=eval reqs=5 score="[0 0 1 4 0]" criteria="[4 0 5 5]"
time=18:32:41.437 level=INFO msg=これまでに地域内の評判によって4人、既存ユーザーの招待経由で4人が新規登録しました
time=18:32:41.437 level=INFO msg=20.0%のライドは椅子がマッチされるまでの時間、100.0%のライドはマッチされた椅子が乗車地点までに掛かる時間、0.0%のライドは椅子の実移動時間に不満がありました
time=18:32:43.237 level=DEBUG source=/tmp/isucon14/bench/benchmarker/scenario/scenario.go:315 msg=時間経過 tick=240
time=18:32:43.237 level=DEBUG source=/tmp/isucon14/bench/benchmarker/scenario/scenario.go:317 msg=eval reqs=6 score="[0 0 2 4 0]" criteria="[4 0 6 6]"
time=18:32:45.021 level=INFO msg=一定の売上が立ったためオーナーの椅子が増加します 名前="Skyline Taxis" 増加数=1
time=18:32:45.037 level=DEBUG source=/tmp/isucon14/bench/benchmarker/scenario/scenario.go:315 msg=時間経過 tick=300
time=18:32:45.037 level=DEBUG source=/tmp/isucon14/bench/benchmarker/scenario/scenario.go:317 msg=eval reqs=8 score="[0 0 4 4 0]" criteria="[4 0 8 8]"
time=18:32:46.822 level=INFO msg=一定の売上が立ったためオーナーの椅子が増加します 名前=再座堂 増加数=1
time=18:32:46.837 level=DEBUG source=/tmp/isucon14/bench/benchmarker/scenario/scenario.go:315 msg=時間経過 tick=360
time=18:32:46.837 level=INFO msg=これまでに地域内の評判によって9人、既存ユーザーの招待経由で4人が新規登録しました
time=18:32:46.837 level=INFO msg=63.6%のライドは椅子がマッチされるまでの時間、100.0%のライドはマッチされた椅子が乗車地点までに掛かる時間、0.0%のライドは椅子の実移動時間に不満がありました
time=18:32:46.837 level=DEBUG source=/tmp/isucon14/bench/benchmarker/scenario/scenario.go:317 msg=eval reqs=11 score="[0 0 7 4 0]" criteria="[4 0 11 11]"
time=18:32:48.637 level=DEBUG source=/tmp/isucon14/bench/benchmarker/scenario/scenario.go:315 msg=時間経過 tick=420
time=18:32:48.637 level=DEBUG source=/tmp/isucon14/bench/benchmarker/scenario/scenario.go:317 msg=eval reqs=13 score="[0 0 8 5 0]" criteria="[5 0 13 13]"
time=18:32:48.644 level=INFO msg=一定の売上が立ったためオーナーの椅子が増加します 名前="LuxeLine Taxi" 増加数=1
time=18:32:50.438 level=DEBUG source=/tmp/isucon14/bench/benchmarker/scenario/scenario.go:315 msg=時間経過 tick=480
time=18:32:50.438 level=DEBUG source=/tmp/isucon14/bench/benchmarker/scenario/scenario.go:317 msg=eval reqs=14 score="[0 0 9 5 0]" criteria="[5 0 14 14]"
time=18:32:52.237 level=INFO msg=これまでに地域内の評判によって14人、既存ユーザーの招待経由で5人が新規登録しました
time=18:32:52.237 level=INFO msg=これまでに低評価なライドによって1人が利用をやめました
time=18:32:52.237 level=INFO msg=68.8%のライドは椅子がマッチされるまでの時間、100.0%のライドはマッチされた椅子が乗車地点までに掛かる時間、6.2%のライドは椅子の実移動時間に不満がありました
time=18:32:52.237 level=DEBUG source=/tmp/isucon14/bench/benchmarker/scenario/scenario.go:315 msg=時間経過 tick=540
time=18:32:52.237 level=DEBUG source=/tmp/isucon14/bench/benchmarker/scenario/scenario.go:317 msg=eval reqs=16 score="[0 2 9 5 0]" criteria="[5 0 15 15]"
time=18:32:54.022 level=INFO msg=一定の売上が立ったためオーナーの椅子が増加します 名前="Skyline Taxis" 増加数=1
time=18:32:54.037 level=DEBUG source=/tmp/isucon14/bench/benchmarker/scenario/scenario.go:315 msg=時間経過 tick=600
time=18:32:54.037 level=DEBUG source=/tmp/isucon14/bench/benchmarker/scenario/scenario.go:317 msg=eval reqs=21 score="[3 3 10 5 0]" criteria="[6 0 16 16]"
time=18:32:55.837 level=DEBUG source=/tmp/isucon14/bench/benchmarker/scenario/scenario.go:315 msg=時間経過 tick=660
time=18:32:55.837 level=DEBUG source=/tmp/isucon14/bench/benchmarker/scenario/scenario.go:317 msg=eval reqs=23 score="[4 4 10 5 0]" criteria="[6 0 16 17]"
time=18:32:55.851 level=INFO msg=一定の売上が立ったためオーナーの椅子が増加します 名前="Skyline Taxis" 増加数=1
time=18:32:57.637 level=DEBUG source=/tmp/isucon14/bench/benchmarker/scenario/scenario.go:315 msg=時間経過 tick=720
time=18:32:57.637 level=DEBUG source=/tmp/isucon14/bench/benchmarker/scenario/scenario.go:317 msg=eval reqs=26 score="[4 5 12 5 0]" criteria="[6 0 19 19]"
time=18:32:57.637 level=INFO msg=これまでに地域内の評判によって20人、既存ユーザーの招待経由で5人が新規登録しました
time=18:32:57.637 level=INFO msg=これまでに低評価なライドによって8人が利用をやめました
time=18:32:57.637 level=INFO msg=76.9%のライドは椅子がマッチされるまでの時間、100.0%のライドはマッチされた椅子が乗車地点までに掛かる時間、26.9%のライドは椅子の実移動時間に不満がありました
time=18:32:57.642 level=INFO msg=一定の売上が立ったためオーナーの椅子が増加します 名前="Orbit Taxi" 増加数=1
time=18:32:57.653 level=INFO msg=一定の売上が立ったためオーナーの椅子が増加します 名前=風座プロダクツ 増加数=1
time=18:32:59.437 level=DEBUG source=/tmp/isucon14/bench/benchmarker/scenario/scenario.go:315 msg=時間経過 tick=780
time=18:32:59.437 level=DEBUG source=/tmp/isucon14/bench/benchmarker/scenario/scenario.go:317 msg=eval reqs=28 score="[5 6 12 5 0]" criteria="[6 0 19 20]"
time=18:33:01.237 level=DEBUG source=/tmp/isucon14/bench/benchmarker/scenario/scenario.go:315 msg=時間経過 tick=840
time=18:33:01.237 level=DEBUG source=/tmp/isucon14/bench/benchmarker/scenario/scenario.go:317 msg=eval reqs=30 score="[5 8 12 5 0]" criteria="[6 0 19 22]"
time=18:33:03.037 level=INFO msg=これまでに地域内の評判によって26人、既存ユーザーの招待経由で5人が新規登録しました
time=18:33:03.037 level=INFO msg=これまでに低評価なライドによって13人が利用をやめました
time=18:33:03.037 level=INFO msg=82.4%のライドは椅子がマッチされるまでの時間、100.0%のライドはマッチされた椅子が乗車地点までに掛かる時間、33.8%のライドは椅子の実移動時間に不満がありました
time=18:33:03.037 level=DEBUG source=/tmp/isucon14/bench/benchmarker/scenario/scenario.go:315 msg=時間経過 tick=900
time=18:33:03.037 level=DEBUG source=/tmp/isucon14/bench/benchmarker/scenario/scenario.go:317 msg=eval reqs=34 score="[6 10 13 5 0]" criteria="[6 0 21 24]"
time=18:33:03.049 level=INFO msg=一定の売上が立ったためオーナーの椅子が増加します 名前="Skyline Taxis" 増加数=1
time=18:33:04.825 level=INFO msg=一定の売上が立ったためオーナーの椅子が増加します 名前=再座堂 増加数=1
time=18:33:04.829 level=INFO msg=一定の売上が立ったためオーナーの椅子が増加します 名前="Orbit Taxi" 増加数=1
time=18:33:04.835 level=INFO msg=一定の売上が立ったためオーナーの椅子が増加します 名前="LuxeLine Taxi" 増加数=1
time=18:33:04.837 level=DEBUG source=/tmp/isucon14/bench/benchmarker/scenario/scenario.go:315 msg=時間経過 tick=960
time=18:33:04.837 level=DEBUG source=/tmp/isucon14/bench/benchmarker/scenario/scenario.go:317 msg=eval reqs=38 score="[8 11 14 5 0]" criteria="[6 0 22 26]"
time=18:33:06.617 level=INFO msg=一定の売上が立ったためオーナーの椅子が増加します 名前=風座プロダクツ 増加数=1
time=18:33:06.637 level=DEBUG source=/tmp/isucon14/bench/benchmarker/scenario/scenario.go:315 msg=時間経過 tick=1020
time=18:33:06.637 level=DEBUG source=/tmp/isucon14/bench/benchmarker/scenario/scenario.go:317 msg=eval reqs=40 score="[8 13 14 5 0]" criteria="[6 0 23 27]"
time=18:33:08.419 level=INFO msg=一定の売上が立ったためオーナーの椅子が増加します 名前=風座プロダクツ 増加数=1
time=18:33:08.437 level=DEBUG source=/tmp/isucon14/bench/benchmarker/scenario/scenario.go:315 msg=時間経過 tick=1080
time=18:33:08.437 level=DEBUG source=/tmp/isucon14/bench/benchmarker/scenario/scenario.go:317 msg=eval reqs=44 score="[9 15 15 5 0]" criteria="[6 0 25 29]"
time=18:33:08.437 level=INFO msg=これまでに地域内の評判によって32人、既存ユーザーの招待経由で5人が新規登録しました
time=18:33:08.437 level=INFO msg=これまでに低評価なライドによって21人が利用をやめました
time=18:33:08.437 level=INFO msg=86.4%のライドは椅子がマッチされるまでの時間、100.0%のライドはマッチされた椅子が乗車地点までに掛かる時間、38.6%のライドは椅子の実移動時間に不満がありました
time=18:33:10.237 level=DEBUG source=/tmp/isucon14/bench/benchmarker/scenario/scenario.go:315 msg=時間経過 tick=1140
time=18:33:10.237 level=DEBUG source=/tmp/isucon14/bench/benchmarker/scenario/scenario.go:317 msg=eval reqs=47 score="[10 16 16 5 0]" criteria="[6 0 26 31]"
time=18:33:10.239 level=INFO msg=一定の売上が立ったためオーナーの椅子が増加します 名前="Skyline Taxis" 増加数=1
time=18:33:10.255 level=INFO msg=一定の売上が立ったためオーナーの椅子が増加します 名前="LuxeLine Taxi" 増加数=1
time=18:33:10.255 level=INFO msg=一定の売上が立ったためオーナーの椅子が増加します 名前=再座堂 増加数=1
time=18:33:11.517 level=WARN msg="取得したオーナーの椅子一覧の情報が想定しているものと異なります (CODE=26): total_distanceの反映が遅いデータがあります (id: 01M3EGYYCC67KATJ8PMF8KVS43)"
time=18:33:12.037 level=DEBUG source=/tmp/isucon14/bench/benchmarker/scenario/scenario.go:315 msg=時間経過 tick=1200
time=18:33:12.037 level=DEBUG source=/tmp/isucon14/bench/benchmarker/scenario/scenario.go:317 msg=eval reqs=49 score="[11 17 16 5 0]" criteria="[6 0 27 31]"
time=18:33:13.837 level=DEBUG source=/tmp/isucon14/bench/benchmarker/scenario/scenario.go:315 msg=時間経過 tick=1260
time=18:33:13.837 level=INFO msg=これまでに地域内の評判によって39人、既存ユーザーの招待経由で5人が新規登録しました
time=18:33:13.837 level=INFO msg=これまでに低評価なライドによって23人が利用をやめました
time=18:33:13.837 level=INFO msg=88.0%のライドは椅子がマッチされるまでの時間、100.0%のライドはマッチされた椅子が乗車地点までに掛かる時間、41.0%のライドは椅子の実移動時間に不満がありました
time=18:33:13.837 level=DEBUG source=/tmp/isucon14/bench/benchmarker/scenario/scenario.go:317 msg=eval reqs=50 score="[11 18 16 5 0]" criteria="[6 0 28 31]"
time=18:33:15.637 level=DEBUG source=/tmp/isucon14/bench/benchmarker/scenario/scenario.go:315 msg=時間経過 tick=1320
time=18:33:15.637 level=DEBUG source=/tmp/isucon14/bench/benchmarker/scenario/scenario.go:317 msg=eval reqs=54 score="[14 19 16 5 0]" criteria="[6 0 28 32]"
time=18:33:15.659 level=INFO msg=一定の売上が立ったためオーナーの椅子が増加します 名前="Skyline Taxis" 増加数=2
time=18:33:17.437 level=DEBUG source=/tmp/isucon14/bench/benchmarker/scenario/scenario.go:315 msg=時間経過 tick=1380
time=18:33:17.437 level=DEBUG source=/tmp/isucon14/bench/benchmarker/scenario/scenario.go:317 msg=eval reqs=58 score="[17 20 16 5 0]" criteria="[6 0 29 32]"
time=18:33:17.445 level=INFO msg=一定の売上が立ったためオーナーの椅子が増加します 名前="Orbit Taxi" 増加数=1
time=18:33:19.237 level=DEBUG source=/tmp/isucon14/bench/benchmarker/scenario/scenario.go:315 msg=時間経過 tick=1440
time=18:33:19.237 level=DEBUG source=/tmp/isucon14/bench/benchmarker/scenario/scenario.go:317 msg=eval reqs=60 score="[18 21 16 5 0]" criteria="[6 0 30 32]"
time=18:33:19.237 level=INFO msg=これまでに地域内の評判によって45人、既存ユーザーの招待経由で5人が新規登録しました
time=18:33:19.237 level=INFO msg=これまでに低評価なライドによって32人が利用をやめました
time=18:33:19.237 level=INFO msg=90.0%のライドは椅子がマッチされるまでの時間、100.0%のライドはマッチされた椅子が乗車地点までに掛かる時間、48.3%のライドは椅子の実移動時間に不満がありました
time=18:33:19.290 level=INFO msg=一定の売上が立ったためオーナーの椅子が増加します 名前="Orbit Taxi" 増加数=1
time=18:33:21.037 level=DEBUG source=/tmp/isucon14/bench/benchmarker/scenario/scenario.go:315 msg=時間経過 tick=1500
time=18:33:21.037 level=DEBUG source=/tmp/isucon14/bench/benchmarker/scenario/scenario.go:317 msg=eval reqs=63 score="[21 21 16 5 0]" criteria="[6 0 30 32]"
time=18:33:22.867 level=DEBUG source=/tmp/isucon14/bench/benchmarker/scenario/scenario.go:315 msg=時間経過 tick=1560
time=18:33:22.867 level=DEBUG source=/tmp/isucon14/bench/benchmarker/scenario/scenario.go:317 msg=eval reqs=63 score="[21 21 16 5 0]" criteria="[6 0 30 32]"
time=18:33:24.668 level=INFO msg=これまでに地域内の評判によって51人、既存ユーザーの招待経由で5人が新規登録しました
time=18:33:24.668 level=INFO msg=これまでに低評価なライドによって35人が利用をやめました
time=18:33:24.668 level=INFO msg=90.6%のライドは椅子がマッチされるまでの時間、100.0%のライドはマッチされた椅子が乗車地点までに掛かる時間、51.6%のライドは椅子の実移動時間に不満がありました
time=18:33:24.668 level=DEBUG source=/tmp/isucon14/bench/benchmarker/scenario/scenario.go:315 msg=時間経過 tick=1620
time=18:33:24.668 level=DEBUG source=/tmp/isucon14/bench/benchmarker/scenario/scenario.go:317 msg=eval reqs=64 score="[22 21 16 5 0]" criteria="[6 0 30 32]"
time=18:33:26.467 level=DEBUG source=/tmp/isucon14/bench/benchmarker/scenario/scenario.go:315 msg=時間経過 tick=1680
time=18:33:26.467 level=DEBUG source=/tmp/isucon14/bench/benchmarker/scenario/scenario.go:317 msg=eval reqs=68 score="[26 21 16 5 0]" criteria="[6 0 30 32]"
time=18:33:26.477 level=INFO msg=一定の売上が立ったためオーナーの椅子が増加します 名前=再座堂 増加数=1
time=18:33:26.499 level=INFO msg=一定の売上が立ったためオーナーの椅子が増加します 名前="Skyline Taxis" 増加数=1
time=18:33:26.503 level=INFO msg=一定の売上が立ったためオーナーの椅子が増加します 名前="Orbit Taxi" 増加数=1
time=18:33:28.267 level=DEBUG source=/tmp/isucon14/bench/benchmarker/scenario/scenario.go:315 msg=時間経過 tick=1740
time=18:33:28.268 level=DEBUG source=/tmp/isucon14/bench/benchmarker/scenario/scenario.go:317 msg=eval reqs=71 score="[29 21 16 5 0]" criteria="[6 0 30 32]"
time=18:33:28.326 level=INFO msg=一定の売上が立ったためオーナーの椅子が増加します 名前=風座プロダクツ 増加数=1
time=18:33:30.067 level=INFO msg=これまでに地域内の評判によって57人、既存ユーザーの招待経由で5人が新規登録しました
time=18:33:30.067 level=INFO msg=これまでに低評価なライドによって41人が利用をやめました
time=18:33:30.067 level=INFO msg=91.7%のライドは椅子がマッチされるまでの時間、100.0%のライドはマッチされた椅子が乗車地点までに掛かる時間、56.9%のライドは椅子の実移動時間に不満がありました
time=18:33:30.067 level=DEBUG source=/tmp/isucon14/bench/benchmarker/scenario/scenario.go:315 msg=時間経過 tick=1800
time=18:33:30.067 level=DEBUG source=/tmp/isucon14/bench/benchmarker/scenario/scenario.go:317 msg=eval reqs=72 score="[30 21 16 5 0]" criteria="[6 0 30 32]"
time=18:33:31.867 level=DEBUG source=/tmp/isucon14/bench/benchmarker/scenario/scenario.go:315 msg=時間経過 tick=1860
time=18:33:31.867 level=DEBUG source=/tmp/isucon14/bench/benchmarker/scenario/scenario.go:317 msg=eval reqs=74 score="[31 21 17 5 0]" criteria="[6 1 31 32]"
time=18:33:31.927 level=INFO msg=一定の売上が立ったためオーナーの椅子が増加します 名前="LuxeLine Taxi" 増加数=1
time=18:33:33.667 level=DEBUG source=/tmp/isucon14/bench/benchmarker/scenario/scenario.go:315 msg=時間経過 tick=1920
time=18:33:33.667 level=DEBUG source=/tmp/isucon14/bench/benchmarker/scenario/scenario.go:317 msg=eval reqs=78 score="[35 21 17 5 0]" criteria="[6 1 31 32]"
time=18:33:33.685 level=INFO msg=一定の売上が立ったためオーナーの椅子が増加します 名前="Orbit Taxi" 増加数=1
time=18:33:35.467 level=INFO msg=これまでに地域内の評判によって63人、既存ユーザーの招待経由で5人が新規登録しました
time=18:33:35.467 level=INFO msg=これまでに低評価なライドによって47人が利用をやめました
time=18:33:35.467 level=INFO msg=92.5%のライドは椅子がマッチされるまでの時間、98.8%のライドはマッチされた椅子が乗車地点までに掛かる時間、60.6%のライドは椅子の実移動時間に不満がありました
time=18:33:35.467 level=DEBUG source=/tmp/isucon14/bench/benchmarker/scenario/scenario.go:315 msg=時間経過 tick=1980
time=18:33:35.467 level=DEBUG source=/tmp/isucon14/bench/benchmarker/scenario/scenario.go:317 msg=eval reqs=80 score="[37 21 17 5 0]" criteria="[6 1 31 32]"
time=18:33:35.477 level=INFO msg=一定の売上が立ったためオーナーの椅子が増加します 名前=再座堂 増加数=1
time=18:33:35.501 level=INFO msg=一定の売上が立ったためオーナーの椅子が増加します 名前=風座プロダクツ 増加数=1
time=18:33:41.038 level=INFO msg=最終地域情報 名前=チェアタウン ユーザー登録数=40 アクティブユーザー数=16
time=18:33:41.038 level=INFO msg=最終地域情報 名前=コシカケシティ ユーザー登録数=40 アクティブユーザー数=15
time=18:33:41.038 level=INFO msg=最終オーナー情報 名前="Orbit Taxi" 売上=111700 椅子数=10
time=18:33:41.038 level=INFO msg=最終オーナー情報 名前="Skyline Taxis" 売上=143700 椅子数=12
time=18:33:41.038 level=INFO msg=最終オーナー情報 名前=再座堂 売上=83600 椅子数=9
time=18:33:41.038 level=INFO msg=最終オーナー情報 名前=風座プロダクツ 売上=79800 椅子数=9
time=18:33:41.038 level=INFO msg=最終オーナー情報 名前="LuxeLine Taxi" 売上=76600 椅子数=8
time=18:33:41.038 level=INFO msg=92.8%のライドは椅子がマッチされるまでの時間、98.8%のライドはマッチされた椅子が乗車地点までに掛かる時間、62.0%のライドは椅子の実移動時間に不満がありました
time=18:33:41.038 level=INFO msg=結果 pass=true スコア=7581 種別エラー数=map[26:1]
time=18:33:41.039 level=INFO msg=負荷走行が終了しました
