2026-09-26T09:32:35+00:00
COMMAND         %CPU   RSS
mysqld          35.3 694560
nginx            1.3  9712
nginx            1.2  9580
systemd-journal  0.9 252400
rsyslogd         0.4  5528
jbd2/sda1-8      0.4     0
rcu_preempt      0.1     0
kworker/1:1H-kb  0.1     0
kworker/0:1H-kb  0.1     0
2026-09-26T09:32:37+00:00
COMMAND         %CPU   RSS
mysqld          35.3 752044
bench            9.5 48500
nginx            1.3  9712
nginx            1.2  9580
isuride          0.9 15104
systemd-journal  0.9 253540
rsyslogd         0.4  5528
jbd2/sda1-8      0.4     0
rcu_preempt      0.1     0
2026-09-26T09:32:39+00:00
COMMAND         %CPU   RSS
mysqld          35.4 709912
bench            9.4 52688
isuride          2.5 15452
nginx            1.3  9712
nginx            1.2  9580
systemd-journal  0.9 255012
rsyslogd         0.4  5528
jbd2/sda1-8      0.4     0
rcu_preempt      0.1     0
2026-09-26T09:32:41+00:00
COMMAND         %CPU   RSS
mysqld          35.5 714068
bench           10.2 57444
isuride          4.1 15856
nginx            1.3  9712
nginx            1.2  9580
systemd-journal  0.9 256152
rsyslogd         0.4  5528
jbd2/sda1-8      0.4     0
rcu_preempt      0.1     0
2026-09-26T09:32:43+00:00
COMMAND         %CPU   RSS
mysqld          35.5 715156
bench           10.5 63992
isuride          5.6 15920
nginx            1.3  9712
nginx            1.2  9580
systemd-journal  0.9 257288
rsyslogd         0.4  5528
jbd2/sda1-8      0.4     0
rcu_preempt      0.1     0
2026-09-26T09:32:45+00:00
COMMAND         %CPU   RSS
mysqld          35.6 717320
bench           11.0 69224
isuride          7.1 16444
nginx            1.3  9712
nginx            1.2  9580
systemd-journal  0.9 260408
rsyslogd         0.4  5528
jbd2/sda1-8      0.4     0
rcu_preempt      0.1     0
2026-09-26T09:32:47+00:00
COMMAND         %CPU   RSS
mysqld          35.7 719444
bench           11.3 71264
isuride          8.4 16300
nginx            1.3  9712
nginx            1.2  9580
systemd-journal  0.9 263288
rsyslogd         0.4  5528
jbd2/sda1-8      0.4     0
rcu_preempt      0.1     0
2026-09-26T09:32:49+00:00
COMMAND         %CPU   RSS
mysqld          35.8 722768
bench           11.5 76972
isuride          9.5 16968
nginx            1.3  9712
nginx            1.2  9580
systemd-journal  0.9 264856
rsyslogd         0.4  5528
jbd2/sda1-8      0.4     0
rcu_preempt      0.1     0
2026-09-26T09:32:51+00:00
COMMAND         %CPU   RSS
mysqld          36.0 724600
bench           11.8 80920
isuride         10.6 17100
nginx            1.3  9712
nginx            1.2  9580
systemd-journal  0.9 266132
rsyslogd         0.4  5528
jbd2/sda1-8      0.4     0
rcu_preempt      0.1     0
2026-09-26T09:32:53+00:00
COMMAND         %CPU   RSS
mysqld          36.1 727976
bench           12.2 83700
isuride         11.5 17124
nginx            1.3  9712
nginx            1.2  9580
systemd-journal  0.9 268308
rsyslogd         0.4  5528
jbd2/sda1-8      0.4     0
rcu_preempt      0.1     0
2026-09-26T09:32:55+00:00
COMMAND         %CPU   RSS
mysqld          36.2 770932
isuride         12.3 17360
bench           12.3 87928
nginx            1.3  9712
nginx            1.2  9580
systemd-journal  0.9 271728
rsyslogd         0.5  5528
jbd2/sda1-8      0.4     0
rcu_preempt      0.1     0
2026-09-26T09:32:57+00:00
COMMAND         %CPU   RSS
mysqld          36.3 778260
isuride         13.1 18152
bench           12.4 91560
nginx            1.3  9712
nginx            1.3  9580
systemd-journal  0.9 273304
rsyslogd         0.5  5528
jbd2/sda1-8      0.4     0
rcu_preempt      0.1     0
2026-09-26T09:32:59+00:00
COMMAND         %CPU   RSS
mysqld          36.4 740548
isuride         13.8 17412
bench           12.4 94720
nginx            1.3  9712
nginx            1.3  9580
systemd-journal  0.9 274812
rsyslogd         0.5  5528
jbd2/sda1-8      0.4     0
kworker/1:1H-kb  0.1     0
2026-09-26T09:33:01+00:00
COMMAND         %CPU   RSS
mysqld          36.5 742664
isuride         14.4 17236
bench           12.5 98292
curl            10.0 12304
nginx            1.3  9712
nginx            1.3  9580
systemd-journal  0.9 279272
rsyslogd         0.5  5528
jbd2/sda1-8      0.4     0
2026-09-26T09:33:03+00:00
COMMAND         %CPU   RSS
mysqld          36.7 745832
isuride         15.1 17640
bench           12.6 101368
nginx            1.3  9712
nginx            1.3  9580
systemd-journal  0.9 281208
rsyslogd         0.5  5528
jbd2/sda1-8      0.4     0
kworker/1:1H-kb  0.2     0
2026-09-26T09:33:05+00:00
COMMAND         %CPU   RSS
mysqld          36.8 747912
isuride         15.6 17376
bench           12.6 103848
nginx            1.3  9712
nginx            1.3  9580
systemd-journal  0.9 282656
rsyslogd         0.5  5528
jbd2/sda1-8      0.4     0
kworker/1:1H-kb  0.2     0
2026-09-26T09:33:07+00:00
COMMAND         %CPU   RSS
mysqld          36.9 747988
isuride         16.1 17948
bench           12.6 108228
curl             9.0 12304
nginx            1.3  9712
nginx            1.3  9580
systemd-journal  0.9 284028
rsyslogd         0.5  5528
jbd2/sda1-8      0.4     0
2026-09-26T09:33:09+00:00
COMMAND         %CPU   RSS
mysqld          37.0 749140
isuride         16.5 18472
bench           12.6 110960
nginx            1.3  9712
nginx            1.3  9580
systemd-journal  0.9 288688
rsyslogd         0.5  5528
jbd2/sda1-8      0.4     0
kworker/1:1H-kb  0.2     0
2026-09-26T09:33:11+00:00
COMMAND         %CPU   RSS
mysqld          37.2 751228
isuride         17.0 19488
bench           12.7 114224
nginx            1.3  9712
nginx            1.3  9580
systemd-journal  0.9 290224
rsyslogd         0.5  5528
jbd2/sda1-8      0.4     0
kworker/1:1H-kb  0.2     0
2026-09-26T09:33:13+00:00
COMMAND         %CPU   RSS
mysqld          37.3 804184
isuride         17.2 19708
bench           12.8 117692
nginx            1.3  9712
nginx            1.3  9580
systemd-journal  0.9 291544
rsyslogd         0.5  5528
jbd2/sda1-8      0.4     0
kworker/1:1H-kb  0.2     0
2026-09-26T09:33:15+00:00
COMMAND         %CPU   RSS
mysqld          37.4 773572
isuride         17.6 18292
bench           12.8 117756
nginx            1.3  9712
nginx            1.3  9580
systemd-journal  0.9 291612
rsyslogd         0.5  5528
jbd2/sda1-8      0.4     0
kworker/1:1H-kb  0.2     0
2026-09-26T09:33:17+00:00
COMMAND         %CPU   RSS
mysqld          37.6 744812
isuride         18.0 18704
bench           12.9 124728
nginx            1.3  9712
nginx            1.3  9580
systemd-journal  0.9 291612
rsyslogd         0.5  5528
jbd2/sda1-8      0.4     0
kworker/1:1H-kb  0.2     0
2026-09-26T09:33:19+00:00
COMMAND         %CPU   RSS
mysqld          37.7 747052
isuride         18.3 20284
bench           12.9 127760
nginx            1.3  9712
nginx            1.3  9580
systemd-journal  0.9 292328
rsyslogd         0.5  5528
jbd2/sda1-8      0.4     0
kworker/1:1H-kb  0.2     0
2026-09-26T09:33:21+00:00
COMMAND         %CPU   RSS
curl            57.1   396
mysqld          37.8 734752
isuride         18.7 18516
bench           13.1 130160
nginx            1.3  9712
nginx            1.3  9580
systemd-journal  0.9 293344
rsyslogd         0.5  5528
jbd2/sda1-8      0.5     0
2026-09-26T09:33:23+00:00
COMMAND         %CPU   RSS
mysqld          37.9 735896
isuride         19.0 20132
bench           13.1 130624
nginx            1.3  9712
nginx            1.3  9580
systemd-journal  0.9 297292
rsyslogd         0.5  5528
jbd2/sda1-8      0.5     0
kworker/1:1H-kb  0.2     0
2026-09-26T09:33:25+00:00
COMMAND         %CPU   RSS
mysqld          38.1 732140
isuride         19.2 20172
bench           13.2 136620
nginx            1.3  9712
nginx            1.3  9580
systemd-journal  0.9 299252
rsyslogd         0.5  5528
jbd2/sda1-8      0.5     0
kworker/1:1H-kb  0.2     0
2026-09-26T09:33:27+00:00
COMMAND         %CPU   RSS
mysqld          38.2 729148
isuride         19.4 19896
bench           13.1 136632
nginx            1.4  9712
nginx            1.3  9580
systemd-journal  0.9 300284
rsyslogd         0.5  5528
jbd2/sda1-8      0.5     0
kworker/1:1H-kb  0.2     0
2026-09-26T09:33:29+00:00
COMMAND         %CPU   RSS
mysqld          38.3 729548
isuride         19.6 20508
bench           13.2 141800
nginx            1.4  9712
nginx            1.3  9580
systemd-journal  0.9 301180
rsyslogd         0.5  5528
jbd2/sda1-8      0.5     0
kworker/1:1H-kb  0.2     0
2026-09-26T09:33:31+00:00
COMMAND         %CPU   RSS
mysqld          38.5 753140
isuride         19.7 20648
bench           13.1 141944
nginx            1.4  9712
nginx            1.3  9584
systemd-journal  1.0 302076
rsyslogd         0.5  5528
jbd2/sda1-8      0.5     0
kworker/1:1H-kb  0.2     0
2026-09-26T09:33:33+00:00
COMMAND         %CPU   RSS
mysqld          38.6 768404
isuride         19.9 21148
bench           13.1 147956
nginx            1.4  9712
nginx            1.3  9584
systemd-journal  1.0 305316
rsyslogd         0.5  5528
jbd2/sda1-8      0.5     0
kworker/1:1H-kb  0.2     0
2026-09-26T09:33:35+00:00
COMMAND         %CPU   RSS
mysqld          38.7 748652
isuride         20.0 21044
bench           13.1 148336
nginx            1.4  9712
nginx            1.3  9608
systemd-journal  1.0 307696
rsyslogd         0.5  5528
jbd2/sda1-8      0.5     0
kworker/1:1H-kb  0.2     0
2026-09-26T09:33:37+00:00
COMMAND         %CPU   RSS
mysqld          38.8 721756
isuride         20.3 19112
bench           13.1 156888
nginx            1.4  9712
nginx            1.3  9628
systemd-journal  1.0 166732
rsyslogd         0.5  5528
jbd2/sda1-8      0.5     0
kworker/1:1H-kb  0.2     0
2026-09-26T09:33:39+00:00
COMMAND         %CPU   RSS
mysqld          38.9 721832
isuride         20.7 18872
bench           13.1 156896
nginx            1.4  9712
nginx            1.3  9628
systemd-journal  1.0 168576
rsyslogd         0.5  5528
jbd2/sda1-8      0.5     0
kworker/1:1H-kb  0.2     0
