procs -----------memory---------- ---swap-- -----io---- -system-- -------cpu------- -----timestamp-----
 r  b   swpd   free   buff  cache   si   so    bi    bo   in   cs us sy id wa st gu                 UTC
 3  0      0 1932704  88136 1123252    0    0   381  4626 5115   90 20  8 71  0  0  0 2026-09-26 09:32:35
 6  0      0 1890644  88136 1128204    0    0    48 55572 17490 37439 33 13 39 15  0  0 2026-09-26 09:32:36
10  0      0 1838004  88136 1134136    0    0     0 10940 16556 52659 65 13 21  1  0  0 2026-09-26 09:32:37
 3  0      0 1826116  88136 1129812    0    0     0  7524 21632 64769 34 17 47  2  0  0 2026-09-26 09:32:38
 3  0      0 1844676  88136 1130804    0    0     0 10444 22514 67092 47 24 28  1  0  0 2026-09-26 09:32:39
 3  1      0 1859752  88136 1131644    0    0     0 11972 24334 84043 53 24 21  2  0  0 2026-09-26 09:32:40
 7  0      0 1792424  88136 1132776    0    0     0 11232 20947 71583 61 22 16  1  0  0 2026-09-26 09:32:41
 2  0      0 1791700  88136 1133852    0    0     0  9372 25690 86948 47 23 29  1  0  0 2026-09-26 09:32:42
12  0      0 1817660  88136 1134900    0    0     0 12352 22293 78745 57 23 19  1  0  0 2026-09-26 09:32:43
 3  0      0 1817416  88136 1136120    0    0     0 11156 24187 89141 49 26 24  1  0  0 2026-09-26 09:32:44
 2  0      0 1786228  88136 1137580    0    0     0 14692 21086 78779 61 29 10  1  0  0 2026-09-26 09:32:45
16  0      0 1800880  88136 1144400    0    0     0 13988 20997 81549 61 27 11  1  0  0 2026-09-26 09:32:46
18  1      0 1807848  88136 1140108    0    0     0 35908 20816 79884 59 27 14  1  0  0 2026-09-26 09:32:47
 8  1      0 1787368  88136 1143712    0    0     0 16504 19395 75319 64 27  8  1  0  0 2026-09-26 09:32:48
10  0      0 1817632  88136 1142616    0    0     0 14156 21396 82599 58 27 13  2  0  0 2026-09-26 09:32:49
15  0      0 1768548  88136 1145008    0    0     0 12352 14914 56015 65 31  4  1  0  0 2026-09-26 09:32:50
17  0      0 1760288  88136 1145012    0    0     0 15552 18578 75404 63 29  7  1  0  0 2026-09-26 09:32:51
21  0      0 1750384  88136 1146164    0    0     0 12640 14549 53976 69 29  3  0  0  0 2026-09-26 09:32:52
 3  0      0 1757096  88136 1147268    0    0     0 15384 18897 70024 58 33  7  2  0  0 2026-09-26 09:32:53
18  0      0 1736964  88136 1149524    0    0     0 16624 18378 66687 66 29  5  1  0  0 2026-09-26 09:32:54
19  1      0 1735740  88136 1156768    0    0     0 15728 19149 76418 63 29  8  1  0  0 2026-09-26 09:32:55
procs -----------memory---------- ---swap-- -----io---- -system-- -------cpu------- -----timestamp-----
 r  b   swpd   free   buff  cache   si   so    bi    bo   in   cs us sy id wa st gu                 UTC
14  0      0 1753456  88136 1152068    0    0     0 15796 18830 72546 63 31  6  1  0  0 2026-09-26 09:32:56
11  0      0 1734184  88136 1157280    0    0     0 16012 19010 71887 63 28  7  2  0  0 2026-09-26 09:32:57
17  0      0 1741696  88136 1155588    0    0     0 20308 18460 69498 67 29  4  1  0  0 2026-09-26 09:32:58
 9  1      0 1704156  88136 1157540    0    0     0 15748 17305 70699 65 29  6  1  0  0 2026-09-26 09:32:59
 9  1      0 1706500  88136 1160692    0    0     0 16424 18993 79829 61 32  6  1  0  0 2026-09-26 09:33:00
21  1      0 1727300  88136 1162648    0    0     0 16748 18281 69572 66 28  5  1  0  0 2026-09-26 09:33:01
14  0      0 1727244  88136 1164136    0    0     0 17740 19952 82632 61 32  6  1  0  0 2026-09-26 09:33:02
16  0      0 1729296  88136 1165392    0    0     0 45224 17688 68227 65 31  3  1  0  0 2026-09-26 09:33:03
32  0      0 1703252  88136 1176596    0    0     0 17448 20175 81746 63 31  6  1  0  0 2026-09-26 09:33:04
14  0      0 1703224  88136 1168456    0    0     0 16972 17686 72348 68 29  3  1  0  0 2026-09-26 09:33:05
 7  0      0 1679544  88136 1174088    0    0     0 15328 19110 74765 64 29  6  1  0  0 2026-09-26 09:33:06
16  2      0 1672740  88136 1171096    0    0     0 16608 18959 82427 65 30  5  1  0  0 2026-09-26 09:33:07
 4  0      0 1646084  88136 1172548    0    0     0 47844 17233 68250 67 31  2  0  0  0 2026-09-26 09:33:08
25  0      0 1646672  88136 1173748    0    0     0 17728 18263 77812 67 29  4  1  0  0 2026-09-26 09:33:09
 5  1      0 1652900  88136 1175236    0    0     0 17320 18643 65445 70 29  1  1  0  0 2026-09-26 09:33:10
34  0      0 1671684  88136 1176148    0    0     0 15860 16801 65501 66 32  1  1  0  0 2026-09-26 09:33:11
23  0      0 1637176  88136 1177364    0    0     0 15368 16633 56751 73 27  1  0  0  0 2026-09-26 09:33:12
12  0      0 1640424  88136 1189176    0    0     0 17652 17898 67279 69 31  1  0  0  0 2026-09-26 09:33:13
28  0      0 1690848  88136 1179444    0    0     0 16352 17034 65785 65 33  2  1  0  0 2026-09-26 09:33:14
32  0      0 1660428  88136 1184776    0    0     0 16672 19045 71607 69 30  2  0  0  0 2026-09-26 09:33:15
21  0      0 1673912  88136 1181088    0    0     0 16732 18501 72047 64 34  2  1  0  0 2026-09-26 09:33:16
procs -----------memory---------- ---swap-- -----io---- -system-- -------cpu------- -----timestamp-----
 r  b   swpd   free   buff  cache   si   so    bi    bo   in   cs us sy id wa st gu                 UTC
30  0      0 1646528  88136 1184712    0    0     0 15960 16441 61562 70 31  0  0  0  0 2026-09-26 09:33:17
40  0      0 1663332  88136 1182404    0    0     0 13328 14236 54158 63 35  2  1  0  0 2026-09-26 09:33:18
 7  0      0 1637148  88136 1186484    0    0     0 16852 14187 48565 73 28  0  0  0  0 2026-09-26 09:33:19
21  1      0 1666248  88136 1184384    0    0     0 15788 15728 59892 66 34  1  0  0  0 2026-09-26 09:33:20
19  0      0 1651612  88136 1185408    0    0     0 15136 16737 57465 71 28  1  0  0  0 2026-09-26 09:33:21
29  0      0 1657752  88136 1194012    0    0     0  9744 12184 40090 63 34  2  1  0  0 2026-09-26 09:33:22
27  0      0 1632040  88136 1187224    0    0     0 37268 14253 49236 71 29  0  0  0  0 2026-09-26 09:33:23
25  0      0 1653628  88136 1207436    0    0     0 18436 15889 57260 69 28  2  1  0  0 2026-09-26 09:33:24
17  1      0 1662736  88136 1190240    0    0     0 16312 15287 56408 68 31  1  0  0  0 2026-09-26 09:33:25
19  0      0 1636196  88136 1196172    0    0     0 17212 17306 63672 70 28  1  1  0  0 2026-09-26 09:33:26
20  1      0 1697236  88136 1192572    0    0     0 18060 16412 66959 63 34  3  1  0  0 2026-09-26 09:33:27
49  1      0 1586144  88136 1196712    0    0     0 29328 12865 42736 71 29  1  0  0  0 2026-09-26 09:33:28
41  1      0 1616744  88136 1194352    0    0     0 15376 14290 55271 70 28  1  1  0  0 2026-09-26 09:33:29
16  0      0 1597284  88136 1196876    0    0     0 10024 11896 40971 74 26  0  0  0  0 2026-09-26 09:33:30
11  0      0 1620000  88136 1206944    0    0     0 16036 16201 62251 67 30  2  1  0  0 2026-09-26 09:33:31
33  0      0 1653152  88136 1199712    0    0     0 16528 17359 60169 72 28  1  0  0  0 2026-09-26 09:33:32
11  0      0 1613316  88136 1209120    0    0     0 17792 15847 64161 68 30  2  1  0  0 2026-09-26 09:33:33
32  0      0 1650980  88136 1201916    0    0     0 18344 15230 56549 72 28  0  0  0  0 2026-09-26 09:33:34
10  1      0 1636336  88136 1208024    0    0     0 14336 15353 52458 70 30  1  0  0  0 2026-09-26 09:33:35
18  0      0 1667824  88136 1204164    0    0     0 17180 17366 67861 69 31  1  0  0  0 2026-09-26 09:33:36
 3  0      0 1665492  88136 1205384    0    0     0  1048 20818 90054 67 22 12  0  0  0 2026-09-26 09:33:37
procs -----------memory---------- ---swap-- -----io---- -system-- -------cpu------- -----timestamp-----
 r  b   swpd   free   buff  cache   si   so    bi    bo   in   cs us sy id wa st gu                 UTC
 0  0      0 1660540  88136 1218256    0    0     0 28740 20626 90804 59 27 14  1  0  0 2026-09-26 09:33:38
10  0      0 1660036  88136 1220256    0    0     0  4536 22255 96805 60 24 16  0  0  0 2026-09-26 09:33:39
20  0      0 1657012  88136 1221460    0    0     0  1000 19207 88241 64 24 12  0  0  0 2026-09-26 09:33:40
