2026-09-26T14:50:17+00:00
COMMAND         %CPU   RSS
mysqld          14.0 1079888
nginx            0.7 12364
nginx            0.7 12816
systemd-journal  0.4 194404
rsyslogd         0.2  5592
jbd2/sda1-8      0.2     0
rcu_preempt      0.1     0
kworker/1:1H-kb  0.0     0
kworker/0:1H-kb  0.0     0
2026-09-26T14:50:19+00:00
COMMAND         %CPU   RSS
mysqld          14.0 1081356
bench           10.0 49916
isuride          1.1 15084
nginx            0.7 12364
nginx            0.7 12816
systemd-journal  0.4 195028
rsyslogd         0.2  5592
jbd2/sda1-8      0.2     0
rcu_preempt      0.1     0
2026-09-26T14:50:21+00:00
COMMAND         %CPU   RSS
bench           14.2 68744
mysqld          14.0 1082408
isuride          3.3 16064
nginx            0.7 12364
nginx            0.7 12816
systemd-journal  0.4 199452
rsyslogd         0.2  5592
jbd2/sda1-8      0.2     0
rcu_preempt      0.1     0
2026-09-26T14:50:23+00:00
COMMAND         %CPU   RSS
bench           17.2 97780
mysqld          14.0 1085228
isuride          5.6 17404
nginx            0.7 12364
nginx            0.7 12816
systemd-journal  0.4 201948
rsyslogd         0.2  5592
jbd2/sda1-8      0.2     0
rcu_preempt      0.1     0
2026-09-26T14:50:25+00:00
COMMAND         %CPU   RSS
bench           18.5 118932
curl            16.6 12324
mysqld          14.0 1087840
isuride          7.7 17996
nginx            0.7 12364
nginx            0.7 12816
systemd-journal  0.4 203836
rsyslogd         0.2  5584
jbd2/sda1-8      0.2     0
2026-09-26T14:50:27+00:00
COMMAND         %CPU   RSS
bench           19.5 152060
mysqld          14.0 1091272
curl            12.5 12344
isuride          9.9 18860
nginx            0.7 12364
nginx            0.7 12816
systemd-journal  0.4 209892
rsyslogd         0.2  5584
jbd2/sda1-8      0.2     0
2026-09-26T14:50:29+00:00
COMMAND         %CPU   RSS
bench           19.7 166128
mysqld          14.0 1095596
isuride         12.0 19428
nginx            0.7 12364
nginx            0.7 12816
systemd-journal  0.4 212340
rsyslogd         0.2  5584
jbd2/sda1-8      0.2     0
rcu_preempt      0.1     0
2026-09-26T14:50:31+00:00
COMMAND         %CPU   RSS
bench           19.6 170916
mysqld          14.0 1098236
isuride         13.9 20012
nginx            0.7 12364
nginx            0.7 12816
systemd-journal  0.4 218400
rsyslogd         0.2  5584
jbd2/sda1-8      0.2     0
rcu_preempt      0.1     0
2026-09-26T14:50:33+00:00
COMMAND         %CPU   RSS
bench           19.7 178172
isuride         15.5 20756
mysqld          14.0 1103504
nginx            0.7 12364
nginx            0.7 12816
systemd-journal  0.4 220644
rsyslogd         0.2  5584
jbd2/sda1-8      0.2     0
rcu_preempt      0.1     0
2026-09-26T14:50:35+00:00
COMMAND         %CPU   RSS
bench           19.9 185444
isuride         17.0 21272
mysqld          14.0 1109804
nginx            0.7 12364
nginx            0.7 12816
systemd-journal  0.4 221168
rsyslogd         0.2  5584
jbd2/sda1-8      0.2     0
rcu_preempt      0.1     0
2026-09-26T14:50:37+00:00
COMMAND         %CPU   RSS
bench           20.1 189916
isuride         18.3 22080
mysqld          14.0 1113028
curl             1.0 12304
nginx            0.7 12364
nginx            0.7 12816
systemd-journal  0.4 226868
rsyslogd         0.2  5584
jbd2/sda1-8      0.2     0
2026-09-26T14:50:39+00:00
COMMAND         %CPU   RSS
bench           20.3 201744
isuride         19.4 20684
mysqld          14.1 1115836
curl             0.8 12308
nginx            0.7 12364
nginx            0.7 12816
systemd-journal  0.4 228928
rsyslogd         0.2  5584
jbd2/sda1-8      0.2     0
2026-09-26T14:50:41+00:00
COMMAND         %CPU   RSS
isuride         20.5 22232
bench           20.4 213064
mysqld          14.1 1119332
nginx            0.7 12364
nginx            0.7 12816
systemd-journal  0.4 234588
rsyslogd         0.2  5584
jbd2/sda1-8      0.2     0
rcu_preempt      0.1     0
2026-09-26T14:50:43+00:00
COMMAND         %CPU   RSS
isuride         21.3 22208
bench           20.6 216948
mysqld          14.1 1122156
nginx            0.7 12364
nginx            0.7 12816
systemd-journal  0.4 239812
rsyslogd         0.2  5584
jbd2/sda1-8      0.2     0
rcu_preempt      0.1     0
2026-09-26T14:50:45+00:00
COMMAND         %CPU   RSS
isuride         22.1 24100
bench           20.7 228284
mysqld          14.1 1124560
nginx            0.7 12364
nginx            0.7 12816
systemd-journal  0.4 243700
rsyslogd         0.2  5584
jbd2/sda1-8      0.2     0
rcu_preempt      0.1     0
2026-09-26T14:50:47+00:00
COMMAND         %CPU   RSS
isuride         22.7 24812
bench           20.8 251836
mysqld          14.1 1125672
curl             0.9 12316
nginx            0.7 12364
nginx            0.7 12816
systemd-journal  0.4 246716
rsyslogd         0.2  5584
jbd2/sda1-8      0.2     0
2026-09-26T14:50:49+00:00
COMMAND         %CPU   RSS
isuride         23.1 24944
bench           20.9 259260
mysqld          14.1 1128568
nginx            0.7 12364
nginx            0.7 12816
systemd-journal  0.4 248480
curl             0.3 12316
rsyslogd         0.2  5584
jbd2/sda1-8      0.2     0
2026-09-26T14:50:51+00:00
COMMAND         %CPU   RSS
isuride         23.6 24164
bench           20.9 272368
mysqld          14.1 1130272
nginx            0.7 12364
nginx            0.7 12816
systemd-journal  0.4 248628
rsyslogd         0.2  5584
jbd2/sda1-8      0.2     0
curl             0.1 12316
2026-09-26T14:50:53+00:00
COMMAND         %CPU   RSS
isuride         24.2 22376
bench           20.8 291884
mysqld          14.1 1131576
nginx            0.7 12364
nginx            0.7 12816
systemd-journal  0.4 248628
rsyslogd         0.2  5584
jbd2/sda1-8      0.2     0
curl             0.1 12316
2026-09-26T14:50:55+00:00
COMMAND         %CPU   RSS
isuride         24.7 25192
bench           20.8 306144
curl            16.6 11844
mysqld          14.1 1133320
nginx            0.7 12364
nginx            0.7 12816
systemd-journal  0.4 248628
rsyslogd         0.2  5584
jbd2/sda1-8      0.2     0
2026-09-26T14:50:57+00:00
COMMAND         %CPU   RSS
isuride         25.1 24392
bench           20.7 306200
mysqld          14.1 1134376
nginx            0.7 12364
nginx            0.7 12816
curl             0.4 12312
systemd-journal  0.4 248628
rsyslogd         0.2  5584
jbd2/sda1-8      0.2     0
2026-09-26T14:50:59+00:00
COMMAND         %CPU   RSS
isuride         25.5 24808
bench           20.8 317532
mysqld          14.2 1135868
nginx            0.7 12568
nginx            0.7 12816
systemd-journal  0.4 248628
curl             0.2 12312
rsyslogd         0.2  5584
jbd2/sda1-8      0.2     0
2026-09-26T14:51:01+00:00
COMMAND         %CPU   RSS
isuride         25.8 24584
bench           20.7 318952
mysqld          14.2 1136780
nginx            0.7 12568
nginx            0.7 12816
systemd-journal  0.4 248628
rsyslogd         0.2  5584
jbd2/sda1-8      0.2     0
curl             0.1 12312
2026-09-26T14:51:03+00:00
COMMAND         %CPU   RSS
isuride         26.1 25432
bench           20.7 329208
mysqld          14.2 1136924
nginx            0.7 12568
nginx            0.7 12816
systemd-journal  0.4 248628
rsyslogd         0.2  5584
jbd2/sda1-8      0.2     0
curl             0.1 12312
2026-09-26T14:51:05+00:00
COMMAND         %CPU   RSS
isuride         26.4 26648
bench           20.7 330772
mysqld          14.2 1138592
nginx            0.7 12568
nginx            0.7 12816
systemd-journal  0.4 249216
rsyslogd         0.2  5584
jbd2/sda1-8      0.2     0
rcu_preempt      0.1     0
2026-09-26T14:51:07+00:00
COMMAND         %CPU   RSS
isuride         26.7 24556
bench           20.7 342152
mysqld          14.2 1139528
nginx            0.7 12576
curl             0.7 12316
nginx            0.7 12816
systemd-journal  0.4 255740
rsyslogd         0.2  5584
jbd2/sda1-8      0.2     0
2026-09-26T14:51:09+00:00
COMMAND         %CPU   RSS
isuride         26.9 26776
bench           20.6 343428
mysqld          14.2 1140696
nginx            0.7 12576
nginx            0.7 12816
systemd-journal  0.4 258176
curl             0.3 12316
rsyslogd         0.2  5584
jbd2/sda1-8      0.2     0
2026-09-26T14:51:11+00:00
COMMAND         %CPU   RSS
isuride         27.1 27196
bench           20.7 354124
mysqld          14.2 1142428
nginx            0.7 12576
nginx            0.7 12816
systemd-journal  0.4 264460
rsyslogd         0.2  5584
jbd2/sda1-8      0.2     0
curl             0.1 12316
2026-09-26T14:51:13+00:00
COMMAND         %CPU   RSS
isuride         27.3 26824
bench           20.6 354164
mysqld          14.2 1142568
nginx            0.7 12576
nginx            0.7 12816
systemd-journal  0.4 269440
rsyslogd         0.2  5584
jbd2/sda1-8      0.2     0
curl             0.1 12316
2026-09-26T14:51:15+00:00
COMMAND         %CPU   RSS
isuride         27.6 28668
bench           20.6 358044
mysqld          14.2 1142640
nginx            0.7 12584
nginx            0.7 12952
systemd-journal  0.4 271812
rsyslogd         0.2  5592
jbd2/sda1-8      0.2     0
curl             0.1 12316
2026-09-26T14:51:17+00:00
COMMAND         %CPU   RSS
isuride         27.7 27368
bench           20.6 371788
mysqld          14.2 1143432
nginx            0.7 12616
nginx            0.7 13004
systemd-journal  0.4 276504
rsyslogd         0.2  5592
jbd2/sda1-8      0.2     0
rcu_preempt      0.1     0
2026-09-26T14:51:19+00:00
COMMAND         %CPU   RSS
isuride         28.1 25952
bench           20.5 372148
mysqld          14.3 1143448
curl             1.6 12320
nginx            0.7 12616
nginx            0.7 13004
systemd-journal  0.4 276504
rsyslogd         0.2  5592
jbd2/sda1-8      0.2     0
2026-09-26T14:51:21+00:00
COMMAND         %CPU   RSS
isuride         28.4 26616
bench           20.6 395104
mysqld          14.3 1143572
nginx            0.8 12616
nginx            0.7 13004
systemd-journal  0.4 276504
curl             0.3 12320
rsyslogd         0.2  5592
jbd2/sda1-8      0.2     0
