procs -----------memory---------- ---swap-- -----io---- -system-- -------cpu------- -----timestamp-----
 r  b   swpd   free   buff  cache   si   so    bi    bo   in   cs us sy id wa st gu                 UTC
 4  0      0 458492  74352 2207200    0    0    46  2145 2488   43 10  4 86  0  0  0 2026-09-26 14:50:17
 1  1      0 388528  74356 2235460    0    0    76 60064 18252 41114 32 15 38 15  0  0 2026-09-26 14:50:18
 0  0      0 387828  74356 2238532    0    0     0 15184 23868 69651 22 20 55  3  0  0 2026-09-26 14:50:19
23  0      0 382092  74356 2240332    0    0     4 15224 27504 89793 39 24 35  2  0  0 2026-09-26 14:50:20
24  0      0 380676  74356 2242184    0    0     0 30188 26386 101289 44 34 19  3  0  0 2026-09-26 14:50:21
 8  1      0 365792  74356 2245624    0    0     4 25756 22877 98438 57 37  5  1  0  0 2026-09-26 14:50:22
21  1      0 343496  74356 2248204    0    0     0 23844 23396 105965 54 38  7  1  0  0 2026-09-26 14:50:23
11  0      0 320328  74356 2250796    0    0     0 23508 20462 89826 62 36  2  1  0  0 2026-09-26 14:50:24
13  0      0 310248  74356 2254244    0    0     0 31164 20200 95532 59 39  2  1  0  0 2026-09-26 14:50:25
22  1      0 286112  74356 2256844    0    0     0 25652 21680 99063 55 43  2  1  0  0 2026-09-26 14:50:26
26  0      0 267528  74356 2259736    0    0     0 26284 23246 104804 54 44  2  1  0  0 2026-09-26 14:50:27
14  0      0 256188  74356 2263568    0    0     0 28852 21937 100719 57 43  1  0  0  0 2026-09-26 14:50:28
39  1      0 241108  74356 2266068    0    0     0 26348 20216 99698 56 41  2  1  0  0 2026-09-26 14:50:29
41  0      0 233044  74356 2268688    0    0     4 24940 21980 97871 57 41  2  1  0  0 2026-09-26 14:50:30
12  1      0 229016  74356 2271616    0    0     0 26904 23047 103525 55 44  2  1  0  0 2026-09-26 14:50:31
11  0      0 211376  74356 2274416    0    0     0 34104 19825 95293 58 40  2  0  0  0 2026-09-26 14:50:32
16  0      0 206392  74356 2277240    0    0     0 27532 21068 98353 57 41  2  1  0  0 2026-09-26 14:50:33
18  2      0 197856  74356 2278860    0    0     0 24500 21317 96143 57 42  1  1  0  0 2026-09-26 14:50:34
13  1      0 189612  74356 2281940    0    0     0 34744 21447 99819 56 44  1  0  0  0 2026-09-26 14:50:35
 3  1      0 180316  74356 2284692    0    0     0 27068 21063 97232 55 44  1  1  0  0 2026-09-26 14:50:36
12  1      0 173540  74356 2287292    0    0     4 52160 20121 98930 56 44  1  0  0  0 2026-09-26 14:50:37
procs -----------memory---------- ---swap-- -----io---- -system-- -------cpu------- -----timestamp-----
 r  b   swpd   free   buff  cache   si   so    bi    bo   in   cs us sy id wa st gu                 UTC
14  0      0 168612  74356 2290996    0    0     0 30132 21619 98858 55 44  1  1  0  0 2026-09-26 14:50:38
31  2      0 150972  74356 2293460    0    0     0 24108 20240 93051 59 40  1  0  0  0 2026-09-26 14:50:39
 9  2      0 151560  74356 2295860    0    0     0 30612 21354 100808 56 43  1  1  0  0 2026-09-26 14:50:40
17  0      0 135476  74356 2298752    0    0     0 28748 18964 100066 58 42  1  0  0  0 2026-09-26 14:50:41
19  0      0 126192  74356 2301252    0    0     0 29144 19264 96629 57 43  1  0  0  0 2026-09-26 14:50:42
21  0      0 114348  74356 2306276    0    0     0 29272 19872 94295 60 39  1  1  0  0 2026-09-26 14:50:43
63  0      0 101048  74356 2308988    0    0     4 26196 19609 90393 59 41  1  0  0  0 2026-09-26 14:50:44
16  1      0  97068  74356 2311388    0    0     0 30776 19374 92178 61 38  1  0  0  0 2026-09-26 14:50:45
14  1      0  92952  74356 2315980    0    0    16 27452 18609 87332 61 38  1  0  0  0 2026-09-26 14:50:46
11  1      0  97828  73532 2296160    0    0     0 33904 20250 88141 60 40  1  0  0  0 2026-09-26 14:50:47
41  0      0  85988  73532 2298360    0    0     0 26772 20998 91339 62 37  1  1  0  0 2026-09-26 14:50:48
24  1      0  80712  73532 2300524    0    0     0 26272 20926 85226 64 36  0  0  0  0 2026-09-26 14:50:49
26  1      0  91468  73252 2274336    0    0     0 22808 19683 86491 64 35  0  0  0  0 2026-09-26 14:50:50
 8  1      0  90768  73252 2275788    0    0     0 26180 20170 92726 62 38  0  0  0  0 2026-09-26 14:50:51
14  1      0  87628  73252 2278220    0    0     0 50676 20021 91987 60 40  1  0  0  0 2026-09-26 14:50:52
38  0      0  88936  73252 2262920    0    0     0 21156 20283 93015 60 40  0  0  0  0 2026-09-26 14:50:53
56  0      0  86652  73252 2244976    0    0     4 20040 20223 87496 60 40  1  0  0  0 2026-09-26 14:50:54
50  0      0  78880  73256 2246976    0    0     0 24096 21121 87835 64 35  1  1  0  0 2026-09-26 14:50:55
21  2      0  86604  73256 2239476    0    0     0 23388 19573 91108 62 37  1  0  0  0 2026-09-26 14:50:56
17  1      0  80304  73256 2241224    0    0     0 18520 18805 88291 65 35  1  0  0  0 2026-09-26 14:50:57
 5  1      0  89396  73256 2226000    0    0     0 19424 16887 94147 62 37  1  0  0  0 2026-09-26 14:50:58
procs -----------memory---------- ---swap-- -----io---- -system-- -------cpu------- -----timestamp-----
 r  b   swpd   free   buff  cache   si   so    bi    bo   in   cs us sy id wa st gu                 UTC
19  0      0  81864  73256 2227648    0    0     0 17768 16865 89030 67 33  1  0  0  0 2026-09-26 14:50:59
12  1      0  85396  73256 2229512    0    0     0 19300 19491 90534 65 35  1  1  0  0 2026-09-26 14:51:00
25  0      0  80956  73256 2231412    0    0     0 20604 20538 93022 62 38  0  0  0  0 2026-09-26 14:51:01
19  0      0  85720  73256 2217548    0    0     0 18152 18969 89508 66 34  1  0  0  0 2026-09-26 14:51:02
36  0      0  82764  73256 2215536    0    0     0 18296 19079 96015 66 33  1  0  0  0 2026-09-26 14:51:03
31  0      0  94428  73256 2205436    0    0     0 18536 20844 87773 64 35  1  0  0  0 2026-09-26 14:51:04
19  1      0  89828  73256 2207876    0    0     0 23128 19569 87349 67 32  1  0  0  0 2026-09-26 14:51:05
30  1      0  79508  73256 2212244    0    0     0 24892 17836 94230 62 37  1  0  0  0 2026-09-26 14:51:06
18  0      0  86676  73256 2200128    0    0     0 15804 21310 86046 68 32  1  0  0  0 2026-09-26 14:51:07
33  0      0  92812  73256 2190380    0    0     0 15460 19380 89292 66 32  1  1  0  0 2026-09-26 14:51:08
32  2      0  88332  73256 2193364    0    0     0 17964 20076 93218 66 34  1  0  0  0 2026-09-26 14:51:09
25  0      0  79688  73256 2195900    0    0     0 18196 18781 92508 64 35  1  1  0  0 2026-09-26 14:51:10
10  0      0  83272  73256 2187816    0    0     0 30184 19036 88493 65 35  1  0  0  0 2026-09-26 14:51:11
18  1      0  88096  73256 2181416    0    0     0 16392 17097 86702 66 33  1  0  0  0 2026-09-26 14:51:12
26  1      0  95308  73256 2172512    0    0     4 18056 18989 86496 68 32  1  0  0  0 2026-09-26 14:51:13
57  0      0  94264  73256 2175064    0    0     0 18772 20591 91565 63 36  1  0  0  0 2026-09-26 14:51:14
 9  2      0  95944  73256 2171580    0    0     0 18244 18060 89905 65 35  1  0  0  0 2026-09-26 14:51:15
29  1      0  98120  73064 2155152    0    0     0 53804 17987 81506 67 33  0  0  0  0 2026-09-26 14:51:16
47  0      0  87956  73068 2157848    0    0     0 17068 17833 86590 67 33  1  0  0  0 2026-09-26 14:51:17
40  0      0  85504  73068 2159788    0    0    48 15612 19291 91312 65 34  1  1  0  0 2026-09-26 14:51:18
19  0      0  84708  73068 2162500    0    0   784  3440 18197 106578 66 31  3  0  0  0 2026-09-26 14:51:19
procs -----------memory---------- ---swap-- -----io---- -system-- -------cpu------- -----timestamp-----
 r  b   swpd   free   buff  cache   si   so    bi    bo   in   cs us sy id wa st gu                 UTC
20  0      0 134648  72184 2109984    0    0     0  2848 17078 102459 68 31  2  0  0  0 2026-09-26 14:51:20
19  0      0 120348  72184 2111596    0    0     0 12964 15356 100085 65 33  2  0  0  0 2026-09-26 14:51:21
 6  0      0 117424  72184 2113476    0    0   136  2844 16969 115426 64 35  1  0  0  0 2026-09-26 14:51:22
