time=18:04:57.869 level=DEBUG source=/tmp/isucon14/bench/cmd/run.go:90 msg=target targetURL=https://isuride.xiv.isucon.net targetAddr=127.0.0.1:443 benchrun.GetTargetAddress()="" paymentURL=http://127.0.0.1:12346
time=18:04:57.869 level=INFO msg=負荷走行を開始します
time=18:05:00.592 level=DEBUG source=/tmp/isucon14/bench/benchmarker/scenario/scenario.go:315 msg=時間経過 tick=60
time=18:05:00.592 level=DEBUG source=/tmp/isucon14/bench/benchmarker/scenario/scenario.go:317 msg=eval reqs=0 score="[0 0 0 0 0]" criteria="[0 0 0 0]"
time=18:05:02.393 level=DEBUG source=/tmp/isucon14/bench/benchmarker/scenario/scenario.go:315 msg=時間経過 tick=120
time=18:05:02.393 level=DEBUG source=/tmp/isucon14/bench/benchmarker/scenario/scenario.go:317 msg=eval reqs=1 score="[0 0 0 1 0]" criteria="[1 0 1 1]"
time=18:05:04.193 level=DEBUG source=/tmp/isucon14/bench/benchmarker/scenario/scenario.go:315 msg=時間経過 tick=180
time=18:05:04.193 level=DEBUG source=/tmp/isucon14/bench/benchmarker/scenario/scenario.go:317 msg=eval reqs=2 score="[0 0 1 1 0]" criteria="[1 0 2 2]"
time=18:05:04.193 level=INFO msg=これまでに地域内の評判によって2人、既存ユーザーの招待経由で1人が新規登録しました
time=18:05:04.193 level=INFO msg=50.0%のライドは椅子がマッチされるまでの時間、100.0%のライドはマッチされた椅子が乗車地点までに掛かる時間、0.0%のライドは椅子の実移動時間に不満がありました
time=18:05:05.993 level=DEBUG source=/tmp/isucon14/bench/benchmarker/scenario/scenario.go:315 msg=時間経過 tick=240
time=18:05:05.993 level=DEBUG source=/tmp/isucon14/bench/benchmarker/scenario/scenario.go:317 msg=eval reqs=6 score="[0 0 3 3 0]" criteria="[3 0 6 6]"
time=18:05:05.995 level=INFO msg=一定の売上が立ったためオーナーの椅子が増加します 名前=暮らしの椅子研究所 増加数=1
time=18:05:07.793 level=DEBUG source=/tmp/isucon14/bench/benchmarker/scenario/scenario.go:315 msg=時間経過 tick=300
time=18:05:07.793 level=DEBUG source=/tmp/isucon14/bench/benchmarker/scenario/scenario.go:317 msg=eval reqs=8 score="[0 0 4 4 0]" criteria="[3 1 8 8]"
time=18:05:09.592 level=INFO msg=これまでに地域内の評判によって8人、既存ユーザーの招待経由で5人が新規登録しました
time=18:05:09.592 level=INFO msg=60.0%のライドは椅子がマッチされるまでの時間、90.0%のライドはマッチされた椅子が乗車地点までに掛かる時間、0.0%のライドは椅子の実移動時間に不満がありました
time=18:05:09.592 level=DEBUG source=/tmp/isucon14/bench/benchmarker/scenario/scenario.go:315 msg=時間経過 tick=360
time=18:05:09.592 level=DEBUG source=/tmp/isucon14/bench/benchmarker/scenario/scenario.go:317 msg=eval reqs=10 score="[0 0 5 5 0]" criteria="[4 1 10 10]"
time=18:05:11.393 level=DEBUG source=/tmp/isucon14/bench/benchmarker/scenario/scenario.go:315 msg=時間経過 tick=420
time=18:05:11.393 level=DEBUG source=/tmp/isucon14/bench/benchmarker/scenario/scenario.go:317 msg=eval reqs=12 score="[0 0 7 5 0]" criteria="[4 1 12 12]"
time=18:05:13.186 level=INFO msg=一定の売上が立ったためオーナーの椅子が増加します 名前="SitWell Designs" 増加数=1
time=18:05:13.192 level=DEBUG source=/tmp/isucon14/bench/benchmarker/scenario/scenario.go:315 msg=時間経過 tick=480
time=18:05:13.192 level=DEBUG source=/tmp/isucon14/bench/benchmarker/scenario/scenario.go:317 msg=eval reqs=17 score="[0 2 8 7 0]" criteria="[6 1 17 15]"
time=18:05:13.200 level=INFO msg=一定の売上が立ったためオーナーの椅子が増加します 名前=和やか交通 増加数=1
time=18:05:14.992 level=INFO msg=一定の売上が立ったためオーナーの椅子が増加します 名前=レトロ椅子館 増加数=1
time=18:05:14.993 level=DEBUG source=/tmp/isucon14/bench/benchmarker/scenario/scenario.go:315 msg=時間経過 tick=540
time=18:05:14.993 level=DEBUG source=/tmp/isucon14/bench/benchmarker/scenario/scenario.go:317 msg=eval reqs=18 score="[0 2 9 7 0]" criteria="[6 1 18 16]"
time=18:05:14.993 level=INFO msg=これまでに地域内の評判によって16人、既存ユーザーの招待経由で7人が新規登録しました
time=18:05:14.993 level=INFO msg=これまでに低評価なライドによって1人が利用をやめました
time=18:05:14.993 level=INFO msg=66.7%のライドは椅子がマッチされるまでの時間、94.4%のライドはマッチされた椅子が乗車地点までに掛かる時間、5.6%のライドは椅子の実移動時間に不満がありました
time=18:05:16.786 level=INFO msg=一定の売上が立ったためオーナーの椅子が増加します 名前=和やか交通 増加数=1
time=18:05:16.793 level=DEBUG source=/tmp/isucon14/bench/benchmarker/scenario/scenario.go:315 msg=時間経過 tick=600
time=18:05:16.793 level=DEBUG source=/tmp/isucon14/bench/benchmarker/scenario/scenario.go:317 msg=eval reqs=22 score="[1 4 10 7 0]" criteria="[6 1 20 18]"
time=18:05:18.592 level=DEBUG source=/tmp/isucon14/bench/benchmarker/scenario/scenario.go:315 msg=時間経過 tick=660
time=18:05:18.592 level=DEBUG source=/tmp/isucon14/bench/benchmarker/scenario/scenario.go:317 msg=eval reqs=23 score="[1 5 10 7 0]" criteria="[6 1 20 19]"
time=18:05:18.595 level=INFO msg=一定の売上が立ったためオーナーの椅子が増加します 名前="Artisan Seats" 増加数=1
time=18:05:20.394 level=INFO msg=これまでに地域内の評判によって22人、既存ユーザーの招待経由で8人が新規登録しました
time=18:05:20.394 level=INFO msg=これまでに低評価なライドによって6人が利用をやめました
time=18:05:20.394 level=INFO msg=77.8%のライドは椅子がマッチされるまでの時間、92.6%のライドはマッチされた椅子が乗車地点までに掛かる時間、18.5%のライドは椅子の実移動時間に不満がありました
time=18:05:20.394 level=DEBUG source=/tmp/isucon14/bench/benchmarker/scenario/scenario.go:315 msg=時間経過 tick=720
time=18:05:20.394 level=DEBUG source=/tmp/isucon14/bench/benchmarker/scenario/scenario.go:317 msg=eval reqs=27 score="[1 8 10 8 0]" criteria="[6 2 23 21]"
time=18:05:20.401 level=INFO msg=一定の売上が立ったためオーナーの椅子が増加します 名前=暮らしの椅子研究所 増加数=2
time=18:05:22.193 level=DEBUG source=/tmp/isucon14/bench/benchmarker/scenario/scenario.go:315 msg=時間経過 tick=780
time=18:05:22.193 level=DEBUG source=/tmp/isucon14/bench/benchmarker/scenario/scenario.go:317 msg=eval reqs=31 score="[2 8 13 8 0]" criteria="[6 3 26 23]"
time=18:05:22.218 level=INFO msg=一定の売上が立ったためオーナーの椅子が増加します 名前=和やか交通 増加数=1
time=18:05:23.992 level=DEBUG source=/tmp/isucon14/bench/benchmarker/scenario/scenario.go:315 msg=時間経過 tick=840
time=18:05:23.993 level=DEBUG source=/tmp/isucon14/bench/benchmarker/scenario/scenario.go:317 msg=eval reqs=33 score="[2 10 13 8 0]" criteria="[6 3 27 24]"
time=18:05:23.998 level=INFO msg=一定の売上が立ったためオーナーの椅子が増加します 名前="SitWell Designs" 増加数=1
time=18:05:25.792 level=DEBUG source=/tmp/isucon14/bench/benchmarker/scenario/scenario.go:315 msg=時間経過 tick=900
time=18:05:25.793 level=DEBUG source=/tmp/isucon14/bench/benchmarker/scenario/scenario.go:317 msg=eval reqs=35 score="[2 11 14 8 0]" criteria="[6 3 28 26]"
time=18:05:25.793 level=INFO msg=これまでに地域内の評判によって29人、既存ユーザーの招待経由で8人が新規登録しました
time=18:05:25.793 level=INFO msg=これまでに低評価なライドによって9人が利用をやめました
time=18:05:25.793 level=INFO msg=82.9%のライドは椅子がマッチされるまでの時間、91.4%のライドはマッチされた椅子が乗車地点までに掛かる時間、22.9%のライドは椅子の実移動時間に不満がありました
time=18:05:27.593 level=DEBUG source=/tmp/isucon14/bench/benchmarker/scenario/scenario.go:315 msg=時間経過 tick=960
time=18:05:27.593 level=DEBUG source=/tmp/isucon14/bench/benchmarker/scenario/scenario.go:317 msg=eval reqs=37 score="[3 12 14 8 0]" criteria="[6 3 28 27]"
time=18:05:29.392 level=DEBUG source=/tmp/isucon14/bench/benchmarker/scenario/scenario.go:315 msg=時間経過 tick=1020
time=18:05:29.392 level=DEBUG source=/tmp/isucon14/bench/benchmarker/scenario/scenario.go:317 msg=eval reqs=39 score="[4 13 14 8 0]" criteria="[6 3 28 28]"
time=18:05:29.405 level=INFO msg=一定の売上が立ったためオーナーの椅子が増加します 名前=和やか交通 増加数=1
time=18:05:29.405 level=INFO msg=一定の売上が立ったためオーナーの椅子が増加します 名前=暮らしの椅子研究所 増加数=1
time=18:05:31.192 level=DEBUG source=/tmp/isucon14/bench/benchmarker/scenario/scenario.go:315 msg=時間経過 tick=1080
time=18:05:31.192 level=DEBUG source=/tmp/isucon14/bench/benchmarker/scenario/scenario.go:317 msg=eval reqs=45 score="[7 16 14 8 0]" criteria="[6 3 29 30]"
time=18:05:31.192 level=INFO msg=これまでに地域内の評判によって35人、既存ユーザーの招待経由で8人が新規登録しました
time=18:05:31.192 level=INFO msg=これまでに低評価なライドによって17人が利用をやめました
time=18:05:31.193 level=INFO msg=86.7%のライドは椅子がマッチされるまでの時間、93.3%のライドはマッチされた椅子が乗車地点までに掛かる時間、34.4%のライドは椅子の実移動時間に不満がありました
time=18:05:31.208 level=INFO msg=一定の売上が立ったためオーナーの椅子が増加します 名前="Artisan Seats" 増加数=1
time=18:05:32.992 level=DEBUG source=/tmp/isucon14/bench/benchmarker/scenario/scenario.go:315 msg=時間経過 tick=1140
time=18:05:32.992 level=DEBUG source=/tmp/isucon14/bench/benchmarker/scenario/scenario.go:317 msg=eval reqs=48 score="[8 16 16 8 0]" criteria="[6 5 31 30]"
time=18:05:33.021 level=INFO msg=一定の売上が立ったためオーナーの椅子が増加します 名前=暮らしの椅子研究所 増加数=1
time=18:05:34.793 level=DEBUG source=/tmp/isucon14/bench/benchmarker/scenario/scenario.go:315 msg=時間経過 tick=1200
time=18:05:34.793 level=DEBUG source=/tmp/isucon14/bench/benchmarker/scenario/scenario.go:317 msg=eval reqs=49 score="[9 16 16 8 0]" criteria="[6 5 31 30]"
time=18:05:36.593 level=INFO msg=これまでに地域内の評判によって43人、既存ユーザーの招待経由で8人が新規登録しました
time=18:05:36.593 level=INFO msg=これまでに低評価なライドによって22人が利用をやめました
time=18:05:36.593 level=INFO msg=88.7%のライドは椅子がマッチされるまでの時間、90.6%のライドはマッチされた椅子が乗車地点までに掛かる時間、40.6%のライドは椅子の実移動時間に不満がありました
time=18:05:36.593 level=DEBUG source=/tmp/isucon14/bench/benchmarker/scenario/scenario.go:315 msg=時間経過 tick=1260
time=18:05:36.593 level=DEBUG source=/tmp/isucon14/bench/benchmarker/scenario/scenario.go:317 msg=eval reqs=53 score="[11 18 16 8 0]" criteria="[6 5 32 31]"
time=18:05:36.614 level=INFO msg=一定の売上が立ったためオーナーの椅子が増加します 名前=レトロ椅子館 増加数=1
time=18:05:36.625 level=INFO msg=一定の売上が立ったためオーナーの椅子が増加します 名前="SitWell Designs" 増加数=1
time=18:05:38.393 level=DEBUG source=/tmp/isucon14/bench/benchmarker/scenario/scenario.go:315 msg=時間経過 tick=1320
time=18:05:38.393 level=DEBUG source=/tmp/isucon14/bench/benchmarker/scenario/scenario.go:317 msg=eval reqs=56 score="[13 19 16 8 0]" criteria="[6 5 33 31]"
time=18:05:38.445 level=INFO msg=一定の売上が立ったためオーナーの椅子が増加します 名前=暮らしの椅子研究所 増加数=1
time=18:05:40.193 level=DEBUG source=/tmp/isucon14/bench/benchmarker/scenario/scenario.go:315 msg=時間経過 tick=1380
time=18:05:40.193 level=DEBUG source=/tmp/isucon14/bench/benchmarker/scenario/scenario.go:317 msg=eval reqs=56 score="[13 19 16 8 0]" criteria="[6 5 33 31]"
time=18:05:41.992 level=DEBUG source=/tmp/isucon14/bench/benchmarker/scenario/scenario.go:315 msg=時間経過 tick=1440
time=18:05:41.993 level=DEBUG source=/tmp/isucon14/bench/benchmarker/scenario/scenario.go:317 msg=eval reqs=63 score="[19 19 17 8 0]" criteria="[6 5 34 32]"
time=18:05:41.993 level=INFO msg=これまでに地域内の評判によって49人、既存ユーザーの招待経由で8人が新規登録しました
time=18:05:41.993 level=INFO msg=これまでに低評価なライドによって27人が利用をやめました
time=18:05:41.993 level=INFO msg=90.5%のライドは椅子がマッチされるまでの時間、92.1%のライドはマッチされた椅子が乗車地点までに掛かる時間、47.6%のライドは椅子の実移動時間に不満がありました
time=18:05:42.025 level=INFO msg=一定の売上が立ったためオーナーの椅子が増加します 名前="Artisan Seats" 増加数=1
time=18:05:42.026 level=INFO msg=一定の売上が立ったためオーナーの椅子が増加します 名前="SitWell Designs" 増加数=1
time=18:05:42.037 level=INFO msg=一定の売上が立ったためオーナーの椅子が増加します 名前=和やか交通 増加数=1
time=18:05:42.039 level=INFO msg=一定の売上が立ったためオーナーの椅子が増加します 名前=暮らしの椅子研究所 増加数=1
time=18:05:43.793 level=DEBUG source=/tmp/isucon14/bench/benchmarker/scenario/scenario.go:315 msg=時間経過 tick=1500
time=18:05:43.793 level=DEBUG source=/tmp/isucon14/bench/benchmarker/scenario/scenario.go:317 msg=eval reqs=63 score="[19 19 17 8 0]" criteria="[6 5 34 32]"
time=18:05:45.593 level=DEBUG source=/tmp/isucon14/bench/benchmarker/scenario/scenario.go:315 msg=時間経過 tick=1560
time=18:05:45.593 level=DEBUG source=/tmp/isucon14/bench/benchmarker/scenario/scenario.go:317 msg=eval reqs=66 score="[22 19 17 8 0]" criteria="[6 5 34 32]"
time=18:05:47.393 level=DEBUG source=/tmp/isucon14/bench/benchmarker/scenario/scenario.go:315 msg=時間経過 tick=1620
time=18:05:47.393 level=DEBUG source=/tmp/isucon14/bench/benchmarker/scenario/scenario.go:317 msg=eval reqs=67 score="[23 19 17 8 0]" criteria="[6 5 34 32]"
time=18:05:47.393 level=INFO msg=これまでに地域内の評判によって55人、既存ユーザーの招待経由で8人が新規登録しました
time=18:05:47.393 level=INFO msg=これまでに低評価なライドによって30人が利用をやめました
time=18:05:47.393 level=INFO msg=91.0%のライドは椅子がマッチされるまでの時間、92.5%のライドはマッチされた椅子が乗車地点までに掛かる時間、50.7%のライドは椅子の実移動時間に不満がありました
time=18:05:47.434 level=INFO msg=一定の売上が立ったためオーナーの椅子が増加します 名前="SitWell Designs" 増加数=1
time=18:05:49.192 level=DEBUG source=/tmp/isucon14/bench/benchmarker/scenario/scenario.go:315 msg=時間経過 tick=1680
time=18:05:49.192 level=DEBUG source=/tmp/isucon14/bench/benchmarker/scenario/scenario.go:317 msg=eval reqs=71 score="[26 19 18 8 0]" criteria="[6 6 35 32]"
time=18:05:49.244 level=INFO msg=一定の売上が立ったためオーナーの椅子が増加します 名前=レトロ椅子館 増加数=1
time=18:05:49.271 level=INFO msg=一定の売上が立ったためオーナーの椅子が増加します 名前=和やか交通 増加数=1
time=18:05:50.994 level=DEBUG source=/tmp/isucon14/bench/benchmarker/scenario/scenario.go:315 msg=時間経過 tick=1740
time=18:05:50.994 level=DEBUG source=/tmp/isucon14/bench/benchmarker/scenario/scenario.go:317 msg=eval reqs=72 score="[27 19 18 8 0]" criteria="[6 6 35 32]"
time=18:05:52.793 level=DEBUG source=/tmp/isucon14/bench/benchmarker/scenario/scenario.go:315 msg=時間経過 tick=1800
time=18:05:52.793 level=DEBUG source=/tmp/isucon14/bench/benchmarker/scenario/scenario.go:317 msg=eval reqs=74 score="[28 20 18 8 0]" criteria="[6 6 35 33]"
time=18:05:52.793 level=INFO msg=これまでに地域内の評判によって61人、既存ユーザーの招待経由で8人が新規登録しました
time=18:05:52.793 level=INFO msg=これまでに低評価なライドによって35人が利用をやめました
time=18:05:52.793 level=INFO msg=91.9%のライドは椅子がマッチされるまでの時間、91.9%のライドはマッチされた椅子が乗車地点までに掛かる時間、54.1%のライドは椅子の実移動時間に不満がありました
time=18:05:54.592 level=DEBUG source=/tmp/isucon14/bench/benchmarker/scenario/scenario.go:315 msg=時間経過 tick=1860
time=18:05:54.592 level=DEBUG source=/tmp/isucon14/bench/benchmarker/scenario/scenario.go:317 msg=eval reqs=76 score="[30 20 18 8 0]" criteria="[6 6 35 33]"
time=18:05:54.610 level=INFO msg=一定の売上が立ったためオーナーの椅子が増加します 名前=和やか交通 増加数=1
time=18:05:54.678 level=INFO msg=一定の売上が立ったためオーナーの椅子が増加します 名前=暮らしの椅子研究所 増加数=1
time=18:05:56.393 level=DEBUG source=/tmp/isucon14/bench/benchmarker/scenario/scenario.go:315 msg=時間経過 tick=1920
time=18:05:56.393 level=DEBUG source=/tmp/isucon14/bench/benchmarker/scenario/scenario.go:317 msg=eval reqs=77 score="[31 20 18 8 0]" criteria="[6 6 35 33]"
time=18:05:58.193 level=INFO msg=これまでに地域内の評判によって67人、既存ユーザーの招待経由で8人が新規登録しました
time=18:05:58.193 level=INFO msg=これまでに低評価なライドによって39人が利用をやめました
time=18:05:58.193 level=INFO msg=92.6%のライドは椅子がマッチされるまでの時間、92.6%のライドはマッチされた椅子が乗車地点までに掛かる時間、58.0%のライドは椅子の実移動時間に不満がありました
time=18:05:58.193 level=DEBUG source=/tmp/isucon14/bench/benchmarker/scenario/scenario.go:315 msg=時間経過 tick=1980
time=18:05:58.193 level=DEBUG source=/tmp/isucon14/bench/benchmarker/scenario/scenario.go:317 msg=eval reqs=81 score="[35 20 18 8 0]" criteria="[6 6 35 33]"
time=18:05:58.299 level=INFO msg=一定の売上が立ったためオーナーの椅子が増加します 名前="Artisan Seats" 増加数=1
time=18:06:03.792 level=INFO msg=最終地域情報 名前=チェアタウン ユーザー登録数=48 アクティブユーザー数=22
time=18:06:03.792 level=INFO msg=最終地域情報 名前=コシカケシティ ユーザー登録数=39 アクティブユーザー数=25
time=18:06:03.792 level=INFO msg=最終オーナー情報 名前=レトロ椅子館 売上=53100 椅子数=7
time=18:06:03.792 level=INFO msg=最終オーナー情報 名前="Artisan Seats" 売上=79100 椅子数=8
time=18:06:03.792 level=INFO msg=最終オーナー情報 名前=和やか交通 売上=122000 椅子数=11
time=18:06:03.792 level=INFO msg=最終オーナー情報 名前=暮らしの椅子研究所 売上=132900 椅子数=12
time=18:06:03.792 level=INFO msg=最終オーナー情報 名前="SitWell Designs" 売上=90200 椅子数=9
time=18:06:03.792 level=INFO msg=92.7%のライドは椅子がマッチされるまでの時間、91.5%のライドはマッチされた椅子が乗車地点までに掛かる時間、57.9%のライドは椅子の実移動時間に不満がありました
time=18:06:03.792 level=INFO msg=結果 pass=true スコア=7110 種別エラー数=map[]
time=18:06:03.793 level=INFO msg=負荷走行が終了しました
