2026-09-26T09:04:57+00:00
COMMAND         %CPU   RSS
ps               100  3768
mysqld          78.2 745128
bench           50.0 16388
nginx            1.4  9632
nginx            1.4  9684
systemd-journal  0.7 53852
jbd2/sda1-8      0.6     0
rsyslogd         0.3  5524
snapd            0.3 39644
2026-09-26T09:04:59+00:00
COMMAND         %CPU   RSS
mysqld          78.3 803640
bench            9.9 46976
nginx            1.4  9632
nginx            1.4  9684
isuride          0.8 15244
systemd-journal  0.7 54200
jbd2/sda1-8      0.6     0
rsyslogd         0.3  5524
snapd            0.3 39644
2026-09-26T09:05:01+00:00
COMMAND         %CPU   RSS
mysqld          78.3 761744
bench            8.9 51132
isuride          2.1 15304
nginx            1.4  9632
nginx            1.4  9684
systemd-journal  0.7 54968
jbd2/sda1-8      0.6     0
rsyslogd         0.3  5524
snapd            0.3 39644
2026-09-26T09:05:03+00:00
COMMAND         %CPU   RSS
mysqld          78.3 763868
bench            8.9 54968
isuride          3.6 15704
nginx            1.4  9632
nginx            1.4  9684
systemd-journal  0.7 55836
jbd2/sda1-8      0.6     0
rsyslogd         0.4  5524
snapd            0.3 39644
2026-09-26T09:05:05+00:00
COMMAND         %CPU   RSS
mysqld          78.4 766020
bench            9.3 56932
isuride          4.9 16156
nginx            1.4  9632
nginx            1.4  9684
systemd-journal  0.7 60776
jbd2/sda1-8      0.6     0
rsyslogd         0.4  5524
snapd            0.2 39644
2026-09-26T09:05:07+00:00
COMMAND         %CPU   RSS
mysqld          78.5 768140
bench            9.9 65176
isuride          6.1 16420
nginx            1.4  9632
nginx            1.4  9684
systemd-journal  0.7 63592
jbd2/sda1-8      0.6     0
rsyslogd         0.4  5524
snapd            0.2 39644
2026-09-26T09:05:09+00:00
COMMAND         %CPU   RSS
mysqld          78.6 771392
bench           10.1 73416
isuride          7.3 16356
nginx            1.4  9632
nginx            1.4  9684
systemd-journal  0.7 65100
jbd2/sda1-8      0.6     0
rsyslogd         0.4  5524
snapd            0.2 39644
2026-09-26T09:05:11+00:00
COMMAND         %CPU   RSS
mysqld          78.7 774056
curl            12.5 12276
bench           10.3 80628
isuride          8.3 17576
nginx            1.4  9632
nginx            1.4  9684
systemd-journal  0.8 66196
jbd2/sda1-8      0.6     0
rsyslogd         0.4  5524
2026-09-26T09:05:13+00:00
COMMAND         %CPU   RSS
mysqld          78.8 777232
bench           10.7 81196
isuride          9.3 16840
nginx            1.4  9632
nginx            1.4  9684
systemd-journal  0.8 69736
jbd2/sda1-8      0.6     0
rsyslogd         0.4  5524
snapd            0.2 39644
2026-09-26T09:05:15+00:00
COMMAND         %CPU   RSS
mysqld          78.9 781408
bench           10.9 88452
isuride         10.2 17104
nginx            1.4  9632
nginx            1.4  9684
systemd-journal  0.8 70668
jbd2/sda1-8      0.6     0
rsyslogd         0.4  5524
snapd            0.2 39644
2026-09-26T09:05:17+00:00
COMMAND         %CPU   RSS
mysqld          79.0 824288
bench           11.0 92108
isuride         10.9 17308
nginx            1.4  9632
nginx            1.4  9684
systemd-journal  0.8 70668
jbd2/sda1-8      0.6     0
rsyslogd         0.4  5524
snapd            0.2 39644
2026-09-26T09:05:19+00:00
COMMAND         %CPU   RSS
mysqld          79.2 831384
isuride         11.6 17792
bench           11.0 94688
nginx            1.4  9632
nginx            1.4  9684
systemd-journal  0.8 70668
jbd2/sda1-8      0.6     0
rsyslogd         0.4  5524
snapd            0.2 39644
2026-09-26T09:05:21+00:00
COMMAND         %CPU   RSS
mysqld          79.3 790196
isuride         12.2 18572
bench           11.1 97984
nginx            1.4  9632
nginx            1.4  9684
systemd-journal  0.8 70668
jbd2/sda1-8      0.6     0
rsyslogd         0.4  5524
snapd            0.2 39644
2026-09-26T09:05:23+00:00
COMMAND         %CPU   RSS
mysqld          79.4 790276
isuride         12.7 17732
bench           11.3 105508
nginx            1.4  9632
nginx            1.4  9684
systemd-journal  0.8 70668
jbd2/sda1-8      0.6     0
rsyslogd         0.4  5524
snapd            0.2 39644
2026-09-26T09:05:25+00:00
COMMAND         %CPU   RSS
mysqld          79.5 793644
isuride         13.2 18296
bench           11.5 111408
nginx            1.4  9632
nginx            1.4  9684
systemd-journal  0.8 70668
jbd2/sda1-8      0.6     0
rsyslogd         0.4  5524
snapd            0.2 39644
2026-09-26T09:05:27+00:00
COMMAND         %CPU   RSS
mysqld          79.7 795752
isuride         13.7 18540
bench           11.6 114320
nginx            1.5  9632
nginx            1.4  9684
systemd-journal  0.8 41676
jbd2/sda1-8      0.6     0
rsyslogd         0.4  5524
snapd            0.2 39644
2026-09-26T09:05:29+00:00
COMMAND         %CPU   RSS
mysqld          79.8 790232
isuride         14.2 19136
bench           11.6 114476
nginx            1.5  9632
nginx            1.5  9684
systemd-journal  0.8 42916
jbd2/sda1-8      0.6     0
rsyslogd         0.4  5524
snapd            0.2 39644
2026-09-26T09:05:31+00:00
COMMAND         %CPU   RSS
mysqld          79.9 787176
isuride         14.5 18996
bench           11.7 120440
nginx            1.5  9632
nginx            1.5  9684
systemd-journal  0.8 44164
jbd2/sda1-8      0.6     0
rsyslogd         0.4  5524
snapd            0.2 39644
2026-09-26T09:05:33+00:00
COMMAND         %CPU   RSS
mysqld          80.1 780180
isuride         14.8 20296
bench           11.7 123388
nginx            1.5  9632
nginx            1.5  9684
systemd-journal  0.8 45320
jbd2/sda1-8      0.6     0
rsyslogd         0.4  5524
snapd            0.2 39644
2026-09-26T09:05:35+00:00
COMMAND         %CPU   RSS
mysqld          80.2 838828
isuride         15.1 18980
bench           11.6 123968
nginx            1.5  9632
nginx            1.5  9684
systemd-journal  0.8 46496
jbd2/sda1-8      0.6     0
rsyslogd         0.4  5524
snapd            0.2 39644
2026-09-26T09:05:38+00:00
COMMAND         %CPU   RSS
mysqld          80.3 837860
isuride         15.4 20020
bench           11.6 132708
nginx            1.5  9632
nginx            1.5  9684
systemd-journal  0.8 48160
jbd2/sda1-8      0.6     0
rsyslogd         0.4  5524
snapd            0.2 39644
2026-09-26T09:05:40+00:00
COMMAND         %CPU   RSS
mysqld          80.5 824700
isuride         15.7 20832
bench           11.6 134776
nginx            1.5  9632
nginx            1.5  9684
systemd-journal  0.8 51380
jbd2/sda1-8      0.6     0
rsyslogd         0.4  5524
snapd            0.2 39644
2026-09-26T09:05:42+00:00
COMMAND         %CPU   RSS
mysqld          80.6 784932
isuride         16.0 19088
bench           11.6 135204
nginx            1.5  9632
nginx            1.5  9684
systemd-journal  0.8 52164
jbd2/sda1-8      0.6     0
rsyslogd         0.4  5524
snapd            0.2 39644
2026-09-26T09:05:44+00:00
COMMAND         %CPU   RSS
mysqld          80.7 781812
isuride         16.2 19580
bench           11.6 141164
nginx            1.5  9640
nginx            1.5  9684
systemd-journal  0.8 52164
jbd2/sda1-8      0.6     0
rsyslogd         0.4  5524
snapd            0.2 39644
2026-09-26T09:05:46+00:00
COMMAND         %CPU   RSS
mysqld          80.9 781068
isuride         16.4 21268
bench           11.6 141248
nginx            1.5  9640
nginx            1.5  9684
systemd-journal  0.8 52164
jbd2/sda1-8      0.6     0
rsyslogd         0.4  5524
snapd            0.2 39644
2026-09-26T09:05:48+00:00
COMMAND         %CPU   RSS
mysqld          81.0 777036
isuride         16.6 20732
bench           11.7 147396
nginx            1.5  9644
nginx            1.5  9684
systemd-journal  0.8 52164
jbd2/sda1-8      0.6     0
rsyslogd         0.4  5524
snapd            0.2 39644
2026-09-26T09:05:50+00:00
COMMAND         %CPU   RSS
mysqld          81.1 776040
isuride         16.8 20648
bench           11.6 147436
nginx            1.5  9664
nginx            1.5  9684
systemd-journal  0.8 52164
jbd2/sda1-8      0.6     0
rsyslogd         0.4  5524
snapd            0.2 39644
2026-09-26T09:05:52+00:00
COMMAND         %CPU   RSS
mysqld          81.3 784124
isuride         17.0 20780
bench           11.6 153024
nginx            1.5  9752
nginx            1.5  9684
systemd-journal  0.8 52164
jbd2/sda1-8      0.6     0
rsyslogd         0.4  5524
snapd            0.2 39644
2026-09-26T09:05:54+00:00
COMMAND         %CPU   RSS
mysqld          81.4 801792
isuride         17.1 20596
bench           11.6 153152
nginx            1.5  9752
nginx            1.5  9684
systemd-journal  0.8 52164
jbd2/sda1-8      0.6     0
rsyslogd         0.4  5524
snapd            0.2 39644
2026-09-26T09:05:56+00:00
COMMAND         %CPU   RSS
mysqld          81.5 830088
isuride         17.3 21620
bench           11.6 161212
curl            10.0 12192
nginx            1.5  9756
nginx            1.5  9684
systemd-journal  0.8 52164
jbd2/sda1-8      0.6     0
rsyslogd         0.4  5524
2026-09-26T09:05:58+00:00
COMMAND         %CPU   RSS
mysqld          81.7 806740
isuride         17.4 22244
bench           11.6 161212
nginx            1.5  9764
nginx            1.5  9684
systemd-journal  0.8 54256
jbd2/sda1-8      0.7     0
rsyslogd         0.4  5524
snapd            0.2 39644
2026-09-26T09:06:00+00:00
COMMAND         %CPU   RSS
mysqld          81.8 769660
isuride         17.6 19588
bench           11.7 168112
curl            11.1 12268
nginx            1.5  9764
nginx            1.5  9684
systemd-journal  0.8 55432
jbd2/sda1-8      0.6     0
rsyslogd         0.4  5524
2026-09-26T09:06:02+00:00
COMMAND         %CPU   RSS
mysqld          81.9 762464
isuride         17.9 18916
bench           11.7 168112
nginx            1.5  9764
nginx            1.5  9684
systemd-journal  0.8 60828
jbd2/sda1-8      0.6     0
rsyslogd         0.4  5524
snapd            0.2 39644
