procs -----------memory---------- ---swap-- -----io---- -system-- -------cpu------- -----timestamp-----
 r  b   swpd   free   buff  cache   si   so    bi    bo   in   cs us sy id wa st gu                 UTC
 3  0      0 371456 168592 2551580    0    0   466 10686 6824  102 39 10 50  1  0  0 2026-09-26 09:04:57
15  1      0 311352 168592 2556232    0    0     0 51340 16599 34589 33 14 40 13  0  0 2026-09-26 09:04:58
 8  0      0 261116 168592 2562280    0    0     0  6748 15545 48810 68 13 19  1  0  0 2026-09-26 09:04:59
 0  0      0 244932 168592 2557912    0    0     0  9168 23175 66171 40 15 43  2  0  0 2026-09-26 09:05:00
 1  0      0 214704 168592 2558864    0    0     0  7496 21692 65418 49 19 31  1  0  0 2026-09-26 09:05:01
 0  0      0 214240 168592 2559828    0    0     0  8960 23054 75754 46 20 33  1  0  0 2026-09-26 09:05:02
 3  0      0 218900 168592 2560848    0    0     0 10668 21016 72220 57 22 21  1  0  0 2026-09-26 09:05:03
 9  0      0 223092 168592 2561868    0    0     0 10884 23637 84918 49 23 27  2  0  0 2026-09-26 09:05:04
 5  0      0 242548 168592 2562960    0    0     0 15044 19769 72618 63 27 10  1  0  0 2026-09-26 09:05:05
 3  0      0 244216 168592 2564148    0    0     0 12760 19522 73762 71 22  7  1  0  0 2026-09-26 09:05:06
19  1      0 216076 168592 2567864    0    0     0 11012 22675 80888 60 24 15  1  0  0 2026-09-26 09:05:07
36  1      0 217444 168592 2574692    0    0     0 14856 20954 80626 60 28 11  1  0  0 2026-09-26 09:05:08
19  0      0 182336 168592 2570268    0    0     0 14568 19136 70561 70 26  4  0  0  0 2026-09-26 09:05:09
15  0      0 180048 168592 2575072    0    0     0 26984 19322 73725 68 25  6  1  0  0 2026-09-26 09:05:10
23  1      0 190700 168592 2573024    0    0     0 15648 20291 80990 68 28  5  0  0  0 2026-09-26 09:05:11
 6  0      0 178632 168592 2575416    0    0     0 14540 16914 64113 74 25  1  1  0  0 2026-09-26 09:05:12
18  0      0 188788 168592 2577200    0    0     0 16172 17990 74463 65 29  5  1  0  0 2026-09-26 09:05:13
20  1      0 189028 168592 2578500    0    0     0 13184 18260 70976 69 24  6  1  0  0 2026-09-26 09:05:14
15  0      0 194576 168592 2580736    0    0     0 28092 18881 76782 64 30  5  0  0  0 2026-09-26 09:05:15
15  1      0 196368 168592 2581544    0    0     0 17740 18202 68894 71 27  1  0  0  0 2026-09-26 09:05:16
13  0      0 188476 168592 2588320    0    0     0 15116 17768 71990 71 27  2  0  0  0 2026-09-26 09:05:17
procs -----------memory---------- ---swap-- -----io---- -system-- -------cpu------- -----timestamp-----
 r  b   swpd   free   buff  cache   si   so    bi    bo   in   cs us sy id wa st gu                 UTC
32  0      0 144628 168592 2583072    0    0     0 18020 18875 74374 69 29  2  0  0  0 2026-09-26 09:05:18
19  0      0 131732 168592 2588596    0    0     0 13792 17596 66153 73 26  0  0  0  0 2026-09-26 09:05:19
20  0      0 144564 168592 2584512    0    0     0 14888 18833 77542 67 30  3  0  0  0 2026-09-26 09:05:20
49  0      0 138712 168592 2588868    0    0     0 15796 16853 65758 73 26  1  1  0  0 2026-09-26 09:05:21
10  1      0 169184 168592 2587016    0    0     0 15432 18394 69924 72 27  1  0  0  0 2026-09-26 09:05:22
29  0      0 167584 168592 2587792    0    0     0 15044 16560 66042 72 27  1  0  0  0 2026-09-26 09:05:23
38  0      0 166864 168592 2588528    0    0     0 16124 18555 74491 70 29  1  0  0  0 2026-09-26 09:05:24
 8  0      0 153280 168592 2589388    0    0     0 14556 17966 66200 73 27  1  0  0  0 2026-09-26 09:05:25
11  0      0 145288 168592 2601500    0    0     0 16948 18416 71723 70 30  1  0  0  0 2026-09-26 09:05:26
 7  1      0 150536 168592 2591516    0    0     0 18492 18745 72803 70 29  0  0  0  0 2026-09-26 09:05:27
43  1      0 104184 168592 2601836    0    0     0 21704 16225 63601 72 27  1  0  0  0 2026-09-26 09:05:28
42  0      0  96232 168580 2596480    0    0     0 17012 19315 69804 70 29  0  0  0  0 2026-09-26 09:05:29
28  0      0  80516 164372 2599924    0    0     0 15496 18812 65379 72 28  0  0  0  0 2026-09-26 09:05:30
13  0      0 120588 164372 2598232    0    0     0 18872 16952 67513 71 29  1  0  0  0 2026-09-26 09:05:31
16  1      0 104592 164372 2599496    0    0     0 13876 16140 59877 74 26  0  0  0  0 2026-09-26 09:05:32
64  0      0 122540 164372 2600700    0    0     0 18580 17969 66142 72 27  0  0  0  0 2026-09-26 09:05:33
34  0      0 124708 164372 2601728    0    0     0 12624 14351 56993 75 24  1  1  0  0 2026-09-26 09:05:34
34  0      0 127316 164372 2615240    0    0     0 16248 16844 70804 73 27  0  0  0  0 2026-09-26 09:05:35
10  0      0  92372 164372 2605652    0    0     0 14428 16606 65788 72 27  1  0  0  0 2026-09-26 09:05:36
12  1      0  85720 164372 2612416    0    0     0 14616 17835 65654 74 26  1  0  0  0 2026-09-26 09:05:37
17  0      0 101508 164372 2608092    0    0     0 14612 17627 66582 73 27  1  0  0  0 2026-09-26 09:05:38
procs -----------memory---------- ---swap-- -----io---- -system-- -------cpu------- -----timestamp-----
 r  b   swpd   free   buff  cache   si   so    bi    bo   in   cs us sy id wa st gu                 UTC
19  0      0  76592 164372 2613536    0    0     0 12752 15193 55765 77 23  0  0  0  0 2026-09-26 09:05:39
 8  0      0 129952 164376 2610488    0    0     0 16608 17085 69233 71 29  1  0  0  0 2026-09-26 09:05:40
21  0      0  82212 164380 2611540    0    0     0 23276 16516 62127 76 24  0  0  0  0 2026-09-26 09:05:41
17  0      0 108956 164380 2611984    0    0     0 14224 18623 71019 74 26  1  0  0  0 2026-09-26 09:05:42
24  0      0 129556 164380 2612632    0    0     0 11680 12425 50449 78 22  0  0  0  0 2026-09-26 09:05:43
41  1      0 119800 164380 2618308    0    0     0 13836 15702 66023 70 29  1  1  0  0 2026-09-26 09:05:44
45  0      0 185040 162604 2546808    0    0     0 11944 16461 57790 74 26  0  0  0  0 2026-09-26 09:05:45
58  0      0 154684 162604 2553148    0    0     0 17276 16347 62701 73 26  1  0  0  0 2026-09-26 09:05:46
22  0      0 186288 162604 2548064    0    0     0 12828 16536 62211 74 25  0  0  0  0 2026-09-26 09:05:47
17  0      0 163704 162604 2552976    0    0     0 16376 16760 58597 75 24  1  0  0  0 2026-09-26 09:05:48
35  0      0 202740 162604 2549312    0    0     0 13632 15705 61807 75 25  1  0  0  0 2026-09-26 09:05:49
30  1      0 147664 162604 2551368    0    0     0 12568 14971 56786 77 22  1  1  0  0 2026-09-26 09:05:50
71  0      0 167528 162604 2550652    0    0     0 13504 16387 64922 71 28  1  0  0  0 2026-09-26 09:05:51
39  0      0 148480 162604 2551396    0    0     0 12416 15267 57211 74 25  2  0  0  0 2026-09-26 09:05:52
 7  0      0 157804 162604 2570612    0    0     0 14500 17048 66677 69 29  1  1  0  0 2026-09-26 09:05:53
 5  1      0 194760 162604 2552452    0    0     0 12960 13975 55138 73 27  0  0  0  0 2026-09-26 09:05:54
69  0      0 108408 162604 2560556    0    0     0 14236 14657 58825 74 25  1  0  0  0 2026-09-26 09:05:55
16  0      0 160392 162604 2553972    0    0     0 14180 15218 58199 75 25  1  0  0  0 2026-09-26 09:05:56
13  1      0 126724 162604 2559640    0    0     0 13772 15201 54009 73 27  1  0  0  0 2026-09-26 09:05:57
 9  0      0 184928 162604 2556008    0    0     0 15796 16256 62824 70 29  0  0  0  0 2026-09-26 09:05:58
12  0      0 184244 162604 2557148    0    0     0   884 12626 62018 81 19  1  0  0  0 2026-09-26 09:05:59
procs -----------memory---------- ---swap-- -----io---- -system-- -------cpu------- -----timestamp-----
 r  b   swpd   free   buff  cache   si   so    bi    bo   in   cs us sy id wa st gu                 UTC
19  0      0 188032 162604 2558564    0    0     0  1508 16544 76233 75 22  3  0  0  0 2026-09-26 09:06:00
11  0      0 193284 162604 2559548    0    0     0 10056 13046 59933 70 23  6  1  0  0 2026-09-26 09:06:01
12  0      0 191492 162604 2560880    0    0     0  4204 16869 78019 70 23  7  0  0  0 2026-09-26 09:06:02
