time=01:24:53.286 level=DEBUG source=/tmp/isucon14/bench/cmd/run.go:90 msg=target targetURL=https://isuride.xiv.isucon.net targetAddr=127.0.0.1:443 benchrun.GetTargetAddress()="" paymentURL=http://127.0.0.1:12346
time=01:24:53.286 level=INFO msg=負荷走行を開始します
time=01:24:56.080 level=DEBUG source=/tmp/isucon14/bench/benchmarker/scenario/scenario.go:315 msg=時間経過 tick=60
time=01:24:56.080 level=DEBUG source=/tmp/isucon14/bench/benchmarker/scenario/scenario.go:317 msg=eval reqs=4 score="[0 0 0 3 1]" criteria="[4 1 4 4]"
time=01:24:57.857 level=INFO msg=一定の売上が立ったためオーナーの椅子が増加します 名前=椅子のめぐりや 増加数=1
time=01:24:57.868 level=INFO msg=一定の売上が立ったためオーナーの椅子が増加します 名前="Vintage Vibe Seats" 増加数=1
time=01:24:57.876 level=INFO msg=一定の売上が立ったためオーナーの椅子が増加します 名前=再座堂 増加数=1
time=01:24:57.880 level=DEBUG source=/tmp/isucon14/bench/benchmarker/scenario/scenario.go:315 msg=時間経過 tick=120
time=01:24:57.880 level=DEBUG source=/tmp/isucon14/bench/benchmarker/scenario/scenario.go:317 msg=eval reqs=17 score="[0 0 0 10 7]" criteria="[17 7 17 17]"
time=01:24:59.660 level=INFO msg=一定の売上が立ったためオーナーの椅子が増加します 名前=椅子のめぐりや 増加数=1
time=01:24:59.662 level=INFO msg=一定の売上が立ったためオーナーの椅子が増加します 名前=ZenSeat 増加数=2
time=01:24:59.667 level=INFO msg=一定の売上が立ったためオーナーの椅子が増加します 名前=おもてなしタクシー 増加数=1
time=01:24:59.672 level=INFO msg=一定の売上が立ったためオーナーの椅子が増加します 名前=再座堂 増加数=1
time=01:24:59.680 level=INFO msg=これまでに地域内の評判によって6人、既存ユーザーの招待経由で28人が新規登録しました
time=01:24:59.680 level=INFO msg=0.0%のライドは椅子がマッチされるまでの時間、65.5%のライドはマッチされた椅子が乗車地点までに掛かる時間、0.0%のライドは椅子の実移動時間に不満がありました
time=01:24:59.680 level=DEBUG source=/tmp/isucon14/bench/benchmarker/scenario/scenario.go:315 msg=時間経過 tick=180
time=01:24:59.680 level=DEBUG source=/tmp/isucon14/bench/benchmarker/scenario/scenario.go:317 msg=eval reqs=29 score="[0 0 0 19 10]" criteria="[29 10 29 29]"
time=01:25:01.156 level=WARN msg="ユーザー登録に失敗しました (CODE=17): POST /api/app/usersへのリクエストに対して、期待されたHTTPステータスコードが確認できませんでした (expected:201, actual:500)"
time=01:25:01.171 level=WARN msg="ユーザー登録に失敗しました (CODE=17): POST /api/app/usersへのリクエストに対して、期待されたHTTPステータスコードが確認できませんでした (expected:201, actual:500)"
time=01:25:01.465 level=INFO msg=一定の売上が立ったためオーナーの椅子が増加します 名前=おもてなしタクシー 増加数=1
time=01:25:01.476 level=INFO msg=一定の売上が立ったためオーナーの椅子が増加します 名前=椅子のめぐりや 増加数=1
time=01:25:01.480 level=DEBUG source=/tmp/isucon14/bench/benchmarker/scenario/scenario.go:315 msg=時間経過 tick=240
time=01:25:01.480 level=DEBUG source=/tmp/isucon14/bench/benchmarker/scenario/scenario.go:317 msg=eval reqs=44 score="[0 0 0 33 11]" criteria="[44 11 44 44]"
time=01:25:01.493 level=INFO msg=一定の売上が立ったためオーナーの椅子が増加します 名前="Vintage Vibe Seats" 増加数=1
time=01:25:01.502 level=INFO msg=一定の売上が立ったためオーナーの椅子が増加します 名前=再座堂 増加数=2
time=01:25:03.268 level=INFO msg=一定の売上が立ったためオーナーの椅子が増加します 名前="Vintage Vibe Seats" 増加数=1
time=01:25:03.280 level=INFO msg=一定の売上が立ったためオーナーの椅子が増加します 名前=ZenSeat 増加数=2
time=01:25:03.281 level=INFO msg=一定の売上が立ったためオーナーの椅子が増加します 名前=椅子のめぐりや 増加数=2
time=01:25:03.280 level=DEBUG source=/tmp/isucon14/bench/benchmarker/scenario/scenario.go:315 msg=時間経過 tick=300
time=01:25:03.280 level=DEBUG source=/tmp/isucon14/bench/benchmarker/scenario/scenario.go:317 msg=eval reqs=57 score="[0 0 0 44 13]" criteria="[57 15 57 55]"
time=01:25:05.080 level=DEBUG source=/tmp/isucon14/bench/benchmarker/scenario/scenario.go:315 msg=時間経過 tick=360
time=01:25:05.080 level=DEBUG source=/tmp/isucon14/bench/benchmarker/scenario/scenario.go:317 msg=eval reqs=69 score="[0 0 9 47 13]" criteria="[68 16 69 58]"
time=01:25:05.080 level=INFO msg=これまでに地域内の評判によって18人、既存ユーザーの招待経由で57人が新規登録しました
time=01:25:05.080 level=INFO msg=1.4%のライドは椅子がマッチされるまでの時間、76.8%のライドはマッチされた椅子が乗車地点までに掛かる時間、8.0%のライドは椅子の実移動時間に不満がありました
time=01:25:05.091 level=INFO msg=一定の売上が立ったためオーナーの椅子が増加します 名前="Vintage Vibe Seats" 増加数=1
time=01:25:05.106 level=INFO msg=一定の売上が立ったためオーナーの椅子が増加します 名前=おもてなしタクシー 増加数=1
time=01:25:05.112 level=INFO msg=一定の売上が立ったためオーナーの椅子が増加します 名前=再座堂 増加数=1
time=01:25:05.119 level=INFO msg=一定の売上が立ったためオーナーの椅子が増加します 名前=椅子のめぐりや 増加数=2
time=01:25:06.872 level=INFO msg=一定の売上が立ったためオーナーの椅子が増加します 名前="Vintage Vibe Seats" 増加数=1
time=01:25:06.880 level=DEBUG source=/tmp/isucon14/bench/benchmarker/scenario/scenario.go:315 msg=時間経過 tick=420
time=01:25:06.880 level=DEBUG source=/tmp/isucon14/bench/benchmarker/scenario/scenario.go:317 msg=eval reqs=81 score="[1 5 14 48 13]" criteria="[72 19 78 60]"
time=01:25:06.889 level=INFO msg=一定の売上が立ったためオーナーの椅子が増加します 名前=再座堂 増加数=1
time=01:25:06.905 level=INFO msg=一定の売上が立ったためオーナーの椅子が増加します 名前=椅子のめぐりや 増加数=2
time=01:25:08.680 level=DEBUG source=/tmp/isucon14/bench/benchmarker/scenario/scenario.go:315 msg=時間経過 tick=480
time=01:25:08.681 level=DEBUG source=/tmp/isucon14/bench/benchmarker/scenario/scenario.go:317 msg=eval reqs=96 score="[3 11 17 52 13]" criteria="[75 24 87 67]"
time=01:25:08.686 level=INFO msg=一定の売上が立ったためオーナーの椅子が増加します 名前=椅子のめぐりや 増加数=2
time=01:25:08.686 level=INFO msg=一定の売上が立ったためオーナーの椅子が増加します 名前=おもてなしタクシー 増加数=1
time=01:25:08.686 level=INFO msg=一定の売上が立ったためオーナーの椅子が増加します 名前=再座堂 増加数=1
time=01:25:08.698 level=INFO msg=一定の売上が立ったためオーナーの椅子が増加します 名前=ZenSeat 増加数=1
time=01:25:10.480 level=INFO msg=これまでに地域内の評判によって30人、既存ユーザーの招待経由で63人が新規登録しました
time=01:25:10.480 level=INFO msg=これまでに低評価なライドによって15人が利用をやめました
time=01:25:10.480 level=INFO msg=33.6%のライドは椅子がマッチされるまでの時間、75.0%のライドはマッチされた椅子が乗車地点までに掛かる時間、26.7%のライドは椅子の実移動時間に不満がありました
time=01:25:10.480 level=DEBUG source=/tmp/isucon14/bench/benchmarker/scenario/scenario.go:315 msg=時間経過 tick=540
time=01:25:10.480 level=DEBUG source=/tmp/isucon14/bench/benchmarker/scenario/scenario.go:317 msg=eval reqs=116 score="[8 20 21 54 13]" criteria="[77 29 95 75]"
time=01:25:10.502 level=INFO msg=一定の売上が立ったためオーナーの椅子が増加します 名前=ZenSeat 増加数=1
time=01:25:10.507 level=INFO msg=一定の売上が立ったためオーナーの椅子が増加します 名前=椅子のめぐりや 増加数=2
time=01:25:10.508 level=INFO msg=一定の売上が立ったためオーナーの椅子が増加します 名前="Vintage Vibe Seats" 増加数=2
time=01:25:10.528 level=INFO msg=一定の売上が立ったためオーナーの椅子が増加します 名前=再座堂 増加数=1
time=01:25:10.731 level=WARN msg="ユーザー登録に失敗しました (CODE=17): POST /api/app/usersへのリクエストに対して、期待されたHTTPステータスコードが確認できませんでした (expected:201, actual:500)"
time=01:25:12.280 level=DEBUG source=/tmp/isucon14/bench/benchmarker/scenario/scenario.go:315 msg=時間経過 tick=600
time=01:25:12.280 level=DEBUG source=/tmp/isucon14/bench/benchmarker/scenario/scenario.go:317 msg=eval reqs=134 score="[14 23 27 57 13]" criteria="[79 37 104 80]"
time=01:25:12.318 level=INFO msg=一定の売上が立ったためオーナーの椅子が増加します 名前=おもてなしタクシー 増加数=1
time=01:25:12.344 level=INFO msg=一定の売上が立ったためオーナーの椅子が増加します 名前=椅子のめぐりや 増加数=2
time=01:25:12.396 level=INFO msg=一定の売上が立ったためオーナーの椅子が増加します 名前=再座堂 増加数=2
time=01:25:14.080 level=DEBUG source=/tmp/isucon14/bench/benchmarker/scenario/scenario.go:315 msg=時間経過 tick=660
time=01:25:14.080 level=DEBUG source=/tmp/isucon14/bench/benchmarker/scenario/scenario.go:317 msg=eval reqs=154 score="[21 30 30 60 13]" criteria="[87 42 111 82]"
time=01:25:14.126 level=INFO msg=一定の売上が立ったためオーナーの椅子が増加します 名前=ZenSeat 増加数=1
time=01:25:14.126 level=INFO msg=一定の売上が立ったためオーナーの椅子が増加します 名前=おもてなしタクシー 増加数=1
time=01:25:14.128 level=INFO msg=一定の売上が立ったためオーナーの椅子が増加します 名前=再座堂 増加数=2
time=01:25:14.132 level=INFO msg=一定の売上が立ったためオーナーの椅子が増加します 名前=椅子のめぐりや 増加数=2
time=01:25:15.880 level=INFO msg=これまでに地域内の評判によって42人、既存ユーザーの招待経由で71人が新規登録しました
time=01:25:15.880 level=INFO msg=これまでに低評価なライドによって33人が利用をやめました
time=01:25:15.880 level=INFO msg=45.5%のライドは椅子がマッチされるまでの時間、73.9%のライドはマッチされた椅子が乗車地点までに掛かる時間、42.9%のライドは椅子の実移動時間に不満がありました
time=01:25:15.880 level=DEBUG source=/tmp/isucon14/bench/benchmarker/scenario/scenario.go:315 msg=時間経過 tick=720
time=01:25:15.880 level=DEBUG source=/tmp/isucon14/bench/benchmarker/scenario/scenario.go:317 msg=eval reqs=176 score="[31 37 32 62 14]" criteria="[96 46 114 87]"
time=01:25:15.935 level=INFO msg=一定の売上が立ったためオーナーの椅子が増加します 名前=おもてなしタクシー 増加数=1
time=01:25:15.976 level=INFO msg=一定の売上が立ったためオーナーの椅子が増加します 名前="Vintage Vibe Seats" 増加数=1
time=01:25:15.998 level=INFO msg=一定の売上が立ったためオーナーの椅子が増加します 名前=ZenSeat 増加数=2
time=01:25:16.054 level=INFO msg=一定の売上が立ったためオーナーの椅子が増加します 名前=椅子のめぐりや 増加数=2
time=01:25:17.680 level=DEBUG source=/tmp/isucon14/bench/benchmarker/scenario/scenario.go:315 msg=時間経過 tick=780
time=01:25:17.680 level=DEBUG source=/tmp/isucon14/bench/benchmarker/scenario/scenario.go:317 msg=eval reqs=193 score="[33 43 38 65 14]" criteria="[107 56 120 87]"
time=01:25:17.745 level=INFO msg=一定の売上が立ったためオーナーの椅子が増加します 名前=ZenSeat 増加数=1
time=01:25:17.757 level=INFO msg=一定の売上が立ったためオーナーの椅子が増加します 名前="Vintage Vibe Seats" 増加数=2
time=01:25:17.763 level=INFO msg=一定の売上が立ったためオーナーの椅子が増加します 名前=おもてなしタクシー 増加数=1
time=01:25:17.771 level=INFO msg=一定の売上が立ったためオーナーの椅子が増加します 名前=椅子のめぐりや 増加数=2
time=01:25:17.817 level=INFO msg=一定の売上が立ったためオーナーの椅子が増加します 名前=再座堂 増加数=2
time=01:25:19.480 level=DEBUG source=/tmp/isucon14/bench/benchmarker/scenario/scenario.go:315 msg=時間経過 tick=840
time=01:25:19.480 level=DEBUG source=/tmp/isucon14/bench/benchmarker/scenario/scenario.go:317 msg=eval reqs=221 score="[35 57 40 73 16]" criteria="[131 68 130 91]"
time=01:25:19.554 level=INFO msg=一定の売上が立ったためオーナーの椅子が増加します 名前=おもてなしタクシー 増加数=3
time=01:25:19.663 level=INFO msg=一定の売上が立ったためオーナーの椅子が増加します 名前=ZenSeat 増加数=1
time=01:25:19.668 level=INFO msg=一定の売上が立ったためオーナーの椅子が増加します 名前="Vintage Vibe Seats" 増加数=1
time=01:25:19.700 level=INFO msg=一定の売上が立ったためオーナーの椅子が増加します 名前=椅子のめぐりや 増加数=2
time=01:25:19.709 level=INFO msg=一定の売上が立ったためオーナーの椅子が増加します 名前=再座堂 増加数=1
time=01:25:21.281 level=INFO msg=これまでに地域内の評判によって54人、既存ユーザーの招待経由で84人が新規登録しました
time=01:25:21.281 level=INFO msg=これまでに低評価なライドによって50人が利用をやめました
time=01:25:21.281 level=INFO msg=36.7%のライドは椅子がマッチされるまでの時間、70.2%のライドはマッチされた椅子が乗車地点までに掛かる時間、54.4%のライドは椅子の実移動時間に不満がありました
time=01:25:21.281 level=DEBUG source=/tmp/isucon14/bench/benchmarker/scenario/scenario.go:315 msg=時間経過 tick=900
time=01:25:21.281 level=DEBUG source=/tmp/isucon14/bench/benchmarker/scenario/scenario.go:317 msg=eval reqs=248 score="[36 75 45 76 16]" criteria="[157 74 134 92]"
time=01:25:21.305 level=INFO msg=一定の売上が立ったためオーナーの椅子が増加します 名前=再座堂 増加数=2
time=01:25:21.306 level=INFO msg=一定の売上が立ったためオーナーの椅子が増加します 名前=椅子のめぐりや 増加数=3
time=01:25:21.327 level=INFO msg=一定の売上が立ったためオーナーの椅子が増加します 名前=ZenSeat 増加数=1
time=01:25:21.345 level=INFO msg=一定の売上が立ったためオーナーの椅子が増加します 名前="Vintage Vibe Seats" 増加数=1
time=01:25:21.609 level=WARN msg="ユーザー登録に失敗しました (CODE=17): POST /api/app/usersへのリクエストに対して、期待されたHTTPステータスコードが確認できませんでした (expected:201, actual:500)"
time=01:25:23.080 level=DEBUG source=/tmp/isucon14/bench/benchmarker/scenario/scenario.go:315 msg=時間経過 tick=960
time=01:25:23.080 level=DEBUG source=/tmp/isucon14/bench/benchmarker/scenario/scenario.go:317 msg=eval reqs=277 score="[37 80 54 89 17]" criteria="[185 97 146 95]"
time=01:25:23.191 level=INFO msg=一定の売上が立ったためオーナーの椅子が増加します 名前="Vintage Vibe Seats" 増加数=2
time=01:25:23.218 level=INFO msg=一定の売上が立ったためオーナーの椅子が増加します 名前=おもてなしタクシー 増加数=1
time=01:25:23.259 level=INFO msg=一定の売上が立ったためオーナーの椅子が増加します 名前=椅子のめぐりや 増加数=1
time=01:25:23.285 level=INFO msg=一定の売上が立ったためオーナーの椅子が増加します 名前=再座堂 増加数=1
time=01:25:23.384 level=INFO msg=一定の売上が立ったためオーナーの椅子が増加します 名前=ZenSeat 増加数=1
time=01:25:24.880 level=DEBUG source=/tmp/isucon14/bench/benchmarker/scenario/scenario.go:315 msg=時間経過 tick=1020
time=01:25:24.880 level=DEBUG source=/tmp/isucon14/bench/benchmarker/scenario/scenario.go:317 msg=eval reqs=300 score="[37 85 66 95 17]" criteria="[208 115 150 97]"
time=01:25:24.969 level=INFO msg=一定の売上が立ったためオーナーの椅子が増加します 名前=ZenSeat 増加数=1
time=01:25:25.018 level=INFO msg=一定の売上が立ったためオーナーの椅子が増加します 名前="Vintage Vibe Seats" 増加数=1
time=01:25:25.023 level=INFO msg=一定の売上が立ったためオーナーの椅子が増加します 名前=椅子のめぐりや 増加数=1
time=01:25:25.053 level=INFO msg=一定の売上が立ったためオーナーの椅子が増加します 名前=おもてなしタクシー 増加数=1
time=01:25:25.083 level=INFO msg=一定の売上が立ったためオーナーの椅子が増加します 名前=再座堂 増加数=2
time=01:25:26.681 level=DEBUG source=/tmp/isucon14/bench/benchmarker/scenario/scenario.go:315 msg=時間経過 tick=1080
time=01:25:26.681 level=INFO msg=これまでに地域内の評判によって66人、既存ユーザーの招待経由で105人が新規登録しました
time=01:25:26.681 level=INFO msg=これまでに低評価なライドによって56人が利用をやめました
time=01:25:26.681 level=INFO msg=28.8%のライドは椅子がマッチされるまでの時間、60.4%のライドはマッチされた椅子が乗車地点までに掛かる時間、62.2%のライドは椅子の実移動時間に不満がありました
time=01:25:26.681 level=DEBUG source=/tmp/isucon14/bench/benchmarker/scenario/scenario.go:317 msg=eval reqs=333 score="[41 97 78 100 17]" criteria="[237 132 155 97]"
time=01:25:26.739 level=INFO msg=一定の売上が立ったためオーナーの椅子が増加します 名前=おもてなしタクシー 増加数=2
time=01:25:26.741 level=INFO msg=一定の売上が立ったためオーナーの椅子が増加します 名前="Vintage Vibe Seats" 増加数=2
time=01:25:26.751 level=INFO msg=一定の売上が立ったためオーナーの椅子が増加します 名前=ZenSeat 増加数=2
time=01:25:26.777 level=INFO msg=一定の売上が立ったためオーナーの椅子が増加します 名前=再座堂 増加数=1
time=01:25:26.820 level=INFO msg=一定の売上が立ったためオーナーの椅子が増加します 名前=椅子のめぐりや 増加数=3
time=01:25:28.481 level=DEBUG source=/tmp/isucon14/bench/benchmarker/scenario/scenario.go:315 msg=時間経過 tick=1140
time=01:25:28.481 level=DEBUG source=/tmp/isucon14/bench/benchmarker/scenario/scenario.go:317 msg=eval reqs=353 score="[43 111 80 102 17]" criteria="[255 136 157 97]"
time=01:25:28.503 level=INFO msg=一定の売上が立ったためオーナーの椅子が増加します 名前=ZenSeat 増加数=2
time=01:25:28.547 level=INFO msg=一定の売上が立ったためオーナーの椅子が増加します 名前=おもてなしタクシー 増加数=1
time=01:25:28.622 level=INFO msg=一定の売上が立ったためオーナーの椅子が増加します 名前=椅子のめぐりや 増加数=2
time=01:25:28.624 level=INFO msg=一定の売上が立ったためオーナーの椅子が増加します 名前=再座堂 増加数=1
time=01:25:30.280 level=DEBUG source=/tmp/isucon14/bench/benchmarker/scenario/scenario.go:315 msg=時間経過 tick=1200
time=01:25:30.280 level=DEBUG source=/tmp/isucon14/bench/benchmarker/scenario/scenario.go:317 msg=eval reqs=391 score="[44 128 97 105 17]" criteria="[292 156 160 97]"
time=01:25:30.355 level=INFO msg=一定の売上が立ったためオーナーの椅子が増加します 名前="Vintage Vibe Seats" 増加数=1
time=01:25:30.436 level=INFO msg=一定の売上が立ったためオーナーの椅子が増加します 名前=再座堂 増加数=1
time=01:25:30.445 level=INFO msg=一定の売上が立ったためオーナーの椅子が増加します 名前=ZenSeat 増加数=2
time=01:25:30.460 level=INFO msg=一定の売上が立ったためオーナーの椅子が増加します 名前=おもてなしタクシー 増加数=2
time=01:25:30.493 level=INFO msg=一定の売上が立ったためオーナーの椅子が増加します 名前=椅子のめぐりや 増加数=2
time=01:25:32.080 level=DEBUG source=/tmp/isucon14/bench/benchmarker/scenario/scenario.go:315 msg=時間経過 tick=1260
time=01:25:32.081 level=DEBUG source=/tmp/isucon14/bench/benchmarker/scenario/scenario.go:317 msg=eval reqs=420 score="[44 138 111 108 19]" criteria="[321 174 165 100]"
time=01:25:32.081 level=INFO msg=これまでに地域内の評判によって78人、既存ユーザーの招待経由で114人が新規登録しました
time=01:25:32.081 level=INFO msg=これまでに低評価なライドによって71人が利用をやめました
time=01:25:32.081 level=INFO msg=23.6%のライドは椅子がマッチされるまでの時間、58.6%のライドはマッチされた椅子が乗車地点までに掛かる時間、68.5%のライドは椅子の実移動時間に不満がありました
time=01:25:32.152 level=INFO msg=一定の売上が立ったためオーナーの椅子が増加します 名前=おもてなしタクシー 増加数=1
time=01:25:32.155 level=INFO msg=一定の売上が立ったためオーナーの椅子が増加します 名前=椅子のめぐりや 増加数=2
time=01:25:32.156 level=INFO msg=一定の売上が立ったためオーナーの椅子が増加します 名前=ZenSeat 増加数=1
time=01:25:32.255 level=INFO msg=一定の売上が立ったためオーナーの椅子が増加します 名前=再座堂 増加数=1
time=01:25:32.338 level=INFO msg=一定の売上が立ったためオーナーの椅子が増加します 名前="Vintage Vibe Seats" 増加数=2
time=01:25:33.875 level=WARN msg="ユーザー登録に失敗しました (CODE=17): POST /api/app/usersへのリクエストに対して、期待されたHTTPステータスコードが確認できませんでした (expected:201, actual:500)"
time=01:25:33.880 level=DEBUG source=/tmp/isucon14/bench/benchmarker/scenario/scenario.go:315 msg=時間経過 tick=1320
time=01:25:33.880 level=DEBUG source=/tmp/isucon14/bench/benchmarker/scenario/scenario.go:317 msg=eval reqs=460 score="[44 151 124 121 20]" criteria="[361 200 177 104]"
time=01:25:33.882 level=WARN msg="ユーザー登録に失敗しました (CODE=17): POST /api/app/usersへのリクエストに対して、期待されたHTTPステータスコードが確認できませんでした (expected:201, actual:500)"
time=01:25:33.911 level=INFO msg=一定の売上が立ったためオーナーの椅子が増加します 名前="Vintage Vibe Seats" 増加数=1
time=01:25:33.957 level=INFO msg=一定の売上が立ったためオーナーの椅子が増加します 名前=椅子のめぐりや 増加数=2
time=01:25:34.064 level=INFO msg=一定の売上が立ったためオーナーの椅子が増加します 名前=ZenSeat 増加数=1
time=01:25:34.080 level=INFO msg=一定の売上が立ったためオーナーの椅子が増加します 名前=おもてなしタクシー 増加数=2
time=01:25:34.213 level=INFO msg=一定の売上が立ったためオーナーの椅子が増加します 名前=再座堂 増加数=2
time=01:25:35.680 level=DEBUG source=/tmp/isucon14/bench/benchmarker/scenario/scenario.go:315 msg=時間経過 tick=1380
time=01:25:35.680 level=DEBUG source=/tmp/isucon14/bench/benchmarker/scenario/scenario.go:317 msg=eval reqs=484 score="[45 160 132 127 20]" criteria="[384 214 183 104]"
time=01:25:35.733 level=INFO msg=一定の売上が立ったためオーナーの椅子が増加します 名前=おもてなしタクシー 増加数=1
time=01:25:35.793 level=INFO msg=一定の売上が立ったためオーナーの椅子が増加します 名前=ZenSeat 増加数=1
time=01:25:35.865 level=INFO msg=一定の売上が立ったためオーナーの椅子が増加します 名前="Vintage Vibe Seats" 増加数=1
time=01:25:35.865 level=INFO msg=一定の売上が立ったためオーナーの椅子が増加します 名前=椅子のめぐりや 増加数=1
time=01:25:35.867 level=INFO msg=一定の売上が立ったためオーナーの椅子が増加します 名前=再座堂 増加数=1
time=01:25:37.480 level=DEBUG source=/tmp/isucon14/bench/benchmarker/scenario/scenario.go:315 msg=時間経過 tick=1440
time=01:25:37.480 level=DEBUG source=/tmp/isucon14/bench/benchmarker/scenario/scenario.go:317 msg=eval reqs=526 score="[45 166 157 138 20]" criteria="[426 250 190 108]"
time=01:25:37.480 level=INFO msg=これまでに地域内の評判によって90人、既存ユーザーの招待経由で137人が新規登録しました
time=01:25:37.480 level=INFO msg=これまでに低評価なライドによって81人が利用をやめました
time=01:25:37.480 level=INFO msg=19.0%のライドは椅子がマッチされるまでの時間、52.5%のライドはマッチされた椅子が乗車地点までに掛かる時間、71.7%のライドは椅子の実移動時間に不満がありました
time=01:25:37.585 level=INFO msg=一定の売上が立ったためオーナーの椅子が増加します 名前=おもてなしタクシー 増加数=1
time=01:25:37.659 level=INFO msg=一定の売上が立ったためオーナーの椅子が増加します 名前=椅子のめぐりや 増加数=3
time=01:25:37.671 level=WARN msg="ユーザー登録に失敗しました (CODE=17): POST /api/app/usersへのリクエストに対して、期待されたHTTPステータスコードが確認できませんでした (expected:201, actual:500)"
time=01:25:37.681 level=INFO msg=一定の売上が立ったためオーナーの椅子が増加します 名前=再座堂 増加数=2
time=01:25:37.702 level=INFO msg=一定の売上が立ったためオーナーの椅子が増加します 名前="Vintage Vibe Seats" 増加数=1
time=01:25:37.777 level=INFO msg=一定の売上が立ったためオーナーの椅子が増加します 名前=ZenSeat 増加数=2
time=01:25:39.280 level=DEBUG source=/tmp/isucon14/bench/benchmarker/scenario/scenario.go:315 msg=時間経過 tick=1500
time=01:25:39.280 level=DEBUG source=/tmp/isucon14/bench/benchmarker/scenario/scenario.go:317 msg=eval reqs=562 score="[46 173 182 141 20]" criteria="[461 278 192 109]"
time=01:25:39.406 level=INFO msg=一定の売上が立ったためオーナーの椅子が増加します 名前=ZenSeat 増加数=1
time=01:25:39.451 level=INFO msg=一定の売上が立ったためオーナーの椅子が増加します 名前=おもてなしタクシー 増加数=2
time=01:25:39.455 level=INFO msg=一定の売上が立ったためオーナーの椅子が増加します 名前=椅子のめぐりや 増加数=1
time=01:25:39.463 level=INFO msg=一定の売上が立ったためオーナーの椅子が増加します 名前="Vintage Vibe Seats" 増加数=2
time=01:25:39.521 level=INFO msg=一定の売上が立ったためオーナーの椅子が増加します 名前=再座堂 増加数=1
time=01:25:41.080 level=DEBUG source=/tmp/isucon14/bench/benchmarker/scenario/scenario.go:315 msg=時間経過 tick=1560
time=01:25:41.080 level=DEBUG source=/tmp/isucon14/bench/benchmarker/scenario/scenario.go:317 msg=eval reqs=601 score="[46 186 203 146 20]" criteria="[500 303 195 112]"
time=01:25:41.212 level=INFO msg=一定の売上が立ったためオーナーの椅子が増加します 名前=おもてなしタクシー 増加数=1
time=01:25:41.252 level=INFO msg=一定の売上が立ったためオーナーの椅子が増加します 名前="Vintage Vibe Seats" 増加数=1
time=01:25:41.371 level=INFO msg=一定の売上が立ったためオーナーの椅子が増加します 名前=椅子のめぐりや 増加数=2
time=01:25:41.446 level=INFO msg=一定の売上が立ったためオーナーの椅子が増加します 名前=ZenSeat 増加数=2
time=01:25:42.880 level=INFO msg=これまでに地域内の評判によって102人、既存ユーザーの招待経由で151人が新規登録しました
time=01:25:42.880 level=INFO msg=これまでに低評価なライドによって90人が利用をやめました
time=01:25:42.880 level=INFO msg=15.7%のライドは椅子がマッチされるまでの時間、47.7%のライドはマッチされた椅子が乗車地点までに掛かる時間、75.7%のライドは椅子の実移動時間に不満がありました
time=01:25:42.880 level=DEBUG source=/tmp/isucon14/bench/benchmarker/scenario/scenario.go:315 msg=時間経過 tick=1620
time=01:25:42.880 level=DEBUG source=/tmp/isucon14/bench/benchmarker/scenario/scenario.go:317 msg=eval reqs=643 score="[46 195 231 151 20]" criteria="[542 336 199 113]"
time=01:25:42.919 level=INFO msg=一定の売上が立ったためオーナーの椅子が増加します 名前=再座堂 増加数=2
time=01:25:42.942 level=INFO msg=一定の売上が立ったためオーナーの椅子が増加します 名前=椅子のめぐりや 増加数=1
time=01:25:43.044 level=INFO msg=一定の売上が立ったためオーナーの椅子が増加します 名前=おもてなしタクシー 増加数=2
time=01:25:43.059 level=INFO msg=一定の売上が立ったためオーナーの椅子が増加します 名前="Vintage Vibe Seats" 増加数=2
time=01:25:43.147 level=INFO msg=一定の売上が立ったためオーナーの椅子が増加します 名前=ZenSeat 増加数=1
time=01:25:44.680 level=DEBUG source=/tmp/isucon14/bench/benchmarker/scenario/scenario.go:315 msg=時間経過 tick=1680
time=01:25:44.681 level=DEBUG source=/tmp/isucon14/bench/benchmarker/scenario/scenario.go:317 msg=eval reqs=687 score="[47 199 264 157 20]" criteria="[585 375 204 114]"
time=01:25:44.730 level=INFO msg=一定の売上が立ったためオーナーの椅子が増加します 名前=再座堂 増加数=3
time=01:25:44.752 level=INFO msg=一定の売上が立ったためオーナーの椅子が増加します 名前="Vintage Vibe Seats" 増加数=2
time=01:25:44.806 level=INFO msg=一定の売上が立ったためオーナーの椅子が増加します 名前=おもてなしタクシー 増加数=3
time=01:25:44.814 level=INFO msg=一定の売上が立ったためオーナーの椅子が増加します 名前=ZenSeat 増加数=1
time=01:25:44.829 level=INFO msg=一定の売上が立ったためオーナーの椅子が増加します 名前=椅子のめぐりや 増加数=2
time=01:25:46.139 level=WARN msg="ユーザー登録に失敗しました (CODE=17): POST /api/app/usersへのリクエストに対して、期待されたHTTPステータスコードが確認できませんでした (expected:201, actual:500)"
time=01:25:46.480 level=DEBUG source=/tmp/isucon14/bench/benchmarker/scenario/scenario.go:315 msg=時間経過 tick=1740
time=01:25:46.480 level=DEBUG source=/tmp/isucon14/bench/benchmarker/scenario/scenario.go:317 msg=eval reqs=732 score="[47 204 295 165 21]" criteria="[630 415 210 118]"
time=01:25:46.528 level=INFO msg=一定の売上が立ったためオーナーの椅子が増加します 名前="Vintage Vibe Seats" 増加数=2
time=01:25:46.588 level=INFO msg=一定の売上が立ったためオーナーの椅子が増加します 名前=再座堂 増加数=2
time=01:25:46.620 level=INFO msg=一定の売上が立ったためオーナーの椅子が増加します 名前=椅子のめぐりや 増加数=2
time=01:25:46.767 level=INFO msg=一定の売上が立ったためオーナーの椅子が増加します 名前=ZenSeat 増加数=3
time=01:25:48.280 level=DEBUG source=/tmp/isucon14/bench/benchmarker/scenario/scenario.go:315 msg=時間経過 tick=1800
time=01:25:48.280 level=DEBUG source=/tmp/isucon14/bench/benchmarker/scenario/scenario.go:317 msg=eval reqs=771 score="[48 209 325 168 21]" criteria="[668 446 212 121]"
time=01:25:48.280 level=INFO msg=これまでに地域内の評判によって114人、既存ユーザーの招待経由で165人が新規登録しました
time=01:25:48.280 level=INFO msg=これまでに低評価なライドによって94人が利用をやめました
time=01:25:48.280 level=INFO msg=13.4%のライドは椅子がマッチされるまでの時間、42.2%のライドはマッチされた椅子が乗車地点までに掛かる時間、78.4%のライドは椅子の実移動時間に不満がありました
time=01:25:48.415 level=INFO msg=一定の売上が立ったためオーナーの椅子が増加します 名前=ZenSeat 増加数=1
time=01:25:48.435 level=INFO msg=一定の売上が立ったためオーナーの椅子が増加します 名前=おもてなしタクシー 増加数=2
time=01:25:48.477 level=INFO msg=一定の売上が立ったためオーナーの椅子が増加します 名前=椅子のめぐりや 増加数=1
time=01:25:48.503 level=INFO msg=一定の売上が立ったためオーナーの椅子が増加します 名前=再座堂 増加数=2
time=01:25:48.522 level=INFO msg=一定の売上が立ったためオーナーの椅子が増加します 名前="Vintage Vibe Seats" 増加数=1
time=01:25:50.067 level=WARN msg="取得した付近の椅子情報に不備があります (CODE=30): ID:01M3F8JQGXEWYT4R6CZFM7WC1Mの椅子は既にライド中です"
time=01:25:50.080 level=DEBUG source=/tmp/isucon14/bench/benchmarker/scenario/scenario.go:315 msg=時間経過 tick=1860
time=01:25:50.080 level=DEBUG source=/tmp/isucon14/bench/benchmarker/scenario/scenario.go:317 msg=eval reqs=819 score="[48 212 364 174 21]" criteria="[716 491 215 124]"
time=01:25:50.384 level=INFO msg=一定の売上が立ったためオーナーの椅子が増加します 名前=ZenSeat 増加数=2
time=01:25:50.384 level=INFO msg=一定の売上が立ったためオーナーの椅子が増加します 名前=おもてなしタクシー 増加数=2
time=01:25:50.394 level=INFO msg=一定の売上が立ったためオーナーの椅子が増加します 名前=再座堂 増加数=1
time=01:25:50.457 level=INFO msg=一定の売上が立ったためオーナーの椅子が増加します 名前="Vintage Vibe Seats" 増加数=2
time=01:25:50.976 level=WARN msg="取得した付近の椅子情報に不備があります (CODE=30): ID:01M3F8HB30ASWRSV61RFFW1C5Pの椅子は既にライド中です"
time=01:25:51.880 level=DEBUG source=/tmp/isucon14/bench/benchmarker/scenario/scenario.go:315 msg=時間経過 tick=1920
time=01:25:51.880 level=DEBUG source=/tmp/isucon14/bench/benchmarker/scenario/scenario.go:317 msg=eval reqs=850 score="[48 217 389 175 21]" criteria="[747 517 215 125]"
time=01:25:52.027 level=INFO msg=一定の売上が立ったためオーナーの椅子が増加します 名前=ZenSeat 増加数=1
time=01:25:52.066 level=INFO msg=一定の売上が立ったためオーナーの椅子が増加します 名前=椅子のめぐりや 増加数=4
time=01:25:52.190 level=INFO msg=一定の売上が立ったためオーナーの椅子が増加します 名前=再座堂 増加数=1
time=01:25:53.055 level=WARN msg="椅子がライドを受理できませんでした (CODE=3): POST /api/chair/rides/{rideID}/statusのリクエストが失敗しました: Post \"https://isuride.xiv.isucon.net/api/chair/rides/01M3F8K30Y5MYXK01B3E91T0DK/status\": EOF"
time=01:25:53.680 level=DEBUG source=/tmp/isucon14/bench/benchmarker/scenario/scenario.go:315 msg=時間経過 tick=1980
time=01:25:53.680 level=DEBUG source=/tmp/isucon14/bench/benchmarker/scenario/scenario.go:317 msg=eval reqs=892 score="[48 220 423 180 21]" criteria="[789 556 217 128]"
time=01:25:53.680 level=INFO msg=これまでに地域内の評判によって126人、既存ユーザーの招待経由で176人が新規登録しました
time=01:25:53.680 level=INFO msg=これまでに低評価なライドによって96人が利用をやめました
time=01:25:53.680 level=INFO msg=11.5%のライドは椅子がマッチされるまでの時間、37.7%のライドはマッチされた椅子が乗車地点までに掛かる時間、80.7%のライドは椅子の実移動時間に不満がありました
time=01:25:53.856 level=INFO msg=一定の売上が立ったためオーナーの椅子が増加します 名前=ZenSeat 増加数=2
time=01:25:53.955 level=INFO msg=一定の売上が立ったためオーナーの椅子が増加します 名前=再座堂 増加数=2
time=01:25:53.956 level=INFO msg=一定の売上が立ったためオーナーの椅子が増加します 名前="Vintage Vibe Seats" 増加数=2
time=01:25:54.037 level=INFO msg=一定の売上が立ったためオーナーの椅子が増加します 名前=おもてなしタクシー 増加数=2
time=01:25:54.037 level=INFO msg=一定の売上が立ったためオーナーの椅子が増加します 名前=椅子のめぐりや 増加数=1
time=01:25:59.250 level=INFO msg=最終地域情報 名前=チェアタウン ユーザー登録数=186 アクティブユーザー数=131
time=01:25:59.250 level=INFO msg=最終地域情報 名前=コシカケシティ ユーザー登録数=132 アクティブユーザー数=90
time=01:25:59.250 level=INFO msg=最終オーナー情報 名前="Vintage Vibe Seats" 売上=871100 椅子数=41
time=01:25:59.250 level=INFO msg=最終オーナー情報 名前=再座堂 売上=1069100 椅子数=47
time=01:25:59.250 level=INFO msg=最終オーナー情報 名前=ZenSeat 売上=944100 椅子数=43
time=01:25:59.250 level=INFO msg=最終オーナー情報 名前=おもてなしタクシー 売上=849600 椅子数=41
time=01:25:59.250 level=INFO msg=最終オーナー情報 名前=椅子のめぐりや 売上=1624700 椅子数=61
time=01:25:59.250 level=INFO msg=11.1%のライドは椅子がマッチされるまでの時間、36.6%のライドはマッチされた椅子が乗車地点までに掛かる時間、81.4%のライドは椅子の実移動時間に不満がありました
time=01:25:59.250 level=INFO msg=結果 pass=true スコア=63639 種別エラー数="map[3:1 17:8 30:2]"
time=01:25:59.250 level=INFO msg=負荷走行が終了しました
