2026-09-26T16:24:53+00:00
COMMAND         %CPU   RSS
mysqld          20.8 630120
jbd2/sda1-8      0.4     0
nginx            0.2  7940
kworker/0:1H-kb  0.2     0
kworker/1:1H-kb  0.2     0
nginx            0.2  7940
rcu_preempt      0.1     0
kworker/u4:4-fl  0.0     0
kworker/u4:2-ev  0.0     0
2026-09-26T16:24:55+00:00
COMMAND         %CPU   RSS
mysqld          20.8 668056
bench            7.5 47800
isuride          0.6 15004
jbd2/sda1-8      0.4     0
nginx            0.3  8684
nginx            0.2  8900
kworker/0:1H-kb  0.2     0
kworker/1:1H-kb  0.2     0
rcu_preempt      0.1     0
2026-09-26T16:24:57+00:00
COMMAND         %CPU   RSS
mysqld          20.8 669140
bench           13.4 66000
isuride          2.4 15632
nginx            0.5  8776
nginx            0.5  8936
jbd2/sda1-8      0.4     0
kworker/0:1H-kb  0.2     0
kworker/1:1H-kb  0.2     0
rcu_preempt      0.1     0
2026-09-26T16:24:59+00:00
COMMAND         %CPU   RSS
mysqld          21.0 672524
bench           17.4 100728
isuride          4.7 16532
nginx            0.8  9288
nginx            0.7  9172
jbd2/sda1-8      0.4     0
kworker/0:1H-kb  0.2     0
kworker/1:1H-kb  0.2     0
rcu_preempt      0.1     0
2026-09-26T16:25:01+00:00
COMMAND         %CPU   RSS
mysqld          21.1 674764
bench           19.8 125592
isuride          6.7 17908
nginx            1.1  9788
nginx            0.9  9604
jbd2/sda1-8      0.4     0
kworker/0:1H-kb  0.2     0
kworker/1:1H-kb  0.2     0
rcu_preempt      0.1     0
2026-09-26T16:25:03+00:00
COMMAND         %CPU   RSS
mysqld          21.3 678480
bench           20.8 156204
isuride          8.8 17204
nginx            1.4 10136
nginx            1.2  9972
jbd2/sda1-8      0.4     0
kworker/0:1H-kb  0.2     0
kworker/1:1H-kb  0.2     0
rcu_preempt      0.1     0
2026-09-26T16:25:05+00:00
COMMAND         %CPU   RSS
mysqld          21.5 683680
bench           21.4 175740
isuride         10.7 19192
nginx            1.6 10508
nginx            1.5 10292
jbd2/sda1-8      0.4     0
kworker/0:1H-kb  0.2     0
kworker/1:1H-kb  0.2     0
rcu_preempt      0.1     0
2026-09-26T16:25:07+00:00
COMMAND         %CPU   RSS
mysqld          21.7 686312
bench           21.7 191124
isuride         12.5 20364
nginx            1.9 10904
nginx            1.7 10624
jbd2/sda1-8      0.4     0
kworker/0:1H-kb  0.2     0
kworker/1:1H-kb  0.2     0
rcu_preempt      0.1     0
2026-09-26T16:25:09+00:00
COMMAND         %CPU   RSS
bench           22.3 201924
mysqld          22.0 691164
isuride         14.1 20756
nginx            2.1 11256
nginx            1.9 10840
jbd2/sda1-8      0.4     0
kworker/0:1H-kb  0.2     0
kworker/1:1H-kb  0.2     0
rcu_preempt      0.1     0
2026-09-26T16:25:11+00:00
COMMAND         %CPU   RSS
bench           22.9 209676
mysqld          22.2 696520
isuride         15.8 21204
nginx            2.4 11376
nginx            2.1 11016
jbd2/sda1-8      0.4     0
kworker/0:1H-kb  0.2     0
kworker/1:1H-kb  0.2     0
rcu_preempt      0.1     0
2026-09-26T16:25:13+00:00
COMMAND         %CPU   RSS
bench           23.1 222000
mysqld          22.4 704352
isuride         16.8 23584
nginx            2.5 11600
nginx            2.3 11296
jbd2/sda1-8      0.4     0
kworker/0:1H-kb  0.2     0
kworker/1:1H-kb  0.2     0
rcu_preempt      0.1     0
2026-09-26T16:25:15+00:00
COMMAND         %CPU   RSS
bench           23.2 234620
mysqld          22.6 708580
isuride         18.0 23820
nginx            2.7 11940
nginx            2.5 11604
jbd2/sda1-8      0.4     0
kworker/0:1H-kb  0.2     0
kworker/1:1H-kb  0.2     0
rcu_preempt      0.1     0
2026-09-26T16:25:17+00:00
COMMAND         %CPU   RSS
bench           23.3 246732
mysqld          22.8 710268
isuride         19.0 22520
nginx            2.9 12024
nginx            2.6 11872
jbd2/sda1-8      0.4     0
kworker/0:1H-kb  0.2     0
kworker/1:1H-kb  0.2     0
rcu_preempt      0.1     0
2026-09-26T16:25:19+00:00
COMMAND         %CPU   RSS
bench           23.5 264528
mysqld          23.1 713152
isuride         19.8 24692
nginx            3.0 12268
nginx            2.8 12184
jbd2/sda1-8      0.4     0
kworker/0:1H-kb  0.2     0
kworker/1:1H-kb  0.2     0
rcu_preempt      0.1     0
2026-09-26T16:25:21+00:00
COMMAND         %CPU   RSS
bench           23.5 274080
mysqld          23.3 715636
isuride         20.6 24112
nginx            3.2 12584
nginx            3.0 12448
jbd2/sda1-8      0.5     0
kworker/1:1H-kb  0.2     0
kworker/0:1H-kb  0.2     0
rcu_preempt      0.1     0
2026-09-26T16:25:23+00:00
COMMAND         %CPU   RSS
bench           23.6 291616
mysqld          23.5 718140
isuride         21.2 28212
curl             9.0 12304
nginx            3.3 12972
nginx            3.1 13048
jbd2/sda1-8      0.5     0
kworker/1:1H-kb  0.2     0
kworker/0:1H-kb  0.2     0
2026-09-26T16:25:25+00:00
COMMAND         %CPU   RSS
bench           23.9 310004
mysqld          23.7 722488
isuride         21.9 30916
nginx            3.4 13208
nginx            3.2 13168
jbd2/sda1-8      0.5     0
kworker/1:1H-kb  0.2     0
kworker/0:1H-kb  0.2     0
rcu_preempt      0.1     0
2026-09-26T16:25:27+00:00
COMMAND         %CPU   RSS
mysqld          23.9 723988
bench           23.9 328036
isuride         22.5 29312
nginx            3.5 13536
nginx            3.3 13612
jbd2/sda1-8      0.5     0
kworker/1:1H-kb  0.2     0
kworker/0:1H-kb  0.2     0
rcu_preempt      0.1     0
2026-09-26T16:25:29+00:00
COMMAND         %CPU   RSS
mysqld          24.1 726092
bench           24.0 337240
isuride         23.1 30852
nginx            3.6 13740
nginx            3.5 13684
jbd2/sda1-8      0.5     0
kworker/1:1H-kb  0.2     0
kworker/0:1H-kb  0.2     0
rcu_preempt      0.1     0
2026-09-26T16:25:31+00:00
COMMAND         %CPU   RSS
mysqld          24.4 732852
bench           24.1 364352
isuride         23.7 31596
nginx            3.7 13744
nginx            3.6 14012
curl             3.3 12336
jbd2/sda1-8      0.5     0
kworker/1:1H-kb  0.2     0
kworker/0:1H-kb  0.2     0
2026-09-26T16:25:33+00:00
COMMAND         %CPU   RSS
mysqld          24.6 731008
bench           24.3 368848
isuride         24.2 32600
nginx            3.9 14108
nginx            3.7 14216
jbd2/sda1-8      0.5     0
kworker/1:1H-kb  0.2     0
kworker/0:1H-kb  0.2     0
rcu_preempt      0.1     0
2026-09-26T16:25:35+00:00
COMMAND         %CPU   RSS
mysqld          24.8 733328
isuride         24.7 34004
bench           24.4 387632
curl             5.8 12296
nginx            4.0 14584
nginx            3.8 14548
jbd2/sda1-8      0.5     0
kworker/1:1H-kb  0.2     0
kworker/0:1H-kb  0.2     0
2026-09-26T16:25:37+00:00
COMMAND         %CPU   RSS
isuride         25.2 34508
mysqld          25.0 734852
bench           24.5 389708
nginx            4.0 14716
nginx            3.9 15040
jbd2/sda1-8      0.5     0
kworker/1:1H-kb  0.2     0
kworker/0:1H-kb  0.2     0
rcu_preempt      0.1     0
2026-09-26T16:25:39+00:00
COMMAND         %CPU   RSS
isuride         25.6 33476
mysqld          25.3 736132
bench           24.7 419728
nginx            4.1 14768
nginx            4.0 15164
jbd2/sda1-8      0.5     0
kworker/1:1H-kb  0.2     0
kworker/0:1H-kb  0.2     0
rcu_preempt      0.1     0
2026-09-26T16:25:41+00:00
COMMAND         %CPU   RSS
isuride         26.0 36112
mysqld          25.5 737232
bench           24.7 422004
nginx            4.2 15044
nginx            4.1 15580
jbd2/sda1-8      0.5     0
kworker/1:1H-kb  0.2     0
kworker/0:1H-kb  0.2     0
rcu_preempt      0.1     0
2026-09-26T16:25:43+00:00
COMMAND         %CPU   RSS
isuride         26.5 35904
mysqld          25.7 738812
bench           24.9 455960
nginx            4.3 15464
nginx            4.2 15960
jbd2/sda1-8      0.5     0
kworker/1:1H-kb  0.2     0
kworker/0:1H-kb  0.2     0
rcu_preempt      0.1     0
2026-09-26T16:25:45+00:00
COMMAND         %CPU   RSS
isuride         27.0 34904
mysqld          26.0 739948
bench           25.1 459440
nginx            4.4 15640
nginx            4.3 16380
jbd2/sda1-8      0.5     0
kworker/1:1H-kb  0.2     0
kworker/0:1H-kb  0.2     0
rcu_preempt      0.1     0
2026-09-26T16:25:47+00:00
COMMAND         %CPU   RSS
isuride         27.4 37092
mysqld          26.2 742316
bench           25.2 482708
nginx            4.5 15992
nginx            4.4 16744
jbd2/sda1-8      0.5     0
kworker/1:1H-kb  0.2     0
kworker/0:1H-kb  0.2     0
rcu_preempt      0.1     0
2026-09-26T16:25:49+00:00
COMMAND         %CPU   RSS
isuride         27.7 40828
mysqld          26.4 746020
bench           25.3 487096
nginx            4.5 16492
nginx            4.5 17172
jbd2/sda1-8      0.5     0
kworker/1:1H-kb  0.2     0
kworker/0:1H-kb  0.2     0
rcu_preempt      0.1     0
2026-09-26T16:25:51+00:00
COMMAND         %CPU   RSS
isuride         27.9 43220
mysqld          26.7 744428
bench           25.3 517284
nginx            4.6 16792
nginx            4.5 17172
jbd2/sda1-8      0.5     0
kworker/1:1H-kb  0.2     0
kworker/0:1H-kb  0.2     0
rcu_preempt      0.1     0
2026-09-26T16:25:53+00:00
COMMAND         %CPU   RSS
isuride         28.2 43068
mysqld          26.9 745872
bench           25.4 518804
curl             6.6 12304
nginx            4.6 17124
nginx            4.6 17176
jbd2/sda1-8      0.5     0
kworker/1:1H-kb  0.2     0
kworker/0:1H-kb  0.2     0
2026-09-26T16:25:55+00:00
COMMAND         %CPU   RSS
isuride         28.4 36340
mysqld          27.1 746028
bench           25.3 520904
nginx            4.7 17220
nginx            4.7 17248
jbd2/sda1-8      0.5     0
kworker/1:1H-kb  0.2     0
kworker/0:1H-kb  0.2     0
rcu_preempt      0.1     0
2026-09-26T16:25:57+00:00
COMMAND         %CPU   RSS
isuride         28.9 33260
mysqld          27.3 746028
bench           25.3 556924
nginx            4.8 17220
nginx            4.8 17248
jbd2/sda1-8      0.5     0
kworker/1:1H-kb  0.2     0
kworker/0:1H-kb  0.2     0
rcu_preempt      0.1     0
