procs -----------memory---------- ---swap-- -----io---- -system-- -------cpu------- -----timestamp-----
 r  b   swpd   free   buff  cache   si   so    bi    bo   in   cs us sy id wa st gu                 UTC
 3  0      0 2062120  88128 1065928    0    0   502  5515 5308  120 15  8 77  0  0  0 2026-09-26 16:24:53
18  0      0 2007072  88128 1056352    0    0     0 62936 17889 37569 28 13 42 18  0  0 2026-09-26 16:24:54
 0  0      0 2004304  88128 1056932    0    0     0  6716 14034 44751 14 10 74  2  0  0 2026-09-26 16:24:55
 3  1      0 1999096  88128 1057448    0    0     0  9684 26419 79144 21 17 58  3  0  0 2026-09-26 16:24:56
 0  0      0 1989720  88128 1059216    0    0     0 15256 31917 104325 34 28 34  4  0  0 2026-09-26 16:24:57
 2  0      0 1965672  88128 1060392    0    0    16 15764 29744 113954 42 28 26  3  0  0 2026-09-26 16:24:58
 7  0      0 1943448  88128 1062496    0    0     0 21084 24894 106409 44 31 19  5  0  0 2026-09-26 16:24:59
 7  0      0 1929616  88128 1064536    0    0     0 19244 26322 110311 50 31 15  4  0  0 2026-09-26 16:25:00
11  0      0 1906220  88128 1065976    0    0     0 19176 25520 105449 48 34 14  4  0  0 2026-09-26 16:25:01
29  1      0 1890012  88128 1067104    0    0     0 21752 23158 105772 50 35  9  5  0  0 2026-09-26 16:25:02
29  0      0 1868884  88128 1068332    0    0     0 20872 24373 114968 54 35  7  4  0  0 2026-09-26 16:25:03
 8  0      0 1842732  88128 1069432    0    0     0 21468 21007 102134 53 38  5  4  0  0 2026-09-26 16:25:04
12  0      0 1836460  88128 1071564    0    0     0 22672 24630 111120 53 38  6  3  0  0 2026-09-26 16:25:05
12  0      0 1819576  88128 1072692    0    0     0 21684 24263 109535 53 38  6  3  0  0 2026-09-26 16:25:06
16  1      0 1811076  88128 1074004    0    0     0 23288 22372 104538 53 40  4  4  0  0 2026-09-26 16:25:07
15  0      0 1797752  88128 1075276    0    0    84 22928 21513 104259 54 39  5  2  0  0 2026-09-26 16:25:08
 4  1      0 1793216  88128 1076584    0    0     0 24304 20956 107823 54 42  3  1  0  0 2026-09-26 16:25:09
26  1      0 1779860  88128 1078920    0    0     0 32120 21314 110649 55 42  2  1  0  0 2026-09-26 16:25:10
14  0      0 1776160  88128 1080544    0    0     0 25292 21972 109241 54 43  2  1  0  0 2026-09-26 16:25:11
 5  0      0 1759528  88128 1081696    0    0     0 24628 20796 100042 52 37  5  5  0  0 2026-09-26 16:25:12
28  0      0 1749768  88128 1083776    0    0     0 26704 23269 104909 52 39  5  5  0  0 2026-09-26 16:25:13
procs -----------memory---------- ---swap-- -----io---- -system-- -------cpu------- -----timestamp-----
 r  b   swpd   free   buff  cache   si   so    bi    bo   in   cs us sy id wa st gu                 UTC
33  1      0 1737876  88128 1085128    0    0     0 25148 21206 104871 58 41  1  0  0  0 2026-09-26 16:25:14
10  1      0 1724892  88128 1086608    0    0     0 24224 23496 104507 56 38  3  3  0  0 2026-09-26 16:25:15
30  0      0 1720484  88128 1087560    0    0     0 26188 22117 108031 51 37  7  6  0  0 2026-09-26 16:25:16
63  0      0 1707940  88128 1088952    0    0     0 23136 20985 105707 57 39  3  1  0  0 2026-09-26 16:25:17
 6  1      0 1707980  88128 1090244    0    0     0 22648 21176 109104 56 39  4  2  0  0 2026-09-26 16:25:18
56  1      0 1680016  88128 1091404    0    0     0 24520 21874 96438 55 35  5  5  0  0 2026-09-26 16:25:19
12  1      0 1678040  88128 1092644    0    0     0 30856 23163 101774 54 37  6  4  0  0 2026-09-26 16:25:20
53  1      0 1668736  88128 1093940    0    0     0 25252 21543 100995 55 35  5  5  0  0 2026-09-26 16:25:21
10  1      0 1649892  88128 1096328    0    0     0 25232 20353 99424 54 39  5  2  0  0 2026-09-26 16:25:22
 8  0      0 1640148  88128 1097644    0    0     0 25860 22363 99017 53 36  5  6  0  0 2026-09-26 16:25:23
50  0      0 1615416  88128 1100280    0    0     0 23500 21908 100134 57 39  2  2  0  0 2026-09-26 16:25:24
13  0      0 1606092  88128 1101164    0    0     0 28788 21222 99858 52 39  4  5  0  0 2026-09-26 16:25:25
28  0      0 1600296  88128 1102376    0    0     0 25320 20350 95425 58 37  4  2  0  0 2026-09-26 16:25:26
 8  1      0 1589344  88128 1103756    0    0     0 24172 22086 98943 55 36  5  4  0  0 2026-09-26 16:25:27
27  0      0 1570716  88128 1104952    0    0     0 26044 21290 101205 55 39  3  3  0  0 2026-09-26 16:25:28
 7  1      0 1575600  88128 1106160    0    0     0 25712 21964 106421 56 41  2  2  0  0 2026-09-26 16:25:29
53  1      0 1564264  88128 1107488    0    0     0 30540 19801 97076 58 38  3  2  0  0 2026-09-26 16:25:30
26  0      0 1542072  88128 1109048    0    0     0 22620 20324 107261 60 39  1  1  0  0 2026-09-26 16:25:31
10  0      0 1532316  88128 1110196    0    0     0 25188 20452 97776 57 39  3  1  0  0 2026-09-26 16:25:32
10  1      0 1522468  88128 1111688    0    0     0 24200 21743 97782 56 38  3  2  0  0 2026-09-26 16:25:33
30  0      0 1512712  88128 1113588    0    0     0 25732 19829 96600 56 39  3  2  0  0 2026-09-26 16:25:34
procs -----------memory---------- ---swap-- -----io---- -system-- -------cpu------- -----timestamp-----
 r  b   swpd   free   buff  cache   si   so    bi    bo   in   cs us sy id wa st gu                 UTC
44  0      0 1490816  88128 1114900    0    0     0 26252 20658 97623 59 39  2  1  0  0 2026-09-26 16:25:35
14  0      0 1492944  88128 1117312    0    0     0 25184 21936 103179 56 40  3  1  0  0 2026-09-26 16:25:36
 5  1      0 1482392  88128 1118616    0    0     0 24104 21461 94349 59 37  3  2  0  0 2026-09-26 16:25:37
24  0      0 1460832  88128 1119800    0    0     0 25236 20037 94475 57 38  3  2  0  0 2026-09-26 16:25:38
26  1      0 1466156  88128 1120744    0    0     0 25120 19128 94354 56 40  3  2  0  0 2026-09-26 16:25:39
49  0      0 1457740  88128 1122256    0    0     0 23116 20734 98992 57 39  3  1  0  0 2026-09-26 16:25:40
20  1      0 1449268  88128 1123596    0    0     0 30072 21788 96737 59 38  2  2  0  0 2026-09-26 16:25:41
12  0      0 1406492  88128 1125240    0    0     0 22208 20732 96809 60 39  1  0  0  0 2026-09-26 16:25:42
 9  0      0 1407460  88128 1126228    0    0     0 21004 19447 100465 61 38  1  0  0  0 2026-09-26 16:25:43
 9  0      0 1402920  88128 1127820    0    0     0 22128 19819 95592 63 38  0  0  0  0 2026-09-26 16:25:44
50  0      0 1401564  88128 1129004    0    0     0 22472 19648 107297 59 40  1  0  0  0 2026-09-26 16:25:45
 4  0      0 1364176  88128 1130424    0    0     0 22168 19852 94213 61 36  2  1  0  0 2026-09-26 16:25:46
42  1      0 1374544  88128 1131656    0    0     0 22804 19732 98164 61 38  1  1  0  0 2026-09-26 16:25:47
27  0      0 1365372  88128 1132884    0    0     0 23548 20283 94977 62 37  1  0  0  0 2026-09-26 16:25:48
56  0      0 1357856  88128 1135360    0    0     0 25796 20618 100342 60 38  2  1  0  0 2026-09-26 16:25:49
10  1      0 1352164  88128 1136532    0    0     0 21200 23003 93826 60 36  4  1  0  0 2026-09-26 16:25:50
39  1      0 1317952  88128 1139400    0    0     0 31540 19970 90400 58 33  5  4  0  0 2026-09-26 16:25:51
23  1      0 1312444  88128 1140956    0    0     0 25152 21740 93500 56 38  4  2  0  0 2026-09-26 16:25:52
18  0      0 1303376  88128 1142900    0    0     0 23252 20059 98656 60 39  1  1  0  0 2026-09-26 16:25:53
17  1      0 1295592  88128 1143552    0    0     0 22732 19773 89312 58 35  5  3  0  0 2026-09-26 16:25:54
11  0      0 1308292  88128 1144236    0    0     0 14936 18992 110666 58 32  9  2  0  0 2026-09-26 16:25:55
procs -----------memory---------- ---swap-- -----io---- -system-- -------cpu------- -----timestamp-----
 r  b   swpd   free   buff  cache   si   so    bi    bo   in   cs us sy id wa st gu                 UTC
 9  0      0 1283108  88128 1144924    0    0     0  6504 19064 126570 62 31  6  1  0  0 2026-09-26 16:25:56
25  0      0 1267496  88128 1145692    0    0     0  3836 13390 132428 68 28  4  0  0  0 2026-09-26 16:25:57
14  0      0 1267020  88128 1146512    0    0     0  3656 15007 142390 66 28  6  0  0  0 2026-09-26 16:25:58
