time=23:06:05.307 level=DEBUG source=/tmp/isucon14/bench/cmd/run.go:90 msg=target targetURL=https://isuride.xiv.isucon.net targetAddr=127.0.0.1:443 benchrun.GetTargetAddress()="" paymentURL=http://127.0.0.1:12346
time=23:06:05.307 level=INFO msg=負荷走行を開始します
time=23:06:08.642 level=DEBUG source=/tmp/isucon14/bench/benchmarker/scenario/scenario.go:315 msg=時間経過 tick=60
time=23:06:08.643 level=DEBUG source=/tmp/isucon14/bench/benchmarker/scenario/scenario.go:317 msg=eval reqs=2 score="[0 0 0 2 0]" criteria="[2 0 2 2]"
time=23:06:10.422 level=INFO msg=一定の売上が立ったためオーナーの椅子が増加します 名前="Artisan Seats" 増加数=1
time=23:06:10.424 level=INFO msg=一定の売上が立ったためオーナーの椅子が増加します 名前="CraftChair Co., Ltd." 増加数=1
time=23:06:10.442 level=DEBUG source=/tmp/isucon14/bench/benchmarker/scenario/scenario.go:315 msg=時間経過 tick=120
time=23:06:10.442 level=DEBUG source=/tmp/isucon14/bench/benchmarker/scenario/scenario.go:317 msg=eval reqs=18 score="[0 0 0 12 6]" criteria="[18 6 18 18]"
time=23:06:12.223 level=INFO msg=一定の売上が立ったためオーナーの椅子が増加します 名前=快旅タクシー 増加数=2
time=23:06:12.225 level=INFO msg=一定の売上が立ったためオーナーの椅子が増加します 名前="Artisan Seats" 増加数=1
time=23:06:12.229 level=INFO msg=一定の売上が立ったためオーナーの椅子が増加します 名前=おもてなしタクシー 増加数=2
time=23:06:12.230 level=INFO msg=一定の売上が立ったためオーナーの椅子が増加します 名前="CraftChair Co., Ltd." 増加数=1
time=23:06:12.242 level=DEBUG source=/tmp/isucon14/bench/benchmarker/scenario/scenario.go:315 msg=時間経過 tick=180
time=23:06:12.242 level=DEBUG source=/tmp/isucon14/bench/benchmarker/scenario/scenario.go:317 msg=eval reqs=31 score="[0 0 0 23 8]" criteria="[31 8 31 31]"
time=23:06:12.242 level=INFO msg=これまでに地域内の評判によって5人、既存ユーザーの招待経由で30人が新規登録しました
time=23:06:12.242 level=INFO msg=0.0%のライドは椅子がマッチされるまでの時間、74.2%のライドはマッチされた椅子が乗車地点までに掛かる時間、0.0%のライドは椅子の実移動時間に不満がありました
time=23:06:12.398 level=WARN msg="ユーザー登録に失敗しました (CODE=17): POST /api/app/usersへのリクエストに対して、期待されたHTTPステータスコードが確認できませんでした (expected:201, actual:500)"
time=23:06:14.020 level=INFO msg=一定の売上が立ったためオーナーの椅子が増加します 名前="LuxeLine Taxi" 増加数=2
time=23:06:14.022 level=INFO msg=一定の売上が立ったためオーナーの椅子が増加します 名前=快旅タクシー 増加数=1
time=23:06:14.027 level=INFO msg=一定の売上が立ったためオーナーの椅子が増加します 名前=おもてなしタクシー 増加数=1
time=23:06:14.027 level=INFO msg=一定の売上が立ったためオーナーの椅子が増加します 名前="CraftChair Co., Ltd." 増加数=1
time=23:06:14.033 level=INFO msg=一定の売上が立ったためオーナーの椅子が増加します 名前="Artisan Seats" 増加数=1
time=23:06:14.042 level=DEBUG source=/tmp/isucon14/bench/benchmarker/scenario/scenario.go:315 msg=時間経過 tick=240
time=23:06:14.042 level=DEBUG source=/tmp/isucon14/bench/benchmarker/scenario/scenario.go:317 msg=eval reqs=49 score="[0 0 0 37 12]" criteria="[49 12 49 49]"
time=23:06:15.235 level=WARN msg="ユーザー登録に失敗しました (CODE=17): POST /api/app/usersへのリクエストに対して、期待されたHTTPステータスコードが確認できませんでした (expected:201, actual:500)"
time=23:06:15.842 level=DEBUG source=/tmp/isucon14/bench/benchmarker/scenario/scenario.go:315 msg=時間経過 tick=300
time=23:06:15.842 level=DEBUG source=/tmp/isucon14/bench/benchmarker/scenario/scenario.go:317 msg=eval reqs=76 score="[0 0 0 58 18]" criteria="[76 19 76 75]"
time=23:06:15.846 level=INFO msg=一定の売上が立ったためオーナーの椅子が増加します 名前="LuxeLine Taxi" 増加数=2
time=23:06:15.856 level=INFO msg=一定の売上が立ったためオーナーの椅子が増加します 名前=快旅タクシー 増加数=2
time=23:06:15.859 level=INFO msg=一定の売上が立ったためオーナーの椅子が増加します 名前="Artisan Seats" 増加数=2
time=23:06:15.860 level=INFO msg=一定の売上が立ったためオーナーの椅子が増加します 名前="CraftChair Co., Ltd." 増加数=4
time=23:06:15.861 level=INFO msg=一定の売上が立ったためオーナーの椅子が増加します 名前=おもてなしタクシー 増加数=2
time=23:06:16.702 level=WARN msg="ユーザー登録に失敗しました (CODE=17): POST /api/app/usersへのリクエストに対して、期待されたHTTPステータスコードが確認できませんでした (expected:201, actual:500)"
time=23:06:17.642 level=INFO msg=これまでに地域内の評判によって17人、既存ユーザーの招待経由で88人が新規登録しました
time=23:06:17.642 level=INFO msg=0.0%のライドは椅子がマッチされるまでの時間、74.8%のライドはマッチされた椅子が乗車地点までに掛かる時間、3.4%のライドは椅子の実移動時間に不満がありました
time=23:06:17.642 level=DEBUG source=/tmp/isucon14/bench/benchmarker/scenario/scenario.go:315 msg=時間経過 tick=360
time=23:06:17.642 level=DEBUG source=/tmp/isucon14/bench/benchmarker/scenario/scenario.go:317 msg=eval reqs=103 score="[0 0 6 72 25]" criteria="[103 26 102 97]"
time=23:06:17.695 level=INFO msg=一定の売上が立ったためオーナーの椅子が増加します 名前="Artisan Seats" 増加数=2
time=23:06:17.707 level=INFO msg=一定の売上が立ったためオーナーの椅子が増加します 名前=快旅タクシー 増加数=3
time=23:06:17.710 level=INFO msg=一定の売上が立ったためオーナーの椅子が増加します 名前=おもてなしタクシー 増加数=2
time=23:06:17.711 level=INFO msg=一定の売上が立ったためオーナーの椅子が増加します 名前="LuxeLine Taxi" 増加数=1
time=23:06:17.743 level=INFO msg=一定の売上が立ったためオーナーの椅子が増加します 名前="CraftChair Co., Ltd." 増加数=2
time=23:06:19.442 level=DEBUG source=/tmp/isucon14/bench/benchmarker/scenario/scenario.go:315 msg=時間経過 tick=420
time=23:06:19.442 level=DEBUG source=/tmp/isucon14/bench/benchmarker/scenario/scenario.go:317 msg=eval reqs=128 score="[0 1 16 80 31]" criteria="[128 36 124 109]"
time=23:06:19.542 level=INFO msg=一定の売上が立ったためオーナーの椅子が増加します 名前=快旅タクシー 増加数=1
time=23:06:19.569 level=INFO msg=一定の売上が立ったためオーナーの椅子が増加します 名前="Artisan Seats" 増加数=2
time=23:06:19.609 level=INFO msg=一定の売上が立ったためオーナーの椅子が増加します 名前="CraftChair Co., Ltd." 増加数=2
time=23:06:19.609 level=INFO msg=一定の売上が立ったためオーナーの椅子が増加します 名前=おもてなしタクシー 増加数=3
time=23:06:19.609 level=INFO msg=一定の売上が立ったためオーナーの椅子が増加します 名前="LuxeLine Taxi" 増加数=2
time=23:06:19.768 level=WARN msg="ユーザー登録に失敗しました (CODE=17): POST /api/app/usersへのリクエストに対して、期待されたHTTPステータスコードが確認できませんでした (expected:201, actual:500)"
time=23:06:21.424 level=DEBUG source=/tmp/isucon14/bench/benchmarker/scenario/scenario.go:315 msg=時間経過 tick=480
time=23:06:21.424 level=DEBUG source=/tmp/isucon14/bench/benchmarker/scenario/scenario.go:317 msg=eval reqs=158 score="[0 9 32 84 33]" criteria="[145 49 146 117]"
time=23:06:21.560 level=INFO msg=一定の売上が立ったためオーナーの椅子が増加します 名前=おもてなしタクシー 増加数=1
time=23:06:21.560 level=INFO msg=一定の売上が立ったためオーナーの椅子が増加します 名前="LuxeLine Taxi" 増加数=1
time=23:06:21.569 level=INFO msg=一定の売上が立ったためオーナーの椅子が増加します 名前="Artisan Seats" 増加数=2
time=23:06:21.694 level=INFO msg=一定の売上が立ったためオーナーの椅子が増加します 名前=快旅タクシー 増加数=4
time=23:06:21.700 level=INFO msg=一定の売上が立ったためオーナーの椅子が増加します 名前="CraftChair Co., Ltd." 増加数=2
time=23:06:23.214 level=INFO msg=一定の売上が立ったためオーナーの椅子が増加します 名前=快旅タクシー 増加数=1
time=23:06:23.223 level=DEBUG source=/tmp/isucon14/bench/benchmarker/scenario/scenario.go:315 msg=時間経過 tick=540
time=23:06:23.223 level=DEBUG source=/tmp/isucon14/bench/benchmarker/scenario/scenario.go:317 msg=eval reqs=184 score="[3 21 42 85 33]" criteria="[153 61 154 124]"
time=23:06:23.223 level=INFO msg=これまでに地域内の評判によって29人、既存ユーザーの招待経由で109人が新規登録しました
time=23:06:23.223 level=INFO msg=これまでに低評価なライドによって12人が利用をやめました
time=23:06:23.223 level=INFO msg=16.8%のライドは椅子がマッチされるまでの時間、66.8%のライドはマッチされた椅子が乗車地点までに掛かる時間、24.5%のライドは椅子の実移動時間に不満がありました
time=23:06:23.241 level=INFO msg=一定の売上が立ったためオーナーの椅子が増加します 名前="LuxeLine Taxi" 増加数=2
time=23:06:23.250 level=INFO msg=一定の売上が立ったためオーナーの椅子が増加します 名前="CraftChair Co., Ltd." 増加数=1
time=23:06:23.250 level=INFO msg=一定の売上が立ったためオーナーの椅子が増加します 名前=おもてなしタクシー 増加数=1
time=23:06:25.023 level=DEBUG source=/tmp/isucon14/bench/benchmarker/scenario/scenario.go:315 msg=時間経過 tick=600
time=23:06:25.023 level=DEBUG source=/tmp/isucon14/bench/benchmarker/scenario/scenario.go:317 msg=eval reqs=222 score="[15 35 49 90 33]" criteria="[157 81 167 130]"
time=23:06:25.112 level=INFO msg=一定の売上が立ったためオーナーの椅子が増加します 名前="Artisan Seats" 増加数=4
time=23:06:25.127 level=INFO msg=一定の売上が立ったためオーナーの椅子が増加します 名前=快旅タクシー 増加数=1
time=23:06:25.134 level=INFO msg=一定の売上が立ったためオーナーの椅子が増加します 名前="CraftChair Co., Ltd." 増加数=2
time=23:06:25.134 level=INFO msg=一定の売上が立ったためオーナーの椅子が増加します 名前="LuxeLine Taxi" 増加数=2
time=23:06:25.142 level=INFO msg=一定の売上が立ったためオーナーの椅子が増加します 名前=おもてなしタクシー 増加数=2
time=23:06:26.815 level=INFO msg=一定の売上が立ったためオーナーの椅子が増加します 名前="Artisan Seats" 増加数=2
time=23:06:26.822 level=DEBUG source=/tmp/isucon14/bench/benchmarker/scenario/scenario.go:315 msg=時間経過 tick=660
time=23:06:26.822 level=DEBUG source=/tmp/isucon14/bench/benchmarker/scenario/scenario.go:317 msg=eval reqs=262 score="[28 42 66 92 34]" criteria="[160 105 187 134]"
time=23:06:26.843 level=INFO msg=一定の売上が立ったためオーナーの椅子が増加します 名前=快旅タクシー 増加数=3
time=23:06:26.877 level=INFO msg=一定の売上が立ったためオーナーの椅子が増加します 名前=おもてなしタクシー 増加数=3
time=23:06:26.877 level=INFO msg=一定の売上が立ったためオーナーの椅子が増加します 名前="LuxeLine Taxi" 増加数=2
time=23:06:26.880 level=INFO msg=一定の売上が立ったためオーナーの椅子が増加します 名前="CraftChair Co., Ltd." 増加数=2
time=23:06:27.784 level=WARN msg="ユーザー登録に失敗しました (CODE=17): POST /api/app/usersへのリクエストに対して、期待されたHTTPステータスコードが確認できませんでした (expected:201, actual:500)"
time=23:06:27.806 level=WARN msg="ユーザー登録に失敗しました (CODE=17): POST /api/app/usersへのリクエストに対して、期待されたHTTPステータスコードが確認できませんでした (expected:201, actual:500)"
time=23:06:28.108 level=WARN msg="ユーザー登録に失敗しました (CODE=17): POST /api/app/usersへのリクエストに対して、期待されたHTTPステータスコードが確認できませんでした (expected:201, actual:500)"
time=23:06:28.180 level=WARN msg="ユーザー登録に失敗しました (CODE=17): POST /api/app/usersへのリクエストに対して、期待されたHTTPステータスコードが確認できませんでした (expected:201, actual:500)"
time=23:06:28.623 level=INFO msg=これまでに地域内の評判によって41人、既存ユーザーの招待経由で129人が新規登録しました
time=23:06:28.623 level=DEBUG source=/tmp/isucon14/bench/benchmarker/scenario/scenario.go:315 msg=時間経過 tick=720
time=23:06:28.623 level=DEBUG source=/tmp/isucon14/bench/benchmarker/scenario/scenario.go:317 msg=eval reqs=318 score="[41 50 82 107 38]" criteria="[182 139 223 143]"
time=23:06:28.623 level=INFO msg=これまでに低評価なライドによって42人が利用をやめました
time=23:06:28.623 level=INFO msg=42.8%のライドは椅子がマッチされるまでの時間、56.3%のライドはマッチされた椅子が乗車地点までに掛かる時間、42.5%のライドは椅子の実移動時間に不満がありました
time=23:06:28.693 level=INFO msg=一定の売上が立ったためオーナーの椅子が増加します 名前=快旅タクシー 増加数=4
time=23:06:28.701 level=INFO msg=一定の売上が立ったためオーナーの椅子が増加します 名前="LuxeLine Taxi" 増加数=3
time=23:06:28.701 level=INFO msg=一定の売上が立ったためオーナーの椅子が増加します 名前="CraftChair Co., Ltd." 増加数=5
time=23:06:28.709 level=INFO msg=一定の売上が立ったためオーナーの椅子が増加します 名前="Artisan Seats" 増加数=1
time=23:06:28.736 level=INFO msg=一定の売上が立ったためオーナーの椅子が増加します 名前=おもてなしタクシー 増加数=2
time=23:06:29.242 level=WARN msg="ユーザー登録に失敗しました (CODE=17): POST /api/app/usersへのリクエストに対して、期待されたHTTPステータスコードが確認できませんでした (expected:201, actual:500)"
time=23:06:29.257 level=WARN msg="ユーザー登録に失敗しました (CODE=17): POST /api/app/usersへのリクエストに対して、期待されたHTTPステータスコードが確認できませんでした (expected:201, actual:500)"
time=23:06:30.422 level=DEBUG source=/tmp/isucon14/bench/benchmarker/scenario/scenario.go:315 msg=時間経過 tick=780
time=23:06:30.422 level=DEBUG source=/tmp/isucon14/bench/benchmarker/scenario/scenario.go:317 msg=eval reqs=352 score="[43 55 89 124 41]" criteria="[211 165 245 148]"
time=23:06:30.472 level=INFO msg=一定の売上が立ったためオーナーの椅子が増加します 名前="Artisan Seats" 増加数=2
time=23:06:30.472 level=INFO msg=一定の売上が立ったためオーナーの椅子が増加します 名前=快旅タクシー 増加数=1
time=23:06:30.473 level=INFO msg=一定の売上が立ったためオーナーの椅子が増加します 名前="LuxeLine Taxi" 増加数=2
time=23:06:30.474 level=INFO msg=一定の売上が立ったためオーナーの椅子が増加します 名前=おもてなしタクシー 増加数=1
time=23:06:30.475 level=INFO msg=一定の売上が立ったためオーナーの椅子が増加します 名前="CraftChair Co., Ltd." 増加数=1
time=23:06:32.223 level=DEBUG source=/tmp/isucon14/bench/benchmarker/scenario/scenario.go:315 msg=時間経過 tick=840
time=23:06:32.223 level=DEBUG source=/tmp/isucon14/bench/benchmarker/scenario/scenario.go:317 msg=eval reqs=408 score="[44 74 104 144 42]" criteria="[265 198 265 154]"
time=23:06:32.355 level=INFO msg=一定の売上が立ったためオーナーの椅子が増加します 名前="LuxeLine Taxi" 増加数=1
time=23:06:32.397 level=INFO msg=一定の売上が立ったためオーナーの椅子が増加します 名前=おもてなしタクシー 増加数=3
time=23:06:32.432 level=INFO msg=一定の売上が立ったためオーナーの椅子が増加します 名前="CraftChair Co., Ltd." 増加数=3
time=23:06:32.458 level=INFO msg=一定の売上が立ったためオーナーの椅子が増加します 名前=快旅タクシー 増加数=3
time=23:06:32.491 level=INFO msg=一定の売上が立ったためオーナーの椅子が増加します 名前="Artisan Seats" 増加数=3
time=23:06:32.612 level=WARN msg="ユーザー登録に失敗しました (CODE=17): POST /api/app/usersへのリクエストに対して、期待されたHTTPステータスコードが確認できませんでした (expected:201, actual:500)"
time=23:06:32.664 level=WARN msg="取得した付近の椅子情報に不備があります (CODE=30): ID:01M4BAZQJHX7ZQKPDEWYKCKK38の椅子は既にライド中です"
time=23:06:34.024 level=INFO msg=これまでに地域内の評判によって53人、既存ユーザーの招待経由で173人が新規登録しました
time=23:06:34.024 level=INFO msg=これまでに低評価なライドによって54人が利用をやめました
time=23:06:34.024 level=INFO msg=32.4%のライドは椅子がマッチされるまでの時間、49.7%のライドはマッチされた椅子が乗車地点までに掛かる時間、51.2%のライドは椅子の実移動時間に不満がありました
time=23:06:34.024 level=DEBUG source=/tmp/isucon14/bench/benchmarker/scenario/scenario.go:315 msg=時間経過 tick=900
time=23:06:34.024 level=DEBUG source=/tmp/isucon14/bench/benchmarker/scenario/scenario.go:317 msg=eval reqs=441 score="[44 83 118 153 43]" criteria="[298 222 271 159]"
time=23:06:34.104 level=INFO msg=一定の売上が立ったためオーナーの椅子が増加します 名前=快旅タクシー 増加数=2
time=23:06:34.111 level=WARN msg="ユーザー登録に失敗しました (CODE=17): POST /api/app/usersへのリクエストに対して、期待されたHTTPステータスコードが確認できませんでした (expected:201, actual:500)"
time=23:06:34.205 level=INFO msg=一定の売上が立ったためオーナーの椅子が増加します 名前="CraftChair Co., Ltd." 増加数=1
time=23:06:34.245 level=INFO msg=一定の売上が立ったためオーナーの椅子が増加します 名前="LuxeLine Taxi" 増加数=2
time=23:06:34.327 level=INFO msg=一定の売上が立ったためオーナーの椅子が増加します 名前="Artisan Seats" 増加数=1
time=23:06:34.463 level=INFO msg=一定の売上が立ったためオーナーの椅子が増加します 名前=おもてなしタクシー 増加数=1
time=23:06:35.822 level=DEBUG source=/tmp/isucon14/bench/benchmarker/scenario/scenario.go:315 msg=時間経過 tick=960
time=23:06:35.822 level=DEBUG source=/tmp/isucon14/bench/benchmarker/scenario/scenario.go:317 msg=eval reqs=488 score="[45 94 145 161 43]" criteria="[344 257 279 159]"
time=23:06:35.881 level=INFO msg=一定の売上が立ったためオーナーの椅子が増加します 名前="Artisan Seats" 増加数=2
time=23:06:35.915 level=INFO msg=一定の売上が立ったためオーナーの椅子が増加します 名前="LuxeLine Taxi" 増加数=1
time=23:06:35.919 level=INFO msg=一定の売上が立ったためオーナーの椅子が増加します 名前=快旅タクシー 増加数=2
time=23:06:35.999 level=INFO msg=一定の売上が立ったためオーナーの椅子が増加します 名前="CraftChair Co., Ltd." 増加数=3
time=23:06:36.032 level=INFO msg=一定の売上が立ったためオーナーの椅子が増加します 名前=おもてなしタクシー 増加数=3
time=23:06:37.623 level=DEBUG source=/tmp/isucon14/bench/benchmarker/scenario/scenario.go:315 msg=時間経過 tick=1020
time=23:06:37.623 level=DEBUG source=/tmp/isucon14/bench/benchmarker/scenario/scenario.go:317 msg=eval reqs=529 score="[45 108 167 166 43]" criteria="[385 283 282 162]"
time=23:06:37.682 level=INFO msg=一定の売上が立ったためオーナーの椅子が増加します 名前="Artisan Seats" 増加数=2
time=23:06:37.767 level=INFO msg=一定の売上が立ったためオーナーの椅子が増加します 名前="LuxeLine Taxi" 増加数=2
time=23:06:37.800 level=INFO msg=一定の売上が立ったためオーナーの椅子が増加します 名前="CraftChair Co., Ltd." 増加数=1
time=23:06:37.810 level=INFO msg=一定の売上が立ったためオーナーの椅子が増加します 名前=おもてなしタクシー 増加数=1
time=23:06:37.848 level=INFO msg=一定の売上が立ったためオーナーの椅子が増加します 名前=快旅タクシー 増加数=3
time=23:06:38.852 level=WARN msg="ユーザー登録に失敗しました (CODE=17): POST /api/app/usersへのリクエストに対して、期待されたHTTPステータスコードが確認できませんでした (expected:201, actual:500)"
time=23:06:38.876 level=WARN msg="ユーザー登録に失敗しました (CODE=17): POST /api/app/usersへのリクエストに対して、期待されたHTTPステータスコードが確認できませんでした (expected:201, actual:500)"
time=23:06:38.917 level=WARN msg="ユーザー登録に失敗しました (CODE=17): POST /api/app/usersへのリクエストに対して、期待されたHTTPステータスコードが確認できませんでした (expected:201, actual:500)"
time=23:06:39.422 level=DEBUG source=/tmp/isucon14/bench/benchmarker/scenario/scenario.go:315 msg=時間経過 tick=1080
time=23:06:39.422 level=INFO msg=これまでに地域内の評判によって65人、既存ユーザーの招待経由で192人が新規登録しました
time=23:06:39.422 level=INFO msg=これまでに低評価なライドによって65人が利用をやめました
time=23:06:39.422 level=INFO msg=24.6%のライドは椅子がマッチされるまでの時間、45.7%のライドはマッチされた椅子が乗車地点までに掛かる時間、61.3%のライドは椅子の実移動時間に不満がありました
time=23:06:39.422 level=DEBUG source=/tmp/isucon14/bench/benchmarker/scenario/scenario.go:317 msg=eval reqs=586 score="[45 130 193 175 43]" criteria="[442 318 290 163]"
time=23:06:39.484 level=INFO msg=一定の売上が立ったためオーナーの椅子が増加します 名前="CraftChair Co., Ltd." 増加数=3
time=23:06:39.629 level=INFO msg=一定の売上が立ったためオーナーの椅子が増加します 名前=おもてなしタクシー 増加数=3
time=23:06:39.728 level=INFO msg=一定の売上が立ったためオーナーの椅子が増加します 名前=快旅タクシー 増加数=1
time=23:06:39.746 level=INFO msg=一定の売上が立ったためオーナーの椅子が増加します 名前="Artisan Seats" 増加数=2
time=23:06:39.798 level=INFO msg=一定の売上が立ったためオーナーの椅子が増加します 名前="LuxeLine Taxi" 増加数=3
time=23:06:41.222 level=DEBUG source=/tmp/isucon14/bench/benchmarker/scenario/scenario.go:315 msg=時間経過 tick=1140
time=23:06:41.222 level=DEBUG source=/tmp/isucon14/bench/benchmarker/scenario/scenario.go:317 msg=eval reqs=621 score="[45 145 208 180 43]" criteria="[477 338 294 164]"
time=23:06:41.303 level=INFO msg=一定の売上が立ったためオーナーの椅子が増加します 名前="LuxeLine Taxi" 増加数=1
time=23:06:41.304 level=INFO msg=一定の売上が立ったためオーナーの椅子が増加します 名前=おもてなしタクシー 増加数=1
time=23:06:41.345 level=INFO msg=一定の売上が立ったためオーナーの椅子が増加します 名前=快旅タクシー 増加数=1
time=23:06:41.353 level=INFO msg=一定の売上が立ったためオーナーの椅子が増加します 名前="CraftChair Co., Ltd." 増加数=1
time=23:06:41.489 level=INFO msg=一定の売上が立ったためオーナーの椅子が増加します 名前="Artisan Seats" 増加数=3
time=23:06:42.262 level=WARN msg="ユーザー登録に失敗しました (CODE=17): POST /api/app/usersへのリクエストに対して、期待されたHTTPステータスコードが確認できませんでした (expected:201, actual:500)"
time=23:06:43.022 level=DEBUG source=/tmp/isucon14/bench/benchmarker/scenario/scenario.go:315 msg=時間経過 tick=1200
time=23:06:43.022 level=DEBUG source=/tmp/isucon14/bench/benchmarker/scenario/scenario.go:317 msg=eval reqs=677 score="[45 155 246 187 44]" criteria="[532 384 300 168]"
time=23:06:43.109 level=INFO msg=一定の売上が立ったためオーナーの椅子が増加します 名前=おもてなしタクシー 増加数=2
time=23:06:43.209 level=INFO msg=一定の売上が立ったためオーナーの椅子が増加します 名前="CraftChair Co., Ltd." 増加数=3
time=23:06:43.262 level=INFO msg=一定の売上が立ったためオーナーの椅子が増加します 名前="Artisan Seats" 増加数=2
time=23:06:43.320 level=INFO msg=一定の売上が立ったためオーナーの椅子が増加します 名前=快旅タクシー 増加数=3
time=23:06:43.471 level=INFO msg=一定の売上が立ったためオーナーの椅子が増加します 名前="LuxeLine Taxi" 増加数=3
time=23:06:44.822 level=INFO msg=これまでに地域内の評判によって77人、既存ユーザーの招待経由で205人が新規登録しました
time=23:06:44.822 level=INFO msg=これまでに低評価なライドによって78人が利用をやめました
time=23:06:44.822 level=INFO msg=20.2%のライドは椅子がマッチされるまでの時間、42.7%のライドはマッチされた椅子が乗車地点までに掛かる時間、67.0%のライドは椅子の実移動時間に不満がありました
time=23:06:44.822 level=DEBUG source=/tmp/isucon14/bench/benchmarker/scenario/scenario.go:315 msg=時間経過 tick=1260
time=23:06:44.822 level=DEBUG source=/tmp/isucon14/bench/benchmarker/scenario/scenario.go:317 msg=eval reqs=724 score="[45 170 270 195 44]" criteria="[578 415 305 173]"
time=23:06:44.936 level=INFO msg=一定の売上が立ったためオーナーの椅子が増加します 名前=おもてなしタクシー 増加数=2
time=23:06:44.936 level=INFO msg=一定の売上が立ったためオーナーの椅子が増加します 名前="LuxeLine Taxi" 増加数=1
time=23:06:45.009 level=INFO msg=一定の売上が立ったためオーナーの椅子が増加します 名前="CraftChair Co., Ltd." 増加数=1
time=23:06:45.010 level=INFO msg=一定の売上が立ったためオーナーの椅子が増加します 名前=快旅タクシー 増加数=2
time=23:06:45.117 level=INFO msg=一定の売上が立ったためオーナーの椅子が増加します 名前="Artisan Seats" 増加数=1
time=23:06:46.157 level=WARN msg="ユーザー登録に失敗しました (CODE=17): POST /api/app/usersへのリクエストに対して、期待されたHTTPステータスコードが確認できませんでした (expected:201, actual:500)"
time=23:06:46.622 level=DEBUG source=/tmp/isucon14/bench/benchmarker/scenario/scenario.go:315 msg=時間経過 tick=1320
time=23:06:46.623 level=DEBUG source=/tmp/isucon14/bench/benchmarker/scenario/scenario.go:317 msg=eval reqs=759 score="[45 179 291 200 44]" criteria="[611 442 310 174]"
time=23:06:46.999 level=INFO msg=一定の売上が立ったためオーナーの椅子が増加します 名前="CraftChair Co., Ltd." 増加数=2
time=23:06:47.120 level=INFO msg=一定の売上が立ったためオーナーの椅子が増加します 名前="Artisan Seats" 増加数=1
time=23:06:47.277 level=INFO msg=一定の売上が立ったためオーナーの椅子が増加します 名前=快旅タクシー 増加数=1
time=23:06:47.470 level=INFO msg=一定の売上が立ったためオーナーの椅子が増加します 名前="LuxeLine Taxi" 増加数=1
time=23:06:48.426 level=DEBUG source=/tmp/isucon14/bench/benchmarker/scenario/scenario.go:315 msg=時間経過 tick=1380
time=23:06:48.426 level=DEBUG source=/tmp/isucon14/bench/benchmarker/scenario/scenario.go:317 msg=eval reqs=801 score="[45 190 320 202 44]" criteria="[653 473 310 176]"
time=23:06:48.662 level=INFO msg=一定の売上が立ったためオーナーの椅子が増加します 名前="Artisan Seats" 増加数=2
time=23:06:48.670 level=INFO msg=一定の売上が立ったためオーナーの椅子が増加します 名前="CraftChair Co., Ltd." 増加数=1
time=23:06:48.797 level=INFO msg=一定の売上が立ったためオーナーの椅子が増加します 名前=快旅タクシー 増加数=2
time=23:06:48.829 level=INFO msg=一定の売上が立ったためオーナーの椅子が増加します 名前=おもてなしタクシー 増加数=2
time=23:06:49.038 level=INFO msg=一定の売上が立ったためオーナーの椅子が増加します 名前="LuxeLine Taxi" 増加数=2
time=23:06:50.222 level=INFO msg=これまでに地域内の評判によって89人、既存ユーザーの招待経由で213人が新規登録しました
time=23:06:50.222 level=INFO msg=これまでに低評価なライドによって82人が利用をやめました
time=23:06:50.222 level=INFO msg=17.4%のライドは椅子がマッチされるまでの時間、40.2%のライドはマッチされた椅子が乗車地点までに掛かる時間、71.5%のライドは椅子の実移動時間に不満がありました
time=23:06:50.222 level=DEBUG source=/tmp/isucon14/bench/benchmarker/scenario/scenario.go:315 msg=時間経過 tick=1440
time=23:06:50.222 level=DEBUG source=/tmp/isucon14/bench/benchmarker/scenario/scenario.go:317 msg=eval reqs=855 score="[45 207 356 203 44]" criteria="[706 511 310 177]"
time=23:06:50.378 level=INFO msg=一定の売上が立ったためオーナーの椅子が増加します 名前=おもてなしタクシー 増加数=3
time=23:06:50.400 level=INFO msg=一定の売上が立ったためオーナーの椅子が増加します 名前="LuxeLine Taxi" 増加数=1
time=23:06:50.518 level=INFO msg=一定の売上が立ったためオーナーの椅子が増加します 名前=快旅タクシー 増加数=2
time=23:06:50.567 level=INFO msg=一定の売上が立ったためオーナーの椅子が増加します 名前="Artisan Seats" 増加数=2
time=23:06:50.568 level=INFO msg=一定の売上が立ったためオーナーの椅子が増加します 名前="CraftChair Co., Ltd." 増加数=1
time=23:06:52.022 level=DEBUG source=/tmp/isucon14/bench/benchmarker/scenario/scenario.go:315 msg=時間経過 tick=1500
time=23:06:52.022 level=DEBUG source=/tmp/isucon14/bench/benchmarker/scenario/scenario.go:317 msg=eval reqs=906 score="[45 222 390 205 44]" criteria="[757 546 310 180]"
time=23:06:52.198 level=INFO msg=一定の売上が立ったためオーナーの椅子が増加します 名前=おもてなしタクシー 増加数=2
time=23:06:52.419 level=INFO msg=一定の売上が立ったためオーナーの椅子が増加します 名前="LuxeLine Taxi" 増加数=2
time=23:06:52.421 level=INFO msg=一定の売上が立ったためオーナーの椅子が増加します 名前="Artisan Seats" 増加数=2
time=23:06:52.448 level=INFO msg=一定の売上が立ったためオーナーの椅子が増加します 名前=快旅タクシー 増加数=2
time=23:06:52.464 level=INFO msg=一定の売上が立ったためオーナーの椅子が増加します 名前="CraftChair Co., Ltd." 増加数=2
time=23:06:52.511 level=WARN msg="取得した付近の椅子情報に不備があります (CODE=30): ID:01M4BB09JZQ7Y4M71PQZH3E6PBの椅子は既にライド中です"
time=23:06:53.822 level=DEBUG source=/tmp/isucon14/bench/benchmarker/scenario/scenario.go:315 msg=時間経過 tick=1560
time=23:06:53.822 level=DEBUG source=/tmp/isucon14/bench/benchmarker/scenario/scenario.go:317 msg=eval reqs=958 score="[45 233 431 205 44]" criteria="[809 587 310 180]"
time=23:06:53.902 level=INFO msg=一定の売上が立ったためオーナーの椅子が増加します 名前="Artisan Seats" 増加数=2
time=23:06:53.982 level=INFO msg=一定の売上が立ったためオーナーの椅子が増加します 名前=おもてなしタクシー 増加数=1
time=23:06:54.066 level=INFO msg=一定の売上が立ったためオーナーの椅子が増加します 名前="LuxeLine Taxi" 増加数=1
time=23:06:54.068 level=INFO msg=一定の売上が立ったためオーナーの椅子が増加します 名前="CraftChair Co., Ltd." 増加数=3
time=23:06:54.171 level=INFO msg=一定の売上が立ったためオーナーの椅子が増加します 名前=快旅タクシー 増加数=2
time=23:06:55.622 level=INFO msg=これまでに地域内の評判によって101人、既存ユーザーの招待経由で219人が新規登録しました
time=23:06:55.622 level=INFO msg=これまでに低評価なライドによって92人が利用をやめました
time=23:06:55.622 level=INFO msg=14.7%のライドは椅子がマッチされるまでの時間、37.8%のライドはマッチされた椅子が乗車地点までに掛かる時間、75.5%のライドは椅子の実移動時間に不満がありました
time=23:06:55.622 level=DEBUG source=/tmp/isucon14/bench/benchmarker/scenario/scenario.go:315 msg=時間経過 tick=1620
time=23:06:55.622 level=DEBUG source=/tmp/isucon14/bench/benchmarker/scenario/scenario.go:317 msg=eval reqs=1011 score="[45 244 467 211 44]" criteria="[862 629 315 181]"
time=23:06:55.718 level=INFO msg=一定の売上が立ったためオーナーの椅子が増加します 名前=快旅タクシー 増加数=2
time=23:06:55.755 level=INFO msg=一定の売上が立ったためオーナーの椅子が増加します 名前="LuxeLine Taxi" 増加数=2
time=23:06:55.818 level=INFO msg=一定の売上が立ったためオーナーの椅子が増加します 名前="CraftChair Co., Ltd." 増加数=1
time=23:06:55.861 level=INFO msg=一定の売上が立ったためオーナーの椅子が増加します 名前="Artisan Seats" 増加数=1
time=23:06:55.965 level=INFO msg=一定の売上が立ったためオーナーの椅子が増加します 名前=おもてなしタクシー 増加数=1
time=23:06:57.422 level=DEBUG source=/tmp/isucon14/bench/benchmarker/scenario/scenario.go:315 msg=時間経過 tick=1680
time=23:06:57.422 level=DEBUG source=/tmp/isucon14/bench/benchmarker/scenario/scenario.go:317 msg=eval reqs=1077 score="[46 254 514 218 45]" criteria="[926 685 320 185]"
time=23:06:57.433 level=INFO msg=一定の売上が立ったためオーナーの椅子が増加します 名前="LuxeLine Taxi" 増加数=2
time=23:06:57.616 level=INFO msg=一定の売上が立ったためオーナーの椅子が増加します 名前="CraftChair Co., Ltd." 増加数=2
time=23:06:57.644 level=INFO msg=一定の売上が立ったためオーナーの椅子が増加します 名前=おもてなしタクシー 増加数=3
time=23:06:57.673 level=INFO msg=一定の売上が立ったためオーナーの椅子が増加します 名前=快旅タクシー 増加数=1
time=23:06:57.931 level=INFO msg=一定の売上が立ったためオーナーの椅子が増加します 名前="Artisan Seats" 増加数=3
time=23:06:59.223 level=DEBUG source=/tmp/isucon14/bench/benchmarker/scenario/scenario.go:315 msg=時間経過 tick=1740
time=23:06:59.223 level=DEBUG source=/tmp/isucon14/bench/benchmarker/scenario/scenario.go:317 msg=eval reqs=1132 score="[46 263 550 228 45]" criteria="[980 732 327 188]"
time=23:06:59.278 level=INFO msg=一定の売上が立ったためオーナーの椅子が増加します 名前="Artisan Seats" 増加数=1
time=23:06:59.440 level=INFO msg=一定の売上が立ったためオーナーの椅子が増加します 名前="CraftChair Co., Ltd." 増加数=3
time=23:06:59.484 level=INFO msg=一定の売上が立ったためオーナーの椅子が増加します 名前="LuxeLine Taxi" 増加数=2
time=23:06:59.485 level=INFO msg=一定の売上が立ったためオーナーの椅子が増加します 名前=おもてなしタクシー 増加数=1
time=23:06:59.533 level=INFO msg=一定の売上が立ったためオーナーの椅子が増加します 名前=快旅タクシー 増加数=1
time=23:06:59.619 level=WARN msg="椅子の座標送信に失敗しました (CODE=1): POST /api/chair/coordinateのリクエストが失敗しました: Post \"https://isuride.xiv.isucon.net/api/chair/coordinate\": EOF"
time=23:06:59.736 level=WARN msg="椅子の座標送信に失敗しました (CODE=1): POST /api/chair/coordinateのリクエストが失敗しました: Post \"https://isuride.xiv.isucon.net/api/chair/coordinate\": EOF"
time=23:07:00.035 level=WARN msg="椅子の座標送信に失敗しました (CODE=1): POST /api/chair/coordinateのリクエストが失敗しました: Post \"https://isuride.xiv.isucon.net/api/chair/coordinate\": EOF"
time=23:07:00.065 level=WARN msg="椅子の座標送信に失敗しました (CODE=1): POST /api/chair/coordinateのリクエストが失敗しました: Post \"https://isuride.xiv.isucon.net/api/chair/coordinate\": EOF"
time=23:07:00.245 level=WARN msg="椅子が出発できませんでした (CODE=2): POST /api/chair/rides/{rideID}/statusのリクエストが失敗しました: Post \"https://isuride.xiv.isucon.net/api/chair/rides/01M4BB0NG85YMCAQDW3N0NK9JJ/status\": EOF"
time=23:07:00.487 level=WARN msg="椅子の座標送信に失敗しました (CODE=1): POST /api/chair/coordinateのリクエストが失敗しました: Post \"https://isuride.xiv.isucon.net/api/chair/coordinate\": EOF"
time=23:07:00.488 level=WARN msg="椅子の座標送信に失敗しました (CODE=1): POST /api/chair/coordinateのリクエストが失敗しました: Post \"https://isuride.xiv.isucon.net/api/chair/coordinate\": EOF"
time=23:07:00.488 level=WARN msg="椅子の座標送信に失敗しました (CODE=1): POST /api/chair/coordinateのリクエストが失敗しました: Post \"https://isuride.xiv.isucon.net/api/chair/coordinate\": EOF"
time=23:07:00.518 level=WARN msg="椅子が出発できませんでした (CODE=2): POST /api/chair/rides/{rideID}/statusのリクエストが失敗しました: Post \"https://isuride.xiv.isucon.net/api/chair/rides/01M4BB0P7ATGH56H9XT170JXX3/status\": EOF"
time=23:07:00.548 level=WARN msg="椅子がライドを受理できませんでした (CODE=3): POST /api/chair/rides/{rideID}/statusのリクエストが失敗しました: Post \"https://isuride.xiv.isucon.net/api/chair/rides/01M4BB0Q5DDYGPMH0YWFTMYPS9/status\": read tcp 127.0.0.1:52642->127.0.0.1:443: read: connection reset by peer"
time=23:07:00.551 level=WARN msg="ユーザーのライド評価に失敗しました (CODE=5): GET /clientのリクエストが失敗しました: Get \"https://isuride.xiv.isucon.net/client\": read tcp 127.0.0.1:52684->127.0.0.1:443: read: connection reset by peer"
time=23:07:00.576 level=WARN msg="椅子の座標送信に失敗しました (CODE=1): POST /api/chair/coordinateのリクエストが失敗しました: Post \"https://isuride.xiv.isucon.net/api/chair/coordinate\": EOF"
time=23:07:00.584 level=WARN msg="ユーザーのライド評価に失敗しました (CODE=5): GET /clientのリクエストが失敗しました: Get \"https://isuride.xiv.isucon.net/client\": read tcp 127.0.0.1:52698->127.0.0.1:443: read: connection reset by peer"
time=23:07:00.584 level=WARN msg="ユーザーのライド評価に失敗しました (CODE=5): GET /clientのリクエストが失敗しました: Get \"https://isuride.xiv.isucon.net/client\": read tcp 127.0.0.1:52700->127.0.0.1:443: read: connection reset by peer"
time=23:07:01.023 level=DEBUG source=/tmp/isucon14/bench/benchmarker/scenario/scenario.go:315 msg=時間経過 tick=1800
time=23:07:01.023 level=DEBUG source=/tmp/isucon14/bench/benchmarker/scenario/scenario.go:317 msg=eval reqs=1192 score="[46 271 597 233 45]" criteria="[1040 784 330 190]"
time=23:07:01.023 level=INFO msg=これまでに地域内の評判によって113人、既存ユーザーの招待経由で239人が新規登録しました
time=23:07:01.023 level=INFO msg=これまでに低評価なライドによって98人が利用をやめました
time=23:07:01.023 level=INFO msg=12.8%のライドは椅子がマッチされるまでの時間、34.2%のライドはマッチされた椅子が乗車地点までに掛かる時間、78.2%のライドは椅子の実移動時間に不満がありました
time=23:07:01.204 level=WARN msg="椅子の座標送信に失敗しました (CODE=1): POST /api/chair/coordinateのリクエストが失敗しました: Post \"https://isuride.xiv.isucon.net/api/chair/coordinate\": EOF"
time=23:07:01.306 level=INFO msg=一定の売上が立ったためオーナーの椅子が増加します 名前="CraftChair Co., Ltd." 増加数=2
time=23:07:01.444 level=INFO msg=一定の売上が立ったためオーナーの椅子が増加します 名前="Artisan Seats" 増加数=2
time=23:07:01.450 level=INFO msg=一定の売上が立ったためオーナーの椅子が増加します 名前=快旅タクシー 増加数=3
time=23:07:01.455 level=INFO msg=一定の売上が立ったためオーナーの椅子が増加します 名前="LuxeLine Taxi" 増加数=1
time=23:07:01.659 level=INFO msg=一定の売上が立ったためオーナーの椅子が増加します 名前=おもてなしタクシー 増加数=2
time=23:07:01.897 level=WARN msg="椅子の座標送信に失敗しました (CODE=1): POST /api/chair/coordinateのリクエストが失敗しました: Post \"https://isuride.xiv.isucon.net/api/chair/coordinate\": EOF"
time=23:07:01.897 level=WARN msg="椅子の座標送信に失敗しました (CODE=1): POST /api/chair/coordinateのリクエストが失敗しました: Post \"https://isuride.xiv.isucon.net/api/chair/coordinate\": EOF"
time=23:07:01.897 level=WARN msg="椅子の座標送信に失敗しました (CODE=1): POST /api/chair/coordinateのリクエストが失敗しました: Post \"https://isuride.xiv.isucon.net/api/chair/coordinate\": EOF"
time=23:07:01.901 level=WARN msg="椅子が出発できませんでした (CODE=2): POST /api/chair/rides/{rideID}/statusのリクエストが失敗しました: Post \"https://isuride.xiv.isucon.net/api/chair/rides/01M4BB0PMNQ3NPWCZ7DJYTJ2BC/status\": read tcp 127.0.0.1:53844->127.0.0.1:443: read: connection reset by peer"
time=23:07:01.902 level=WARN msg="椅子がライドを受理できませんでした (CODE=3): POST /api/chair/rides/{rideID}/statusのリクエストが失敗しました: Post \"https://isuride.xiv.isucon.net/api/chair/rides/01M4BB0RDT8SGG94D53FQWWVXV/status\": read tcp 127.0.0.1:53860->127.0.0.1:443: read: connection reset by peer"
time=23:07:01.926 level=WARN msg="椅子の座標送信に失敗しました (CODE=1): POST /api/chair/coordinateのリクエストが失敗しました: Post \"https://isuride.xiv.isucon.net/api/chair/coordinate\": EOF"
time=23:07:01.930 level=WARN msg="オーナーの椅子一覧の取得に失敗しました (CODE=25): GET /ownerのリクエストが失敗しました: Get \"https://isuride.xiv.isucon.net/owner\": read tcp 127.0.0.1:53896->127.0.0.1:443: read: connection reset by peer"
time=23:07:01.953 level=WARN msg="椅子の座標送信に失敗しました (CODE=1): POST /api/chair/coordinateのリクエストが失敗しました: Post \"https://isuride.xiv.isucon.net/api/chair/coordinate\": EOF"
time=23:07:01.987 level=WARN msg="椅子の座標送信に失敗しました (CODE=1): POST /api/chair/coordinateのリクエストが失敗しました: Post \"https://isuride.xiv.isucon.net/api/chair/coordinate\": EOF"
time=23:07:01.990 level=WARN msg="椅子がアクティベートに失敗しました (CODE=13): POST /api/chair/activityのリクエストが失敗しました: Post \"https://isuride.xiv.isucon.net/api/chair/activity\": EOF"
time=23:07:01.990 level=WARN msg="椅子の座標送信に失敗しました (CODE=1): POST /api/chair/coordinateのリクエストが失敗しました: Post \"https://isuride.xiv.isucon.net/api/chair/coordinate\": EOF"
time=23:07:01.991 level=WARN msg="椅子の座標送信に失敗しました (CODE=1): POST /api/chair/coordinateのリクエストが失敗しました: Post \"https://isuride.xiv.isucon.net/api/chair/coordinate\": EOF"
time=23:07:01.991 level=WARN msg="椅子の座標送信に失敗しました (CODE=1): POST /api/chair/coordinateのリクエストが失敗しました: Post \"https://isuride.xiv.isucon.net/api/chair/coordinate\": EOF"
time=23:07:01.993 level=WARN msg="ユーザーのライド評価に失敗しました (CODE=5): GET /clientのリクエストが失敗しました: Get \"https://isuride.xiv.isucon.net/client\": read tcp 127.0.0.1:54102->127.0.0.1:443: read: connection reset by peer"
time=23:07:01.994 level=DEBUG source=/tmp/isucon14/bench/benchmarker/scenario/worldclient/worldclient.go:255 msg="GET /api/chair/notificationのリクエストが失敗しました: Get \"https://isuride.xiv.isucon.net/api/chair/notification\": read tcp 127.0.0.1:54112->127.0.0.1:443: read: connection reset by peer"
time=23:07:02.001 level=WARN msg="ユーザーがライド履歴の取得に失敗しました (CODE=7): ユーザーがライド履歴の取得に失敗しました (CODE=7): GET /favicon.icoのリクエストが失敗しました: Get \"https://isuride.xiv.isucon.net/favicon.ico\": read tcp 127.0.0.1:54144->127.0.0.1:443: read: connection reset by peer"
time=23:07:02.015 level=WARN msg="椅子の座標送信に失敗しました (CODE=1): POST /api/chair/coordinateのリクエストが失敗しました: Post \"https://isuride.xiv.isucon.net/api/chair/coordinate\": EOF"
time=23:07:02.058 level=WARN msg="ユーザー登録に失敗しました (CODE=17): POST /api/app/usersへのリクエストに対して、期待されたHTTPステータスコードが確認できませんでした (expected:201, actual:500)"
time=23:07:02.078 level=WARN msg="椅子の座標送信に失敗しました (CODE=1): POST /api/chair/coordinateのリクエストが失敗しました: Post \"https://isuride.xiv.isucon.net/api/chair/coordinate\": EOF"
time=23:07:02.106 level=WARN msg="椅子の座標送信に失敗しました (CODE=1): POST /api/chair/coordinateのリクエストが失敗しました: Post \"https://isuride.xiv.isucon.net/api/chair/coordinate\": EOF"
time=23:07:02.136 level=WARN msg="椅子の座標送信に失敗しました (CODE=1): POST /api/chair/coordinateのリクエストが失敗しました: Post \"https://isuride.xiv.isucon.net/api/chair/coordinate\": EOF"
time=23:07:02.136 level=WARN msg="ユーザーのライド評価に失敗しました (CODE=5): GET /images/buildings4.svgのリクエストが失敗しました: Get \"https://isuride.xiv.isucon.net/images/buildings4.svg\": EOF"
time=23:07:02.136 level=WARN msg="ユーザーがライド履歴の取得に失敗しました (CODE=7): ユーザーがライド履歴の取得に失敗しました (CODE=7): GET /images/buildings1.svgのリクエストが失敗しました: Get \"https://isuride.xiv.isucon.net/images/buildings1.svg\": EOF"
time=23:07:02.136 level=WARN msg="椅子の座標送信に失敗しました (CODE=1): POST /api/chair/coordinateのリクエストが失敗しました: Post \"https://isuride.xiv.isucon.net/api/chair/coordinate\": EOF"
time=23:07:02.137 level=WARN msg="椅子の座標送信に失敗しました (CODE=1): POST /api/chair/coordinateのリクエストが失敗しました: Post \"https://isuride.xiv.isucon.net/api/chair/coordinate\": EOF"
time=23:07:02.137 level=WARN msg="椅子がアクティベートに失敗しました (CODE=13): POST /api/chair/activityのリクエストが失敗しました: Post \"https://isuride.xiv.isucon.net/api/chair/activity\": EOF"
time=23:07:02.139 level=WARN msg="ユーザーがライド履歴の取得に失敗しました (CODE=7): GET /app/rides のリクエストが失敗しました: Get \"https://isuride.xiv.isucon.net/api/app/rides\": EOF"
time=23:07:02.141 level=WARN msg="ユーザーのライド評価に失敗しました (CODE=5): GET /images/buildings1.svgのリクエストが失敗しました: Get \"https://isuride.xiv.isucon.net/images/buildings1.svg\": read tcp 127.0.0.1:54746->127.0.0.1:443: read: connection reset by peer"
time=23:07:02.166 level=WARN msg="ユーザーがライド履歴の取得に失敗しました (CODE=7): ユーザーがライド履歴の取得に失敗しました (CODE=7): GET /favicon-32x32.pngのリクエストが失敗しました: Get \"https://isuride.xiv.isucon.net/favicon-32x32.png\": read tcp 127.0.0.1:54770->127.0.0.1:443: read: connection reset by peer"
time=23:07:02.173 level=WARN msg="椅子の座標送信に失敗しました (CODE=1): POST /api/chair/coordinateのリクエストが失敗しました: Post \"https://isuride.xiv.isucon.net/api/chair/coordinate\": read tcp 127.0.0.1:54810->127.0.0.1:443: read: connection reset by peer"
time=23:07:02.175 level=WARN msg="ユーザーがライド履歴の取得に失敗しました (CODE=7): ユーザーがライド履歴の取得に失敗しました (CODE=7): GET /clientのリクエストが失敗しました: Get \"https://isuride.xiv.isucon.net/client\": read tcp 127.0.0.1:54826->127.0.0.1:443: read: connection reset by peer"
time=23:07:02.176 level=WARN msg="ユーザーのライド評価に失敗しました (CODE=5): GET /clientのリクエストが失敗しました: Get \"https://isuride.xiv.isucon.net/client\": read tcp 127.0.0.1:54846->127.0.0.1:443: read: connection reset by peer"
time=23:07:02.197 level=WARN msg="椅子の座標送信に失敗しました (CODE=1): POST /api/chair/coordinateのリクエストが失敗しました: Post \"https://isuride.xiv.isucon.net/api/chair/coordinate\": EOF"
time=23:07:02.202 level=WARN msg="ユーザーがライド履歴の取得に失敗しました (CODE=7): ユーザーがライド履歴の取得に失敗しました (CODE=7): GET /clientのリクエストが失敗しました: Get \"https://isuride.xiv.isucon.net/client\": read tcp 127.0.0.1:54974->127.0.0.1:443: read: connection reset by peer"
time=23:07:02.206 level=WARN msg="ユーザーのライド評価に失敗しました (CODE=5): GET /clientのリクエストが失敗しました: Get \"https://isuride.xiv.isucon.net/client\": read tcp 127.0.0.1:54996->127.0.0.1:443: read: connection reset by peer"
time=23:07:02.210 level=WARN msg="ユーザーのライド評価に失敗しました (CODE=5): GET /assets/jsx-runtime-56DGgGmo.jsのリクエストが失敗しました: Get \"https://isuride.xiv.isucon.net/assets/jsx-runtime-56DGgGmo.js\": read tcp 127.0.0.1:55042->127.0.0.1:443: read: connection reset by peer"
time=23:07:02.225 level=WARN msg="ユーザー登録に失敗しました (CODE=17): ユーザー登録に失敗しました (CODE=17): GET /images/buildings3.svgのリクエストが失敗しました: Get \"https://isuride.xiv.isucon.net/images/buildings3.svg\": EOF"
time=23:07:02.226 level=WARN msg="椅子の座標送信に失敗しました (CODE=1): POST /api/chair/coordinateのリクエストが失敗しました: Post \"https://isuride.xiv.isucon.net/api/chair/coordinate\": EOF"
time=23:07:02.226 level=WARN msg="椅子の座標送信に失敗しました (CODE=1): POST /api/chair/coordinateのリクエストが失敗しました: Post \"https://isuride.xiv.isucon.net/api/chair/coordinate\": EOF"
time=23:07:02.226 level=WARN msg="椅子の座標送信に失敗しました (CODE=1): POST /api/chair/coordinateのリクエストが失敗しました: Post \"https://isuride.xiv.isucon.net/api/chair/coordinate\": EOF"
time=23:07:02.227 level=WARN msg="ユーザーのライド評価に失敗しました (CODE=5): GET /clientのリクエストが失敗しました: Get \"https://isuride.xiv.isucon.net/client\": EOF"
time=23:07:02.227 level=WARN msg="椅子の座標送信に失敗しました (CODE=1): POST /api/chair/coordinateのリクエストが失敗しました: Post \"https://isuride.xiv.isucon.net/api/chair/coordinate\": read tcp 127.0.0.1:55108->127.0.0.1:443: read: connection reset by peer"
time=23:07:02.227 level=WARN msg="椅子の座標送信に失敗しました (CODE=1): POST /api/chair/coordinateのリクエストが失敗しました: Post \"https://isuride.xiv.isucon.net/api/chair/coordinate\": EOF"
time=23:07:02.255 level=WARN msg="椅子の座標送信に失敗しました (CODE=1): POST /api/chair/coordinateのリクエストが失敗しました: Post \"https://isuride.xiv.isucon.net/api/chair/coordinate\": EOF"
time=23:07:02.255 level=WARN msg="椅子の座標送信に失敗しました (CODE=1): POST /api/chair/coordinateのリクエストが失敗しました: Post \"https://isuride.xiv.isucon.net/api/chair/coordinate\": EOF"
time=23:07:02.529 level=WARN msg="椅子の座標送信に失敗しました (CODE=1): POST /api/chair/coordinateのリクエストが失敗しました: Post \"https://isuride.xiv.isucon.net/api/chair/coordinate\": EOF"
time=23:07:02.529 level=WARN msg="椅子の座標送信に失敗しました (CODE=1): POST /api/chair/coordinateのリクエストが失敗しました: Post \"https://isuride.xiv.isucon.net/api/chair/coordinate\": EOF"
time=23:07:02.529 level=WARN msg="椅子の座標送信に失敗しました (CODE=1): POST /api/chair/coordinateのリクエストが失敗しました: Post \"https://isuride.xiv.isucon.net/api/chair/coordinate\": EOF"
time=23:07:02.705 level=WARN msg="椅子の座標送信に失敗しました (CODE=1): POST /api/chair/coordinateのリクエストが失敗しました: Post \"https://isuride.xiv.isucon.net/api/chair/coordinate\": EOF"
time=23:07:02.706 level=WARN msg="椅子の座標送信に失敗しました (CODE=1): POST /api/chair/coordinateのリクエストが失敗しました: Post \"https://isuride.xiv.isucon.net/api/chair/coordinate\": EOF"
time=23:07:02.770 level=WARN msg="ユーザーがライド履歴の取得に失敗しました (CODE=7): ユーザーがライド履歴の取得に失敗しました (CODE=7): GET /clientのリクエストが失敗しました: Get \"https://isuride.xiv.isucon.net/client\": read tcp 127.0.0.1:55712->127.0.0.1:443: read: connection reset by peer"
time=23:07:02.822 level=WARN msg="オーナーの売り上げ情報の取得に失敗しました (CODE=22): GET /api/owner/salesのリクエストが失敗しました: Get \"https://isuride.xiv.isucon.net/api/owner/sales?until=1791382022491\": read tcp 127.0.0.1:55830->127.0.0.1:443: read: connection reset by peer"
time=23:07:02.823 level=DEBUG source=/tmp/isucon14/bench/benchmarker/scenario/scenario.go:315 msg=時間経過 tick=1860
time=23:07:02.823 level=DEBUG source=/tmp/isucon14/bench/benchmarker/scenario/scenario.go:317 msg=eval reqs=1229 score="[46 274 623 241 45]" criteria="[1077 818 337 191]"
time=23:07:02.832 level=WARN msg="ユーザーがライド履歴の取得に失敗しました (CODE=7): ユーザーがライド履歴の取得に失敗しました (CODE=7): GET /assets/route-B_Zm-GyU.jsのリクエストが失敗しました: Get \"https://isuride.xiv.isucon.net/assets/route-B_Zm-GyU.js\": read tcp 127.0.0.1:55872->127.0.0.1:443: read: connection reset by peer"
time=23:07:02.856 level=WARN msg="椅子の座標送信に失敗しました (CODE=1): POST /api/chair/coordinateのリクエストが失敗しました: Post \"https://isuride.xiv.isucon.net/api/chair/coordinate\": EOF"
time=23:07:02.866 level=WARN msg="椅子の座標送信に失敗しました (CODE=1): POST /api/chair/coordinateのリクエストが失敗しました: Post \"https://isuride.xiv.isucon.net/api/chair/coordinate\": read tcp 127.0.0.1:56024->127.0.0.1:443: read: connection reset by peer"
time=23:07:02.931 level=INFO msg=一定の売上が立ったためオーナーの椅子が増加します 名前="CraftChair Co., Ltd." 増加数=1
time=23:07:03.004 level=WARN msg="椅子の座標送信に失敗しました (CODE=1): POST /api/chair/coordinateのリクエストが失敗しました: Post \"https://isuride.xiv.isucon.net/api/chair/coordinate\": EOF"
time=23:07:03.004 level=WARN msg="椅子の座標送信に失敗しました (CODE=1): POST /api/chair/coordinateのリクエストが失敗しました: Post \"https://isuride.xiv.isucon.net/api/chair/coordinate\": EOF"
time=23:07:03.004 level=WARN msg="椅子の座標送信に失敗しました (CODE=1): POST /api/chair/coordinateのリクエストが失敗しました: Post \"https://isuride.xiv.isucon.net/api/chair/coordinate\": EOF"
time=23:07:03.005 level=WARN msg="椅子の座標送信に失敗しました (CODE=1): POST /api/chair/coordinateのリクエストが失敗しました: Post \"https://isuride.xiv.isucon.net/api/chair/coordinate\": EOF"
time=23:07:03.005 level=WARN msg="椅子の座標送信に失敗しました (CODE=1): POST /api/chair/coordinateのリクエストが失敗しました: Post \"https://isuride.xiv.isucon.net/api/chair/coordinate\": EOF"
time=23:07:03.011 level=WARN msg="椅子の座標送信に失敗しました (CODE=1): POST /api/chair/coordinateのリクエストが失敗しました: Post \"https://isuride.xiv.isucon.net/api/chair/coordinate\": read tcp 127.0.0.1:56394->127.0.0.1:443: read: connection reset by peer"
time=23:07:03.115 level=INFO msg=一定の売上が立ったためオーナーの椅子が増加します 名前="Artisan Seats" 増加数=2
time=23:07:03.180 level=INFO msg=一定の売上が立ったためオーナーの椅子が増加します 名前=快旅タクシー 増加数=1
time=23:07:03.584 level=WARN msg="椅子がライドを受理できませんでした (CODE=3): POST /api/chair/rides/{rideID}/statusのリクエストが失敗しました: Post \"https://isuride.xiv.isucon.net/api/chair/rides/01M4BB0RR2M9GVZYZH6QV20RJ9/status\": read tcp 127.0.0.1:57054->127.0.0.1:443: read: connection reset by peer"
time=23:07:03.592 level=WARN msg="ユーザーのライド評価に失敗しました (CODE=5): POST /api/app/rides/{ride_id}/evaluationのリクエストが失敗しました: Post \"https://isuride.xiv.isucon.net/api/app/rides/01M4BB0NWCJ3Y01BXWG0G4R5S8/evaluation\": EOF"
time=23:07:03.594 level=WARN msg="ユーザーのライド評価に失敗しました (CODE=5): GET /assets/root-JpS3BGeV.jsのリクエストが失敗しました: Get \"https://isuride.xiv.isucon.net/assets/root-JpS3BGeV.js\": EOF"
time=23:07:03.607 level=WARN msg="椅子の座標送信に失敗しました (CODE=1): POST /api/chair/coordinateのリクエストが失敗しました: Post \"https://isuride.xiv.isucon.net/api/chair/coordinate\": EOF"
time=23:07:03.610 level=WARN msg="ユーザーがライド履歴の取得に失敗しました (CODE=7): ユーザーがライド履歴の取得に失敗しました (CODE=7): GET /assets/route-B_Zm-GyU.jsのリクエストが失敗しました: Get \"https://isuride.xiv.isucon.net/assets/route-B_Zm-GyU.js\": read tcp 127.0.0.1:57264->127.0.0.1:443: read: connection reset by peer"
time=23:07:03.638 level=WARN msg="椅子の座標送信に失敗しました (CODE=1): POST /api/chair/coordinateのリクエストが失敗しました: Post \"https://isuride.xiv.isucon.net/api/chair/coordinate\": EOF"
time=23:07:03.638 level=WARN msg="椅子の座標送信に失敗しました (CODE=1): POST /api/chair/coordinateのリクエストが失敗しました: Post \"https://isuride.xiv.isucon.net/api/chair/coordinate\": EOF"
time=23:07:03.670 level=WARN msg="椅子の座標送信に失敗しました (CODE=1): POST /api/chair/coordinateのリクエストが失敗しました: Post \"https://isuride.xiv.isucon.net/api/chair/coordinate\": EOF"
time=23:07:03.672 level=WARN msg="椅子の座標送信に失敗しました (CODE=1): POST /api/chair/coordinateのリクエストが失敗しました: Post \"https://isuride.xiv.isucon.net/api/chair/coordinate\": EOF"
time=23:07:03.701 level=WARN msg="椅子の座標送信に失敗しました (CODE=1): POST /api/chair/coordinateのリクエストが失敗しました: Post \"https://isuride.xiv.isucon.net/api/chair/coordinate\": EOF"
time=23:07:03.701 level=WARN msg="椅子の座標送信に失敗しました (CODE=1): POST /api/chair/coordinateのリクエストが失敗しました: Post \"https://isuride.xiv.isucon.net/api/chair/coordinate\": EOF"
time=23:07:03.701 level=WARN msg="椅子の座標送信に失敗しました (CODE=1): POST /api/chair/coordinateのリクエストが失敗しました: Post \"https://isuride.xiv.isucon.net/api/chair/coordinate\": EOF"
time=23:07:03.701 level=WARN msg="椅子の座標送信に失敗しました (CODE=1): POST /api/chair/coordinateのリクエストが失敗しました: Post \"https://isuride.xiv.isucon.net/api/chair/coordinate\": EOF"
time=23:07:03.701 level=WARN msg="椅子の座標送信に失敗しました (CODE=1): POST /api/chair/coordinateのリクエストが失敗しました: Post \"https://isuride.xiv.isucon.net/api/chair/coordinate\": EOF"
time=23:07:03.701 level=WARN msg="椅子の座標送信に失敗しました (CODE=1): POST /api/chair/coordinateのリクエストが失敗しました: Post \"https://isuride.xiv.isucon.net/api/chair/coordinate\": EOF"
time=23:07:03.702 level=WARN msg="椅子の座標送信に失敗しました (CODE=1): POST /api/chair/coordinateのリクエストが失敗しました: Post \"https://isuride.xiv.isucon.net/api/chair/coordinate\": EOF"
time=23:07:03.729 level=WARN msg="椅子の座標送信に失敗しました (CODE=1): POST /api/chair/coordinateのリクエストが失敗しました: Post \"https://isuride.xiv.isucon.net/api/chair/coordinate\": EOF"
time=23:07:03.755 level=WARN msg="椅子の座標送信に失敗しました (CODE=1): POST /api/chair/coordinateのリクエストが失敗しました: Post \"https://isuride.xiv.isucon.net/api/chair/coordinate\": EOF"
time=23:07:03.817 level=WARN msg="椅子の座標送信に失敗しました (CODE=1): POST /api/chair/coordinateのリクエストが失敗しました: Post \"https://isuride.xiv.isucon.net/api/chair/coordinate\": EOF"
time=23:07:03.817 level=WARN msg="椅子の座標送信に失敗しました (CODE=1): POST /api/chair/coordinateのリクエストが失敗しました: Post \"https://isuride.xiv.isucon.net/api/chair/coordinate\": EOF"
time=23:07:03.817 level=WARN msg="椅子の座標送信に失敗しました (CODE=1): POST /api/chair/coordinateのリクエストが失敗しました: Post \"https://isuride.xiv.isucon.net/api/chair/coordinate\": EOF"
time=23:07:03.817 level=WARN msg="椅子の座標送信に失敗しました (CODE=1): POST /api/chair/coordinateのリクエストが失敗しました: Post \"https://isuride.xiv.isucon.net/api/chair/coordinate\": EOF"
time=23:07:03.820 level=WARN msg="椅子の座標送信に失敗しました (CODE=1): POST /api/chair/coordinateのリクエストが失敗しました: Post \"https://isuride.xiv.isucon.net/api/chair/coordinate\": EOF"
time=23:07:03.821 level=WARN msg="椅子の座標送信に失敗しました (CODE=1): POST /api/chair/coordinateのリクエストが失敗しました: Post \"https://isuride.xiv.isucon.net/api/chair/coordinate\": EOF"
time=23:07:03.826 level=WARN msg="椅子の座標送信に失敗しました (CODE=1): POST /api/chair/coordinateのリクエストが失敗しました: Post \"https://isuride.xiv.isucon.net/api/chair/coordinate\": EOF"
time=23:07:03.849 level=WARN msg="椅子がライドを受理できませんでした (CODE=3): POST /api/chair/rides/{rideID}/statusのリクエストが失敗しました: Post \"https://isuride.xiv.isucon.net/api/chair/rides/01M4BB0RQ6WCYSSSTQ9BRDQKTD/status\": EOF"
time=23:07:03.850 level=WARN msg="椅子の座標送信に失敗しました (CODE=1): POST /api/chair/coordinateのリクエストが失敗しました: Post \"https://isuride.xiv.isucon.net/api/chair/coordinate\": EOF"
time=23:07:03.850 level=WARN msg="椅子の座標送信に失敗しました (CODE=1): POST /api/chair/coordinateのリクエストが失敗しました: Post \"https://isuride.xiv.isucon.net/api/chair/coordinate\": EOF"
time=23:07:03.850 level=WARN msg="椅子の座標送信に失敗しました (CODE=1): POST /api/chair/coordinateのリクエストが失敗しました: Post \"https://isuride.xiv.isucon.net/api/chair/coordinate\": EOF"
time=23:07:03.865 level=WARN msg="ユーザーのライド評価に失敗しました (CODE=5): POST /api/app/rides/{ride_id}/evaluationのリクエストが失敗しました: Post \"https://isuride.xiv.isucon.net/api/app/rides/01M4BB0PH9S6PA9AP6VMBHK7ED/evaluation\": EOF"
time=23:07:03.872 level=WARN msg="ユーザーのライド評価に失敗しました (CODE=5): GET /assets/jsx-runtime-56DGgGmo.jsのリクエストが失敗しました: Get \"https://isuride.xiv.isucon.net/assets/jsx-runtime-56DGgGmo.js\": read tcp 127.0.0.1:58048->127.0.0.1:443: read: connection reset by peer"
time=23:07:03.875 level=WARN msg="椅子がライドを受理できませんでした (CODE=3): POST /api/chair/rides/{rideID}/statusのリクエストが失敗しました: Post \"https://isuride.xiv.isucon.net/api/chair/rides/01M4BB0RQ6WCYSSSTQ9BRDQKTD/status\": EOF"
time=23:07:03.875 level=WARN msg="ユーザーのライド評価に失敗しました (CODE=5): GET /assets/components-Cbm4tYXz.jsのリクエストが失敗しました: Get \"https://isuride.xiv.isucon.net/assets/components-Cbm4tYXz.js\": EOF"
time=23:07:03.908 level=WARN msg="椅子の座標送信に失敗しました (CODE=1): POST /api/chair/coordinateのリクエストが失敗しました: Post \"https://isuride.xiv.isucon.net/api/chair/coordinate\": EOF"
time=23:07:03.936 level=WARN msg="椅子の座標送信に失敗しました (CODE=1): POST /api/chair/coordinateのリクエストが失敗しました: Post \"https://isuride.xiv.isucon.net/api/chair/coordinate\": EOF"
time=23:07:03.936 level=WARN msg="椅子の座標送信に失敗しました (CODE=1): POST /api/chair/coordinateのリクエストが失敗しました: Post \"https://isuride.xiv.isucon.net/api/chair/coordinate\": EOF"
time=23:07:04.015 level=WARN msg="椅子の座標送信に失敗しました (CODE=1): POST /api/chair/coordinateのリクエストが失敗しました: Post \"https://isuride.xiv.isucon.net/api/chair/coordinate\": EOF"
time=23:07:04.146 level=WARN msg="椅子の座標送信に失敗しました (CODE=1): POST /api/chair/coordinateのリクエストが失敗しました: Post \"https://isuride.xiv.isucon.net/api/chair/coordinate\": EOF"
time=23:07:04.206 level=WARN msg="ユーザーのライド評価に失敗しました (CODE=5): GET /clientのリクエストが失敗しました: Get \"https://isuride.xiv.isucon.net/client\": EOF"
time=23:07:04.207 level=WARN msg="椅子の座標送信に失敗しました (CODE=1): POST /api/chair/coordinateのリクエストが失敗しました: Post \"https://isuride.xiv.isucon.net/api/chair/coordinate\": read tcp 127.0.0.1:58554->127.0.0.1:443: read: connection reset by peer"
time=23:07:04.211 level=WARN msg="ユーザーのライド評価に失敗しました (CODE=5): GET /clientのリクエストが失敗しました: Get \"https://isuride.xiv.isucon.net/client\": read tcp 127.0.0.1:58574->127.0.0.1:443: read: connection reset by peer"
time=23:07:04.297 level=WARN msg="椅子の座標送信に失敗しました (CODE=1): POST /api/chair/coordinateのリクエストが失敗しました: Post \"https://isuride.xiv.isucon.net/api/chair/coordinate\": EOF"
time=23:07:04.387 level=WARN msg="椅子がライドを受理できませんでした (CODE=3): POST /api/chair/rides/{rideID}/statusのリクエストが失敗しました: Post \"https://isuride.xiv.isucon.net/api/chair/rides/01M4BB0TDXZ4ZC8S5AJ5ZPR9K0/status\": EOF"
time=23:07:04.388 level=WARN msg="椅子がライドを受理できませんでした (CODE=3): POST /api/chair/rides/{rideID}/statusのリクエストが失敗しました: Post \"https://isuride.xiv.isucon.net/api/chair/rides/01M4BB0V94M7PKZ8J92D3CHE2A/status\": EOF"
time=23:07:04.388 level=WARN msg="椅子の座標送信に失敗しました (CODE=1): POST /api/chair/coordinateのリクエストが失敗しました: Post \"https://isuride.xiv.isucon.net/api/chair/coordinate\": EOF"
time=23:07:04.388 level=WARN msg="椅子がライドを受理できませんでした (CODE=3): POST /api/chair/rides/{rideID}/statusのリクエストが失敗しました: Post \"https://isuride.xiv.isucon.net/api/chair/rides/01M4BB0TEQNZQ6371Y34GZP25S/status\": EOF"
time=23:07:04.388 level=WARN msg="椅子がライドを受理できませんでした (CODE=3): POST /api/chair/rides/{rideID}/statusのリクエストが失敗しました: Post \"https://isuride.xiv.isucon.net/api/chair/rides/01M4BB0TRQ3J4PSGST86B7BW8M/status\": EOF"
time=23:07:04.389 level=WARN msg="椅子がライドを受理できませんでした (CODE=3): POST /api/chair/rides/{rideID}/statusのリクエストが失敗しました: Post \"https://isuride.xiv.isucon.net/api/chair/rides/01M4BB0TXNFAM1ZZGHABBVP4GW/status\": EOF"
time=23:07:04.389 level=WARN msg="椅子が出発できませんでした (CODE=2): POST /api/chair/rides/{rideID}/statusのリクエストが失敗しました: Post \"https://isuride.xiv.isucon.net/api/chair/rides/01M4BB0SF1WAK5E1YBX80CJKYF/status\": EOF"
time=23:07:04.389 level=WARN msg="椅子がライドを受理できませんでした (CODE=3): POST /api/chair/rides/{rideID}/statusのリクエストが失敗しました: Post \"https://isuride.xiv.isucon.net/api/chair/rides/01M4BB0VG28M9KAJA9BZJK8HHH/status\": EOF"
time=23:07:04.389 level=WARN msg="椅子がライドを受理できませんでした (CODE=3): POST /api/chair/rides/{rideID}/statusのリクエストが失敗しました: Post \"https://isuride.xiv.isucon.net/api/chair/rides/01M4BB0TR3A4WT40FHQ2RGNZRA/status\": EOF"
time=23:07:04.395 level=WARN msg="椅子がライドを受理できませんでした (CODE=3): POST /api/chair/rides/{rideID}/statusのリクエストが失敗しました: Post \"https://isuride.xiv.isucon.net/api/chair/rides/01M4BB0TF11XTQG4YMQCYG614V/status\": read tcp 127.0.0.1:58932->127.0.0.1:443: read: connection reset by peer"
time=23:07:04.418 level=WARN msg="椅子の座標送信に失敗しました (CODE=1): POST /api/chair/coordinateのリクエストが失敗しました: Post \"https://isuride.xiv.isucon.net/api/chair/coordinate\": EOF"
time=23:07:04.418 level=WARN msg="椅子の座標送信に失敗しました (CODE=1): POST /api/chair/coordinateのリクエストが失敗しました: Post \"https://isuride.xiv.isucon.net/api/chair/coordinate\": EOF"
time=23:07:04.418 level=WARN msg="椅子の座標送信に失敗しました (CODE=1): POST /api/chair/coordinateのリクエストが失敗しました: Post \"https://isuride.xiv.isucon.net/api/chair/coordinate\": EOF"
time=23:07:04.426 level=WARN msg="椅子がライドを受理できませんでした (CODE=3): POST /api/chair/rides/{rideID}/statusのリクエストが失敗しました: Post \"https://isuride.xiv.isucon.net/api/chair/rides/01M4BB0TTKT8QRHTZD4A6KP76M/status\": read tcp 127.0.0.1:58940->127.0.0.1:443: read: connection reset by peer"
time=23:07:04.431 level=WARN msg="椅子が出発できませんでした (CODE=2): POST /api/chair/rides/{rideID}/statusのリクエストが失敗しました: Post \"https://isuride.xiv.isucon.net/api/chair/rides/01M4BB0S1H88VHT1F6KM1G1M9S/status\": read tcp 127.0.0.1:58952->127.0.0.1:443: read: connection reset by peer"
time=23:07:04.439 level=WARN msg="ユーザーが新しくライドを作成できませんでした (CODE=8): POST /app/rides/estimated-fareのリクエストが失敗しました: Post \"https://isuride.xiv.isucon.net/api/app/rides/estimated-fare\": EOF"
time=23:07:04.452 level=WARN msg="椅子がライドを受理できませんでした (CODE=3): POST /api/chair/rides/{rideID}/statusのリクエストが失敗しました: Post \"https://isuride.xiv.isucon.net/api/chair/rides/01M4BB0TXNFAM1ZZGHA8S3SQ3T/status\": EOF"
time=23:07:04.507 level=WARN msg="椅子の座標送信に失敗しました (CODE=1): POST /api/chair/coordinateのリクエストが失敗しました: Post \"https://isuride.xiv.isucon.net/api/chair/coordinate\": EOF"
time=23:07:04.510 level=WARN msg="椅子の座標送信に失敗しました (CODE=1): POST /api/chair/coordinateのリクエストが失敗しました: Post \"https://isuride.xiv.isucon.net/api/chair/coordinate\": EOF"
time=23:07:04.510 level=WARN msg="椅子の座標送信に失敗しました (CODE=1): POST /api/chair/coordinateのリクエストが失敗しました: Post \"https://isuride.xiv.isucon.net/api/chair/coordinate\": EOF"
time=23:07:04.511 level=WARN msg="椅子がライドを受理できませんでした (CODE=3): POST /api/chair/rides/{rideID}/statusのリクエストが失敗しました: Post \"https://isuride.xiv.isucon.net/api/chair/rides/01M4BB0VN1NQ6ZBXM8RSDMKMWE/status\": read tcp 127.0.0.1:59410->127.0.0.1:443: read: connection reset by peer"
time=23:07:04.513 level=WARN msg="椅子がライドを受理できませんでした (CODE=3): POST /api/chair/rides/{rideID}/statusのリクエストが失敗しました: Post \"https://isuride.xiv.isucon.net/api/chair/rides/01M4BB0V76G101BASRYPGMYQX4/status\": read tcp 127.0.0.1:59456->127.0.0.1:443: read: connection reset by peer"
time=23:07:04.516 level=WARN msg="椅子の座標送信に失敗しました (CODE=1): POST /api/chair/coordinateのリクエストが失敗しました: Post \"https://isuride.xiv.isucon.net/api/chair/coordinate\": read tcp 127.0.0.1:59488->127.0.0.1:443: read: connection reset by peer"
time=23:07:04.517 level=WARN msg="椅子がライドを受理できませんでした (CODE=3): POST /api/chair/rides/{rideID}/statusのリクエストが失敗しました: Post \"https://isuride.xiv.isucon.net/api/chair/rides/01M4BB0V84D9MZ8ETVV6W6TR7A/status\": read tcp 127.0.0.1:59512->127.0.0.1:443: read: connection reset by peer"
time=23:07:04.520 level=WARN msg="椅子の座標送信に失敗しました (CODE=1): POST /api/chair/coordinateのリクエストが失敗しました: Post \"https://isuride.xiv.isucon.net/api/chair/coordinate\": read tcp 127.0.0.1:59560->127.0.0.1:443: read: connection reset by peer"
time=23:07:04.520 level=WARN msg="椅子がライドを受理できませんでした (CODE=3): POST /api/chair/rides/{rideID}/statusのリクエストが失敗しました: Post \"https://isuride.xiv.isucon.net/api/chair/rides/01M4BB0TF11XTQG4YMQATD56F2/status\": read tcp 127.0.0.1:59564->127.0.0.1:443: read: connection reset by peer"
time=23:07:04.527 level=WARN msg="ユーザーのライド評価に失敗しました (CODE=5): GET /clientのリクエストが失敗しました: Get \"https://isuride.xiv.isucon.net/client\": read tcp 127.0.0.1:59624->127.0.0.1:443: read: connection reset by peer"
time=23:07:04.528 level=WARN msg="椅子の座標送信に失敗しました (CODE=1): POST /api/chair/coordinateのリクエストが失敗しました: Post \"https://isuride.xiv.isucon.net/api/chair/coordinate\": read tcp 127.0.0.1:59630->127.0.0.1:443: read: connection reset by peer"
time=23:07:04.530 level=WARN msg="ユーザーがライド履歴の取得に失敗しました (CODE=7): ユーザーがライド履歴の取得に失敗しました (CODE=7): GET /assets/entry.client-BwsCJ-uh.jsのリクエストが失敗しました: Get \"https://isuride.xiv.isucon.net/assets/entry.client-BwsCJ-uh.js\": read tcp 127.0.0.1:59666->127.0.0.1:443: read: connection reset by peer"
time=23:07:04.532 level=WARN msg="ユーザーのライド評価に失敗しました (CODE=5): GET /assets/index-9ZhTBp7q.jsのリクエストが失敗しました: Get \"https://isuride.xiv.isucon.net/assets/index-9ZhTBp7q.js\": read tcp 127.0.0.1:59676->127.0.0.1:443: read: connection reset by peer"
time=23:07:04.533 level=WARN msg="ユーザーがライド履歴の取得に失敗しました (CODE=7): ユーザーがライド履歴の取得に失敗しました (CODE=7): GET /images/house2.svgのリクエストが失敗しました: Get \"https://isuride.xiv.isucon.net/images/house2.svg\": read tcp 127.0.0.1:59680->127.0.0.1:443: read: connection reset by peer"
time=23:07:04.538 level=WARN msg="ユーザーがライド履歴の取得に失敗しました (CODE=7): ユーザーがライド履歴の取得に失敗しました (CODE=7): GET /clientのリクエストが失敗しました: Get \"https://isuride.xiv.isucon.net/client\": EOF"
time=23:07:04.538 level=DEBUG source=/tmp/isucon14/bench/benchmarker/scenario/worldclient/worldclient.go:454 msg="GET /api/app/notificationsのリクエストが失敗しました: Get \"https://isuride.xiv.isucon.net/api/app/notification\": EOF"
time=23:07:04.538 level=WARN msg="椅子がライドを受理できませんでした (CODE=3): POST /api/chair/rides/{rideID}/statusのリクエストが失敗しました: Post \"https://isuride.xiv.isucon.net/api/chair/rides/01M4BB0V660Z2Q19VTT0QBNNQ6/status\": EOF"
time=23:07:04.538 level=WARN msg="ユーザーがライド履歴の取得に失敗しました (CODE=7): ユーザーがライド履歴の取得に失敗しました (CODE=7): GET /clientのリクエストが失敗しました: Get \"https://isuride.xiv.isucon.net/client\": EOF"
time=23:07:04.538 level=WARN msg="ユーザーがライド履歴の取得に失敗しました (CODE=7): ユーザーがライド履歴の取得に失敗しました (CODE=7): GET /assets/jsx-runtime-56DGgGmo.jsのリクエストが失敗しました: Get \"https://isuride.xiv.isucon.net/assets/jsx-runtime-56DGgGmo.js\": EOF"
time=23:07:04.538 level=WARN msg="ユーザーのライド評価に失敗しました (CODE=5): GET /images/house1.svgのリクエストが失敗しました: Get \"https://isuride.xiv.isucon.net/images/house1.svg\": EOF"
time=23:07:04.538 level=WARN msg="椅子がライドを受理できませんでした (CODE=3): POST /api/chair/rides/{rideID}/statusのリクエストが失敗しました: Post \"https://isuride.xiv.isucon.net/api/chair/rides/01M4BB0VN1NQ6ZBXM8RSDMKMWE/status\": EOF"
time=23:07:04.538 level=WARN msg="椅子がライドを受理できませんでした (CODE=3): POST /api/chair/rides/{rideID}/statusのリクエストが失敗しました: Post \"https://isuride.xiv.isucon.net/api/chair/rides/01M4BB0VH554EHXTDSEBAGS9WK/status\": EOF"
time=23:07:04.538 level=WARN msg="椅子の座標送信に失敗しました (CODE=1): POST /api/chair/coordinateのリクエストが失敗しました: Post \"https://isuride.xiv.isucon.net/api/chair/coordinate\": EOF"
time=23:07:04.538 level=WARN msg="椅子の座標送信に失敗しました (CODE=1): POST /api/chair/coordinateのリクエストが失敗しました: Post \"https://isuride.xiv.isucon.net/api/chair/coordinate\": EOF"
time=23:07:04.538 level=WARN msg="ユーザーがライド履歴の取得に失敗しました (CODE=7): ユーザーがライド履歴の取得に失敗しました (CODE=7): GET /assets/index-9ZhTBp7q.jsのリクエストが失敗しました: Get \"https://isuride.xiv.isucon.net/assets/index-9ZhTBp7q.js\": EOF"
time=23:07:04.539 level=WARN msg="ユーザーがライド履歴の取得に失敗しました (CODE=7): ユーザーがライド履歴の取得に失敗しました (CODE=7): GET /clientのリクエストが失敗しました: Get \"https://isuride.xiv.isucon.net/client\": EOF"
time=23:07:04.539 level=WARN msg="ユーザーがライド履歴の取得に失敗しました (CODE=7): ユーザーがライド履歴の取得に失敗しました (CODE=7): GET /assets/jsx-runtime-56DGgGmo.jsのリクエストが失敗しました: Get \"https://isuride.xiv.isucon.net/assets/jsx-runtime-56DGgGmo.js\": EOF"
time=23:07:04.539 level=WARN msg="ユーザーのライド評価に失敗しました (CODE=5): GET /clientのリクエストが失敗しました: Get \"https://isuride.xiv.isucon.net/client\": EOF"
time=23:07:04.541 level=WARN msg="ユーザーのライド評価に失敗しました (CODE=5): GET /assets/entry.client-BwsCJ-uh.jsのリクエストが失敗しました: Get \"https://isuride.xiv.isucon.net/assets/entry.client-BwsCJ-uh.js\": EOF"
time=23:07:04.541 level=WARN msg="椅子がライドを受理できませんでした (CODE=3): POST /api/chair/rides/{rideID}/statusのリクエストが失敗しました: Post \"https://isuride.xiv.isucon.net/api/chair/rides/01M4BB0TF11XTQG4YMQATD56F2/status\": read tcp 127.0.0.1:59946->127.0.0.1:443: read: connection reset by peer"
time=23:07:04.542 level=WARN msg="椅子の座標送信に失敗しました (CODE=1): POST /api/chair/coordinateのリクエストが失敗しました: Post \"https://isuride.xiv.isucon.net/api/chair/coordinate\": read tcp 127.0.0.1:59944->127.0.0.1:443: read: connection reset by peer"
time=23:07:04.545 level=WARN msg="ユーザーがライド履歴の取得に失敗しました (CODE=7): ユーザーがライド履歴の取得に失敗しました (CODE=7): GET /clientのリクエストが失敗しました: Get \"https://isuride.xiv.isucon.net/client\": read tcp 127.0.0.1:59992->127.0.0.1:443: read: connection reset by peer"
time=23:07:04.545 level=WARN msg="椅子の座標送信に失敗しました (CODE=1): POST /api/chair/coordinateのリクエストが失敗しました: Post \"https://isuride.xiv.isucon.net/api/chair/coordinate\": read tcp 127.0.0.1:59980->127.0.0.1:443: read: connection reset by peer"
time=23:07:04.550 level=WARN msg="ユーザーがライド履歴の取得に失敗しました (CODE=7): ユーザーがライド履歴の取得に失敗しました (CODE=7): GET /assets/jsx-runtime-56DGgGmo.jsのリクエストが失敗しました: Get \"https://isuride.xiv.isucon.net/assets/jsx-runtime-56DGgGmo.js\": read tcp 127.0.0.1:60060->127.0.0.1:443: read: connection reset by peer"
time=23:07:04.550 level=WARN msg="ユーザーがライド履歴の取得に失敗しました (CODE=7): ユーザーがライド履歴の取得に失敗しました (CODE=7): GET /assets/jsx-runtime-56DGgGmo.jsのリクエストが失敗しました: Get \"https://isuride.xiv.isucon.net/assets/jsx-runtime-56DGgGmo.js\": read tcp 127.0.0.1:60056->127.0.0.1:443: read: connection reset by peer"
time=23:07:04.566 level=WARN msg="ユーザーがライド履歴の取得に失敗しました (CODE=7): ユーザーがライド履歴の取得に失敗しました (CODE=7): GET /clientのリクエストが失敗しました: Get \"https://isuride.xiv.isucon.net/client\": EOF"
time=23:07:04.566 level=WARN msg="椅子がライドを受理できませんでした (CODE=3): POST /api/chair/rides/{rideID}/statusのリクエストが失敗しました: Post \"https://isuride.xiv.isucon.net/api/chair/rides/01M4BB0VN1NQ6ZBXM8RSDMKMWE/status\": EOF"
time=23:07:04.566 level=WARN msg="椅子が出発できませんでした (CODE=2): POST /api/chair/rides/{rideID}/statusのリクエストが失敗しました: Post \"https://isuride.xiv.isucon.net/api/chair/rides/01M4BB0RBFD5X01G9TM6PS8CBS/status\": EOF"
time=23:07:04.566 level=WARN msg="椅子がライドを受理できませんでした (CODE=3): POST /api/chair/rides/{rideID}/statusのリクエストが失敗しました: Post \"https://isuride.xiv.isucon.net/api/chair/rides/01M4BB0TF11XTQG4YMQATD56F2/status\": EOF"
time=23:07:04.566 level=WARN msg="ユーザーのライド評価に失敗しました (CODE=5): GET /clientのリクエストが失敗しました: Get \"https://isuride.xiv.isucon.net/client\": EOF"
time=23:07:04.566 level=WARN msg="ユーザーがライド履歴の取得に失敗しました (CODE=7): ユーザーがライド履歴の取得に失敗しました (CODE=7): GET /clientのリクエストが失敗しました: Get \"https://isuride.xiv.isucon.net/client\": EOF"
time=23:07:04.567 level=WARN msg="ユーザーのライド評価に失敗しました (CODE=5): GET /clientのリクエストが失敗しました: Get \"https://isuride.xiv.isucon.net/client\": EOF"
time=23:07:04.567 level=WARN msg="ユーザーがライド履歴の取得に失敗しました (CODE=7): ユーザーがライド履歴の取得に失敗しました (CODE=7): GET /clientのリクエストが失敗しました: Get \"https://isuride.xiv.isucon.net/client\": EOF"
time=23:07:04.567 level=WARN msg="ユーザーのライド評価に失敗しました (CODE=5): GET /clientのリクエストが失敗しました: Get \"https://isuride.xiv.isucon.net/client\": EOF"
time=23:07:04.567 level=WARN msg="ユーザーがライド履歴の取得に失敗しました (CODE=7): ユーザーがライド履歴の取得に失敗しました (CODE=7): GET /clientのリクエストが失敗しました: Get \"https://isuride.xiv.isucon.net/client\": EOF"
time=23:07:04.567 level=WARN msg="ユーザーがライド履歴の取得に失敗しました (CODE=7): ユーザーがライド履歴の取得に失敗しました (CODE=7): GET /clientのリクエストが失敗しました: Get \"https://isuride.xiv.isucon.net/client\": EOF"
time=23:07:04.567 level=WARN msg="椅子の座標送信に失敗しました (CODE=1): POST /api/chair/coordinateのリクエストが失敗しました: Post \"https://isuride.xiv.isucon.net/api/chair/coordinate\": EOF"
time=23:07:04.567 level=WARN msg="ユーザーがライド履歴の取得に失敗しました (CODE=7): ユーザーがライド履歴の取得に失敗しました (CODE=7): GET /clientのリクエストが失敗しました: Get \"https://isuride.xiv.isucon.net/client\": EOF"
time=23:07:04.567 level=WARN msg="椅子がライドを受理できませんでした (CODE=3): POST /api/chair/rides/{rideID}/statusのリクエストが失敗しました: Post \"https://isuride.xiv.isucon.net/api/chair/rides/01M4BB0VH554EHXTDSEBAGS9WK/status\": EOF"
time=23:07:04.568 level=ERROR msg=クリティカルエラーが発生しました error=発生しているエラーが多すぎます
time=23:07:04.568 level=WARN msg="ユーザーがライド履歴の取得に失敗しました (CODE=7): ユーザーがライド履歴の取得に失敗しました (CODE=7): GET /clientのリクエストが失敗しました: Get \"https://isuride.xiv.isucon.net/client\": EOF"
time=23:07:04.567 level=WARN msg="椅子の座標送信に失敗しました (CODE=1): POST /api/chair/coordinateのリクエストが失敗しました: Post \"https://isuride.xiv.isucon.net/api/chair/coordinate\": EOF"
time=23:07:04.567 level=WARN msg="ユーザーがライド履歴の取得に失敗しました (CODE=7): ユーザーがライド履歴の取得に失敗しました (CODE=7): GET /clientのリクエストが失敗しました: Get \"https://isuride.xiv.isucon.net/client\": EOF"
time=23:07:04.567 level=WARN msg="椅子の座標送信に失敗しました (CODE=1): POST /api/chair/coordinateのリクエストが失敗しました: Post \"https://isuride.xiv.isucon.net/api/chair/coordinate\": EOF"
time=23:07:04.567 level=WARN msg="椅子の座標送信に失敗しました (CODE=1): POST /api/chair/coordinateのリクエストが失敗しました: Post \"https://isuride.xiv.isucon.net/api/chair/coordinate\": EOF"
time=23:07:04.567 level=WARN msg="ユーザーがライド履歴の取得に失敗しました (CODE=7): ユーザーがライド履歴の取得に失敗しました (CODE=7): GET /clientのリクエストが失敗しました: Get \"https://isuride.xiv.isucon.net/client\": EOF"
time=23:07:04.567 level=WARN msg="椅子の座標送信に失敗しました (CODE=1): POST /api/chair/coordinateのリクエストが失敗しました: Post \"https://isuride.xiv.isucon.net/api/chair/coordinate\": EOF"
time=23:07:04.573 level=WARN msg="ユーザーのライド評価に失敗しました (CODE=5): GET /clientのリクエストが失敗しました: Get \"https://isuride.xiv.isucon.net/client\": read tcp 127.0.0.1:60164->127.0.0.1:443: read: connection reset by peer"
time=23:07:04.579 level=WARN msg="椅子の座標送信に失敗しました (CODE=1): POST /api/chair/coordinateのリクエストが失敗しました: Post \"https://isuride.xiv.isucon.net/api/chair/coordinate\": read tcp 127.0.0.1:60312->127.0.0.1:443: read: connection reset by peer"
time=23:07:04.581 level=WARN msg="ユーザーがライド履歴の取得に失敗しました (CODE=7): ユーザーがライド履歴の取得に失敗しました (CODE=7): GET /assets/get-cookie-value-B3QhECDc.jsのリクエストが失敗しました: Get \"https://isuride.xiv.isucon.net/assets/get-cookie-value-B3QhECDc.js\": read tcp 127.0.0.1:60328->127.0.0.1:443: read: connection reset by peer"
time=23:07:04.585 level=DEBUG source=/tmp/isucon14/bench/benchmarker/scenario/worldclient/worldclient.go:454 msg="GET /api/app/notificationsのリクエストが失敗しました: Get \"https://isuride.xiv.isucon.net/api/app/notification\": read tcp 127.0.0.1:60362->127.0.0.1:443: read: connection reset by peer"
time=23:07:07.374 level=WARN msg="付近の椅子情報が想定よりも足りていません (CODE=31): 不足数1台"
time=23:07:07.457 level=WARN msg="付近の椅子情報が想定よりも足りていません (CODE=31): 不足数3台"
time=23:07:07.457 level=WARN msg="付近の椅子情報が想定よりも足りていません (CODE=31): 不足数1台"
time=23:07:07.661 level=WARN msg="付近の椅子情報が想定よりも足りていません (CODE=31): 不足数3台"
time=23:07:07.664 level=WARN msg="付近の椅子情報が想定よりも足りていません (CODE=31): 不足数4台"
time=23:07:07.667 level=WARN msg="付近の椅子情報が想定よりも足りていません (CODE=31): 不足数1台"
time=23:07:07.750 level=WARN msg="付近の椅子情報が想定よりも足りていません (CODE=31): 不足数1台"
time=23:07:07.751 level=WARN msg="付近の椅子情報が想定よりも足りていません (CODE=31): 不足数1台"
time=23:07:07.779 level=WARN msg="付近の椅子情報が想定よりも足りていません (CODE=31): 不足数3台"
time=23:07:07.780 level=WARN msg="付近の椅子情報が想定よりも足りていません (CODE=31): 不足数3台"
time=23:07:07.839 level=WARN msg="付近の椅子情報が想定よりも足りていません (CODE=31): 不足数1台"
time=23:07:07.850 level=WARN msg="付近の椅子情報が想定よりも足りていません (CODE=31): 不足数1台"
time=23:07:07.937 level=WARN msg="付近の椅子情報が想定よりも足りていません (CODE=31): 不足数4台"
time=23:07:09.573 level=INFO msg=最終地域情報 名前=チェアタウン ユーザー登録数=224 アクティブユーザー数=168
time=23:07:09.573 level=INFO msg=最終地域情報 名前=コシカケシティ ユーザー登録数=158 アクティブユーザー数=116
time=23:07:09.573 level=INFO msg=最終オーナー情報 名前="Artisan Seats" 売上=1532800 椅子数=58
time=23:07:09.573 level=INFO msg=最終オーナー情報 名前="CraftChair Co., Ltd." 売上=1658500 椅子数=62
time=23:07:09.573 level=INFO msg=最終オーナー情報 名前=おもてなしタクシー 売上=1405000 椅子数=55
time=23:07:09.573 level=INFO msg=最終オーナー情報 名前="LuxeLine Taxi" 売上=1332200 椅子数=51
time=23:07:09.573 level=INFO msg=最終オーナー情報 名前=快旅タクシー 売上=1690400 椅子数=61
time=23:07:09.573 level=INFO msg=11.7%のライドは椅子がマッチされるまでの時間、31.7%のライドはマッチされた椅子が乗車地点までに掛かる時間、79.5%のライドは椅子の実移動時間に不満がありました
time=23:07:09.573 level=INFO msg=結果 pass=false スコア=84613 種別エラー数="map[1:97 2:6 3:26 5:26 7:30 8:1 13:2 17:19 22:1 25:1 30:2 31:13]"
time=23:07:09.573 level=INFO msg=負荷走行が終了しました
time=23:07:09.573 level=ERROR source=/tmp/isucon14/bench/cmd/run.go:138 msg=発生したエラー errors="[load:\n    github.com/isucon/isucandar.(*BenchmarkStep).AddError\n        /root/go/pkg/mod/github.com/isucon/isucandar@v0.0.0-20220322062028-6dd56dc57d72/benchmark_step.go:30\n    github.com/isucon/isucandar.(*Benchmark).Start.func3.func1\n        /root/go/pkg/mod/github.com/isucon/isucandar@v0.0.0-20220322062028-6dd56dc57d72/benchmark.go:132\n    github.com/isucon/isucandar/parallel.(*Parallel).Do.func1\n        /root/go/pkg/mod/github.com/isucon/isucandar@v0.0.0-20220322062028-6dd56dc57d72/parallel/parallel.go:68\n  - 発生しているエラーが多すぎます]"
