2026-10-07T14:06:05+00:00
COMMAND         %CPU   RSS
mysqld           0.2 547292
nginx            0.2 17276
nginx            0.2 17204
sh               0.0  1588
isuride          0.0  9108
kworker/u4:3-fl  0.0     0
kworker/0:0-eve  0.0     0
rcu_preempt      0.0     0
kworker/u4:1-ex  0.0     0
2026-10-07T14:06:07+00:00
COMMAND         %CPU   RSS
bench            8.0 44984
isuride          0.2 13620
mysqld           0.2 582924
nginx            0.2 17276
nginx            0.2 17204
sh               0.0  1588
kworker/u4:3-fl  0.0     0
kworker/0:0-eve  0.0     0
rcu_preempt      0.0     0
2026-10-07T14:06:09+00:00
COMMAND         %CPU   RSS
bench            8.9 57244
isuride          1.2 15748
mysqld           0.2 583188
nginx            0.2 17276
nginx            0.2 17204
sh               0.0  1588
kworker/u4:3-fl  0.0     0
kworker/0:0-mm_  0.0     0
rcu_preempt      0.0     0
2026-10-07T14:06:11+00:00
COMMAND         %CPU   RSS
bench           12.2 83480
isuride          2.5 17176
mysqld           0.2 584024
nginx            0.2 17276
nginx            0.2 17204
kworker/u4:4-ex  0.0     0
sh               0.0  1588
kworker/u4:3-fl  0.0     0
kworker/0:0-eve  0.0     0
2026-10-07T14:06:13+00:00
COMMAND         %CPU   RSS
bench           16.0 121316
isuride          3.7 19748
mysqld           0.2 584764
nginx            0.2 17276
nginx            0.2 17204
kworker/u4:4-ev  0.0     0
kworker/u4:3-fl  0.0     0
sh               0.0  1588
kworker/0:0-mm_  0.0     0
2026-10-07T14:06:15+00:00
COMMAND         %CPU   RSS
bench           18.9 160608
isuride          5.0 22020
mysqld           0.2 586664
nginx            0.2 17276
nginx            0.2 17204
kworker/u4:4-ex  0.0     0
kworker/u4:3-fl  0.0     0
kworker/0:0-mm_  0.0     0
sh               0.0  1588
2026-10-07T14:06:17+00:00
COMMAND         %CPU   RSS
bench           20.3 196332
isuride          6.4 25152
mysqld           0.2 589152
nginx            0.2 17276
nginx            0.2 17204
kworker/u4:4-ex  0.0     0
kworker/u4:3-fl  0.0     0
kworker/0:0-eve  0.0     0
rcu_preempt      0.0     0
2026-10-07T14:06:19+00:00
COMMAND         %CPU   RSS
bench           21.8 214200
isuride          7.9 27668
mysqld           0.2 590320
nginx            0.2 17276
nginx            0.2 17204
kworker/u4:4-ev  0.0     0
kworker/u4:3-fl  0.0     0
kworker/0:0-eve  0.0     0
rcu_preempt      0.0     0
2026-10-07T14:06:21+00:00
COMMAND         %CPU   RSS
head            40.0  1712
bench           23.1 249132
ps              20.0  3784
curl            10.7 12336
isuride          9.1 28700
mysqld           0.2 590788
nginx            0.2 17276
nginx            0.2 17204
kworker/u4:4-ev  0.1     0
2026-10-07T14:06:23+00:00
COMMAND         %CPU   RSS
curl            25.0 11588
bench           23.5 249604
isuride         10.3 29260
mysqld           0.2 591608
nginx            0.2 17276
nginx            0.2 17204
kworker/u4:4-ev  0.1     0
kworker/u4:3-fl  0.0     0
kworker/0:0-eve  0.0     0
2026-10-07T14:06:25+00:00
COMMAND         %CPU   RSS
bench           24.4 283408
isuride         11.4 32372
curl             9.0 12344
mysqld           0.2 593072
nginx            0.2 17276
nginx            0.2 17204
kworker/u4:4-ev  0.1     0
kworker/u4:3-fl  0.0     0
kworker/0:0-eve  0.0     0
2026-10-07T14:06:27+00:00
COMMAND         %CPU   RSS
bench           24.7 286224
isuride         12.3 33196
mysqld           0.2 593800
nginx            0.2 17276
nginx            0.2 17204
kworker/u4:4-ev  0.1     0
kworker/u4:3-fl  0.0     0
kworker/0:0-eve  0.0     0
rcu_preempt      0.0     0
2026-10-07T14:06:29+00:00
COMMAND         %CPU   RSS
bench           25.2 313996
isuride         13.2 34412
mysqld           0.2 594968
nginx            0.2 17276
nginx            0.2 17204
kworker/u4:4-ev  0.1     0
kworker/u4:3-fl  0.0     0
kworker/0:0-mm_  0.0     0
rcu_preempt      0.0     0
2026-10-07T14:06:31+00:00
COMMAND         %CPU   RSS
bench           26.0 348188
isuride         14.0 38332
mysqld           0.2 595208
nginx            0.2 17276
nginx            0.2 17204
kworker/u4:4-ev  0.1     0
kworker/u4:3-fl  0.0     0
kworker/0:0-mm_  0.0     0
rcu_preempt      0.0     0
2026-10-07T14:06:33+00:00
COMMAND         %CPU   RSS
bench           26.3 348756
isuride         14.7 39668
mysqld           0.2 596056
nginx            0.2 17772
nginx            0.2 17268
kworker/u4:4-ev  0.1     0
kworker/u4:3-fl  0.0     0
kworker/0:0-eve  0.0     0
rcu_preempt      0.0     0
2026-10-07T14:06:35+00:00
COMMAND         %CPU   RSS
bench           26.9 400040
isuride         15.5 40932
mysqld           0.2 597068
nginx            0.2 18028
nginx            0.2 17888
kworker/u4:4-ev  0.1     0
kworker/u4:3-fl  0.0     0
kworker/0:0-eve  0.0     0
rcu_preempt      0.0     0
2026-10-07T14:06:37+00:00
COMMAND         %CPU   RSS
bench           27.3 406168
isuride         16.2 42892
mysqld           0.2 597504
nginx            0.2 18852
nginx            0.2 18276
kworker/u4:4-ev  0.1     0
kworker/u4:3-fl  0.0     0
kworker/0:0-eve  0.0     0
rcu_preempt      0.0     0
2026-10-07T14:06:39+00:00
COMMAND         %CPU   RSS
bench           27.5 413892
isuride         16.8 43940
mysqld           0.2 597988
nginx            0.2 19176
nginx            0.2 18724
kworker/u4:4-ev  0.1     0
kworker/u4:3-fl  0.0     0
kworker/0:0-eve  0.0     0
rcu_preempt      0.0     0
2026-10-07T14:06:41+00:00
COMMAND         %CPU   RSS
bench           28.0 465780
isuride         17.3 45276
mysqld           0.2 599032
nginx            0.2 19468
nginx            0.2 19624
kworker/u4:4-ev  0.1     0
kworker/u4:3-fl  0.0     0
kworker/0:0-eve  0.0     0
rcu_preempt      0.0     0
2026-10-07T14:06:43+00:00
COMMAND         %CPU   RSS
bench           28.2 470160
isuride         17.8 47284
mysqld           0.2 599780
nginx            0.2 19720
nginx            0.2 19972
kworker/u4:4-ex  0.1     0
kworker/u4:3-fl  0.0     0
kworker/0:0-eve  0.0     0
rcu_preempt      0.0     0
2026-10-07T14:06:45+00:00
COMMAND         %CPU   RSS
bench           28.2 473388
isuride         18.3 49268
mysqld           0.2 600184
nginx            0.2 20308
nginx            0.2 20588
kworker/u4:4-ev  0.1     0
kworker/u4:3-fl  0.0     0
kworker/0:0-eve  0.0     0
rcu_preempt      0.0     0
2026-10-07T14:06:47+00:00
COMMAND         %CPU   RSS
bench           28.2 485000
isuride         18.8 49668
curl             8.0 12344
mysqld           0.2 600716
nginx            0.2 20616
nginx            0.2 21128
kworker/u4:4-ex  0.2     0
kworker/u4:3-fl  0.0     0
kworker/0:0-eve  0.0     0
2026-10-07T14:06:49+00:00
COMMAND         %CPU   RSS
bench           28.6 519552
isuride         19.1 50700
curl             8.6 12344
mysqld           0.2 602284
nginx            0.2 20948
nginx            0.2 21332
kworker/u4:4-ev  0.1     0
kworker/u4:3-fl  0.0     0
kworker/0:0-eve  0.0     0
2026-10-07T14:06:51+00:00
COMMAND         %CPU   RSS
bench           28.6 519932
isuride         19.5 51764
curl            11.1 12344
mysqld           0.2 603024
nginx            0.2 21448
nginx            0.2 21644
kworker/u4:4-ev  0.2     0
kworker/u4:3-fl  0.0     0
kworker/0:0-eve  0.0     0
2026-10-07T14:06:53+00:00
COMMAND         %CPU   RSS
curl            33.3 11980
bench           28.6 521104
isuride         19.9 52464
mysqld           0.2 604436
nginx            0.2 21652
nginx            0.2 21732
kworker/u4:4-ex  0.2     0
kworker/u4:3-fl  0.0     0
kworker/0:0-eve  0.0     0
2026-10-07T14:06:55+00:00
COMMAND         %CPU   RSS
bench           28.7 538644
isuride         20.2 55604
curl             9.0 12344
mysqld           0.2 604524
nginx            0.2 22192
nginx            0.2 22368
kworker/u4:4-ex  0.2     0
kworker/u4:3-fl  0.0     0
kworker/0:0-eve  0.0     0
2026-10-07T14:06:57+00:00
COMMAND         %CPU   RSS
bench           28.8 567904
isuride         20.5 54152
curl             3.3 12344
mysqld           0.2 605392
nginx            0.2 22500
nginx            0.2 22368
kworker/u4:4-ex  0.2     0
kworker/u4:3-fl  0.0     0
kworker/0:0-eve  0.0     0
2026-10-07T14:06:59+00:00
COMMAND         %CPU   RSS
bench           28.9 573812
isuride         20.8 54704
mysqld           0.2 605956
nginx            0.2 23052
nginx            0.2 22796
kworker/u4:4-ex  0.2     0
kworker/u4:3-fl  0.0     0
kworker/0:0-eve  0.0     0
rcu_preempt      0.0     0
2026-10-07T14:07:01+00:00
COMMAND         %CPU   RSS
bench           28.9 585456
isuride         21.0 55684
mysqld           0.2 607440
nginx            0.2 23172
nginx            0.2 22884
kworker/u4:4-ev  0.2     0
kworker/0:0-eve  0.0     0
kworker/u4:3-fl  0.0     0
rcu_preempt      0.0     0
2026-10-07T14:07:03+00:00
COMMAND         %CPU   RSS
bench           29.1 611736
isuride         21.2 55768
mysqld           0.2 607592
nginx            0.2 23588
nginx            0.2 23456
kworker/u4:4-ev  0.2     0
kworker/0:0-eve  0.0     0
kworker/u4:3-fl  0.0     0
rcu_preempt      0.0     0
2026-10-07T14:07:05+00:00
COMMAND         %CPU   RSS
bench           28.7 612108
isuride         21.2 56264
mysqld           0.2 608272
nginx            0.2 23728
nginx            0.2 23548
kworker/u4:4-fl  0.2     0
kworker/0:0-eve  0.0     0
rcu_preempt      0.0     0
kworker/u4:3-fl  0.0     0
2026-10-07T14:07:07+00:00
COMMAND         %CPU   RSS
bench           27.9 612296
isuride         20.8 56264
mysqld           0.2 608272
nginx            0.2 23728
nginx            0.2 23548
kworker/u4:4-wr  0.2     0
kworker/0:0-eve  0.0     0
rcu_preempt      0.0     0
kworker/u4:3-fl  0.0     0
