procs -----------memory---------- ---swap-- -----io---- -system-- -------cpu------- -----timestamp-----
 r  b   swpd   free   buff  cache   si   so    bi    bo   in   cs us sy id wa st gu                 UTC
 4  0      0 1522736  97340 1631352    0    0     3    13  336    1  3  1 96  0  0  0 2026-10-07 14:06:05
 0  1      0 1483736  97340 1618164    0    0     0 42884 9640 18391 24 15 38 23  0  0 2026-10-07 14:06:06
 8  0      0 1454784  97340 1633208    0    0     0 24724 13177 29634 22 10 60  8  0  0 2026-10-07 14:06:07
 0  0      0 1449240  97340 1633840    0    0     0  8364 10132 27996 14 10 72  4  0  0 2026-10-07 14:06:08
 0  0      0 1443212  97340 1634668    0    0     0 12456 14592 43199 21 15 60  4  0  0 2026-10-07 14:06:09
 8  0      0 1437468  97340 1635944    0    0     0 15404 18102 58797 23 20 53  4  0  0 2026-10-07 14:06:10
 7  1      0 1428444  97340 1638668    0    0     0 18360 18728 66120 29 23 45  3  0  0 2026-10-07 14:06:11
16  0      0 1407056  97340 1640332    0    0     0 17124 19611 67686 35 24 37  4  0  0 2026-10-07 14:06:12
 4  1      0 1382140  97340 1643480    0    0     0 23220 21495 77534 37 29 29  5  0  0 2026-10-07 14:06:13
13  2      0 1363964  97340 1646764    0    0     0 21892 20171 76009 38 28 31  4  0  0 2026-10-07 14:06:14
31  0      0 1332496  97340 1649296    0    0     0 24012 23426 87167 46 30 18  5  0  0 2026-10-07 14:06:15
25  1      0 1311704  97340 1651656    0    0     0 20664 19852 74741 41 29 25  5  0  0 2026-10-07 14:06:16
10  1      0 1282248  97340 1654684    0    0     0 22024 18846 72931 51 36  8  6  0  0 2026-10-07 14:06:17
18  1      0 1258844  97340 1656808    0    0     0 19892 18408 67055 51 36  7  6  0  0 2026-10-07 14:06:18
26  0      0 1254364  97340 1659020    0    0     0 20072 18911 73538 51 37  8  4  0  0 2026-10-07 14:06:19
32  1      0 1219808  97340 1661044    0    0     0 21164 18321 68659 53 34  6  6  0  0 2026-10-07 14:06:20
16  1      0 1214556  97340 1661556    0    0    68  8708 6098 18856 54 40  4  2  0  0 2026-10-07 14:06:21
53  1      0 1210316  97340 1662820    0    0     0 12936 10943 41728 59 36  3  2  0  0 2026-10-07 14:06:22
14  0      0 1206820  97340 1665384    0    0     0 27708 21840 89518 52 35  8  5  0  0 2026-10-07 14:06:23
14  1      0 1202444  97340 1667504    0    0     0 20084 15672 64210 55 38  3  4  0  0 2026-10-07 14:06:24
33  1      0 1162672  97340 1669956    0    0     0 21996 17877 76234 53 38  6  3  0  0 2026-10-07 14:06:25
procs -----------memory---------- ---swap-- -----io---- -system-- -------cpu------- -----timestamp-----
 r  b   swpd   free   buff  cache   si   so    bi    bo   in   cs us sy id wa st gu                 UTC
42  0      0 1153348  97340 1673608    0    0     0 24080 19946 82066 52 34  6  8  0  0 2026-10-07 14:06:26
27  0      0 1149484  97340 1676740    0    0     0 21784 19406 72551 52 35  6  6  0  0 2026-10-07 14:06:27
30  0      0 1130360  97340 1679468    0    0     0 23872 19804 82619 55 35  5  5  0  0 2026-10-07 14:06:28
27  1      0 1111776  97340 1682092    0    0     0 20848 19370 76771 57 34  5  4  0  0 2026-10-07 14:06:29
12  1      0 1105000  97340 1684624    0    0     0 23520 18721 78913 55 35  4  6  0  0 2026-10-07 14:06:30
 8  1      0 1067772  97340 1687352    0    0     0 21624 19282 77052 56 36  5  3  0  0 2026-10-07 14:06:31
11  0      0 1062984  97340 1689424    0    0     0 16652 16040 61178 57 36  4  3  0  0 2026-10-07 14:06:32
19  1      0 1059484  97340 1691936    0    0     0 25840 16822 71089 59 34  4  4  0  0 2026-10-07 14:06:33
38  1      0 1053844  97340 1694052    0    0     0 19708 16329 68373 55 34  6  5  0  0 2026-10-07 14:06:34
55  0      0 1010536  97340 1696700    0    0     0 18616 17027 74620 52 40  5  3  0  0 2026-10-07 14:06:35
31  1      0 987564  97340 1700088    0    0     0 24476 18070 70713 59 36  3  2  0  0 2026-10-07 14:06:36
14  0      0 983028  97340 1702220    0    0     0 19336 15185 62292 56 38  3  3  0  0 2026-10-07 14:06:37
33  0      0 978804  97340 1704512    0    0     0 20376 18759 74969 57 35  5  3  0  0 2026-10-07 14:06:38
20  1      0 973064  97340 1707004    0    0     0 21488 17996 71825 56 35  5  4  0  0 2026-10-07 14:06:39
36  0      0 954920  97340 1710388    0    0     0 24572 17885 73535 55 35  4  6  0  0 2026-10-07 14:06:40
40  0      0 916616  97340 1712988    0    0     0 25376 16530 75392 52 39  4  5  0  0 2026-10-07 14:06:41
15  1      0 897464  97340 1715216    0    0     0 19832 16448 65769 58 37  2  4  0  0 2026-10-07 14:06:42
28  1      0 897244  97340 1717344    0    0     0 22128 18446 74324 56 33  5  5  0  0 2026-10-07 14:06:43
42  1      0 889500  97340 1719904    0    0     0 27168 17390 74840 57 35  3  5  0  0 2026-10-07 14:06:44
22  1      0 882776  97340 1722212    0    0     0 21684 18039 76729 54 38  5  3  0  0 2026-10-07 14:06:45
39  1      0 877516  97340 1724520    0    0     0 21124 18286 77034 56 36  4  3  0  0 2026-10-07 14:06:46
procs -----------memory---------- ---swap-- -----io---- -system-- -------cpu------- -----timestamp-----
 r  b   swpd   free   buff  cache   si   so    bi    bo   in   cs us sy id wa st gu                 UTC
20  1      0 872984  97340 1726384    0    0     0 18628 16115 58987 56 36  4  5  0  0 2026-10-07 14:06:47
 8  1      0 844004  97340 1728956    0    0     0 22472 16877 68354 55 36  4  5  0  0 2026-10-07 14:06:48
31  1      0 821884  97340 1731136    0    0     0 23192 15302 67121 59 35  2  4  0  0 2026-10-07 14:06:49
44  1      0 820484  97340 1732328    0    0     0 22580 17251 71173 58 32  5  5  0  0 2026-10-07 14:06:50
11  1      0 816704  97340 1733512    0    0     0 20068 18111 74949 59 34  4  3  0  0 2026-10-07 14:06:51
 8  0      0 811428  97340 1734412    0    0     0 17752 14795 58336 57 38  3  2  0  0 2026-10-07 14:06:52
38  0      0 807904  97340 1736472    0    0     0 23128 17729 72259 59 33  3  5  0  0 2026-10-07 14:06:53
16  1      0 804180  97340 1737512    0    0     0 25512 17734 76464 57 37  3  3  0  0 2026-10-07 14:06:54
18  1      0 806656  97340 1738912    0    0     0 22152 18308 76964 59 34  4  4  0  0 2026-10-07 14:06:55
27  0      0 762904  97340 1740156    0    0     0 21508 20746 85546 61 32  5  2  0  0 2026-10-07 14:06:56
22  0      0 757896  97340 1741436    0    0     0 21296 18614 75925 62 31  6  2  0  0 2026-10-07 14:06:57
51  0      0 754896  97340 1742656    0    0     0 22136 18949 80478 65 32  3  1  0  0 2026-10-07 14:06:58
21  0      0 748756  97340 1744144    0    0     0 24224 18195 80678 62 30  6  3  0  0 2026-10-07 14:06:59
37  0      0 741700  97340 1745352    0    0     0 23844 19312 78692 62 30  5  2  0  0 2026-10-07 14:07:00
44  1      0 724088  97340 1754664    0    0     0 32072 18789 76163 59 32  5  4  0  0 2026-10-07 14:07:01
10  0      0 696876  97340 1755692    0    0     0 22012 17008 61562 61 32  5  2  0  0 2026-10-07 14:07:02
55  0      0 689068  97340 1757616    0    0     0 20472 15964 63156 64 31  3  3  0  0 2026-10-07 14:07:03
 9  2      0 685076  97340 1759940    0    0     0 27772 19675 76376 64 30  5  2  0  0 2026-10-07 14:07:04
 0  0      0 679280  97340 1760612    0    0     0 19616 20196 69883 46 26 24  4  0  0 2026-10-07 14:07:05
 6  0      0 679280  97340 1760636    0    0     0  5700 11878 25958  9  8 81  2  0  0 2026-10-07 14:07:06
 0  0      0 677516  97340 1760648    0    0     0  4592 8199 16154  5  4 90  1  0  0 2026-10-07 14:07:07
procs -----------memory---------- ---swap-- -----io---- -system-- -------cpu------- -----timestamp-----
 r  b   swpd   free   buff  cache   si   so    bi    bo   in   cs us sy id wa st gu                 UTC
 0  0      0 677264  97340 1760652    0    0     0     0 7019 14639  4  2 94  0  0  0 2026-10-07 14:07:08
 0  0      0 677264  97340 1760652    0    0     0     0 7714 15155  4  3 94  0  0  0 2026-10-07 14:07:09
