2026-09-26T15:00:14+00:00
COMMAND         %CPU   RSS
mysqld          14.6 1082556
nginx            0.8 14428
nginx            0.8 14364
systemd-journal  0.4 264576
rsyslogd         0.2  5376
jbd2/sda1-8      0.2     0
rcu_preempt      0.1     0
kworker/0:1H-kb  0.0     0
kworker/1:1H-kb  0.0     0
2026-09-26T15:00:16+00:00
COMMAND         %CPU   RSS
mysqld          14.6 1084460
bench            9.5 49852
isuride          1.0 15148
nginx            0.8 14428
nginx            0.8 14364
systemd-journal  0.4 265244
rsyslogd         0.2  5376
jbd2/sda1-8      0.2     0
rcu_preempt      0.1     0
2026-09-26T15:00:18+00:00
COMMAND         %CPU   RSS
mysqld          14.6 1085772
bench           14.2 72772
isuride          3.3 16260
nginx            0.8 14428
nginx            0.8 14364
systemd-journal  0.4 266632
rsyslogd         0.2  5376
jbd2/sda1-8      0.2     0
rcu_preempt      0.1     0
2026-09-26T15:00:20+00:00
COMMAND         %CPU   RSS
bench           17.4 102312
mysqld          14.6 1088572
isuride          5.9 16952
nginx            0.8 14428
nginx            0.8 14364
systemd-journal  0.4 272044
rsyslogd         0.2  5376
jbd2/sda1-8      0.2     0
rcu_preempt      0.1     0
2026-09-26T15:00:22+00:00
COMMAND         %CPU   RSS
bench           19.5 130224
mysqld          14.6 1091236
isuride          8.4 18608
nginx            0.8 14428
nginx            0.8 14364
systemd-journal  0.4 274600
rsyslogd         0.2  5376
jbd2/sda1-8      0.2     0
rcu_preempt      0.1     0
2026-09-26T15:00:24+00:00
COMMAND         %CPU   RSS
bench           20.6 146176
mysqld          14.6 1094148
isuride         10.6 19320
nginx            0.8 14428
nginx            0.8 14364
systemd-journal  0.4 278268
kworker/u4:1-ex  0.3     0
rsyslogd         0.2  5376
jbd2/sda1-8      0.2     0
2026-09-26T15:00:26+00:00
COMMAND         %CPU   RSS
bench           20.8 166596
mysqld          14.6 1098096
isuride         12.5 20636
nginx            0.8 14428
nginx            0.8 14364
systemd-journal  0.4 282628
rsyslogd         0.2  5376
jbd2/sda1-8      0.2     0
kworker/u4:1-ex  0.2     0
2026-09-26T15:00:28+00:00
COMMAND         %CPU   RSS
bench           20.9 178656
mysqld          14.6 1102032
isuride         14.2 20876
nginx            0.8 14428
nginx            0.8 14364
systemd-journal  0.4 284616
rsyslogd         0.2  5376
jbd2/sda1-8      0.2     0
kworker/u4:1-ex  0.1     0
2026-09-26T15:00:30+00:00
COMMAND         %CPU   RSS
bench           20.9 187916
isuride         15.8 21208
mysqld          14.6 1104656
nginx            0.8 14428
nginx            0.8 14364
systemd-journal  0.4 289012
rsyslogd         0.2  5376
jbd2/sda1-8      0.2     0
kworker/u4:1-ex  0.1     0
2026-09-26T15:00:32+00:00
COMMAND         %CPU   RSS
bench           20.8 197384
isuride         17.4 22252
mysqld          14.6 1107032
nginx            0.8 14428
nginx            0.8 14364
systemd-journal  0.4 289012
rsyslogd         0.2  5376
jbd2/sda1-8      0.2     0
rcu_preempt      0.1     0
2026-09-26T15:00:34+00:00
COMMAND         %CPU   RSS
bench           21.1 203540
isuride         18.7 23676
mysqld          14.7 1114112
nginx            0.8 14428
nginx            0.8 14364
systemd-journal  0.4 289012
rsyslogd         0.2  5376
jbd2/sda1-8      0.2     0
rcu_preempt      0.1     0
2026-09-26T15:00:36+00:00
COMMAND         %CPU   RSS
bench           21.3 213952
isuride         19.7 23728
mysqld          14.7 1115916
nginx            0.8 14428
nginx            0.8 14364
systemd-journal  0.4 289012
rsyslogd         0.2  5376
jbd2/sda1-8      0.2     0
kworker/u4:1-ex  0.1     0
2026-09-26T15:00:38+00:00
COMMAND         %CPU   RSS
bench           21.2 231728
isuride         20.8 23728
mysqld          14.7 1117432
nginx            0.8 14428
nginx            0.8 14364
systemd-journal  0.4 290488
rsyslogd         0.2  5376
jbd2/sda1-8      0.2     0
kworker/u4:1-ex  0.1     0
2026-09-26T15:00:40+00:00
COMMAND         %CPU   RSS
isuride         21.7 24076
bench           21.2 231808
mysqld          14.7 1119300
nginx            0.8 14412
nginx            0.8 14348
systemd-journal  0.4 292764
rsyslogd         0.2  5264
jbd2/sda1-8      0.2     0
kworker/u4:1-ev  0.2     0
2026-09-26T15:00:42+00:00
COMMAND         %CPU   RSS
isuride         22.6 25448
bench           21.3 250888
mysqld          14.7 1120636
curl             3.7 12348
nginx            0.8 14412
nginx            0.8 14348
systemd-journal  0.4 297652
rsyslogd         0.2  5264
jbd2/sda1-8      0.2     0
2026-09-26T15:00:44+00:00
COMMAND         %CPU   RSS
isuride         23.4 25360
bench           21.4 265500
mysqld          14.7 1122880
nginx            0.8 14412
nginx            0.8 14348
systemd-journal  0.4 300048
rsyslogd         0.2  5264
jbd2/sda1-8      0.2     0
kworker/u4:1-ex  0.2     0
2026-09-26T15:00:46+00:00
COMMAND         %CPU   RSS
isuride         24.0 26792
bench           21.4 266780
mysqld          14.7 1124196
nginx            0.8 14412
nginx            0.8 14348
systemd-journal  0.4 301956
rsyslogd         0.2  5264
jbd2/sda1-8      0.2     0
kworker/u4:1-ex  0.2     0
2026-09-26T15:00:48+00:00
COMMAND         %CPU   RSS
isuride         24.7 27404
bench           21.6 287852
mysqld          14.7 1125152
nginx            0.8 14412
nginx            0.8 14348
systemd-journal  0.4 307528
rsyslogd         0.2  5264
jbd2/sda1-8      0.2     0
kworker/u4:1-ev  0.1     0
2026-09-26T15:00:50+00:00
COMMAND         %CPU   RSS
isuride         25.2 27360
bench           21.6 290152
mysqld          14.7 1126596
curl             5.0 12324
nginx            0.8 14412
nginx            0.8 14348
systemd-journal  0.4 164652
rsyslogd         0.2  5264
jbd2/sda1-8      0.2     0
2026-09-26T15:00:52+00:00
COMMAND         %CPU   RSS
isuride         25.7 25148
bench           21.7 305584
mysqld          14.7 1128792
nginx            0.8 14412
nginx            0.8 14348
systemd-journal  0.4 167376
rsyslogd         0.2  5264
kworker/u4:1-ev  0.2     0
jbd2/sda1-8      0.2     0
2026-09-26T15:00:54+00:00
COMMAND         %CPU   RSS
isuride         26.2 29800
bench           21.7 308532
mysqld          14.7 1129580
nginx            0.8 14412
nginx            0.8 14348
systemd-journal  0.4 167376
kworker/u4:1-ev  0.2     0
rsyslogd         0.2  5264
jbd2/sda1-8      0.2     0
2026-09-26T15:00:56+00:00
COMMAND         %CPU   RSS
isuride         26.6 30480
bench           22.0 333856
mysqld          14.7 1130752
nginx            0.8 14412
nginx            0.8 14348
systemd-journal  0.4 167376
kworker/u4:1-ex  0.2     0
rsyslogd         0.2  5264
jbd2/sda1-8      0.2     0
2026-09-26T15:00:58+00:00
COMMAND         %CPU   RSS
isuride         27.1 32080
bench           22.0 339144
mysqld          14.8 1130928
nginx            0.8 14412
nginx            0.8 14348
systemd-journal  0.4 167376
kworker/u4:1-ex  0.2     0
rsyslogd         0.2  5264
jbd2/sda1-8      0.2     0
2026-09-26T15:01:00+00:00
COMMAND         %CPU   RSS
isuride         27.5 33536
bench           22.1 365140
mysqld          14.8 1132312
nginx            0.8 14412
nginx            0.8 14348
systemd-journal  0.4 167376
kworker/u4:1-ev  0.3     0
rsyslogd         0.2  5264
jbd2/sda1-8      0.2     0
2026-09-26T15:01:02+00:00
COMMAND         %CPU   RSS
isuride         27.9 33800
bench           22.1 365336
mysqld          14.8 1132376
curl             1.2 12316
nginx            0.8 14412
nginx            0.8 14348
systemd-journal  0.4 167376
kworker/u4:1-ev  0.2     0
rsyslogd         0.2  5264
2026-09-26T15:01:04+00:00
COMMAND         %CPU   RSS
isuride         28.3 34828
bench           22.1 389280
mysqld          14.8 1132512
nginx            0.8 14640
nginx            0.8 14364
systemd-journal  0.4 167376
kworker/u4:1-wr  0.3     0
rsyslogd         0.2  5264
jbd2/sda1-8      0.2     0
2026-09-26T15:01:06+00:00
COMMAND         %CPU   RSS
isuride         28.7 34760
bench           22.2 404536
mysqld          14.8 1133420
nginx            0.8 14832
nginx            0.8 14452
systemd-journal  0.4 167376
kworker/u4:1-ev  0.3     0
rsyslogd         0.2  5264
jbd2/sda1-8      0.2     0
2026-09-26T15:01:08+00:00
COMMAND         %CPU   RSS
isuride         29.0 34532
bench           22.2 405588
mysqld          14.8 1134616
nginx            0.8 15160
nginx            0.8 14800
systemd-journal  0.4 168152
kworker/u4:1-ev  0.2     0
rsyslogd         0.2  5264
jbd2/sda1-8      0.2     0
2026-09-26T15:01:10+00:00
COMMAND         %CPU   RSS
isuride         29.3 33264
bench           22.1 430004
mysqld          14.8 1134668
nginx            0.8 15336
nginx            0.8 14996
systemd-journal  0.4 169788
kworker/u4:1-ev  0.2     0
rsyslogd         0.2  5264
jbd2/sda1-8      0.2     0
2026-09-26T15:01:12+00:00
COMMAND         %CPU   RSS
isuride         29.6 37476
bench           22.2 438904
mysqld          14.8 1135956
nginx            0.8 15816
nginx            0.8 15100
systemd-journal  0.4 175124
kworker/u4:1-ev  0.2     0
rsyslogd         0.2  5264
jbd2/sda1-8      0.2     0
2026-09-26T15:01:14+00:00
COMMAND         %CPU   RSS
isuride         29.8 39072
bench           22.2 441776
mysqld          14.8 1137020
nginx            0.8 15984
nginx            0.8 15244
systemd-journal  0.4 176860
kworker/u4:1-ev  0.2     0
rsyslogd         0.2  5264
jbd2/sda1-8      0.2     0
2026-09-26T15:01:16+00:00
COMMAND         %CPU   RSS
isuride         30.1 34188
bench           22.1 449648
mysqld          14.8 1137328
nginx            0.8 15988
nginx            0.8 15288
systemd-journal  0.4 181388
kworker/u4:1-ev  0.2     0
rsyslogd         0.2  5264
jbd2/sda1-8      0.2     0
2026-09-26T15:01:18+00:00
COMMAND         %CPU   RSS
isuride         30.4 32680
bench           22.0 465388
mysqld          14.8 1137328
nginx            0.8 15988
nginx            0.8 15288
systemd-journal  0.4 184024
kworker/u4:1-ev  0.2     0
rsyslogd         0.2  5264
jbd2/sda1-8      0.2     0
