procs -----------memory---------- ---swap-- -----io---- -system-- -------cpu------- -----timestamp-----
 r  b   swpd   free   buff  cache   si   so    bi    bo   in   cs us sy id wa st gu                 UTC
 1  1      0 436192  68540 2243668    0    0    61  2341 2617   46 10  5 85  0  0  0 2026-09-26 15:00:14
 1  0      0 367904  68548 2275716    0    0   140 64164 18126 39211 32 13 40 16  0  0 2026-09-26 15:00:15
11  0      0 364180  68548 2277276    0    0     0 10924 23096 69397 24 19 55  3  0  0 2026-09-26 15:00:16
 6  0      0 359196  68548 2279012    0    0     0 17276 27534 94592 39 27 32  3  0  0 2026-09-26 15:00:17
 4  0      0 346704  68548 2281400    0    0     4 21988 25969 107961 48 35 16  2  0  0 2026-09-26 15:00:18
21  0      0 324120  68548 2284056    0    0     0 25816 23209 102572 55 39  5  1  0  0 2026-09-26 15:00:19
13  0      0 308096  68548 2286908    0    0     0 44100 24099 108059 49 41  8  2  0  0 2026-09-26 15:00:20
19  0      0 291796  68548 2291176    0    0     4 30492 21485 104344 54 43  2  1  0  0 2026-09-26 15:00:21
23  1      0 264636  68548 2295104    0    0     0 30544 22520 106161 56 41  2  1  0  0 2026-09-26 15:00:22
 5  1      0 255600  68548 2299568    0    0    48 32224 23028 103437 55 44  1  0  0  0 2026-09-26 15:00:23
 7  0      0 235500  68548 2303308    0    0     0 29004 21483 97570 55 44  1  0  0  0 2026-09-26 15:00:24
35  1      0 219624  68548 2305956    0    0     0 54452 21404 97977 54 45  1  1  0  0 2026-09-26 15:00:25
28  0      0 204040  68548 2310052    0    0     4 30620 21303 100183 57 43  1  0  0  0 2026-09-26 15:00:26
19  0      0 195724  68548 2312804    0    0     0 29356 21825 96977 57 42  1  1  0  0 2026-09-26 15:00:27
17  1      0 179624  68548 2315556    0    0     0 30536 20649 98131 55 44  1  0  0  0 2026-09-26 15:00:28
18  0      0 171584  68548 2318908    0    0    32 29052 20618 94977 57 42  1  1  0  0 2026-09-26 15:00:29
29  1      0 159992  68548 2321640    0    0     4 28156 19239 100826 57 42  1  0  0  0 2026-09-26 15:00:30
13  0      0 154712  68548 2323736    0    0     0 30244 21169 101854 54 44  1  1  0  0 2026-09-26 15:00:31
47  0      0 145528  68548 2325924    0    0     0 36744 22211 101565 54 44  1  1  0  0 2026-09-26 15:00:32
42  1      0 130464  68548 2328068    0    0     0 33924 22185 99029 55 44  1  1  0  0 2026-09-26 15:00:33
14  2      0 124220  68548 2330424    0    0    20 27460 19956 91368 61 39  1  0  0  0 2026-09-26 15:00:34
procs -----------memory---------- ---swap-- -----io---- -system-- -------cpu------- -----timestamp-----
 r  b   swpd   free   buff  cache   si   so    bi    bo   in   cs us sy id wa st gu                 UTC
33  0      0 111804  68548 2332544    0    0     0 39528 18707 97328 59 42  0  0  0  0 2026-09-26 15:00:35
37  1      0 106872  68548 2336628    0    0     0 37276 20615 98286 60 40  1  0  0  0 2026-09-26 15:00:36
 9  1      0  97668  68548 2338996    0    0     0 28604 21262 101042 58 41  1  1  0  0 2026-09-26 15:00:37
40  1      0  80584  68548 2341552    0    0     4 30088 21163 98205 56 43  1  0  0  0 2026-09-26 15:00:38
 9  0      0  75640  68548 2344800    0    0     0 29200 20193 96426 57 42  1  0  0  0 2026-09-26 15:00:39
18  1      0  96988  67380 2327496    0    0     0 29684 19920 95768 59 41  1  1  0  0 2026-09-26 15:00:40
 7  1      0  72344  67380 2330640    0    0     0 50484 19428 94628 57 42  1  0  0  0 2026-09-26 15:00:41
 5  0      0 101288  66880 2300516    0    0   116 34620 22039 96482 57 42  1  1  0  0 2026-09-26 15:00:42
 7  1      0  95536  66880 2303576    0    0    16 28584 19681 93977 58 41  1  0  0  0 2026-09-26 15:00:43
30  1      0  78708  66880 2306208    0    0    16 35732 20381 97692 56 44  1  0  0  0 2026-09-26 15:00:44
22  0      0  88424  66820 2289944    0    0   764 30196 19555 92451 59 41  0  0  0  0 2026-09-26 15:00:45
11  1      0  82040  66820 2294500    0    0     0 27960 18627 95459 59 40  1  1  0  0 2026-09-26 15:00:46
42  1      0  74636  66820 2298652    0    0     4 28548 21093 94831 57 43  1  0  0  0 2026-09-26 15:00:47
41  0      0  89464  66736 2268768    0    0    44 29052 21729 95987 59 40  1  0  0  0 2026-09-26 15:00:48
19  0      0  81144  66740 2273316    0    0   648 29512 20437 93393 59 40  1  0  0  0 2026-09-26 15:00:49
 4  0      0  76756  66740 2276312    0    0     0 27212 20836 96644 59 40  1  0  0  0 2026-09-26 15:00:50
13  1      0  89052  67760 2260916    0    0  1912 77240 18411 86576 56 44  0  1  0  0 2026-09-26 15:00:51
62  0      0 100084  67744 2239912    0    0     4 29792 20598 91558 61 38  1  0  0  0 2026-09-26 15:00:52
35  0      0  90448  67744 2242080    0    0   400 26528 21266 94079 61 39  0  0  0  0 2026-09-26 15:00:53
24  0      0  79784  67744 2244920    0    0     0 29316 18812 90594 60 39  0  0  0  0 2026-09-26 15:00:54
13  1      0  74892  67744 2246552    0    0     0 27288 21898 93963 58 42  1  0  0  0 2026-09-26 15:00:55
procs -----------memory---------- ---swap-- -----io---- -system-- -------cpu------- -----timestamp-----
 r  b   swpd   free   buff  cache   si   so    bi    bo   in   cs us sy id wa st gu                 UTC
17  1      0  87000  67256 2216464    0    0     0 25244 21012 94962 60 40  0  0  0  0 2026-09-26 15:00:56
59  0      0  75276  67304 2218720    0    0    80 25908 19618 93623 60 39  1  0  0  0 2026-09-26 15:00:57
33  0      0  93104  67316 2197888    0    0     0 25456 20994 91717 60 39  1  0  0  0 2026-09-26 15:00:58
42  1      0  83464  67348 2199728    0    0     0 24560 22541 95085 61 39  0  1  0  0 2026-09-26 15:00:59
46  0      0  92536  67368 2168820    0    0     0 25664 18781 89863 61 39  1  0  0  0 2026-09-26 15:01:00
13  0      0  88296  67400 2170900    0    0    28 25572 18397 93262 63 37  1  0  0  0 2026-09-26 15:01:01
45  0      0  82556  67404 2172780    0    0     4 27024 20633 92347 60 40  1  0  0  0 2026-09-26 15:01:02
26  0      0  77476  67412 2174944    0    0     0 30648 20850 89638 63 37  0  0  0  0 2026-09-26 15:01:03
12  0      0  77388  67440 2164808    0    0     0 25192 19255 92888 60 39  1  1  0  0 2026-09-26 15:01:04
53  0      0  76556  67452 2142596    0    0     0 24308 19126 91570 63 37  0  0  0  0 2026-09-26 15:01:05
62  0      0  85540  67452 2136156    0    0     4 22000 18449 95354 63 37  0  0  0  0 2026-09-26 15:01:06
55  0      0  80316  67456 2135096    0    0     0 24260 18475 87163 62 37  0  0  0  0 2026-09-26 15:01:07
62  0      0  80660  67460 2135960    0    0     0 22940 19653 91253 61 39  0  0  0  0 2026-09-26 15:01:08
41  0      0  77380  67468 2134984    0    0     0 25356 20024 86016 63 37  0  0  0  0 2026-09-26 15:01:09
57  0      0  80260  67444 2116628    0    0     4 26380 19597 95897 59 41  1  0  0  0 2026-09-26 15:01:10
64  0      0  83056  67364 2095848    0    0     4 30452 18729 82995 65 35  0  0  0  0 2026-09-26 15:01:11
 7  1      0  81108  67376 2096576    0    0    12 30040 18987 91425 59 40  1  1  0  0 2026-09-26 15:01:12
31  1      0  72868  67384 2099692    0    0     0 31468 19532 88815 62 38  0  0  0  0 2026-09-26 15:01:13
35  0      0  77972  67388 2093248    0    0     0 28256 19579 90260 63 37  1  0  0  0 2026-09-26 15:01:14
19  0      0  82664  67396 2086824    0    0     0 25264 19150 88509 63 37  0  0  0  0 2026-09-26 15:01:15
26  0      0  77588  67396 2089632    0    0    16 17188 19701 98293 65 34  1  0  0  0 2026-09-26 15:01:16
procs -----------memory---------- ---swap-- -----io---- -system-- -------cpu------- -----timestamp-----
 r  b   swpd   free   buff  cache   si   so    bi    bo   in   cs us sy id wa st gu                 UTC
46  0      0  81572  67396 2071108    0    0     0  5212 18519 104780 70 28  3  0  0  0 2026-09-26 15:01:17
11  0      0  78904  67396 2074128    0    0     0  3500 19442 106908 67 30  4  0  0  0 2026-09-26 15:01:18
14  0      0  75556  67396 2079592    0    0     0  2132 16170 112936 68 29  3  0  0  0 2026-09-26 15:01:19
