time=00:58:09.722 level=DEBUG source=/tmp/isucon14/bench/cmd/run.go:90 msg=target targetURL=https://isuride.xiv.isucon.net targetAddr=127.0.0.1:443 benchrun.GetTargetAddress()="" paymentURL=http://127.0.0.1:12346
time=00:58:09.722 level=INFO msg=負荷走行を開始します
time=00:58:12.448 level=DEBUG source=/tmp/isucon14/bench/benchmarker/scenario/scenario.go:315 msg=時間経過 tick=60
time=00:58:12.448 level=DEBUG source=/tmp/isucon14/bench/benchmarker/scenario/scenario.go:317 msg=eval reqs=6 score="[0 0 0 4 2]" criteria="[6 2 6 6]"
time=00:58:14.229 level=INFO msg=一定の売上が立ったためオーナーの椅子が増加します 名前="Vintage Vibe Seats" 増加数=2
time=00:58:14.232 level=INFO msg=一定の売上が立ったためオーナーの椅子が増加します 名前=EcoChairs 増加数=1
time=00:58:14.234 level=INFO msg=一定の売上が立ったためオーナーの椅子が増加します 名前=ChairCycle 増加数=1
time=00:58:14.248 level=DEBUG source=/tmp/isucon14/bench/benchmarker/scenario/scenario.go:315 msg=時間経過 tick=120
time=00:58:14.248 level=DEBUG source=/tmp/isucon14/bench/benchmarker/scenario/scenario.go:317 msg=eval reqs=22 score="[0 0 0 15 7]" criteria="[22 7 22 22]"
time=00:58:16.035 level=INFO msg=一定の売上が立ったためオーナーの椅子が増加します 名前=再座堂 増加数=1
time=00:58:16.038 level=INFO msg=一定の売上が立ったためオーナーの椅子が増加します 名前=EcoChairs 増加数=1
time=00:58:16.038 level=INFO msg=一定の売上が立ったためオーナーの椅子が増加します 名前="Vintage Vibe Seats" 増加数=1
time=00:58:16.039 level=INFO msg=一定の売上が立ったためオーナーの椅子が増加します 名前=ChairCycle 増加数=2
time=00:58:16.048 level=INFO msg=これまでに地域内の評判によって7人、既存ユーザーの招待経由で33人が新規登録しました
time=00:58:16.048 level=INFO msg=0.0%のライドは椅子がマッチされるまでの時間、70.6%のライドはマッチされた椅子が乗車地点までに掛かる時間、0.0%のライドは椅子の実移動時間に不満がありました
time=00:58:16.048 level=DEBUG source=/tmp/isucon14/bench/benchmarker/scenario/scenario.go:315 msg=時間経過 tick=180
time=00:58:16.048 level=DEBUG source=/tmp/isucon14/bench/benchmarker/scenario/scenario.go:317 msg=eval reqs=34 score="[0 0 0 24 10]" criteria="[34 10 34 34]"
time=00:58:17.829 level=INFO msg=一定の売上が立ったためオーナーの椅子が増加します 名前=椅子工藝舎 増加数=1
time=00:58:17.835 level=INFO msg=一定の売上が立ったためオーナーの椅子が増加します 名前=EcoChairs 増加数=1
time=00:58:17.838 level=INFO msg=一定の売上が立ったためオーナーの椅子が増加します 名前=再座堂 増加数=1
time=00:58:17.838 level=INFO msg=一定の売上が立ったためオーナーの椅子が増加します 名前=ChairCycle 増加数=1
time=00:58:17.840 level=INFO msg=一定の売上が立ったためオーナーの椅子が増加します 名前="Vintage Vibe Seats" 増加数=1
time=00:58:17.848 level=DEBUG source=/tmp/isucon14/bench/benchmarker/scenario/scenario.go:315 msg=時間経過 tick=240
time=00:58:17.848 level=DEBUG source=/tmp/isucon14/bench/benchmarker/scenario/scenario.go:317 msg=eval reqs=50 score="[0 0 0 37 13]" criteria="[50 13 50 50]"
time=00:58:19.643 level=INFO msg=一定の売上が立ったためオーナーの椅子が増加します 名前=再座堂 増加数=1
time=00:58:19.644 level=INFO msg=一定の売上が立ったためオーナーの椅子が増加します 名前=椅子工藝舎 増加数=1
time=00:58:19.645 level=INFO msg=一定の売上が立ったためオーナーの椅子が増加します 名前="Vintage Vibe Seats" 増加数=2
time=00:58:19.646 level=INFO msg=一定の売上が立ったためオーナーの椅子が増加します 名前=EcoChairs 増加数=1
time=00:58:19.647 level=INFO msg=一定の売上が立ったためオーナーの椅子が増加します 名前=ChairCycle 増加数=1
time=00:58:19.648 level=DEBUG source=/tmp/isucon14/bench/benchmarker/scenario/scenario.go:315 msg=時間経過 tick=300
time=00:58:19.648 level=DEBUG source=/tmp/isucon14/bench/benchmarker/scenario/scenario.go:317 msg=eval reqs=68 score="[0 0 2 49 17]" criteria="[68 17 68 66]"
time=00:58:21.427 level=INFO msg=一定の売上が立ったためオーナーの椅子が増加します 名前=EcoChairs 増加数=2
time=00:58:21.443 level=INFO msg=一定の売上が立ったためオーナーの椅子が増加します 名前="Vintage Vibe Seats" 増加数=1
time=00:58:21.448 level=DEBUG source=/tmp/isucon14/bench/benchmarker/scenario/scenario.go:315 msg=時間経過 tick=360
time=00:58:21.449 level=DEBUG source=/tmp/isucon14/bench/benchmarker/scenario/scenario.go:317 msg=eval reqs=88 score="[0 0 10 60 18]" criteria="[83 23 88 78]"
time=00:58:21.449 level=INFO msg=これまでに地域内の評判によって19人、既存ユーザーの招待経由で75人が新規登録しました
time=00:58:21.449 level=INFO msg=5.7%のライドは椅子がマッチされるまでの時間、73.9%のライドはマッチされた椅子が乗車地点までに掛かる時間、5.7%のライドは椅子の実移動時間に不満がありました
time=00:58:21.478 level=INFO msg=一定の売上が立ったためオーナーの椅子が増加します 名前=再座堂 増加数=2
time=00:58:21.487 level=INFO msg=一定の売上が立ったためオーナーの椅子が増加します 名前=ChairCycle 増加数=2
time=00:58:23.248 level=DEBUG source=/tmp/isucon14/bench/benchmarker/scenario/scenario.go:315 msg=時間経過 tick=420
time=00:58:23.248 level=DEBUG source=/tmp/isucon14/bench/benchmarker/scenario/scenario.go:317 msg=eval reqs=105 score="[0 2 20 65 18]" criteria="[85 34 105 85]"
time=00:58:23.263 level=INFO msg=一定の売上が立ったためオーナーの椅子が増加します 名前=椅子工藝舎 増加数=1
time=00:58:23.263 level=INFO msg=一定の売上が立ったためオーナーの椅子が増加します 名前="Vintage Vibe Seats" 増加数=2
time=00:58:23.264 level=INFO msg=一定の売上が立ったためオーナーの椅子が増加します 名前=再座堂 増加数=1
time=00:58:23.264 level=INFO msg=一定の売上が立ったためオーナーの椅子が増加します 名前=ChairCycle 増加数=3
time=00:58:25.019 level=WARN msg="ユーザー登録に失敗しました (CODE=17): POST /api/app/usersへのリクエストに対して、期待されたHTTPステータスコードが確認できませんでした (expected:201, actual:500)"
time=00:58:25.048 level=DEBUG source=/tmp/isucon14/bench/benchmarker/scenario/scenario.go:315 msg=時間経過 tick=480
time=00:58:25.048 level=DEBUG source=/tmp/isucon14/bench/benchmarker/scenario/scenario.go:317 msg=eval reqs=123 score="[1 8 24 72 18]" criteria="[88 44 120 92]"
time=00:58:25.068 level=INFO msg=一定の売上が立ったためオーナーの椅子が増加します 名前=EcoChairs 増加数=2
time=00:58:25.079 level=INFO msg=一定の売上が立ったためオーナーの椅子が増加します 名前=再座堂 増加数=1
time=00:58:25.086 level=INFO msg=一定の売上が立ったためオーナーの椅子が増加します 名前="Vintage Vibe Seats" 増加数=2
time=00:58:26.848 level=DEBUG source=/tmp/isucon14/bench/benchmarker/scenario/scenario.go:315 msg=時間経過 tick=540
time=00:58:26.848 level=DEBUG source=/tmp/isucon14/bench/benchmarker/scenario/scenario.go:317 msg=eval reqs=143 score="[8 13 27 77 18]" criteria="[89 52 132 97]"
time=00:58:26.848 level=INFO msg=これまでに地域内の評判によって31人、既存ユーザーの招待経由で92人が新規登録しました
time=00:58:26.848 level=INFO msg=これまでに低評価なライドによって13人が利用をやめました
time=00:58:26.848 level=INFO msg=37.8%のライドは椅子がマッチされるまでの時間、63.6%のライドはマッチされた椅子が乗車地点までに掛かる時間、19.9%のライドは椅子の実移動時間に不満がありました
time=00:58:26.865 level=INFO msg=一定の売上が立ったためオーナーの椅子が増加します 名前=椅子工藝舎 増加数=1
time=00:58:26.879 level=INFO msg=一定の売上が立ったためオーナーの椅子が増加します 名前=再座堂 増加数=2
time=00:58:26.883 level=INFO msg=一定の売上が立ったためオーナーの椅子が増加します 名前=ChairCycle 増加数=2
time=00:58:26.922 level=INFO msg=一定の売上が立ったためオーナーの椅子が増加します 名前=EcoChairs 増加数=1
time=00:58:26.928 level=INFO msg=一定の売上が立ったためオーナーの椅子が増加します 名前="Vintage Vibe Seats" 増加数=2
time=00:58:28.648 level=DEBUG source=/tmp/isucon14/bench/benchmarker/scenario/scenario.go:315 msg=時間経過 tick=600
time=00:58:28.648 level=DEBUG source=/tmp/isucon14/bench/benchmarker/scenario/scenario.go:317 msg=eval reqs=162 score="[16 14 35 79 18]" criteria="[89 61 141 102]"
time=00:58:28.682 level=INFO msg=一定の売上が立ったためオーナーの椅子が増加します 名前=再座堂 増加数=1
time=00:58:28.703 level=INFO msg=一定の売上が立ったためオーナーの椅子が増加します 名前="Vintage Vibe Seats" 増加数=1
time=00:58:28.704 level=INFO msg=一定の売上が立ったためオーナーの椅子が増加します 名前=EcoChairs 増加数=1
time=00:58:28.729 level=INFO msg=一定の売上が立ったためオーナーの椅子が増加します 名前=ChairCycle 増加数=1
time=00:58:30.449 level=DEBUG source=/tmp/isucon14/bench/benchmarker/scenario/scenario.go:315 msg=時間経過 tick=660
time=00:58:30.449 level=DEBUG source=/tmp/isucon14/bench/benchmarker/scenario/scenario.go:317 msg=eval reqs=193 score="[28 20 46 81 18]" criteria="[91 76 155 105]"
time=00:58:30.474 level=INFO msg=一定の売上が立ったためオーナーの椅子が増加します 名前=椅子工藝舎 増加数=1
time=00:58:30.480 level=INFO msg=一定の売上が立ったためオーナーの椅子が増加します 名前=EcoChairs 増加数=3
time=00:58:30.489 level=INFO msg=一定の売上が立ったためオーナーの椅子が増加します 名前=ChairCycle 増加数=3
time=00:58:30.541 level=INFO msg=一定の売上が立ったためオーナーの椅子が増加します 名前=再座堂 増加数=1
time=00:58:30.550 level=INFO msg=一定の売上が立ったためオーナーの椅子が増加します 名前="Vintage Vibe Seats" 増加数=3
time=00:58:32.248 level=DEBUG source=/tmp/isucon14/bench/benchmarker/scenario/scenario.go:315 msg=時間経過 tick=720
time=00:58:32.248 level=DEBUG source=/tmp/isucon14/bench/benchmarker/scenario/scenario.go:317 msg=eval reqs=213 score="[35 27 49 84 18]" criteria="[92 85 162 110]"
time=00:58:32.249 level=INFO msg=これまでに地域内の評判によって43人、既存ユーザーの招待経由で99人が新規登録しました
time=00:58:32.249 level=INFO msg=これまでに低評価なライドによって36人が利用をやめました
time=00:58:32.249 level=INFO msg=56.8%のライドは椅子がマッチされるまでの時間、60.1%のライドはマッチされた椅子が乗車地点までに掛かる時間、36.2%のライドは椅子の実移動時間に不満がありました
time=00:58:32.276 level=INFO msg=一定の売上が立ったためオーナーの椅子が増加します 名前=再座堂 増加数=3
time=00:58:32.285 level=INFO msg=一定の売上が立ったためオーナーの椅子が増加します 名前="Vintage Vibe Seats" 増加数=1
time=00:58:32.356 level=INFO msg=一定の売上が立ったためオーナーの椅子が増加します 名前=ChairCycle 増加数=2
time=00:58:34.048 level=DEBUG source=/tmp/isucon14/bench/benchmarker/scenario/scenario.go:315 msg=時間経過 tick=780
time=00:58:34.048 level=DEBUG source=/tmp/isucon14/bench/benchmarker/scenario/scenario.go:317 msg=eval reqs=239 score="[46 31 54 90 18]" criteria="[95 98 173 115]"
time=00:58:34.148 level=INFO msg=一定の売上が立ったためオーナーの椅子が増加します 名前=EcoChairs 増加数=2
time=00:58:34.163 level=INFO msg=一定の売上が立ったためオーナーの椅子が増加します 名前="Vintage Vibe Seats" 増加数=2
time=00:58:34.171 level=INFO msg=一定の売上が立ったためオーナーの椅子が増加します 名前=ChairCycle 増加数=2
time=00:58:34.189 level=INFO msg=一定の売上が立ったためオーナーの椅子が増加します 名前=再座堂 増加数=1
time=00:58:35.848 level=DEBUG source=/tmp/isucon14/bench/benchmarker/scenario/scenario.go:315 msg=時間経過 tick=840
time=00:58:35.848 level=DEBUG source=/tmp/isucon14/bench/benchmarker/scenario/scenario.go:317 msg=eval reqs=262 score="[55 39 58 92 18]" criteria="[102 108 178 115]"
time=00:58:35.881 level=INFO msg=一定の売上が立ったためオーナーの椅子が増加します 名前="Vintage Vibe Seats" 増加数=1
time=00:58:35.888 level=INFO msg=一定の売上が立ったためオーナーの椅子が増加します 名前=EcoChairs 増加数=1
time=00:58:35.901 level=INFO msg=一定の売上が立ったためオーナーの椅子が増加します 名前=再座堂 増加数=1
time=00:58:35.901 level=INFO msg=一定の売上が立ったためオーナーの椅子が増加します 名前=ChairCycle 増加数=2
time=00:58:37.648 level=INFO msg=これまでに地域内の評判によって55人、既存ユーザーの招待経由で115人が新規登録しました
time=00:58:37.648 level=INFO msg=これまでに低評価なライドによって53人が利用をやめました
time=00:58:37.648 level=INFO msg=58.6%のライドは椅子がマッチされるまでの時間、56.2%のライドはマッチされた椅子が乗車地点までに掛かる時間、47.6%のライドは椅子の実移動時間に不満がありました
time=00:58:37.648 level=DEBUG source=/tmp/isucon14/bench/benchmarker/scenario/scenario.go:315 msg=時間経過 tick=900
time=00:58:37.648 level=DEBUG source=/tmp/isucon14/bench/benchmarker/scenario/scenario.go:317 msg=eval reqs=290 score="[60 46 65 101 18]" criteria="[120 127 187 117]"
time=00:58:37.696 level=INFO msg=一定の売上が立ったためオーナーの椅子が増加します 名前=椅子工藝舎 増加数=1
time=00:58:37.729 level=INFO msg=一定の売上が立ったためオーナーの椅子が増加します 名前="Vintage Vibe Seats" 増加数=2
time=00:58:37.730 level=INFO msg=一定の売上が立ったためオーナーの椅子が増加します 名前=再座堂 増加数=2
time=00:58:37.790 level=INFO msg=一定の売上が立ったためオーナーの椅子が増加します 名前=EcoChairs 増加数=2
time=00:58:37.883 level=INFO msg=一定の売上が立ったためオーナーの椅子が増加します 名前=ChairCycle 増加数=2
time=00:58:39.449 level=DEBUG source=/tmp/isucon14/bench/benchmarker/scenario/scenario.go:315 msg=時間経過 tick=960
time=00:58:39.449 level=DEBUG source=/tmp/isucon14/bench/benchmarker/scenario/scenario.go:317 msg=eval reqs=320 score="[69 56 74 103 18]" criteria="[141 136 189 119]"
time=00:58:39.507 level=INFO msg=一定の売上が立ったためオーナーの椅子が増加します 名前=再座堂 増加数=1
time=00:58:39.517 level=INFO msg=一定の売上が立ったためオーナーの椅子が増加します 名前="Vintage Vibe Seats" 増加数=1
time=00:58:39.593 level=INFO msg=一定の売上が立ったためオーナーの椅子が増加します 名前=椅子工藝舎 増加数=2
time=00:58:39.643 level=INFO msg=一定の売上が立ったためオーナーの椅子が増加します 名前=ChairCycle 増加数=2
time=00:58:39.649 level=INFO msg=一定の売上が立ったためオーナーの椅子が増加します 名前=EcoChairs 増加数=2
time=00:58:40.166 level=WARN msg="ユーザー登録に失敗しました (CODE=17): POST /api/app/usersへのリクエストに対して、期待されたHTTPステータスコードが確認できませんでした (expected:201, actual:500)"
time=00:58:41.248 level=DEBUG source=/tmp/isucon14/bench/benchmarker/scenario/scenario.go:315 msg=時間経過 tick=1020
time=00:58:41.248 level=DEBUG source=/tmp/isucon14/bench/benchmarker/scenario/scenario.go:317 msg=eval reqs=354 score="[71 70 84 110 19]" criteria="[173 152 196 123]"
time=00:58:41.331 level=INFO msg=一定の売上が立ったためオーナーの椅子が増加します 名前=EcoChairs 増加数=1
time=00:58:41.332 level=INFO msg=一定の売上が立ったためオーナーの椅子が増加します 名前=再座堂 増加数=2
time=00:58:41.413 level=INFO msg=一定の売上が立ったためオーナーの椅子が増加します 名前="Vintage Vibe Seats" 増加数=1
time=00:58:41.430 level=INFO msg=一定の売上が立ったためオーナーの椅子が増加します 名前=ChairCycle 増加数=2
time=00:58:43.048 level=DEBUG source=/tmp/isucon14/bench/benchmarker/scenario/scenario.go:315 msg=時間経過 tick=1080
time=00:58:43.048 level=DEBUG source=/tmp/isucon14/bench/benchmarker/scenario/scenario.go:317 msg=eval reqs=392 score="[74 83 95 120 20]" criteria="[208 172 206 127]"
time=00:58:43.048 level=INFO msg=これまでに地域内の評判によって67人、既存ユーザーの招待経由で133人が新規登録しました
time=00:58:43.048 level=INFO msg=これまでに低評価なライドによって74人が利用をやめました
time=00:58:43.048 level=INFO msg=46.9%のライドは椅子がマッチされるまでの時間、56.1%のライドはマッチされた椅子が乗車地点までに掛かる時間、57.5%のライドは椅子の実移動時間に不満がありました
time=00:58:43.096 level=INFO msg=一定の売上が立ったためオーナーの椅子が増加します 名前=椅子工藝舎 増加数=1
time=00:58:43.123 level=INFO msg=一定の売上が立ったためオーナーの椅子が増加します 名前=EcoChairs 増加数=1
time=00:58:43.124 level=INFO msg=一定の売上が立ったためオーナーの椅子が増加します 名前=再座堂 増加数=2
time=00:58:43.175 level=INFO msg=一定の売上が立ったためオーナーの椅子が増加します 名前=ChairCycle 増加数=1
time=00:58:43.177 level=INFO msg=一定の売上が立ったためオーナーの椅子が増加します 名前="Vintage Vibe Seats" 増加数=4
time=00:58:44.255 level=WARN msg="ユーザー登録に失敗しました (CODE=17): POST /api/app/usersへのリクエストに対して、期待されたHTTPステータスコードが確認できませんでした (expected:201, actual:500)"
time=00:58:44.849 level=DEBUG source=/tmp/isucon14/bench/benchmarker/scenario/scenario.go:315 msg=時間経過 tick=1140
time=00:58:44.849 level=DEBUG source=/tmp/isucon14/bench/benchmarker/scenario/scenario.go:317 msg=eval reqs=419 score="[76 89 107 127 20]" criteria="[233 191 210 130]"
time=00:58:44.890 level=INFO msg=一定の売上が立ったためオーナーの椅子が増加します 名前=再座堂 増加数=1
time=00:58:44.899 level=INFO msg=一定の売上が立ったためオーナーの椅子が増加します 名前=椅子工藝舎 増加数=2
time=00:58:45.018 level=INFO msg=一定の売上が立ったためオーナーの椅子が増加します 名前=EcoChairs 増加数=2
time=00:58:45.091 level=INFO msg=一定の売上が立ったためオーナーの椅子が増加します 名前="Vintage Vibe Seats" 増加数=1
time=00:58:45.175 level=INFO msg=一定の売上が立ったためオーナーの椅子が増加します 名前=ChairCycle 増加数=2
time=00:58:46.648 level=DEBUG source=/tmp/isucon14/bench/benchmarker/scenario/scenario.go:315 msg=時間経過 tick=1200
time=00:58:46.648 level=DEBUG source=/tmp/isucon14/bench/benchmarker/scenario/scenario.go:317 msg=eval reqs=455 score="[77 97 129 132 20]" criteria="[268 217 213 133]"
time=00:58:46.750 level=INFO msg=一定の売上が立ったためオーナーの椅子が増加します 名前=EcoChairs 増加数=1
time=00:58:46.790 level=INFO msg=一定の売上が立ったためオーナーの椅子が増加します 名前="Vintage Vibe Seats" 増加数=1
time=00:58:46.795 level=INFO msg=一定の売上が立ったためオーナーの椅子が増加します 名前=再座堂 増加数=3
time=00:58:46.824 level=INFO msg=一定の売上が立ったためオーナーの椅子が増加します 名前=ChairCycle 増加数=2
time=00:58:48.448 level=INFO msg=これまでに地域内の評判によって79人、既存ユーザーの招待経由で150人が新規登録しました
time=00:58:48.448 level=INFO msg=これまでに低評価なライドによって87人が利用をやめました
time=00:58:48.448 level=INFO msg=38.1%のライドは椅子がマッチされるまでの時間、50.0%のライドはマッチされた椅子が乗車地点までに掛かる時間、63.8%のライドは椅子の実移動時間に不満がありました
time=00:58:48.448 level=DEBUG source=/tmp/isucon14/bench/benchmarker/scenario/scenario.go:315 msg=時間経過 tick=1260
time=00:58:48.448 level=DEBUG source=/tmp/isucon14/bench/benchmarker/scenario/scenario.go:317 msg=eval reqs=494 score="[78 105 149 140 22]" criteria="[306 247 223 135]"
time=00:58:48.571 level=INFO msg=一定の売上が立ったためオーナーの椅子が増加します 名前=ChairCycle 増加数=2
time=00:58:48.571 level=INFO msg=一定の売上が立ったためオーナーの椅子が増加します 名前=椅子工藝舎 増加数=2
time=00:58:48.592 level=INFO msg=一定の売上が立ったためオーナーの椅子が増加します 名前=EcoChairs 増加数=2
time=00:58:48.607 level=INFO msg=一定の売上が立ったためオーナーの椅子が増加します 名前="Vintage Vibe Seats" 増加数=2
time=00:58:48.625 level=INFO msg=一定の売上が立ったためオーナーの椅子が増加します 名前=再座堂 増加数=1
time=00:58:50.248 level=DEBUG source=/tmp/isucon14/bench/benchmarker/scenario/scenario.go:315 msg=時間経過 tick=1320
time=00:58:50.248 level=DEBUG source=/tmp/isucon14/bench/benchmarker/scenario/scenario.go:317 msg=eval reqs=531 score="[80 114 172 143 22]" criteria="[341 273 226 135]"
time=00:58:50.285 level=INFO msg=一定の売上が立ったためオーナーの椅子が増加します 名前=椅子工藝舎 増加数=1
time=00:58:50.327 level=INFO msg=一定の売上が立ったためオーナーの椅子が増加します 名前=EcoChairs 増加数=2
time=00:58:50.436 level=INFO msg=一定の売上が立ったためオーナーの椅子が増加します 名前=再座堂 増加数=2
time=00:58:50.436 level=INFO msg=一定の売上が立ったためオーナーの椅子が増加します 名前=ChairCycle 増加数=2
time=00:58:50.437 level=INFO msg=一定の売上が立ったためオーナーの椅子が増加します 名前="Vintage Vibe Seats" 増加数=3
time=00:58:52.049 level=DEBUG source=/tmp/isucon14/bench/benchmarker/scenario/scenario.go:315 msg=時間経過 tick=1380
time=00:58:52.049 level=DEBUG source=/tmp/isucon14/bench/benchmarker/scenario/scenario.go:317 msg=eval reqs=563 score="[80 125 188 148 22]" criteria="[373 293 229 138]"
time=00:58:52.252 level=INFO msg=一定の売上が立ったためオーナーの椅子が増加します 名前=EcoChairs 増加数=2
time=00:58:52.285 level=INFO msg=一定の売上が立ったためオーナーの椅子が増加します 名前=ChairCycle 増加数=2
time=00:58:52.361 level=INFO msg=一定の売上が立ったためオーナーの椅子が増加します 名前=再座堂 増加数=1
time=00:58:52.363 level=INFO msg=一定の売上が立ったためオーナーの椅子が増加します 名前="Vintage Vibe Seats" 増加数=1
time=00:58:53.848 level=INFO msg=これまでに地域内の評判によって91人、既存ユーザーの招待経由で161人が新規登録しました
time=00:58:53.848 level=INFO msg=これまでに低評価なライドによって98人が利用をやめました
time=00:58:53.848 level=INFO msg=31.2%のライドは椅子がマッチされるまでの時間、46.4%のライドはマッチされた椅子が乗車地点までに掛かる時間、69.4%のライドは椅子の実移動時間に不満がありました
time=00:58:53.848 level=DEBUG source=/tmp/isucon14/bench/benchmarker/scenario/scenario.go:315 msg=時間経過 tick=1440
time=00:58:53.848 level=DEBUG source=/tmp/isucon14/bench/benchmarker/scenario/scenario.go:317 msg=eval reqs=608 score="[80 137 216 153 22]" criteria="[418 326 233 139]"
time=00:58:53.894 level=INFO msg=一定の売上が立ったためオーナーの椅子が増加します 名前=再座堂 増加数=1
time=00:58:54.017 level=INFO msg=一定の売上が立ったためオーナーの椅子が増加します 名前=椅子工藝舎 増加数=2
time=00:58:54.025 level=INFO msg=一定の売上が立ったためオーナーの椅子が増加します 名前=EcoChairs 増加数=2
time=00:58:54.041 level=INFO msg=一定の売上が立ったためオーナーの椅子が増加します 名前="Vintage Vibe Seats" 増加数=2
time=00:58:54.241 level=INFO msg=一定の売上が立ったためオーナーの椅子が増加します 名前=ChairCycle 増加数=2
time=00:58:55.648 level=DEBUG source=/tmp/isucon14/bench/benchmarker/scenario/scenario.go:315 msg=時間経過 tick=1500
time=00:58:55.648 level=DEBUG source=/tmp/isucon14/bench/benchmarker/scenario/scenario.go:317 msg=eval reqs=649 score="[80 143 245 159 22]" criteria="[459 361 236 142]"
time=00:58:55.743 level=INFO msg=一定の売上が立ったためオーナーの椅子が増加します 名前=EcoChairs 増加数=2
time=00:58:55.756 level=INFO msg=一定の売上が立ったためオーナーの椅子が増加します 名前=ChairCycle 増加数=2
time=00:58:55.874 level=INFO msg=一定の売上が立ったためオーナーの椅子が増加します 名前="Vintage Vibe Seats" 増加数=2
time=00:58:55.910 level=INFO msg=一定の売上が立ったためオーナーの椅子が増加します 名前=再座堂 増加数=2
time=00:58:57.448 level=DEBUG source=/tmp/isucon14/bench/benchmarker/scenario/scenario.go:315 msg=時間経過 tick=1560
time=00:58:57.449 level=DEBUG source=/tmp/isucon14/bench/benchmarker/scenario/scenario.go:317 msg=eval reqs=680 score="[81 153 262 162 22]" criteria="[489 381 237 144]"
time=00:58:57.838 level=INFO msg=一定の売上が立ったためオーナーの椅子が増加します 名前=ChairCycle 増加数=1
time=00:58:57.848 level=INFO msg=一定の売上が立ったためオーナーの椅子が増加します 名前=椅子工藝舎 増加数=1
time=00:58:58.038 level=INFO msg=一定の売上が立ったためオーナーの椅子が増加します 名前=再座堂 増加数=2
time=00:58:58.045 level=INFO msg=一定の売上が立ったためオーナーの椅子が増加します 名前="Vintage Vibe Seats" 増加数=1
time=00:58:58.048 level=INFO msg=一定の売上が立ったためオーナーの椅子が増加します 名前=EcoChairs 増加数=1
time=00:58:58.898 level=WARN msg="ユーザー登録に失敗しました (CODE=17): POST /api/app/usersへのリクエストに対して、期待されたHTTPステータスコードが確認できませんでした (expected:201, actual:500)"
time=00:58:59.248 level=DEBUG source=/tmp/isucon14/bench/benchmarker/scenario/scenario.go:315 msg=時間経過 tick=1620
time=00:58:59.248 level=DEBUG source=/tmp/isucon14/bench/benchmarker/scenario/scenario.go:317 msg=eval reqs=714 score="[83 156 285 168 22]" criteria="[521 410 242 145]"
time=00:58:59.248 level=INFO msg=これまでに地域内の評判によって103人、既存ユーザーの招待経由で172人が新規登録しました
time=00:58:59.248 level=INFO msg=これまでに低評価なライドによって104人が利用をやめました
time=00:58:59.248 level=INFO msg=27.0%のライドは椅子がマッチされるまでの時間、42.6%のライドはマッチされた椅子が乗車地点までに掛かる時間、72.9%のライドは椅子の実移動時間に不満がありました
time=00:58:59.340 level=INFO msg=一定の売上が立ったためオーナーの椅子が増加します 名前=椅子工藝舎 増加数=1
time=00:58:59.386 level=INFO msg=一定の売上が立ったためオーナーの椅子が増加します 名前=再座堂 増加数=1
time=00:58:59.387 level=INFO msg=一定の売上が立ったためオーナーの椅子が増加します 名前="Vintage Vibe Seats" 増加数=2
time=00:58:59.563 level=INFO msg=一定の売上が立ったためオーナーの椅子が増加します 名前=ChairCycle 増加数=1
time=00:59:01.049 level=DEBUG source=/tmp/isucon14/bench/benchmarker/scenario/scenario.go:315 msg=時間経過 tick=1680
time=00:59:01.049 level=DEBUG source=/tmp/isucon14/bench/benchmarker/scenario/scenario.go:317 msg=eval reqs=754 score="[83 158 321 170 22]" criteria="[561 448 243 146]"
time=00:59:01.221 level=INFO msg=一定の売上が立ったためオーナーの椅子が増加します 名前=再座堂 増加数=2
time=00:59:01.278 level=INFO msg=一定の売上が立ったためオーナーの椅子が増加します 名前=ChairCycle 増加数=2
time=00:59:01.278 level=INFO msg=一定の売上が立ったためオーナーの椅子が増加します 名前=椅子工藝舎 増加数=1
time=00:59:01.305 level=INFO msg=一定の売上が立ったためオーナーの椅子が増加します 名前="Vintage Vibe Seats" 増加数=1
time=00:59:01.528 level=INFO msg=一定の売上が立ったためオーナーの椅子が増加します 名前=EcoChairs 増加数=2
time=00:59:02.848 level=DEBUG source=/tmp/isucon14/bench/benchmarker/scenario/scenario.go:315 msg=時間経過 tick=1740
time=00:59:02.848 level=DEBUG source=/tmp/isucon14/bench/benchmarker/scenario/scenario.go:317 msg=eval reqs=789 score="[83 163 349 172 22]" criteria="[596 478 245 146]"
time=00:59:02.953 level=INFO msg=一定の売上が立ったためオーナーの椅子が増加します 名前=EcoChairs 増加数=1
time=00:59:03.040 level=INFO msg=一定の売上が立ったためオーナーの椅子が増加します 名前=再座堂 増加数=2
time=00:59:03.041 level=INFO msg=一定の売上が立ったためオーナーの椅子が増加します 名前=ChairCycle 増加数=1
time=00:59:04.650 level=INFO msg=これまでに地域内の評判によって115人、既存ユーザーの招待経由で179人が新規登録しました
time=00:59:04.650 level=INFO msg=これまでに低評価なライドによって105人が利用をやめました
time=00:59:04.650 level=INFO msg=23.5%のライドは椅子がマッチされるまでの時間、38.1%のライドはマッチされた椅子が乗車地点までに掛かる時間、75.9%のライドは椅子の実移動時間に不満がありました
time=00:59:04.650 level=DEBUG source=/tmp/isucon14/bench/benchmarker/scenario/scenario.go:315 msg=時間経過 tick=1800
time=00:59:04.650 level=DEBUG source=/tmp/isucon14/bench/benchmarker/scenario/scenario.go:317 msg=eval reqs=821 score="[83 165 375 176 22]" criteria="[628 508 247 148]"
time=00:59:04.994 level=INFO msg=一定の売上が立ったためオーナーの椅子が増加します 名前=椅子工藝舎 増加数=2
time=00:59:05.028 level=INFO msg=一定の売上が立ったためオーナーの椅子が増加します 名前=ChairCycle 増加数=1
time=00:59:05.053 level=INFO msg=一定の売上が立ったためオーナーの椅子が増加します 名前="Vintage Vibe Seats" 増加数=2
time=00:59:05.141 level=INFO msg=一定の売上が立ったためオーナーの椅子が増加します 名前=EcoChairs 増加数=2
time=00:59:05.145 level=INFO msg=一定の売上が立ったためオーナーの椅子が増加します 名前=再座堂 増加数=1
time=00:59:06.448 level=DEBUG source=/tmp/isucon14/bench/benchmarker/scenario/scenario.go:315 msg=時間経過 tick=1860
time=00:59:06.448 level=DEBUG source=/tmp/isucon14/bench/benchmarker/scenario/scenario.go:317 msg=eval reqs=850 score="[83 171 396 178 22]" criteria="[657 531 249 148]"
time=00:59:06.677 level=INFO msg=一定の売上が立ったためオーナーの椅子が増加します 名前=ChairCycle 増加数=1
time=00:59:06.685 level=INFO msg=一定の売上が立ったためオーナーの椅子が増加します 名前=EcoChairs 増加数=1
time=00:59:06.806 level=INFO msg=一定の売上が立ったためオーナーの椅子が増加します 名前=椅子工藝舎 増加数=1
time=00:59:06.993 level=INFO msg=一定の売上が立ったためオーナーの椅子が増加します 名前="Vintage Vibe Seats" 増加数=1
time=00:59:08.248 level=DEBUG source=/tmp/isucon14/bench/benchmarker/scenario/scenario.go:315 msg=時間経過 tick=1920
time=00:59:08.248 level=DEBUG source=/tmp/isucon14/bench/benchmarker/scenario/scenario.go:317 msg=eval reqs=889 score="[84 175 429 179 22]" criteria="[694 564 250 150]"
time=00:59:08.253 level=INFO msg=一定の売上が立ったためオーナーの椅子が増加します 名前=椅子工藝舎 増加数=1
time=00:59:08.384 level=INFO msg=一定の売上が立ったためオーナーの椅子が増加します 名前=EcoChairs 増加数=1
time=00:59:08.409 level=INFO msg=一定の売上が立ったためオーナーの椅子が増加します 名前=再座堂 増加数=2
time=00:59:08.438 level=INFO msg=一定の売上が立ったためオーナーの椅子が増加します 名前=ChairCycle 増加数=2
time=00:59:08.482 level=INFO msg=一定の売上が立ったためオーナーの椅子が増加します 名前="Vintage Vibe Seats" 増加数=2
time=00:59:08.552 level=WARN msg="取得した付近の椅子情報に不備があります (CODE=30): ID:01M3F71QKDQZ377QRPRJCJK3YDの椅子は既にライド中です"
time=00:59:10.048 level=INFO msg=これまでに地域内の評判によって127人、既存ユーザーの招待経由で185人が新規登録しました
time=00:59:10.048 level=INFO msg=これまでに低評価なライドによって109人が利用をやめました
time=00:59:10.048 level=INFO msg=20.7%のライドは椅子がマッチされるまでの時間、34.7%のライドはマッチされた椅子が乗車地点までに掛かる時間、78.6%のライドは椅子の実移動時間に不満がありました
time=00:59:10.048 level=DEBUG source=/tmp/isucon14/bench/benchmarker/scenario/scenario.go:315 msg=時間経過 tick=1980
time=00:59:10.048 level=DEBUG source=/tmp/isucon14/bench/benchmarker/scenario/scenario.go:317 msg=eval reqs=942 score="[84 177 476 183 22]" criteria="[747 615 251 153]"
time=00:59:10.060 level=WARN msg="取得した付近の椅子情報に不備があります (CODE=30): ID:01M3F71BE54HK14VDVQX6FEW1Mの椅子は既にライド中です"
time=00:59:10.241 level=INFO msg=一定の売上が立ったためオーナーの椅子が増加します 名前=ChairCycle 増加数=1
time=00:59:10.245 level=INFO msg=一定の売上が立ったためオーナーの椅子が増加します 名前="Vintage Vibe Seats" 増加数=1
time=00:59:10.245 level=INFO msg=一定の売上が立ったためオーナーの椅子が増加します 名前=EcoChairs 増加数=2
time=00:59:10.569 level=INFO msg=一定の売上が立ったためオーナーの椅子が増加します 名前=再座堂 増加数=1
time=00:59:10.637 level=INFO msg=一定の売上が立ったためオーナーの椅子が増加します 名前=椅子工藝舎 増加数=2
time=00:59:15.649 level=INFO msg=最終地域情報 名前=チェアタウン ユーザー登録数=205 アクティブユーザー数=142
time=00:59:15.649 level=INFO msg=最終地域情報 名前=コシカケシティ ユーザー登録数=123 アクティブユーザー数=76
time=00:59:15.649 level=INFO msg=最終オーナー情報 名前=EcoChairs 売上=1176200 椅子数=49
time=00:59:15.649 level=INFO msg=最終オーナー情報 名前="Vintage Vibe Seats" 売上=1396500 椅子数=55
time=00:59:15.649 level=INFO msg=最終オーナー情報 名前=再座堂 売上=1173800 椅子数=49
time=00:59:15.649 level=INFO msg=最終オーナー情報 名前=椅子工藝舎 売上=518500 椅子数=29
time=00:59:15.649 level=INFO msg=最終オーナー情報 名前=ChairCycle 売上=1455100 椅子数=57
time=00:59:15.649 level=INFO msg=20.1%のライドは椅子がマッチされるまでの時間、33.8%のライドはマッチされた椅子が乗車地点までに掛かる時間、79.2%のライドは椅子の実移動時間に不満がありました
time=00:59:15.649 level=INFO msg=結果 pass=true スコア=66659 種別エラー数="map[17:4 30:2]"
time=00:59:15.649 level=INFO msg=負荷走行が終了しました
