2026-09-26T15:58:09+00:00
COMMAND         %CPU   RSS
mysqld          17.7 1092052
nginx            1.1 17140
nginx            1.1 17236
systemd-journal  0.5 225120
jbd2/sda1-8      0.3     0
rsyslogd         0.3  5244
kworker/1:1H-kb  0.1     0
kworker/0:1H-kb  0.1     0
rcu_preempt      0.1     0
2026-09-26T15:58:11+00:00
COMMAND         %CPU   RSS
mysqld          17.7 1093448
bench            9.0 49996
nginx            1.1 17140
nginx            1.1 17236
isuride          0.9 14996
systemd-journal  0.5 225120
jbd2/sda1-8      0.3     0
rsyslogd         0.3  5244
kworker/1:1H-kb  0.1     0
2026-09-26T15:58:13+00:00
COMMAND         %CPU   RSS
mysqld          17.7 1094516
bench           14.9 76468
isuride          2.8 15560
nginx            1.1 17140
nginx            1.1 17236
systemd-journal  0.5 225120
jbd2/sda1-8      0.3     0
rsyslogd         0.3  5244
kworker/1:1H-kb  0.1     0
2026-09-26T15:58:15+00:00
COMMAND         %CPU   RSS
bench           18.2 107240
mysqld          17.7 1096428
isuride          5.2 16376
nginx            1.1 17140
nginx            1.1 17236
systemd-journal  0.5 225120
jbd2/sda1-8      0.3     0
rsyslogd         0.3  5244
kworker/1:1H-kb  0.1     0
2026-09-26T15:58:17+00:00
COMMAND         %CPU   RSS
bench           20.8 138692
mysqld          17.7 1100256
isuride          7.5 16824
nginx            1.1 17140
nginx            1.1 17236
systemd-journal  0.5 225120
jbd2/sda1-8      0.3     0
rsyslogd         0.3  5244
kworker/1:1H-kb  0.1     0
2026-09-26T15:58:19+00:00
COMMAND         %CPU   RSS
bench           22.8 168788
mysqld          17.7 1103760
isuride          9.8 19096
nginx            1.1 17140
nginx            1.1 17236
systemd-journal  0.5 225120
jbd2/sda1-8      0.3     0
rsyslogd         0.3  5244
kworker/1:1H-kb  0.1     0
2026-09-26T15:58:21+00:00
COMMAND         %CPU   RSS
bench           23.9 197048
mysqld          17.7 1107688
isuride         11.9 20176
nginx            1.1 17140
nginx            1.1 17236
systemd-journal  0.5 225120
jbd2/sda1-8      0.3     0
rsyslogd         0.3  5244
kworker/1:1H-kb  0.1     0
2026-09-26T15:58:23+00:00
COMMAND         %CPU   RSS
bench           24.7 228708
mysqld          17.7 1112284
isuride         13.8 21124
nginx            1.1 17140
nginx            1.1 17236
systemd-journal  0.5 225120
jbd2/sda1-8      0.3     0
rsyslogd         0.3  5244
kworker/1:1H-kb  0.1     0
2026-09-26T15:58:25+00:00
COMMAND         %CPU   RSS
bench           25.1 244044
mysqld          17.7 1115192
isuride         15.5 21244
nginx            1.1 17140
nginx            1.1 17236
systemd-journal  0.5 225120
jbd2/sda1-8      0.3     0
rsyslogd         0.3  5244
kworker/1:1H-kb  0.1     0
2026-09-26T15:58:27+00:00
COMMAND         %CPU   RSS
bench           25.5 252380
mysqld          17.8 1118512
isuride         17.0 22308
nginx            1.1 17140
nginx            1.1 17236
systemd-journal  0.5 225120
jbd2/sda1-8      0.3     0
rsyslogd         0.3  5244
kworker/1:1H-kb  0.1     0
2026-09-26T15:58:29+00:00
COMMAND         %CPU   RSS
bench           25.6 273252
isuride         18.3 24248
mysqld          17.8 1126128
nginx            1.1 17140
nginx            1.1 17236
systemd-journal  0.5 225120
jbd2/sda1-8      0.3     0
rsyslogd         0.3  5244
kworker/1:1H-kb  0.1     0
2026-09-26T15:58:31+00:00
COMMAND         %CPU   RSS
bench           25.8 283716
curl            20.0 12312
isuride         19.5 26928
mysqld          17.8 1128636
nginx            1.1 17140
nginx            1.1 17236
systemd-journal  0.5 225120
jbd2/sda1-8      0.3     0
rsyslogd         0.3  5244
2026-09-26T15:58:33+00:00
COMMAND         %CPU   RSS
bench           26.0 300072
isuride         20.5 26548
mysqld          17.8 1130920
nginx            1.1 17140
nginx            1.1 17236
systemd-journal  0.5 225120
jbd2/sda1-8      0.3     0
rsyslogd         0.3  5244
kworker/1:1H-kb  0.1     0
2026-09-26T15:58:35+00:00
COMMAND         %CPU   RSS
bench           26.0 300608
isuride         21.6 26188
mysqld          17.8 1133548
nginx            1.1 17140
nginx            1.1 17236
systemd-journal  0.5 225120
jbd2/sda1-8      0.3     0
rsyslogd         0.3  5244
kworker/1:1H-kb  0.1     0
2026-09-26T15:58:37+00:00
COMMAND         %CPU   RSS
bench           26.4 320504
isuride         22.3 28624
mysqld          17.8 1134144
nginx            1.1 17140
nginx            1.1 17236
systemd-journal  0.5 225120
jbd2/sda1-8      0.3     0
rsyslogd         0.3  5244
kworker/1:1H-kb  0.1     0
2026-09-26T15:58:39+00:00
COMMAND         %CPU   RSS
bench           26.6 342528
isuride         23.0 28572
mysqld          17.8 1135936
nginx            1.1 17140
nginx            1.1 17236
systemd-journal  0.5 225120
jbd2/sda1-8      0.3     0
rsyslogd         0.3  5244
kworker/1:1H-kb  0.1     0
2026-09-26T15:58:41+00:00
COMMAND         %CPU   RSS
bench           26.7 344812
isuride         23.7 29228
mysqld          17.8 1136632
curl             2.9 12324
nginx            1.1 17140
nginx            1.1 17236
systemd-journal  0.5 225120
jbd2/sda1-8      0.3     0
rsyslogd         0.3  5244
2026-09-26T15:58:43+00:00
COMMAND         %CPU   RSS
bench           27.0 367256
isuride         24.4 29860
mysqld          17.8 1137808
nginx            1.1 17140
nginx            1.1 17236
systemd-journal  0.5 225120
jbd2/sda1-8      0.3     0
rsyslogd         0.3  5244
kworker/1:1H-kb  0.1     0
2026-09-26T15:58:45+00:00
COMMAND         %CPU   RSS
bench           27.2 394808
isuride         25.0 34000
mysqld          17.8 1143924
nginx            1.1 17140
nginx            1.1 17236
systemd-journal  0.5 225120
jbd2/sda1-8      0.3     0
rsyslogd         0.3  5244
kworker/1:1H-kb  0.1     0
2026-09-26T15:58:47+00:00
COMMAND         %CPU   RSS
bench           27.3 396808
isuride         25.5 33292
mysqld          17.8 1145136
nginx            1.1 17140
nginx            1.1 17236
systemd-journal  0.5 225120
jbd2/sda1-8      0.3     0
rsyslogd         0.3  5244
kworker/1:1H-kb  0.1     0
2026-09-26T15:58:49+00:00
COMMAND         %CPU   RSS
bench           27.5 430616
isuride         25.9 33324
mysqld          17.8 1145400
nginx            1.1 17140
nginx            1.1 17236
systemd-journal  0.5 225120
jbd2/sda1-8      0.3     0
rsyslogd         0.3  5244
kworker/1:1H-kb  0.1     0
2026-09-26T15:58:51+00:00
COMMAND         %CPU   RSS
bench           27.4 433368
isuride         26.4 35620
mysqld          17.8 1147340
nginx            1.1 17140
nginx            1.1 17236
systemd-journal  0.5 225120
jbd2/sda1-8      0.3     0
rsyslogd         0.3  5244
kworker/1:1H-kb  0.1     0
2026-09-26T15:58:53+00:00
COMMAND         %CPU   RSS
bench           27.5 463208
isuride         26.7 36424
mysqld          17.8 1148368
nginx            1.1 17140
nginx            1.1 17236
systemd-journal  0.5 225120
jbd2/sda1-8      0.3     0
rsyslogd         0.3  5244
kworker/1:1H-kb  0.1     0
2026-09-26T15:58:55+00:00
COMMAND         %CPU   RSS
bench           27.6 466184
isuride         27.1 35416
mysqld          17.8 1150116
curl             4.0 12312
nginx            1.1 17140
nginx            1.1 17236
systemd-journal  0.5 225120
jbd2/sda1-8      0.3     0
rsyslogd         0.3  5244
2026-09-26T15:58:57+00:00
COMMAND         %CPU   RSS
bench           27.7 468332
isuride         27.4 39292
mysqld          17.9 1150980
curl             5.2 12324
nginx            1.1 17140
nginx            1.1 17236
systemd-journal  0.5 225120
jbd2/sda1-8      0.3     0
rsyslogd         0.3  5244
2026-09-26T15:58:59+00:00
COMMAND         %CPU   RSS
bench           27.9 495036
isuride         27.7 40516
mysqld          17.9 1151940
curl             2.9 12324
nginx            1.1 17140
nginx            1.1 17236
systemd-journal  0.5 225120
jbd2/sda1-8      0.3     0
rsyslogd         0.3  5244
2026-09-26T15:59:01+00:00
COMMAND         %CPU   RSS
isuride         27.9 38156
bench           27.8 496744
mysqld          17.9 1151976
curl             3.0 12324
nginx            1.1 17140
nginx            1.1 17236
systemd-journal  0.5 225120
jbd2/sda1-8      0.3     0
rsyslogd         0.3  5244
2026-09-26T15:59:03+00:00
COMMAND         %CPU   RSS
isuride         27.8 41828
bench           27.4 498456
mysqld          17.9 1152136
curl             1.8 12324
nginx            1.1 17140
nginx            1.1 17236
systemd-journal  0.5 225120
jbd2/sda1-8      0.3     0
rsyslogd         0.3  5244
2026-09-26T15:59:05+00:00
COMMAND         %CPU   RSS
isuride         28.0 42312
bench           27.5 532848
mysqld          17.9 1155096
curl             4.1 12324
nginx            1.1 17140
nginx            1.1 17236
systemd-journal  0.5 225120
jbd2/sda1-8      0.3     0
rsyslogd         0.3  5244
2026-09-26T15:59:07+00:00
COMMAND         %CPU   RSS
isuride         28.2 43144
bench           27.4 533520
mysqld          17.9 1153124
curl             2.0 12324
nginx            1.1 17140
nginx            1.1 17236
systemd-journal  0.5 225120
jbd2/sda1-8      0.3     0
rsyslogd         0.3  5244
2026-09-26T15:59:09+00:00
COMMAND         %CPU   RSS
isuride         28.3 44640
bench           27.4 546232
mysqld          17.9 1153124
curl             2.1 12320
nginx            1.1 17168
nginx            1.1 17236
systemd-journal  0.5 225120
jbd2/sda1-8      0.3     0
rsyslogd         0.3  5244
2026-09-26T15:59:12+00:00
COMMAND         %CPU   RSS
isuride         28.6 33260
bench           27.4 567916
mysqld          17.9 1153132
curl             6.2 12324
nginx            1.1 17168
nginx            1.1 17236
systemd-journal  0.5 225120
jbd2/sda1-8      0.3     0
rsyslogd         0.3  5244
2026-09-26T15:59:14+00:00
COMMAND         %CPU   RSS
isuride         29.0 33484
bench           27.3 567920
mysqld          17.9 1153124
nginx            1.1 17168
nginx            1.1 17236
systemd-journal  0.5 225120
jbd2/sda1-8      0.3     0
rsyslogd         0.3  5244
kworker/1:1H-kb  0.1     0
