procs -----------memory---------- ---swap-- -----io---- -system-- -------cpu------- -----timestamp-----
 r  b   swpd   free   buff  cache   si   so    bi    bo   in   cs us sy id wa st gu                 UTC
 3  0      0 678048  69800 1981764    0    0    85  3571 3418   66 12  6 82  0  0  0 2026-09-26 15:58:09
 5  1      0 649900  69808 1977576    0    0    84 57384 18164 38841 30 12 43 15  0  0 2026-09-26 15:58:10
 6  0      0 644540  69808 1978412    0    0     0 16844 24346 69441 18 16 63  3  0  0 2026-09-26 15:58:11
 2  1      0 641604  69808 1979008    0    0     0 14524 30517 90127 27 20 50  3  0  0 2026-09-26 15:58:12
 6  0      0 628784  69808 1979976    0    0     0 19688 30816 109993 38 28 30  4  0  0 2026-09-26 15:58:13
22  2      0 610756  69808 1982004    0    0     0 26112 27443 112858 45 32 20  4  0  0 2026-09-26 15:58:14
22  0      0 591272  69808 1983176    0    0     0 20000 28669 122879 43 33 21  3  0  0 2026-09-26 15:58:15
 9  0      0 573908  69808 1985424    0    0     0 23888 26648 114560 48 35 15  3  0  0 2026-09-26 15:58:16
 7  1      0 547732  69808 1986748    0    0     0 25276 25828 117807 52 39  7  2  0  0 2026-09-26 15:58:17
31  0      0 530176  69808 1989204    0    0     0 27400 26161 115391 52 41  6  2  0  0 2026-09-26 15:58:18
23  0      0 510688  69808 1990548    0    0     0 23968 22732 102954 57 39  4  1  0  0 2026-09-26 15:58:19
49  1      0 480728  69808 1992848    0    0     0 27516 22458 109404 57 41  2  1  0  0 2026-09-26 15:58:20
 7  0      0 475212  69808 1994296    0    0     0 24904 22723 109666 57 40  3  1  0  0 2026-09-26 15:58:21
45  1      0 446524  69808 1995752    0    0     0 25408 23302 108892 58 39  2  1  0  0 2026-09-26 15:58:22
40  0      0 432068  69808 1996996    0    0     0 24892 22603 110529 56 41  2  1  0  0 2026-09-26 15:58:23
 7  1      0 416724  69808 1998220    0    0     0 28796 20287 105905 58 40  2  1  0  0 2026-09-26 15:58:24
22  1      0 411580  69808 1999528    0    0     0 34460 22325 107591 59 40  1  1  0  0 2026-09-26 15:58:25
54  0      0 394696  69808 2001840    0    0     0 29352 21512 108822 58 41  1  1  0  0 2026-09-26 15:58:26
34  1      0 391216  69808 2003256    0    0     0 27832 22773 109321 57 42  2  0  0  0 2026-09-26 15:58:27
58  0      0 361820  69808 2005480    0    0     0 28768 21185 105766 56 43  1  1  0  0 2026-09-26 15:58:28
42  1      0 354008  69808 2007188    0    0     0 28388 19698 100281 57 42  1  0  0  0 2026-09-26 15:58:29
procs -----------memory---------- ---swap-- -----io---- -system-- -------cpu------- -----timestamp-----
 r  b   swpd   free   buff  cache   si   so    bi    bo   in   cs us sy id wa st gu                 UTC
33  1      0 357740  69808 2008112    0    0     0 26940 21143 109188 58 41  1  0  0  0 2026-09-26 15:58:30
43  0      0 337716  69808 2009648    0    0     0 27256 20004 108178 59 40  1  1  0  0 2026-09-26 15:58:31
13  0      0 334468  69808 2011168    0    0     0 29200 20331 108563 56 42  2  1  0  0 2026-09-26 15:58:32
48  1      0 318120  69808 2012544    0    0     0 27556 22221 104670 59 39  2  1  0  0 2026-09-26 15:58:33
41  1      0 314840  69808 2013940    0    0     0 26088 23387 104592 58 39  2  1  0  0 2026-09-26 15:58:34
34  0      0 306360  69808 2015200    0    0     0 35548 21226 100773 57 42  1  0  0  0 2026-09-26 15:58:35
12  1      0 288216  69808 2016892    0    0     0 28816 18601 106995 59 38  2  1  0  0 2026-09-26 15:58:36
13  0      0 287584  69808 2019516    0    0     0 28844 18593 102645 59 40  1  0  0  0 2026-09-26 15:58:37
40  0      0 281916  69808 2021220    0    0     0 26216 22545 110200 56 41  2  1  0  0 2026-09-26 15:58:38
 4  2      0 259948  69808 2022328    0    0     0 25892 19921 96636 58 40  2  1  0  0 2026-09-26 15:58:39
20  0      0 255080  69808 2024856    0    0     0 28932 20304 99577 62 37  2  0  0  0 2026-09-26 15:58:40
57  0      0 248616  69808 2026292    0    0     0 26888 21605 106472 61 39  1  0  0  0 2026-09-26 15:58:41
22  0      0 214252  69808 2027652    0    0     0 26704 19484 99447 60 39  1  0  0  0 2026-09-26 15:58:42
56  1      0 221336  69808 2029108    0    0     0 27200 21573 108317 61 38  1  0  0  0 2026-09-26 15:58:43
12  1      0 218420  69808 2030312    0    0     0 28404 19276 96971 60 39  1  0  0  0 2026-09-26 15:58:44
21  1      0 186480  69808 2031904    0    0    16 34324 20733 101003 60 40  1  0  0  0 2026-09-26 15:58:45
 7  0      0 176708  69808 2033216    0    0     0 28480 21880 101441 61 38  1  1  0  0 2026-09-26 15:58:46
37  0      0 172180  69808 2035668    0    0     0 28332 21542 102244 57 41  1  1  0  0 2026-09-26 15:58:47
39  0      0 165664  69808 2036848    0    0     0 31024 20319 97697 60 39  1  0  0  0 2026-09-26 15:58:48
29  1      0 122432  69812 2039424    0    0     0 27532 19085 94651 62 37  1  1  0  0 2026-09-26 15:58:49
19  1      0 125836  69812 2040664    0    0     0 29264 20693 98549 58 42  1  0  0  0 2026-09-26 15:58:50
procs -----------memory---------- ---swap-- -----io---- -system-- -------cpu------- -----timestamp-----
 r  b   swpd   free   buff  cache   si   so    bi    bo   in   cs us sy id wa st gu                 UTC
42  0      0 116316  69812 2041928    0    0     0 29792 20504 96945 57 42  1  0  0  0 2026-09-26 15:58:51
13  0      0 120460  69812 2043168    0    0     0 14412 16671 95957 53 26  1 21  0  0 2026-09-26 15:58:52
13  1      0  97056  69812 2044436    0    0     0 21200 21461 105244 62 34  1  4  0  0 2026-09-26 15:58:53
47  0      0  92176  69812 2045828    0    0     0 24300 19578 93747 60 38  2  1  0  0 2026-09-26 15:58:54
50  0      0  76876  69816 2046964    0    0     0 31688 19970 95061 64 36  1  0  0  0 2026-09-26 15:58:55
52  0      0  76384  69816 2048296    0    0     0 22872 18959 86853 61 37  1  1  0  0 2026-09-26 15:58:56
40  1      0  92600  69088 2036104    0    0     0 16976 14161 54402 60 37  1  1  0  0 2026-09-26 15:58:57
12  1      0  83960  68956 2021104    0    0     0 21816 16917 74167 61 36  3  1  0  0 2026-09-26 15:58:58
33  1      0  75472  68956 2022636    0    0     4 25816 18426 89583 61 35  3  1  0  0 2026-09-26 15:58:59
55  1      0  93488  68924 1997992    0    0     0 24200 20695 88194 60 34  5  1  0  0 2026-09-26 15:59:00
 9  0      0  99796  68924 1999664    0    0     0 26788 19868 94653 57 38  4  2  0  0 2026-09-26 15:59:01
11  1      0  84108  68924 2002764    0    0     0 12968 12596 53236 33 18 25 25  0  0 2026-09-26 15:59:02
22  1      0  76108  68924 2003748    0    0     0 14860 18878 80859 46 22 12 20  0  0 2026-09-26 15:59:03
12  1      0  89304  68924 1961896    0    0     0 25312 18685 87734 62 35  3  1  0  0 2026-09-26 15:59:04
19  0      0  88228  68924 1963468    0    0     0 27504 20384 92450 57 35  5  3  0  0 2026-09-26 15:59:05
24  0      0 102544  68924 1957564    0    0     0 32060 19914 90805 59 35  5  2  0  0 2026-09-26 15:59:06
 9  0      0  81404  68924 1959752    0    0     0 25144 20734 91181 59 35  5  2  0  0 2026-09-26 15:59:07
12  1      0  90352  68924 1960492    0    0     0 26172 19251 90751 60 37  3  1  0  0 2026-09-26 15:59:08
15  1      0  78724  68924 1961932    0    0     0 25844 19518 83574 61 34  4  1  0  0 2026-09-26 15:59:09
19  1      0  77256  68924 1943016    0    0     0 25844 20384 89742 58 35  5  3  0  0 2026-09-26 15:59:10
13  0      0  88880  68924 1944152    0    0     0 17168 19065 110608 59 33  6  2  0  0 2026-09-26 15:59:11
procs -----------memory---------- ---swap-- -----io---- -system-- -------cpu------- -----timestamp-----
 r  b   swpd   free   buff  cache   si   so    bi    bo   in   cs us sy id wa st gu                 UTC
11  0      0  83612  68924 1945176    0    0     0  6272 18196 125070 62 30  8  1  0  0 2026-09-26 15:59:12
10  0      0  85044  68924 1946116    0    0     0  4076 19934 133809 65 30  5  0  0  0 2026-09-26 15:59:13
30  0      0  83036  68924 1946952    0    0     0  4104 22182 123907 63 29  7  0  0  0 2026-09-26 15:59:14
