time=16:57:47.358 level=DEBUG source=/tmp/isucon14/bench/cmd/run.go:90 msg=target targetURL=https://isuride.xiv.isucon.net targetAddr=127.0.0.1:443 benchrun.GetTargetAddress()="" paymentURL=http://127.0.0.1:12346
time=16:57:47.359 level=INFO msg=負荷走行を開始します
time=16:57:50.377 level=DEBUG source=/tmp/isucon14/bench/benchmarker/scenario/scenario.go:315 msg=時間経過 tick=60
time=16:57:50.377 level=DEBUG source=/tmp/isucon14/bench/benchmarker/scenario/scenario.go:317 msg=eval reqs=0 score="[0 0 0 0 0]" criteria="[0 0 0 0]"
time=16:57:52.176 level=DEBUG source=/tmp/isucon14/bench/benchmarker/scenario/scenario.go:315 msg=時間経過 tick=120
time=16:57:52.176 level=DEBUG source=/tmp/isucon14/bench/benchmarker/scenario/scenario.go:317 msg=eval reqs=1 score="[0 0 0 1 0]" criteria="[1 0 1 1]"
time=16:57:53.976 level=INFO msg=これまでに地域内の評判によって2人、既存ユーザーの招待経由で2人が新規登録しました
time=16:57:53.976 level=INFO msg=0.0%のライドは椅子がマッチされるまでの時間、100.0%のライドはマッチされた椅子が乗車地点までに掛かる時間、0.0%のライドは椅子の実移動時間に不満がありました
time=16:57:53.976 level=DEBUG source=/tmp/isucon14/bench/benchmarker/scenario/scenario.go:315 msg=時間経過 tick=180
time=16:57:53.976 level=DEBUG source=/tmp/isucon14/bench/benchmarker/scenario/scenario.go:317 msg=eval reqs=2 score="[0 0 0 2 0]" criteria="[2 0 2 2]"
time=16:57:55.776 level=DEBUG source=/tmp/isucon14/bench/benchmarker/scenario/scenario.go:315 msg=時間経過 tick=240
time=16:57:55.776 level=DEBUG source=/tmp/isucon14/bench/benchmarker/scenario/scenario.go:317 msg=eval reqs=2 score="[0 0 0 2 0]" criteria="[2 0 2 2]"
time=16:57:57.576 level=DEBUG source=/tmp/isucon14/bench/benchmarker/scenario/scenario.go:315 msg=時間経過 tick=300
time=16:57:57.576 level=DEBUG source=/tmp/isucon14/bench/benchmarker/scenario/scenario.go:317 msg=eval reqs=4 score="[1 1 0 2 0]" criteria="[2 0 3 2]"
time=16:57:59.376 level=INFO msg=これまでに地域内の評判によって5人、既存ユーザーの招待経由で2人が新規登録しました
time=16:57:59.376 level=INFO msg=これまでに低評価なライドによって1人が利用をやめました
time=16:57:59.376 level=INFO msg=71.4%のライドは椅子がマッチされるまでの時間、85.7%のライドはマッチされた椅子が乗車地点までに掛かる時間、57.1%のライドは椅子の実移動時間に不満がありました
time=16:57:59.376 level=DEBUG source=/tmp/isucon14/bench/benchmarker/scenario/scenario.go:315 msg=時間経過 tick=360
time=16:57:59.376 level=DEBUG source=/tmp/isucon14/bench/benchmarker/scenario/scenario.go:317 msg=eval reqs=7 score="[3 1 1 2 0]" criteria="[2 1 4 2]"
time=16:58:01.176 level=DEBUG source=/tmp/isucon14/bench/benchmarker/scenario/scenario.go:315 msg=時間経過 tick=420
time=16:58:01.176 level=DEBUG source=/tmp/isucon14/bench/benchmarker/scenario/scenario.go:317 msg=eval reqs=10 score="[6 1 1 2 0]" criteria="[2 1 4 2]"
time=16:58:02.976 level=DEBUG source=/tmp/isucon14/bench/benchmarker/scenario/scenario.go:315 msg=時間経過 tick=480
time=16:58:02.976 level=DEBUG source=/tmp/isucon14/bench/benchmarker/scenario/scenario.go:317 msg=eval reqs=11 score="[6 2 1 2 0]" criteria="[2 1 4 3]"
time=16:58:04.777 level=INFO msg=これまでに地域内の評判によって9人、既存ユーザーの招待経由で2人が新規登録しました
time=16:58:04.777 level=INFO msg=これまでに低評価なライドによって3人が利用をやめました
time=16:58:04.777 level=INFO msg=81.8%のライドは椅子がマッチされるまでの時間、90.9%のライドはマッチされた椅子が乗車地点までに掛かる時間、68.2%のライドは椅子の実移動時間に不満がありました
time=16:58:04.777 level=DEBUG source=/tmp/isucon14/bench/benchmarker/scenario/scenario.go:315 msg=時間経過 tick=540
time=16:58:04.777 level=DEBUG source=/tmp/isucon14/bench/benchmarker/scenario/scenario.go:317 msg=eval reqs=11 score="[6 2 1 2 0]" criteria="[2 1 4 3]"
time=16:58:06.577 level=DEBUG source=/tmp/isucon14/bench/benchmarker/scenario/scenario.go:315 msg=時間経過 tick=600
time=16:58:06.577 level=DEBUG source=/tmp/isucon14/bench/benchmarker/scenario/scenario.go:317 msg=eval reqs=13 score="[8 2 1 2 0]" criteria="[2 1 4 3]"
time=16:58:06.645 level=INFO msg=一定の売上が立ったためオーナーの椅子が増加します 名前=座和インダストリー 増加数=1
time=16:58:08.376 level=DEBUG source=/tmp/isucon14/bench/benchmarker/scenario/scenario.go:315 msg=時間経過 tick=660
time=16:58:08.377 level=DEBUG source=/tmp/isucon14/bench/benchmarker/scenario/scenario.go:317 msg=eval reqs=15 score="[10 2 1 2 0]" criteria="[2 1 4 3]"
time=16:58:08.494 level=INFO msg=一定の売上が立ったためオーナーの椅子が増加します 名前=座り心地再生所 増加数=1
time=16:58:10.177 level=DEBUG source=/tmp/isucon14/bench/benchmarker/scenario/scenario.go:315 msg=時間経過 tick=720
time=16:58:10.177 level=DEBUG source=/tmp/isucon14/bench/benchmarker/scenario/scenario.go:317 msg=eval reqs=16 score="[10 3 1 2 0]" criteria="[3 1 4 3]"
time=16:58:10.177 level=INFO msg=これまでに地域内の評判によって12人、既存ユーザーの招待経由で2人が新規登録しました
time=16:58:10.177 level=INFO msg=これまでに低評価なライドによって5人が利用をやめました
time=16:58:10.177 level=INFO msg=81.2%のライドは椅子がマッチされるまでの時間、93.8%のライドはマッチされた椅子が乗車地点までに掛かる時間、78.1%のライドは椅子の実移動時間に不満がありました
time=16:58:11.977 level=DEBUG source=/tmp/isucon14/bench/benchmarker/scenario/scenario.go:315 msg=時間経過 tick=780
time=16:58:11.977 level=DEBUG source=/tmp/isucon14/bench/benchmarker/scenario/scenario.go:317 msg=eval reqs=18 score="[12 3 1 2 0]" criteria="[3 1 4 3]"
time=16:58:12.057 level=INFO msg=一定の売上が立ったためオーナーの椅子が増加します 名前=座和インダストリー 増加数=1
time=16:58:13.777 level=DEBUG source=/tmp/isucon14/bench/benchmarker/scenario/scenario.go:315 msg=時間経過 tick=840
time=16:58:13.777 level=DEBUG source=/tmp/isucon14/bench/benchmarker/scenario/scenario.go:317 msg=eval reqs=19 score="[13 3 1 2 0]" criteria="[3 1 4 3]"
time=16:58:15.576 level=INFO msg=これまでに地域内の評判によって17人、既存ユーザーの招待経由で2人が新規登録しました
time=16:58:15.576 level=INFO msg=これまでに低評価なライドによって9人が利用をやめました
time=16:58:15.576 level=INFO msg=77.3%のライドは椅子がマッチされるまでの時間、95.5%のライドはマッチされた椅子が乗車地点までに掛かる時間、84.1%のライドは椅子の実移動時間に不満がありました
time=16:58:15.576 level=DEBUG source=/tmp/isucon14/bench/benchmarker/scenario/scenario.go:315 msg=時間経過 tick=900
time=16:58:15.576 level=DEBUG source=/tmp/isucon14/bench/benchmarker/scenario/scenario.go:317 msg=eval reqs=22 score="[14 5 1 2 0]" criteria="[5 1 4 3]"
time=16:58:15.657 level=INFO msg=一定の売上が立ったためオーナーの椅子が増加します 名前=おもてなしタクシー 増加数=1
time=16:58:17.376 level=DEBUG source=/tmp/isucon14/bench/benchmarker/scenario/scenario.go:315 msg=時間経過 tick=960
time=16:58:17.376 level=DEBUG source=/tmp/isucon14/bench/benchmarker/scenario/scenario.go:317 msg=eval reqs=24 score="[16 5 1 2 0]" criteria="[5 1 4 3]"
time=16:58:19.176 level=DEBUG source=/tmp/isucon14/bench/benchmarker/scenario/scenario.go:315 msg=時間経過 tick=1020
time=16:58:19.176 level=DEBUG source=/tmp/isucon14/bench/benchmarker/scenario/scenario.go:317 msg=eval reqs=26 score="[18 5 1 2 0]" criteria="[5 1 4 3]"
time=16:58:20.976 level=INFO msg=これまでに地域内の評判によって22人、既存ユーザーの招待経由で2人が新規登録しました
time=16:58:20.976 level=INFO msg=これまでに低評価なライドによって14人が利用をやめました
time=16:58:20.976 level=INFO msg=72.4%のライドは椅子がマッチされるまでの時間、96.6%のライドはマッチされた椅子が乗車地点までに掛かる時間、87.9%のライドは椅子の実移動時間に不満がありました
time=16:58:20.976 level=DEBUG source=/tmp/isucon14/bench/benchmarker/scenario/scenario.go:315 msg=時間経過 tick=1080
time=16:58:20.976 level=DEBUG source=/tmp/isucon14/bench/benchmarker/scenario/scenario.go:317 msg=eval reqs=29 score="[18 8 1 2 0]" criteria="[8 1 4 3]"
time=16:58:21.000 level=INFO msg=一定の売上が立ったためオーナーの椅子が増加します 名前=座り心地再生所 増加数=1
time=16:58:21.031 level=INFO msg=一定の売上が立ったためオーナーの椅子が増加します 名前=おもてなしタクシー 増加数=1
time=16:58:21.037 level=INFO msg=一定の売上が立ったためオーナーの椅子が増加します 名前=ZenSeat 増加数=1
time=16:58:21.040 level=INFO msg=一定の売上が立ったためオーナーの椅子が増加します 名前=座和インダストリー 増加数=1
time=16:58:22.776 level=DEBUG source=/tmp/isucon14/bench/benchmarker/scenario/scenario.go:315 msg=時間経過 tick=1140
time=16:58:22.776 level=DEBUG source=/tmp/isucon14/bench/benchmarker/scenario/scenario.go:317 msg=eval reqs=29 score="[18 8 1 2 0]" criteria="[8 1 4 3]"
time=16:58:24.576 level=DEBUG source=/tmp/isucon14/bench/benchmarker/scenario/scenario.go:315 msg=時間経過 tick=1200
time=16:58:24.576 level=DEBUG source=/tmp/isucon14/bench/benchmarker/scenario/scenario.go:317 msg=eval reqs=29 score="[18 8 1 2 0]" criteria="[8 1 4 3]"
time=16:58:26.376 level=DEBUG source=/tmp/isucon14/bench/benchmarker/scenario/scenario.go:315 msg=時間経過 tick=1260
time=16:58:26.376 level=INFO msg=これまでに地域内の評判によって27人、既存ユーザーの招待経由で2人が新規登録しました
time=16:58:26.376 level=DEBUG source=/tmp/isucon14/bench/benchmarker/scenario/scenario.go:317 msg=eval reqs=30 score="[18 9 1 2 0]" criteria="[9 1 4 3]"
time=16:58:26.376 level=INFO msg=これまでに低評価なライドによって14人が利用をやめました
time=16:58:26.376 level=INFO msg=70.0%のライドは椅子がマッチされるまでの時間、96.7%のライドはマッチされた椅子が乗車地点までに掛かる時間、88.3%のライドは椅子の実移動時間に不満がありました
time=16:58:28.176 level=DEBUG source=/tmp/isucon14/bench/benchmarker/scenario/scenario.go:315 msg=時間経過 tick=1320
time=16:58:28.176 level=DEBUG source=/tmp/isucon14/bench/benchmarker/scenario/scenario.go:317 msg=eval reqs=31 score="[18 10 1 2 0]" criteria="[10 1 4 3]"
time=16:58:29.976 level=DEBUG source=/tmp/isucon14/bench/benchmarker/scenario/scenario.go:315 msg=時間経過 tick=1380
time=16:58:29.976 level=DEBUG source=/tmp/isucon14/bench/benchmarker/scenario/scenario.go:317 msg=eval reqs=35 score="[21 11 1 2 0]" criteria="[11 1 4 3]"
time=16:58:30.222 level=INFO msg=一定の売上が立ったためオーナーの椅子が増加します 名前="Urban Wheels" 増加数=1
time=16:58:31.777 level=DEBUG source=/tmp/isucon14/bench/benchmarker/scenario/scenario.go:315 msg=時間経過 tick=1440
time=16:58:31.777 level=DEBUG source=/tmp/isucon14/bench/benchmarker/scenario/scenario.go:317 msg=eval reqs=37 score="[21 13 1 2 0]" criteria="[13 1 4 3]"
time=16:58:31.777 level=INFO msg=これまでに地域内の評判によって31人、既存ユーザーの招待経由で2人が新規登録しました
time=16:58:31.777 level=INFO msg=これまでに低評価なライドによって22人が利用をやめました
time=16:58:31.777 level=INFO msg=64.9%のライドは椅子がマッチされるまでの時間、97.3%のライドはマッチされた椅子が乗車地点までに掛かる時間、90.5%のライドは椅子の実移動時間に不満がありました
time=16:58:31.920 level=INFO msg=一定の売上が立ったためオーナーの椅子が増加します 名前=座和インダストリー 増加数=1
time=16:58:31.947 level=INFO msg=一定の売上が立ったためオーナーの椅子が増加します 名前=おもてなしタクシー 増加数=1
time=16:58:33.576 level=DEBUG source=/tmp/isucon14/bench/benchmarker/scenario/scenario.go:315 msg=時間経過 tick=1500
time=16:58:33.576 level=DEBUG source=/tmp/isucon14/bench/benchmarker/scenario/scenario.go:317 msg=eval reqs=38 score="[21 14 1 2 0]" criteria="[14 1 4 3]"
time=16:58:33.943 level=INFO msg=一定の売上が立ったためオーナーの椅子が増加します 名前=座り心地再生所 増加数=1
time=16:58:35.376 level=DEBUG source=/tmp/isucon14/bench/benchmarker/scenario/scenario.go:315 msg=時間経過 tick=1560
time=16:58:35.376 level=DEBUG source=/tmp/isucon14/bench/benchmarker/scenario/scenario.go:317 msg=eval reqs=38 score="[21 14 1 2 0]" criteria="[14 1 4 3]"
time=16:58:37.176 level=INFO msg=これまでに地域内の評判によって37人、既存ユーザーの招待経由で2人が新規登録しました
time=16:58:37.176 level=INFO msg=これまでに低評価なライドによって25人が利用をやめました
time=16:58:37.176 level=INFO msg=65.0%のライドは椅子がマッチされるまでの時間、97.5%のライドはマッチされた椅子が乗車地点までに掛かる時間、91.2%のライドは椅子の実移動時間に不満がありました
time=16:58:37.176 level=DEBUG source=/tmp/isucon14/bench/benchmarker/scenario/scenario.go:315 msg=時間経過 tick=1620
time=16:58:37.176 level=DEBUG source=/tmp/isucon14/bench/benchmarker/scenario/scenario.go:317 msg=eval reqs=40 score="[23 14 1 2 0]" criteria="[14 1 4 3]"
time=16:58:37.415 level=INFO msg=一定の売上が立ったためオーナーの椅子が増加します 名前=ZenSeat 増加数=1
time=16:58:38.976 level=DEBUG source=/tmp/isucon14/bench/benchmarker/scenario/scenario.go:315 msg=時間経過 tick=1680
time=16:58:38.976 level=DEBUG source=/tmp/isucon14/bench/benchmarker/scenario/scenario.go:317 msg=eval reqs=42 score="[23 15 2 2 0]" criteria="[16 2 4 3]"
time=16:58:40.777 level=DEBUG source=/tmp/isucon14/bench/benchmarker/scenario/scenario.go:315 msg=時間経過 tick=1740
time=16:58:40.777 level=DEBUG source=/tmp/isucon14/bench/benchmarker/scenario/scenario.go:317 msg=eval reqs=46 score="[24 16 4 2 0]" criteria="[19 3 4 4]"
time=16:58:40.971 level=INFO msg=一定の売上が立ったためオーナーの椅子が増加します 名前=座り心地再生所 増加数=1
time=16:58:41.108 level=INFO msg=一定の売上が立ったためオーナーの椅子が増加します 名前=座和インダストリー 増加数=1
time=16:58:42.576 level=DEBUG source=/tmp/isucon14/bench/benchmarker/scenario/scenario.go:315 msg=時間経過 tick=1800
time=16:58:42.577 level=DEBUG source=/tmp/isucon14/bench/benchmarker/scenario/scenario.go:317 msg=eval reqs=48 score="[24 18 4 2 0]" criteria="[21 3 4 4]"
time=16:58:42.577 level=INFO msg=これまでに地域内の評判によって43人、既存ユーザーの招待経由で2人が新規登録しました
time=16:58:42.577 level=INFO msg=これまでに低評価なライドによって30人が利用をやめました
time=16:58:42.577 level=INFO msg=56.2%のライドは椅子がマッチされるまでの時間、93.8%のライドはマッチされた椅子が乗車地点までに掛かる時間、91.7%のライドは椅子の実移動時間に不満がありました
time=16:58:44.407 level=DEBUG source=/tmp/isucon14/bench/benchmarker/scenario/scenario.go:315 msg=時間経過 tick=1860
time=16:58:44.407 level=DEBUG source=/tmp/isucon14/bench/benchmarker/scenario/scenario.go:317 msg=eval reqs=49 score="[25 18 4 2 0]" criteria="[21 3 4 4]"
time=16:58:46.206 level=DEBUG source=/tmp/isucon14/bench/benchmarker/scenario/scenario.go:315 msg=時間経過 tick=1920
time=16:58:46.206 level=DEBUG source=/tmp/isucon14/bench/benchmarker/scenario/scenario.go:317 msg=eval reqs=51 score="[26 19 4 2 0]" criteria="[21 4 4 4]"
time=16:58:48.007 level=DEBUG source=/tmp/isucon14/bench/benchmarker/scenario/scenario.go:315 msg=時間経過 tick=1980
time=16:58:48.009 level=INFO msg=これまでに地域内の評判によって49人、既存ユーザーの招待経由で2人が新規登録しました
time=16:58:48.009 level=INFO msg=これまでに低評価なライドによって33人が利用をやめました
time=16:58:48.009 level=INFO msg=58.8%のライドは椅子がマッチされるまでの時間、92.2%のライドはマッチされた椅子が乗車地点までに掛かる時間、92.2%のライドは椅子の実移動時間に不満がありました
time=16:58:48.008 level=DEBUG source=/tmp/isucon14/bench/benchmarker/scenario/scenario.go:317 msg=eval reqs=51 score="[26 19 4 2 0]" criteria="[21 4 4 4]"
time=16:58:53.579 level=INFO msg=最終地域情報 名前=チェアタウン ユーザー登録数=39 アクティブユーザー数=14
time=16:58:53.579 level=INFO msg=最終地域情報 名前=コシカケシティ ユーザー登録数=24 アクティブユーザー数=16
time=16:58:53.579 level=INFO msg=最終オーナー情報 名前=座和インダストリー 売上=91600 椅子数=9
time=16:58:53.579 level=INFO msg=最終オーナー情報 名前=おもてなしタクシー 売上=66700 椅子数=7
time=16:58:53.579 level=INFO msg=最終オーナー情報 名前=座り心地再生所 売上=74100 椅子数=8
time=16:58:53.579 level=INFO msg=最終オーナー情報 名前="Urban Wheels" 売上=42900 椅子数=5
time=16:58:53.579 level=INFO msg=最終オーナー情報 名前=ZenSeat 売上=32800 椅子数=6
time=16:58:53.579 level=INFO msg=58.8%のライドは椅子がマッチされるまでの時間、92.2%のライドはマッチされた椅子が乗車地点までに掛かる時間、92.2%のライドは椅子の実移動時間に不満がありました
time=16:58:53.579 level=INFO msg=結果 pass=true スコア=5104 種別エラー数=map[]
time=16:58:53.581 level=INFO msg=負荷走行が終了しました
