2026-09-26T07:57:47+00:00
COMMAND         %CPU   RSS
systemd-resolve  0.3 12448
mysqld           0.2 406124
isuride          0.0  8896
rcu_preempt      0.0     0
multipathd       0.0 26488
ksoftirqd/1      0.0     0
ksoftirqd/0      0.0     0
systemd          0.0 10860
kworker/u4:2-ev  0.0     0
2026-09-26T07:57:49+00:00
COMMAND         %CPU   RSS
bench           10.5 46088
curl             8.3 12344
isuride          0.7 15316
systemd-resolve  0.3 12448
mysqld           0.2 495836
rcu_preempt      0.0     0
multipathd       0.0 26488
ksoftirqd/1      0.0     0
ksoftirqd/0      0.0     0
2026-09-26T07:57:51+00:00
COMMAND         %CPU   RSS
bench           10.2 53464
isuride          2.1 15240
systemd-resolve  0.3 12448
mysqld           0.2 501384
rcu_preempt      0.0     0
multipathd       0.0 26488
ksoftirqd/1      0.0     0
ksoftirqd/0      0.0     0
systemd          0.0 10860
2026-09-26T07:57:53+00:00
COMMAND         %CPU   RSS
bench           10.1 54080
isuride          3.4 15784
systemd-resolve  0.3 12448
mysqld           0.2 551964
rcu_preempt      0.0     0
multipathd       0.0 26488
ksoftirqd/1      0.0     0
ksoftirqd/0      0.0     0
systemd          0.0 10860
2026-09-26T07:57:55+00:00
COMMAND         %CPU   RSS
bench            9.8 57132
isuride          4.4 15784
systemd-resolve  0.3 12448
mysqld           0.2 549496
rcu_preempt      0.0     0
multipathd       0.0 26488
ksoftirqd/1      0.0     0
ksoftirqd/0      0.0     0
systemd          0.0 10860
2026-09-26T07:57:57+00:00
COMMAND         %CPU   RSS
bench           10.0 59120
curl             9.0 12344
isuride          5.3 16276
systemd-resolve  0.3 12448
mysqld           0.2 524256
rcu_preempt      0.0     0
multipathd       0.0 26488
ksoftirqd/1      0.0     0
ksoftirqd/0      0.0     0
2026-09-26T07:57:59+00:00
COMMAND         %CPU   RSS
bench            9.9 60404
isuride          6.0 16076
systemd-resolve  0.3 12448
mysqld           0.2 513492
rcu_preempt      0.0     0
multipathd       0.0 26488
ksoftirqd/1      0.0     0
ksoftirqd/0      0.0     0
systemd          0.0 10860
2026-09-26T07:58:01+00:00
COMMAND         %CPU   RSS
bench            9.8 64752
isuride          6.7 16308
systemd-resolve  0.3 12448
mysqld           0.2 514940
rcu_preempt      0.0     0
multipathd       0.0 26488
ksoftirqd/1      0.0     0
ksoftirqd/0      0.0     0
systemd          0.0 10860
2026-09-26T07:58:03+00:00
COMMAND         %CPU   RSS
bench            9.7 68352
isuride          7.2 16328
systemd-resolve  0.3 12448
mysqld           0.2 516240
rcu_preempt      0.0     0
multipathd       0.0 26488
ksoftirqd/1      0.0     0
ksoftirqd/0      0.0     0
systemd          0.0 10860
2026-09-26T07:58:05+00:00
COMMAND         %CPU   RSS
bench            9.6 69248
isuride          7.7 16184
systemd-resolve  0.3 12448
mysqld           0.2 516680
rcu_preempt      0.0     0
multipathd       0.0 26488
ksoftirqd/1      0.0     0
ksoftirqd/0      0.0     0
systemd          0.0 10860
2026-09-26T07:58:07+00:00
COMMAND         %CPU   RSS
bench            9.6 70012
curl             9.0 12344
isuride          8.2 16728
systemd-resolve  0.3 12448
mysqld           0.2 518540
rcu_preempt      0.0     0
sh               0.0  1588
multipathd       0.0 26488
ksoftirqd/1      0.0     0
2026-09-26T07:58:09+00:00
COMMAND         %CPU   RSS
bench            9.6 72584
isuride          8.6 16704
systemd-resolve  0.3 12448
mysqld           0.2 533228
rcu_preempt      0.0     0
sh               0.0  1588
multipathd       0.0 26488
ksoftirqd/1      0.0     0
ksoftirqd/0      0.0     0
2026-09-26T07:58:11+00:00
COMMAND         %CPU   RSS
bench            9.5 72952
isuride          9.0 16492
systemd-resolve  0.3 12448
mysqld           0.2 534084
rcu_preempt      0.0     0
sh               0.0  1588
multipathd       0.0 26488
ksoftirqd/1      0.0     0
ksoftirqd/0      0.0     0
2026-09-26T07:58:13+00:00
COMMAND         %CPU   RSS
isuride          9.3 16916
bench            9.3 76568
systemd-resolve  0.3 12448
mysqld           0.2 541776
rcu_preempt      0.0     0
sh               0.0  1588
multipathd       0.0 26488
ksoftirqd/1      0.0     0
ksoftirqd/0      0.0     0
2026-09-26T07:58:15+00:00
COMMAND         %CPU   RSS
isuride          9.7 17444
bench            9.1 78852
systemd-resolve  0.3 12448
mysqld           0.2 543048
rcu_preempt      0.0     0
sh               0.0  1588
multipathd       0.0 26488
ksoftirqd/1      0.0     0
ksoftirqd/0      0.0     0
2026-09-26T07:58:17+00:00
COMMAND         %CPU   RSS
isuride          9.9 17664
bench            9.0 81172
systemd-resolve  0.3 12448
mysqld           0.2 559916
rcu_preempt      0.0     0
sh               0.0  1588
multipathd       0.0 26488
ksoftirqd/1      0.0     0
ksoftirqd/0      0.0     0
2026-09-26T07:58:19+00:00
COMMAND         %CPU   RSS
isuride         10.2 17260
bench            8.9 85600
systemd-resolve  0.3 12448
mysqld           0.2 537412
rcu_preempt      0.0     0
sh               0.0  1588
multipathd       0.0 26488
ksoftirqd/1      0.0     0
ksoftirqd/0      0.0     0
2026-09-26T07:58:21+00:00
COMMAND         %CPU   RSS
isuride         10.4 17348
bench            8.8 86272
systemd-resolve  0.3 12448
mysqld           0.2 526880
rcu_preempt      0.0     0
sh               0.0  1588
multipathd       0.0 26488
ksoftirqd/1      0.0     0
ksoftirqd/0      0.0     0
2026-09-26T07:58:23+00:00
COMMAND         %CPU   RSS
isuride         10.6 17988
bench            8.7 89960
systemd-resolve  0.3 12448
mysqld           0.2 527188
rcu_preempt      0.0     0
sh               0.0  1588
multipathd       0.0 26488
ksoftirqd/1      0.0     0
ksoftirqd/0      0.0     0
2026-09-26T07:58:25+00:00
COMMAND         %CPU   RSS
isuride         10.8 18044
bench            8.6 90192
curl             4.5 12344
systemd-resolve  0.3 12448
mysqld           0.2 528024
rcu_preempt      0.0     0
sh               0.0  1588
multipathd       0.0 26488
ksoftirqd/1      0.0     0
2026-09-26T07:58:27+00:00
COMMAND         %CPU   RSS
isuride         10.9 17984
bench            8.5 95932
systemd-resolve  0.3 12448
mysqld           0.2 547404
rcu_preempt      0.0     0
sh               0.0  1588
multipathd       0.0 26488
ksoftirqd/1      0.0     0
ksoftirqd/0      0.0     0
2026-09-26T07:58:29+00:00
COMMAND         %CPU   RSS
isuride         11.1 17756
bench            8.5 97612
systemd-resolve  0.3 12448
mysqld           0.2 548916
rcu_preempt      0.0     0
sh               0.0  1588
multipathd       0.0 26488
ksoftirqd/1      0.0     0
ksoftirqd/0      0.0     0
2026-09-26T07:58:31+00:00
COMMAND         %CPU   RSS
isuride         11.2 18732
bench            8.4 97684
systemd-resolve  0.3 12448
mysqld           0.2 567884
rcu_preempt      0.0     0
sh               0.0  1588
multipathd       0.0 26488
ksoftirqd/1      0.0     0
ksoftirqd/0      0.0     0
2026-09-26T07:58:33+00:00
COMMAND         %CPU   RSS
isuride         11.4 18560
bench            8.4 101180
curl             7.6 12344
systemd-resolve  0.3 12448
mysqld           0.2 539324
rcu_preempt      0.0     0
sh               0.0  1588
multipathd       0.0 26488
ksoftirqd/1      0.0     0
2026-09-26T07:58:35+00:00
COMMAND         %CPU   RSS
isuride         11.6 19016
bench            8.4 102020
curl             3.0 12344
systemd-resolve  0.3 12448
mysqld           0.2 547456
rcu_preempt      0.0     0
multipathd       0.0 26488
ksoftirqd/1      0.0     0
sh               0.0  1588
2026-09-26T07:58:37+00:00
COMMAND         %CPU   RSS
isuride         11.7 19436
bench            8.4 107164
systemd-resolve  0.3 12448
mysqld           0.2 530500
rcu_preempt      0.0     0
multipathd       0.0 26488
ksoftirqd/1      0.0     0
sh               0.0  1588
ksoftirqd/0      0.0     0
2026-09-26T07:58:39+00:00
COMMAND         %CPU   RSS
isuride         11.8 19176
bench            8.5 108844
systemd-resolve  0.3 12448
mysqld           0.2 530524
rcu_preempt      0.0     0
multipathd       0.0 26488
ksoftirqd/1      0.0     0
ksoftirqd/0      0.0     0
sh               0.0  1588
2026-09-26T07:58:41+00:00
COMMAND         %CPU   RSS
isuride         11.9 18612
curl             9.0 12344
bench            8.5 109108
systemd-resolve  0.3 12448
mysqld           0.2 530524
rcu_preempt      0.0     0
bash             0.0  2052
multipathd       0.0 26488
ksoftirqd/1      0.0     0
2026-09-26T07:58:43+00:00
COMMAND         %CPU   RSS
isuride         12.0 19768
bench            8.5 116852
systemd-resolve  0.3 12448
mysqld           0.2 530612
rcu_preempt      0.0     0
bash             0.0  2052
multipathd       0.0 26488
ksoftirqd/1      0.0     0
ksoftirqd/0      0.0     0
2026-09-26T07:58:45+00:00
COMMAND         %CPU   RSS
isuride         12.1 20076
bench            8.5 117840
systemd-resolve  0.3 12448
mysqld           0.2 531284
rcu_preempt      0.0     0
bash             0.0  2052
kworker/0:1-eve  0.0     0
multipathd       0.0 26488
ksoftirqd/1      0.0     0
2026-09-26T07:58:47+00:00
COMMAND         %CPU   RSS
ps              33.3  3768
isuride         12.1 20900
bench            8.5 118228
systemd-resolve  0.3 12448
mysqld           0.2 581920
rcu_preempt      0.0     0
bash             0.0  2052
kworker/0:1-eve  0.0     0
multipathd       0.0 26488
2026-09-26T07:58:49+00:00
COMMAND         %CPU   RSS
ps               100  3772
isuride         12.3 21016
bench            8.6 118856
curl             4.6 12344
systemd-resolve  0.3 12448
mysqld           0.2 623984
rcu_preempt      0.0     0
bash             0.0  2052
kworker/0:1-mm_  0.0     0
2026-09-26T07:58:51+00:00
COMMAND         %CPU   RSS
isuride         12.4 19988
bench            8.6 118856
systemd-resolve  0.3 12448
mysqld           0.2 534036
rcu_preempt      0.0     0
kworker/0:1-eve  0.0     0
bash             0.0  2052
multipathd       0.0 26488
ksoftirqd/1      0.0     0
