procs -----------memory---------- ---swap-- -----io---- -system-- -------cpu------- -----timestamp-----
 r  b   swpd   free   buff  cache   si   so    bi    bo   in   cs us sy id wa st gu                 UTC
 4  0      0 2138860  36856 1240188    0    0     1     8  315    1  1  1 98  0  0  0 2026-09-26 07:57:47
 5  1      0 2049836  41764 1263948    0    0  4684 35672 13927 27011 23 13 42 22  0  0 2026-09-26 07:57:48
13  0      0 1993148  42588 1266352    0    0  1124  8984 11664 31005 76 13 10  2  0  0 2026-09-26 07:57:49
 7  0      0 1916496  43564 1267252    0    0     0  6036 16405 53842 69 20 10  1  0  0 2026-09-26 07:57:50
22  1      0 1913724  45144 1272812    0    0    44  8432 17735 61295 68 20 11  1  0  0 2026-09-26 07:57:51
20  0      0 1893904  46692 1268652    0    0     0 14312 15711 50119 75 20  4  1  0  0 2026-09-26 07:57:52
20  0      0 1869068  48600 1275276    0    0     0 11972 15628 50946 73 22  5  1  0  0 2026-09-26 07:57:53
20  0      0 1868772  50296 1270880    0    0     0  9924 14102 47073 77 20  3  0  0  0 2026-09-26 07:57:54
32  0      0 1879604  52668 1274772    0    0    80 10396 13416 43535 78 20  2  1  0  0 2026-09-26 07:57:55
18  1      0 1960212  54768 1272284    0    0     0  9920 12777 42218 75 23  2  0  0  0 2026-09-26 07:57:56
27  0      0 1878620  56092 1274120    0    0    68 14744 12067 35707 76 23  1  0  0  0 2026-09-26 07:57:57
21  1      0 1943484  57536 1273700    0    0     0 11044 13930 44734 77 22  1  1  0  0 2026-09-26 07:57:58
22  0      0 1884320  58924 1274304    0    0     0 12852 13231 41710 79 21  1  0  0  0 2026-09-26 07:57:59
40  0      0 1906820  60376 1275096    0    0     0 12724 14097 47268 76 22  2  0  0  0 2026-09-26 07:58:00
27  0      0 1922140  61720 1275852    0    0     0 11176 13773 45774 80 20  1  0  0  0 2026-09-26 07:58:01
29  1      0 1889664  63316 1283332    0    0     0 11228 13096 44435 78 21  1  0  0  0 2026-09-26 07:58:02
22  1      0 1859004  65072 1278776    0    0     0 11144 12534 39191 80 19  0  0  0  0 2026-09-26 07:58:03
34  0      0 1858832  66244 1281720    0    0     0 12032 13312 40446 78 22  1  0  0  0 2026-09-26 07:58:04
34  1      0 1884400  67288 1280048    0    0     0 11072 12943 39806 78 21  1  0  0  0 2026-09-26 07:58:05
38  1      0 1884492  68200 1280756    0    0     0 10792 12292 35551 80 20  1  0  0  0 2026-09-26 07:58:06
29  0      0 1888444  69156 1281376    0    0     0 11900 14261 44847 76 23  1  1  0  0 2026-09-26 07:58:07
procs -----------memory---------- ---swap-- -----io---- -system-- -------cpu------- -----timestamp-----
 r  b   swpd   free   buff  cache   si   so    bi    bo   in   cs us sy id wa st gu                 UTC
29  0      0 1857520  70092 1281888    0    0     0 10548 12578 37175 80 21  0  0  0  0 2026-09-26 07:58:08
34  1      0 1854884  70936 1282452    0    0     0 11368 14073 43983 76 23  1  0  0  0 2026-09-26 07:58:09
33  0      0 1843328  71984 1283148    0    0     0 11580 12767 36799 79 20  0  0  0  0 2026-09-26 07:58:10
50  1      0 1848628  73144 1291588    0    0     0 13368 13735 44884 78 22  0  0  0  0 2026-09-26 07:58:11
30  0      0 1834052  73820 1285508    0    0     0 10964 12585 39100 79 21  0  0  0  0 2026-09-26 07:58:12
34  0      0 1830456  74396 1298072    0    0     0 17820 12378 42561 80 20  0  0  0  0 2026-09-26 07:58:13
40  0      0 1874292  75008 1288324    0    0     0 11296 12223 41998 78 22  0  0  0  0 2026-09-26 07:58:14
39  0      0 1801172  75492 1290288    0    0     0 11108 12320 38771 82 19  0  0  0  0 2026-09-26 07:58:15
15  1      0 1835008  76100 1289568    0    0     0 12848 13211 46449 79 20  0  0  0  0 2026-09-26 07:58:16
53  0      0 1823684  76804 1292664    0    0     0 12184 12743 42346 81 19  0  0  0  0 2026-09-26 07:58:17
49  0      0 1856484  77452 1291084    0    0     0 21484 13331 42549 79 21  0  0  0  0 2026-09-26 07:58:18
55  0      0 1800376  77940 1294096    0    0     0 14396 11622 39940 80 20  0  0  0  0 2026-09-26 07:58:19
43  1      0 1817096  78264 1299876    0    0     0 11860 12843 46109 82 18  0  0  0  0 2026-09-26 07:58:20
32  0      0 1850044  78632 1292968    0    0     0 11368 12658 42954 80 21  0  0  0  0 2026-09-26 07:58:21
29  1      0 1768952  78904 1307148    0    0     0 18040 11152 36713 82 18  0  0  0  0 2026-09-26 07:58:22
45  0      0 1749948  79244 1301468    0    0    12 11772 12194 39810 81 18  1  0  0  0 2026-09-26 07:58:23
14  0      0 1735748  79544 1304712    0    0     0  9500 11070 34188 83 18  0  0  0  0 2026-09-26 07:58:24
33  0      0 1803232  79924 1302772    0    0     0 12868 12425 41484 79 21  0  0  0  0 2026-09-26 07:58:25
36  0      0 1776932  80248 1303548    0    0     0 11672 11967 36038 80 20  1  0  0  0 2026-09-26 07:58:26
50  0      0 1795924  80476 1304120    0    0     0 11992 14102 44495 81 19  0  0  0  0 2026-09-26 07:58:27
41  0      0 1837336  80716 1304724    0    0     0 11064 12538 39119 81 19  0  0  0  0 2026-09-26 07:58:28
procs -----------memory---------- ---swap-- -----io---- -system-- -------cpu------- -----timestamp-----
 r  b   swpd   free   buff  cache   si   so    bi    bo   in   cs us sy id wa st gu                 UTC
57  1      0 1815900  80944 1313832    0    0     0 10452 13252 40767 79 21  1  0  0  0 2026-09-26 07:58:29
63  1      0 1757056  81160 1307216    0    0     0  9908 12542 39897 80 20  0  0  0  0 2026-09-26 07:58:30
23  0      0 1782464  81324 1310716    0    0     0 10988 12401 38630 80 20  0  0  0  0 2026-09-26 07:58:31
39  0      0 1814908  81576 1306960    0    0     0 10504 12942 39023 80 20  0  0  0  0 2026-09-26 07:58:32
65  0      0 1773956  81752 1313408    0    0     0  9128 11348 33335 82 19  0  0  0  0 2026-09-26 07:58:33
34  0      0 1774308  81920 1308156    0    0     0  9896 12435 38174 80 20  0  0  0  0 2026-09-26 07:58:34
45  0      0 1774292  82056 1312720    0    0     0  8824 10992 33882 81 20  0  0  0  0 2026-09-26 07:58:35
76  0      0 1818324  82140 1309784    0    0    84  9264 11660 38648 81 19  0  0  0  0 2026-09-26 07:58:36
60  0      0 1763984  82228 1312380    0    0     0  8868 11163 34755 80 19  0  0  0  0 2026-09-26 07:58:37
27  0      0 1770596  82312 1323300    0    0     0 14340 12963 37656 78 22  0  0  0  0 2026-09-26 07:58:38
15  1      0 1779436  82388 1313772    0    0     0  9332 11618 33989 83 18  0  0  0  0 2026-09-26 07:58:39
58  0      0 1731260  82484 1318508    0    0     0 12348 12596 38437 82 17  1  0  0  0 2026-09-26 07:58:40
33  0      0 1812032  82588 1314752    0    0     0  9284 12030 35706 82 18  0  0  0  0 2026-09-26 07:58:41
24  1      0 1743136  82708 1320788    0    0     0  8392 10602 31016 78 21  1  0  0  0 2026-09-26 07:58:42
45  0      0 1755516  82788 1315908    0    0     0 19996 11368 34811 82 18  0  0  0  0 2026-09-26 07:58:43
34  0      0 1746724  82844 1321968    0    0   112  6244 7578 19701 77 23  0  0  0  0 2026-09-26 07:58:44
40  0      0 1774560  82900 1316868    0    0     0  8456 10203 29077 80 20  0  0  0  0 2026-09-26 07:58:45
70  0      0 1729744  82976 1322992    0    0     0 10544 10977 35491 83 17  0  0  0  0 2026-09-26 07:58:46
74  0      0 1746860  83020 1326772    0    0     0  7748 9558 27887 80 20  1  0  0  0 2026-09-26 07:58:47
36  0      0 1712852  83048 1325076    0    0    68  3744 5805 12340 75 25  0  0  0  0 2026-09-26 07:58:48
58  0      0 1697004  83056 1325168    0    0     0  2132 4486 7758 74 26  0  0  0  0 2026-09-26 07:58:49
procs -----------memory---------- ---swap-- -----io---- -system-- -------cpu------- -----timestamp-----
 r  b   swpd   free   buff  cache   si   so    bi    bo   in   cs us sy id wa st gu                 UTC
36  0      0 1679616  83068 1324112    0    0     0  1800 4728 9003 78 21  1  0  0  0 2026-09-26 07:58:50
28  0      0 1708384  83080 1320100    0    0     0  1060 5696 13146 85 15  0  0  0  0 2026-09-26 07:58:51
56  0      0 1764072  83084 1318688    0    0     0   900 5765 13446 83 17  0  0  0  0 2026-09-26 07:58:52
29  0      0 1766872  83084 1318852    0    0     0   640 5989 13776 85 16  0  0  0  0 2026-09-26 07:58:53
