time=00:08:41.852 level=INFO msg=負荷走行を開始します
time=00:08:41.852 level=DEBUG source=/tmp/isucon14/bench/cmd/run.go:90 msg=target targetURL=https://isuride.xiv.isucon.net targetAddr=127.0.0.1:443 benchrun.GetTargetAddress()="" paymentURL=http://127.0.0.1:12346
time=00:08:44.576 level=DEBUG source=/tmp/isucon14/bench/benchmarker/scenario/scenario.go:315 msg=時間経過 tick=60
time=00:08:44.576 level=DEBUG source=/tmp/isucon14/bench/benchmarker/scenario/scenario.go:317 msg=eval reqs=6 score="[0 0 0 4 2]" criteria="[6 2 6 6]"
time=00:08:46.357 level=INFO msg=一定の売上が立ったためオーナーの椅子が増加します 名前=いすの道 増加数=1
time=00:08:46.363 level=INFO msg=一定の売上が立ったためオーナーの椅子が増加します 名前=SwiftCab 増加数=1
time=00:08:46.374 level=INFO msg=一定の売上が立ったためオーナーの椅子が増加します 名前=瞬道タクシー 増加数=1
time=00:08:46.374 level=INFO msg=一定の売上が立ったためオーナーの椅子が増加します 名前=ひまわり交通 増加数=1
time=00:08:46.375 level=DEBUG source=/tmp/isucon14/bench/benchmarker/scenario/scenario.go:315 msg=時間経過 tick=120
time=00:08:46.375 level=DEBUG source=/tmp/isucon14/bench/benchmarker/scenario/scenario.go:317 msg=eval reqs=20 score="[0 0 0 12 8]" criteria="[20 8 20 20]"
time=00:08:47.668 level=WARN msg="ユーザー登録に失敗しました (CODE=17): POST /api/app/usersへのリクエストに対して、期待されたHTTPステータスコードが確認できませんでした (expected:201, actual:500)"
time=00:08:48.164 level=INFO msg=一定の売上が立ったためオーナーの椅子が増加します 名前=ひまわり交通 増加数=1
time=00:08:48.165 level=INFO msg=一定の売上が立ったためオーナーの椅子が増加します 名前=いすの道 増加数=1
time=00:08:48.166 level=INFO msg=一定の売上が立ったためオーナーの椅子が増加します 名前=椅子再生工房 増加数=1
time=00:08:48.169 level=INFO msg=一定の売上が立ったためオーナーの椅子が増加します 名前=瞬道タクシー 増加数=1
time=00:08:48.175 level=INFO msg=これまでに地域内の評判によって8人、既存ユーザーの招待経由で31人が新規登録しました
time=00:08:48.175 level=INFO msg=0.0%のライドは椅子がマッチされるまでの時間、59.4%のライドはマッチされた椅子が乗車地点までに掛かる時間、0.0%のライドは椅子の実移動時間に不満がありました
time=00:08:48.175 level=DEBUG source=/tmp/isucon14/bench/benchmarker/scenario/scenario.go:315 msg=時間経過 tick=180
time=00:08:48.175 level=DEBUG source=/tmp/isucon14/bench/benchmarker/scenario/scenario.go:317 msg=eval reqs=32 score="[0 0 0 19 13]" criteria="[32 13 32 32]"
time=00:08:49.959 level=INFO msg=一定の売上が立ったためオーナーの椅子が増加します 名前=SwiftCab 増加数=1
time=00:08:49.963 level=INFO msg=一定の売上が立ったためオーナーの椅子が増加します 名前=いすの道 増加数=1
time=00:08:49.963 level=INFO msg=一定の売上が立ったためオーナーの椅子が増加します 名前=ひまわり交通 増加数=1
time=00:08:49.963 level=INFO msg=一定の売上が立ったためオーナーの椅子が増加します 名前=瞬道タクシー 増加数=1
time=00:08:49.975 level=DEBUG source=/tmp/isucon14/bench/benchmarker/scenario/scenario.go:315 msg=時間経過 tick=240
time=00:08:49.975 level=DEBUG source=/tmp/isucon14/bench/benchmarker/scenario/scenario.go:317 msg=eval reqs=41 score="[0 0 0 28 13]" criteria="[41 13 41 41]"
time=00:08:51.775 level=DEBUG source=/tmp/isucon14/bench/benchmarker/scenario/scenario.go:315 msg=時間経過 tick=300
time=00:08:51.775 level=DEBUG source=/tmp/isucon14/bench/benchmarker/scenario/scenario.go:317 msg=eval reqs=50 score="[0 0 1 34 15]" criteria="[50 16 50 48]"
time=00:08:51.782 level=INFO msg=一定の売上が立ったためオーナーの椅子が増加します 名前=瞬道タクシー 増加数=1
time=00:08:51.830 level=INFO msg=一定の売上が立ったためオーナーの椅子が増加します 名前=いすの道 増加数=2
time=00:08:53.564 level=INFO msg=一定の売上が立ったためオーナーの椅子が増加します 名前=SwiftCab 増加数=1
time=00:08:53.575 level=DEBUG source=/tmp/isucon14/bench/benchmarker/scenario/scenario.go:315 msg=時間経過 tick=360
time=00:08:53.575 level=INFO msg=これまでに地域内の評判によって20人、既存ユーザーの招待経由で51人が新規登録しました
time=00:08:53.575 level=INFO msg=3.4%のライドは椅子がマッチされるまでの時間、65.5%のライドはマッチされた椅子が乗車地点までに掛かる時間、7.8%のライドは椅子の実移動時間に不満がありました
time=00:08:53.575 level=DEBUG source=/tmp/isucon14/bench/benchmarker/scenario/scenario.go:317 msg=eval reqs=58 score="[0 0 6 37 15]" criteria="[56 20 56 51]"
time=00:08:53.611 level=INFO msg=一定の売上が立ったためオーナーの椅子が増加します 名前=ひまわり交通 増加数=1
time=00:08:55.361 level=INFO msg=一定の売上が立ったためオーナーの椅子が増加します 名前=ひまわり交通 増加数=2
time=00:08:55.375 level=DEBUG source=/tmp/isucon14/bench/benchmarker/scenario/scenario.go:315 msg=時間経過 tick=420
time=00:08:55.375 level=DEBUG source=/tmp/isucon14/bench/benchmarker/scenario/scenario.go:317 msg=eval reqs=70 score="[0 6 11 38 15]" criteria="[59 24 65 54]"
time=00:08:55.394 level=INFO msg=一定の売上が立ったためオーナーの椅子が増加します 名前=瞬道タクシー 増加数=1
time=00:08:55.412 level=INFO msg=一定の売上が立ったためオーナーの椅子が増加します 名前=いすの道 増加数=1
time=00:08:57.175 level=DEBUG source=/tmp/isucon14/bench/benchmarker/scenario/scenario.go:315 msg=時間経過 tick=480
time=00:08:57.175 level=DEBUG source=/tmp/isucon14/bench/benchmarker/scenario/scenario.go:317 msg=eval reqs=82 score="[3 11 12 41 15]" criteria="[61 27 72 58]"
time=00:08:57.183 level=INFO msg=一定の売上が立ったためオーナーの椅子が増加します 名前=椅子再生工房 増加数=1
time=00:08:57.203 level=INFO msg=一定の売上が立ったためオーナーの椅子が増加します 名前=いすの道 増加数=1
time=00:08:57.215 level=INFO msg=一定の売上が立ったためオーナーの椅子が増加します 名前=SwiftCab 増加数=1
time=00:08:57.238 level=INFO msg=一定の売上が立ったためオーナーの椅子が増加します 名前=ひまわり交通 増加数=1
time=00:08:58.975 level=DEBUG source=/tmp/isucon14/bench/benchmarker/scenario/scenario.go:315 msg=時間経過 tick=540
time=00:08:58.975 level=DEBUG source=/tmp/isucon14/bench/benchmarker/scenario/scenario.go:317 msg=eval reqs=93 score="[5 15 15 43 15]" criteria="[63 31 78 62]"
time=00:08:58.975 level=INFO msg=これまでに地域内の評判によって29人、既存ユーザーの招待経由で56人が新規登録しました
time=00:08:58.975 level=INFO msg=これまでに低評価なライドによって11人が利用をやめました
time=00:08:58.975 level=INFO msg=32.3%のライドは椅子がマッチされるまでの時間、66.7%のライドはマッチされた椅子が乗車地点までに掛かる時間、24.7%のライドは椅子の実移動時間に不満がありました
time=00:08:59.041 level=INFO msg=一定の売上が立ったためオーナーの椅子が増加します 名前=瞬道タクシー 増加数=2
time=00:08:59.052 level=INFO msg=一定の売上が立ったためオーナーの椅子が増加します 名前=ひまわり交通 増加数=1
time=00:08:59.057 level=INFO msg=一定の売上が立ったためオーナーの椅子が増加します 名前=いすの道 増加数=1
time=00:09:00.775 level=DEBUG source=/tmp/isucon14/bench/benchmarker/scenario/scenario.go:315 msg=時間経過 tick=600
time=00:09:00.775 level=DEBUG source=/tmp/isucon14/bench/benchmarker/scenario/scenario.go:317 msg=eval reqs=106 score="[10 19 19 43 15]" criteria="[66 35 81 64]"
time=00:09:00.784 level=INFO msg=一定の売上が立ったためオーナーの椅子が増加します 名前=椅子再生工房 増加数=1
time=00:09:00.797 level=INFO msg=一定の売上が立ったためオーナーの椅子が増加します 名前=ひまわり交通 増加数=1
time=00:09:00.811 level=INFO msg=一定の売上が立ったためオーナーの椅子が増加します 名前=いすの道 増加数=1
time=00:09:02.575 level=INFO msg=一定の売上が立ったためオーナーの椅子が増加します 名前=瞬道タクシー 増加数=1
time=00:09:02.576 level=INFO msg=一定の売上が立ったためオーナーの椅子が増加します 名前=いすの道 増加数=2
time=00:09:02.576 level=INFO msg=一定の売上が立ったためオーナーの椅子が増加します 名前=椅子再生工房 増加数=1
time=00:09:02.575 level=DEBUG source=/tmp/isucon14/bench/benchmarker/scenario/scenario.go:315 msg=時間経過 tick=660
time=00:09:02.575 level=DEBUG source=/tmp/isucon14/bench/benchmarker/scenario/scenario.go:317 msg=eval reqs=122 score="[19 22 22 44 15]" criteria="[69 39 85 65]"
time=00:09:02.578 level=INFO msg=一定の売上が立ったためオーナーの椅子が増加します 名前=ひまわり交通 増加数=1
time=00:09:02.590 level=INFO msg=一定の売上が立ったためオーナーの椅子が増加します 名前=SwiftCab 増加数=1
time=00:09:04.375 level=DEBUG source=/tmp/isucon14/bench/benchmarker/scenario/scenario.go:315 msg=時間経過 tick=720
time=00:09:04.375 level=DEBUG source=/tmp/isucon14/bench/benchmarker/scenario/scenario.go:317 msg=eval reqs=137 score="[24 29 24 45 15]" criteria="[74 43 89 66]"
time=00:09:04.375 level=INFO msg=これまでに地域内の評判によって40人、既存ユーザーの招待経由で57人が新規登録しました
time=00:09:04.375 level=INFO msg=これまでに低評価なライドによって30人が利用をやめました
time=00:09:04.375 level=INFO msg=46.0%のライドは椅子がマッチされるまでの時間、68.6%のライドはマッチされた椅子が乗車地点までに掛かる時間、43.4%のライドは椅子の実移動時間に不満がありました
time=00:09:04.429 level=INFO msg=一定の売上が立ったためオーナーの椅子が増加します 名前=SwiftCab 増加数=1
time=00:09:04.443 level=INFO msg=一定の売上が立ったためオーナーの椅子が増加します 名前=瞬道タクシー 増加数=1
time=00:09:04.462 level=INFO msg=一定の売上が立ったためオーナーの椅子が増加します 名前=ひまわり交通 増加数=1
time=00:09:04.494 level=INFO msg=一定の売上が立ったためオーナーの椅子が増加します 名前=いすの道 増加数=2
time=00:09:06.176 level=DEBUG source=/tmp/isucon14/bench/benchmarker/scenario/scenario.go:315 msg=時間経過 tick=780
time=00:09:06.176 level=DEBUG source=/tmp/isucon14/bench/benchmarker/scenario/scenario.go:317 msg=eval reqs=152 score="[28 34 28 47 15]" criteria="[80 49 94 68]"
time=00:09:06.227 level=INFO msg=一定の売上が立ったためオーナーの椅子が増加します 名前=瞬道タクシー 増加数=1
time=00:09:06.234 level=INFO msg=一定の売上が立ったためオーナーの椅子が増加します 名前=SwiftCab 増加数=1
time=00:09:06.236 level=INFO msg=一定の売上が立ったためオーナーの椅子が増加します 名前=ひまわり交通 増加数=2
time=00:09:06.236 level=INFO msg=一定の売上が立ったためオーナーの椅子が増加します 名前=いすの道 増加数=1
time=00:09:06.248 level=INFO msg=一定の売上が立ったためオーナーの椅子が増加します 名前=椅子再生工房 増加数=1
time=00:09:07.975 level=DEBUG source=/tmp/isucon14/bench/benchmarker/scenario/scenario.go:315 msg=時間経過 tick=840
time=00:09:07.975 level=DEBUG source=/tmp/isucon14/bench/benchmarker/scenario/scenario.go:317 msg=eval reqs=173 score="[37 39 33 49 15]" criteria="[89 55 98 70]"
time=00:09:07.977 level=INFO msg=一定の売上が立ったためオーナーの椅子が増加します 名前=いすの道 増加数=2
time=00:09:08.005 level=INFO msg=一定の売上が立ったためオーナーの椅子が増加します 名前=ひまわり交通 増加数=1
time=00:09:08.075 level=INFO msg=一定の売上が立ったためオーナーの椅子が増加します 名前=椅子再生工房 増加数=1
time=00:09:09.775 level=DEBUG source=/tmp/isucon14/bench/benchmarker/scenario/scenario.go:315 msg=時間経過 tick=900
time=00:09:09.775 level=DEBUG source=/tmp/isucon14/bench/benchmarker/scenario/scenario.go:317 msg=eval reqs=189 score="[43 42 34 55 15]" criteria="[99 62 104 70]"
time=00:09:09.775 level=INFO msg=これまでに地域内の評判によって52人、既存ユーザーの招待経由で66人が新規登録しました
time=00:09:09.775 level=INFO msg=これまでに低評価なライドによって48人が利用をやめました
time=00:09:09.775 level=INFO msg=47.6%のライドは椅子がマッチされるまでの時間、67.2%のライドはマッチされた椅子が乗車地点までに掛かる時間、54.0%のライドは椅子の実移動時間に不満がありました
time=00:09:09.820 level=INFO msg=一定の売上が立ったためオーナーの椅子が増加します 名前=椅子再生工房 増加数=1
time=00:09:09.846 level=INFO msg=一定の売上が立ったためオーナーの椅子が増加します 名前=SwiftCab 増加数=1
time=00:09:09.873 level=INFO msg=一定の売上が立ったためオーナーの椅子が増加します 名前=ひまわり交通 増加数=1
time=00:09:09.881 level=INFO msg=一定の売上が立ったためオーナーの椅子が増加します 名前=瞬道タクシー 増加数=2
time=00:09:11.575 level=DEBUG source=/tmp/isucon14/bench/benchmarker/scenario/scenario.go:315 msg=時間経過 tick=960
time=00:09:11.575 level=DEBUG source=/tmp/isucon14/bench/benchmarker/scenario/scenario.go:317 msg=eval reqs=213 score="[49 50 38 60 16]" criteria="[117 71 110 72]"
time=00:09:11.617 level=INFO msg=一定の売上が立ったためオーナーの椅子が増加します 名前=瞬道タクシー 増加数=1
time=00:09:11.640 level=INFO msg=一定の売上が立ったためオーナーの椅子が増加します 名前=ひまわり交通 増加数=1
time=00:09:11.641 level=INFO msg=一定の売上が立ったためオーナーの椅子が増加します 名前=いすの道 増加数=2
time=00:09:11.641 level=INFO msg=一定の売上が立ったためオーナーの椅子が増加します 名前=椅子再生工房 増加数=1
time=00:09:11.641 level=INFO msg=一定の売上が立ったためオーナーの椅子が増加します 名前=SwiftCab 増加数=1
time=00:09:13.375 level=DEBUG source=/tmp/isucon14/bench/benchmarker/scenario/scenario.go:315 msg=時間経過 tick=1020
time=00:09:13.375 level=DEBUG source=/tmp/isucon14/bench/benchmarker/scenario/scenario.go:317 msg=eval reqs=232 score="[53 59 41 63 16]" criteria="[132 77 112 73]"
time=00:09:13.444 level=INFO msg=一定の売上が立ったためオーナーの椅子が増加します 名前=ひまわり交通 増加数=2
time=00:09:13.472 level=INFO msg=一定の売上が立ったためオーナーの椅子が増加します 名前=椅子再生工房 増加数=2
time=00:09:13.488 level=INFO msg=一定の売上が立ったためオーナーの椅子が増加します 名前=SwiftCab 増加数=1
time=00:09:13.491 level=INFO msg=一定の売上が立ったためオーナーの椅子が増加します 名前=いすの道 増加数=1
time=00:09:13.510 level=INFO msg=一定の売上が立ったためオーナーの椅子が増加します 名前=瞬道タクシー 増加数=2
time=00:09:15.175 level=DEBUG source=/tmp/isucon14/bench/benchmarker/scenario/scenario.go:315 msg=時間経過 tick=1080
time=00:09:15.175 level=INFO msg=これまでに地域内の評判によって64人、既存ユーザーの招待経由で77人が新規登録しました
time=00:09:15.175 level=DEBUG source=/tmp/isucon14/bench/benchmarker/scenario/scenario.go:317 msg=eval reqs=256 score="[56 64 50 70 16]" criteria="[152 91 119 76]"
time=00:09:15.175 level=INFO msg=これまでに低評価なライドによって63人が利用をやめました
time=00:09:15.175 level=INFO msg=40.6%のライドは椅子がマッチされるまでの時間、64.5%のライドはマッチされた椅子が乗車地点までに掛かる時間、61.9%のライドは椅子の実移動時間に不満がありました
time=00:09:15.231 level=INFO msg=一定の売上が立ったためオーナーの椅子が増加します 名前=SwiftCab 増加数=2
time=00:09:15.266 level=INFO msg=一定の売上が立ったためオーナーの椅子が増加します 名前=椅子再生工房 増加数=1
time=00:09:15.267 level=INFO msg=一定の売上が立ったためオーナーの椅子が増加します 名前=瞬道タクシー 増加数=1
time=00:09:15.304 level=INFO msg=一定の売上が立ったためオーナーの椅子が増加します 名前=いすの道 増加数=2
time=00:09:15.352 level=INFO msg=一定の売上が立ったためオーナーの椅子が増加します 名前=ひまわり交通 増加数=2
time=00:09:16.975 level=DEBUG source=/tmp/isucon14/bench/benchmarker/scenario/scenario.go:315 msg=時間経過 tick=1140
time=00:09:16.975 level=DEBUG source=/tmp/isucon14/bench/benchmarker/scenario/scenario.go:317 msg=eval reqs=277 score="[57 72 58 74 16]" criteria="[172 103 123 76]"
time=00:09:17.062 level=INFO msg=一定の売上が立ったためオーナーの椅子が増加します 名前=SwiftCab 増加数=1
time=00:09:17.115 level=INFO msg=一定の売上が立ったためオーナーの椅子が増加します 名前=椅子再生工房 増加数=1
time=00:09:17.121 level=INFO msg=一定の売上が立ったためオーナーの椅子が増加します 名前=瞬道タクシー 増加数=2
time=00:09:17.182 level=INFO msg=一定の売上が立ったためオーナーの椅子が増加します 名前=ひまわり交通 増加数=3
time=00:09:17.264 level=INFO msg=一定の売上が立ったためオーナーの椅子が増加します 名前=いすの道 増加数=1
time=00:09:18.775 level=DEBUG source=/tmp/isucon14/bench/benchmarker/scenario/scenario.go:315 msg=時間経過 tick=1200
time=00:09:18.775 level=DEBUG source=/tmp/isucon14/bench/benchmarker/scenario/scenario.go:317 msg=eval reqs=307 score="[59 80 70 81 17]" criteria="[200 122 129 80]"
time=00:09:18.879 level=INFO msg=一定の売上が立ったためオーナーの椅子が増加します 名前=いすの道 増加数=2
time=00:09:18.883 level=INFO msg=一定の売上が立ったためオーナーの椅子が増加します 名前=ひまわり交通 増加数=1
time=00:09:18.894 level=INFO msg=一定の売上が立ったためオーナーの椅子が増加します 名前=SwiftCab 増加数=1
time=00:09:18.900 level=INFO msg=一定の売上が立ったためオーナーの椅子が増加します 名前=瞬道タクシー 増加数=1
time=00:09:18.946 level=INFO msg=一定の売上が立ったためオーナーの椅子が増加します 名前=椅子再生工房 増加数=1
time=00:09:20.635 level=DEBUG source=/tmp/isucon14/bench/benchmarker/scenario/scenario.go:315 msg=時間経過 tick=1260
time=00:09:20.635 level=DEBUG source=/tmp/isucon14/bench/benchmarker/scenario/scenario.go:317 msg=eval reqs=329 score="[59 86 82 85 17]" criteria="[222 138 133 80]"
time=00:09:20.635 level=INFO msg=これまでに地域内の評判によって76人、既存ユーザーの招待経由で92人が新規登録しました
time=00:09:20.635 level=INFO msg=これまでに低評価なライドによって72人が利用をやめました
time=00:09:20.635 level=INFO msg=32.5%のライドは椅子がマッチされるまでの時間、58.1%のライドはマッチされた椅子が乗車地点までに掛かる時間、67.6%のライドは椅子の実移動時間に不満がありました
time=00:09:20.709 level=INFO msg=一定の売上が立ったためオーナーの椅子が増加します 名前=SwiftCab 増加数=2
time=00:09:20.727 level=INFO msg=一定の売上が立ったためオーナーの椅子が増加します 名前=ひまわり交通 増加数=1
time=00:09:20.945 level=INFO msg=一定の売上が立ったためオーナーの椅子が増加します 名前=いすの道 増加数=1
time=00:09:20.988 level=INFO msg=一定の売上が立ったためオーナーの椅子が増加します 名前=瞬道タクシー 増加数=1
time=00:09:22.435 level=DEBUG source=/tmp/isucon14/bench/benchmarker/scenario/scenario.go:315 msg=時間経過 tick=1320
time=00:09:22.435 level=DEBUG source=/tmp/isucon14/bench/benchmarker/scenario/scenario.go:317 msg=eval reqs=356 score="[60 91 97 89 19]" criteria="[248 159 139 82]"
time=00:09:22.506 level=INFO msg=一定の売上が立ったためオーナーの椅子が増加します 名前=いすの道 増加数=2
time=00:09:22.588 level=INFO msg=一定の売上が立ったためオーナーの椅子が増加します 名前=瞬道タクシー 増加数=3
time=00:09:22.618 level=INFO msg=一定の売上が立ったためオーナーの椅子が増加します 名前=ひまわり交通 増加数=1
time=00:09:22.619 level=INFO msg=一定の売上が立ったためオーナーの椅子が増加します 名前=椅子再生工房 増加数=1
time=00:09:24.235 level=DEBUG source=/tmp/isucon14/bench/benchmarker/scenario/scenario.go:315 msg=時間経過 tick=1380
time=00:09:24.236 level=DEBUG source=/tmp/isucon14/bench/benchmarker/scenario/scenario.go:317 msg=eval reqs=381 score="[60 97 113 92 19]" criteria="[273 178 141 83]"
time=00:09:24.321 level=INFO msg=一定の売上が立ったためオーナーの椅子が増加します 名前=ひまわり交通 増加数=1
time=00:09:24.322 level=INFO msg=一定の売上が立ったためオーナーの椅子が増加します 名前=いすの道 増加数=1
time=00:09:24.379 level=INFO msg=一定の売上が立ったためオーナーの椅子が増加します 名前=SwiftCab 増加数=1
time=00:09:24.427 level=INFO msg=一定の売上が立ったためオーナーの椅子が増加します 名前=瞬道タクシー 増加数=1
time=00:09:24.437 level=INFO msg=一定の売上が立ったためオーナーの椅子が増加します 名前=椅子再生工房 増加数=1
time=00:09:26.035 level=DEBUG source=/tmp/isucon14/bench/benchmarker/scenario/scenario.go:315 msg=時間経過 tick=1440
time=00:09:26.035 level=INFO msg=これまでに地域内の評判によって88人、既存ユーザーの招待経由で104人が新規登録しました
time=00:09:26.035 level=DEBUG source=/tmp/isucon14/bench/benchmarker/scenario/scenario.go:317 msg=eval reqs=415 score="[60 106 132 98 19]" criteria="[307 203 147 83]"
time=00:09:26.035 level=INFO msg=これまでに低評価なライドによって81人が利用をやめました
time=00:09:26.035 level=INFO msg=26.0%のライドは椅子がマッチされるまでの時間、51.1%のライドはマッチされた椅子が乗車地点までに掛かる時間、72.3%のライドは椅子の実移動時間に不満がありました
time=00:09:26.139 level=INFO msg=一定の売上が立ったためオーナーの椅子が増加します 名前=ひまわり交通 増加数=3
time=00:09:26.154 level=INFO msg=一定の売上が立ったためオーナーの椅子が増加します 名前=SwiftCab 増加数=2
time=00:09:26.212 level=INFO msg=一定の売上が立ったためオーナーの椅子が増加します 名前=瞬道タクシー 増加数=2
time=00:09:26.218 level=INFO msg=一定の売上が立ったためオーナーの椅子が増加します 名前=椅子再生工房 増加数=1
time=00:09:26.235 level=INFO msg=一定の売上が立ったためオーナーの椅子が増加します 名前=いすの道 増加数=2
time=00:09:27.835 level=DEBUG source=/tmp/isucon14/bench/benchmarker/scenario/scenario.go:315 msg=時間経過 tick=1500
time=00:09:27.835 level=DEBUG source=/tmp/isucon14/bench/benchmarker/scenario/scenario.go:317 msg=eval reqs=441 score="[60 113 149 100 19]" criteria="[333 222 148 84]"
time=00:09:27.930 level=INFO msg=一定の売上が立ったためオーナーの椅子が増加します 名前=椅子再生工房 増加数=1
time=00:09:28.100 level=INFO msg=一定の売上が立ったためオーナーの椅子が増加します 名前=いすの道 増加数=1
time=00:09:28.124 level=INFO msg=一定の売上が立ったためオーナーの椅子が増加します 名前=瞬道タクシー 増加数=1
time=00:09:28.246 level=INFO msg=一定の売上が立ったためオーナーの椅子が増加します 名前=SwiftCab 増加数=1
time=00:09:28.383 level=INFO msg=一定の売上が立ったためオーナーの椅子が増加します 名前=ひまわり交通 増加数=2
time=00:09:29.636 level=DEBUG source=/tmp/isucon14/bench/benchmarker/scenario/scenario.go:315 msg=時間経過 tick=1560
time=00:09:29.636 level=DEBUG source=/tmp/isucon14/bench/benchmarker/scenario/scenario.go:317 msg=eval reqs=472 score="[60 118 170 105 19]" criteria="[364 248 153 84]"
time=00:09:29.805 level=INFO msg=一定の売上が立ったためオーナーの椅子が増加します 名前=SwiftCab 増加数=1
time=00:09:29.811 level=INFO msg=一定の売上が立ったためオーナーの椅子が増加します 名前=椅子再生工房 増加数=1
time=00:09:29.880 level=INFO msg=一定の売上が立ったためオーナーの椅子が増加します 名前=瞬道タクシー 増加数=1
time=00:09:29.948 level=INFO msg=一定の売上が立ったためオーナーの椅子が増加します 名前=ひまわり交通 増加数=1
time=00:09:30.003 level=INFO msg=一定の売上が立ったためオーナーの椅子が増加します 名前=いすの道 増加数=2
time=00:09:31.435 level=INFO msg=これまでに地域内の評判によって100人、既存ユーザーの招待経由で114人が新規登録しました
time=00:09:31.435 level=INFO msg=これまでに低評価なライドによって85人が利用をやめました
time=00:09:31.435 level=INFO msg=21.4%のライドは椅子がマッチされるまでの時間、45.8%のライドはマッチされた椅子が乗車地点までに掛かる時間、75.8%のライドは椅子の実移動時間に不満がありました
time=00:09:31.435 level=DEBUG source=/tmp/isucon14/bench/benchmarker/scenario/scenario.go:315 msg=時間経過 tick=1620
time=00:09:31.435 level=DEBUG source=/tmp/isucon14/bench/benchmarker/scenario/scenario.go:317 msg=eval reqs=504 score="[60 125 189 110 20]" criteria="[396 273 158 86]"
time=00:09:31.483 level=INFO msg=一定の売上が立ったためオーナーの椅子が増加します 名前=椅子再生工房 増加数=2
time=00:09:31.576 level=INFO msg=一定の売上が立ったためオーナーの椅子が増加します 名前=ひまわり交通 増加数=1
time=00:09:31.581 level=INFO msg=一定の売上が立ったためオーナーの椅子が増加します 名前=瞬道タクシー 増加数=1
time=00:09:31.798 level=INFO msg=一定の売上が立ったためオーナーの椅子が増加します 名前=いすの道 増加数=3
time=00:09:31.818 level=INFO msg=一定の売上が立ったためオーナーの椅子が増加します 名前=SwiftCab 増加数=2
time=00:09:33.235 level=DEBUG source=/tmp/isucon14/bench/benchmarker/scenario/scenario.go:315 msg=時間経過 tick=1680
time=00:09:33.235 level=DEBUG source=/tmp/isucon14/bench/benchmarker/scenario/scenario.go:317 msg=eval reqs=538 score="[61 128 215 114 20]" criteria="[429 303 160 88]"
time=00:09:33.412 level=INFO msg=一定の売上が立ったためオーナーの椅子が増加します 名前=瞬道タクシー 増加数=2
time=00:09:33.428 level=INFO msg=一定の売上が立ったためオーナーの椅子が増加します 名前=ひまわり交通 増加数=1
time=00:09:33.501 level=INFO msg=一定の売上が立ったためオーナーの椅子が増加します 名前=いすの道 増加数=1
time=00:09:33.513 level=INFO msg=一定の売上が立ったためオーナーの椅子が増加します 名前=SwiftCab 増加数=1
time=00:09:33.896 level=INFO msg=一定の売上が立ったためオーナーの椅子が増加します 名前=椅子再生工房 増加数=1
time=00:09:35.035 level=DEBUG source=/tmp/isucon14/bench/benchmarker/scenario/scenario.go:315 msg=時間経過 tick=1740
time=00:09:35.035 level=DEBUG source=/tmp/isucon14/bench/benchmarker/scenario/scenario.go:317 msg=eval reqs=562 score="[62 133 230 117 20]" criteria="[452 321 160 91]"
time=00:09:35.145 level=INFO msg=一定の売上が立ったためオーナーの椅子が増加します 名前=SwiftCab 増加数=1
time=00:09:35.180 level=INFO msg=一定の売上が立ったためオーナーの椅子が増加します 名前=瞬道タクシー 増加数=1
time=00:09:35.232 level=INFO msg=一定の売上が立ったためオーナーの椅子が増加します 名前=いすの道 増加数=1
time=00:09:35.365 level=INFO msg=一定の売上が立ったためオーナーの椅子が増加します 名前=ひまわり交通 増加数=1
time=00:09:36.835 level=INFO msg=これまでに地域内の評判によって112人、既存ユーザーの招待経由で123人が新規登録しました
time=00:09:36.835 level=INFO msg=これまでに低評価なライドによって91人が利用をやめました
time=00:09:36.835 level=INFO msg=18.6%のライドは椅子がマッチされるまでの時間、41.0%のライドはマッチされた椅子が乗車地点までに掛かる時間、78.5%のライドは椅子の実移動時間に不満がありました
time=00:09:36.835 level=DEBUG source=/tmp/isucon14/bench/benchmarker/scenario/scenario.go:315 msg=時間経過 tick=1800
time=00:09:36.835 level=DEBUG source=/tmp/isucon14/bench/benchmarker/scenario/scenario.go:317 msg=eval reqs=592 score="[62 135 254 121 20]" criteria="[482 349 163 92]"
time=00:09:37.044 level=INFO msg=一定の売上が立ったためオーナーの椅子が増加します 名前=いすの道 増加数=1
time=00:09:37.051 level=INFO msg=一定の売上が立ったためオーナーの椅子が増加します 名前=ひまわり交通 増加数=1
time=00:09:37.052 level=INFO msg=一定の売上が立ったためオーナーの椅子が増加します 名前=瞬道タクシー 増加数=2
time=00:09:37.054 level=INFO msg=一定の売上が立ったためオーナーの椅子が増加します 名前=SwiftCab 増加数=1
time=00:09:37.212 level=INFO msg=一定の売上が立ったためオーナーの椅子が増加します 名前=椅子再生工房 増加数=1
time=00:09:38.635 level=DEBUG source=/tmp/isucon14/bench/benchmarker/scenario/scenario.go:315 msg=時間経過 tick=1860
time=00:09:38.635 level=DEBUG source=/tmp/isucon14/bench/benchmarker/scenario/scenario.go:317 msg=eval reqs=620 score="[62 136 279 123 20]" criteria="[510 376 164 93]"
time=00:09:38.804 level=INFO msg=一定の売上が立ったためオーナーの椅子が増加します 名前=椅子再生工房 増加数=1
time=00:09:38.810 level=INFO msg=一定の売上が立ったためオーナーの椅子が増加します 名前=SwiftCab 増加数=1
time=00:09:38.999 level=INFO msg=一定の売上が立ったためオーナーの椅子が増加します 名前=いすの道 増加数=1
time=00:09:39.173 level=INFO msg=一定の売上が立ったためオーナーの椅子が増加します 名前=瞬道タクシー 増加数=2
time=00:09:39.384 level=INFO msg=一定の売上が立ったためオーナーの椅子が増加します 名前=ひまわり交通 増加数=1
time=00:09:40.435 level=DEBUG source=/tmp/isucon14/bench/benchmarker/scenario/scenario.go:315 msg=時間経過 tick=1920
time=00:09:40.435 level=DEBUG source=/tmp/isucon14/bench/benchmarker/scenario/scenario.go:317 msg=eval reqs=659 score="[62 142 310 125 20]" criteria="[549 409 165 94]"
time=00:09:40.608 level=INFO msg=一定の売上が立ったためオーナーの椅子が増加します 名前=SwiftCab 増加数=2
time=00:09:40.648 level=INFO msg=一定の売上が立ったためオーナーの椅子が増加します 名前=椅子再生工房 増加数=2
time=00:09:40.793 level=INFO msg=一定の売上が立ったためオーナーの椅子が増加します 名前=瞬道タクシー 増加数=1
time=00:09:40.836 level=INFO msg=一定の売上が立ったためオーナーの椅子が増加します 名前=いすの道 増加数=2
time=00:09:41.159 level=INFO msg=一定の売上が立ったためオーナーの椅子が増加します 名前=ひまわり交通 増加数=3
time=00:09:42.235 level=DEBUG source=/tmp/isucon14/bench/benchmarker/scenario/scenario.go:315 msg=時間経過 tick=1980
time=00:09:42.235 level=DEBUG source=/tmp/isucon14/bench/benchmarker/scenario/scenario.go:317 msg=eval reqs=695 score="[62 145 342 126 20]" criteria="[585 442 165 95]"
time=00:09:42.235 level=INFO msg=これまでに地域内の評判によって124人、既存ユーザーの招待経由で129人が新規登録しました
time=00:09:42.235 level=INFO msg=これまでに低評価なライドによって93人が利用をやめました
time=00:09:42.235 level=INFO msg=15.8%のライドは椅子がマッチされるまでの時間、36.4%のライドはマッチされた椅子が乗車地点までに掛かる時間、81.3%のライドは椅子の実移動時間に不満がありました
time=00:09:42.313 level=INFO msg=一定の売上が立ったためオーナーの椅子が増加します 名前=ひまわり交通 増加数=1
time=00:09:42.485 level=INFO msg=一定の売上が立ったためオーナーの椅子が増加します 名前=いすの道 増加数=1
time=00:09:42.486 level=INFO msg=一定の売上が立ったためオーナーの椅子が増加します 名前=椅子再生工房 増加数=1
time=00:09:42.491 level=INFO msg=一定の売上が立ったためオーナーの椅子が増加します 名前=SwiftCab 増加数=1
time=00:09:42.655 level=INFO msg=一定の売上が立ったためオーナーの椅子が増加します 名前=瞬道タクシー 増加数=2
time=00:09:47.775 level=INFO msg=最終地域情報 名前=チェアタウン ユーザー登録数=159 アクティブユーザー数=109
time=00:09:47.775 level=INFO msg=最終地域情報 名前=コシカケシティ ユーザー登録数=110 アクティブユーザー数=67
time=00:09:47.775 level=INFO msg=最終オーナー情報 名前=ひまわり交通 売上=1019200 椅子数=46
time=00:09:47.775 level=INFO msg=最終オーナー情報 名前=瞬道タクシー 売上=892500 椅子数=43
time=00:09:47.775 level=INFO msg=最終オーナー情報 名前=椅子再生工房 売上=548300 椅子数=30
time=00:09:47.775 level=INFO msg=最終オーナー情報 名前=SwiftCab 売上=635000 椅子数=34
time=00:09:47.775 level=INFO msg=最終オーナー情報 名前=いすの道 売上=1041300 椅子数=47
time=00:09:47.775 level=INFO msg=15.3%のライドは椅子がマッチされるまでの時間、35.4%のライドはマッチされた椅子が乗車地点までに掛かる時間、81.8%のライドは椅子の実移動時間に不満がありました
time=00:09:47.775 level=INFO msg=結果 pass=true スコア=49702 種別エラー数=map[17:1]
time=00:09:47.776 level=INFO msg=負荷走行が終了しました
