2026-09-26T15:08:41+00:00
COMMAND         %CPU   RSS
mysqld          15.2 1083252
nginx            0.8 15188
nginx            0.8 15892
systemd-journal  0.5 184060
rsyslogd         0.2  5264
jbd2/sda1-8      0.2     0
kworker/u4:1-ev  0.1     0
rcu_preempt      0.1     0
kworker/0:1H-kb  0.1     0
2026-09-26T15:08:43+00:00
COMMAND         %CPU   RSS
mysqld          15.2 1084828
bench           10.5 51808
isuride          0.8 15392
nginx            0.8 15188
nginx            0.8 15892
systemd-journal  0.5 184676
rsyslogd         0.2  5264
jbd2/sda1-8      0.2     0
kworker/u4:1-ev  0.1     0
2026-09-26T15:08:45+00:00
COMMAND         %CPU   RSS
mysqld          15.2 1085860
bench           15.2 70776
isuride          2.6 15796
nginx            0.8 15188
nginx            0.8 15892
systemd-journal  0.5 190360
rsyslogd         0.2  5264
jbd2/sda1-8      0.2     0
kworker/u4:1-ev  0.1     0
2026-09-26T15:08:47+00:00
COMMAND         %CPU   RSS
bench           18.1 101680
mysqld          15.2 1088064
isuride          4.5 16880
nginx            0.8 15188
nginx            0.8 15892
systemd-journal  0.5 192992
rsyslogd         0.2  5264
jbd2/sda1-8      0.2     0
kworker/u4:1-ev  0.1     0
2026-09-26T15:08:49+00:00
COMMAND         %CPU   RSS
bench           20.6 128928
mysqld          15.2 1091484
isuride          6.7 17280
nginx            0.8 15188
nginx            0.8 15892
systemd-journal  0.5 197996
rsyslogd         0.2  5264
jbd2/sda1-8      0.2     0
kworker/u4:1-ev  0.1     0
2026-09-26T15:08:51+00:00
COMMAND         %CPU   RSS
bench           21.4 156140
mysqld          15.2 1095668
isuride          8.4 19188
nginx            0.8 15188
nginx            0.8 15892
systemd-journal  0.5 201808
rsyslogd         0.2  5264
jbd2/sda1-8      0.2     0
kworker/u4:1-ev  0.1     0
2026-09-26T15:08:53+00:00
COMMAND         %CPU   RSS
bench           21.3 167936
mysqld          15.2 1099196
isuride          9.9 21528
nginx            0.8 15188
nginx            0.8 15892
systemd-journal  0.5 205236
rsyslogd         0.2  5264
jbd2/sda1-8      0.2     0
kworker/u4:1-ev  0.1     0
2026-09-26T15:08:55+00:00
COMMAND         %CPU   RSS
bench           21.4 180456
mysqld          15.2 1103012
isuride         11.5 19888
nginx            0.8 15188
nginx            0.8 15892
systemd-journal  0.5 210512
rsyslogd         0.2  5264
jbd2/sda1-8      0.2     0
kworker/u4:1-ev  0.1     0
2026-09-26T15:08:57+00:00
COMMAND         %CPU   RSS
bench           21.5 191832
mysqld          15.2 1107204
isuride         13.0 20476
nginx            0.8 15188
nginx            0.8 15892
systemd-journal  0.5 210512
rsyslogd         0.2  5264
jbd2/sda1-8      0.2     0
kworker/u4:1-ev  0.1     0
2026-09-26T15:08:59+00:00
COMMAND         %CPU   RSS
bench           21.5 204644
mysqld          15.2 1110628
isuride         14.1 21036
nginx            0.8 15188
nginx            0.8 15892
systemd-journal  0.5 210512
rsyslogd         0.2  5264
jbd2/sda1-8      0.2     0
kworker/u4:1-ev  0.1     0
2026-09-26T15:09:01+00:00
COMMAND         %CPU   RSS
bench           21.5 205460
isuride         15.3 21280
mysqld          15.2 1117188
nginx            0.8 15188
nginx            0.8 15892
systemd-journal  0.5 210512
rsyslogd         0.2  5264
jbd2/sda1-8      0.2     0
kworker/u4:1-ev  0.1     0
2026-09-26T15:09:03+00:00
COMMAND         %CPU   RSS
bench           21.5 212092
isuride         16.3 22264
mysqld          15.2 1120632
nginx            0.8 15188
nginx            0.8 15892
systemd-journal  0.5 210512
rsyslogd         0.2  5268
jbd2/sda1-8      0.2     0
kworker/u4:1-ev  0.1     0
2026-09-26T15:09:05+00:00
COMMAND         %CPU   RSS
bench           21.4 221320
isuride         17.1 23512
mysqld          15.2 1123740
nginx            0.8 15188
nginx            0.8 15892
systemd-journal  0.5 210512
rsyslogd         0.2  5268
jbd2/sda1-8      0.2     0
kworker/u4:1-ev  0.1     0
2026-09-26T15:09:07+00:00
COMMAND         %CPU   RSS
bench           21.4 235424
isuride         17.9 22148
mysqld          15.2 1127632
nginx            0.8 15188
nginx            0.8 15892
systemd-journal  0.5 210512
rsyslogd         0.2  5268
jbd2/sda1-8      0.2     0
kworker/u4:1-ev  0.1     0
2026-09-26T15:09:09+00:00
COMMAND         %CPU   RSS
bench           21.5 242952
isuride         18.8 23328
mysqld          15.3 1130568
nginx            0.8 15188
nginx            0.8 15892
systemd-journal  0.5 210512
rsyslogd         0.2  5264
jbd2/sda1-8      0.2     0
kworker/u4:1-ev  0.1     0
2026-09-26T15:09:11+00:00
COMMAND         %CPU   RSS
bench           21.6 248840
isuride         19.5 24192
mysqld          15.3 1132740
curl             5.0 12324
nginx            0.8 15188
nginx            0.8 15892
systemd-journal  0.5 210664
rsyslogd         0.2  5264
jbd2/sda1-8      0.2     0
2026-09-26T15:09:13+00:00
COMMAND         %CPU   RSS
bench           21.5 267028
isuride         20.1 25428
mysqld          15.3 1133944
nginx            0.8 15188
nginx            0.8 15892
systemd-journal  0.5 214992
rsyslogd         0.2  5264
jbd2/sda1-8      0.2     0
kworker/u4:1-ev  0.1     0
2026-09-26T15:09:15+00:00
COMMAND         %CPU   RSS
bench           21.5 278860
isuride         20.6 26400
mysqld          15.3 1135824
curl             2.6 12308
nginx            0.8 15188
nginx            0.8 15892
systemd-journal  0.5 218388
rsyslogd         0.2  5264
jbd2/sda1-8      0.2     0
2026-09-26T15:09:17+00:00
COMMAND         %CPU   RSS
bench           21.6 288900
isuride         21.0 27612
mysqld          15.3 1137088
nginx            0.8 15188
nginx            0.8 15892
systemd-journal  0.5 220364
rsyslogd         0.2  5264
jbd2/sda1-8      0.2     0
rcu_preempt      0.1     0
2026-09-26T15:09:19+00:00
COMMAND         %CPU   RSS
bench           21.9 313124
isuride         21.4 28976
mysqld          15.3 1137152
curl             2.5 12324
nginx            0.8 15188
nginx            0.8 15892
systemd-journal  0.5 225636
rsyslogd         0.2  5264
jbd2/sda1-8      0.2     0
2026-09-26T15:09:22+00:00
COMMAND         %CPU   RSS
bench           21.9 315752
isuride         21.8 29676
mysqld          15.3 1137492
curl            12.5 12324
nginx            0.8 15188
nginx            0.8 15892
systemd-journal  0.5 227524
rsyslogd         0.2  5264
jbd2/sda1-8      0.2     0
2026-09-26T15:09:24+00:00
COMMAND         %CPU   RSS
isuride         22.2 30012
bench           22.0 335784
mysqld          15.3 1139200
curl             2.7 12312
nginx            0.8 15188
nginx            0.8 15892
systemd-journal  0.5 229844
rsyslogd         0.2  5264
jbd2/sda1-8      0.2     0
2026-09-26T15:09:26+00:00
COMMAND         %CPU   RSS
isuride         22.5 32132
bench           22.1 351452
mysqld          15.3 1141284
nginx            0.8 15188
nginx            0.8 15892
systemd-journal  0.5 237332
rsyslogd         0.2  5264
jbd2/sda1-8      0.2     0
rcu_preempt      0.1     0
2026-09-26T15:09:28+00:00
COMMAND         %CPU   RSS
isuride         22.8 32416
bench           22.1 355616
mysqld          15.3 1142700
nginx            0.8 15188
nginx            0.8 15892
systemd-journal  0.5 237332
rsyslogd         0.2  5264
jbd2/sda1-8      0.2     0
rcu_preempt      0.1     0
2026-09-26T15:09:30+00:00
COMMAND         %CPU   RSS
isuride         23.1 33460
bench           22.1 358640
mysqld          15.3 1142700
curl             4.7 12324
nginx            0.8 15188
nginx            0.8 15892
systemd-journal  0.5 237332
rsyslogd         0.2  5264
jbd2/sda1-8      0.2     0
2026-09-26T15:09:32+00:00
COMMAND         %CPU   RSS
isuride         23.3 33848
bench           22.1 375988
mysqld          15.3 1142788
nginx            0.8 15188
nginx            0.8 15892
systemd-journal  0.5 237332
rsyslogd         0.2  5264
jbd2/sda1-8      0.2     0
rcu_preempt      0.1     0
2026-09-26T15:09:34+00:00
COMMAND         %CPU   RSS
isuride         23.6 35676
bench           22.2 383880
mysqld          15.3 1142964
curl            10.0 12300
nginx            0.8 15188
nginx            0.8 15892
systemd-journal  0.5 237332
rsyslogd         0.2  5264
jbd2/sda1-8      0.2     0
2026-09-26T15:09:36+00:00
COMMAND         %CPU   RSS
isuride         23.8 36992
bench           22.2 387720
mysqld          15.4 1143252
curl             3.2 12324
nginx            0.8 15188
nginx            0.8 15892
systemd-journal  0.5 237332
rsyslogd         0.2  5264
jbd2/sda1-8      0.2     0
2026-09-26T15:09:38+00:00
COMMAND         %CPU   RSS
isuride         24.0 37128
bench           22.3 413692
mysqld          15.4 1144116
curl             3.2 12324
nginx            0.8 15188
nginx            0.8 15892
systemd-journal  0.5 237332
rsyslogd         0.2  5264
jbd2/sda1-8      0.2     0
2026-09-26T15:09:40+00:00
COMMAND         %CPU   RSS
isuride         24.2 38144
bench           22.3 415492
mysqld          15.4 1149220
curl             3.3 12320
nginx            0.8 15324
nginx            0.8 15892
systemd-journal  0.5 237332
rsyslogd         0.2  5264
jbd2/sda1-8      0.2     0
2026-09-26T15:09:42+00:00
COMMAND         %CPU   RSS
isuride         24.4 38048
bench           22.4 438864
mysqld          15.4 1144808
curl             2.2 12308
nginx            0.8 15644
nginx            0.8 15892
systemd-journal  0.5 237996
rsyslogd         0.2  5264
jbd2/sda1-8      0.2     0
2026-09-26T15:09:44+00:00
COMMAND         %CPU   RSS
curl            33.3 12324
isuride         24.7 31484
bench           22.3 439924
mysqld          15.4 1144808
nginx            0.8 15684
nginx            0.8 15892
systemd-journal  0.5 241000
rsyslogd         0.2  5264
jbd2/sda1-8      0.2     0
2026-09-26T15:09:46+00:00
COMMAND         %CPU   RSS
isuride         25.1 30600
bench           22.2 439964
mysqld          15.4 1144808
nginx            0.8 15684
nginx            0.8 15892
systemd-journal  0.5 247788
rsyslogd         0.2  5264
jbd2/sda1-8      0.2     0
kworker/u4:3-ev  0.1     0
