procs -----------memory---------- ---swap-- -----io---- -system-- -------cpu------- -----timestamp-----
 r  b   swpd   free   buff  cache   si   so    bi    bo   in   cs us sy id wa st gu                 UTC
 2  0      0 454084  69508 2218904    0    0    68  2556 2749   49 11  5 84  0  0  0 2026-09-26 15:08:41
 8  0      0 392260  69512 2252024    0    0   288 64292 17422 36509 30 13 42 16  0  0 2026-09-26 15:08:42
 8  2      0 385744  69512 2253648    0    0     4 13252 22902 64965 26 16 55  3  0  0 2026-09-26 15:08:43
 5  0      0 377768  69512 2255424    0    0     0 22704 23900 80135 39 20 37  4  0  0 2026-09-26 15:08:44
 8  1      0 362200  69512 2260620    0    0     0 23516 24206 91889 49 27 20  3  0  0 2026-09-26 15:08:45
 7  0      0 347812  69512 2263492    0    0     0 25136 23482 92210 51 30 15  3  0  0 2026-09-26 15:08:46
12  0      0 322948  69512 2266292    0    0     0 23968 22903 87102 49 29 16  5  0  0 2026-09-26 15:08:47
 1  0      0 299160  69512 2273820    0    0     4 31112 23664 102593 59 35  5  1  0  0 2026-09-26 15:08:48
20  0      0 280696  69512 2277504    0    0     0 25564 22059 94931 61 35  3  1  0  0 2026-09-26 15:08:49
35  0      0 260420  69512 2280936    0    0     0 30012 22125 88469 56 36  6  2  0  0 2026-09-26 15:08:50
28  0      0 235532  69512 2284152    0    0     0 25508 21838 81780 57 30  9  3  0  0 2026-09-26 15:08:51
42  0      0 226232  69512 2288308    0    0     4 29340 20551 83051 53 33  9  5  0  0 2026-09-26 15:08:52
23  1      0 210248  69512 2291352    0    0     0 29004 21047 81383 55 34  6  4  0  0 2026-09-26 15:08:53
11  0      0 206984  69512 2294660    0    0     0 48268 18629 82608 56 38  5  1  0  0 2026-09-26 15:08:54
22  0      0 188012  69512 2298392    0    0     0 29348 20519 84389 59 39  2  1  0  0 2026-09-26 15:08:55
49  1      0 180732  69512 2300784    0    0     4 27332 22268 88827 57 38  4  2  0  0 2026-09-26 15:08:56
27  1      0 167152  69512 2303188    0    0     0 31208 20533 84258 57 39  3  2  0  0 2026-09-26 15:08:57
28  0      0 162140  69512 2305452    0    0     0 34068 21208 87005 59 37  3  1  0  0 2026-09-26 15:08:58
 5  1      0 147900  69512 2307664    0    0     0 35544 20553 79298 53 34  9  5  0  0 2026-09-26 15:08:59
15  1      0 142348  69512 2310020    0    0     4 35916 20922 85883 58 37  4  1  0  0 2026-09-26 15:09:00
47  0      0 136816  69512 2313528    0    0     0 31100 21024 87273 59 40  1  1  0  0 2026-09-26 15:09:01
procs -----------memory---------- ---swap-- -----io---- -system-- -------cpu------- -----timestamp-----
 r  b   swpd   free   buff  cache   si   so    bi    bo   in   cs us sy id wa st gu                 UTC
22  1      0 125272  69512 2315816    0    0     0 27752 21129 85575 58 35  5  3  0  0 2026-09-26 15:09:02
22  0      0 116504  69512 2319240    0    0     0 30156 19874 83399 59 38  2  1  0  0 2026-09-26 15:09:03
18  1      0 106772  69512 2321676    0    0     4 29004 21275 82166 57 34  5  4  0  0 2026-09-26 15:09:04
12  1      0  97952  69512 2323984    0    0     0 29676 20557 81720 55 35  6  4  0  0 2026-09-26 15:09:05
12  1      0  96096  69512 2326384    0    0     0 29584 21159 86781 59 31  6  4  0  0 2026-09-26 15:09:06
32  0      0  72280  69512 2328688    0    0    24 26172 18797 81063 59 35  5  2  0  0 2026-09-26 15:09:07
17  2      0 131036  68132 2277436    0    0     4 32992 19972 83252 60 38  2  1  0  0 2026-09-26 15:09:08
27  0      0 119412  68132 2279944    0    0     0 28564 21194 84977 62 36  2  0  0  0 2026-09-26 15:09:09
60  1      0 103216  68132 2283064    0    0     0 31268 20481 79529 60 35  4  2  0  0 2026-09-26 15:09:10
12  0      0 102764  68132 2285380    0    0     4 24076 19969 81500 59 35  5  2  0  0 2026-09-26 15:09:11
 8  0      0  82456  68132 2288500    0    0     0 31352 20121 80077 58 36  5  2  0  0 2026-09-26 15:09:12
44  0      0  74560  68132 2292752    0    0     0 31792 20815 80787 55 36  6  3  0  0 2026-09-26 15:09:13
29  0      0  94488  68128 2271016    0    0     0 29032 19858 76859 60 32  5  3  0  0 2026-09-26 15:09:14
42  0      0  80404  68128 2274540    0    0    68 29580 21653 82670 60 31  6  3  0  0 2026-09-26 15:09:15
38  0      0  87372  68032 2260452    0    0     0 30216 19980 78812 58 34  6  3  0  0 2026-09-26 15:09:16
32  0      0  76812  68032 2263616    0    0     0 47064 21692 79445 56 33  6  5  0  0 2026-09-26 15:09:17
33  0      0  73616  68004 2260904    0    0     0 31580 17522 74712 62 33  3  2  0  0 2026-09-26 15:09:18
25  1      0  79108  67952 2235856    0    0     0 19480 15916 56761 58 35  4  2  0  0 2026-09-26 15:09:19
12  0      0  86712  67952 2216304    0    0     4 19500 11388 40183 65 34  1  1  0  0 2026-09-26 15:09:20
15  0      0  82736  67952 2220944    0    0     0 25908 19370 73515 60 31  6  3  0  0 2026-09-26 15:09:21
23  0      0  81708  67952 2223944    0    0     0 26848 20703 79362 61 33  4  2  0  0 2026-09-26 15:09:22
procs -----------memory---------- ---swap-- -----io---- -system-- -------cpu------- -----timestamp-----
 r  b   swpd   free   buff  cache   si   so    bi    bo   in   cs us sy id wa st gu                 UTC
 8  0      0  81560  67952 2205300    0    0     4 27192 20701 77670 59 35  4  2  0  0 2026-09-26 15:09:23
16  0      0  77332  67952 2192408    0    0     0 25956 20033 77518 61 32  5  2  0  0 2026-09-26 15:09:24
11  2      0  80768  67952 2181656    0    0     8 27512 20402 75428 58 33  5  3  0  0 2026-09-26 15:09:25
44  0      0  75560  67952 2185296    0    0     0 28012 19427 76378 58 34  5  3  0  0 2026-09-26 15:09:26
12  1      0  88364  67952 2172948    0    0     0 47800 19958 73995 57 34  5  3  0  0 2026-09-26 15:09:27
56  1      0  78672  67952 2176552    0    0     0 25752 19665 75685 60 33  5  2  0  0 2026-09-26 15:09:28
21  0      0  77480  67952 2179092    0    0     4 29300 20273 78597 60 32  6  2  0  0 2026-09-26 15:09:29
16  0      0  85584  67952 2167276    0    0     0 23664 19892 75532 62 33  4  1  0  0 2026-09-26 15:09:30
36  0      0  76188  67952 2170128    0    0     0 31332 20141 77461 61 34  4  2  0  0 2026-09-26 15:09:31
30  0      0  73824  67952 2148108    0    0     4 29820 17560 72501 62 33  4  1  0  0 2026-09-26 15:09:32
10  0      0  82356  67952 2140044    0    0     0 26964 18170 77421 61 35  3  2  0  0 2026-09-26 15:09:33
28  1      0  80456  67952 2143236    0    0     4 26036 18694 74082 64 33  2  1  0  0 2026-09-26 15:09:34
38  1      0  74224  67952 2147488    0    0     0 27588 19672 77940 61 34  4  1  0  0 2026-09-26 15:09:35
12  1      0  73036  67952 2125764    0    0     0 26256 19270 75058 62 32  4  2  0  0 2026-09-26 15:09:36
55  0      0  76152  67952 2118680    0    0     0 26272 19969 78868 62 34  4  1  0  0 2026-09-26 15:09:37
20  1      0  88540  67936 2103460    0    0    88 26484 17799 72910 64 33  2  1  0  0 2026-09-26 15:09:38
43  1      0  79388  67936 2108968    0    0  1400 31116 19623 74915 60 33  5  2  0  0 2026-09-26 15:09:39
21  1      0  93264  67920 2095312    0    0   120 25884 18378 69917 65 31  3  1  0  0 2026-09-26 15:09:40
59  0      0  90920  67860 2074000    0    0   628 29316 17861 74447 64 32  2  1  0  0 2026-09-26 15:09:41
31  1      0  90188  67860 2077392    0    0   620 25588 18443 71004 65 32  2  1  0  0 2026-09-26 15:09:42
33  0      0  93336  67860 2080268    0    0     0 17248 18587 83327 64 32  4  1  0  0 2026-09-26 15:09:43
procs -----------memory---------- ---swap-- -----io---- -system-- -------cpu------- -----timestamp-----
 r  b   swpd   free   buff  cache   si   so    bi    bo   in   cs us sy id wa st gu                 UTC
40  0      0  84380  67860 2085836    0    0     0  4540 13875 83339 72 24  4  0  0  0 2026-09-26 15:09:44
14  0      0  83968  67860 2089000    0    0     0  3640 19207 88422 69 26  5  0  0  0 2026-09-26 15:09:45
 6  0      0 137352  67804 2026208    0    0     4  3420 13812 88333 68 25  7  0  0  0 2026-09-26 15:09:46
