2026-09-27T08:51:03+00:00
COMMAND         %CPU   RSS
mysqld           1.5 919268
nginx            0.3 17324
nginx            0.3 17360
kworker/u4:2-ev  0.0     0
kworker/u4:5-fl  0.0     0
isuride          0.0  9032
sh               0.0  1588
rcu_preempt      0.0     0
jbd2/sda1-8      0.0     0
2026-09-27T08:51:05+00:00
COMMAND         %CPU   RSS
bench            9.0 50232
mysqld           1.5 946332
isuride          0.8 14816
nginx            0.3 17324
nginx            0.3 17360
kworker/u4:2-wr  0.0     0
kworker/u4:5-fl  0.0     0
sh               0.0  1588
rcu_preempt      0.0     0
2026-09-27T08:51:07+00:00
COMMAND         %CPU   RSS
bench           14.9 68656
isuride          2.8 15816
mysqld           1.5 946524
nginx            0.3 17324
nginx            0.3 17360
kworker/u4:2-ev  0.0     0
kworker/u4:5-fl  0.0     0
rcu_preempt      0.0     0
sh               0.0  1588
2026-09-27T08:51:09+00:00
COMMAND         %CPU   RSS
bench           19.6 101552
isuride          5.1 16324
mysqld           1.5 946984
nginx            0.3 17324
nginx            0.3 17360
kworker/u4:2-ex  0.0     0
kworker/u4:5-fl  0.0     0
rcu_preempt      0.0     0
sh               0.0  1588
2026-09-27T08:51:11+00:00
COMMAND         %CPU   RSS
bench           22.6 141584
isuride          7.4 17888
mysqld           1.5 948276
nginx            0.3 17324
nginx            0.3 17360
kworker/u4:2-ev  0.0     0
kworker/u4:5-fl  0.0     0
rcu_preempt      0.0     0
jbd2/sda1-8      0.0     0
2026-09-27T08:51:13+00:00
COMMAND         %CPU   RSS
bench           24.5 186456
isuride          9.7 20052
mysqld           1.5 948616
nginx            0.3 17324
nginx            0.3 17360
kworker/u4:2-ex  0.0     0
kworker/u4:5-fl  0.0     0
rcu_preempt      0.0     0
jbd2/sda1-8      0.0     0
2026-09-27T08:51:15+00:00
COMMAND         %CPU   RSS
bench           25.9 206612
isuride         11.7 20580
mysqld           1.5 948980
nginx            0.3 17324
nginx            0.3 17360
kworker/u4:2-ex  0.0     0
kworker/u4:5-fl  0.0     0
rcu_preempt      0.0     0
jbd2/sda1-8      0.0     0
2026-09-27T08:51:17+00:00
COMMAND         %CPU   RSS
bench           26.4 237224
isuride         13.6 22228
curl            11.1 12328
mysqld           1.5 949508
nginx            0.3 17324
nginx            0.3 17360
kworker/u4:2-ev  0.0     0
kworker/u4:5-fl  0.0     0
rcu_preempt      0.0     0
2026-09-27T08:51:19+00:00
COMMAND         %CPU   RSS
bench           26.9 260312
isuride         15.2 24228
curl             9.0 12328
mysqld           1.5 949900
nginx            0.3 17324
nginx            0.3 17360
kworker/u4:2-fl  0.0     0
kworker/u4:5-fl  0.0     0
rcu_preempt      0.0     0
2026-09-27T08:51:21+00:00
COMMAND         %CPU   RSS
bench           27.3 279960
isuride         16.6 25612
mysqld           1.5 950208
nginx            0.3 17324
nginx            0.3 17360
kworker/u4:2-fl  0.0     0
kworker/u4:5-fl  0.0     0
rcu_preempt      0.0     0
jbd2/sda1-8      0.0     0
2026-09-27T08:51:23+00:00
COMMAND         %CPU   RSS
bench           27.6 302388
isuride         17.9 27152
mysqld           1.5 950476
nginx            0.3 17324
nginx            0.3 17360
kworker/u4:2-fl  0.0     0
kworker/u4:5-fl  0.0     0
rcu_preempt      0.0     0
jbd2/sda1-8      0.0     0
2026-09-27T08:51:25+00:00
COMMAND         %CPU   RSS
bench           27.7 324452
isuride         19.1 29476
mysqld           1.5 950852
nginx            0.3 17324
nginx            0.3 17360
kworker/u4:2-fl  0.0     0
kworker/u4:5-fl  0.0     0
rcu_preempt      0.0     0
jbd2/sda1-8      0.0     0
2026-09-27T08:51:27+00:00
COMMAND         %CPU   RSS
bench           28.0 328868
isuride         20.2 29252
mysqld           1.5 951136
nginx            0.3 17324
nginx            0.3 17360
kworker/u4:2-fl  0.0     0
kworker/u4:5-fl  0.0     0
rcu_preempt      0.0     0
jbd2/sda1-8      0.0     0
2026-09-27T08:51:29+00:00
COMMAND         %CPU   RSS
bench           28.3 350720
isuride         21.2 30724
mysqld           1.5 951340
nginx            0.3 17324
nginx            0.3 17360
kworker/u4:2-fl  0.0     0
kworker/u4:5-fl  0.0     0
rcu_preempt      0.0     0
jbd2/sda1-8      0.0     0
2026-09-27T08:51:31+00:00
COMMAND         %CPU   RSS
bench           28.5 371500
isuride         22.1 29492
mysqld           1.5 951764
nginx            0.3 17324
nginx            0.3 17360
kworker/u4:2-fl  0.0     0
kworker/u4:5-fl  0.0     0
rcu_preempt      0.0     0
jbd2/sda1-8      0.0     0
2026-09-27T08:51:33+00:00
COMMAND         %CPU   RSS
bench           28.7 398320
isuride         22.9 34636
mysqld           1.5 952032
nginx            0.3 17324
nginx            0.3 17360
kworker/u4:2-fl  0.0     0
kworker/u4:5-fl  0.0     0
rcu_preempt      0.0     0
jbd2/sda1-8      0.0     0
2026-09-27T08:51:35+00:00
COMMAND         %CPU   RSS
bench           28.8 402180
isuride         23.6 34508
mysqld           1.5 952268
nginx            0.3 17324
nginx            0.3 17360
kworker/u4:2-fl  0.0     0
kworker/u4:5-fl  0.0     0
rcu_preempt      0.0     0
jbd2/sda1-8      0.0     0
2026-09-27T08:51:37+00:00
COMMAND         %CPU   RSS
bench           29.0 437552
isuride         24.2 36820
curl             2.1 12324
mysqld           1.5 952528
nginx            0.3 17324
nginx            0.3 17360
kworker/u4:2-fl  0.0     0
kworker/u4:5-fl  0.0     0
rcu_preempt      0.0     0
2026-09-27T08:51:39+00:00
COMMAND         %CPU   RSS
bench           29.0 440792
isuride         24.8 37616
mysqld           1.5 952960
nginx            0.3 17324
nginx            0.3 17360
kworker/u4:2-fl  0.0     0
kworker/u4:5-fl  0.0     0
rcu_preempt      0.0     0
jbd2/sda1-8      0.0     0
2026-09-27T08:51:41+00:00
COMMAND         %CPU   RSS
bench           29.1 469416
isuride         25.3 38912
mysqld           1.5 953308
nginx            0.3 17324
nginx            0.3 17360
kworker/u4:2-fl  0.0     0
kworker/u4:5-fl  0.0     0
rcu_preempt      0.0     0
jbd2/sda1-8      0.0     0
2026-09-27T08:51:43+00:00
COMMAND         %CPU   RSS
bench           29.0 471072
isuride         25.8 39132
mysqld           1.5 953532
nginx            0.3 17324
nginx            0.3 17360
kworker/u4:2-fl  0.0     0
kworker/u4:5-fl  0.0     0
rcu_preempt      0.0     0
jbd2/sda1-8      0.0     0
2026-09-27T08:51:45+00:00
COMMAND         %CPU   RSS
bench           29.1 506572
isuride         26.3 42848
curl            20.0 12216
mysqld           1.5 953916
nginx            0.3 17324
nginx            0.3 17360
kworker/u4:2-fl  0.0     0
kworker/u4:5-fl  0.0     0
rcu_preempt      0.0     0
2026-09-27T08:51:47+00:00
COMMAND         %CPU   RSS
bench           29.2 509396
isuride         26.7 42148
mysqld           1.6 954148
nginx            0.3 17324
nginx            0.3 17360
kworker/u4:2-fl  0.0     0
kworker/u4:5-fl  0.0     0
rcu_preempt      0.0     0
kworker/u4:0-ev  0.0     0
2026-09-27T08:51:49+00:00
COMMAND         %CPU   RSS
bench           29.3 532292
isuride         27.2 42036
mysqld           1.6 954472
nginx            0.3 17352
nginx            0.3 17360
kworker/u4:2-fl  0.0     0
kworker/u4:5-fl  0.0     0
rcu_preempt      0.0     0
kworker/u4:0-ex  0.0     0
2026-09-27T08:51:51+00:00
COMMAND         %CPU   RSS
bench           29.2 533988
isuride         27.6 44384
curl             2.6 12340
mysqld           1.6 954604
nginx            0.3 17388
nginx            0.3 17376
kworker/u4:2-ev  0.0     0
kworker/u4:5-fl  0.0     0
rcu_preempt      0.0     0
2026-09-27T08:51:53+00:00
COMMAND         %CPU   RSS
bench           29.2 538524
isuride         27.9 47308
mysqld           1.6 954676
nginx            0.3 17464
nginx            0.3 17384
kworker/u4:2-ev  0.0     0
kworker/u4:5-fl  0.0     0
rcu_preempt      0.0     0
kworker/u4:0-wr  0.0     0
2026-09-27T08:51:55+00:00
COMMAND         %CPU   RSS
bench           29.3 571184
isuride         28.2 47352
curl             2.0 12340
mysqld           1.6 954980
nginx            0.3 17468
nginx            0.3 17396
kworker/u4:2-ev  0.0     0
kworker/u4:5-fl  0.0     0
rcu_preempt      0.0     0
2026-09-27T08:51:57+00:00
COMMAND         %CPU   RSS
bench           29.4 572432
isuride         28.3 47848
mysqld           1.6 955044
nginx            0.3 17468
nginx            0.3 17508
kworker/u4:2-ev  0.0     0
kworker/u4:5-fl  0.0     0
rcu_preempt      0.0     0
jbd2/sda1-8      0.0     0
2026-09-27T08:51:59+00:00
COMMAND         %CPU   RSS
bench           29.5 574396
isuride         28.6 48028
curl             2.6 12324
mysqld           1.6 955364
nginx            0.3 17500
nginx            0.3 17508
kworker/u4:2-ev  0.0     0
kworker/u4:5-fl  0.0     0
rcu_preempt      0.0     0
2026-09-27T08:52:01+00:00
COMMAND         %CPU   RSS
bench           29.6 595176
isuride         28.8 49032
mysqld           1.6 955544
nginx            0.3 17520
nginx            0.3 17508
kworker/u4:2-ev  0.0     0
kworker/u4:5-fl  0.0     0
rcu_preempt      0.0     0
jbd2/sda1-8      0.0     0
2026-09-27T08:52:03+00:00
COMMAND         %CPU   RSS
bench           29.6 596280
isuride         28.9 49256
mysqld           1.6 955676
curl             1.0 12340
nginx            0.3 17580
nginx            0.3 17508
kworker/u4:2-ev  0.0     0
kworker/u4:5-fl  0.0     0
rcu_preempt      0.0     0
2026-09-27T08:52:05+00:00
COMMAND         %CPU   RSS
bench           29.4 597052
isuride         29.2 42632
mysqld           1.6 955976
nginx            0.3 17580
nginx            0.3 17508
kworker/u4:2-wr  0.0     0
kworker/u4:5-fl  0.0     0
rcu_preempt      0.0     0
jbd2/sda1-8      0.0     0
2026-09-27T08:52:07+00:00
COMMAND         %CPU   RSS
isuride         29.6 39264
bench           29.3 624316
mysqld           1.6 956144
nginx            0.3 17580
nginx            0.3 17508
kworker/u4:2-ev  0.0     0
kworker/u4:5-fl  0.0     0
rcu_preempt      0.0     0
jbd2/sda1-8      0.0     0
