procs -----------memory---------- ---swap-- -----io---- -system-- -------cpu------- -----timestamp-----
 r  b   swpd   free   buff  cache   si   so    bi    bo   in   cs us sy id wa st gu                 UTC
 2  0      0 701744  80404 2108120    0    0    23   432  659    9  4  1 95  0  0  0 2026-09-27 08:51:03
 0  1      0 651668  80408 2098936    0    0   124 56588 11629 22516 27 12 42 19  0  0 2026-09-27 08:51:04
 0  0      0 660180  80408 2099412    0    0     0 11464 23174 63581 25 17 55  3  0  0 2026-09-27 08:51:05
 6  0      0 659204  80408 2099912    0    0     0 14264 26690 79816 26 22 49  3  0  0 2026-09-27 08:51:06
12  0      0 651256  80408 2101796    0    0     0 19452 27190 101292 39 31 27  4  0  0 2026-09-27 08:51:07
 9  1      0 631532  80408 2102972    0    0     0 22396 29505 113298 44 31 22  4  0  0 2026-09-27 08:51:08
14  0      0 610696  80408 2105116    0    0     0 21840 27560 117278 46 35 18  2  0  0 2026-09-27 08:51:09
 4  0      0 586000  80420 2106544    0    0     0 27564 26100 114149 51 38  9  3  0  0 2026-09-27 08:51:10
28  0      0 562128  80420 2108968    0    0     0 27768 24799 114055 53 40  5  2  0  0 2026-09-27 08:51:11
16  1      0 540208  80424 2110320    0    0     0 26236 24716 111638 52 43  4  1  0  0 2026-09-27 08:51:12
16  0      0 512708  80436 2111560    0    0     0 27288 23656 114319 54 43  2  1  0  0 2026-09-27 08:51:13
20  0      0 503560  80436 2112920    0    0     0 24836 22322 101681 58 40  2  1  0  0 2026-09-27 08:51:14
25  0      0 484492  80436 2115248    0    0     0 26724 21948 110375 57 40  2  1  0  0 2026-09-27 08:51:15
33  0      0 451552  80436 2116684    0    0     0 25936 22336 106062 59 40  1  0  0  0 2026-09-27 08:51:16
 9  0      0 447856  80436 2118112    0    0     0 26412 21790 107123 56 42  2  1  0  0 2026-09-27 08:51:17
 8  0      0 423676  80436 2119416    0    0    32 26324 21831 109602 57 41  2  1  0  0 2026-09-27 08:51:18
48  0      0 417820  80444 2120668    0    0     0 27328 19532 103212 59 40  1  1  0  0 2026-09-27 08:51:19
27  1      0 398724  80444 2122080    0    0     0 33400 19232 106610 61 39  1  0  0  0 2026-09-27 08:51:20
39  0      0 392204  80452 2123332    0    0     0 30244 19682 110535 57 42  1  0  0  0 2026-09-27 08:51:21
40  0      0 389236  80452 2124644    0    0     0 27384 21198 111702 58 41  1  1  0  0 2026-09-27 08:51:22
52  1      0 365828  80452 2126152    0    0     0 27116 22096 107980 58 40  2  1  0  0 2026-09-27 08:51:23
procs -----------memory---------- ---swap-- -----io---- -system-- -------cpu------- -----timestamp-----
 r  b   swpd   free   buff  cache   si   so    bi    bo   in   cs us sy id wa st gu                 UTC
46  0      0 362060  80456 2128364    0    0     0 29912 20494 104128 59 40  1  0  0  0 2026-09-27 08:51:24
52  1      0 341004  80456 2130820    0    0     0 32112 21716 107384 58 40  2  1  0  0 2026-09-27 08:51:25
45  0      0 330512  80456 2132308    0    0    16 26516 21395 106720 58 40  2  1  0  0 2026-09-27 08:51:26
15  1      0 326480  80456 2134028    0    0     0 24664 21672 113260 60 39  1  0  0  0 2026-09-27 08:51:27
14  0      0 307684  80456 2135436    0    0     0 26632 21009 104345 59 40  1  0  0  0 2026-09-27 08:51:28
13  0      0 300220  80456 2136724    0    0     0 25248 20332 97588 58 41  1  1  0  0 2026-09-27 08:51:29
40  0      0 293916  80460 2138124    0    0     0 25400 20216 99757 60 40  1  0  0  0 2026-09-27 08:51:30
33  1      0 276540  80460 2139640    0    0     0 22372 20217 101982 61 37  2  0  0  0 2026-09-27 08:51:31
46  1      0 273776  80464 2141112    0    0     4 25412 20416 104022 59 39  2  1  0  0 2026-09-27 08:51:32
22  0      0 253396  80464 2142616    0    0     0 26304 20586 105484 60 39  1  1  0  0 2026-09-27 08:51:33
14  0      0 238344  80464 2144092    0    0     0 24824 19870 100243 64 35  1  0  0  0 2026-09-27 08:51:34
42  0      0 235836  80468 2145452    0    0     0 37752 19981 105240 57 41  2  1  0  0 2026-09-27 08:51:35
28  0      0 225560  80468 2146924    0    0     0 27324 21418 103589 59 40  1  1  0  0 2026-09-27 08:51:36
12  0      0 194568  80468 2148264    0    0    32 28684 20817 101460 58 41  1  0  0  0 2026-09-27 08:51:37
18  2      0 190500  80468 2150780    0    0     0 28272 21302 104738 59 39  2  1  0  0 2026-09-27 08:51:38
 8  1      0 184548  80468 2153204    0    0     0 29220 20296 100093 62 36  2  1  0  0 2026-09-27 08:51:39
48  1      0 177472  80468 2154520    0    0     0 30912 21547 95419 58 35  5  3  0  0 2026-09-27 08:51:40
38  0      0 153504  80468 2155828    0    0     0 28456 20479 97000 58 38  2  2  0  0 2026-09-27 08:51:41
 5  0      0 147740  80468 2157360    0    0     0 25052 21051 98468 60 36  4  1  0  0 2026-09-27 08:51:42
24  0      0 145512  80468 2158556    0    0     0 26796 18988 99928 60 37  3  1  0  0 2026-09-27 08:51:43
28  0      0 142292  80468 2159984    0    0    32 27132 20733 101888 57 40  3  1  0  0 2026-09-27 08:51:44
procs -----------memory---------- ---swap-- -----io---- -system-- -------cpu------- -----timestamp-----
 r  b   swpd   free   buff  cache   si   so    bi    bo   in   cs us sy id wa st gu                 UTC
44  0      0 103312  80468 2161440    0    0     0 28472 19005 100996 59 38  2  1  0  0 2026-09-27 08:51:45
35  1      0  97804  80468 2162704    0    0     0 26608 20539 99877 60 37  3  1  0  0 2026-09-27 08:51:46
25  0      0  94540  80468 2165028    0    0     0 28524 20052 96508 61 37  2  1  0  0 2026-09-27 08:51:47
19  0      0  90892  80468 2166304    0    0     0 26820 21111 101421 59 39  2  1  0  0 2026-09-27 08:51:48
46  0      0  68284  80468 2167592    0    0     0 26388 20683 97885 58 41  1  0  0  0 2026-09-27 08:51:49
57  0      0  90836  80324 2140664    0    0    32 27612 19128 90500 59 37  3  2  0  0 2026-09-27 08:51:50
34  1      0  85576  80324 2142988    0    0     0 34428 21685 99343 60 38  2  1  0  0 2026-09-27 08:51:51
16  0      0  90828  80328 2144268    0    0     0 25732 20905 95031 61 38  1  0  0  0 2026-09-27 08:51:52
11  0      0  81024  80328 2146492    0    0     0 29916 21447 94676 56 38  4  3  0  0 2026-09-27 08:51:53
45  0      0 121944  78800 2081612    0    0     0 23884 17371 85072 61 34  4  1  0  0 2026-09-27 08:51:54
16  0      0 114108  78800 2082600    0    0     0 22616 17304 78188 61 38  1  1  0  0 2026-09-27 08:51:55
65  1      0 116036  78800 2083244    0    0     0 15980 12601 58153 63 36  1  0  0  0 2026-09-27 08:51:56
19  1      0 110220  78800 2084008    0    0     0 20296 14549 71328 62 37  0  1  0  0 2026-09-27 08:51:57
 4  0      0 110336  78800 2085300    0    0     0 27480 20825 98372 59 38  3  1  0  0 2026-09-27 08:51:58
 6  1      0 106636  78800 2086476    0    0     0 26200 18762 96517 61 36  2  1  0  0 2026-09-27 08:51:59
32  0      0  98740  78800 2087532    0    0     0 27012 18973 97581 59 39  2  0  0  0 2026-09-27 08:52:00
35  0      0  81448  78800 2088628    0    0    16 32616 19657 88038 61 32  4  3  0  0 2026-09-27 08:52:01
 7  0      0  82288  78800 2089816    0    0     0 27068 19032 93604 60 38  2  1  0  0 2026-09-27 08:52:02
16  0      0  76576  78800 2090896    0    0     0 27752 20231 91404 58 37  3  2  0  0 2026-09-27 08:52:03
30  0      0  95848  74664 2079004    0    0     0 34416 20307 89980 57 37  4  2  0  0 2026-09-27 08:52:04
11  0      0 100480  74664 2079812    0    0     0 21668 19984 98867 61 35  4  1  0  0 2026-09-27 08:52:05
procs -----------memory---------- ---swap-- -----io---- -system-- -------cpu------- -----timestamp-----
 r  b   swpd   free   buff  cache   si   so    bi    bo   in   cs us sy id wa st gu                 UTC
10  0      0  93440  74664 2080512    0    0     0  8464 17710 129225 62 29  8  1  0  0 2026-09-27 08:52:06
43  0      0  75708  74664 2081272    0    0     0  4092 17963 126818 66 28  7  0  0  0 2026-09-27 08:52:07
30  0      0  75608  74664 2081972    0    0     0  3808 17595 125720 65 29  6  0  0  0 2026-09-27 08:52:08
10  0      0  73892  74664 2082708    0    0     0  3820 19218 123987 66 29  5  1  0  0 2026-09-27 08:52:09
