time=17:19:41.062 level=DEBUG source=/tmp/isucon14/bench/cmd/run.go:90 msg=target targetURL=https://isuride.xiv.isucon.net targetAddr=127.0.0.1:443 benchrun.GetTargetAddress()="" paymentURL=http://127.0.0.1:12346
time=17:19:41.062 level=INFO msg=負荷走行を開始します
time=17:19:44.158 level=DEBUG source=/tmp/isucon14/bench/benchmarker/scenario/scenario.go:315 msg=時間経過 tick=60
time=17:19:44.159 level=DEBUG source=/tmp/isucon14/bench/benchmarker/scenario/scenario.go:317 msg=eval reqs=0 score="[0 0 0 0 0]" criteria="[0 0 0 0]"
time=17:19:45.958 level=DEBUG source=/tmp/isucon14/bench/benchmarker/scenario/scenario.go:315 msg=時間経過 tick=120
time=17:19:45.958 level=DEBUG source=/tmp/isucon14/bench/benchmarker/scenario/scenario.go:317 msg=eval reqs=0 score="[0 0 0 0 0]" criteria="[0 0 0 0]"
time=17:19:47.759 level=INFO msg=これまでに地域内の評判によって1人、既存ユーザーの招待経由で1人が新規登録しました
time=17:19:47.759 level=DEBUG source=/tmp/isucon14/bench/benchmarker/scenario/scenario.go:315 msg=時間経過 tick=180
time=17:19:47.759 level=DEBUG source=/tmp/isucon14/bench/benchmarker/scenario/scenario.go:317 msg=eval reqs=2 score="[0 1 0 1 0]" criteria="[2 0 1 1]"
time=17:19:47.759 level=INFO msg=0.0%のライドは椅子がマッチされるまでの時間、100.0%のライドはマッチされた椅子が乗車地点までに掛かる時間、50.0%のライドは椅子の実移動時間に不満がありました
time=17:19:49.398 level=WARN msg="取得したオーナーの椅子一覧の情報が想定しているものと異なります (CODE=26): total_distanceの反映が遅いデータがあります (id: 01M3ECRX939WEXHWYWRGTX48CK)"
time=17:19:49.547 level=INFO msg=一定の売上が立ったためオーナーの椅子が増加します 名前=座心工房 増加数=1
time=17:19:49.559 level=DEBUG source=/tmp/isucon14/bench/benchmarker/scenario/scenario.go:315 msg=時間経過 tick=240
time=17:19:49.559 level=DEBUG source=/tmp/isucon14/bench/benchmarker/scenario/scenario.go:317 msg=eval reqs=4 score="[0 2 1 1 0]" criteria="[3 0 2 2]"
time=17:19:51.358 level=DEBUG source=/tmp/isucon14/bench/benchmarker/scenario/scenario.go:315 msg=時間経過 tick=300
time=17:19:51.358 level=DEBUG source=/tmp/isucon14/bench/benchmarker/scenario/scenario.go:317 msg=eval reqs=4 score="[0 2 1 1 0]" criteria="[3 0 2 2]"
time=17:19:53.159 level=DEBUG source=/tmp/isucon14/bench/benchmarker/scenario/scenario.go:315 msg=時間経過 tick=360
time=17:19:53.159 level=INFO msg=これまでに地域内の評判によって3人、既存ユーザーの招待経由で1人が新規登録しました
time=17:19:53.159 level=INFO msg=40.0%のライドは椅子がマッチされるまでの時間、100.0%のライドはマッチされた椅子が乗車地点までに掛かる時間、60.0%のライドは椅子の実移動時間に不満がありました
time=17:19:53.159 level=DEBUG source=/tmp/isucon14/bench/benchmarker/scenario/scenario.go:317 msg=eval reqs=5 score="[1 2 1 1 0]" criteria="[3 0 2 2]"
time=17:19:54.958 level=DEBUG source=/tmp/isucon14/bench/benchmarker/scenario/scenario.go:315 msg=時間経過 tick=420
time=17:19:54.958 level=DEBUG source=/tmp/isucon14/bench/benchmarker/scenario/scenario.go:317 msg=eval reqs=5 score="[1 2 1 1 0]" criteria="[3 0 2 2]"
time=17:19:56.759 level=DEBUG source=/tmp/isucon14/bench/benchmarker/scenario/scenario.go:315 msg=時間経過 tick=480
time=17:19:56.759 level=DEBUG source=/tmp/isucon14/bench/benchmarker/scenario/scenario.go:317 msg=eval reqs=6 score="[2 2 1 1 0]" criteria="[3 0 2 2]"
time=17:19:58.559 level=DEBUG source=/tmp/isucon14/bench/benchmarker/scenario/scenario.go:315 msg=時間経過 tick=540
time=17:19:58.560 level=INFO msg=これまでに地域内の評判によって9人、既存ユーザーの招待経由で1人が新規登録しました
time=17:19:58.560 level=INFO msg=これまでに低評価なライドによって1人が利用をやめました
time=17:19:58.560 level=INFO msg=62.5%のライドは椅子がマッチされるまでの時間、100.0%のライドはマッチされた椅子が乗車地点までに掛かる時間、75.0%のライドは椅子の実移動時間に不満がありました
time=17:19:58.560 level=DEBUG source=/tmp/isucon14/bench/benchmarker/scenario/scenario.go:317 msg=eval reqs=8 score="[4 2 1 1 0]" criteria="[3 0 2 2]"
time=17:20:00.359 level=DEBUG source=/tmp/isucon14/bench/benchmarker/scenario/scenario.go:315 msg=時間経過 tick=600
time=17:20:00.359 level=DEBUG source=/tmp/isucon14/bench/benchmarker/scenario/scenario.go:317 msg=eval reqs=9 score="[5 2 1 1 0]" criteria="[3 0 2 2]"
time=17:20:02.159 level=DEBUG source=/tmp/isucon14/bench/benchmarker/scenario/scenario.go:315 msg=時間経過 tick=660
time=17:20:02.159 level=DEBUG source=/tmp/isucon14/bench/benchmarker/scenario/scenario.go:317 msg=eval reqs=10 score="[5 3 1 1 0]" criteria="[4 0 2 2]"
time=17:20:03.959 level=INFO msg=これまでに地域内の評判によって13人、既存ユーザーの招待経由で1人が新規登録しました
time=17:20:03.959 level=INFO msg=これまでに低評価なライドによって2人が利用をやめました
time=17:20:03.959 level=INFO msg=60.0%のライドは椅子がマッチされるまでの時間、100.0%のライドはマッチされた椅子が乗車地点までに掛かる時間、80.0%のライドは椅子の実移動時間に不満がありました
time=17:20:03.959 level=DEBUG source=/tmp/isucon14/bench/benchmarker/scenario/scenario.go:315 msg=時間経過 tick=720
time=17:20:03.959 level=DEBUG source=/tmp/isucon14/bench/benchmarker/scenario/scenario.go:317 msg=eval reqs=10 score="[5 3 1 1 0]" criteria="[4 0 2 2]"
time=17:20:05.758 level=DEBUG source=/tmp/isucon14/bench/benchmarker/scenario/scenario.go:315 msg=時間経過 tick=780
time=17:20:05.758 level=DEBUG source=/tmp/isucon14/bench/benchmarker/scenario/scenario.go:317 msg=eval reqs=12 score="[6 4 1 1 0]" criteria="[5 0 2 2]"
time=17:20:07.559 level=DEBUG source=/tmp/isucon14/bench/benchmarker/scenario/scenario.go:315 msg=時間経過 tick=840
time=17:20:07.559 level=DEBUG source=/tmp/isucon14/bench/benchmarker/scenario/scenario.go:317 msg=eval reqs=14 score="[6 6 1 1 0]" criteria="[7 0 2 2]"
time=17:20:09.358 level=DEBUG source=/tmp/isucon14/bench/benchmarker/scenario/scenario.go:315 msg=時間経過 tick=900
time=17:20:09.358 level=INFO msg=これまでに地域内の評判によって18人、既存ユーザーの招待経由で1人が新規登録しました
time=17:20:09.358 level=INFO msg=これまでに低評価なライドによって4人が利用をやめました
time=17:20:09.358 level=INFO msg=53.3%のライドは椅子がマッチされるまでの時間、100.0%のライドはマッチされた椅子が乗車地点までに掛かる時間、86.7%のライドは椅子の実移動時間に不満がありました
time=17:20:09.358 level=DEBUG source=/tmp/isucon14/bench/benchmarker/scenario/scenario.go:317 msg=eval reqs=15 score="[7 6 1 1 0]" criteria="[7 0 2 2]"
time=17:20:09.554 level=INFO msg=一定の売上が立ったためオーナーの椅子が増加します 名前="Urban Wheels" 増加数=1
time=17:20:11.159 level=DEBUG source=/tmp/isucon14/bench/benchmarker/scenario/scenario.go:315 msg=時間経過 tick=960
time=17:20:11.159 level=DEBUG source=/tmp/isucon14/bench/benchmarker/scenario/scenario.go:317 msg=eval reqs=16 score="[8 6 1 1 0]" criteria="[7 0 2 2]"
time=17:20:12.958 level=DEBUG source=/tmp/isucon14/bench/benchmarker/scenario/scenario.go:315 msg=時間経過 tick=1020
time=17:20:12.958 level=DEBUG source=/tmp/isucon14/bench/benchmarker/scenario/scenario.go:317 msg=eval reqs=16 score="[8 6 1 1 0]" criteria="[7 0 2 2]"
time=17:20:13.078 level=INFO msg=一定の売上が立ったためオーナーの椅子が増加します 名前=ひまわり交通 増加数=1
time=17:20:13.104 level=INFO msg=一定の売上が立ったためオーナーの椅子が増加します 名前=座心工房 増加数=1
time=17:20:14.759 level=DEBUG source=/tmp/isucon14/bench/benchmarker/scenario/scenario.go:315 msg=時間経過 tick=1080
time=17:20:14.759 level=INFO msg=これまでに地域内の評判によって21人、既存ユーザーの招待経由で1人が新規登録しました
time=17:20:14.759 level=INFO msg=これまでに低評価なライドによって5人が利用をやめました
time=17:20:14.759 level=INFO msg=56.2%のライドは椅子がマッチされるまでの時間、100.0%のライドはマッチされた椅子が乗車地点までに掛かる時間、87.5%のライドは椅子の実移動時間に不満がありました
time=17:20:14.759 level=DEBUG source=/tmp/isucon14/bench/benchmarker/scenario/scenario.go:317 msg=eval reqs=16 score="[8 6 1 1 0]" criteria="[7 0 2 2]"
time=17:20:16.559 level=DEBUG source=/tmp/isucon14/bench/benchmarker/scenario/scenario.go:315 msg=時間経過 tick=1140
time=17:20:16.559 level=DEBUG source=/tmp/isucon14/bench/benchmarker/scenario/scenario.go:317 msg=eval reqs=18 score="[9 7 1 1 0]" criteria="[8 0 2 2]"
time=17:20:18.359 level=DEBUG source=/tmp/isucon14/bench/benchmarker/scenario/scenario.go:315 msg=時間経過 tick=1200
time=17:20:18.359 level=DEBUG source=/tmp/isucon14/bench/benchmarker/scenario/scenario.go:317 msg=eval reqs=19 score="[10 7 1 1 0]" criteria="[8 0 2 2]"
time=17:20:20.158 level=DEBUG source=/tmp/isucon14/bench/benchmarker/scenario/scenario.go:315 msg=時間経過 tick=1260
time=17:20:20.158 level=DEBUG source=/tmp/isucon14/bench/benchmarker/scenario/scenario.go:317 msg=eval reqs=21 score="[12 7 1 1 0]" criteria="[8 0 2 2]"
time=17:20:20.159 level=INFO msg=これまでに地域内の評判によって26人、既存ユーザーの招待経由で1人が新規登録しました
time=17:20:20.159 level=INFO msg=これまでに低評価なライドによって9人が利用をやめました
time=17:20:20.159 level=INFO msg=61.9%のライドは椅子がマッチされるまでの時間、100.0%のライドはマッチされた椅子が乗車地点までに掛かる時間、90.5%のライドは椅子の実移動時間に不満がありました
time=17:20:21.959 level=DEBUG source=/tmp/isucon14/bench/benchmarker/scenario/scenario.go:315 msg=時間経過 tick=1320
time=17:20:21.959 level=DEBUG source=/tmp/isucon14/bench/benchmarker/scenario/scenario.go:317 msg=eval reqs=24 score="[14 8 1 1 0]" criteria="[9 0 2 2]"
time=17:20:23.758 level=DEBUG source=/tmp/isucon14/bench/benchmarker/scenario/scenario.go:315 msg=時間経過 tick=1380
time=17:20:23.758 level=DEBUG source=/tmp/isucon14/bench/benchmarker/scenario/scenario.go:317 msg=eval reqs=25 score="[15 8 1 1 0]" criteria="[9 0 2 2]"
time=17:20:24.061 level=INFO msg=一定の売上が立ったためオーナーの椅子が増加します 名前="Urban Wheels" 増加数=1
time=17:20:25.559 level=INFO msg=これまでに地域内の評判によって31人、既存ユーザーの招待経由で1人が新規登録しました
time=17:20:25.559 level=INFO msg=これまでに低評価なライドによって13人が利用をやめました
time=17:20:25.559 level=INFO msg=66.7%のライドは椅子がマッチされるまでの時間、100.0%のライドはマッチされた椅子が乗車地点までに掛かる時間、92.6%のライドは椅子の実移動時間に不満がありました
time=17:20:25.559 level=DEBUG source=/tmp/isucon14/bench/benchmarker/scenario/scenario.go:315 msg=時間経過 tick=1440
time=17:20:25.559 level=DEBUG source=/tmp/isucon14/bench/benchmarker/scenario/scenario.go:317 msg=eval reqs=27 score="[17 8 1 1 0]" criteria="[9 0 2 2]"
time=17:20:27.359 level=DEBUG source=/tmp/isucon14/bench/benchmarker/scenario/scenario.go:315 msg=時間経過 tick=1500
time=17:20:27.359 level=DEBUG source=/tmp/isucon14/bench/benchmarker/scenario/scenario.go:317 msg=eval reqs=28 score="[17 9 1 1 0]" criteria="[10 0 2 2]"
time=17:20:29.159 level=DEBUG source=/tmp/isucon14/bench/benchmarker/scenario/scenario.go:315 msg=時間経過 tick=1560
time=17:20:29.159 level=DEBUG source=/tmp/isucon14/bench/benchmarker/scenario/scenario.go:317 msg=eval reqs=32 score="[21 9 1 1 0]" criteria="[10 0 2 2]"
time=17:20:29.426 level=INFO msg=一定の売上が立ったためオーナーの椅子が増加します 名前=座心工房 増加数=1
time=17:20:30.958 level=INFO msg=これまでに地域内の評判によって37人、既存ユーザーの招待経由で1人が新規登録しました
time=17:20:30.958 level=INFO msg=これまでに低評価なライドによって19人が利用をやめました
time=17:20:30.958 level=INFO msg=68.8%のライドは椅子がマッチされるまでの時間、100.0%のライドはマッチされた椅子が乗車地点までに掛かる時間、93.8%のライドは椅子の実移動時間に不満がありました
time=17:20:30.958 level=DEBUG source=/tmp/isucon14/bench/benchmarker/scenario/scenario.go:315 msg=時間経過 tick=1620
time=17:20:30.958 level=DEBUG source=/tmp/isucon14/bench/benchmarker/scenario/scenario.go:317 msg=eval reqs=32 score="[21 9 1 1 0]" criteria="[10 0 2 2]"
time=17:20:32.760 level=DEBUG source=/tmp/isucon14/bench/benchmarker/scenario/scenario.go:315 msg=時間経過 tick=1680
time=17:20:32.760 level=DEBUG source=/tmp/isucon14/bench/benchmarker/scenario/scenario.go:317 msg=eval reqs=33 score="[22 9 1 1 0]" criteria="[10 0 2 2]"
time=17:20:34.558 level=DEBUG source=/tmp/isucon14/bench/benchmarker/scenario/scenario.go:315 msg=時間経過 tick=1740
time=17:20:34.558 level=DEBUG source=/tmp/isucon14/bench/benchmarker/scenario/scenario.go:317 msg=eval reqs=35 score="[23 10 1 1 0]" criteria="[10 1 2 2]"
time=17:20:34.737 level=INFO msg=一定の売上が立ったためオーナーの椅子が増加します 名前="SitWell Designs" 増加数=2
time=17:20:36.359 level=DEBUG source=/tmp/isucon14/bench/benchmarker/scenario/scenario.go:315 msg=時間経過 tick=1800
time=17:20:36.359 level=DEBUG source=/tmp/isucon14/bench/benchmarker/scenario/scenario.go:317 msg=eval reqs=36 score="[23 11 1 1 0]" criteria="[11 1 2 2]"
time=17:20:36.359 level=INFO msg=これまでに地域内の評判によって41人、既存ユーザーの招待経由で1人が新規登録しました
time=17:20:36.359 level=INFO msg=これまでに低評価なライドによって23人が利用をやめました
time=17:20:36.359 level=INFO msg=69.4%のライドは椅子がマッチされるまでの時間、97.2%のライドはマッチされた椅子が乗車地点までに掛かる時間、94.4%のライドは椅子の実移動時間に不満がありました
time=17:20:38.159 level=DEBUG source=/tmp/isucon14/bench/benchmarker/scenario/scenario.go:315 msg=時間経過 tick=1860
time=17:20:38.159 level=DEBUG source=/tmp/isucon14/bench/benchmarker/scenario/scenario.go:317 msg=eval reqs=37 score="[23 12 1 1 0]" criteria="[12 1 2 2]"
time=17:20:38.404 level=INFO msg=一定の売上が立ったためオーナーの椅子が増加します 名前=椅子やいちば 増加数=1
time=17:20:39.959 level=DEBUG source=/tmp/isucon14/bench/benchmarker/scenario/scenario.go:315 msg=時間経過 tick=1920
time=17:20:39.959 level=DEBUG source=/tmp/isucon14/bench/benchmarker/scenario/scenario.go:317 msg=eval reqs=38 score="[24 12 1 1 0]" criteria="[12 1 2 2]"
time=17:20:40.195 level=INFO msg=一定の売上が立ったためオーナーの椅子が増加します 名前=座心工房 増加数=1
time=17:20:41.759 level=INFO msg=これまでに地域内の評判によって46人、既存ユーザーの招待経由で1人が新規登録しました
time=17:20:41.759 level=INFO msg=これまでに低評価なライドによって26人が利用をやめました
time=17:20:41.759 level=INFO msg=69.2%のライドは椅子がマッチされるまでの時間、94.9%のライドはマッチされた椅子が乗車地点までに掛かる時間、94.9%のライドは椅子の実移動時間に不満がありました
time=17:20:41.759 level=DEBUG source=/tmp/isucon14/bench/benchmarker/scenario/scenario.go:315 msg=時間経過 tick=1980
time=17:20:41.759 level=DEBUG source=/tmp/isucon14/bench/benchmarker/scenario/scenario.go:317 msg=eval reqs=39 score="[24 13 1 1 0]" criteria="[12 2 2 2]"
time=17:20:47.360 level=INFO msg=最終地域情報 名前=チェアタウン ユーザー登録数=22 アクティブユーザー数=15
time=17:20:47.360 level=INFO msg=最終地域情報 名前=コシカケシティ ユーザー登録数=37 アクティブユーザー数=18
time=17:20:47.360 level=INFO msg=最終オーナー情報 名前="Urban Wheels" 売上=41700 椅子数=6
time=17:20:47.360 level=INFO msg=最終オーナー情報 名前=椅子やいちば 売上=23700 椅子数=5
time=17:20:47.360 level=INFO msg=最終オーナー情報 名前="SitWell Designs" 売上=34700 椅子数=6
time=17:20:47.360 level=INFO msg=最終オーナー情報 名前=ひまわり交通 売上=41600 椅子数=5
time=17:20:47.360 level=INFO msg=最終オーナー情報 名前=座心工房 売上=69200 椅子数=8
time=17:20:47.360 level=INFO msg=69.2%のライドは椅子がマッチされるまでの時間、94.9%のライドはマッチされた椅子が乗車地点までに掛かる時間、94.9%のライドは椅子の実移動時間に不満がありました
time=17:20:47.360 level=INFO msg=結果 pass=true スコア=3617 種別エラー数=map[26:1]
time=17:20:47.360 level=INFO msg=負荷走行が終了しました
