2026-09-26T08:19:41+00:00
COMMAND         %CPU   RSS
systemd-resolve  0.3 12448
mysqld           0.3 687612
isuride          0.1 10184
rcu_preempt      0.0     0
kworker/u4:3-ev  0.0     0
multipathd       0.0 26488
ksoftirqd/1      0.0     0
kworker/u4:0-ev  0.0     0
kworker/u4:4-ev  0.0     0
2026-09-26T08:19:43+00:00
COMMAND         %CPU   RSS
bench           10.0 48344
isuride          0.8 15600
systemd-resolve  0.3 12448
mysqld           0.3 720920
rcu_preempt      0.0     0
kworker/u4:3-ev  0.0     0
kworker/u4:4-ex  0.0     0
multipathd       0.0 26488
ksoftirqd/1      0.0     0
2026-09-26T08:19:45+00:00
COMMAND         %CPU   RSS
bench           10.2 52160
isuride          2.3 15376
systemd-resolve  0.3 12448
mysqld           0.3 720952
rcu_preempt      0.0     0
kworker/u4:3-ex  0.0     0
kworker/u4:4-ev  0.0     0
multipathd       0.0 26488
ksoftirqd/1      0.0     0
2026-09-26T08:19:47+00:00
COMMAND         %CPU   RSS
bench           10.9 53576
isuride          3.6 15832
systemd-resolve  0.3 12448
mysqld           0.3 735344
rcu_preempt      0.0     0
kworker/u4:3-ev  0.0     0
kworker/u4:4-ev  0.0     0
multipathd       0.0 26488
ksoftirqd/1      0.0     0
2026-09-26T08:19:49+00:00
COMMAND         %CPU   RSS
bench           10.8 53644
isuride          4.6 15964
systemd-resolve  0.3 12448
mysqld           0.3 777284
rcu_preempt      0.0     0
kworker/u4:3-ev  0.0     0
multipathd       0.0 26488
kworker/u4:4-ev  0.0     0
ksoftirqd/1      0.0     0
2026-09-26T08:19:51+00:00
COMMAND         %CPU   RSS
bench           10.5 57180
isuride          5.4 16252
systemd-resolve  0.3 12448
mysqld           0.3 792052
rcu_preempt      0.0     0
kworker/u4:3-ev  0.0     0
multipathd       0.0 26488
kworker/u4:4-ev  0.0     0
ksoftirqd/1      0.0     0
2026-09-26T08:19:53+00:00
COMMAND         %CPU   RSS
bench           10.5 58996
isuride          6.2 16452
systemd-resolve  0.3 12448
mysqld           0.3 780244
rcu_preempt      0.0     0
kworker/u4:3-ev  0.0     0
multipathd       0.0 26488
kworker/u4:4-ev  0.0     0
ksoftirqd/1      0.0     0
2026-09-26T08:19:55+00:00
COMMAND         %CPU   RSS
bench           10.4 60584
isuride          6.8 16756
systemd-resolve  0.3 12448
mysqld           0.3 737260
rcu_preempt      0.0     0
kworker/u4:3-ev  0.0     0
multipathd       0.0 26488
kworker/u4:4-ex  0.0     0
ksoftirqd/1      0.0     0
2026-09-26T08:19:57+00:00
COMMAND         %CPU   RSS
bench           10.3 63064
isuride          7.3 17284
systemd-resolve  0.3 12448
mysqld           0.3 721668
rcu_preempt      0.0     0
kworker/u4:3-ev  0.0     0
multipathd       0.0 26488
ksoftirqd/1      0.0     0
kworker/u4:4-ev  0.0     0
2026-09-26T08:19:59+00:00
COMMAND         %CPU   RSS
bench           10.2 65340
isuride          7.7 17684
curl             6.2 12320
systemd-resolve  0.3 12448
mysqld           0.3 722824
rcu_preempt      0.0     0
kworker/u4:3-ev  0.0     0
multipathd       0.0 26488
ksoftirqd/1      0.0     0
2026-09-26T08:20:01+00:00
COMMAND         %CPU   RSS
bench           10.2 68188
isuride          8.1 17372
curl             5.1 12344
systemd-resolve  0.3 12448
mysqld           0.3 721908
rcu_preempt      0.0     0
kworker/u4:3-ev  0.0     0
multipathd       0.0 26488
ksoftirqd/1      0.0     0
2026-09-26T08:20:03+00:00
COMMAND         %CPU   RSS
bench           10.1 71192
isuride          8.5 17376
systemd-resolve  0.3 12448
mysqld           0.3 721980
rcu_preempt      0.0     0
kworker/u4:3-wr  0.0     0
multipathd       0.0 26488
ksoftirqd/1      0.0     0
kworker/u4:4-ex  0.0     0
2026-09-26T08:20:05+00:00
COMMAND         %CPU   RSS
bench           10.1 71820
isuride          8.9 17780
systemd-resolve  0.3 12448
mysqld           0.3 733968
rcu_preempt      0.0     0
kworker/u4:3-ev  0.0     0
multipathd       0.0 26488
ksoftirqd/1      0.0     0
kworker/u4:4-fl  0.0     0
2026-09-26T08:20:07+00:00
COMMAND         %CPU   RSS
bench           10.1 74456
isuride          9.2 18476
systemd-resolve  0.3 12448
mysqld           0.3 746144
rcu_preempt      0.0     0
kworker/u4:3-ev  0.0     0
multipathd       0.0 26488
ksoftirqd/1      0.0     0
kworker/u4:4-fl  0.0     0
2026-09-26T08:20:09+00:00
COMMAND         %CPU   RSS
bench            9.9 74852
isuride          9.5 18700
curl             3.0 12304
systemd-resolve  0.3 12448
mysqld           0.3 787380
rcu_preempt      0.0     0
kworker/u4:3-ev  0.0     0
multipathd       0.0 26488
ksoftirqd/1      0.0     0
2026-09-26T08:20:11+00:00
COMMAND         %CPU   RSS
bench            9.9 79180
isuride          9.7 18556
curl             3.5 11996
systemd-resolve  0.3 12448
mysqld           0.3 803432
rcu_preempt      0.0     0
kworker/u4:3-ev  0.0     0
multipathd       0.0 26488
ksoftirqd/1      0.0     0
2026-09-26T08:20:13+00:00
COMMAND         %CPU   RSS
isuride          9.9 18372
bench            9.8 79420
curl             1.5 12344
systemd-resolve  0.3 12448
mysqld           0.3 755652
rcu_preempt      0.0     0
kworker/u4:3-ev  0.0     0
multipathd       0.0 26488
ksoftirqd/1      0.0     0
2026-09-26T08:20:15+00:00
COMMAND         %CPU   RSS
isuride         10.1 18696
bench            9.8 83156
systemd-resolve  0.3 12448
mysqld           0.3 804724
rcu_preempt      0.0     0
kworker/u4:3-ev  0.0     0
multipathd       0.0 26488
ksoftirqd/1      0.0     0
kworker/u4:4-ex  0.0     0
2026-09-26T08:20:17+00:00
COMMAND         %CPU   RSS
isuride         10.4 19556
bench            9.7 83712
curl             5.2 12160
systemd-resolve  0.3 12448
mysqld           0.3 724728
rcu_preempt      0.0     0
kworker/u4:3-fl  0.0     0
multipathd       0.0 26488
ksoftirqd/1      0.0     0
2026-09-26T08:20:19+00:00
COMMAND         %CPU   RSS
isuride         10.5 19168
bench            9.7 86112
curl             1.3 12344
systemd-resolve  0.3 12448
mysqld           0.3 722768
rcu_preempt      0.0     0
kworker/u4:3-fl  0.0     0
multipathd       0.0 26488
ksoftirqd/1      0.0     0
2026-09-26T08:20:21+00:00
COMMAND         %CPU   RSS
isuride         10.7 19448
bench            9.7 90092
curl             2.3 12376
systemd-resolve  0.3 12448
mysqld           0.3 722812
rcu_preempt      0.0     0
kworker/u4:3-ev  0.0     0
multipathd       0.0 26488
ksoftirqd/1      0.0     0
2026-09-26T08:20:23+00:00
COMMAND         %CPU   RSS
isuride         10.9 19628
bench            9.7 90632
systemd-resolve  0.3 12448
mysqld           0.3 729060
rcu_preempt      0.0     0
kworker/u4:3-ev  0.0     0
multipathd       0.0 26488
ksoftirqd/1      0.0     0
kworker/u4:4-fl  0.0     0
2026-09-26T08:20:25+00:00
COMMAND         %CPU   RSS
isuride         11.0 19200
bench            9.6 96028
systemd-resolve  0.3 12448
mysqld           0.3 748180
rcu_preempt      0.0     0
kworker/u4:3-ev  0.0     0
multipathd       0.0 26488
ksoftirqd/1      0.0     0
kworker/u4:4-ev  0.0     0
2026-09-26T08:20:27+00:00
COMMAND         %CPU   RSS
isuride         11.1 19596
bench            9.6 96472
systemd-resolve  0.3 12448
mysqld           0.3 766424
rcu_preempt      0.0     0
kworker/u4:3-ev  0.0     0
multipathd       0.0 26488
ksoftirqd/1      0.0     0
kworker/u4:4-ev  0.0     0
2026-09-26T08:20:29+00:00
COMMAND         %CPU   RSS
isuride         11.2 19576
bench            9.5 97916
systemd-resolve  0.3 12448
mysqld           0.3 765656
rcu_preempt      0.0     0
kworker/u4:3-wr  0.0     0
multipathd       0.0 26488
ksoftirqd/1      0.0     0
kworker/u4:4-ev  0.0     0
2026-09-26T08:20:31+00:00
COMMAND         %CPU   RSS
isuride         11.4 19632
bench            9.5 105096
systemd-resolve  0.3 12448
mysqld           0.3 791724
rcu_preempt      0.0     0
kworker/u4:3-ev  0.0     0
multipathd       0.0 26488
ksoftirqd/1      0.0     0
kworker/u4:4-ev  0.0     0
2026-09-26T08:20:33+00:00
COMMAND         %CPU   RSS
isuride         11.4 19824
bench            9.4 105424
systemd-resolve  0.3 12448
mysqld           0.3 783244
rcu_preempt      0.0     0
kworker/u4:3-fl  0.0     0
multipathd       0.0 26488
ksoftirqd/1      0.0     0
kworker/u4:4-ev  0.0     0
2026-09-26T08:20:35+00:00
COMMAND         %CPU   RSS
isuride         11.6 19592
bench            9.4 105780
curl             2.0 12344
systemd-resolve  0.3 12448
mysqld           0.3 740520
rcu_preempt      0.0     0
kworker/u4:3-ev  0.0     0
kworker/u4:4-ev  0.0     0
multipathd       0.0 26488
2026-09-26T08:20:37+00:00
COMMAND         %CPU   RSS
isuride         11.7 19744
bench            9.4 110356
curl             3.5 12344
systemd-resolve  0.3 12448
mysqld           0.3 749952
rcu_preempt      0.0     0
kworker/u4:3-ev  0.0     0
kworker/u4:4-fl  0.0     0
multipathd       0.0 26488
2026-09-26T08:20:39+00:00
COMMAND         %CPU   RSS
isuride         11.8 20068
bench            9.4 113164
curl             1.9 12344
systemd-resolve  0.3 12448
mysqld           0.3 724004
rcu_preempt      0.0     0
kworker/u4:3-ev  0.0     0
kworker/u4:4-ev  0.0     0
multipathd       0.0 26488
2026-09-26T08:20:41+00:00
COMMAND         %CPU   RSS
isuride         11.8 20384
bench            9.4 113532
systemd-resolve  0.3 12448
mysqld           0.3 751464
rcu_preempt      0.0     0
kworker/u4:3-ev  0.0     0
bash             0.0  2056
kworker/u4:4-ev  0.0     0
multipathd       0.0 26488
2026-09-26T08:20:43+00:00
COMMAND         %CPU   RSS
isuride         11.9 18580
bench            9.3 114200
systemd-resolve  0.3 12448
mysqld           0.3 723752
rcu_preempt      0.0     0
kworker/u4:3-fl  0.0     0
bash             0.0  2056
kworker/u4:4-wr  0.0     0
multipathd       0.0 26488
2026-09-26T08:20:45+00:00
COMMAND         %CPU   RSS
isuride         12.0 17964
bench            9.2 118324
systemd-resolve  0.3 12448
mysqld           0.3 723640
rcu_preempt      0.0     0
kworker/u4:3-ev  0.0     0
kworker/u4:4-fl  0.0     0
bash             0.0  2056
multipathd       0.0 26488
2026-09-26T08:20:47+00:00
COMMAND         %CPU   RSS
isuride         12.1 18040
bench            9.2 120496
systemd-resolve  0.3 12448
mysqld           0.3 723264
rcu_preempt      0.0     0
kworker/u4:3-ev  0.0     0
kworker/u4:4-fl  0.0     0
bash             0.0  2056
multipathd       0.0 26488
