procs -----------memory---------- ---swap-- -----io---- -system-- -------cpu------- -----timestamp-----
 r  b   swpd   free   buff  cache   si   so    bi    bo   in   cs us sy id wa st gu                 UTC
 2  0      0 1571484  84424 1477404    0    0     1    13  320    1  1  1 98  0  0  0 2026-09-26 08:19:41
 2  0      0 1527076  84424 1475020    0    0     0 35012 9559 17663 27 15 41 17  0  0 2026-09-26 08:19:42
12  0      0 1502520  84424 1475500    0    0     0  3760 12025 34045 72 11 16  1  0  0 2026-09-26 08:19:43
 4  0      0 1470112  84424 1476276    0    0     0  7464 12339 41995 74 18  7  1  0  0 2026-09-26 08:19:44
11  0      0 1475028  84424 1476932    0    0     0  3580 15078 52276 70 19 12  0  0  0 2026-09-26 08:19:45
 6  0      0 1465828  84424 1477736    0    0     0  4948 12317 41312 79 20  2  0  0  0 2026-09-26 08:19:46
18  0      0 1487404  84424 1483840    0    0     0  5608 13076 46006 76 20  3  1  0  0 2026-09-26 08:19:47
20  0      0 1449556  84424 1479116    0    0     0  5448 10979 34869 81 19  1  0  0  0 2026-09-26 08:19:48
15  0      0 1448724  84424 1484908    0    0     0  4992 10810 38583 81 18  1  0  0  0 2026-09-26 08:19:49
18  0      0 1484432  84424 1480432    0    0     0  5060 10823 37504 81 19  0  0  0  0 2026-09-26 08:19:50
32  0      0 1426868  84424 1486120    0    0     0  5180 11565 37463 82 18  1  0  0  0 2026-09-26 08:19:51
22  0      0 1442112  84424 1481720    0    0     0  5384 11831 37553 81 19  1  0  0  0 2026-09-26 08:19:52
28  0      0 1419028  84424 1487472    0    0     0  4880 9954 31409 84 16  0  0  0  0 2026-09-26 08:19:53
28  0      0 1495060  84424 1482900    0    0     0  5476 11077 34743 83 17  1  0  0  0 2026-09-26 08:19:54
13  0      0 1431944  84424 1484496    0    0     0  6152 9752 29231 84 16  0  0  0  0 2026-09-26 08:19:55
36  0      0 1446164  84424 1493208    0    0     0  5296 9718 32867 82 18  0  0  0  0 2026-09-26 08:19:56
16  0      0 1465980  84424 1484696    0    0     0  4868 10105 30619 84 16  0  0  0  0 2026-09-26 08:19:57
40  0      0 1450896  84424 1496436    0    0     0  5860 10896 35276 84 16  0  0  0  0 2026-09-26 08:19:58
33  0      0 1408876  84424 1487976    0    0     0  4688 9491 27449 84 16  0  0  0  0 2026-09-26 08:19:59
30  0      0 1428568  84424 1492792    0    0     0  4612 9912 28260 83 17  1  0  0  0 2026-09-26 08:20:00
42  0      0 1432812  84424 1489228    0    0     0  4684 9505 28542 83 17  0  0  0  0 2026-09-26 08:20:01
procs -----------memory---------- ---swap-- -----io---- -system-- -------cpu------- -----timestamp-----
 r  b   swpd   free   buff  cache   si   so    bi    bo   in   cs us sy id wa st gu                 UTC
21  0      0 1393044  84424 1495296    0    0     0  6368 9027 26932 83 17  0  0  0  0 2026-09-26 08:20:02
35  0      0 1449180  84424 1491116    0    0     0  7508 10203 30060 82 18  0  0  0  0 2026-09-26 08:20:03
55  0      0 1396104  84424 1496096    0    0     0  4808 8699 26274 81 19  0  0  0  0 2026-09-26 08:20:04
49  0      0 1419692  84424 1499280    0    0     0 16356 8500 26075 80 20  0  0  0  0 2026-09-26 08:20:05
25  0      0 1394552  84424 1497268    0    0     0  4200 9008 27275 83 17  0  0  0  0 2026-09-26 08:20:06
51  0      0 1408188  84424 1499152    0    0     0  5080 8920 29372 82 18  0  0  0  0 2026-09-26 08:20:07
35  0      0 1399368  84424 1496208    0    0     0  4012 8717 27637 85 15  0  0  0  0 2026-09-26 08:20:08
58  0      0 1400144  84424 1499968    0    0     0  4320 9883 28959 82 17  0  0  0  0 2026-09-26 08:20:09
18  1      0 1425608  84424 1494772    0    0     0 26256 9106 27551 82 18  0  0  0  0 2026-09-26 08:20:10
25  0      0 1377036  84424 1500964    0    0     0  4344 9267 27703 84 16  0  0  0  0 2026-09-26 08:20:11
44  0      0 1456272  84424 1495680    0    0     0  4228 8249 25517 82 18  0  0  0  0 2026-09-26 08:20:12
47  0      0 1380688  84424 1498536    0    0     0  4032 7611 24317 85 15  0  0  0  0 2026-09-26 08:20:13
23  0      0 1451124  84424 1500460    0    0     0  5164 8891 28115 83 16  1  0  0  0 2026-09-26 08:20:14
22  0      0 1344372  84424 1501876    0    0     0 12912 9452 26888 83 17  0  0  0  0 2026-09-26 08:20:15
26  0      0 1419012  84424 1503724    0    0     0  4832 8603 26925 83 17  0  0  0  0 2026-09-26 08:20:16
33  0      0 1371888  84424 1499308    0    0     0  4316 8327 25518 85 15  0  0  0  0 2026-09-26 08:20:17
54  0      0 1380608  84424 1504548    0    0     0  4696 9055 25952 82 18  0  0  0  0 2026-09-26 08:20:18
56  0      0 1359496  84424 1510028    0    0     0  4392 9183 25116 80 20  0  0  0  0 2026-09-26 08:20:19
48  0      0 1357776  84424 1515616    0    0     0 10520 9106 26604 81 19  0  0  0  0 2026-09-26 08:20:20
24  0      0 1408432  84424 1511120    0    0     0  3528 8729 27159 83 17  1  0  0  0 2026-09-26 08:20:21
30  0      0 1360052  84424 1517880    0    0     0  3356 7819 23671 84 16  0  0  0  0 2026-09-26 08:20:22
procs -----------memory---------- ---swap-- -----io---- -system-- -------cpu------- -----timestamp-----
 r  b   swpd   free   buff  cache   si   so    bi    bo   in   cs us sy id wa st gu                 UTC
66  0      0 1373756  84424 1514308    0    0     0  3764 8469 24637 82 18  0  0  0  0 2026-09-26 08:20:23
17  0      0 1353724  84424 1516164    0    0     0  3504 7824 24227 85 15  0  0  0  0 2026-09-26 08:20:24
48  0      0 1398968  84424 1519384    0    0     0  4224 9139 28218 82 18  0  0  0  0 2026-09-26 08:20:25
29  1      0 1301796  84424 1519080    0    0     0  4804 9061 27034 85 15  0  0  0  0 2026-09-26 08:20:26
49  0      0 1306420  84424 1528596    0    0     0 12148 8198 24706 84 16  0  0  0  0 2026-09-26 08:20:27
21  0      0 1308800  84424 1525120    0    0     0  4004 8902 25848 85 15  0  0  0  0 2026-09-26 08:20:28
21  0      0 1337136  84424 1529412    0    0     0  5752 8487 23760 84 16  1  0  0  0 2026-09-26 08:20:29
11  0      0 1329248  84424 1523460    0    0     0  3944 9228 26858 85 16  0  0  0  0 2026-09-26 08:20:30
27  1      0 1306624  84424 1529192    0    0     0  5084 8412 24705 84 16  0  0  0  0 2026-09-26 08:20:31
74  1      0 1350596  84424 1528436    0    0     0  5440 7864 24182 82 18  0  0  0  0 2026-09-26 08:20:32
40  0      0 1296516  84424 1531208    0    0     0  5132 8265 24288 86 14  0  0  0  0 2026-09-26 08:20:33
13  0      0 1340224  84424 1532012    0    0     0  5388 8846 27795 84 16  0  0  0  0 2026-09-26 08:20:34
71  0      0 1334976  84428 1528156    0    0     0 18752 9513 25988 84 17  0  0  0  0 2026-09-26 08:20:35
50  0      0 1359600  84428 1532816    0    0     0  5356 8639 26236 83 18  0  0  0  0 2026-09-26 08:20:36
67  0      0 1291088  84428 1529316    0    0     0  4548 8056 23641 85 15  0  0  0  0 2026-09-26 08:20:37
38  0      0 1321864  84428 1532288    0    0     0  4904 9032 25521 84 16  0  0  0  0 2026-09-26 08:20:38
47  0      0 1322508  84428 1527572    0    0     0  4484 8650 24317 84 16  0  0  0  0 2026-09-26 08:20:39
40  0      0 1295832  84428 1531984    0    0     0  4288 9301 24482 84 16  0  0  0  0 2026-09-26 08:20:40
14  0      0 1353304  84428 1533540    0    0     0  4432 8873 26061 83 17  0  0  0  0 2026-09-26 08:20:41
36  0      0 1293628  84428 1534328    0    0     0  4080 8295 23288 84 16  0  0  0  0 2026-09-26 08:20:42
18  0      0 1355944  84428 1531848    0    0     0  3756 6814 22092 87 13  1  0  0  0 2026-09-26 08:20:43
procs -----------memory---------- ---swap-- -----io---- -system-- -------cpu------- -----timestamp-----
 r  b   swpd   free   buff  cache   si   so    bi    bo   in   cs us sy id wa st gu                 UTC
45  0      0 1358576  84428 1531900    0    0     0   884 7235 23392 87 12  1  0  0  0 2026-09-26 08:20:44
26  0      0 1385044  84428 1532292    0    0     0   712 8363 26113 86 13  1  0  0  0 2026-09-26 08:20:45
37  0      0 1377956  84428 1532580    0    0     0   576 7090 23311 88 12  0  0  0  0 2026-09-26 08:20:46
44  0      0 1378604  84428 1532960    0    0     0   552 7513 25490 87 12  1  0  0  0 2026-09-26 08:20:47
