time=18:50:47.975 level=DEBUG source=/tmp/isucon14/bench/cmd/run.go:90 msg=target targetURL=https://isuride.xiv.isucon.net targetAddr=127.0.0.1:443 benchrun.GetTargetAddress()="" paymentURL=http://127.0.0.1:12346
time=18:50:47.976 level=INFO msg=負荷走行を開始します
time=18:50:50.806 level=DEBUG source=/tmp/isucon14/bench/benchmarker/scenario/scenario.go:315 msg=時間経過 tick=60
time=18:50:50.806 level=DEBUG source=/tmp/isucon14/bench/benchmarker/scenario/scenario.go:317 msg=eval reqs=0 score="[0 0 0 0 0]" criteria="[0 0 0 0]"
time=18:50:52.605 level=DEBUG source=/tmp/isucon14/bench/benchmarker/scenario/scenario.go:315 msg=時間経過 tick=120
time=18:50:52.605 level=DEBUG source=/tmp/isucon14/bench/benchmarker/scenario/scenario.go:317 msg=eval reqs=1 score="[0 0 0 1 0]" criteria="[1 0 1 1]"
time=18:50:54.405 level=INFO msg=これまでに地域内の評判によって1人、既存ユーザーの招待経由で2人が新規登録しました
time=18:50:54.405 level=INFO msg=33.3%のライドは椅子がマッチされるまでの時間、100.0%のライドはマッチされた椅子が乗車地点までに掛かる時間、0.0%のライドは椅子の実移動時間に不満がありました
time=18:50:54.405 level=DEBUG source=/tmp/isucon14/bench/benchmarker/scenario/scenario.go:315 msg=時間経過 tick=180
time=18:50:54.405 level=DEBUG source=/tmp/isucon14/bench/benchmarker/scenario/scenario.go:317 msg=eval reqs=3 score="[0 0 1 2 0]" criteria="[2 0 3 3]"
time=18:50:56.236 level=DEBUG source=/tmp/isucon14/bench/benchmarker/scenario/scenario.go:315 msg=時間経過 tick=240
time=18:50:56.236 level=DEBUG source=/tmp/isucon14/bench/benchmarker/scenario/scenario.go:317 msg=eval reqs=4 score="[0 0 1 3 0]" criteria="[3 0 4 4]"
time=18:50:58.035 level=DEBUG source=/tmp/isucon14/bench/benchmarker/scenario/scenario.go:315 msg=時間経過 tick=300
time=18:50:58.035 level=DEBUG source=/tmp/isucon14/bench/benchmarker/scenario/scenario.go:317 msg=eval reqs=5 score="[0 0 2 3 0]" criteria="[3 0 5 5]"
time=18:50:59.835 level=DEBUG source=/tmp/isucon14/bench/benchmarker/scenario/scenario.go:315 msg=時間経過 tick=360
time=18:50:59.835 level=INFO msg=これまでに地域内の評判によって7人、既存ユーザーの招待経由で3人が新規登録しました
time=18:50:59.836 level=INFO msg=62.5%のライドは椅子がマッチされるまでの時間、100.0%のライドはマッチされた椅子が乗車地点までに掛かる時間、6.2%のライドは椅子の実移動時間に不満がありました
time=18:50:59.835 level=DEBUG source=/tmp/isucon14/bench/benchmarker/scenario/scenario.go:317 msg=eval reqs=8 score="[0 1 4 3 0]" criteria="[3 0 8 7]"
time=18:51:01.636 level=DEBUG source=/tmp/isucon14/bench/benchmarker/scenario/scenario.go:315 msg=時間経過 tick=420
time=18:51:01.636 level=DEBUG source=/tmp/isucon14/bench/benchmarker/scenario/scenario.go:317 msg=eval reqs=9 score="[0 2 4 3 0]" criteria="[3 0 9 7]"
time=18:51:01.636 level=INFO msg=一定の売上が立ったためオーナーの椅子が増加します 名前=座心工房 増加数=1
time=18:51:03.435 level=DEBUG source=/tmp/isucon14/bench/benchmarker/scenario/scenario.go:315 msg=時間経過 tick=480
time=18:51:03.446 level=INFO msg=一定の売上が立ったためオーナーの椅子が増加します 名前="Skyline Taxis" 増加数=1
time=18:51:03.435 level=DEBUG source=/tmp/isucon14/bench/benchmarker/scenario/scenario.go:317 msg=eval reqs=10 score="[0 3 4 3 0]" criteria="[4 0 9 7]"
time=18:51:05.236 level=DEBUG source=/tmp/isucon14/bench/benchmarker/scenario/scenario.go:315 msg=時間経過 tick=540
time=18:51:05.236 level=DEBUG source=/tmp/isucon14/bench/benchmarker/scenario/scenario.go:317 msg=eval reqs=13 score="[1 4 5 3 0]" criteria="[4 1 10 8]"
time=18:51:05.236 level=INFO msg=これまでに地域内の評判によって13人、既存ユーザーの招待経由で3人が新規登録しました
time=18:51:05.236 level=INFO msg=これまでに低評価なライドによって3人が利用をやめました
time=18:51:05.236 level=INFO msg=69.2%のライドは椅子がマッチされるまでの時間、92.3%のライドはマッチされた椅子が乗車地点までに掛かる時間、30.8%のライドは椅子の実移動時間に不満がありました
time=18:51:05.252 level=INFO msg=一定の売上が立ったためオーナーの椅子が増加します 名前="LuxeLine Taxi" 増加数=1
time=18:51:07.033 level=INFO msg=一定の売上が立ったためオーナーの椅子が増加します 名前=座心工房 増加数=1
time=18:51:07.033 level=INFO msg=一定の売上が立ったためオーナーの椅子が増加します 名前=風座プロダクツ 増加数=1
time=18:51:07.036 level=DEBUG source=/tmp/isucon14/bench/benchmarker/scenario/scenario.go:315 msg=時間経過 tick=600
time=18:51:07.036 level=DEBUG source=/tmp/isucon14/bench/benchmarker/scenario/scenario.go:317 msg=eval reqs=19 score="[3 8 5 3 0]" criteria="[4 1 11 11]"
time=18:51:07.049 level=INFO msg=一定の売上が立ったためオーナーの椅子が増加します 名前="Skyline Taxis" 増加数=1
time=18:51:08.835 level=DEBUG source=/tmp/isucon14/bench/benchmarker/scenario/scenario.go:315 msg=時間経過 tick=660
time=18:51:08.835 level=DEBUG source=/tmp/isucon14/bench/benchmarker/scenario/scenario.go:317 msg=eval reqs=20 score="[3 9 5 3 0]" criteria="[4 1 11 12]"
time=18:51:10.636 level=DEBUG source=/tmp/isucon14/bench/benchmarker/scenario/scenario.go:315 msg=時間経過 tick=720
time=18:51:10.636 level=DEBUG source=/tmp/isucon14/bench/benchmarker/scenario/scenario.go:317 msg=eval reqs=25 score="[5 11 5 4 0]" criteria="[4 2 12 15]"
time=18:51:10.636 level=INFO msg=これまでに地域内の評判によって19人、既存ユーザーの招待経由で4人が新規登録しました
time=18:51:10.636 level=INFO msg=これまでに低評価なライドによって13人が利用をやめました
time=18:51:10.636 level=INFO msg=84.0%のライドは椅子がマッチされるまでの時間、92.0%のライドはマッチされた椅子が乗車地点までに掛かる時間、46.0%のライドは椅子の実移動時間に不満がありました
time=18:51:12.439 level=DEBUG source=/tmp/isucon14/bench/benchmarker/scenario/scenario.go:315 msg=時間経過 tick=780
time=18:51:12.439 level=DEBUG source=/tmp/isucon14/bench/benchmarker/scenario/scenario.go:317 msg=eval reqs=26 score="[5 12 5 4 0]" criteria="[4 2 12 16]"
time=18:51:12.452 level=INFO msg=一定の売上が立ったためオーナーの椅子が増加します 名前=風座プロダクツ 増加数=1
time=18:51:14.236 level=DEBUG source=/tmp/isucon14/bench/benchmarker/scenario/scenario.go:315 msg=時間経過 tick=840
time=18:51:14.236 level=DEBUG source=/tmp/isucon14/bench/benchmarker/scenario/scenario.go:317 msg=eval reqs=28 score="[6 13 5 4 0]" criteria="[4 2 13 16]"
time=18:51:14.244 level=INFO msg=一定の売上が立ったためオーナーの椅子が増加します 名前=椅子工藝舎 増加数=1
time=18:51:16.035 level=DEBUG source=/tmp/isucon14/bench/benchmarker/scenario/scenario.go:315 msg=時間経過 tick=900
time=18:51:16.035 level=DEBUG source=/tmp/isucon14/bench/benchmarker/scenario/scenario.go:317 msg=eval reqs=34 score="[8 14 7 5 0]" criteria="[4 5 17 17]"
time=18:51:16.035 level=INFO msg=これまでに地域内の評判によって25人、既存ユーザーの招待経由で5人が新規登録しました
time=18:51:16.036 level=INFO msg=これまでに低評価なライドによって18人が利用をやめました
time=18:51:16.036 level=INFO msg=88.2%のライドは椅子がマッチされるまでの時間、85.3%のライドはマッチされた椅子が乗車地点までに掛かる時間、50.0%のライドは椅子の実移動時間に不満がありました
time=18:51:16.038 level=INFO msg=一定の売上が立ったためオーナーの椅子が増加します 名前="LuxeLine Taxi" 増加数=1
time=18:51:16.056 level=INFO msg=一定の売上が立ったためオーナーの椅子が増加します 名前="Skyline Taxis" 増加数=1
time=18:51:16.093 level=INFO msg=一定の売上が立ったためオーナーの椅子が増加します 名前=座心工房 増加数=1
time=18:51:17.836 level=DEBUG source=/tmp/isucon14/bench/benchmarker/scenario/scenario.go:315 msg=時間経過 tick=960
time=18:51:17.836 level=DEBUG source=/tmp/isucon14/bench/benchmarker/scenario/scenario.go:317 msg=eval reqs=35 score="[8 15 7 5 0]" criteria="[4 5 17 18]"
time=18:51:19.635 level=DEBUG source=/tmp/isucon14/bench/benchmarker/scenario/scenario.go:315 msg=時間経過 tick=1020
time=18:51:19.635 level=DEBUG source=/tmp/isucon14/bench/benchmarker/scenario/scenario.go:317 msg=eval reqs=39 score="[10 16 8 5 0]" criteria="[4 6 19 18]"
time=18:51:19.682 level=INFO msg=一定の売上が立ったためオーナーの椅子が増加します 名前=風座プロダクツ 増加数=1
time=18:51:19.684 level=INFO msg=一定の売上が立ったためオーナーの椅子が増加します 名前="LuxeLine Taxi" 増加数=1
time=18:51:21.436 level=INFO msg=これまでに地域内の評判によって33人、既存ユーザーの招待経由で5人が新規登録しました
time=18:51:21.436 level=INFO msg=これまでに低評価なライドによって20人が利用をやめました
time=18:51:21.436 level=INFO msg=89.7%のライドは椅子がマッチされるまでの時間、84.6%のライドはマッチされた椅子が乗車地点までに掛かる時間、52.6%のライドは椅子の実移動時間に不満がありました
time=18:51:21.436 level=DEBUG source=/tmp/isucon14/bench/benchmarker/scenario/scenario.go:315 msg=時間経過 tick=1080
time=18:51:21.436 level=DEBUG source=/tmp/isucon14/bench/benchmarker/scenario/scenario.go:317 msg=eval reqs=39 score="[10 16 8 5 0]" criteria="[4 6 19 18]"
time=18:51:23.235 level=DEBUG source=/tmp/isucon14/bench/benchmarker/scenario/scenario.go:315 msg=時間経過 tick=1140
time=18:51:23.235 level=DEBUG source=/tmp/isucon14/bench/benchmarker/scenario/scenario.go:317 msg=eval reqs=41 score="[12 16 8 5 0]" criteria="[4 6 19 18]"
time=18:51:23.322 level=INFO msg=一定の売上が立ったためオーナーの椅子が増加します 名前="Skyline Taxis" 増加数=1
time=18:51:25.106 level=DEBUG source=/tmp/isucon14/bench/benchmarker/scenario/scenario.go:315 msg=時間経過 tick=1200
time=18:51:25.106 level=DEBUG source=/tmp/isucon14/bench/benchmarker/scenario/scenario.go:317 msg=eval reqs=45 score="[14 18 8 5 0]" criteria="[4 7 19 19]"
time=18:51:25.620 level=INFO msg=一定の売上が立ったためオーナーの椅子が増加します 名前=座心工房 増加数=2
time=18:51:26.895 level=DEBUG source=/tmp/isucon14/bench/benchmarker/scenario/scenario.go:315 msg=時間経過 tick=1260
time=18:51:26.896 level=DEBUG source=/tmp/isucon14/bench/benchmarker/scenario/scenario.go:317 msg=eval reqs=47 score="[16 18 8 5 0]" criteria="[4 7 19 19]"
time=18:51:26.896 level=INFO msg=これまでに地域内の評判によって39人、既存ユーザーの招待経由で5人が新規登録しました
time=18:51:26.896 level=INFO msg=これまでに低評価なライドによって26人が利用をやめました
time=18:51:26.896 level=INFO msg=91.5%のライドは椅子がマッチされるまでの時間、85.1%のライドはマッチされた椅子が乗車地点までに掛かる時間、59.6%のライドは椅子の実移動時間に不満がありました
time=18:51:26.947 level=INFO msg=一定の売上が立ったためオーナーの椅子が増加します 名前="LuxeLine Taxi" 増加数=1
time=18:51:28.696 level=DEBUG source=/tmp/isucon14/bench/benchmarker/scenario/scenario.go:315 msg=時間経過 tick=1320
time=18:51:28.696 level=DEBUG source=/tmp/isucon14/bench/benchmarker/scenario/scenario.go:317 msg=eval reqs=49 score="[17 19 8 5 0]" criteria="[4 7 19 20]"
time=18:51:30.495 level=DEBUG source=/tmp/isucon14/bench/benchmarker/scenario/scenario.go:315 msg=時間経過 tick=1380
time=18:51:30.495 level=DEBUG source=/tmp/isucon14/bench/benchmarker/scenario/scenario.go:317 msg=eval reqs=53 score="[21 19 8 5 0]" criteria="[4 7 19 20]"
time=18:51:30.520 level=INFO msg=一定の売上が立ったためオーナーの椅子が増加します 名前=椅子工藝舎 増加数=1
time=18:51:32.295 level=DEBUG source=/tmp/isucon14/bench/benchmarker/scenario/scenario.go:315 msg=時間経過 tick=1440
time=18:51:32.296 level=DEBUG source=/tmp/isucon14/bench/benchmarker/scenario/scenario.go:317 msg=eval reqs=56 score="[24 19 8 5 0]" criteria="[4 7 19 20]"
time=18:51:32.296 level=INFO msg=これまでに地域内の評判によって45人、既存ユーザーの招待経由で5人が新規登録しました
time=18:51:32.296 level=INFO msg=これまでに低評価なライドによって32人が利用をやめました
time=18:51:32.296 level=INFO msg=92.9%のライドは椅子がマッチされるまでの時間、87.5%のライドはマッチされた椅子が乗車地点までに掛かる時間、65.2%のライドは椅子の実移動時間に不満がありました
time=18:51:34.096 level=DEBUG source=/tmp/isucon14/bench/benchmarker/scenario/scenario.go:315 msg=時間経過 tick=1500
time=18:51:34.096 level=DEBUG source=/tmp/isucon14/bench/benchmarker/scenario/scenario.go:317 msg=eval reqs=62 score="[28 21 8 5 0]" criteria="[4 7 20 21]"
time=18:51:34.171 level=INFO msg=一定の売上が立ったためオーナーの椅子が増加します 名前="LuxeLine Taxi" 増加数=1
time=18:51:34.176 level=INFO msg=一定の売上が立ったためオーナーの椅子が増加します 名前=座心工房 増加数=1
time=18:51:34.187 level=INFO msg=一定の売上が立ったためオーナーの椅子が増加します 名前="Skyline Taxis" 増加数=1
time=18:51:34.193 level=INFO msg=一定の売上が立ったためオーナーの椅子が増加します 名前=風座プロダクツ 増加数=1
time=18:51:35.895 level=DEBUG source=/tmp/isucon14/bench/benchmarker/scenario/scenario.go:315 msg=時間経過 tick=1560
time=18:51:35.895 level=DEBUG source=/tmp/isucon14/bench/benchmarker/scenario/scenario.go:317 msg=eval reqs=63 score="[29 21 8 5 0]" criteria="[4 7 20 21]"
time=18:51:37.696 level=DEBUG source=/tmp/isucon14/bench/benchmarker/scenario/scenario.go:315 msg=時間経過 tick=1620
time=18:51:37.696 level=DEBUG source=/tmp/isucon14/bench/benchmarker/scenario/scenario.go:317 msg=eval reqs=63 score="[29 21 8 5 0]" criteria="[4 7 20 21]"
time=18:51:37.696 level=INFO msg=これまでに地域内の評判によって51人、既存ユーザーの招待経由で5人が新規登録しました
time=18:51:37.696 level=INFO msg=これまでに低評価なライドによって37人が利用をやめました
time=18:51:37.696 level=INFO msg=93.7%のライドは椅子がマッチされるまでの時間、88.9%のライドはマッチされた椅子が乗車地点までに掛かる時間、67.5%のライドは椅子の実移動時間に不満がありました
time=18:51:39.496 level=DEBUG source=/tmp/isucon14/bench/benchmarker/scenario/scenario.go:315 msg=時間経過 tick=1680
time=18:51:39.496 level=DEBUG source=/tmp/isucon14/bench/benchmarker/scenario/scenario.go:317 msg=eval reqs=65 score="[31 21 8 5 0]" criteria="[4 7 20 21]"
time=18:51:41.296 level=DEBUG source=/tmp/isucon14/bench/benchmarker/scenario/scenario.go:315 msg=時間経過 tick=1740
time=18:51:41.296 level=DEBUG source=/tmp/isucon14/bench/benchmarker/scenario/scenario.go:317 msg=eval reqs=66 score="[32 21 8 5 0]" criteria="[4 7 20 21]"
time=18:51:43.096 level=DEBUG source=/tmp/isucon14/bench/benchmarker/scenario/scenario.go:315 msg=時間経過 tick=1800
time=18:51:43.096 level=INFO msg=これまでに地域内の評判によって57人、既存ユーザーの招待経由で6人が新規登録しました
time=18:51:43.096 level=INFO msg=これまでに低評価なライドによって45人が利用をやめました
time=18:51:43.096 level=INFO msg=94.4%のライドは椅子がマッチされるまでの時間、88.9%のライドはマッチされた椅子が乗車地点までに掛かる時間、70.1%のライドは椅子の実移動時間に不満がありました
time=18:51:43.096 level=DEBUG source=/tmp/isucon14/bench/benchmarker/scenario/scenario.go:317 msg=eval reqs=72 score="[37 21 8 6 0]" criteria="[4 8 21 22]"
time=18:51:43.161 level=INFO msg=一定の売上が立ったためオーナーの椅子が増加します 名前=座心工房 増加数=2
time=18:51:43.171 level=INFO msg=一定の売上が立ったためオーナーの椅子が増加します 名前="Skyline Taxis" 増加数=1
time=18:51:44.896 level=DEBUG source=/tmp/isucon14/bench/benchmarker/scenario/scenario.go:315 msg=時間経過 tick=1860
time=18:51:44.896 level=DEBUG source=/tmp/isucon14/bench/benchmarker/scenario/scenario.go:317 msg=eval reqs=75 score="[40 21 8 6 0]" criteria="[4 8 21 22]"
time=18:51:44.959 level=INFO msg=一定の売上が立ったためオーナーの椅子が増加します 名前=風座プロダクツ 増加数=1
time=18:51:46.696 level=DEBUG source=/tmp/isucon14/bench/benchmarker/scenario/scenario.go:315 msg=時間経過 tick=1920
time=18:51:46.696 level=DEBUG source=/tmp/isucon14/bench/benchmarker/scenario/scenario.go:317 msg=eval reqs=77 score="[41 22 8 6 0]" criteria="[4 8 21 23]"
time=18:51:46.759 level=INFO msg=一定の売上が立ったためオーナーの椅子が増加します 名前=風座プロダクツ 増加数=1
time=18:51:48.495 level=DEBUG source=/tmp/isucon14/bench/benchmarker/scenario/scenario.go:315 msg=時間経過 tick=1980
time=18:51:48.495 level=DEBUG source=/tmp/isucon14/bench/benchmarker/scenario/scenario.go:317 msg=eval reqs=79 score="[42 23 8 6 0]" criteria="[4 9 21 23]"
time=18:51:48.495 level=INFO msg=これまでに地域内の評判によって63人、既存ユーザーの招待経由で6人が新規登録しました
time=18:51:48.495 level=INFO msg=これまでに低評価なライドによって51人が利用をやめました
time=18:51:48.495 level=INFO msg=94.9%のライドは椅子がマッチされるまでの時間、88.6%のライドはマッチされた椅子が乗車地点までに掛かる時間、72.2%のライドは椅子の実移動時間に不満がありました
time=18:51:54.007 level=INFO msg=最終地域情報 名前=チェアタウン ユーザー登録数=43 アクティブユーザー数=16
time=18:51:54.007 level=INFO msg=最終地域情報 名前=コシカケシティ ユーザー登録数=38 アクティブユーザー数=14
time=18:51:54.007 level=INFO msg=最終オーナー情報 名前=座心工房 売上=150600 椅子数=12
time=18:51:54.007 level=INFO msg=最終オーナー情報 名前=風座プロダクツ 売上=95500 椅子数=10
time=18:51:54.007 level=INFO msg=最終オーナー情報 名前=椅子工藝舎 売上=42000 椅子数=6
time=18:51:54.007 level=INFO msg=最終オーナー情報 名前="Skyline Taxis" 売上=103400 椅子数=10
time=18:51:54.007 level=INFO msg=最終オーナー情報 名前="LuxeLine Taxi" 売上=89300 椅子数=9
time=18:51:54.007 level=INFO msg=95.0%のライドは椅子がマッチされるまでの時間、88.8%のライドはマッチされた椅子が乗車地点までに掛かる時間、72.5%のライドは椅子の実移動時間に不満がありました
time=18:51:54.007 level=INFO msg=結果 pass=true スコア=7969 種別エラー数=map[]
time=18:51:54.007 level=INFO msg=負荷走行が終了しました
