2026-09-26T09:50:47+00:00
COMMAND         %CPU   RSS
mysqld          46.0 894476
nginx            1.6  9712
nginx            1.6  9696
systemd-journal  1.2 298612
rsyslogd         0.6  5532
jbd2/sda1-8      0.6     0
isuride          0.3 10332
rcu_preempt      0.2     0
kworker/1:1H-kb  0.2     0
2026-09-26T09:50:49+00:00
COMMAND         %CPU   RSS
mysqld          46.1 900328
bench           10.5 47512
nginx            1.6  9712
nginx            1.6  9696
systemd-journal  1.2 299516
isuride          1.1 15324
rsyslogd         0.6  5532
jbd2/sda1-8      0.6     0
rcu_preempt      0.2     0
2026-09-26T09:50:51+00:00
COMMAND         %CPU   RSS
mysqld          46.1 900712
bench            9.7 53912
isuride          2.6 15204
nginx            1.6  9712
nginx            1.6  9696
systemd-journal  1.2 300544
rsyslogd         0.6  5532
jbd2/sda1-8      0.6     0
rcu_preempt      0.2     0
2026-09-26T09:50:53+00:00
COMMAND         %CPU   RSS
mysqld          46.1 901144
bench            9.9 54600
isuride          4.3 15632
nginx            1.6  9712
nginx            1.6  9696
systemd-journal  1.2 301672
rsyslogd         0.6  5532
jbd2/sda1-8      0.6     0
rcu_preempt      0.2     0
2026-09-26T09:50:55+00:00
COMMAND         %CPU   RSS
mysqld          46.1 901804
bench           10.4 60260
isuride          5.9 15984
nginx            1.6  9712
nginx            1.6  9696
systemd-journal  1.2 302640
rsyslogd         0.6  5532
jbd2/sda1-8      0.6     0
rcu_preempt      0.2     0
2026-09-26T09:50:57+00:00
COMMAND         %CPU   RSS
mysqld          46.2 902768
bench           10.5 62912
isuride          7.3 16308
nginx            1.6  9712
nginx            1.6  9696
systemd-journal  1.2 305360
rsyslogd         0.6  5532
jbd2/sda1-8      0.6     0
rcu_preempt      0.2     0
2026-09-26T09:50:59+00:00
COMMAND         %CPU   RSS
mysqld          46.2 904300
bench           11.5 69412
isuride          8.6 16960
nginx            1.6  9712
nginx            1.6  9696
systemd-journal  1.2 308012
rsyslogd         0.6  5532
jbd2/sda1-8      0.6     0
rcu_preempt      0.2     0
2026-09-26T09:51:01+00:00
COMMAND         %CPU   RSS
mysqld          46.3 906072
bench           11.6 73348
isuride          9.7 16784
nginx            1.6  9712
nginx            1.6  9696
systemd-journal  1.2 309740
rsyslogd         0.6  5532
jbd2/sda1-8      0.6     0
rcu_preempt      0.2     0
2026-09-26T09:51:04+00:00
COMMAND         %CPU   RSS
mysqld          46.3 908392
bench           11.7 75476
isuride         10.7 16948
nginx            1.6  9712
nginx            1.6  9696
systemd-journal  1.2 167104
rsyslogd         0.6  5532
jbd2/sda1-8      0.6     0
rcu_preempt      0.2     0
2026-09-26T09:51:06+00:00
COMMAND         %CPU   RSS
mysqld          46.4 910804
isuride         11.7 16832
bench           11.7 79200
nginx            1.6  9712
nginx            1.6  9696
systemd-journal  1.2 168336
rsyslogd         0.6  5532
jbd2/sda1-8      0.6     0
rcu_preempt      0.2     0
2026-09-26T09:51:08+00:00
COMMAND         %CPU   RSS
mysqld          46.5 914856
isuride         12.5 17224
bench           11.9 80004
nginx            1.6  9712
nginx            1.6  9696
systemd-journal  1.2 169436
rsyslogd         0.6  5532
jbd2/sda1-8      0.6     0
rcu_preempt      0.2     0
2026-09-26T09:51:10+00:00
COMMAND         %CPU   RSS
mysqld          46.5 920400
isuride         13.2 17180
bench           12.1 83348
nginx            1.6  9712
nginx            1.6  9696
systemd-journal  1.2 172356
rsyslogd         0.6  5532
jbd2/sda1-8      0.6     0
rcu_preempt      0.2     0
2026-09-26T09:51:12+00:00
COMMAND         %CPU   RSS
mysqld          46.6 923188
isuride         13.9 17216
bench           12.1 86444
nginx            1.6  9712
nginx            1.6  9696
systemd-journal  1.2 175296
rsyslogd         0.6  5532
jbd2/sda1-8      0.6     0
rcu_preempt      0.2     0
2026-09-26T09:51:14+00:00
COMMAND         %CPU   RSS
mysqld          46.6 926664
isuride         14.5 17264
bench           12.3 91972
nginx            1.6  9712
nginx            1.6  9696
systemd-journal  1.2 176532
rsyslogd         0.6  5532
jbd2/sda1-8      0.6     0
rcu_preempt      0.2     0
2026-09-26T09:51:16+00:00
COMMAND         %CPU   RSS
mysqld          46.7 928508
isuride         15.1 17800
bench           12.5 96868
nginx            1.6  9712
nginx            1.6  9696
systemd-journal  1.2 177572
rsyslogd         0.6  5532
jbd2/sda1-8      0.6     0
rcu_preempt      0.2     0
2026-09-26T09:51:18+00:00
COMMAND         %CPU   RSS
mysqld          46.8 932468
isuride         15.6 18412
bench           12.6 99316
nginx            1.6  9712
nginx            1.6  9696
systemd-journal  1.2 181036
rsyslogd         0.6  5532
jbd2/sda1-8      0.6     0
rcu_preempt      0.2     0
2026-09-26T09:51:20+00:00
COMMAND         %CPU   RSS
mysqld          46.8 935280
isuride         16.1 18756
bench           12.8 105316
nginx            1.6  9712
nginx            1.6  9696
systemd-journal  1.2 182232
rsyslogd         0.6  5532
jbd2/sda1-8      0.6     0
kworker/1:1H-kb  0.2     0
2026-09-26T09:51:22+00:00
COMMAND         %CPU   RSS
mysqld          46.9 937084
isuride         16.6 18732
bench           13.0 105956
nginx            1.6  9712
nginx            1.6  9696
systemd-journal  1.2 183032
rsyslogd         0.6  5532
jbd2/sda1-8      0.6     0
rcu_preempt      0.2     0
2026-09-26T09:51:24+00:00
COMMAND         %CPU   RSS
mysqld          46.9 937328
isuride         17.1 18868
bench           13.4 110080
nginx            1.6  9712
nginx            1.6  9696
systemd-journal  1.2 183736
rsyslogd         0.6  5532
jbd2/sda1-8      0.6     0
rcu_preempt      0.2     0
2026-09-26T09:51:26+00:00
COMMAND         %CPU   RSS
mysqld          47.0 941076
isuride         17.5 20392
bench           13.7 110488
nginx            1.6  9712
nginx            1.6  9696
systemd-journal  1.2 184116
rsyslogd         0.6  5532
jbd2/sda1-8      0.6     0
rcu_preempt      0.2     0
2026-09-26T09:51:28+00:00
COMMAND         %CPU   RSS
mysqld          47.1 943056
isuride         17.7 18288
bench           13.6 115268
nginx            1.6  9712
nginx            1.6  9696
systemd-journal  1.2 185144
rsyslogd         0.6  5532
jbd2/sda1-8      0.6     0
rcu_preempt      0.2     0
2026-09-26T09:51:30+00:00
COMMAND         %CPU   RSS
mysqld          47.1 942060
isuride         18.0 20404
bench           13.7 119808
nginx            1.6  9712
nginx            1.6  9696
systemd-journal  1.2 190404
rsyslogd         0.6  5532
jbd2/sda1-8      0.6     0
rcu_preempt      0.2     0
2026-09-26T09:51:32+00:00
COMMAND         %CPU   RSS
mysqld          47.2 943384
curl            20.0 12160
isuride         18.3 19304
bench           13.7 126912
nginx            1.6  9712
nginx            1.6  9696
systemd-journal  1.2 192284
rsyslogd         0.6  5532
jbd2/sda1-8      0.6     0
2026-09-26T09:51:34+00:00
COMMAND         %CPU   RSS
mysqld          47.2 946396
isuride         18.5 19104
bench           13.7 133588
nginx            1.6  9712
nginx            1.6  9696
systemd-journal  1.2 193484
rsyslogd         0.6  5532
jbd2/sda1-8      0.6     0
rcu_preempt      0.2     0
2026-09-26T09:51:36+00:00
COMMAND         %CPU   RSS
mysqld          47.3 947400
isuride         18.7 18928
bench           13.7 133740
nginx            1.6  9712
nginx            1.6  9696
systemd-journal  1.2 194620
rsyslogd         0.6  5532
jbd2/sda1-8      0.6     0
rcu_preempt      0.2     0
2026-09-26T09:51:38+00:00
COMMAND         %CPU   RSS
mysqld          47.4 945584
isuride         19.0 19280
bench           13.7 138804
nginx            1.6  9712
nginx            1.6  9696
systemd-journal  1.2 198648
rsyslogd         0.6  5532
jbd2/sda1-8      0.6     0
rcu_preempt      0.2     0
2026-09-26T09:51:40+00:00
COMMAND         %CPU   RSS
mysqld          47.4 942324
isuride         19.2 20192
bench           13.6 139040
nginx            1.6  9712
nginx            1.6  9696
systemd-journal  1.2 200252
rsyslogd         0.6  5532
jbd2/sda1-8      0.6     0
rcu_preempt      0.2     0
2026-09-26T09:51:42+00:00
COMMAND         %CPU   RSS
mysqld          47.5 934428
isuride         19.4 19972
bench           13.7 144876
nginx            1.6  9712
nginx            1.6  9696
systemd-journal  1.2 201356
rsyslogd         0.6  5532
jbd2/sda1-8      0.6     0
rcu_preempt      0.2     0
2026-09-26T09:51:44+00:00
COMMAND         %CPU   RSS
mysqld          47.6 935520
isuride         19.6 20636
bench           13.7 145396
nginx            1.6  9712
nginx            1.6  9696
systemd-journal  1.2 202300
rsyslogd         0.6  5532
jbd2/sda1-8      0.6     0
rcu_preempt      0.2     0
2026-09-26T09:51:46+00:00
COMMAND         %CPU   RSS
mysqld          47.6 933560
isuride         19.7 20668
bench           13.7 149652
nginx            1.6  9712
nginx            1.6  9696
systemd-journal  1.2 203320
jbd2/sda1-8      0.6     0
rsyslogd         0.6  5532
rcu_preempt      0.2     0
2026-09-26T09:51:48+00:00
COMMAND         %CPU   RSS
mysqld          47.7 932156
isuride         19.9 20764
bench           13.6 150264
nginx            1.6  9712
nginx            1.6  9696
systemd-journal  1.2 208024
jbd2/sda1-8      0.6     0
rsyslogd         0.6  5532
rcu_preempt      0.2     0
2026-09-26T09:51:50+00:00
COMMAND         %CPU   RSS
mysqld          47.8 922676
isuride         20.1 19436
bench           13.6 153792
nginx            1.6  9712
nginx            1.6  9696
systemd-journal  1.2 209676
rsyslogd         0.6  5532
jbd2/sda1-8      0.6     0
rcu_preempt      0.2     0
2026-09-26T09:51:52+00:00
COMMAND         %CPU   RSS
mysqld          47.8 920612
isuride         20.4 18608
bench           13.5 158184
nginx            1.6  9712
nginx            1.6  9696
systemd-journal  1.2 211260
rsyslogd         0.6  5532
jbd2/sda1-8      0.6     0
rcu_preempt      0.2     0
