procs -----------memory---------- ---swap-- -----io---- -system-- -------cpu------- -----timestamp-----
 r  b   swpd   free   buff  cache   si   so    bi    bo   in   cs us sy id wa st gu                 UTC
 2  0      0 1071104  89120 1775016    0    0   223  6039 6562  117 26 11 63  0  0  0 2026-09-26 09:50:47
 2  0      0 1051228  89120 1775160    0    0     0 53752 14868 30272 30 13 41 16  0  0 2026-09-26 09:50:48
10  0      0 1036556  89120 1775716    0    0     0  8552 15607 46685 73 14 13  0  0  0 2026-09-26 09:50:49
 0  0      0 1034792  89120 1776480    0    0     0  5308 25578 69764 34 15 48  2  0  0 2026-09-26 09:50:50
 0  0      0 1031532  89120 1777224    0    0     0  7476 25719 76445 47 17 35  2  0  0 2026-09-26 09:50:51
 6  0      0 1028760  89120 1778132    0    0     0  8832 26160 82226 44 20 35  1  0  0 2026-09-26 09:50:52
 0  0      0 1024980  89120 1779164    0    0     0 11772 22114 77834 54 24 21  2  0  0 2026-09-26 09:50:53
 4  0      0 1023748  89120 1780196    0    0     0 11108 20971 71188 58 23 19  1  0  0 2026-09-26 09:50:54
19  0      0 1021744  89120 1783184    0    0     0 10576 18266 65095 53 25 21  1  0  0 2026-09-26 09:50:55
 0  0      0 1019476  89120 1784348    0    0     0 11612 23807 87876 57 24 17  1  0  0 2026-09-26 09:50:56
13  0      0 1013680  89120 1785692    0    0     0 12536 21397 79080 55 26 18  1  0  0 2026-09-26 09:50:57
28  0      0 1011948  89120 1786592    0    0     0 12680 18357 66751 63 29  8  1  0  0 2026-09-26 09:50:58
13  0      0 1010716  89120 1787296    0    0     0 12932 16072 51980 62 33  4  1  0  0 2026-09-26 09:50:59
 6  0      0 1008052  89120 1788424    0    0     0 42128 18021 70664 64 26  8  2  0  0 2026-09-26 09:51:00
13  1      0 998548  89120 1789364    0    0     0 16144 18472 67069 61 30  8  2  0  0 2026-09-26 09:51:01
 9  1      0 983492  89120 1802720    0    0     0 26448 16681 59768 58 36  3  3  0  0 2026-09-26 09:51:02
26  1      0 977696  89120 1804020    0    0     0 12624 19029 72461 62 25  7  7  0  0 2026-09-26 09:51:03
25  1      0 973692  89120 1805712    0    0     0 13572 19397 71969 63 27  7  3  0  0 2026-09-26 09:51:04
12  0      0 969912  89120 1807028    0    0     0 20612 20259 76338 63 30  6  1  0  0 2026-09-26 09:51:05
19  0      0 963896  89120 1808044    0    0     0 15516 18277 67430 65 31  4  1  0  0 2026-09-26 09:51:06
36  0      0 958856  89120 1809196    0    0     0 16136 19001 70844 62 29  7  2  0  0 2026-09-26 09:51:07
procs -----------memory---------- ---swap-- -----io---- -system-- -------cpu------- -----timestamp-----
 r  b   swpd   free   buff  cache   si   so    bi    bo   in   cs us sy id wa st gu                 UTC
10  1      0 953060  89120 1810140    0    0     0 16204 19116 68623 61 29  8  2  0  0 2026-09-26 09:51:08
18  0      0 948300  89120 1812876    0    0     0 17332 17851 68290 66 29  4  1  0  0 2026-09-26 09:51:09
29  1      0 941868  89120 1814052    0    0     0 18424 20643 73566 63 29  7  2  0  0 2026-09-26 09:51:10
14  1      0 936576  89120 1815016    0    0     0 14900 18791 68043 65 29  5  1  0  0 2026-09-26 09:51:11
19  0      0 932572  89120 1816016    0    0     0 16428 18291 67938 66 31  3  1  0  0 2026-09-26 09:51:12
22  0      0 927784  89120 1817032    0    0     0 15208 16458 62397 64 31  5  1  0  0 2026-09-26 09:51:13
23  0      0 920732  89120 1818116    0    0     0 15652 15027 60071 69 30  1  0  0  0 2026-09-26 09:51:14
 7  0      0 915720  89120 1819268    0    0     0 35764 18615 70443 64 30  5  2  0  0 2026-09-26 09:51:15
17  1      0 915720  89120 1820236    0    0     0 15332 16458 60557 73 25  2  0  0  0 2026-09-26 09:51:16
14  1      0 913656  89120 1821188    0    0     0 14448 14084 57210 67 31  2  1  0  0 2026-09-26 09:51:17
16  0      0 911924  89120 1821852    0    0     0 16596 13469 50573 70 29  1  0  0  0 2026-09-26 09:51:18
42  0      0 901368  89120 1822700    0    0     0 13036 14651 50731 67 31  1  0  0  0 2026-09-26 09:51:19
36  0      0 901116  89120 1823532    0    0     0 14692 14156 46151 70 30  1  0  0  0 2026-09-26 09:51:20
55  0      0 897452  89120 1824228    0    0     0 11348 14544 50266 64 34  1  1  0  0 2026-09-26 09:51:21
46  0      0 889140  89120 1825108    0    0     0 11352 14837 49242 69 29  2  1  0  0 2026-09-26 09:51:22
38  0      0 885640  89120 1826752    0    0     0 10332 12631 40530 62 37  1  1  0  0 2026-09-26 09:51:23
42  0      0 881116  89120 1827176    0    0     0  7140 8196 24396 66 34  0  0  0  0 2026-09-26 09:51:24
37  0      0 886276  89120 1827456    0    0     0  8564 9026 29031 63 35  2  1  0  0 2026-09-26 09:51:25
18  0      0 879328  89120 1828256    0    0     0 15516 14240 55072 73 26  2  0  0  0 2026-09-26 09:51:26
17  0      0 876052  89120 1829696    0    0     0 18260 18639 67089 67 28  4  2  0  0 2026-09-26 09:51:27
 7  1      0 873224  89120 1833300    0    0     0 16044 16817 61976 62 31  6  2  0  0 2026-09-26 09:51:28
procs -----------memory---------- ---swap-- -----io---- -system-- -------cpu------- -----timestamp-----
 r  b   swpd   free   buff  cache   si   so    bi    bo   in   cs us sy id wa st gu                 UTC
12  1      0 872176  89120 1834204    0    0     0 13044 14821 50914 71 24  4  1  0  0 2026-09-26 09:51:29
15  1      0 859592  89120 1835024    0    0     0 29628 16873 60386 66 29  4  1  0  0 2026-09-26 09:51:30
11  1      0 857640  89120 1836120    0    0     0 15992 15485 60717 72 26  2  0  0  0 2026-09-26 09:51:31
11  0      0 854432  89120 1837220    0    0     0 16828 17992 67995 64 29  6  1  0  0 2026-09-26 09:51:32
17  0      0 848384  89120 1838016    0    0     0 17188 16486 56067 70 25  4  1  0  0 2026-09-26 09:51:33
32  0      0 841832  89120 1840032    0    0     0 13892 14283 55668 68 28  4  1  0  0 2026-09-26 09:51:34
17  0      0 839156  89120 1843120    0    0     0 16856 15629 61083 69 29  2  0  0  0 2026-09-26 09:51:35
32  1      0 836640  89120 1844224    0    0     0 28040 16858 62756 66 28  4  2  0  0 2026-09-26 09:51:36
16  0      0 831284  89120 1845132    0    0     0 14632 13825 54038 68 30  2  1  0  0 2026-09-26 09:51:37
24  1      0 835464  89120 1846064    0    0     0 15528 16481 58569 68 27  4  1  0  0 2026-09-26 09:51:38
24  1      0 832216  89120 1847084    0    0     0 16376 18264 62991 65 30  4  2  0  0 2026-09-26 09:51:39
31  1      0 832024  89120 1848020    0    0     0 14548 15686 56292 69 28  3  1  0  0 2026-09-26 09:51:40
27  0      0 824524  89120 1849076    0    0     0 17696 16027 63258 66 30  3  1  0  0 2026-09-26 09:51:41
19  1      0 824848  89120 1850016    0    0     0 14748 16718 58003 68 26  5  1  0  0 2026-09-26 09:51:42
20  0      0 829680  89120 1850984    0    0     0 15488 16244 58875 68 28  3  1  0  0 2026-09-26 09:51:43
40  0      0 822152  89120 1851812    0    0     0 12156 13086 48007 72 28  0  0  0  0 2026-09-26 09:51:44
18  0      0 824340  89120 1852988    0    0     0 14672 16292 61348 71 26  3  1  0  0 2026-09-26 09:51:45
46  0      0 826464  89120 1853872    0    0     0 15520 16086 60349 72 27  1  1  0  0 2026-09-26 09:51:46
28  0      0 823956  89120 1854948    0    0     0 15236 15268 59173 71 27  2  1  0  0 2026-09-26 09:51:47
17  1      0 825216  89120 1855688    0    0     0 14808 16012 58005 68 29  3  1  0  0 2026-09-26 09:51:48
16  0      0 833392  89120 1856736    0    0     0  5864 14980 62884 75 22  3  0  0  0 2026-09-26 09:51:49
procs -----------memory---------- ---swap-- -----io---- -system-- -------cpu------- -----timestamp-----
 r  b   swpd   free   buff  cache   si   so    bi    bo   in   cs us sy id wa st gu                 UTC
14  0      0 826840  89120 1858064    0    0     0  1028 15810 72908 70 21 10  0  0  0 2026-09-26 09:51:50
19  0      0 824320  89120 1859240    0    0     0 20260 18252 78696 67 20 13  1  0  0 2026-09-26 09:51:51
19  0      0 822556  89120 1860516    0    0     0   656 16079 74551 70 19 11  0  0  0 2026-09-26 09:51:52
19  0      0 821800  89120 1861452    0    0     0   732 17160 82045 71 20  9  0  0  0 2026-09-26 09:51:53
