time=13:19:04.246 level=DEBUG source=/tmp/isucon14/bench/cmd/run.go:90 msg=target targetURL=https://isuride.xiv.isucon.net targetAddr=127.0.0.1:443 benchrun.GetTargetAddress()="" paymentURL=http://127.0.0.1:12346
time=13:19:04.246 level=INFO msg=負荷走行を開始します
time=13:19:07.120 level=DEBUG source=/tmp/isucon14/bench/benchmarker/scenario/scenario.go:315 msg=時間経過 tick=60
time=13:19:07.120 level=DEBUG source=/tmp/isucon14/bench/benchmarker/scenario/scenario.go:317 msg=eval reqs=4 score="[0 0 0 3 1]" criteria="[4 1 4 4]"
time=13:19:08.909 level=INFO msg=一定の売上が立ったためオーナーの椅子が増加します 名前="Vintage Vibe Seats" 増加数=1
time=13:19:08.910 level=INFO msg=一定の売上が立ったためオーナーの椅子が増加します 名前=EcoChairs 増加数=1
time=13:19:08.920 level=DEBUG source=/tmp/isucon14/bench/benchmarker/scenario/scenario.go:315 msg=時間経過 tick=120
time=13:19:08.920 level=DEBUG source=/tmp/isucon14/bench/benchmarker/scenario/scenario.go:317 msg=eval reqs=18 score="[0 0 0 11 7]" criteria="[18 7 18 18]"
time=13:19:09.585 level=WARN msg="ユーザー登録に失敗しました (CODE=17): POST /api/app/usersへのリクエストに対して、期待されたHTTPステータスコードが確認できませんでした (expected:201, actual:500)"
time=13:19:10.698 level=INFO msg=一定の売上が立ったためオーナーの椅子が増加します 名前=椅子のめぐりや 増加数=1
time=13:19:10.700 level=INFO msg=一定の売上が立ったためオーナーの椅子が増加します 名前="Vintage Vibe Seats" 増加数=2
time=13:19:10.700 level=INFO msg=一定の売上が立ったためオーナーの椅子が増加します 名前="ReSit & Renew" 増加数=2
time=13:19:10.702 level=INFO msg=一定の売上が立ったためオーナーの椅子が増加します 名前=EcoChairs 増加数=2
time=13:19:10.703 level=INFO msg=一定の売上が立ったためオーナーの椅子が増加します 名前="CraftChair Co., Ltd." 増加数=1
time=13:19:10.720 level=INFO msg=これまでに地域内の評判によって7人、既存ユーザーの招待経由で32人が新規登録しました
time=13:19:10.720 level=DEBUG source=/tmp/isucon14/bench/benchmarker/scenario/scenario.go:315 msg=時間経過 tick=180
time=13:19:10.720 level=DEBUG source=/tmp/isucon14/bench/benchmarker/scenario/scenario.go:317 msg=eval reqs=33 score="[0 0 0 24 9]" criteria="[33 9 33 33]"
time=13:19:10.720 level=INFO msg=0.0%のライドは椅子がマッチされるまでの時間、72.7%のライドはマッチされた椅子が乗車地点までに掛かる時間、0.0%のライドは椅子の実移動時間に不満がありました
time=13:19:12.502 level=INFO msg=一定の売上が立ったためオーナーの椅子が増加します 名前=椅子のめぐりや 増加数=1
time=13:19:12.510 level=INFO msg=一定の売上が立ったためオーナーの椅子が増加します 名前=EcoChairs 増加数=1
time=13:19:12.510 level=INFO msg=一定の売上が立ったためオーナーの椅子が増加します 名前="CraftChair Co., Ltd." 増加数=1
time=13:19:12.521 level=DEBUG source=/tmp/isucon14/bench/benchmarker/scenario/scenario.go:315 msg=時間経過 tick=240
time=13:19:12.521 level=DEBUG source=/tmp/isucon14/bench/benchmarker/scenario/scenario.go:317 msg=eval reqs=45 score="[0 0 1 32 12]" criteria="[45 12 45 44]"
time=13:19:12.649 level=WARN msg="ユーザー登録に失敗しました (CODE=17): POST /api/app/usersへのリクエストに対して、期待されたHTTPステータスコードが確認できませんでした (expected:201, actual:500)"
time=13:19:14.300 level=INFO msg=一定の売上が立ったためオーナーの椅子が増加します 名前=EcoChairs 増加数=1
time=13:19:14.312 level=INFO msg=一定の売上が立ったためオーナーの椅子が増加します 名前="CraftChair Co., Ltd." 増加数=1
time=13:19:14.321 level=DEBUG source=/tmp/isucon14/bench/benchmarker/scenario/scenario.go:315 msg=時間経過 tick=300
time=13:19:14.321 level=DEBUG source=/tmp/isucon14/bench/benchmarker/scenario/scenario.go:317 msg=eval reqs=59 score="[0 0 4 40 15]" criteria="[59 15 59 55]"
time=13:19:14.327 level=INFO msg=一定の売上が立ったためオーナーの椅子が増加します 名前=椅子のめぐりや 増加数=1
time=13:19:14.329 level=INFO msg=一定の売上が立ったためオーナーの椅子が増加します 名前="ReSit & Renew" 増加数=1
time=13:19:14.330 level=INFO msg=一定の売上が立ったためオーナーの椅子が増加します 名前="Vintage Vibe Seats" 増加数=2
time=13:19:16.117 level=INFO msg=一定の売上が立ったためオーナーの椅子が増加します 名前="Vintage Vibe Seats" 増加数=1
time=13:19:16.119 level=INFO msg=一定の売上が立ったためオーナーの椅子が増加します 名前=EcoChairs 増加数=1
time=13:19:16.119 level=INFO msg=一定の売上が立ったためオーナーの椅子が増加します 名前="CraftChair Co., Ltd." 増加数=1
time=13:19:16.120 level=DEBUG source=/tmp/isucon14/bench/benchmarker/scenario/scenario.go:315 msg=時間経過 tick=360
time=13:19:16.120 level=DEBUG source=/tmp/isucon14/bench/benchmarker/scenario/scenario.go:317 msg=eval reqs=72 score="[0 1 10 46 15]" criteria="[68 20 72 59]"
time=13:19:16.120 level=INFO msg=これまでに地域内の評判によって19人、既存ユーザーの招待経由で59人が新規登録しました
time=13:19:16.120 level=INFO msg=5.6%のライドは椅子がマッチされるまでの時間、72.2%のライドはマッチされた椅子が乗車地点までに掛かる時間、9.0%のライドは椅子の実移動時間に不満がありました
time=13:19:16.123 level=INFO msg=一定の売上が立ったためオーナーの椅子が増加します 名前="ReSit & Renew" 増加数=2
time=13:19:17.920 level=DEBUG source=/tmp/isucon14/bench/benchmarker/scenario/scenario.go:315 msg=時間経過 tick=420
time=13:19:17.920 level=DEBUG source=/tmp/isucon14/bench/benchmarker/scenario/scenario.go:317 msg=eval reqs=87 score="[1 6 17 48 15]" criteria="[75 24 83 62]"
time=13:19:17.927 level=INFO msg=一定の売上が立ったためオーナーの椅子が増加します 名前=椅子のめぐりや 増加数=2
time=13:19:17.927 level=INFO msg=一定の売上が立ったためオーナーの椅子が増加します 名前="CraftChair Co., Ltd." 増加数=2
time=13:19:17.929 level=INFO msg=一定の売上が立ったためオーナーの椅子が増加します 名前="Vintage Vibe Seats" 増加数=1
time=13:19:17.931 level=INFO msg=一定の売上が立ったためオーナーの椅子が増加します 名前=EcoChairs 増加数=1
time=13:19:19.720 level=DEBUG source=/tmp/isucon14/bench/benchmarker/scenario/scenario.go:315 msg=時間経過 tick=480
time=13:19:19.720 level=DEBUG source=/tmp/isucon14/bench/benchmarker/scenario/scenario.go:317 msg=eval reqs=102 score="[4 11 22 50 15]" criteria="[78 29 90 68]"
time=13:19:19.744 level=INFO msg=一定の売上が立ったためオーナーの椅子が増加します 名前="ReSit & Renew" 増加数=1
time=13:19:19.762 level=INFO msg=一定の売上が立ったためオーナーの椅子が増加します 名前=EcoChairs 増加数=1
time=13:19:19.768 level=INFO msg=一定の売上が立ったためオーナーの椅子が増加します 名前="Vintage Vibe Seats" 増加数=1
time=13:19:21.550 level=INFO msg=これまでに地域内の評判によって31人、既存ユーザーの招待経由で64人が新規登録しました
time=13:19:21.550 level=INFO msg=これまでに低評価なライドによって11人が利用をやめました
time=13:19:21.550 level=INFO msg=32.8%のライドは椅子がマッチされるまでの時間、69.7%のライドはマッチされた椅子が乗車地点までに掛かる時間、28.2%のライドは椅子の実移動時間に不満がありました
time=13:19:21.550 level=DEBUG source=/tmp/isucon14/bench/benchmarker/scenario/scenario.go:315 msg=時間経過 tick=540
time=13:19:21.550 level=DEBUG source=/tmp/isucon14/bench/benchmarker/scenario/scenario.go:317 msg=eval reqs=119 score="[8 17 27 52 15]" criteria="[80 36 101 70]"
time=13:19:23.302 level=INFO msg=一定の売上が立ったためオーナーの椅子が増加します 名前="Vintage Vibe Seats" 増加数=3
time=13:19:23.310 level=INFO msg=一定の売上が立ったためオーナーの椅子が増加します 名前="CraftChair Co., Ltd." 増加数=2
time=13:19:23.310 level=INFO msg=一定の売上が立ったためオーナーの椅子が増加します 名前="ReSit & Renew" 増加数=2
time=13:19:23.313 level=INFO msg=一定の売上が立ったためオーナーの椅子が増加します 名前=EcoChairs 増加数=3
time=13:19:23.320 level=DEBUG source=/tmp/isucon14/bench/benchmarker/scenario/scenario.go:315 msg=時間経過 tick=600
time=13:19:23.321 level=DEBUG source=/tmp/isucon14/bench/benchmarker/scenario/scenario.go:317 msg=eval reqs=134 score="[13 23 31 52 15]" criteria="[82 41 106 72]"
time=13:19:23.336 level=INFO msg=一定の売上が立ったためオーナーの椅子が増加します 名前=椅子のめぐりや 増加数=3
time=13:19:25.120 level=DEBUG source=/tmp/isucon14/bench/benchmarker/scenario/scenario.go:315 msg=時間経過 tick=660
time=13:19:25.120 level=DEBUG source=/tmp/isucon14/bench/benchmarker/scenario/scenario.go:317 msg=eval reqs=154 score="[20 27 39 53 15]" criteria="[84 51 113 76]"
time=13:19:25.121 level=INFO msg=一定の売上が立ったためオーナーの椅子が増加します 名前=EcoChairs 増加数=1
time=13:19:25.124 level=INFO msg=一定の売上が立ったためオーナーの椅子が増加します 名前="Vintage Vibe Seats" 増加数=1
time=13:19:25.124 level=INFO msg=一定の売上が立ったためオーナーの椅子が増加します 名前="ReSit & Renew" 増加数=1
time=13:19:25.125 level=INFO msg=一定の売上が立ったためオーナーの椅子が増加します 名前=椅子のめぐりや 増加数=1
time=13:19:26.920 level=DEBUG source=/tmp/isucon14/bench/benchmarker/scenario/scenario.go:315 msg=時間経過 tick=720
time=13:19:26.920 level=DEBUG source=/tmp/isucon14/bench/benchmarker/scenario/scenario.go:317 msg=eval reqs=175 score="[25 35 45 55 15]" criteria="[85 63 121 81]"
time=13:19:26.921 level=INFO msg=これまでに地域内の評判によって43人、既存ユーザーの招待経由で67人が新規登録しました
time=13:19:26.921 level=INFO msg=これまでに低評価なライドによって33人が利用をやめました
time=13:19:26.921 level=INFO msg=51.4%のライドは椅子がマッチされるまでの時間、64.0%のライドはマッチされた椅子が乗車地点までに掛かる時間、42.3%のライドは椅子の実移動時間に不満がありました
time=13:19:26.928 level=INFO msg=一定の売上が立ったためオーナーの椅子が増加します 名前="Vintage Vibe Seats" 増加数=1
time=13:19:26.966 level=INFO msg=一定の売上が立ったためオーナーの椅子が増加します 名前="ReSit & Renew" 増加数=1
time=13:19:26.974 level=INFO msg=一定の売上が立ったためオーナーの椅子が増加します 名前="CraftChair Co., Ltd." 増加数=2
time=13:19:26.986 level=INFO msg=一定の売上が立ったためオーナーの椅子が増加します 名前=EcoChairs 増加数=1
time=13:19:26.997 level=INFO msg=一定の売上が立ったためオーナーの椅子が増加します 名前=椅子のめぐりや 増加数=1
time=13:19:28.720 level=DEBUG source=/tmp/isucon14/bench/benchmarker/scenario/scenario.go:315 msg=時間経過 tick=780
time=13:19:28.720 level=DEBUG source=/tmp/isucon14/bench/benchmarker/scenario/scenario.go:317 msg=eval reqs=194 score="[31 40 49 59 15]" criteria="[91 74 129 81]"
time=13:19:28.726 level=INFO msg=一定の売上が立ったためオーナーの椅子が増加します 名前="ReSit & Renew" 増加数=1
time=13:19:28.736 level=INFO msg=一定の売上が立ったためオーナーの椅子が増加します 名前="CraftChair Co., Ltd." 増加数=1
time=13:19:28.759 level=INFO msg=一定の売上が立ったためオーナーの椅子が増加します 名前=EcoChairs 増加数=2
time=13:19:28.760 level=INFO msg=一定の売上が立ったためオーナーの椅子が増加します 名前=椅子のめぐりや 増加数=1
time=13:19:28.778 level=INFO msg=一定の売上が立ったためオーナーの椅子が増加します 名前="Vintage Vibe Seats" 増加数=1
time=13:19:30.521 level=DEBUG source=/tmp/isucon14/bench/benchmarker/scenario/scenario.go:315 msg=時間経過 tick=840
time=13:19:30.521 level=DEBUG source=/tmp/isucon14/bench/benchmarker/scenario/scenario.go:317 msg=eval reqs=215 score="[36 47 53 64 15]" criteria="[106 84 133 82]"
time=13:19:30.602 level=INFO msg=一定の売上が立ったためオーナーの椅子が増加します 名前=EcoChairs 増加数=1
time=13:19:30.603 level=INFO msg=一定の売上が立ったためオーナーの椅子が増加します 名前="CraftChair Co., Ltd." 増加数=1
time=13:19:30.613 level=INFO msg=一定の売上が立ったためオーナーの椅子が増加します 名前="Vintage Vibe Seats" 増加数=3
time=13:19:30.618 level=INFO msg=一定の売上が立ったためオーナーの椅子が増加します 名前="ReSit & Renew" 増加数=1
time=13:19:30.620 level=INFO msg=一定の売上が立ったためオーナーの椅子が増加します 名前=椅子のめぐりや 増加数=1
time=13:19:32.321 level=DEBUG source=/tmp/isucon14/bench/benchmarker/scenario/scenario.go:315 msg=時間経過 tick=900
time=13:19:32.321 level=DEBUG source=/tmp/isucon14/bench/benchmarker/scenario/scenario.go:317 msg=eval reqs=240 score="[38 51 69 67 15]" criteria="[129 103 136 82]"
time=13:19:32.321 level=INFO msg=これまでに地域内の評判によって55人、既存ユーザーの招待経由で77人が新規登録しました
time=13:19:32.321 level=INFO msg=これまでに低評価なライドによって44人が利用をやめました
time=13:19:32.321 level=INFO msg=46.2%のライドは椅子がマッチされるまでの時間、57.1%のライドはマッチされた椅子が乗車地点までに掛かる時間、54.6%のライドは椅子の実移動時間に不満がありました
time=13:19:32.354 level=INFO msg=一定の売上が立ったためオーナーの椅子が増加します 名前=椅子のめぐりや 増加数=1
time=13:19:32.398 level=INFO msg=一定の売上が立ったためオーナーの椅子が増加します 名前=EcoChairs 増加数=2
time=13:19:32.399 level=INFO msg=一定の売上が立ったためオーナーの椅子が増加します 名前="Vintage Vibe Seats" 増加数=1
time=13:19:32.414 level=INFO msg=一定の売上が立ったためオーナーの椅子が増加します 名前="ReSit & Renew" 増加数=1
time=13:19:32.418 level=INFO msg=一定の売上が立ったためオーナーの椅子が増加します 名前="CraftChair Co., Ltd." 増加数=2
time=13:19:34.120 level=DEBUG source=/tmp/isucon14/bench/benchmarker/scenario/scenario.go:315 msg=時間経過 tick=960
time=13:19:34.120 level=DEBUG source=/tmp/isucon14/bench/benchmarker/scenario/scenario.go:317 msg=eval reqs=264 score="[41 56 78 73 16]" criteria="[150 119 142 84]"
time=13:19:34.180 level=INFO msg=一定の売上が立ったためオーナーの椅子が増加します 名前="CraftChair Co., Ltd." 増加数=1
time=13:19:34.202 level=INFO msg=一定の売上が立ったためオーナーの椅子が増加します 名前=椅子のめぐりや 増加数=3
time=13:19:34.210 level=INFO msg=一定の売上が立ったためオーナーの椅子が増加します 名前="ReSit & Renew" 増加数=1
time=13:19:34.227 level=INFO msg=一定の売上が立ったためオーナーの椅子が増加します 名前=EcoChairs 増加数=1
time=13:19:35.931 level=DEBUG source=/tmp/isucon14/bench/benchmarker/scenario/scenario.go:315 msg=時間経過 tick=1020
time=13:19:35.931 level=DEBUG source=/tmp/isucon14/bench/benchmarker/scenario/scenario.go:317 msg=eval reqs=291 score="[42 64 89 79 17]" criteria="[176 137 148 86]"
time=13:19:36.078 level=INFO msg=一定の売上が立ったためオーナーの椅子が増加します 名前="ReSit & Renew" 増加数=1
time=13:19:36.085 level=INFO msg=一定の売上が立ったためオーナーの椅子が増加します 名前="CraftChair Co., Ltd." 増加数=3
time=13:19:36.094 level=INFO msg=一定の売上が立ったためオーナーの椅子が増加します 名前=EcoChairs 増加数=2
time=13:19:36.122 level=INFO msg=一定の売上が立ったためオーナーの椅子が増加します 名前="Vintage Vibe Seats" 増加数=2
time=13:19:37.720 level=DEBUG source=/tmp/isucon14/bench/benchmarker/scenario/scenario.go:315 msg=時間経過 tick=1080
time=13:19:37.720 level=DEBUG source=/tmp/isucon14/bench/benchmarker/scenario/scenario.go:317 msg=eval reqs=311 score="[43 68 101 82 17]" criteria="[195 152 151 86]"
time=13:19:37.720 level=INFO msg=これまでに地域内の評判によって67人、既存ユーザーの招待経由で93人が新規登録しました
time=13:19:37.720 level=INFO msg=これまでに低評価なライドによって50人が利用をやめました
time=13:19:37.720 level=INFO msg=37.3%のライドは椅子がマッチされるまでの時間、51.1%のライドはマッチされた椅子が乗車地点までに掛かる時間、61.9%のライドは椅子の実移動時間に不満がありました
time=13:19:37.820 level=INFO msg=一定の売上が立ったためオーナーの椅子が増加します 名前=EcoChairs 増加数=1
time=13:19:37.854 level=INFO msg=一定の売上が立ったためオーナーの椅子が増加します 名前="CraftChair Co., Ltd." 増加数=2
time=13:19:37.881 level=INFO msg=一定の売上が立ったためオーナーの椅子が増加します 名前="Vintage Vibe Seats" 増加数=1
time=13:19:37.902 level=INFO msg=一定の売上が立ったためオーナーの椅子が増加します 名前="ReSit & Renew" 増加数=2
time=13:19:39.520 level=DEBUG source=/tmp/isucon14/bench/benchmarker/scenario/scenario.go:315 msg=時間経過 tick=1140
time=13:19:39.520 level=DEBUG source=/tmp/isucon14/bench/benchmarker/scenario/scenario.go:317 msg=eval reqs=339 score="[45 75 115 87 17]" criteria="[221 171 155 87]"
time=13:19:39.599 level=INFO msg=一定の売上が立ったためオーナーの椅子が増加します 名前="Vintage Vibe Seats" 増加数=2
time=13:19:39.613 level=INFO msg=一定の売上が立ったためオーナーの椅子が増加します 名前=椅子のめぐりや 増加数=3
time=13:19:39.619 level=INFO msg=一定の売上が立ったためオーナーの椅子が増加します 名前=EcoChairs 増加数=2
time=13:19:39.679 level=INFO msg=一定の売上が立ったためオーナーの椅子が増加します 名前="CraftChair Co., Ltd." 増加数=1
time=13:19:41.320 level=DEBUG source=/tmp/isucon14/bench/benchmarker/scenario/scenario.go:315 msg=時間経過 tick=1200
time=13:19:41.320 level=DEBUG source=/tmp/isucon14/bench/benchmarker/scenario/scenario.go:317 msg=eval reqs=363 score="[45 84 128 89 17]" criteria="[245 186 157 87]"
time=13:19:41.444 level=INFO msg=一定の売上が立ったためオーナーの椅子が増加します 名前="ReSit & Renew" 増加数=2
time=13:19:41.456 level=INFO msg=一定の売上が立ったためオーナーの椅子が増加します 名前="Vintage Vibe Seats" 増加数=1
time=13:19:41.482 level=INFO msg=一定の売上が立ったためオーナーの椅子が増加します 名前=EcoChairs 増加数=1
time=13:19:41.482 level=INFO msg=一定の売上が立ったためオーナーの椅子が増加します 名前=椅子のめぐりや 増加数=1
time=13:19:41.632 level=INFO msg=一定の売上が立ったためオーナーの椅子が増加します 名前="CraftChair Co., Ltd." 増加数=1
time=13:19:43.121 level=INFO msg=これまでに地域内の評判によって79人、既存ユーザーの招待経由で102人が新規登録しました
time=13:19:43.121 level=INFO msg=これまでに低評価なライドによって61人が利用をやめました
time=13:19:43.121 level=INFO msg=31.1%のライドは椅子がマッチされるまでの時間、48.2%のライドはマッチされた椅子が乗車地点までに掛かる時間、68.1%のライドは椅子の実移動時間に不満がありました
time=13:19:43.121 level=DEBUG source=/tmp/isucon14/bench/benchmarker/scenario/scenario.go:315 msg=時間経過 tick=1260
time=13:19:43.121 level=DEBUG source=/tmp/isucon14/bench/benchmarker/scenario/scenario.go:317 msg=eval reqs=386 score="[47 91 140 91 17]" criteria="[266 200 159 87]"
time=13:19:43.213 level=INFO msg=一定の売上が立ったためオーナーの椅子が増加します 名前="CraftChair Co., Ltd." 増加数=1
time=13:19:43.257 level=INFO msg=一定の売上が立ったためオーナーの椅子が増加します 名前="Vintage Vibe Seats" 増加数=1
time=13:19:43.257 level=INFO msg=一定の売上が立ったためオーナーの椅子が増加します 名前=椅子のめぐりや 増加数=1
time=13:19:43.302 level=INFO msg=一定の売上が立ったためオーナーの椅子が増加します 名前=EcoChairs 増加数=1
time=13:19:44.920 level=DEBUG source=/tmp/isucon14/bench/benchmarker/scenario/scenario.go:315 msg=時間経過 tick=1320
time=13:19:44.921 level=DEBUG source=/tmp/isucon14/bench/benchmarker/scenario/scenario.go:317 msg=eval reqs=404 score="[47 94 154 92 17]" criteria="[284 215 160 87]"
time=13:19:44.999 level=INFO msg=一定の売上が立ったためオーナーの椅子が増加します 名前="ReSit & Renew" 増加数=1
time=13:19:45.026 level=INFO msg=一定の売上が立ったためオーナーの椅子が増加します 名前=EcoChairs 増加数=1
time=13:19:45.068 level=INFO msg=一定の売上が立ったためオーナーの椅子が増加します 名前="CraftChair Co., Ltd." 増加数=2
time=13:19:45.069 level=INFO msg=一定の売上が立ったためオーナーの椅子が増加します 名前=椅子のめぐりや 増加数=1
time=13:19:46.721 level=DEBUG source=/tmp/isucon14/bench/benchmarker/scenario/scenario.go:315 msg=時間経過 tick=1380
time=13:19:46.721 level=DEBUG source=/tmp/isucon14/bench/benchmarker/scenario/scenario.go:317 msg=eval reqs=426 score="[47 99 170 93 17]" criteria="[306 232 161 87]"
time=13:19:46.809 level=INFO msg=一定の売上が立ったためオーナーの椅子が増加します 名前=椅子のめぐりや 増加数=1
time=13:19:46.818 level=INFO msg=一定の売上が立ったためオーナーの椅子が増加します 名前="CraftChair Co., Ltd." 増加数=1
time=13:19:46.827 level=INFO msg=一定の売上が立ったためオーナーの椅子が増加します 名前="ReSit & Renew" 増加数=1
time=13:19:46.830 level=INFO msg=一定の売上が立ったためオーナーの椅子が増加します 名前=EcoChairs 増加数=1
time=13:19:46.884 level=INFO msg=一定の売上が立ったためオーナーの椅子が増加します 名前="Vintage Vibe Seats" 増加数=2
time=13:19:48.520 level=INFO msg=これまでに地域内の評判によって91人、既存ユーザーの招待経由で107人が新規登録しました
time=13:19:48.520 level=INFO msg=これまでに低評価なライドによって68人が利用をやめました
time=13:19:48.521 level=INFO msg=26.8%のライドは椅子がマッチされるまでの時間、45.3%のライドはマッチされた椅子が乗車地点までに掛かる時間、72.3%のライドは椅子の実移動時間に不満がありました
time=13:19:48.520 level=DEBUG source=/tmp/isucon14/bench/benchmarker/scenario/scenario.go:315 msg=時間経過 tick=1440
time=13:19:48.520 level=DEBUG source=/tmp/isucon14/bench/benchmarker/scenario/scenario.go:317 msg=eval reqs=455 score="[49 109 183 97 17]" criteria="[333 249 161 91]"
time=13:19:48.636 level=INFO msg=一定の売上が立ったためオーナーの椅子が増加します 名前="Vintage Vibe Seats" 増加数=2
time=13:19:48.648 level=INFO msg=一定の売上が立ったためオーナーの椅子が増加します 名前="CraftChair Co., Ltd." 増加数=2
time=13:19:48.648 level=INFO msg=一定の売上が立ったためオーナーの椅子が増加します 名前=EcoChairs 増加数=1
time=13:19:48.678 level=INFO msg=一定の売上が立ったためオーナーの椅子が増加します 名前=椅子のめぐりや 増加数=2
time=13:19:50.322 level=DEBUG source=/tmp/isucon14/bench/benchmarker/scenario/scenario.go:315 msg=時間経過 tick=1500
time=13:19:50.322 level=DEBUG source=/tmp/isucon14/bench/benchmarker/scenario/scenario.go:317 msg=eval reqs=475 score="[49 116 194 99 17]" criteria="[353 262 163 91]"
time=13:19:50.448 level=INFO msg=一定の売上が立ったためオーナーの椅子が増加します 名前="ReSit & Renew" 増加数=2
time=13:19:50.524 level=INFO msg=一定の売上が立ったためオーナーの椅子が増加します 名前="CraftChair Co., Ltd." 増加数=1
time=13:19:50.577 level=INFO msg=一定の売上が立ったためオーナーの椅子が増加します 名前=EcoChairs 増加数=1
time=13:19:52.120 level=DEBUG source=/tmp/isucon14/bench/benchmarker/scenario/scenario.go:315 msg=時間経過 tick=1560
time=13:19:52.120 level=DEBUG source=/tmp/isucon14/bench/benchmarker/scenario/scenario.go:317 msg=eval reqs=500 score="[49 124 210 100 17]" criteria="[378 279 163 92]"
time=13:19:52.206 level=INFO msg=一定の売上が立ったためオーナーの椅子が増加します 名前="ReSit & Renew" 増加数=1
time=13:19:52.225 level=INFO msg=一定の売上が立ったためオーナーの椅子が増加します 名前="Vintage Vibe Seats" 増加数=2
time=13:19:52.227 level=INFO msg=一定の売上が立ったためオーナーの椅子が増加します 名前=EcoChairs 増加数=1
time=13:19:52.246 level=INFO msg=一定の売上が立ったためオーナーの椅子が増加します 名前="CraftChair Co., Ltd." 増加数=1
time=13:19:52.281 level=INFO msg=一定の売上が立ったためオーナーの椅子が増加します 名前=椅子のめぐりや 増加数=2
time=13:19:53.920 level=DEBUG source=/tmp/isucon14/bench/benchmarker/scenario/scenario.go:315 msg=時間経過 tick=1620
time=13:19:53.920 level=DEBUG source=/tmp/isucon14/bench/benchmarker/scenario/scenario.go:317 msg=eval reqs=528 score="[49 131 230 101 17]" criteria="[406 300 163 93]"
time=13:19:53.920 level=INFO msg=これまでに地域内の評判によって103人、既存ユーザーの招待経由で112人が新規登録しました
time=13:19:53.920 level=INFO msg=これまでに低評価なライドによって73人が利用をやめました
time=13:19:53.920 level=INFO msg=23.1%のライドは椅子がマッチされるまでの時間、43.2%のライドはマッチされた椅子が乗車地点までに掛かる時間、75.8%のライドは椅子の実移動時間に不満がありました
time=13:19:54.027 level=INFO msg=一定の売上が立ったためオーナーの椅子が増加します 名前="Vintage Vibe Seats" 増加数=1
time=13:19:54.029 level=INFO msg=一定の売上が立ったためオーナーの椅子が増加します 名前=EcoChairs 増加数=2
time=13:19:54.139 level=INFO msg=一定の売上が立ったためオーナーの椅子が増加します 名前="CraftChair Co., Ltd." 増加数=2
time=13:19:55.721 level=DEBUG source=/tmp/isucon14/bench/benchmarker/scenario/scenario.go:315 msg=時間経過 tick=1680
time=13:19:55.721 level=DEBUG source=/tmp/isucon14/bench/benchmarker/scenario/scenario.go:317 msg=eval reqs=553 score="[50 134 249 103 17]" criteria="[430 321 163 95]"
time=13:19:55.872 level=INFO msg=一定の売上が立ったためオーナーの椅子が増加します 名前="CraftChair Co., Ltd." 増加数=1
time=13:19:55.875 level=INFO msg=一定の売上が立ったためオーナーの椅子が増加します 名前="Vintage Vibe Seats" 増加数=1
time=13:19:55.943 level=INFO msg=一定の売上が立ったためオーナーの椅子が増加します 名前=椅子のめぐりや 増加数=1
time=13:19:55.955 level=INFO msg=一定の売上が立ったためオーナーの椅子が増加します 名前="ReSit & Renew" 増加数=1
time=13:19:56.024 level=INFO msg=一定の売上が立ったためオーナーの椅子が増加します 名前=EcoChairs 増加数=1
time=13:19:57.521 level=DEBUG source=/tmp/isucon14/bench/benchmarker/scenario/scenario.go:315 msg=時間経過 tick=1740
time=13:19:57.521 level=DEBUG source=/tmp/isucon14/bench/benchmarker/scenario/scenario.go:317 msg=eval reqs=577 score="[50 139 266 105 17]" criteria="[454 340 164 96]"
time=13:19:57.636 level=INFO msg=一定の売上が立ったためオーナーの椅子が増加します 名前=EcoChairs 増加数=1
time=13:19:57.657 level=INFO msg=一定の売上が立ったためオーナーの椅子が増加します 名前="ReSit & Renew" 増加数=1
time=13:19:57.763 level=INFO msg=一定の売上が立ったためオーナーの椅子が増加します 名前="CraftChair Co., Ltd." 増加数=2
time=13:19:57.797 level=INFO msg=一定の売上が立ったためオーナーの椅子が増加します 名前="Vintage Vibe Seats" 増加数=1
time=13:19:59.322 level=INFO msg=これまでに地域内の評判によって115人、既存ユーザーの招待経由で116人が新規登録しました
time=13:19:59.322 level=INFO msg=これまでに低評価なライドによって78人が利用をやめました
time=13:19:59.322 level=INFO msg=20.4%のライドは椅子がマッチされるまでの時間、40.3%のライドはマッチされた椅子が乗車地点までに掛かる時間、78.4%のライドは椅子の実移動時間に不満がありました
time=13:19:59.321 level=DEBUG source=/tmp/isucon14/bench/benchmarker/scenario/scenario.go:315 msg=時間経過 tick=1800
time=13:19:59.322 level=DEBUG source=/tmp/isucon14/bench/benchmarker/scenario/scenario.go:317 msg=eval reqs=603 score="[50 145 285 106 17]" criteria="[480 360 165 96]"
time=13:19:59.462 level=INFO msg=一定の売上が立ったためオーナーの椅子が増加します 名前="ReSit & Renew" 増加数=1
time=13:19:59.464 level=INFO msg=一定の売上が立ったためオーナーの椅子が増加します 名前="Vintage Vibe Seats" 増加数=1
time=13:19:59.472 level=INFO msg=一定の売上が立ったためオーナーの椅子が増加します 名前=EcoChairs 増加数=1
time=13:19:59.658 level=INFO msg=一定の売上が立ったためオーナーの椅子が増加します 名前=椅子のめぐりや 増加数=1
time=13:19:59.717 level=INFO msg=一定の売上が立ったためオーナーの椅子が増加します 名前="CraftChair Co., Ltd." 増加数=1
time=13:20:01.120 level=DEBUG source=/tmp/isucon14/bench/benchmarker/scenario/scenario.go:315 msg=時間経過 tick=1860
time=13:20:01.120 level=DEBUG source=/tmp/isucon14/bench/benchmarker/scenario/scenario.go:317 msg=eval reqs=631 score="[50 151 307 106 17]" criteria="[508 381 165 97]"
time=13:20:01.175 level=INFO msg=一定の売上が立ったためオーナーの椅子が増加します 名前=椅子のめぐりや 増加数=1
time=13:20:01.261 level=INFO msg=一定の売上が立ったためオーナーの椅子が増加します 名前=EcoChairs 増加数=1
time=13:20:01.269 level=INFO msg=一定の売上が立ったためオーナーの椅子が増加します 名前="Vintage Vibe Seats" 増加数=1
time=13:20:01.291 level=INFO msg=一定の売上が立ったためオーナーの椅子が増加します 名前="CraftChair Co., Ltd." 増加数=2
time=13:20:02.920 level=DEBUG source=/tmp/isucon14/bench/benchmarker/scenario/scenario.go:315 msg=時間経過 tick=1920
time=13:20:02.920 level=DEBUG source=/tmp/isucon14/bench/benchmarker/scenario/scenario.go:317 msg=eval reqs=654 score="[50 154 326 107 17]" criteria="[531 401 165 98]"
time=13:20:03.065 level=INFO msg=一定の売上が立ったためオーナーの椅子が増加します 名前=EcoChairs 増加数=1
time=13:20:03.084 level=INFO msg=一定の売上が立ったためオーナーの椅子が増加します 名前="CraftChair Co., Ltd." 増加数=1
time=13:20:03.090 level=INFO msg=一定の売上が立ったためオーナーの椅子が増加します 名前="ReSit & Renew" 増加数=1
time=13:20:03.265 level=INFO msg=一定の売上が立ったためオーナーの椅子が増加します 名前="Vintage Vibe Seats" 増加数=1
time=13:20:04.721 level=DEBUG source=/tmp/isucon14/bench/benchmarker/scenario/scenario.go:315 msg=時間経過 tick=1980
time=13:20:04.721 level=INFO msg=これまでに地域内の評判によって127人、既存ユーザーの招待経由で117人が新規登録しました
time=13:20:04.721 level=INFO msg=これまでに低評価なライドによって80人が利用をやめました
time=13:20:04.721 level=DEBUG source=/tmp/isucon14/bench/benchmarker/scenario/scenario.go:317 msg=eval reqs=679 score="[50 160 345 107 17]" criteria="[556 420 165 98]"
time=13:20:04.721 level=INFO msg=18.1%のライドは椅子がマッチされるまでの時間、38.1%のライドはマッチされた椅子が乗車地点までに掛かる時間、80.6%のライドは椅子の実移動時間に不満がありました
time=13:20:04.897 level=INFO msg=一定の売上が立ったためオーナーの椅子が増加します 名前=椅子のめぐりや 増加数=2
time=13:20:04.910 level=INFO msg=一定の売上が立ったためオーナーの椅子が増加します 名前=EcoChairs 増加数=1
time=13:20:04.954 level=INFO msg=一定の売上が立ったためオーナーの椅子が増加します 名前="ReSit & Renew" 増加数=1
time=13:20:04.965 level=INFO msg=一定の売上が立ったためオーナーの椅子が増加します 名前="Vintage Vibe Seats" 増加数=1
time=13:20:05.085 level=INFO msg=一定の売上が立ったためオーナーの椅子が増加します 名前="CraftChair Co., Ltd." 増加数=1
time=13:20:10.291 level=INFO msg=最終地域情報 名前=チェアタウン ユーザー登録数=150 アクティブユーザー数=104
time=13:20:10.291 level=INFO msg=最終地域情報 名前=コシカケシティ ユーザー登録数=108 アクティブユーザー数=74
time=13:20:10.291 level=INFO msg=最終オーナー情報 名前=椅子のめぐりや 売上=727800 椅子数=36
time=13:20:10.291 level=INFO msg=最終オーナー情報 名前="ReSit & Renew" 売上=621200 椅子数=33
time=13:20:10.291 level=INFO msg=最終オーナー情報 名前="Vintage Vibe Seats" 売上=870700 椅子数=42
time=13:20:10.291 level=INFO msg=最終オーナー情報 名前="CraftChair Co., Ltd." 売上=959100 椅子数=44
time=13:20:10.291 level=INFO msg=最終オーナー情報 名前=EcoChairs 売上=912500 椅子数=43
time=13:20:10.291 level=INFO msg=17.5%のライドは椅子がマッチされるまでの時間、37.1%のライドはマッチされた椅子が乗車地点までに掛かる時間、81.3%のライドは椅子の実移動時間に不満がありました
time=13:20:10.291 level=INFO msg=結果 pass=true スコア=50101 種別エラー数=map[17:2]
time=13:20:10.291 level=INFO msg=負荷走行が終了しました
