2026-09-27T04:19:04+00:00
COMMAND         %CPU   RSS
mysqld           1.2 801952
nginx            0.2 17224
nginx            0.2 17184
sh               0.0  1572
isuride          0.0  9044
kworker/u4:0-fl  0.0     0
rcu_preempt      0.0     0
jbd2/sda1-8      0.0     0
kworker/u4:1-fl  0.0     0
2026-09-27T04:19:06+00:00
COMMAND         %CPU   RSS
bench            9.0 50604
mysqld           1.2 829824
isuride          0.7 15032
nginx            0.2 17224
nginx            0.2 17184
sh               0.0  1572
kworker/u4:0-fl  0.0     0
rcu_preempt      0.0     0
jbd2/sda1-8      0.0     0
2026-09-27T04:19:08+00:00
COMMAND         %CPU   RSS
bench           13.9 66376
isuride          2.5 15664
mysqld           1.2 831216
nginx            0.2 17224
nginx            0.2 17184
kworker/u4:0-fl  0.0     0
sh               0.0  1572
rcu_preempt      0.0     0
jbd2/sda1-8      0.0     0
2026-09-27T04:19:10+00:00
COMMAND         %CPU   RSS
bench           18.2 97328
isuride          4.8 16372
mysqld           1.2 832900
nginx            0.2 17224
nginx            0.2 17184
kworker/u4:0-fl  0.0     0
rcu_preempt      0.0     0
sh               0.0  1572
jbd2/sda1-8      0.0     0
2026-09-27T04:19:12+00:00
COMMAND         %CPU   RSS
bench           20.0 122524
isuride          7.0 17736
mysqld           1.2 835792
nginx            0.2 17224
nginx            0.2 17184
kworker/u4:0-fl  0.0     0
rcu_preempt      0.0     0
sh               0.0  1572
jbd2/sda1-8      0.0     0
2026-09-27T04:19:14+00:00
COMMAND         %CPU   RSS
bench           21.9 148812
isuride          9.2 18132
mysqld           1.2 839372
nginx            0.2 17224
nginx            0.2 17184
kworker/u4:0-fl  0.0     0
rcu_preempt      0.0     0
sh               0.0  1572
jbd2/sda1-8      0.0     0
2026-09-27T04:19:16+00:00
COMMAND         %CPU   RSS
bench           23.1 184400
isuride         11.3 19744
mysqld           1.2 843412
nginx            0.2 17224
nginx            0.2 17184
kworker/u4:0-fl  0.0     0
rcu_preempt      0.0     0
jbd2/sda1-8      0.0     0
sh               0.0  1572
2026-09-27T04:19:18+00:00
COMMAND         %CPU   RSS
bench           23.9 199480
isuride         13.3 19728
mysqld           1.2 847428
nginx            0.2 17224
nginx            0.2 17184
kworker/u4:0-fl  0.0     0
rcu_preempt      0.0     0
jbd2/sda1-8      0.0     0
sh               0.0  1572
2026-09-27T04:19:20+00:00
COMMAND         %CPU   RSS
bench           24.6 206212
isuride         15.0 20620
mysqld           1.2 851416
nginx            0.2 17224
nginx            0.2 17184
kworker/u4:0-fl  0.0     0
rcu_preempt      0.0     0
jbd2/sda1-8      0.0     0
sh               0.0  1572
2026-09-27T04:19:22+00:00
COMMAND         %CPU   RSS
bench           25.4 215076
isuride         16.5 21632
mysqld           1.2 854812
nginx            0.2 17224
nginx            0.2 17184
kworker/u4:0-fl  0.0     0
rcu_preempt      0.0     0
jbd2/sda1-8      0.0     0
sh               0.0  1572
2026-09-27T04:19:24+00:00
COMMAND         %CPU   RSS
bench           25.9 224388
isuride         17.9 22380
mysqld           1.2 858284
nginx            0.2 17224
nginx            0.2 17184
kworker/u4:0-fl  0.0     0
rcu_preempt      0.0     0
jbd2/sda1-8      0.0     0
sh               0.0  1572
2026-09-27T04:19:26+00:00
COMMAND         %CPU   RSS
bench           26.1 235828
isuride         19.2 23512
mysqld           1.2 863664
nginx            0.2 17224
nginx            0.2 17184
kworker/u4:0-fl  0.0     0
rcu_preempt      0.0     0
jbd2/sda1-8      0.0     0
sh               0.0  1572
2026-09-27T04:19:28+00:00
COMMAND         %CPU   RSS
bench           26.3 245588
isuride         20.3 23284
mysqld           1.3 865768
nginx            0.2 17224
nginx            0.2 17184
kworker/u4:0-fl  0.0     0
rcu_preempt      0.0     0
jbd2/sda1-8      0.0     0
kworker/u4:1-ev  0.0     0
2026-09-27T04:19:30+00:00
COMMAND         %CPU   RSS
bench           26.5 255404
isuride         21.3 24536
mysqld           1.3 867172
nginx            0.2 17224
nginx            0.2 17184
kworker/u4:0-fl  0.0     0
rcu_preempt      0.0     0
jbd2/sda1-8      0.0     0
kworker/u4:1-ev  0.0     0
2026-09-27T04:19:32+00:00
COMMAND         %CPU   RSS
bench           26.7 260688
isuride         22.2 23660
mysqld           1.3 869120
nginx            0.2 17224
nginx            0.2 17184
kworker/u4:0-fl  0.0     0
rcu_preempt      0.0     0
jbd2/sda1-8      0.0     0
kworker/u4:1-ev  0.0     0
2026-09-27T04:19:34+00:00
COMMAND         %CPU   RSS
bench           27.0 277740
isuride         23.0 26828
curl             7.6 12308
mysqld           1.3 871768
nginx            0.2 17224
nginx            0.2 17184
kworker/u4:0-fl  0.0     0
rcu_preempt      0.0     0
jbd2/sda1-8      0.0     0
2026-09-27T04:19:36+00:00
COMMAND         %CPU   RSS
bench           27.3 296128
isuride         23.8 27824
curl             5.8 12296
mysqld           1.3 874032
nginx            0.2 17224
nginx            0.2 17184
kworker/u4:0-fl  0.0     0
rcu_preempt      0.0     0
jbd2/sda1-8      0.0     0
2026-09-27T04:19:38+00:00
COMMAND         %CPU   RSS
bench           27.4 313756
isuride         24.5 27928
curl             9.0 12308
mysqld           1.3 875552
nginx            0.2 17224
nginx            0.2 17184
kworker/u4:0-fl  0.0     0
rcu_preempt      0.0     0
jbd2/sda1-8      0.0     0
2026-09-27T04:19:40+00:00
COMMAND         %CPU   RSS
bench           27.6 317308
isuride         25.1 30052
mysqld           1.3 875792
nginx            0.2 17224
nginx            0.2 17184
kworker/u4:0-fl  0.0     0
rcu_preempt      0.0     0
jbd2/sda1-8      0.0     0
kworker/u4:2-ev  0.0     0
2026-09-27T04:19:42+00:00
COMMAND         %CPU   RSS
bench           27.7 336204
isuride         25.7 31164
mysqld           1.3 879408
nginx            0.2 17224
nginx            0.2 17184
kworker/u4:0-fl  0.0     0
rcu_preempt      0.0     0
jbd2/sda1-8      0.0     0
kworker/u4:2-ev  0.0     0
2026-09-27T04:19:44+00:00
COMMAND         %CPU   RSS
bench           27.8 353532
isuride         26.3 31680
mysqld           1.3 880916
nginx            0.2 17224
nginx            0.2 17184
kworker/u4:0-fl  0.0     0
rcu_preempt      0.0     0
jbd2/sda1-8      0.0     0
kworker/u4:2-ev  0.0     0
2026-09-27T04:19:46+00:00
COMMAND         %CPU   RSS
bench           27.8 353996
isuride         26.8 31672
mysqld           1.3 882900
nginx            0.2 17224
nginx            0.2 17184
kworker/u4:0-fl  0.0     0
rcu_preempt      0.0     0
jbd2/sda1-8      0.0     0
kworker/u4:2-ev  0.0     0
2026-09-27T04:19:48+00:00
COMMAND         %CPU   RSS
bench           27.9 371120
isuride         27.3 33312
mysqld           1.3 883940
nginx            0.2 17224
nginx            0.2 17184
kworker/u4:0-fl  0.0     0
rcu_preempt      0.0     0
jbd2/sda1-8      0.0     0
kworker/u4:2-ev  0.0     0
2026-09-27T04:19:50+00:00
COMMAND         %CPU   RSS
bench           27.9 374088
isuride         27.8 32592
curl            16.6 12292
mysqld           1.3 883968
nginx            0.2 17224
nginx            0.2 17184
kworker/u4:0-fl  0.0     0
rcu_preempt      0.0     0
jbd2/sda1-8      0.0     0
2026-09-27T04:19:52+00:00
COMMAND         %CPU   RSS
isuride         28.3 33816
bench           28.0 394976
mysqld           1.3 884500
nginx            0.2 17224
nginx            0.2 17184
kworker/u4:0-fl  0.0     0
rcu_preempt      0.0     0
jbd2/sda1-8      0.0     0
kworker/u4:2-ev  0.0     0
2026-09-27T04:19:54+00:00
COMMAND         %CPU   RSS
isuride         28.7 33432
bench           28.0 396440
curl             2.8 12308
mysqld           1.3 886972
nginx            0.2 17224
nginx            0.2 17184
kworker/u4:0-fl  0.0     0
rcu_preempt      0.0     0
jbd2/sda1-8      0.0     0
2026-09-27T04:19:56+00:00
COMMAND         %CPU   RSS
isuride         29.1 34544
bench           28.0 411816
mysqld           1.3 887208
nginx            0.2 17224
nginx            0.2 17184
kworker/u4:0-fl  0.0     0
rcu_preempt      0.0     0
jbd2/sda1-8      0.0     0
kworker/u4:2-ev  0.0     0
2026-09-27T04:19:58+00:00
COMMAND         %CPU   RSS
isuride         29.5 37396
bench           28.0 413424
mysqld           1.3 887292
nginx            0.2 17224
nginx            0.2 17184
rcu_preempt      0.0     0
kworker/u4:0-fl  0.0     0
jbd2/sda1-8      0.0     0
kworker/u4:2-ev  0.0     0
2026-09-27T04:20:00+00:00
COMMAND         %CPU   RSS
isuride         29.8 36392
bench           28.0 428552
mysqld           1.3 888472
nginx            0.2 17224
nginx            0.2 17184
rcu_preempt      0.0     0
kworker/u4:0-fl  0.0     0
jbd2/sda1-8      0.0     0
kworker/u4:2-ev  0.0     0
2026-09-27T04:20:02+00:00
COMMAND         %CPU   RSS
isuride         30.1 38696
bench           28.0 429640
curl             6.6 12308
mysqld           1.3 889380
nginx            0.2 17224
nginx            0.2 17184
rcu_preempt      0.0     0
kworker/u4:0-fl  0.0     0
jbd2/sda1-8      0.0     0
2026-09-27T04:20:04+00:00
COMMAND         %CPU   RSS
isuride         30.4 34196
bench           28.0 446424
mysqld           1.3 889380
nginx            0.2 17224
nginx            0.2 17184
rcu_preempt      0.0     0
kworker/u4:0-fl  0.0     0
jbd2/sda1-8      0.0     0
kworker/u4:2-ev  0.0     0
2026-09-27T04:20:06+00:00
COMMAND         %CPU   RSS
isuride         30.9 32420
bench           28.0 446872
mysqld           1.3 889380
nginx            0.2 17224
nginx            0.2 17184
rcu_preempt      0.0     0
kworker/u4:0-fl  0.0     0
jbd2/sda1-8      0.0     0
kworker/u4:2-ev  0.0     0
2026-09-27T04:20:08+00:00
COMMAND         %CPU   RSS
isuride         31.3 30944
bench           27.9 469320
mysqld           1.3 889380
nginx            0.2 17224
nginx            0.2 17184
rcu_preempt      0.0     0
kworker/u4:0-fl  0.0     0
jbd2/sda1-8      0.0     0
kworker/u4:2-ev  0.0     0
