procs -----------memory---------- ---swap-- -----io---- -system-- -------cpu------- -----timestamp-----
 r  b   swpd   free   buff  cache   si   so    bi    bo   in   cs us sy id wa st gu                 UTC
 3  0      0 959020  91652 1955952    0    0    22   355  608    8  3  1 95  0  0  0 2026-09-27 04:19:04
 3  0      0 914672  91652 1946720    0    0     0 63012 15786 31964 28 13 40 19  0  0 2026-09-27 04:19:05
 0  1      0 913944  91652 1947176    0    0     0  8796 15919 46483 19 12 67  2  0  0 2026-09-27 04:19:06
 0  0      0 913720  91652 1948632    0    0     0 10836 25488 73576 23 16 57  3  0  0 2026-09-27 04:19:07
 6  0      0 908176  91652 1949264    0    0     0 14548 30598 101030 37 25 34  3  0  0 2026-09-27 04:19:08
 0  0      0 888856  91652 1950300    0    0     0 17160 27688 103291 42 31 23  4  0  0 2026-09-27 04:19:09
 8  0      0 872000  91652 1951136    0    0     0 15944 26881 105099 43 31 23  3  0  0 2026-09-27 04:19:10
 8  0      0 859116  91652 1951960    0    0     0 17096 26831 111561 47 31 19  3  0  0 2026-09-27 04:19:11
11  1      0 837192  91652 1953896    0    0     0 19332 24646 109613 49 33 17  2  0  0 2026-09-27 04:19:12
 8  0      0 814336  91652 1955108    0    0     0 15624 24499 112883 57 32  9  2  0  0 2026-09-27 04:19:13
 6  1      0 802272  91652 1955900    0    0     0 14596 23863 111908 55 34 10  2  0  0 2026-09-27 04:19:14
10  0      0 781676  91652 1958040    0    0     0 19488 21835 105219 59 36  4  1  0  0 2026-09-27 04:19:15
20  1      0 760344  91652 1958908    0    0     0 13260 23115 114685 59 33  7  1  0  0 2026-09-27 04:19:16
41  0      0 752324  91652 1960948    0    0     0 15240 22681 113366 60 35  4  1  0  0 2026-09-27 04:19:17
 7  1      0 736528  91652 1961996    0    0     0 15216 22201 109873 61 35  4  1  0  0 2026-09-27 04:19:18
 6  0      0 728784  91652 1962884    0    0     0 16896 22993 110709 59 37  4  1  0  0 2026-09-27 04:19:19
26  0      0 723908  91652 1963724    0    0     0 15700 19596 111130 62 36  2  0  0  0 2026-09-27 04:19:20
52  0      0 716164  91652 1964756    0    0     0 14476 19059 103117 63 34  3  1  0  0 2026-09-27 04:19:21
23  0      0 707888  91652 1965388    0    0     0 20664 15110 80164 61 38  1  1  0  0 2026-09-27 04:19:22
13  0      0 701628  91652 1966348    0    0     0 14056 18115 100630 63 35  2  0  0  0 2026-09-27 04:19:23
11  0      0 692108  91652 1967124    0    0     0 16848 20235 97512 61 37  2  1  0  0 2026-09-27 04:19:24
procs -----------memory---------- ---swap-- -----io---- -system-- -------cpu------- -----timestamp-----
 r  b   swpd   free   buff  cache   si   so    bi    bo   in   cs us sy id wa st gu                 UTC
17  1      0 687220  91652 1969244    0    0     0 20576 15851 102555 62 37  1  0  0  0 2026-09-27 04:19:25
24  1      0 666556  91656 1970264    0    0     0 16716 21025 98171 63 35  2  1  0  0 2026-09-27 04:19:26
25  0      0 664104  91656 1971124    0    0     0 20200 19785 94686 60 38  1  1  0  0 2026-09-27 04:19:27
 8  2      0 658688  91656 1972092    0    0     0 20304 21526 99096 64 34  2  0  0  0 2026-09-27 04:19:28
 9  1      0 653332  91656 1972952    0    0     0 19276 18350 104671 61 37  1  0  0  0 2026-09-27 04:19:29
31  1      0 644036  91656 1974012    0    0     0 21172 18952 108454 63 36  1  0  0  0 2026-09-27 04:19:30
24  0      0 641472  91656 1974872    0    0     0 19464 20647 102156 63 35  2  1  0  0 2026-09-27 04:19:31
13  1      0 634648  91656 1975884    0    0     0 20924 20427 106392 61 38  1  0  0  0 2026-09-27 04:19:32
11  1      0 614556  91656 1978104    0    0     0 21232 19428 95743 63 37  1  0  0  0 2026-09-27 04:19:33
27  1      0 609372  91656 1979000    0    0     0 19492 21935 95545 61 39  1  0  0  0 2026-09-27 04:19:34
19  1      0 584284  91656 1981164    0    0     0 20328 19313 99437 61 38  0  1  0  0 2026-09-27 04:19:35
11  1      0 576156  91656 1981016    0    0     0 18080 16618 89693 62 37  1  0  0  0 2026-09-27 04:19:36
33  1      0 566276  91656 1982048    0    0     0 29948 19901 104590 62 37  1  0  0  0 2026-09-27 04:19:37
20  1      0 557304  91656 1982936    0    0     0 18328 19056 95865 63 36  1  1  0  0 2026-09-27 04:19:38
 6  1      0 558312  91656 1985048    0    0     0 19820 18992 98726 64 36  0  0  0  0 2026-09-27 04:19:39
17  0      0 555108  91656 1986172    0    0     0 19788 19111 101479 61 38  1  0  0  0 2026-09-27 04:19:40
24  1      0 527188  91656 1987080    0    0     0 19144 21289 94703 63 37  0  0  0  0 2026-09-27 04:19:41
21  0      0 524276  91656 1988040    0    0     0 21476 19724 101576 64 35  1  0  0  0 2026-09-27 04:19:42
15  1      0 514280  91656 1988968    0    0     0 16048 19389 107953 63 36  0  0  0  0 2026-09-27 04:19:43
 5  1      0 497900  91656 1990404    0    0     0 17340 17777 100304 62 37  1  1  0  0 2026-09-27 04:19:44
19  0      0 501432  91656 1990684    0    0     0 16292 18690 112586 63 37  1  0  0  0 2026-09-27 04:19:45
procs -----------memory---------- ---swap-- -----io---- -system-- -------cpu------- -----timestamp-----
 r  b   swpd   free   buff  cache   si   so    bi    bo   in   cs us sy id wa st gu                 UTC
38  0      0 486068  91656 1991720    0    0     0 16136 19153 99034 63 36  1  0  0  0 2026-09-27 04:19:46
26  0      0 493832  91656 1992508    0    0     0 18412 18010 103035 63 37  1  0  0  0 2026-09-27 04:19:47
 9  0      0 466884  91656 1993424    0    0     0 17120 17641 95796 66 34  1  0  0  0 2026-09-27 04:19:48
 6  0      0 466184  91656 1994392    0    0     0 19728 17356 106292 63 36  1  1  0  0 2026-09-27 04:19:49
58  0      0 469516  91656 1995224    0    0     0 18028 18904 98540 66 34  1  0  0  0 2026-09-27 04:19:50
 6  1      0 449424  91656 1996180    0    0     0 17396 18403 98873 65 35  1  0  0  0 2026-09-27 04:19:51
 7  1      0 448220  91656 1997176    0    0     0 18468 18918 96559 65 35  1  0  0  0 2026-09-27 04:19:52
49  0      0 442512  91656 1999368    0    0     0 26972 16514 103351 63 37  1  0  0  0 2026-09-27 04:19:53
25  0      0 440140  91656 2000120    0    0     0 17412 16154 88261 66 34  0  1  0  0 2026-09-27 04:19:54
18  0      0 420252  91656 2001032    0    0     0 18416 19159 95150 65 34  1  0  0  0 2026-09-27 04:19:55
53  0      0 424124  91656 2001864    0    0     0 19304 19018 96616 63 37  1  0  0  0 2026-09-27 04:19:56
23  0      0 422616  91656 2003748    0    0     0 20072 17179 99530 65 35  1  0  0  0 2026-09-27 04:19:57
10  1      0 417656  91656 2004800    0    0     0 21852 16395 108011 63 36  1  0  0  0 2026-09-27 04:19:58
56  1      0 403572  91656 2005548    0    0     0 18244 18731 95914 64 36  1  0  0  0 2026-09-27 04:19:59
14  1      0 399344  91656 2006540    0    0     0 18152 18214 98565 64 35  1  1  0  0 2026-09-27 04:20:00
55  1      0 394660  91656 2007476    0    0     0 18788 19096 92985 63 36  1  0  0  0 2026-09-27 04:20:01
 7  0      0 385636  91656 2009140    0    0     0 18888 18109 97135 63 36  1  0  0  0 2026-09-27 04:20:02
15  0      0 376312  91656 2009228    0    0     0 18456 17281 105556 61 38  1  0  0  0 2026-09-27 04:20:03
15  1      0 370544  91656 2011108    0    0     0 18016 16374 95279 67 33  1  0  0  0 2026-09-27 04:20:04
63  0      0 363536  91656 2010896    0    0     0 18540 16600 98008 64 36  1  1  0  0 2026-09-27 04:20:05
23  0      0 361576  91656 2011692    0    0     0  9776 18836 110099 65 34  2  0  0  0 2026-09-27 04:20:06
procs -----------memory---------- ---swap-- -----io---- -system-- -------cpu------- -----timestamp-----
 r  b   swpd   free   buff  cache   si   so    bi    bo   in   cs us sy id wa st gu                 UTC
42  0      0 359308  91656 2012296    0    0     0  3080 16885 126031 68 30  2  0  0  0 2026-09-27 04:20:07
 9  0      0 338140  91656 2013028    0    0     0  8740 17500 118699 67 30  3  0  0  0 2026-09-27 04:20:08
26  0      0 337160  91656 2013784    0    0     0  1580 18281 117638 68 29  3  0  0  0 2026-09-27 04:20:09
10  0      0 335020  91656 2014408    0    0     0  1748 18078 118302 68 30  3  0  0  0 2026-09-27 04:20:10
