2026-09-26T09:52:15+00:00
COMMAND         %CPU   RSS
mysqld          47.5 899188
nginx            1.6  9712
nginx            1.6  9696
systemd-journal  1.2 212656
rsyslogd         0.6  5532
jbd2/sda1-8      0.6     0
rcu_preempt      0.2     0
kworker/1:1H-kb  0.2     0
kworker/0:1H-kb  0.2     0
2026-09-26T09:52:17+00:00
COMMAND         %CPU   RSS
mysqld          47.5 900496
bench           11.5 42964
nginx            1.6  9712
nginx            1.6  9696
systemd-journal  1.2 213232
rsyslogd         0.6  5532
jbd2/sda1-8      0.6     0
isuride          0.5 14316
rcu_preempt      0.2     0
2026-09-26T09:52:19+00:00
COMMAND         %CPU   RSS
mysqld          47.5 900728
bench           11.7 51360
isuride          2.2 15284
nginx            1.6  9712
nginx            1.6  9696
systemd-journal  1.2 216296
rsyslogd         0.6  5532
jbd2/sda1-8      0.6     0
rcu_preempt      0.2     0
2026-09-26T09:52:21+00:00
COMMAND         %CPU   RSS
mysqld          47.6 901024
bench           13.1 53644
isuride          4.1 15352
nginx            1.6  9712
nginx            1.6  9696
systemd-journal  1.2 217884
rsyslogd         0.6  5532
jbd2/sda1-8      0.6     0
rcu_preempt      0.2     0
2026-09-26T09:52:23+00:00
COMMAND         %CPU   RSS
mysqld          47.6 901460
bench           14.5 53944
isuride          6.0 16148
nginx            1.7  9712
nginx            1.6  9696
systemd-journal  1.2 218720
rsyslogd         0.6  5532
jbd2/sda1-8      0.6     0
rcu_preempt      0.2     0
2026-09-26T09:52:25+00:00
COMMAND         %CPU   RSS
mysqld          47.6 901928
bench           15.7 56932
isuride          7.4 16400
nginx            1.7  9712
nginx            1.6  9696
systemd-journal  1.2 219212
jbd2/sda1-8      0.6     0
rsyslogd         0.6  5532
rcu_preempt      0.2     0
2026-09-26T09:52:27+00:00
COMMAND         %CPU   RSS
mysqld          47.7 903592
bench           15.9 59180
isuride          8.7 16192
nginx            1.7  9712
nginx            1.6  9696
systemd-journal  1.2 220000
jbd2/sda1-8      0.6     0
rsyslogd         0.6  5532
rcu_preempt      0.2     0
2026-09-26T09:52:29+00:00
COMMAND         %CPU   RSS
mysqld          47.7 904400
bench           16.3 61904
isuride          9.9 16652
nginx            1.7  9712
nginx            1.6  9696
systemd-journal  1.2 220624
jbd2/sda1-8      0.6     0
rsyslogd         0.6  5532
rcu_preempt      0.2     0
2026-09-26T09:52:31+00:00
COMMAND         %CPU   RSS
mysqld          47.8 904916
bench           17.2 62728
isuride         11.1 16796
curl             5.5 12316
nginx            1.7  9712
nginx            1.6  9696
systemd-journal  1.2 220976
jbd2/sda1-8      0.6     0
rsyslogd         0.6  5532
2026-09-26T09:52:33+00:00
COMMAND         %CPU   RSS
mysqld          47.8 904920
curl            18.7 11856
bench           18.0 62928
isuride         11.5 16760
nginx            1.7  9712
nginx            1.6  9696
systemd-journal  1.2 221240
jbd2/sda1-8      0.6     0
rsyslogd         0.6  5532
2026-09-26T09:52:35+00:00
COMMAND         %CPU   RSS
mysqld          47.8 907424
bench           18.0 66240
curl            14.2 12312
isuride         12.4 16940
nginx            1.7  9712
nginx            1.6  9696
systemd-journal  1.2 223844
jbd2/sda1-8      0.6     0
rsyslogd         0.6  5532
2026-09-26T09:52:37+00:00
COMMAND         %CPU   RSS
mysqld          47.9 909516
bench           17.5 69468
isuride         13.0 16696
nginx            1.7  9712
nginx            1.6  9696
systemd-journal  1.2 226428
jbd2/sda1-8      0.6     0
rsyslogd         0.6  5532
vmstat           0.4  2864
2026-09-26T09:52:39+00:00
COMMAND         %CPU   RSS
mysqld          47.9 911908
bench           17.2 71756
isuride         13.6 16712
nginx            1.7  9712
nginx            1.6  9696
systemd-journal  1.2 227920
jbd2/sda1-8      0.6     0
rsyslogd         0.6  5532
vmstat           0.4  2864
2026-09-26T09:52:41+00:00
COMMAND         %CPU   RSS
mysqld          48.0 914032
bench           16.9 76164
curl            16.6 12316
isuride         14.1 16988
nginx            1.7  9712
nginx            1.6  9696
systemd-journal  1.2 229012
jbd2/sda1-8      0.6     0
rsyslogd         0.6  5532
2026-09-26T09:52:43+00:00
COMMAND         %CPU   RSS
mysqld          48.0 916952
bench           16.6 81392
isuride         14.6 17240
nginx            1.7  9712
nginx            1.7  9696
systemd-journal  1.2 230080
jbd2/sda1-8      0.6     0
rsyslogd         0.6  5532
vmstat           0.3  2864
2026-09-26T09:52:45+00:00
COMMAND         %CPU   RSS
mysqld          48.1 920352
bench           16.5 87820
isuride         15.1 17540
nginx            1.7  9712
nginx            1.7  9696
systemd-journal  1.2 233792
jbd2/sda1-8      0.6     0
rsyslogd         0.6  5532
vmstat           0.3  2864
2026-09-26T09:52:47+00:00
COMMAND         %CPU   RSS
mysqld          48.1 923856
bench           16.3 92028
isuride         15.6 18228
curl            11.1 12316
nginx            1.7  9712
nginx            1.7  9696
systemd-journal  1.2 237920
jbd2/sda1-8      0.6     0
rsyslogd         0.6  5532
2026-09-26T09:52:49+00:00
COMMAND         %CPU   RSS
mysqld          48.2 926600
bench           16.2 95488
isuride         16.0 19272
curl            10.0 12316
nginx            1.7  9712
nginx            1.7  9696
systemd-journal  1.2 239416
jbd2/sda1-8      0.6     0
rsyslogd         0.6  5532
2026-09-26T09:52:51+00:00
COMMAND         %CPU   RSS
mysqld          48.2 928364
isuride         16.3 17664
bench           16.0 100512
nginx            1.7  9712
nginx            1.7  9696
systemd-journal  1.2 241856
jbd2/sda1-8      0.7     0
rsyslogd         0.6  5532
vmstat           0.2  2864
2026-09-26T09:52:53+00:00
COMMAND         %CPU   RSS
mysqld          48.3 932288
isuride         16.7 18568
bench           15.7 102384
nginx            1.7  9712
nginx            1.7  9696
systemd-journal  1.2 244744
jbd2/sda1-8      0.7     0
rsyslogd         0.6  5532
rcu_preempt      0.2     0
2026-09-26T09:52:55+00:00
COMMAND         %CPU   RSS
mysqld          48.4 934824
isuride         17.0 18520
bench           15.6 105188
nginx            1.7  9712
nginx            1.7  9696
systemd-journal  1.2 245856
jbd2/sda1-8      0.7     0
rsyslogd         0.6  5532
rcu_preempt      0.2     0
2026-09-26T09:52:57+00:00
COMMAND         %CPU   RSS
mysqld          48.4 934012
isuride         17.4 18016
bench           15.5 111204
nginx            1.7  9712
nginx            1.7  9696
systemd-journal  1.3 246992
jbd2/sda1-8      0.7     0
rsyslogd         0.6  5532
rcu_preempt      0.2     0
2026-09-26T09:52:59+00:00
COMMAND         %CPU   RSS
mysqld          48.5 934736
isuride         17.6 18584
curl            16.6 12316
bench           15.4 111864
nginx            1.7  9712
nginx            1.7  9696
systemd-journal  1.3 248180
jbd2/sda1-8      0.7     0
rsyslogd         0.6  5532
2026-09-26T09:53:01+00:00
COMMAND         %CPU   RSS
mysqld          48.5 934452
isuride         17.9 18932
bench           15.3 115224
nginx            1.7  9712
nginx            1.7  9696
systemd-journal  1.3 252120
jbd2/sda1-8      0.7     0
rsyslogd         0.6  5532
rcu_preempt      0.2     0
2026-09-26T09:53:03+00:00
COMMAND         %CPU   RSS
mysqld          48.6 936828
isuride         18.2 19256
bench           15.2 121732
nginx            1.7  9712
nginx            1.7  9696
systemd-journal  1.3 254236
jbd2/sda1-8      0.7     0
rsyslogd         0.6  5532
rcu_preempt      0.2     0
2026-09-26T09:53:05+00:00
COMMAND         %CPU   RSS
mysqld          48.6 935152
isuride         18.5 19072
bench           15.1 121796
nginx            1.7  9712
nginx            1.7  9696
systemd-journal  1.3 255636
jbd2/sda1-8      0.7     0
rsyslogd         0.6  5532
rcu_preempt      0.2     0
2026-09-26T09:53:07+00:00
COMMAND         %CPU   RSS
mysqld          48.7 934684
isuride         18.7 19332
bench           15.0 124352
nginx            1.7  9712
nginx            1.7  9696
systemd-journal  1.3 256872
jbd2/sda1-8      0.7     0
rsyslogd         0.6  5532
rcu_preempt      0.2     0
2026-09-26T09:53:09+00:00
COMMAND         %CPU   RSS
mysqld          48.7 931860
isuride         18.9 20168
bench           15.0 129460
nginx            1.7  9712
nginx            1.7  9696
systemd-journal  1.3 257752
jbd2/sda1-8      0.7     0
rsyslogd         0.6  5532
rcu_preempt      0.2     0
2026-09-26T09:53:11+00:00
COMMAND         %CPU   RSS
mysqld          48.8 936192
isuride         19.1 20408
bench           15.0 131168
curl             7.1 11840
nginx            1.7  9712
nginx            1.7  9696
systemd-journal  1.3 261372
jbd2/sda1-8      0.7     0
rsyslogd         0.6  5532
2026-09-26T09:53:13+00:00
COMMAND         %CPU   RSS
ps               100  3760
mysqld          48.9 937148
isuride         19.3 20876
bench           14.9 131192
curl             5.2 12316
nginx            1.7  9712
nginx            1.7  9696
systemd-journal  1.3 263208
jbd2/sda1-8      0.7     0
2026-09-26T09:53:15+00:00
COMMAND         %CPU   RSS
mysqld          48.9 938696
isuride         19.5 20572
bench           14.9 136896
nginx            1.7  9712
nginx            1.7  9696
systemd-journal  1.3 263952
jbd2/sda1-8      0.7     0
rsyslogd         0.7  5532
rcu_preempt      0.2     0
2026-09-26T09:53:17+00:00
COMMAND         %CPU   RSS
mysqld          49.0 923972
isuride         19.7 19960
bench           14.8 136916
nginx            1.7  9712
nginx            1.7  9696
systemd-journal  1.3 264992
jbd2/sda1-8      0.7     0
rsyslogd         0.7  5532
rcu_preempt      0.2     0
2026-09-26T09:53:19+00:00
COMMAND         %CPU   RSS
mysqld          49.0 923420
isuride         20.0 18268
bench           14.8 145492
nginx            1.7  9712
nginx            1.7  9696
systemd-journal  1.3 266180
jbd2/sda1-8      0.7     0
rsyslogd         0.7  5532
rcu_preempt      0.2     0
2026-09-26T09:53:21+00:00
COMMAND         %CPU   RSS
mysqld          49.1 921408
isuride         20.3 18352
bench           14.8 145876
nginx            1.7  9712
nginx            1.7  9696
systemd-journal  1.3 270176
jbd2/sda1-8      0.7     0
rsyslogd         0.7  5532
rcu_preempt      0.2     0
