procs -----------memory---------- ---swap-- -----io---- -system-- -------cpu------- -----timestamp-----
 r  b   swpd   free   buff  cache   si   so    bi    bo   in   cs us sy id wa st gu                 UTC
 5  0      0 987108  89120 1857684    0    0   216  6240 6780  121 27 11 62  0  0  0 2026-09-26 09:52:15
 4  1      0 965420  89120 1846576    0    0    16 32400 8944 16304 26 13 41 20  0  0 2026-09-26 09:52:16
10  0      0 955464  89120 1856984    0    0     0 22168 11149 25383 31 15 38 17  0  0 2026-09-26 09:52:17
 0  0      0 944632  89120 1857644    0    0     0  3232 12306 38762 68 13 19  1  0  0 2026-09-26 09:52:18
 4  0      0 943376  89120 1858288    0    0     0  6220 16713 50042 49 24 25  2  0  0 2026-09-26 09:52:19
 7  0      0 943376  89120 1858888    0    0     0  9452 13875 44961 55 27 17  1  0  0 2026-09-26 09:52:20
 9  0      0 942144  89120 1859484    0    0     0  9344 14883 48674 61 28 10  2  0  0 2026-09-26 09:52:21
11  0      0 946712  89120 1860060    0    0     0  8144 12126 37339 61 30  6  3  0  0 2026-09-26 09:52:22
 8  0      0 943716  89120 1860632    0    0     0  9864 13099 39085 61 35  3  1  0  0 2026-09-26 09:52:23
22  0      0 941472  89120 1861144    0    0     0  9696 12107 35904 61 33  4  2  0  0 2026-09-26 09:52:24
11  1      0 939960  89120 1861540    0    0     0  6528 8584 24765 63 35  2  1  0  0 2026-09-26 09:52:25
 5  1      0 939736  89120 1862060    0    0     0 10440 13544 42950 64 32  3  1  0  0 2026-09-26 09:52:26
13  0      0 944328  89120 1862788    0    0     0 26740 13789 47161 63 31  5  2  0  0 2026-09-26 09:52:27
39  0      0 943800  89120 1863492    0    0     0 13652 14748 50877 66 30  3  1  0  0 2026-09-26 09:52:28
 6  1      0 938020  89120 1864088    0    0     0 10288 11548 36649 68 30  2  1  0  0 2026-09-26 09:52:29
14  1      0 936760  89120 1864336    0    0     0  1424 5125 15219 58 32  6  5  0  0 2026-09-26 09:52:30
12  1      0 934744  89120 1864676    0    0     0  1108 8414 24890 62 22  4 12  0  0 2026-09-26 09:52:31
34  0      0 934492  89120 1864980    0    0     0   796 3946 12785 47 26  3 24  0  0 2026-09-26 09:52:32
18  1      0 934568  89120 1865492    0    0     0  5376 11196 32159 62 33  2  3  0  0 2026-09-26 09:52:33
29  0      0 931544  89120 1865948    0    0     0  5964 10556 32345 64 32  2  3  0  0 2026-09-26 09:52:34
 9  0      0 925792  89120 1866860    0    0     0 14780 16203 60785 59 30  8  3  0  0 2026-09-26 09:52:35
procs -----------memory---------- ---swap-- -----io---- -system-- -------cpu------- -----timestamp-----
 r  b   swpd   free   buff  cache   si   so    bi    bo   in   cs us sy id wa st gu                 UTC
16  0      0 921004  89120 1867836    0    0     0 16744 18960 69324 61 26  9  4  0  0 2026-09-26 09:52:36
 1  0      0 917984  89120 1868784    0    0     0 14424 17699 61712 58 26 12  4  0  0 2026-09-26 09:52:37
12  0      0 910952  89120 1871016    0    0     0 16276 19630 72809 59 27 11  3  0  0 2026-09-26 09:52:38
 9  0      0 909692  89120 1871928    0    0     0 15084 18503 64539 64 27  7  2  0  0 2026-09-26 09:52:39
12  0      0 908384  89120 1872872    0    0     0 18980 17794 63293 63 29  7  2  0  0 2026-09-26 09:52:40
11  0      0 902936  89120 1874036    0    0     0 15860 18097 66650 62 30  7  1  0  0 2026-09-26 09:52:41
34  0      0 899452  89120 1875088    0    0     0 16720 16219 63771 67 28  4  1  0  0 2026-09-26 09:52:42
29  0      0 890436  89120 1876044    0    0     0 35928 17699 65709 61 29  7  2  0  0 2026-09-26 09:52:43
 7  1      0 885464  89120 1877136    0    0     0 15716 16115 61039 67 27  5  1  0  0 2026-09-26 09:52:44
 3  0      0 879000  89120 1878244    0    0     0 18548 18341 69992 62 31  6  2  0  0 2026-09-26 09:52:45
 8  1      0 870940  89120 1882644    0    0     0 19432 18931 66872 61 28  8  3  0  0 2026-09-26 09:52:46
 3  0      0 863372  89120 1883888    0    0     0 16600 16358 62510 63 30  5  1  0  0 2026-09-26 09:52:47
12  1      0 858836  89120 1885040    0    0     0 32788 16798 62485 64 30  5  2  0  0 2026-09-26 09:52:48
12  0      0 854168  89120 1885760    0    0     0 14956 15387 52725 64 30  4  2  0  0 2026-09-26 09:52:49
 7  1      0 857288  89120 1887412    0    0     0 17484 17571 67141 64 27  7  2  0  0 2026-09-26 09:52:50
50  0      0 847984  89120 1888316    0    0     0 17008 16910 61363 62 31  5  2  0  0 2026-09-26 09:52:51
15  0      0 842972  89120 1889560    0    0     0 19532 18144 69161 66 28  5  2  0  0 2026-09-26 09:52:52
19  1      0 837192  89120 1892848    0    0     0 18424 15546 59648 67 28  4  1  0  0 2026-09-26 09:52:53
 4  0      0 836616  89120 1893832    0    0     0 16676 18694 65202 64 27  7  2  0  0 2026-09-26 09:52:54
 6  1      0 828608  89120 1894816    0    0     0 16536 16724 58284 63 30  6  2  0  0 2026-09-26 09:52:55
23  1      0 831660  89120 1896068    0    0     0 20720 18724 68164 67 26  6  2  0  0 2026-09-26 09:52:56
procs -----------memory---------- ---swap-- -----io---- -system-- -------cpu------- -----timestamp-----
 r  b   swpd   free   buff  cache   si   so    bi    bo   in   cs us sy id wa st gu                 UTC
17  0      0 818060  89120 1897136    0    0     0 17736 19055 68353 64 28  7  1  0  0 2026-09-26 09:52:57
41  1      0 815092  89120 1898128    0    0     0 38436 17102 65645 65 28  6  2  0  0 2026-09-26 09:52:58
40  0      0 814616  89120 1900624    0    0     0 17592 15348 62638 66 30  3  1  0  0 2026-09-26 09:52:59
18  0      0 810932  89120 1902652    0    0     0 18056 18279 66869 66 26  6  2  0  0 2026-09-26 09:53:00
14  1      0 805648  89120 1904012    0    0     0 17932 19653 70056 65 28  5  2  0  0 2026-09-26 09:53:01
28  1      0 802624  89120 1905128    0    0     0 15176 16741 58377 66 27  5  2  0  0 2026-09-26 09:53:02
45  0      0 794620  89120 1906012    0    0     0 33592 19733 69790 62 29  7  2  0  0 2026-09-26 09:53:03
26  1      0 793736  89120 1907008    0    0     0 17276 17622 61020 66 26  6  2  0  0 2026-09-26 09:53:04
23  0      0 793484  89120 1908176    0    0     0 18336 17110 67884 67 28  4  2  0  0 2026-09-26 09:53:05
15  1      0 791508  89120 1909300    0    0     0 15544 16327 61804 68 27  5  1  0  0 2026-09-26 09:53:06
54  0      0 790952  89120 1911472    0    0     0 19232 20057 71883 63 27  7  2  0  0 2026-09-26 09:53:07
22  0      0 789204  89120 1912476    0    0     0 15672 17049 61855 66 27  6  1  0  0 2026-09-26 09:53:08
42  0      0 783440  89120 1913108    0    0     0 11928 14207 45871 64 30  4  2  0  0 2026-09-26 09:53:09
17  0      0 781804  89120 1913988    0    0     0 14204 14156 50235 69 28  2  1  0  0 2026-09-26 09:53:10
65  0      0 778264  89120 1915120    0    0     0 16604 13110 48436 69 29  2  1  0  0 2026-09-26 09:53:11
14  0      0 779464  89120 1915584    0    0     0 13188 13998 48126 64 30  4  2  0  0 2026-09-26 09:53:12
14  0      0 776492  89120 1916632    0    0     0  8540 10216 35102 69 30  1  1  0  0 2026-09-26 09:53:13
38  1      0 768752  89120 1916488    0    0     0  9208 9429 26217 63 34  2  1  0  0 2026-09-26 09:53:14
39  1      0 770096  89120 1917336    0    0     0 16304 16899 54649 70 28  2  1  0  0 2026-09-26 09:53:15
16  0      0 770400  89120 1918248    0    0     0 16176 15188 57186 66 29  3  2  0  0 2026-09-26 09:53:16
15  0      0 765664  89120 1919072    0    0     0  7308 11039 42581 71 26  3  1  0  0 2026-09-26 09:53:17
procs -----------memory---------- ---swap-- -----io---- -system-- -------cpu------- -----timestamp-----
 r  b   swpd   free   buff  cache   si   so    bi    bo   in   cs us sy id wa st gu                 UTC
 4  0      0 771992  89120 1919896    0    0     0  1180 13844 60693 69 22  8  0  0  0 2026-09-26 09:53:18
15  0      0 769988  89120 1920856    0    0     0 28604 13330 59385 69 23  7  0  0  0 2026-09-26 09:53:19
39  0      0 767468  89120 1921964    0    0     0   996 14098 65868 70 22  9  0  0  0 2026-09-26 09:53:20
18  0      0 768744  89120 1922992    0    0     0   724 16697 72210 70 21  9  0  0  0 2026-09-26 09:53:21
