2026-09-26T09:58:58+00:00
COMMAND         %CPU   RSS
mysqld          51.4 952324
nginx            1.8  9712
nginx            1.8  9696
systemd-journal  1.4 244760
jbd2/sda1-8      0.8     0
rsyslogd         0.7  5532
rcu_preempt      0.3     0
kworker/0:1H-kb  0.2     0
kworker/1:1H-kb  0.2     0
2026-09-26T09:59:00+00:00
COMMAND         %CPU   RSS
mysqld          51.4 975000
bench            9.0 44988
nginx            1.8  9712
nginx            1.8  9696
systemd-journal  1.4 245060
jbd2/sda1-8      0.8     0
rsyslogd         0.7  5532
isuride          0.6 14976
rcu_preempt      0.3     0
2026-09-26T09:59:02+00:00
COMMAND         %CPU   RSS
mysqld          51.5 980184
bench            9.2 50960
isuride          2.1 15312
nginx            1.8  9712
nginx            1.8  9696
systemd-journal  1.4 245912
jbd2/sda1-8      0.8     0
rsyslogd         0.7  5532
rcu_preempt      0.3     0
2026-09-26T09:59:04+00:00
COMMAND         %CPU   RSS
mysqld          51.5 1007524
bench            9.9 53192
isuride          3.7 15628
nginx            1.8  9712
nginx            1.8  9696
systemd-journal  1.4 246820
jbd2/sda1-8      0.8     0
rsyslogd         0.7  5532
rcu_preempt      0.3     0
2026-09-26T09:59:06+00:00
COMMAND         %CPU   RSS
mysqld          51.5 1027516
bench           10.2 53784
isuride          5.1 16064
nginx            1.8  9712
nginx            1.8  9696
systemd-journal  1.4 247744
jbd2/sda1-8      0.8     0
rsyslogd         0.7  5532
rcu_preempt      0.3     0
2026-09-26T09:59:08+00:00
COMMAND         %CPU   RSS
mysqld          51.6 992576
bench           10.6 53864
isuride          6.3 16420
nginx            1.8  9712
nginx            1.8  9696
systemd-journal  1.4 250312
jbd2/sda1-8      0.8     0
rsyslogd         0.7  5532
rcu_preempt      0.3     0
2026-09-26T09:59:10+00:00
COMMAND         %CPU   RSS
mysqld          51.6 993620
bench           10.8 55032
isuride          7.5 16400
nginx            1.8  9712
nginx            1.8  9696
systemd-journal  1.4 253372
jbd2/sda1-8      0.8     0
rsyslogd         0.7  5532
rcu_preempt      0.3     0
2026-09-26T09:59:12+00:00
COMMAND         %CPU   RSS
mysqld          51.6 994668
bench           11.1 58092
isuride          8.5 16604
nginx            1.8  9712
nginx            1.8  9696
systemd-journal  1.4 254424
jbd2/sda1-8      0.8     0
rsyslogd         0.7  5532
rcu_preempt      0.3     0
2026-09-26T09:59:14+00:00
COMMAND         %CPU   RSS
mysqld          51.7 997728
bench           11.3 59964
isuride          9.3 17300
nginx            1.8  9712
nginx            1.8  9696
systemd-journal  1.4 255396
jbd2/sda1-8      0.8     0
rsyslogd         0.7  5532
rcu_preempt      0.3     0
2026-09-26T09:59:16+00:00
COMMAND         %CPU   RSS
mysqld          51.7 999944
bench           11.6 64580
isuride         10.1 17372
nginx            1.8  9712
nginx            1.8  9696
systemd-journal  1.4 256256
jbd2/sda1-8      0.8     0
rsyslogd         0.7  5532
rcu_preempt      0.3     0
2026-09-26T09:59:18+00:00
COMMAND         %CPU   RSS
mysqld          51.8 1002028
bench           11.6 69196
isuride         10.9 17044
nginx            1.9  9712
nginx            1.8  9696
systemd-journal  1.4 257636
jbd2/sda1-8      0.8     0
rsyslogd         0.7  5532
rcu_preempt      0.3     0
2026-09-26T09:59:20+00:00
COMMAND         %CPU   RSS
mysqld          51.8 1004428
bench           11.8 71184
isuride         11.6 17176
nginx            1.9  9712
nginx            1.8  9696
systemd-journal  1.4 261472
jbd2/sda1-8      0.8     0
rsyslogd         0.7  5532
rcu_preempt      0.3     0
2026-09-26T09:59:22+00:00
COMMAND         %CPU   RSS
mysqld          51.9 1013368
isuride         12.2 17436
bench           11.7 76568
nginx            1.9  9712
nginx            1.8  9696
systemd-journal  1.4 262992
jbd2/sda1-8      0.8     0
rsyslogd         0.7  5532
rcu_preempt      0.3     0
2026-09-26T09:59:24+00:00
COMMAND         %CPU   RSS
mysqld          51.9 1024500
isuride         12.7 17860
bench           11.7 81008
nginx            1.9  9712
nginx            1.8  9696
systemd-journal  1.4 263976
jbd2/sda1-8      0.8     0
rsyslogd         0.7  5532
rcu_preempt      0.3     0
2026-09-26T09:59:26+00:00
COMMAND         %CPU   RSS
mysqld          52.0 1035692
isuride         13.2 18116
bench           11.6 85100
nginx            1.9  9712
nginx            1.8  9696
systemd-journal  1.4 264928
jbd2/sda1-8      0.8     0
rsyslogd         0.7  5532
rcu_preempt      0.3     0
2026-09-26T09:59:28+00:00
COMMAND         %CPU   RSS
mysqld          52.0 1014108
isuride         13.7 18116
bench           11.6 88964
nginx            1.9  9712
nginx            1.8  9696
systemd-journal  1.4 267552
jbd2/sda1-8      0.8     0
rsyslogd         0.7  5532
rcu_preempt      0.3     0
2026-09-26T09:59:30+00:00
COMMAND         %CPU   RSS
mysqld          52.1 1016228
isuride         14.1 17876
bench           11.6 91496
nginx            1.9  9712
nginx            1.8  9696
systemd-journal  1.4 270180
jbd2/sda1-8      0.8     0
rsyslogd         0.7  5532
rcu_preempt      0.3     0
2026-09-26T09:59:32+00:00
COMMAND         %CPU   RSS
mysqld          52.1 1016756
isuride         14.5 18756
bench           11.7 95264
nginx            1.9  9712
nginx            1.8  9696
systemd-journal  1.4 271444
jbd2/sda1-8      0.8     0
rsyslogd         0.7  5532
rcu_preempt      0.3     0
2026-09-26T09:59:35+00:00
COMMAND         %CPU   RSS
mysqld          52.2 1013672
isuride         14.9 18980
bench           11.7 97676
nginx            1.9  9712
nginx            1.8  9696
systemd-journal  1.4 272592
jbd2/sda1-8      0.8     0
rsyslogd         0.7  5532
rcu_preempt      0.3     0
2026-09-26T09:59:37+00:00
COMMAND         %CPU   RSS
mysqld          52.2 1013696
isuride         15.3 18248
bench           11.6 98904
nginx            1.9  9712
nginx            1.8  9696
systemd-journal  1.4 273664
jbd2/sda1-8      0.8     0
rsyslogd         0.7  5532
rcu_preempt      0.3     0
2026-09-26T09:59:39+00:00
COMMAND         %CPU   RSS
mysqld          52.3 1013892
isuride         15.6 18596
bench           11.7 106164
nginx            1.9  9712
nginx            1.8  9696
systemd-journal  1.4 277452
jbd2/sda1-8      0.8     0
rsyslogd         0.7  5532
rcu_preempt      0.3     0
2026-09-26T09:59:41+00:00
COMMAND         %CPU   RSS
mysqld          52.3 1056232
isuride         15.8 18868
bench           11.6 109164
nginx            1.9  9712
nginx            1.8  9696
systemd-journal  1.4 279468
jbd2/sda1-8      0.8     0
rsyslogd         0.7  5532
rcu_preempt      0.3     0
2026-09-26T09:59:43+00:00
COMMAND         %CPU   RSS
mysqld          52.4 1057896
isuride         16.1 19148
bench           11.7 109328
nginx            1.9  9712
nginx            1.8  9696
systemd-journal  1.4 280564
jbd2/sda1-8      0.8     0
rsyslogd         0.7  5532
rcu_preempt      0.3     0
2026-09-26T09:59:45+00:00
COMMAND         %CPU   RSS
mysqld          52.4 1092368
isuride         16.3 19616
bench           11.7 116272
nginx            1.9  9712
nginx            1.8  9696
systemd-journal  1.4 281448
jbd2/sda1-8      0.8     0
rsyslogd         0.7  5532
rcu_preempt      0.3     0
2026-09-26T09:59:47+00:00
COMMAND         %CPU   RSS
mysqld          52.5 1023048
isuride         16.5 19908
bench           11.7 116280
curl             3.2 12316
nginx            1.9  9712
nginx            1.9  9696
systemd-journal  1.4 282172
jbd2/sda1-8      0.8     0
rsyslogd         0.7  5532
2026-09-26T09:59:49+00:00
COMMAND         %CPU   RSS
mysqld          52.6 1017088
isuride         16.8 20520
bench           11.8 121512
nginx            1.9  9712
nginx            1.9  9696
systemd-journal  1.4 282976
jbd2/sda1-8      0.8     0
rsyslogd         0.7  5532
rcu_preempt      0.3     0
2026-09-26T09:59:51+00:00
COMMAND         %CPU   RSS
mysqld          52.6 1017108
isuride         17.0 19784
bench           11.8 121528
nginx            1.9  9712
nginx            1.9  9696
systemd-journal  1.4 287444
jbd2/sda1-8      0.8     0
rsyslogd         0.7  5532
rcu_preempt      0.3     0
2026-09-26T09:59:53+00:00
COMMAND         %CPU   RSS
mysqld          52.7 1014044
isuride         17.2 19540
bench           11.8 127396
nginx            1.9  9712
nginx            1.9  9696
systemd-journal  1.4 288952
jbd2/sda1-8      0.8     0
rsyslogd         0.7  5532
rcu_preempt      0.3     0
2026-09-26T09:59:55+00:00
COMMAND         %CPU   RSS
mysqld          52.7 1040104
isuride         17.3 20976
bench           11.8 127784
curl             3.5 12304
nginx            1.9  9712
nginx            1.9  9696
systemd-journal  1.4 289532
jbd2/sda1-8      0.8     0
rsyslogd         0.7  5532
2026-09-26T09:59:57+00:00
COMMAND         %CPU   RSS
mysqld          52.8 1002292
isuride         17.5 20600
bench           11.9 133112
nginx            1.9  9712
nginx            1.9  9696
systemd-journal  1.4 290228
jbd2/sda1-8      0.8     0
rsyslogd         0.7  5532
rcu_preempt      0.3     0
2026-09-26T09:59:59+00:00
COMMAND         %CPU   RSS
mysqld          52.8 1020288
isuride         17.6 21532
bench           11.9 133488
curl             9.0 12292
nginx            1.9  9712
nginx            1.9  9696
systemd-journal  1.4 290876
jbd2/sda1-8      0.8     0
rsyslogd         0.7  5532
2026-09-26T10:00:01+00:00
COMMAND         %CPU   RSS
mysqld          52.9 996308
isuride         17.8 19248
bench           11.9 133708
nginx            1.9  9712
nginx            1.9  9696
systemd-journal  1.4 291964
jbd2/sda1-8      0.8     0
rsyslogd         0.7  5532
rcu_preempt      0.3     0
2026-09-26T10:00:03+00:00
COMMAND         %CPU   RSS
mysqld          52.9 996404
isuride         18.2 19096
bench           11.9 143432
nginx            1.9  9712
nginx            1.9  9696
systemd-journal  1.4 296948
jbd2/sda1-8      0.8     0
rsyslogd         0.7  5532
rcu_preempt      0.3     0
2026-09-26T10:00:05+00:00
COMMAND         %CPU   RSS
mysqld          53.0 996428
isuride         18.5 18804
bench           11.9 143440
nginx            1.9  9712
nginx            1.9  9696
systemd-journal  1.4 298640
jbd2/sda1-8      0.8     0
rsyslogd         0.7  5532
rcu_preempt      0.3     0
