procs -----------memory---------- ---swap-- -----io---- -system-- -------cpu------- -----timestamp-----
 r  b   swpd   free   buff  cache   si   so    bi    bo   in   cs us sy id wa st gu                 UTC
 2  0      0 717148  89120 2071136    0    0   187  6593 7112  126 29 12 59  1  0  0 2026-09-26 09:58:58
 1  0      0 656972  89120 2070216    0    0     0 47416 10354 20091 27 21 38 14  0  0 2026-09-26 09:58:59
 3  0      0 652980  89120 2071048    0    0     0  6684 13927 39345 69 12 17  2  0  0 2026-09-26 09:59:00
 1  0      0 587464  89120 2071688    0    0     0  5144 19378 58729 52 16 32  1  0  0 2026-09-26 09:59:01
 0  0      0 587464  89120 2072372    0    0     0 16960 23523 67703 38 18 42  2  0  0 2026-09-26 09:59:02
11  0      0 586708  89120 2073040    0    0     0 10624 18423 59607 59 21 19  1  0  0 2026-09-26 09:59:03
14  0      0 586456  89120 2079264    0    0     0 10484 21159 69633 49 22 27  2  0  0 2026-09-26 09:59:04
 2  0      0 641884  89120 2074776    0    0     0 11508 16792 55875 56 26 17  2  0  0 2026-09-26 09:59:05
21  1      0 593012  89120 2081484    0    0     0 12912 18637 63621 56 26 17  2  0  0 2026-09-26 09:59:06
 8  0      0 581380  89120 2078812    0    0     0 25676 18584 63175 60 27 12  2  0  0 2026-09-26 09:59:07
11  0      0 590444  89120 2080604    0    0     0 12100 16776 58169 62 25 11  2  0  0 2026-09-26 09:59:08
17  0      0 606340  89120 2080568    0    0     0 13980 19436 70212 54 27 17  2  0  0 2026-09-26 09:59:09
 6  0      0 551048  89120 2081776    0    0     0 15624 17677 61493 65 27  6  1  0  0 2026-09-26 09:59:10
 5  0      0 601788  89120 2082612    0    0     0 14804 19083 68453 56 28 14  3  0  0 2026-09-26 09:59:11
11  0      0 587376  89120 2084452    0    0     0 18608 17113 59162 67 26  6  2  0  0 2026-09-26 09:59:12
16  1      0 595684  89120 2094796    0    0     0 15476 19383 67156 61 27 11  2  0  0 2026-09-26 09:59:13
19  1      0 536756  89120 2086156    0    0     0 15056 14818 51256 69 26  4  1  0  0 2026-09-26 09:59:14
11  0      0 524456  89120 2091784    0    0     0 14296 17799 61460 63 28  8  1  0  0 2026-09-26 09:59:15
35  0      0 523048  89120 2087824    0    0     0 14856 16918 56971 67 27  5  2  0  0 2026-09-26 09:59:16
10  0      0 527476  89120 2092248    0    0     0 14140 15385 51242 66 30  4  1  0  0 2026-09-26 09:59:17
13  1      0 562372  89120 2089512    0    0     0 16980 18323 62607 62 27  9  2  0  0 2026-09-26 09:59:18
procs -----------memory---------- ---swap-- -----io---- -system-- -------cpu------- -----timestamp-----
 r  b   swpd   free   buff  cache   si   so    bi    bo   in   cs us sy id wa st gu                 UTC
22  1      0 514924  89120 2090656    0    0     0 10268 14591 50942 68 26  4  2  0  0 2026-09-26 09:59:19
20  1      0 520748  89120 2091392    0    0     0 17044 18738 65501 60 31  7  2  0  0 2026-09-26 09:59:20
16  0      0 517124  89120 2092232    0    0     0 15344 16889 57199 69 28  3  1  0  0 2026-09-26 09:59:21
21  1      0 524216  89120 2105608    0    0     0 16992 15963 60807 67 28  4  2  0  0 2026-09-26 09:59:22
18  1      0 487232  89120 2094112    0    0     0 37100 17421 60805 67 30  2  1  0  0 2026-09-26 09:59:23
20  0      0 480680  89120 2100388    0    0     0 17092 19363 68274 63 31  5  1  0  0 2026-09-26 09:59:24
22  0      0 493904  89120 2096116    0    0     0 16824 17150 64043 67 27  5  2  0  0 2026-09-26 09:59:25
 7  0      0 451764  89120 2099888    0    0     0 16196 16453 54709 66 28  5  2  0  0 2026-09-26 09:59:26
11  0      0 483464  89120 2098036    0    0     0 21444 19386 69327 61 29  8  3  0  0 2026-09-26 09:59:27
 4  0      0 509044  89120 2099608    0    0     0 37364 15538 56101 70 27  3  1  0  0 2026-09-26 09:59:28
 4  0      0 511952  89120 2100564    0    0     0 16096 18340 69349 61 28  8  3  0  0 2026-09-26 09:59:29
25  1      0 521360  89120 2101436    0    0     0 16172 18023 57439 68 27  4  1  0  0 2026-09-26 09:59:30
29  0      0 503552  89120 2114956    0    0     0 20504 18342 67607 63 29  5  3  0  0 2026-09-26 09:59:31
33  1      0 511068  89120 2103632    0    0     0 17268 16608 55856 66 30  3  1  0  0 2026-09-26 09:59:32
15  0      0 489216  89120 2110420    0    0     0 19196 17702 63716 66 28  5  1  0  0 2026-09-26 09:59:33
13  0      0 467824  89120 2105628    0    0     0 17944 15354 56742 65 31  3  1  0  0 2026-09-26 09:59:34
23  0      0 442132  89120 2109568    0    0     0 16140 15971 56517 71 25  4  1  0  0 2026-09-26 09:59:35
27  0      0 449256  89120 2107640    0    0     0 17532 18406 69915 66 28  5  1  0  0 2026-09-26 09:59:36
20  1      0 457808  89120 2109364    0    0     0 17560 14509 58324 69 28  3  1  0  0 2026-09-26 09:59:37
13  1      0 462056  89120 2112068    0    0     0 44692 16142 63061 63 32  5  1  0  0 2026-09-26 09:59:38
25  1      0 464716  89120 2112916    0    0     0 15472 15699 55785 69 25  5  1  0  0 2026-09-26 09:59:39
procs -----------memory---------- ---swap-- -----io---- -system-- -------cpu------- -----timestamp-----
 r  b   swpd   free   buff  cache   si   so    bi    bo   in   cs us sy id wa st gu                 UTC
14  0      0 465244  89120 2132776    0    0     0 21008 19217 68218 64 30  5  1  0  0 2026-09-26 09:59:40
25  0      0 482192  89120 2116984    0    0     0 16220 16914 59228 71 26  3  1  0  0 2026-09-26 09:59:41
32  1      0 466000  89120 2125892    0    0     0 15768 15611 57037 67 28  4  1  0  0 2026-09-26 09:59:42
15  0      0 468344  89120 2118892    0    0     0 19980 14769 56127 68 29  3  1  0  0 2026-09-26 09:59:43
17  0      0 406316  89120 2127728    0    0     0 16096 14932 51579 68 28  3  2  0  0 2026-09-26 09:59:44
30  2      0 425672  89120 2120448    0    0     0 15192 13777 49577 67 29  3  1  0  0 2026-09-26 09:59:45
28  0      0 416276  89120 2124480    0    0     0 13364 14219 45180 68 31  1  1  0  0 2026-09-26 09:59:46
23  0      0 442576  89120 2121928    0    0     0 13776 14091 47759 64 30  4  2  0  0 2026-09-26 09:59:47
43  0      0 381840  89120 2124336    0    0     0 12944 14383 47973 73 26  2  1  0  0 2026-09-26 09:59:48
 9  0      0 372384  89120 2139296    0    0     0 17444 13854 55992 66 30  4  1  0  0 2026-09-26 09:59:49
11  0      0 384164  89120 2124448    0    0     0 17028 15497 56281 68 31  1  1  0  0 2026-09-26 09:59:50
13  1      0 390944  89120 2132340    0    0     0 16668 16656 60427 68 26  5  1  0  0 2026-09-26 09:59:51
11  0      0 401920  89120 2126368    0    0     0 17056 18716 64366 68 28  4  1  0  0 2026-09-26 09:59:52
21  1      0 414724  89120 2138240    0    0     0 33892 12957 44752 66 32  2  1  0  0 2026-09-26 09:59:53
25  0      0 394116  89120 2134344    0    0     0  9716 9207 28991 70 29  1  0  0  0 2026-09-26 09:59:54
31  0      0 395384  89120 2134852    0    0     0 11200 12277 37538 71 28  1  1  0  0 2026-09-26 09:59:55
17  1      0 459236  89120 2128824    0    0     0 12328 13487 45022 69 28  3  1  0  0 2026-09-26 09:59:56
11  1      0 399056  89120 2136404    0    0     0 11012 13089 39372 70 29  1  0  0  0 2026-09-26 09:59:57
11  0      0 411452  89120 2136108    0    0     0 33592 15200 47407 68 30  2  1  0  0 2026-09-26 09:59:58
14  1      0 333624  89120 2132920    0    0     0 13736 14920 50790 73 26  1  0  0  0 2026-09-26 09:59:59
 5  0      0 497956  89120 2131892    0    0     0  7976 13197 62024 70 25  5  1  0  0 2026-09-26 10:00:00
procs -----------memory---------- ---swap-- -----io---- -system-- -------cpu------- -----timestamp-----
 r  b   swpd   free   buff  cache   si   so    bi    bo   in   cs us sy id wa st gu                 UTC
20  0      0 486392  89120 2133060    0    0     0   880 17921 83473 69 21 10  0  0  0 2026-09-26 10:00:01
 8  0      0 485636  89120 2134052    0    0     0   696 18682 81305 67 22 11  0  0  0 2026-09-26 10:00:02
 2  0      0 482612  89120 2135036    0    0     0  1020 13089 52544 70 24  5  1  0  0 2026-09-26 10:00:03
 6  0      0 482108  89120 2136160    0    0     0   700 18852 79066 68 23  9  0  0  0 2026-09-26 10:00:04
