2026-09-26T15:55:37+00:00
COMMAND         %CPU   RSS
mysqld          17.6 1092052
nginx            1.1 17312
nginx            1.1 17236
systemd-journal  0.5 224872
jbd2/sda1-8      0.3     0
rsyslogd         0.3  5244
kworker/1:1H-kb  0.1     0
kworker/0:1H-kb  0.1     0
rcu_preempt      0.1     0
2026-09-26T15:55:39+00:00
COMMAND         %CPU   RSS
mysqld          17.6 1093432
bench            8.5 51272
nginx            1.1 17312
nginx            1.1 17236
isuride          0.7 14908
systemd-journal  0.5 224872
jbd2/sda1-8      0.3     0
rsyslogd         0.3  5244
kworker/1:1H-kb  0.1     0
2026-09-26T15:55:41+00:00
COMMAND         %CPU   RSS
mysqld          17.6 1094476
bench           13.9 70652
isuride          2.6 15548
nginx            1.1 17312
nginx            1.1 17236
systemd-journal  0.5 224872
jbd2/sda1-8      0.3     0
rsyslogd         0.3  5244
kworker/1:1H-kb  0.1     0
2026-09-26T15:55:43+00:00
COMMAND         %CPU   RSS
bench           17.7 98192
mysqld          17.6 1096232
isuride          4.9 16192
nginx            1.1 17312
nginx            1.1 17236
systemd-journal  0.5 224872
jbd2/sda1-8      0.3     0
rsyslogd         0.3  5244
kworker/1:1H-kb  0.1     0
2026-09-26T15:55:45+00:00
COMMAND         %CPU   RSS
bench           20.3 134820
mysqld          17.6 1099612
isuride          6.9 17992
nginx            1.1 17312
nginx            1.1 17236
systemd-journal  0.5 224876
jbd2/sda1-8      0.3     0
rsyslogd         0.3  5244
kworker/1:1H-kb  0.1     0
2026-09-26T15:55:47+00:00
COMMAND         %CPU   RSS
bench           21.8 157604
mysqld          17.6 1102868
isuride          8.9 19080
nginx            1.1 17312
nginx            1.1 17236
systemd-journal  0.5 224876
jbd2/sda1-8      0.3     0
rsyslogd         0.3  5244
kworker/1:1H-kb  0.1     0
2026-09-26T15:55:49+00:00
COMMAND         %CPU   RSS
bench           22.1 183972
mysqld          17.6 1107456
isuride         10.6 19664
nginx            1.1 16376
nginx            1.1 17236
systemd-journal  0.5 224876
jbd2/sda1-8      0.3     0
rsyslogd         0.3  5244
kworker/1:1H-kb  0.1     0
2026-09-26T15:55:51+00:00
COMMAND         %CPU   RSS
bench           22.9 209288
mysqld          17.6 1110344
isuride         12.5 21628
nginx            1.1 16376
nginx            1.1 17236
systemd-journal  0.5 224876
jbd2/sda1-8      0.3     0
rsyslogd         0.3  5244
kworker/1:1H-kb  0.1     0
2026-09-26T15:55:53+00:00
COMMAND         %CPU   RSS
bench           23.2 219944
mysqld          17.6 1113656
isuride         14.0 22228
nginx            1.1 16376
nginx            1.1 17236
systemd-journal  0.5 224876
jbd2/sda1-8      0.3     0
rsyslogd         0.3  5244
kworker/1:1H-kb  0.1     0
2026-09-26T15:55:55+00:00
COMMAND         %CPU   RSS
bench           23.2 225288
mysqld          17.6 1118468
isuride         15.3 23196
nginx            1.1 16376
nginx            1.1 17236
systemd-journal  0.5 224876
jbd2/sda1-8      0.3     0
rsyslogd         0.3  5244
kworker/1:1H-kb  0.1     0
2026-09-26T15:55:57+00:00
COMMAND         %CPU   RSS
bench           23.4 231972
mysqld          17.6 1125204
isuride         16.5 23848
nginx            1.1 16376
nginx            1.1 17236
systemd-journal  0.5 224876
jbd2/sda1-8      0.3     0
rsyslogd         0.3  5244
kworker/1:1H-kb  0.1     0
2026-09-26T15:55:59+00:00
COMMAND         %CPU   RSS
bench           23.8 247884
mysqld          17.6 1128332
isuride         17.6 25432
nginx            1.1 16376
nginx            1.1 17236
systemd-journal  0.5 224876
jbd2/sda1-8      0.3     0
rsyslogd         0.3  5244
kworker/1:1H-kb  0.1     0
2026-09-26T15:56:01+00:00
COMMAND         %CPU   RSS
bench           24.1 259672
isuride         18.7 24532
mysqld          17.6 1130092
nginx            1.1 16376
nginx            1.1 17236
systemd-journal  0.5 224876
jbd2/sda1-8      0.3     0
rsyslogd         0.3  5244
kworker/1:1H-kb  0.1     0
2026-09-26T15:56:03+00:00
COMMAND         %CPU   RSS
bench           24.4 277304
isuride         19.8 26476
mysqld          17.6 1131984
nginx            1.1 16376
nginx            1.1 17236
systemd-journal  0.5 224876
jbd2/sda1-8      0.3     0
rsyslogd         0.3  5244
kworker/1:1H-kb  0.1     0
2026-09-26T15:56:05+00:00
COMMAND         %CPU   RSS
bench           24.7 303248
isuride         20.7 28204
mysqld          17.7 1134660
nginx            1.1 16376
nginx            1.1 17236
systemd-journal  0.5 224876
jbd2/sda1-8      0.3     0
rsyslogd         0.3  5244
kworker/1:1H-kb  0.1     0
2026-09-26T15:56:07+00:00
COMMAND         %CPU   RSS
bench           25.1 331452
isuride         21.5 29604
mysqld          17.7 1137680
nginx            1.1 16376
nginx            1.1 17236
systemd-journal  0.5 224876
jbd2/sda1-8      0.3     0
rsyslogd         0.3  5244
kworker/1:1H-kb  0.1     0
2026-09-26T15:56:09+00:00
COMMAND         %CPU   RSS
bench           25.3 352632
isuride         22.2 33336
mysqld          17.7 1140248
nginx            1.1 16376
nginx            1.1 17236
systemd-journal  0.5 224876
jbd2/sda1-8      0.3     0
rsyslogd         0.3  5244
kworker/1:1H-kb  0.1     0
2026-09-26T15:56:11+00:00
COMMAND         %CPU   RSS
bench           25.4 353332
isuride         22.8 33440
mysqld          17.7 1142288
curl             4.3 12324
nginx            1.1 16376
nginx            1.1 17236
systemd-journal  0.5 224876
jbd2/sda1-8      0.3     0
rsyslogd         0.3  5244
2026-09-26T15:56:13+00:00
COMMAND         %CPU   RSS
bench           25.5 384356
isuride         23.4 33168
mysqld          17.7 1144328
nginx            1.1 16376
nginx            1.1 17236
systemd-journal  0.5 224876
jbd2/sda1-8      0.3     0
rsyslogd         0.3  5244
kworker/1:1H-kb  0.1     0
2026-09-26T15:56:15+00:00
COMMAND         %CPU   RSS
bench           25.4 385284
isuride         23.9 33404
mysqld          17.7 1144664
nginx            1.1 16376
nginx            1.1 17236
systemd-journal  0.5 224876
jbd2/sda1-8      0.3     0
rsyslogd         0.3  5244
kworker/1:1H-kb  0.1     0
2026-09-26T15:56:17+00:00
COMMAND         %CPU   RSS
bench           25.6 417364
isuride         24.4 36204
mysqld          17.7 1145000
nginx            1.1 16376
nginx            1.1 17236
systemd-journal  0.5 224876
jbd2/sda1-8      0.3     0
rsyslogd         0.3  5244
kworker/1:1H-kb  0.1     0
2026-09-26T15:56:19+00:00
COMMAND         %CPU   RSS
bench           25.6 419056
isuride         25.0 36692
mysqld          17.7 1146956
curl             9.0 12324
nginx            1.1 16376
nginx            1.1 17236
systemd-journal  0.5 224876
jbd2/sda1-8      0.3     0
rsyslogd         0.3  5244
2026-09-26T15:56:21+00:00
COMMAND         %CPU   RSS
bench           25.7 445336
isuride         25.5 35920
mysqld          17.7 1147140
nginx            1.1 16376
nginx            1.1 17236
systemd-journal  0.5 224876
jbd2/sda1-8      0.3     0
rsyslogd         0.3  5244
kworker/1:1H-kb  0.1     0
2026-09-26T15:56:23+00:00
COMMAND         %CPU   RSS
isuride         25.8 37696
bench           25.8 447988
mysqld          17.7 1148432
curl             1.6 12324
nginx            1.1 16376
nginx            1.1 17236
systemd-journal  0.5 224876
jbd2/sda1-8      0.3     0
rsyslogd         0.3  5244
2026-09-26T15:56:25+00:00
COMMAND         %CPU   RSS
isuride         26.2 38620
bench           25.9 462984
mysqld          17.7 1149992
curl             4.0 12324
nginx            1.1 16376
nginx            1.1 17236
systemd-journal  0.5 224876
jbd2/sda1-8      0.3     0
rsyslogd         0.3  5244
2026-09-26T15:56:27+00:00
COMMAND         %CPU   RSS
isuride         26.5 38596
bench           25.9 463620
mysqld          17.7 1150012
nginx            1.1 16376
nginx            1.1 17236
systemd-journal  0.5 224876
jbd2/sda1-8      0.3     0
rsyslogd         0.3  5244
kworker/1:1H-kb  0.1     0
2026-09-26T15:56:29+00:00
COMMAND         %CPU   RSS
isuride         26.8 40496
bench           26.0 471196
mysqld          17.7 1151268
nginx            1.1 16392
nginx            1.1 17236
systemd-journal  0.5 224876
jbd2/sda1-8      0.3     0
rsyslogd         0.3  5244
kworker/1:1H-kb  0.1     0
2026-09-26T15:56:31+00:00
COMMAND         %CPU   RSS
isuride         27.1 40392
bench           26.1 495020
mysqld          17.7 1152540
nginx            1.1 16572
nginx            1.1 17236
systemd-journal  0.5 224876
jbd2/sda1-8      0.3     0
rsyslogd         0.3  5244
kworker/1:1H-kb  0.1     0
2026-09-26T15:56:33+00:00
COMMAND         %CPU   RSS
isuride         27.4 40968
bench           26.1 498600
mysqld          17.7 1153240
nginx            1.1 16836
nginx            1.1 17236
systemd-journal  0.5 224876
jbd2/sda1-8      0.3     0
rsyslogd         0.3  5244
kworker/1:1H-kb  0.1     0
2026-09-26T15:56:35+00:00
COMMAND         %CPU   RSS
isuride         27.6 43084
bench           26.3 521996
mysqld          17.7 1153240
curl             1.1 12320
nginx            1.1 17124
nginx            1.1 17236
systemd-journal  0.5 224876
jbd2/sda1-8      0.3     0
rsyslogd         0.3  5244
2026-09-26T15:56:37+00:00
COMMAND         %CPU   RSS
isuride         27.9 44456
bench           26.3 523116
mysqld          17.8 1153280
nginx            1.1 17140
nginx            1.1 17236
systemd-journal  0.5 224876
jbd2/sda1-8      0.3     0
rsyslogd         0.3  5244
kworker/1:1H-kb  0.1     0
2026-09-26T15:56:39+00:00
COMMAND         %CPU   RSS
isuride         28.3 36828
bench           26.3 529476
mysqld          17.8 1153280
nginx            1.1 17140
nginx            1.1 17236
systemd-journal  0.5 224876
jbd2/sda1-8      0.3     0
rsyslogd         0.3  5244
kworker/1:1H-kb  0.1     0
2026-09-26T15:56:41+00:00
COMMAND         %CPU   RSS
isuride         28.7 34068
bench           26.3 559068
mysqld          17.8 1153280
nginx            1.1 17140
nginx            1.1 17236
systemd-journal  0.5 224876
jbd2/sda1-8      0.3     0
rsyslogd         0.3  5244
kworker/1:1H-kb  0.1     0
