procs -----------memory---------- ---swap-- -----io---- -system-- -------cpu------- -----timestamp-----
 r  b   swpd   free   buff  cache   si   so    bi    bo   in   cs us sy id wa st gu                 UTC
 4  0      0 707592  69800 1938208    0    0    85  3520 3379   65 12  6 82  0  0  0 2026-09-26 15:55:37
 3  1      0 706024  69804 1924492    0    0   216 64380 18598 38763 30 13 41 16  0  0 2026-09-26 15:55:38
 0  0      0 701020  69804 1925356    0    0     0  9156 15861 49009 14 13 71  3  0  0 2026-09-26 15:55:39
 0  0      0 697044  69804 1926356    0    0     0 13704 26894 82275 23 22 52  3  0  0 2026-09-26 15:55:40
 8  1      0 681228  69804 1927544    0    0     4 17628 31758 104589 33 27 37  3  0  0 2026-09-26 15:55:41
 3  0      0 659836  69804 1930408    0    0    16 22588 29535 112239 41 29 27  3  0  0 2026-09-26 15:55:42
 6  1      0 645232  69804 1932188    0    0     0 23108 28613 115226 43 33 21  4  0  0 2026-09-26 15:55:43
 4  1      0 617076  69804 1935252    0    0     0 24224 25004 102439 47 34 16  3  0  0 2026-09-26 15:55:44
 9  1      0 597096  69804 1937852    0    0     0 24984 24751 106518 50 34 12  4  0  0 2026-09-26 15:55:45
19  0      0 584792  69804 1939796    0    0     4 25996 25316 105894 52 38  8  3  0  0 2026-09-26 15:55:46
37  2      0 566508  69804 1941804    0    0     0 27376 23016 104023 52 37  7  4  0  0 2026-09-26 15:55:47
17  0      0 546112  69804 1944856    0    0     0 27844 22943 102649 51 35  9  5  0  0 2026-09-26 15:55:48
31  0      0 537900  69804 1946832    0    0     4 27420 22630 100665 52 36  6  5  0  0 2026-09-26 15:55:49
22  1      0 520700  69804 1948904    0    0     0 25168 24217 109734 54 38  6  2  0  0 2026-09-26 15:55:50
25  0      0 499616  69804 1951096    0    0     0 27392 23042 105090 54 42  3  2  0  0 2026-09-26 15:55:51
37  0      0 490348  69804 1953216    0    0     0 30260 21784 105853 54 36  6  4  0  0 2026-09-26 15:55:52
41  1      0 480532  69804 1955176    0    0     4 36996 22423 106273 54 38  5  3  0  0 2026-09-26 15:55:53
35  0      0 469948  69804 1956484    0    0     0 28116 21965 99905 54 40  3  3  0  0 2026-09-26 15:55:54
10  0      0 463408  69804 1959596    0    0     0 27584 25086 105617 50 36 10  4  0  0 2026-09-26 15:55:55
 6  1      0 445544  69804 1961792    0    0     4 26544 23013 102229 56 36  6  2  0  0 2026-09-26 15:55:56
30  1      0 443652  69804 1964544    0    0     0 29264 21933 105479 54 40  4  2  0  0 2026-09-26 15:55:57
procs -----------memory---------- ---swap-- -----io---- -system-- -------cpu------- -----timestamp-----
 r  b   swpd   free   buff  cache   si   so    bi    bo   in   cs us sy id wa st gu                 UTC
21  1      0 425260  69804 1967392    0    0     0 29732 22072 104381 56 38  4  2  0  0 2026-09-26 15:55:58
47  0      0 415992  69804 1969800    0    0     0 29564 20558 101629 54 41  3  2  0  0 2026-09-26 15:55:59
31  0      0 403656  69804 1972236    0    0     0 26808 20915 104985 59 39  2  1  0  0 2026-09-26 15:56:00
15  0      0 398676  69804 1974596    0    0     0 27280 21457 101126 57 39  3  1  0  0 2026-09-26 15:56:01
35  0      0 379028  69804 1977272    0    0     4 22820 21731 105448 57 38  4  1  0  0 2026-09-26 15:56:02
52  0      0 369096  69804 1979608    0    0     0 29088 23155 106877 60 35  5  1  0  0 2026-09-26 15:56:03
14  0      0 341404  69804 1981640    0    0     0 26340 18860 95391 58 38  2  2  0  0 2026-09-26 15:56:04
14  0      0 333748  69804 1984740    0    0     4 26516 20932 103534 58 38  4  1  0  0 2026-09-26 15:56:05
52  1      0 317064  69804 1986984    0    0     0 26720 21457 103231 57 41  2  1  0  0 2026-09-26 15:56:06
56  0      0 300484  69804 1989296    0    0     0 24824 19813 100502 63 36  2  0  0  0 2026-09-26 15:56:07
51  1      0 289768  69804 1992680    0    0     0 28724 21808 101246 58 42  0  1  0  0 2026-09-26 15:56:08
48  0      0 266708  69804 1994224    0    0     0 27896 21332 98390 55 39  5  2  0  0 2026-09-26 15:56:09
 9  1      0 253388  69804 1997460    0    0     0 31624 18997 99398 59 38  2  1  0  0 2026-09-26 15:56:10
12  1      0 256816  69804 1999732    0    0     4 30428 21840 98385 55 37  5  3  0  0 2026-09-26 15:56:11
 8  0      0 245056  69804 2002032    0    0    16 27516 20643 95777 56 36  6  2  0  0 2026-09-26 15:56:12
31  2      0 219032  69808 2004332    0    0     0 32864 20989 97224 56 36  5  2  0  0 2026-09-26 15:56:13
21  0      0 198888  69808 2005740    0    0    16 28792 20259 91215 56 36  5  3  0  0 2026-09-26 15:56:14
11  0      0 209872  69808 2007080    0    0     0 23632 23162 103317 58 34  7  2  0  0 2026-09-26 15:56:15
34  1      0 198992  69808 2008320    0    0     0 26284 19799 100658 58 39  2  1  0  0 2026-09-26 15:56:16
12  0      0 170280  69808 2011588    0    0     0 26016 18351 92611 61 35  3  1  0  0 2026-09-26 15:56:17
49  0      0 164524  69808 2013112    0    0     0 27088 21415 106100 57 39  3  1  0  0 2026-09-26 15:56:18
procs -----------memory---------- ---swap-- -----io---- -system-- -------cpu------- -----timestamp-----
 r  b   swpd   free   buff  cache   si   so    bi    bo   in   cs us sy id wa st gu                 UTC
45  0      0 162336  69808 2014500    0    0     0 23160 21393 100064 60 37  3  1  0  0 2026-09-26 15:56:19
53  0      0 164436  69808 2015888    0    0     0 25384 19892 99559 58 37  4  1  0  0 2026-09-26 15:56:20
 9  0      0 137100  69808 2017164    0    0     0 24264 21795 98005 63 36  2  0  0  0 2026-09-26 15:56:21
23  0      0 135624  69808 2018500    0    0     0 25928 19913 98233 58 37  3  2  0  0 2026-09-26 15:56:22
17  0      0 121340  69808 2019632    0    0     0 31272 19526 99168 57 35  4  3  0  0 2026-09-26 15:56:23
 7  0      0 122800  69808 2021036    0    0     0 33676 20368 97284 55 37  5  3  0  0 2026-09-26 15:56:24
 6  1      0 113308  69808 2022252    0    0     0 25508 20672 98088 59 37  3  1  0  0 2026-09-26 15:56:25
55  0      0 101976  69808 2023524    0    0     0 26336 20185 89502 58 36  5  2  0  0 2026-09-26 15:56:26
50  0      0 100004  69808 2024784    0    0     0 24324 21427 104393 61 34  4  1  0  0 2026-09-26 15:56:27
21  0      0  93464  69808 2026480    0    0     0 26408 20609 94186 57 37  4  2  0  0 2026-09-26 15:56:28
45  0      0  90020  69808 2028324    0    0     0 26604 20311 95811 62 35  3  1  0  0 2026-09-26 15:56:29
49  1      0  89836  69424 2008856    0    0     0 25152 19534 93039 63 36  1  0  0  0 2026-09-26 15:56:30
28  0      0  85596  69424 2012420    0    0     0 28336 20480 99567 58 37  4  1  0  0 2026-09-26 15:56:31
12  0      0  83436  68916 1997768    0    0     0 24468 20923 94720 61 36  3  1  0  0 2026-09-26 15:56:32
36  0      0  95236  68916 1999004    0    0     0 24448 20659 95881 58 33  7  2  0  0 2026-09-26 15:56:33
14  0      0  81100  68916 2000520    0    0     0 32684 19866 90481 60 37  3  1  0  0 2026-09-26 15:56:34
19  1      0  96668  68912 1965204    0    0     4 27832 20197 93576 61 37  2  1  0  0 2026-09-26 15:56:35
24  1      0 101792  68912 1966604    0    0     0 28380 20246 91637 58 36  4  2  0  0 2026-09-26 15:56:36
36  1      0  82508  68912 1968864    0    0     0 25216 19682 89161 63 34  2  1  0  0 2026-09-26 15:56:37
11  0      0  91280  68912 1969948    0    0     0 23608 19736 97885 62 35  3  1  0  0 2026-09-26 15:56:38
33  0      0  96780  68912 1971108    0    0     0 14840 17818 118653 61 34  4  1  0  0 2026-09-26 15:56:39
procs -----------memory---------- ---swap-- -----io---- -system-- -------cpu------- -----timestamp-----
 r  b   swpd   free   buff  cache   si   so    bi    bo   in   cs us sy id wa st gu                 UTC
 9  0      0  80408  68912 1959096    0    0     0  7268 19478 123208 65 30  5  0  0  0 2026-09-26 15:56:40
31  0      0  77432  68912 1960440    0    0     0  4244 19633 127783 66 30  4  0  0  0 2026-09-26 15:56:41
12  0      0  72940  68912 1961704    0    0     0  4120 20374 127408 64 30  6  0  0  0 2026-09-26 15:56:42
