time=16:59:16.185 level=DEBUG source=/tmp/isucon14/bench/cmd/run.go:90 msg=target targetURL=https://isuride.xiv.isucon.net targetAddr=127.0.0.1:443 benchrun.GetTargetAddress()="" paymentURL=http://127.0.0.1:12346
time=16:59:16.186 level=INFO msg=負荷走行を開始します
time=16:59:22.670 level=DEBUG source=/tmp/isucon14/bench/benchmarker/scenario/scenario.go:315 msg=時間経過 tick=60
time=16:59:22.670 level=DEBUG source=/tmp/isucon14/bench/benchmarker/scenario/scenario.go:317 msg=eval reqs=0 score="[0 0 0 0 0]" criteria="[0 0 0 0]"
time=16:59:24.470 level=DEBUG source=/tmp/isucon14/bench/benchmarker/scenario/scenario.go:315 msg=時間経過 tick=120
time=16:59:24.470 level=DEBUG source=/tmp/isucon14/bench/benchmarker/scenario/scenario.go:317 msg=eval reqs=0 score="[0 0 0 0 0]" criteria="[0 0 0 0]"
time=16:59:26.270 level=INFO msg=これまでに地域内の評判によって0人、既存ユーザーの招待経由で0人が新規登録しました
time=16:59:26.269 level=DEBUG source=/tmp/isucon14/bench/benchmarker/scenario/scenario.go:315 msg=時間経過 tick=180
time=16:59:26.269 level=DEBUG source=/tmp/isucon14/bench/benchmarker/scenario/scenario.go:317 msg=eval reqs=0 score="[0 0 0 0 0]" criteria="[0 0 0 0]"
time=16:59:28.100 level=DEBUG source=/tmp/isucon14/bench/benchmarker/scenario/scenario.go:315 msg=時間経過 tick=240
time=16:59:28.100 level=DEBUG source=/tmp/isucon14/bench/benchmarker/scenario/scenario.go:317 msg=eval reqs=0 score="[0 0 0 0 0]" criteria="[0 0 0 0]"
time=16:59:29.900 level=DEBUG source=/tmp/isucon14/bench/benchmarker/scenario/scenario.go:315 msg=時間経過 tick=300
time=16:59:29.900 level=DEBUG source=/tmp/isucon14/bench/benchmarker/scenario/scenario.go:317 msg=eval reqs=0 score="[0 0 0 0 0]" criteria="[0 0 0 0]"
time=16:59:31.700 level=DEBUG source=/tmp/isucon14/bench/benchmarker/scenario/scenario.go:315 msg=時間経過 tick=360
time=16:59:31.700 level=DEBUG source=/tmp/isucon14/bench/benchmarker/scenario/scenario.go:317 msg=eval reqs=0 score="[0 0 0 0 0]" criteria="[0 0 0 0]"
time=16:59:31.717 level=INFO msg=これまでに地域内の評判によって0人、既存ユーザーの招待経由で0人が新規登録しました
time=16:59:33.500 level=DEBUG source=/tmp/isucon14/bench/benchmarker/scenario/scenario.go:315 msg=時間経過 tick=420
time=16:59:33.500 level=DEBUG source=/tmp/isucon14/bench/benchmarker/scenario/scenario.go:317 msg=eval reqs=1 score="[1 0 0 0 0]" criteria="[0 0 0 0]"
time=16:59:35.300 level=DEBUG source=/tmp/isucon14/bench/benchmarker/scenario/scenario.go:315 msg=時間経過 tick=480
time=16:59:35.300 level=DEBUG source=/tmp/isucon14/bench/benchmarker/scenario/scenario.go:317 msg=eval reqs=1 score="[1 0 0 0 0]" criteria="[0 0 0 0]"
time=16:59:37.130 level=INFO msg=これまでに地域内の評判によって0人、既存ユーザーの招待経由で0人が新規登録しました
time=16:59:37.130 level=INFO msg=100.0%のライドは椅子がマッチされるまでの時間、100.0%のライドはマッチされた椅子が乗車地点までに掛かる時間、100.0%のライドは椅子の実移動時間に不満がありました
time=16:59:37.130 level=DEBUG source=/tmp/isucon14/bench/benchmarker/scenario/scenario.go:315 msg=時間経過 tick=540
time=16:59:37.130 level=DEBUG source=/tmp/isucon14/bench/benchmarker/scenario/scenario.go:317 msg=eval reqs=1 score="[1 0 0 0 0]" criteria="[0 0 0 0]"
time=16:59:38.929 level=DEBUG source=/tmp/isucon14/bench/benchmarker/scenario/scenario.go:315 msg=時間経過 tick=600
time=16:59:38.929 level=DEBUG source=/tmp/isucon14/bench/benchmarker/scenario/scenario.go:317 msg=eval reqs=2 score="[2 0 0 0 0]" criteria="[0 0 0 0]"
time=16:59:40.730 level=DEBUG source=/tmp/isucon14/bench/benchmarker/scenario/scenario.go:315 msg=時間経過 tick=660
time=16:59:40.730 level=DEBUG source=/tmp/isucon14/bench/benchmarker/scenario/scenario.go:317 msg=eval reqs=2 score="[2 0 0 0 0]" criteria="[0 0 0 0]"
time=16:59:42.529 level=INFO msg=これまでに地域内の評判によって0人、既存ユーザーの招待経由で0人が新規登録しました
time=16:59:42.529 level=INFO msg=100.0%のライドは椅子がマッチされるまでの時間、100.0%のライドはマッチされた椅子が乗車地点までに掛かる時間、100.0%のライドは椅子の実移動時間に不満がありました
time=16:59:42.529 level=DEBUG source=/tmp/isucon14/bench/benchmarker/scenario/scenario.go:315 msg=時間経過 tick=720
time=16:59:42.529 level=DEBUG source=/tmp/isucon14/bench/benchmarker/scenario/scenario.go:317 msg=eval reqs=2 score="[2 0 0 0 0]" criteria="[0 0 0 0]"
time=16:59:44.329 level=DEBUG source=/tmp/isucon14/bench/benchmarker/scenario/scenario.go:315 msg=時間経過 tick=780
time=16:59:44.329 level=DEBUG source=/tmp/isucon14/bench/benchmarker/scenario/scenario.go:317 msg=eval reqs=4 score="[3 1 0 0 0]" criteria="[1 0 0 0]"
time=16:59:46.162 level=DEBUG source=/tmp/isucon14/bench/benchmarker/scenario/scenario.go:315 msg=時間経過 tick=840
time=16:59:46.163 level=DEBUG source=/tmp/isucon14/bench/benchmarker/scenario/scenario.go:317 msg=eval reqs=4 score="[3 1 0 0 0]" criteria="[1 0 0 0]"
time=16:59:47.959 level=INFO msg=これまでに地域内の評判によって0人、既存ユーザーの招待経由で0人が新規登録しました
time=16:59:47.959 level=INFO msg=75.0%のライドは椅子がマッチされるまでの時間、100.0%のライドはマッチされた椅子が乗車地点までに掛かる時間、100.0%のライドは椅子の実移動時間に不満がありました
time=16:59:47.959 level=DEBUG source=/tmp/isucon14/bench/benchmarker/scenario/scenario.go:315 msg=時間経過 tick=900
time=16:59:47.959 level=DEBUG source=/tmp/isucon14/bench/benchmarker/scenario/scenario.go:317 msg=eval reqs=4 score="[3 1 0 0 0]" criteria="[1 0 0 0]"
time=16:59:49.759 level=DEBUG source=/tmp/isucon14/bench/benchmarker/scenario/scenario.go:315 msg=時間経過 tick=960
time=16:59:49.759 level=DEBUG source=/tmp/isucon14/bench/benchmarker/scenario/scenario.go:317 msg=eval reqs=4 score="[3 1 0 0 0]" criteria="[1 0 0 0]"
time=16:59:51.560 level=DEBUG source=/tmp/isucon14/bench/benchmarker/scenario/scenario.go:315 msg=時間経過 tick=1020
time=16:59:51.560 level=DEBUG source=/tmp/isucon14/bench/benchmarker/scenario/scenario.go:317 msg=eval reqs=5 score="[3 2 0 0 0]" criteria="[2 0 0 0]"
time=16:59:53.360 level=INFO msg=これまでに地域内の評判によって0人、既存ユーザーの招待経由で0人が新規登録しました
time=16:59:53.360 level=INFO msg=60.0%のライドは椅子がマッチされるまでの時間、100.0%のライドはマッチされた椅子が乗車地点までに掛かる時間、100.0%のライドは椅子の実移動時間に不満がありました
time=16:59:53.360 level=DEBUG source=/tmp/isucon14/bench/benchmarker/scenario/scenario.go:315 msg=時間経過 tick=1080
time=16:59:53.360 level=DEBUG source=/tmp/isucon14/bench/benchmarker/scenario/scenario.go:317 msg=eval reqs=5 score="[3 2 0 0 0]" criteria="[2 0 0 0]"
time=16:59:55.281 level=DEBUG source=/tmp/isucon14/bench/benchmarker/scenario/scenario.go:315 msg=時間経過 tick=1140
time=16:59:55.281 level=DEBUG source=/tmp/isucon14/bench/benchmarker/scenario/scenario.go:317 msg=eval reqs=5 score="[3 2 0 0 0]" criteria="[2 0 0 0]"
time=16:59:57.080 level=DEBUG source=/tmp/isucon14/bench/benchmarker/scenario/scenario.go:315 msg=時間経過 tick=1200
time=16:59:57.081 level=DEBUG source=/tmp/isucon14/bench/benchmarker/scenario/scenario.go:317 msg=eval reqs=5 score="[3 2 0 0 0]" criteria="[2 0 0 0]"
time=16:59:58.909 level=DEBUG source=/tmp/isucon14/bench/benchmarker/scenario/scenario.go:315 msg=時間経過 tick=1260
time=16:59:58.909 level=DEBUG source=/tmp/isucon14/bench/benchmarker/scenario/scenario.go:317 msg=eval reqs=6 score="[4 2 0 0 0]" criteria="[2 0 0 0]"
time=16:59:58.909 level=INFO msg=これまでに地域内の評判によって0人、既存ユーザーの招待経由で0人が新規登録しました
time=16:59:58.910 level=INFO msg=66.7%のライドは椅子がマッチされるまでの時間、100.0%のライドはマッチされた椅子が乗車地点までに掛かる時間、100.0%のライドは椅子の実移動時間に不満がありました
time=17:00:00.710 level=DEBUG source=/tmp/isucon14/bench/benchmarker/scenario/scenario.go:315 msg=時間経過 tick=1320
time=17:00:00.710 level=DEBUG source=/tmp/isucon14/bench/benchmarker/scenario/scenario.go:317 msg=eval reqs=6 score="[4 2 0 0 0]" criteria="[2 0 0 0]"
time=17:00:02.510 level=DEBUG source=/tmp/isucon14/bench/benchmarker/scenario/scenario.go:315 msg=時間経過 tick=1380
time=17:00:02.511 level=DEBUG source=/tmp/isucon14/bench/benchmarker/scenario/scenario.go:317 msg=eval reqs=7 score="[4 3 0 0 0]" criteria="[3 0 0 0]"
time=17:00:04.340 level=INFO msg=これまでに地域内の評判によって0人、既存ユーザーの招待経由で0人が新規登録しました
time=17:00:04.340 level=INFO msg=66.7%のライドは椅子がマッチされるまでの時間、100.0%のライドはマッチされた椅子が乗車地点までに掛かる時間、100.0%のライドは椅子の実移動時間に不満がありました
time=17:00:04.340 level=DEBUG source=/tmp/isucon14/bench/benchmarker/scenario/scenario.go:315 msg=時間経過 tick=1440
time=17:00:04.340 level=DEBUG source=/tmp/isucon14/bench/benchmarker/scenario/scenario.go:317 msg=eval reqs=9 score="[6 3 0 0 0]" criteria="[3 0 0 0]"
time=17:00:06.140 level=DEBUG source=/tmp/isucon14/bench/benchmarker/scenario/scenario.go:315 msg=時間経過 tick=1500
time=17:00:06.141 level=DEBUG source=/tmp/isucon14/bench/benchmarker/scenario/scenario.go:317 msg=eval reqs=9 score="[6 3 0 0 0]" criteria="[3 0 0 0]"
time=17:00:07.940 level=DEBUG source=/tmp/isucon14/bench/benchmarker/scenario/scenario.go:315 msg=時間経過 tick=1560
time=17:00:07.940 level=DEBUG source=/tmp/isucon14/bench/benchmarker/scenario/scenario.go:317 msg=eval reqs=11 score="[7 4 0 0 0]" criteria="[4 0 0 0]"
time=17:00:08.007 level=INFO msg=一定の売上が立ったためオーナーの椅子が増加します 名前=風座プロダクツ 増加数=1
time=17:00:09.740 level=DEBUG source=/tmp/isucon14/bench/benchmarker/scenario/scenario.go:315 msg=時間経過 tick=1620
time=17:00:09.740 level=INFO msg=これまでに地域内の評判によって5人、既存ユーザーの招待経由で0人が新規登録しました
time=17:00:09.740 level=INFO msg=64.3%のライドは椅子がマッチされるまでの時間、92.9%のライドはマッチされた椅子が乗車地点までに掛かる時間、100.0%のライドは椅子の実移動時間に不満がありました
time=17:00:09.740 level=DEBUG source=/tmp/isucon14/bench/benchmarker/scenario/scenario.go:317 msg=eval reqs=14 score="[9 4 1 0 0]" criteria="[5 1 0 0]"
time=17:00:11.539 level=DEBUG source=/tmp/isucon14/bench/benchmarker/scenario/scenario.go:315 msg=時間経過 tick=1680
time=17:00:11.539 level=DEBUG source=/tmp/isucon14/bench/benchmarker/scenario/scenario.go:317 msg=eval reqs=15 score="[9 4 2 0 0]" criteria="[6 2 0 0]"
time=17:00:11.669 level=INFO msg=一定の売上が立ったためオーナーの椅子が増加します 名前=街のりタクシー 増加数=1
time=17:00:13.340 level=DEBUG source=/tmp/isucon14/bench/benchmarker/scenario/scenario.go:315 msg=時間経過 tick=1740
time=17:00:13.340 level=DEBUG source=/tmp/isucon14/bench/benchmarker/scenario/scenario.go:317 msg=eval reqs=16 score="[10 4 2 0 0]" criteria="[6 2 0 0]"
time=17:00:13.467 level=INFO msg=一定の売上が立ったためオーナーの椅子が増加します 名前=EcoChairs 増加数=1
time=17:00:15.140 level=DEBUG source=/tmp/isucon14/bench/benchmarker/scenario/scenario.go:315 msg=時間経過 tick=1800
time=17:00:15.140 level=DEBUG source=/tmp/isucon14/bench/benchmarker/scenario/scenario.go:317 msg=eval reqs=19 score="[11 6 2 0 0]" criteria="[8 2 0 0]"
time=17:00:15.140 level=INFO msg=これまでに地域内の評判によって10人、既存ユーザーの招待経由で0人が新規登録しました
time=17:00:15.140 level=INFO msg=57.9%のライドは椅子がマッチされるまでの時間、89.5%のライドはマッチされた椅子が乗車地点までに掛かる時間、100.0%のライドは椅子の実移動時間に不満がありました
time=17:00:15.215 level=INFO msg=一定の売上が立ったためオーナーの椅子が増加します 名前="LuxeLine Taxi" 増加数=1
time=17:00:16.940 level=DEBUG source=/tmp/isucon14/bench/benchmarker/scenario/scenario.go:315 msg=時間経過 tick=1860
time=17:00:16.940 level=DEBUG source=/tmp/isucon14/bench/benchmarker/scenario/scenario.go:317 msg=eval reqs=19 score="[11 6 2 0 0]" criteria="[8 2 0 0]"
time=17:00:18.830 level=DEBUG source=/tmp/isucon14/bench/benchmarker/scenario/scenario.go:315 msg=時間経過 tick=1920
time=17:00:18.830 level=DEBUG source=/tmp/isucon14/bench/benchmarker/scenario/scenario.go:317 msg=eval reqs=20 score="[12 6 2 0 0]" criteria="[8 2 0 0]"
time=17:00:20.660 level=DEBUG source=/tmp/isucon14/bench/benchmarker/scenario/scenario.go:315 msg=時間経過 tick=1980
time=17:00:20.660 level=DEBUG source=/tmp/isucon14/bench/benchmarker/scenario/scenario.go:317 msg=eval reqs=20 score="[12 6 2 0 0]" criteria="[8 2 0 0]"
time=17:00:20.660 level=INFO msg=これまでに地域内の評判によって16人、既存ユーザーの招待経由で0人が新規登録しました
time=17:00:20.660 level=INFO msg=これまでに低評価なライドによって2人が利用をやめました
time=17:00:20.660 level=INFO msg=60.0%のライドは椅子がマッチされるまでの時間、90.0%のライドはマッチされた椅子が乗車地点までに掛かる時間、100.0%のライドは椅子の実移動時間に不満がありました
time=17:00:25.890 level=INFO msg=最終地域情報 名前=チェアタウン ユーザー登録数=14 アクティブユーザー数=14
time=17:00:25.890 level=INFO msg=最終地域情報 名前=コシカケシティ ユーザー登録数=14 アクティブユーザー数=12
time=17:00:25.890 level=INFO msg=最終オーナー情報 名前=EcoChairs 売上=22600 椅子数=5
time=17:00:25.890 level=INFO msg=最終オーナー情報 名前=街のりタクシー 売上=30100 椅子数=5
time=17:00:25.890 level=INFO msg=最終オーナー情報 名前="LuxeLine Taxi" 売上=18800 椅子数=5
time=17:00:25.890 level=INFO msg=最終オーナー情報 名前=つばさ交通 売上=7900 椅子数=4
time=17:00:25.890 level=INFO msg=最終オーナー情報 名前=風座プロダクツ 売上=28600 椅子数=5
time=17:00:25.890 level=INFO msg=60.0%のライドは椅子がマッチされるまでの時間、90.0%のライドはマッチされた椅子が乗車地点までに掛かる時間、100.0%のライドは椅子の実移動時間に不満がありました
time=17:00:25.890 level=INFO msg=結果 pass=true スコア=1951 種別エラー数=map[]
time=17:00:25.890 level=INFO msg=負荷走行が終了しました
