2026-09-26T07:59:16+00:00
COMMAND         %CPU   RSS
bench            100 13408
sshd             8.3  8988
systemd-resolve  0.3 12448
mysqld           0.2 530504
isuride          0.2  8864
sh               0.1  1588
rcu_preempt      0.0     0
kworker/0:1-cgr  0.0     0
multipathd       0.0 26488
2026-09-26T07:59:18+00:00
COMMAND         %CPU   RSS
ps               200  3772
mysql            9.7 28660
bench            6.8 37776
gzip             1.2  1520
sshd             0.4  8988
systemd-resolve  0.3 12448
isuride          0.2  9060
mysqld           0.2 562276
sh               0.1  1588
2026-09-26T07:59:20+00:00
COMMAND         %CPU   RSS
ps               200  3772
bench            9.2 40708
isuride          0.9 10204
systemd-resolve  0.3 12448
mysqld           0.2 565328
sshd             0.2  8988
sh               0.1  1588
rcu_preempt      0.0     0
kworker/0:1-cgr  0.0     0
2026-09-26T07:59:22+00:00
COMMAND         %CPU   RSS
bench           10.0 45244
isuride          2.3 16396
systemd-resolve  0.3 12448
mysqld           0.2 573364
sshd             0.1  8988
sh               0.1  1588
rcu_preempt      0.0     0
kworker/0:1-cgr  0.0     0
kworker/u4:2-fl  0.0     0
2026-09-26T07:59:24+00:00
COMMAND         %CPU   RSS
ps              50.0  3768
curl            14.8 12036
bench           11.4 48356
isuride          3.5 15524
systemd-resolve  0.3 12448
mysqld           0.2 600368
sh               0.1  1588
sshd             0.1  8988
rcu_preempt      0.0     0
2026-09-26T07:59:26+00:00
COMMAND         %CPU   RSS
ps               100  3772
bench           12.7 51044
isuride          5.0 15512
systemd-resolve  0.3 12448
mysqld           0.2 610732
sh               0.1  1588
bash             0.0  2056
sshd             0.0  8988
rcu_preempt      0.0     0
2026-09-26T07:59:28+00:00
COMMAND         %CPU   RSS
bench           13.4 51216
isuride          6.1 15456
systemd-resolve  0.3 12448
mysqld           0.2 564552
sh               0.1  1588
bash             0.0  2056
sshd             0.0  8988
rcu_preempt      0.0     0
kworker/u4:2-ev  0.0     0
2026-09-26T07:59:30+00:00
COMMAND         %CPU   RSS
bench           13.5 53332
isuride          7.0 15516
systemd-resolve  0.3 12448
mysqld           0.2 564952
sh               0.1  1588
bash             0.0  2056
sshd             0.0  8988
rcu_preempt      0.0     0
kworker/u4:2-fl  0.0     0
2026-09-26T07:59:32+00:00
COMMAND         %CPU   RSS
bench           13.4 53876
isuride          7.7 15820
systemd-resolve  0.3 12448
mysqld           0.2 564968
sh               0.1  1588
bash             0.0  2056
sshd             0.0  8988
rcu_preempt      0.0     0
kworker/u4:2-ev  0.0     0
2026-09-26T07:59:34+00:00
COMMAND         %CPU   RSS
bench           13.1 53884
isuride          8.3 16020
systemd-resolve  0.3 12448
mysqld           0.2 565052
sh               0.1  1588
bash             0.0  2056
sshd             0.0  8988
rcu_preempt      0.0     0
kworker/u4:2-ev  0.0     0
2026-09-26T07:59:36+00:00
COMMAND         %CPU   RSS
bench           13.0 53944
isuride          8.8 16192
curl             3.0 11848
systemd-resolve  0.3 12448
mysqld           0.2 574460
sh               0.0  1588
bash             0.0  2056
sshd             0.0  8988
rcu_preempt      0.0     0
2026-09-26T07:59:38+00:00
COMMAND         %CPU   RSS
bench           13.2 53944
isuride          9.1 16216
systemd-resolve  0.3 12448
mysqld           0.2 591360
sh               0.0  1588
bash             0.0  2056
sshd             0.0  8988
rcu_preempt      0.0     0
kworker/u4:2-fl  0.0     0
2026-09-26T07:59:40+00:00
COMMAND         %CPU   RSS
bench           13.1 53944
isuride          9.6 16236
systemd-resolve  0.3 12448
mysqld           0.2 624040
sh               0.0  1588
vmstat           0.0  2856
bash             0.0  2056
sshd             0.0  8988
rcu_preempt      0.0     0
2026-09-26T07:59:42+00:00
COMMAND         %CPU   RSS
bench           12.9 54008
isuride          9.9 16136
systemd-resolve  0.3 12448
mysqld           0.2 565144
sh               0.0  1588
vmstat           0.0  2856
bash             0.0  2056
sshd             0.0  8988
rcu_preempt      0.0     0
2026-09-26T07:59:44+00:00
COMMAND         %CPU   RSS
bench           12.8 54120
isuride         10.2 16220
systemd-resolve  0.3 12448
mysqld           0.2 565768
sh               0.0  1588
vmstat           0.0  2856
bash             0.0  2056
sshd             0.0  8988
rcu_preempt      0.0     0
2026-09-26T07:59:46+00:00
COMMAND         %CPU   RSS
bench           12.9 54524
isuride         10.5 16256
curl             4.7 12004
systemd-resolve  0.3 12448
mysqld           0.2 597692
sh               0.0  1588
kworker/u4:2-ev  0.0     0
vmstat           0.0  2856
bash             0.0  2056
2026-09-26T07:59:48+00:00
COMMAND         %CPU   RSS
bench           12.8 54532
isuride         10.9 16328
systemd-resolve  0.3 12448
mysqld           0.2 565828
sh               0.0  1588
bash             0.0  2056
kworker/u4:2-ev  0.0     0
vmstat           0.0  2856
sshd             0.0  8988
2026-09-26T07:59:50+00:00
COMMAND         %CPU   RSS
bench           12.7 54580
isuride         11.2 16460
systemd-resolve  0.3 12448
mysqld           0.2 565848
sh               0.0  1588
bash             0.0  2056
kworker/u4:2-fl  0.0     0
rcu_preempt      0.0     0
vmstat           0.0  2856
2026-09-26T07:59:52+00:00
COMMAND         %CPU   RSS
bench           12.7 54584
isuride         11.5 16492
systemd-resolve  0.3 12448
mysqld           0.2 574764
bash             0.0  2056
sh               0.0  1588
kworker/u4:2-ev  0.0     0
rcu_preempt      0.0     0
vmstat           0.0  2856
2026-09-26T07:59:54+00:00
COMMAND         %CPU   RSS
bench           12.8 54584
isuride         11.7 16632
curl             3.5 11700
systemd-resolve  0.3 12448
mysqld           0.2 566964
bash             0.0  2056
sh               0.0  1588
kworker/u4:2-wr  0.0     0
rcu_preempt      0.0     0
2026-09-26T07:59:56+00:00
COMMAND         %CPU   RSS
bench           12.7 54584
isuride         12.0 16636
systemd-resolve  0.3 12448
mysqld           0.2 585980
bash             0.0  2056
sh               0.0  1588
kworker/u4:2-ip  0.0     0
rcu_preempt      0.0     0
vmstat           0.0  2856
2026-09-26T07:59:58+00:00
COMMAND         %CPU   RSS
bench           12.7 54588
isuride         12.2 16664
systemd-resolve  0.3 12448
mysqld           0.2 613904
bash             0.0  2056
sh               0.0  1588
kworker/u4:2-wr  0.0     0
rcu_preempt      0.0     0
vmstat           0.0  2856
2026-09-26T08:00:00+00:00
COMMAND         %CPU   RSS
bench           12.6 54612
isuride         12.4 16536
systemd-resolve  0.3 12448
mysqld           0.2 566004
bash             0.0  2056
sh               0.0  1588
kworker/u4:2-fl  0.0     0
rcu_preempt      0.0     0
vmstat           0.0  2856
2026-09-26T08:00:02+00:00
COMMAND         %CPU   RSS
isuride         12.6 16716
bench           12.6 54640
curl             6.6 11992
systemd-resolve  0.3 12448
mysqld           0.2 618852
bash             0.0  2056
sh               0.0  1588
kworker/u4:2-fl  0.0     0
rcu_preempt      0.0     0
2026-09-26T08:00:04+00:00
COMMAND         %CPU   RSS
isuride         12.9 16632
bench           12.8 55076
systemd-resolve  0.3 12448
mysqld           0.2 566088
bash             0.0  2056
sh               0.0  1588
kworker/u4:2-ev  0.0     0
rcu_preempt      0.0     0
vmstat           0.0  2856
2026-09-26T08:00:06+00:00
COMMAND         %CPU   RSS
isuride         12.9 16676
bench           12.6 55960
systemd-resolve  0.3 12448
mysqld           0.2 566164
sh               0.0  1588
bash             0.0  2056
kworker/u4:2-ev  0.0     0
rcu_preempt      0.0     0
vmstat           0.0  2856
2026-09-26T08:00:08+00:00
COMMAND         %CPU   RSS
isuride         13.1 16840
bench           12.6 56444
systemd-resolve  0.3 12448
mysqld           0.2 566196
sh               0.0  1588
bash             0.0  2056
kworker/u4:2-wr  0.0     0
rcu_preempt      0.0     0
vmstat           0.0  2856
2026-09-26T08:00:10+00:00
COMMAND         %CPU   RSS
curl            14.2 11820
isuride         13.1 17184
bench           12.5 60932
systemd-resolve  0.3 12448
mysqld           0.2 576692
bash             0.0  2056
sh               0.0  1588
kworker/u4:2+fl  0.0     0
rcu_preempt      0.0     0
2026-09-26T08:00:12+00:00
COMMAND         %CPU   RSS
isuride         13.2 16980
bench           12.5 62208
systemd-resolve  0.3 12448
mysqld           0.2 582788
bash             0.0  2056
sh               0.0  1588
kworker/u4:2-ex  0.0     0
rcu_preempt      0.0     0
kworker/u4:3-ev  0.0     0
2026-09-26T08:00:14+00:00
COMMAND         %CPU   RSS
isuride         13.3 17896
bench           12.4 63252
curl             4.5 12344
systemd-resolve  0.3 12448
mysqld           0.2 598728
bash             0.0  2056
sh               0.0  1588
kworker/u4:2-ex  0.0     0
rcu_preempt      0.0     0
2026-09-26T08:00:16+00:00
COMMAND         %CPU   RSS
isuride         13.4 17540
bench           12.3 66792
systemd-resolve  0.3 12448
mysqld           0.2 599124
bash             0.0  2056
sh               0.0  1588
kworker/u4:2-ev  0.0     0
rcu_preempt      0.0     0
kworker/u4:3-ev  0.0     0
2026-09-26T08:00:18+00:00
COMMAND         %CPU   RSS
isuride         13.5 17732
bench           12.4 67736
systemd-resolve  0.3 12448
mysqld           0.2 582180
bash             0.0  2056
sh               0.0  1588
kworker/u4:2-ev  0.0     0
rcu_preempt      0.0     0
kworker/u4:3-ev  0.0     0
2026-09-26T08:00:20+00:00
COMMAND         %CPU   RSS
isuride         13.6 17484
bench           12.4 74588
curl             4.7 12344
systemd-resolve  0.3 12448
mysqld           0.2 569496
bash             0.0  2056
sh               0.0  1588
kworker/u4:2-ev  0.0     0
rcu_preempt      0.0     0
2026-09-26T08:00:22+00:00
COMMAND         %CPU   RSS
isuride         13.7 16924
bench           12.4 74592
systemd-resolve  0.3 12448
mysqld           0.2 568228
bash             0.0  2056
sh               0.0  1588
kworker/u4:2-ev  0.0     0
rcu_preempt      0.0     0
kworker/u4:3-ev  0.0     0
2026-09-26T08:00:25+00:00
COMMAND         %CPU   RSS
isuride         13.8 16956
bench           12.3 77860
curl             9.0 11984
systemd-resolve  0.3 12448
mysqld           0.2 568228
bash             0.0  2056
sh               0.0  1588
kworker/u4:2-ev  0.0     0
rcu_preempt      0.0     0
