procs -----------memory---------- ---swap-- -----io---- -system-- -------cpu------- -----timestamp-----
 r  b   swpd   free   buff  cache   si   so    bi    bo   in   cs us sy id wa st gu                 UTC
 2  0      0 1886864  83124 1318772    0    0     1    10  316    1  1  1 98  0  0  0 2026-09-26 07:59:16
 1  0      0 1870764  83164 1298080    0    0   112 11424 6350 10469 29 21 35 15  0  0 2026-09-26 07:59:17
 6  1      0 1841340  83184 1309808    0    0    96 16636 4752 7040 27 18 36 19  0  0 2026-09-26 07:59:18
 4  0      0 1828992  83216 1316460    0    0     0 12452 5442 8998 32 20 29 19  0  0 2026-09-26 07:59:19
 9  0      0 1825716  83224 1316600    0    0     0  3436 8352 14791 36 20 34  9  0  0 2026-09-26 07:59:20
13  0      0 1826884  83232 1316704    0    0     0  2216 6673 12556 49 20 30  1  0  0 2026-09-26 07:59:21
25  0      0 1814820  83232 1325488    0    0     0   976 6282 15252 79 19  3  0  0  0 2026-09-26 07:59:22
31  0      0 1762156  83236 1322264    0    0     0  1284 6641 14161 81 20  0  0  0  0 2026-09-26 07:59:23
37  0      0 1747056  83248 1319556    0    0     0  1740 4316 8752 62 38  0  0  0  0 2026-09-26 07:59:24
25  0      0 1773924  83260 1317660    0    0     0  5316 5334 11077 63 36  1  0  0  0 2026-09-26 07:59:25
21  1      0 1773576  83268 1322792    0    0     0  2064 6721 15959 74 26  0  0  0  0 2026-09-26 07:59:26
15  0      0 1747116  83280 1322832    0    0     0  1076 3350 6709 68 32  0  0  0  0 2026-09-26 07:59:27
19  0      0 1779496  83308 1318436    0    0     0  3852 9039 22809 69 28  3  1  0  0 2026-09-26 07:59:28
30  0      0 1812400  83316 1319200    0    0     0  3184 7390 18006 66 31  2  1  0  0 2026-09-26 07:59:29
 6  2      0 1775048  83332 1319712    0    0     0  3360 9231 23203 75 23  1  1  0  0 2026-09-26 07:59:30
37  2      0 1766608  83360 1325768    0    0     0  5060 13097 40421 70 21  5  5  0  0 2026-09-26 07:59:31
17  2      0 1767392  83396 1321156    0    0     0  6056 10152 29944 74 24  2  1  0  0 2026-09-26 07:59:32
16  0      0 1757164  83420 1326428    0    0     0  6452 10020 27935 75 22  2  2  0  0 2026-09-26 07:59:33
19  1      0 1824408  83460 1321988    0    0     0  6504 9767 25954 73 24  2  1  0  0 2026-09-26 07:59:34
16  1      0 1775900  83468 1325328    0    0     0  4968 8768 22757 75 23  1  1  0  0 2026-09-26 07:59:35
10  0      0 1824952  83508 1322680    0    0     0  5388 9586 24584 70 24  4  2  0  0 2026-09-26 07:59:36
procs -----------memory---------- ---swap-- -----io---- -system-- -------cpu------- -----timestamp-----
 r  b   swpd   free   buff  cache   si   so    bi    bo   in   cs us sy id wa st gu                 UTC
32  0      0 1773884  83512 1326796    0    0     0  3888 7504 17690 73 27  1  0  0  0 2026-09-26 07:59:37
28  0      0 1771344  83524 1324564    0    0     0  5108 8960 22545 72 27  1  1  0  0 2026-09-26 07:59:38
25  0      0 1791944  83536 1323644    0    0     0  5552 9101 22469 76 23  1  1  0  0 2026-09-26 07:59:39
34  0      0 1787776  83568 1329052    0    0     0 10792 9483 27253 70 26  2  1  0  0 2026-09-26 07:59:40
10  0      0 1749456  83572 1324352    0    0     0  4024 6829 17377 75 23  1  1  0  0 2026-09-26 07:59:41
13  0      0 1756196  83588 1327644    0    0     0  8868 11359 32655 72 23  4  2  0  0 2026-09-26 07:59:42
24  0      0 1782728  83644 1325188    0    0     0  8836 12906 41325 73 21  5  2  0  0 2026-09-26 07:59:43
33  0      0 1748256  83680 1326888    0    0     0  8636 11221 33332 76 22  1  1  0  0 2026-09-26 07:59:44
24  0      0 1772148  83728 1326240    0    0     0  9660 13751 42728 71 22  7  1  0  0 2026-09-26 07:59:45
23  1      0 1755824  83756 1329832    0    0     0 14500 8469 22907 74 24  1  1  0  0 2026-09-26 07:59:46
19  0      0 1748320  83772 1333172    0    0     0  8036 9810 25648 72 27  1  0  0  0 2026-09-26 07:59:47
17  1      0 1786960  83808 1327424    0    0     0  8304 11866 31954 74 23  2  1  0  0 2026-09-26 07:59:48
30  0      0 1800188  83836 1333416    0    0     0  6224 8804 24107 67 30  2  1  0  0 2026-09-26 07:59:49
25  0      0 1782404  83848 1328516    0    0     0  7308 11604 30220 76 22  2  1  0  0 2026-09-26 07:59:50
36  0      0 1753712  83868 1333128    0    0     0  7672 9429 26449 76 22  2  1  0  0 2026-09-26 07:59:51
33  0      0 1793264  83876 1329140    0    0     0  7308 10321 29479 74 23  3  1  0  0 2026-09-26 07:59:52
13  0      0 1740432  83900 1334728    0    0     0  3896 7554 18235 72 27  1  0  0  0 2026-09-26 07:59:53
15  1      0 1742024  83912 1330676    0    0     0  3700 7161 16137 71 28  1  1  0  0 2026-09-26 07:59:54
20  0      0 1750064  83920 1338632    0    0     0  1732 4230 9240 67 33  1  0  0  0 2026-09-26 07:59:55
28  0      0 1737772  83932 1333224    0    0     0  3464 6117 14603 72 27  1  1  0  0 2026-09-26 07:59:56
26  1      0 1767992  83940 1330324    0    0     0  7044 10542 27939 73 25  2  1  0  0 2026-09-26 07:59:57
procs -----------memory---------- ---swap-- -----io---- -system-- -------cpu------- -----timestamp-----
 r  b   swpd   free   buff  cache   si   so    bi    bo   in   cs us sy id wa st gu                 UTC
24  0      0 1769476  83968 1336900    0    0     0  5360 7984 21302 69 27  2  1  0  0 2026-09-26 07:59:58
 9  1      0 1790128  83980 1330968    0    0     0  6860 10215 27301 76 24  1  0  0  0 2026-09-26 07:59:59
22  0      0 1757660  84008 1335936    0    0     0  8992 11533 33675 72 23  3  1  0  0 2026-09-26 08:00:00
29  1      0 1806888  84040 1331820    0    0     0  8640 10870 31766 72 24  3  1  0  0 2026-09-26 08:00:01
13  1      0 1738272  84040 1337684    0    0     0  2752 8818 25186 77 21  1  1  0  0 2026-09-26 08:00:02
29  0      0 1740328  84048 1332572    0    0     0  4744 8147 23861 72 25  2  1  0  0 2026-09-26 08:00:03
24  0      0 1742176  84048 1332768    0    0     0  4540 8687 23557 69 28  2  1  0  0 2026-09-26 08:00:04
22  0      0 1761368  84064 1333140    0    0     0  6860 10110 28135 70 26  4  1  0  0 2026-09-26 08:00:05
30  0      0 1785380  84080 1333676    0    0     0 13384 12040 35475 78 20  2  1  0  0 2026-09-26 08:00:06
18  0      0 1789648  84088 1337060    0    0     0 10440 12865 38985 74 21  4  1  0  0 2026-09-26 08:00:07
18  1      0 1790716  84104 1334492    0    0     0  9428 9460 26707 77 21  2  1  0  0 2026-09-26 08:00:08
47  0      0 1772876  84116 1343884    0    0     0  5132 8230 22398 75 23  2  1  0  0 2026-09-26 08:00:09
21  1      0 1710432  84124 1337492    0    0     0  8064 9624 26978 78 22  1  0  0  0 2026-09-26 08:00:10
48  1      0 1700396  84132 1343960    0    0     0 17696 7731 22768 74 23  1  1  0  0 2026-09-26 08:00:11
39  0      0 1703000  84140 1338164    0    0     0  7060 8513 23456 74 24  1  1  0  0 2026-09-26 08:00:12
35  1      0 1714012  84152 1339716    0    0     0  7892 11193 31073 76 22  2  0  0  0 2026-09-26 08:00:13
32  1      0 1758908  84168 1337876    0    0     0  9200 11052 33857 75 21  3  2  0  0 2026-09-26 08:00:14
42  0      0 1714504  84168 1340648    0    0     0  6852 10301 26761 78 20  1  1  0  0 2026-09-26 08:00:15
14  0      0 1728204  84168 1345544    0    0     0  7860 11357 32332 76 22  2  1  0  0 2026-09-26 08:00:16
29  0      0 1722276  84168 1340276    0    0     0  7788 9863 29461 78 22  1  0  0  0 2026-09-26 08:00:17
38  0      0 1734492  84172 1339272    0    0     0  2452 4608 11450 71 26  3  0  0  0 2026-09-26 08:00:18
procs -----------memory---------- ---swap-- -----io---- -system-- -------cpu------- -----timestamp-----
 r  b   swpd   free   buff  cache   si   so    bi    bo   in   cs us sy id wa st gu                 UTC
46  0      0 1741012  84176 1344160    0    0     0  4236 7768 17612 70 27  3  1  0  0 2026-09-26 08:00:19
36  0      0 1706676  84184 1344352    0    0     0  4452 7846 19910 77 22  1  1  0  0 2026-09-26 08:00:20
23  0      0 1758800  84184 1340008    0    0     0  5916 10027 26641 76 21  3  0  0  0 2026-09-26 08:00:21
21  0      0 1764092  84188 1340240    0    0     0   944 7172 20495 82 17  2  0  0  0 2026-09-26 08:00:22
27  0      0 1780052  84188 1340648    0    0     0   908 9282 31463 83 15  3  0  0  0 2026-09-26 08:00:23
21  0      0 1778200  84188 1340984    0    0     0   584 8816 30942 85 12  3  0  0  0 2026-09-26 08:00:24
30  0      0 1771456  84188 1341428    0    0     0   624 10433 32826 85 13  2  0  0  0 2026-09-26 08:00:25
