time=18:29:39.752 level=DEBUG source=/tmp/isucon14/bench/cmd/run.go:90 msg=target targetURL=https://isuride.xiv.isucon.net targetAddr=127.0.0.1:443 benchrun.GetTargetAddress()="" paymentURL=http://127.0.0.1:12346
time=18:29:39.752 level=INFO msg=負荷走行を開始します
time=18:29:42.552 level=DEBUG source=/tmp/isucon14/bench/benchmarker/scenario/scenario.go:315 msg=時間経過 tick=60
time=18:29:42.552 level=DEBUG source=/tmp/isucon14/bench/benchmarker/scenario/scenario.go:317 msg=eval reqs=0 score="[0 0 0 0 0]" criteria="[0 0 0 0]"
time=18:29:44.352 level=DEBUG source=/tmp/isucon14/bench/benchmarker/scenario/scenario.go:315 msg=時間経過 tick=120
time=18:29:44.352 level=DEBUG source=/tmp/isucon14/bench/benchmarker/scenario/scenario.go:317 msg=eval reqs=0 score="[0 0 0 0 0]" criteria="[0 0 0 0]"
time=18:29:46.152 level=INFO msg=これまでに地域内の評判によって1人、既存ユーザーの招待経由で1人が新規登録しました
time=18:29:46.152 level=INFO msg=0.0%のライドは椅子がマッチされるまでの時間、100.0%のライドはマッチされた椅子が乗車地点までに掛かる時間、0.0%のライドは椅子の実移動時間に不満がありました
time=18:29:46.152 level=DEBUG source=/tmp/isucon14/bench/benchmarker/scenario/scenario.go:315 msg=時間経過 tick=180
time=18:29:46.152 level=DEBUG source=/tmp/isucon14/bench/benchmarker/scenario/scenario.go:317 msg=eval reqs=1 score="[0 0 0 1 0]" criteria="[1 0 1 1]"
time=18:29:47.953 level=DEBUG source=/tmp/isucon14/bench/benchmarker/scenario/scenario.go:315 msg=時間経過 tick=240
time=18:29:47.953 level=DEBUG source=/tmp/isucon14/bench/benchmarker/scenario/scenario.go:317 msg=eval reqs=3 score="[0 0 2 1 0]" criteria="[1 0 3 3]"
time=18:29:49.752 level=DEBUG source=/tmp/isucon14/bench/benchmarker/scenario/scenario.go:315 msg=時間経過 tick=300
time=18:29:49.752 level=DEBUG source=/tmp/isucon14/bench/benchmarker/scenario/scenario.go:317 msg=eval reqs=3 score="[0 0 2 1 0]" criteria="[1 0 3 3]"
time=18:29:51.534 level=INFO msg=一定の売上が立ったためオーナーの椅子が増加します 名前=ゆったり号 増加数=1
time=18:29:51.552 level=INFO msg=これまでに地域内の評判によって5人、既存ユーザーの招待経由で4人が新規登録しました
time=18:29:51.552 level=INFO msg=これまでに低評価なライドによって1人が利用をやめました
time=18:29:51.552 level=INFO msg=28.6%のライドは椅子がマッチされるまでの時間、100.0%のライドはマッチされた椅子が乗車地点までに掛かる時間、14.3%のライドは椅子の実移動時間に不満がありました
time=18:29:51.552 level=DEBUG source=/tmp/isucon14/bench/benchmarker/scenario/scenario.go:315 msg=時間経過 tick=360
time=18:29:51.552 level=DEBUG source=/tmp/isucon14/bench/benchmarker/scenario/scenario.go:317 msg=eval reqs=7 score="[0 1 2 4 0]" criteria="[5 0 6 6]"
time=18:29:51.554 level=INFO msg=一定の売上が立ったためオーナーの椅子が増加します 名前=椅子やいちば 増加数=1
time=18:29:53.352 level=DEBUG source=/tmp/isucon14/bench/benchmarker/scenario/scenario.go:315 msg=時間経過 tick=420
time=18:29:53.352 level=DEBUG source=/tmp/isucon14/bench/benchmarker/scenario/scenario.go:317 msg=eval reqs=9 score="[0 1 3 5 0]" criteria="[7 0 7 8]"
time=18:29:55.152 level=DEBUG source=/tmp/isucon14/bench/benchmarker/scenario/scenario.go:315 msg=時間経過 tick=480
time=18:29:55.152 level=DEBUG source=/tmp/isucon14/bench/benchmarker/scenario/scenario.go:317 msg=eval reqs=11 score="[0 2 4 5 0]" criteria="[8 0 7 10]"
time=18:29:56.952 level=DEBUG source=/tmp/isucon14/bench/benchmarker/scenario/scenario.go:315 msg=時間経過 tick=540
time=18:29:56.952 level=DEBUG source=/tmp/isucon14/bench/benchmarker/scenario/scenario.go:317 msg=eval reqs=13 score="[0 3 5 5 0]" criteria="[8 0 9 11]"
time=18:29:56.952 level=INFO msg=これまでに地域内の評判によって11人、既存ユーザーの招待経由で5人が新規登録しました
time=18:29:56.952 level=INFO msg=これまでに低評価なライドによって2人が利用をやめました
time=18:29:56.952 level=INFO msg=38.5%のライドは椅子がマッチされるまでの時間、100.0%のライドはマッチされた椅子が乗車地点までに掛かる時間、23.1%のライドは椅子の実移動時間に不満がありました
time=18:29:58.752 level=DEBUG source=/tmp/isucon14/bench/benchmarker/scenario/scenario.go:315 msg=時間経過 tick=600
time=18:29:58.752 level=DEBUG source=/tmp/isucon14/bench/benchmarker/scenario/scenario.go:317 msg=eval reqs=15 score="[1 4 5 5 0]" criteria="[8 0 9 12]"
time=18:29:58.772 level=INFO msg=一定の売上が立ったためオーナーの椅子が増加します 名前=座り心地再生所 増加数=1
time=18:30:00.543 level=INFO msg=一定の売上が立ったためオーナーの椅子が増加します 名前=椅子やいちば 増加数=1
time=18:30:00.552 level=DEBUG source=/tmp/isucon14/bench/benchmarker/scenario/scenario.go:315 msg=時間経過 tick=660
time=18:30:00.552 level=DEBUG source=/tmp/isucon14/bench/benchmarker/scenario/scenario.go:317 msg=eval reqs=19 score="[2 5 7 5 0]" criteria="[11 0 9 14]"
time=18:30:00.560 level=INFO msg=一定の売上が立ったためオーナーの椅子が増加します 名前=ひまわり交通 増加数=1
time=18:30:02.344 level=INFO msg=一定の売上が立ったためオーナーの椅子が増加します 名前=椅子工藝舎 増加数=1
time=18:30:02.349 level=INFO msg=一定の売上が立ったためオーナーの椅子が増加します 名前=座り心地再生所 増加数=1
time=18:30:02.352 level=INFO msg=これまでに地域内の評判によって17人、既存ユーザーの招待経由で5人が新規登録しました
time=18:30:02.352 level=INFO msg=これまでに低評価なライドによって8人が利用をやめました
time=18:30:02.352 level=INFO msg=47.8%のライドは椅子がマッチされるまでの時間、100.0%のライドはマッチされた椅子が乗車地点までに掛かる時間、45.7%のライドは椅子の実移動時間に不満がありました
time=18:30:02.352 level=DEBUG source=/tmp/isucon14/bench/benchmarker/scenario/scenario.go:315 msg=時間経過 tick=720
time=18:30:02.352 level=DEBUG source=/tmp/isucon14/bench/benchmarker/scenario/scenario.go:317 msg=eval reqs=23 score="[4 6 8 5 0]" criteria="[12 0 10 15]"
time=18:30:04.144 level=INFO msg=一定の売上が立ったためオーナーの椅子が増加します 名前=ひまわり交通 増加数=1
time=18:30:04.152 level=DEBUG source=/tmp/isucon14/bench/benchmarker/scenario/scenario.go:315 msg=時間経過 tick=780
time=18:30:04.152 level=DEBUG source=/tmp/isucon14/bench/benchmarker/scenario/scenario.go:317 msg=eval reqs=25 score="[4 8 8 5 0]" criteria="[12 0 11 16]"
time=18:30:05.935 level=INFO msg=一定の売上が立ったためオーナーの椅子が増加します 名前=ゆったり号 増加数=1
time=18:30:05.946 level=INFO msg=一定の売上が立ったためオーナーの椅子が増加します 名前=椅子やいちば 増加数=1
time=18:30:05.952 level=DEBUG source=/tmp/isucon14/bench/benchmarker/scenario/scenario.go:315 msg=時間経過 tick=840
time=18:30:05.952 level=DEBUG source=/tmp/isucon14/bench/benchmarker/scenario/scenario.go:317 msg=eval reqs=29 score="[4 11 9 5 0]" criteria="[15 0 12 17]"
time=18:30:07.745 level=INFO msg=一定の売上が立ったためオーナーの椅子が増加します 名前=座り心地再生所 増加数=1
time=18:30:07.753 level=DEBUG source=/tmp/isucon14/bench/benchmarker/scenario/scenario.go:315 msg=時間経過 tick=900
time=18:30:07.753 level=DEBUG source=/tmp/isucon14/bench/benchmarker/scenario/scenario.go:317 msg=eval reqs=35 score="[8 13 9 5 0]" criteria="[15 0 14 17]"
time=18:30:07.753 level=INFO msg=これまでに地域内の評判によって23人、既存ユーザーの招待経由で5人が新規登録しました
time=18:30:07.753 level=INFO msg=これまでに低評価なライドによって15人が利用をやめました
time=18:30:07.753 level=INFO msg=57.1%のライドは椅子がマッチされるまでの時間、100.0%のライドはマッチされた椅子が乗車地点までに掛かる時間、55.7%のライドは椅子の実移動時間に不満がありました
time=18:30:09.547 level=INFO msg=一定の売上が立ったためオーナーの椅子が増加します 名前=ひまわり交通 増加数=1
time=18:30:09.552 level=INFO msg=一定の売上が立ったためオーナーの椅子が増加します 名前=椅子やいちば 増加数=1
time=18:30:09.552 level=DEBUG source=/tmp/isucon14/bench/benchmarker/scenario/scenario.go:315 msg=時間経過 tick=960
time=18:30:09.552 level=DEBUG source=/tmp/isucon14/bench/benchmarker/scenario/scenario.go:317 msg=eval reqs=37 score="[8 14 10 5 0]" criteria="[15 0 16 18]"
time=18:30:11.352 level=DEBUG source=/tmp/isucon14/bench/benchmarker/scenario/scenario.go:315 msg=時間経過 tick=1020
time=18:30:11.352 level=DEBUG source=/tmp/isucon14/bench/benchmarker/scenario/scenario.go:317 msg=eval reqs=41 score="[9 17 10 5 0]" criteria="[15 0 18 19]"
time=18:30:13.152 level=INFO msg=これまでに地域内の評判によって29人、既存ユーザーの招待経由で5人が新規登録しました
time=18:30:13.152 level=INFO msg=これまでに低評価なライドによって18人が利用をやめました
time=18:30:13.152 level=INFO msg=65.1%のライドは椅子がマッチされるまでの時間、100.0%のライドはマッチされた椅子が乗車地点までに掛かる時間、54.7%のライドは椅子の実移動時間に不満がありました
time=18:30:13.152 level=DEBUG source=/tmp/isucon14/bench/benchmarker/scenario/scenario.go:315 msg=時間経過 tick=1080
time=18:30:13.152 level=DEBUG source=/tmp/isucon14/bench/benchmarker/scenario/scenario.go:317 msg=eval reqs=43 score="[10 17 11 5 0]" criteria="[15 0 19 20]"
time=18:30:13.164 level=INFO msg=一定の売上が立ったためオーナーの椅子が増加します 名前=椅子やいちば 増加数=1
time=18:30:14.943 level=INFO msg=一定の売上が立ったためオーナーの椅子が増加します 名前=ゆったり号 増加数=1
time=18:30:14.949 level=INFO msg=一定の売上が立ったためオーナーの椅子が増加します 名前=ひまわり交通 増加数=1
time=18:30:14.952 level=DEBUG source=/tmp/isucon14/bench/benchmarker/scenario/scenario.go:315 msg=時間経過 tick=1140
time=18:30:14.952 level=DEBUG source=/tmp/isucon14/bench/benchmarker/scenario/scenario.go:317 msg=eval reqs=46 score="[11 18 12 5 0]" criteria="[15 0 20 22]"
time=18:30:16.753 level=DEBUG source=/tmp/isucon14/bench/benchmarker/scenario/scenario.go:315 msg=時間経過 tick=1200
time=18:30:16.753 level=DEBUG source=/tmp/isucon14/bench/benchmarker/scenario/scenario.go:317 msg=eval reqs=48 score="[13 18 12 5 0]" criteria="[15 0 20 22]"
time=18:30:18.547 level=INFO msg=一定の売上が立ったためオーナーの椅子が増加します 名前=座り心地再生所 増加数=1
time=18:30:18.548 level=INFO msg=一定の売上が立ったためオーナーの椅子が増加します 名前=椅子やいちば 増加数=1
time=18:30:18.552 level=INFO msg=これまでに地域内の評判によって36人、既存ユーザーの招待経由で5人が新規登録しました
time=18:30:18.552 level=INFO msg=これまでに低評価なライドによって25人が利用をやめました
time=18:30:18.552 level=INFO msg=72.2%のライドは椅子がマッチされるまでの時間、100.0%のライドはマッチされた椅子が乗車地点までに掛かる時間、60.2%のライドは椅子の実移動時間に不満がありました
time=18:30:18.552 level=DEBUG source=/tmp/isucon14/bench/benchmarker/scenario/scenario.go:315 msg=時間経過 tick=1260
time=18:30:18.552 level=DEBUG source=/tmp/isucon14/bench/benchmarker/scenario/scenario.go:317 msg=eval reqs=54 score="[18 19 12 5 0]" criteria="[15 0 20 23]"
time=18:30:18.554 level=INFO msg=一定の売上が立ったためオーナーの椅子が増加します 名前=ひまわり交通 増加数=1
time=18:30:20.352 level=DEBUG source=/tmp/isucon14/bench/benchmarker/scenario/scenario.go:315 msg=時間経過 tick=1320
time=18:30:20.352 level=DEBUG source=/tmp/isucon14/bench/benchmarker/scenario/scenario.go:317 msg=eval reqs=56 score="[20 19 12 5 0]" criteria="[15 0 20 23]"
time=18:30:22.152 level=DEBUG source=/tmp/isucon14/bench/benchmarker/scenario/scenario.go:315 msg=時間経過 tick=1380
time=18:30:22.152 level=DEBUG source=/tmp/isucon14/bench/benchmarker/scenario/scenario.go:317 msg=eval reqs=61 score="[23 21 12 5 0]" criteria="[15 0 22 23]"
time=18:30:22.163 level=INFO msg=一定の売上が立ったためオーナーの椅子が増加します 名前=椅子工藝舎 増加数=1
time=18:30:22.172 level=INFO msg=一定の売上が立ったためオーナーの椅子が増加します 名前=ゆったり号 増加数=1
time=18:30:22.182 level=INFO msg=一定の売上が立ったためオーナーの椅子が増加します 名前=座り心地再生所 増加数=1
time=18:30:22.184 level=INFO msg=一定の売上が立ったためオーナーの椅子が増加します 名前=ひまわり交通 増加数=1
time=18:30:23.952 level=INFO msg=これまでに地域内の評判によって42人、既存ユーザーの招待経由で6人が新規登録しました
time=18:30:23.952 level=INFO msg=これまでに低評価なライドによって33人が利用をやめました
time=18:30:23.952 level=DEBUG source=/tmp/isucon14/bench/benchmarker/scenario/scenario.go:315 msg=時間経過 tick=1440
time=18:30:23.952 level=DEBUG source=/tmp/isucon14/bench/benchmarker/scenario/scenario.go:317 msg=eval reqs=64 score="[24 22 12 6 0]" criteria="[15 1 23 25]"
time=18:30:23.952 level=INFO msg=76.6%のライドは椅子がマッチされるまでの時間、98.4%のライドはマッチされた椅子が乗車地点までに掛かる時間、62.5%のライドは椅子の実移動時間に不満がありました
time=18:30:25.752 level=DEBUG source=/tmp/isucon14/bench/benchmarker/scenario/scenario.go:315 msg=時間経過 tick=1500
time=18:30:25.752 level=DEBUG source=/tmp/isucon14/bench/benchmarker/scenario/scenario.go:317 msg=eval reqs=66 score="[25 23 12 6 0]" criteria="[15 1 24 25]"
time=18:30:25.790 level=INFO msg=一定の売上が立ったためオーナーの椅子が増加します 名前=ひまわり交通 増加数=1
time=18:30:25.799 level=INFO msg=一定の売上が立ったためオーナーの椅子が増加します 名前=椅子やいちば 増加数=1
time=18:30:27.552 level=DEBUG source=/tmp/isucon14/bench/benchmarker/scenario/scenario.go:315 msg=時間経過 tick=1560
time=18:30:27.552 level=DEBUG source=/tmp/isucon14/bench/benchmarker/scenario/scenario.go:317 msg=eval reqs=70 score="[28 24 12 6 0]" criteria="[15 1 24 26]"
time=18:30:27.580 level=INFO msg=一定の売上が立ったためオーナーの椅子が増加します 名前=座り心地再生所 増加数=1
time=18:30:29.352 level=INFO msg=これまでに地域内の評判によって48人、既存ユーザーの招待経由で6人が新規登録しました
time=18:30:29.352 level=DEBUG source=/tmp/isucon14/bench/benchmarker/scenario/scenario.go:315 msg=時間経過 tick=1620
time=18:30:29.352 level=DEBUG source=/tmp/isucon14/bench/benchmarker/scenario/scenario.go:317 msg=eval reqs=70 score="[28 24 12 6 0]" criteria="[15 1 24 26]"
time=18:30:29.352 level=INFO msg=これまでに低評価なライドによって38人が利用をやめました
time=18:30:29.352 level=INFO msg=78.6%のライドは椅子がマッチされるまでの時間、98.6%のライドはマッチされた椅子が乗車地点までに掛かる時間、64.3%のライドは椅子の実移動時間に不満がありました
time=18:30:31.152 level=DEBUG source=/tmp/isucon14/bench/benchmarker/scenario/scenario.go:315 msg=時間経過 tick=1680
time=18:30:31.152 level=DEBUG source=/tmp/isucon14/bench/benchmarker/scenario/scenario.go:317 msg=eval reqs=73 score="[30 25 12 6 0]" criteria="[15 1 25 26]"
time=18:30:31.179 level=INFO msg=一定の売上が立ったためオーナーの椅子が増加します 名前=ひまわり交通 増加数=1
time=18:30:32.952 level=DEBUG source=/tmp/isucon14/bench/benchmarker/scenario/scenario.go:315 msg=時間経過 tick=1740
time=18:30:32.952 level=DEBUG source=/tmp/isucon14/bench/benchmarker/scenario/scenario.go:317 msg=eval reqs=77 score="[32 25 12 8 0]" criteria="[15 3 27 28]"
time=18:30:34.752 level=DEBUG source=/tmp/isucon14/bench/benchmarker/scenario/scenario.go:315 msg=時間経過 tick=1800
time=18:30:34.752 level=DEBUG source=/tmp/isucon14/bench/benchmarker/scenario/scenario.go:317 msg=eval reqs=79 score="[33 26 12 8 0]" criteria="[15 3 27 29]"
time=18:30:34.752 level=INFO msg=これまでに地域内の評判によって54人、既存ユーザーの招待経由で8人が新規登録しました
time=18:30:34.752 level=INFO msg=これまでに低評価なライドによって43人が利用をやめました
time=18:30:34.752 level=INFO msg=81.0%のライドは椅子がマッチされるまでの時間、96.2%のライドはマッチされた椅子が乗車地点までに掛かる時間、64.6%のライドは椅子の実移動時間に不満がありました
time=18:30:34.817 level=INFO msg=一定の売上が立ったためオーナーの椅子が増加します 名前=椅子やいちば 増加数=1
time=18:30:36.552 level=DEBUG source=/tmp/isucon14/bench/benchmarker/scenario/scenario.go:315 msg=時間経過 tick=1860
time=18:30:36.552 level=DEBUG source=/tmp/isucon14/bench/benchmarker/scenario/scenario.go:317 msg=eval reqs=79 score="[33 26 12 8 0]" criteria="[15 3 27 29]"
time=18:30:38.352 level=DEBUG source=/tmp/isucon14/bench/benchmarker/scenario/scenario.go:315 msg=時間経過 tick=1920
time=18:30:38.352 level=DEBUG source=/tmp/isucon14/bench/benchmarker/scenario/scenario.go:317 msg=eval reqs=80 score="[34 26 12 8 0]" criteria="[15 3 27 29]"
time=18:30:38.402 level=INFO msg=一定の売上が立ったためオーナーの椅子が増加します 名前=座り心地再生所 増加数=1
time=18:30:40.152 level=INFO msg=これまでに地域内の評判によって60人、既存ユーザーの招待経由で9人が新規登録しました
time=18:30:40.152 level=INFO msg=これまでに低評価なライドによって45人が利用をやめました
time=18:30:40.152 level=INFO msg=81.7%のライドは椅子がマッチされるまでの時間、95.1%のライドはマッチされた椅子が乗車地点までに掛かる時間、64.6%のライドは椅子の実移動時間に不満がありました
time=18:30:40.152 level=DEBUG source=/tmp/isucon14/bench/benchmarker/scenario/scenario.go:315 msg=時間経過 tick=1980
time=18:30:40.152 level=DEBUG source=/tmp/isucon14/bench/benchmarker/scenario/scenario.go:317 msg=eval reqs=82 score="[35 26 12 9 0]" criteria="[15 4 28 30]"
time=18:30:40.192 level=INFO msg=一定の売上が立ったためオーナーの椅子が増加します 名前=ゆったり号 増加数=1
time=18:30:45.753 level=INFO msg=最終地域情報 名前=チェアタウン ユーザー登録数=39 アクティブユーザー数=19
time=18:30:45.753 level=INFO msg=最終地域情報 名前=コシカケシティ ユーザー登録数=42 アクティブユーザー数=17
time=18:30:45.753 level=INFO msg=最終オーナー情報 名前=ひまわり交通 売上=135300 椅子数=12
time=18:30:45.753 level=INFO msg=最終オーナー情報 名前=椅子工藝舎 売上=40900 椅子数=6
time=18:30:45.753 level=INFO msg=最終オーナー情報 名前=座り心地再生所 売上=112900 椅子数=11
time=18:30:45.753 level=INFO msg=最終オーナー情報 名前=椅子やいちば 売上=145200 椅子数=12
time=18:30:45.753 level=INFO msg=最終オーナー情報 名前=ゆったり号 売上=80600 椅子数=9
time=18:30:45.753 level=INFO msg=81.9%のライドは椅子がマッチされるまでの時間、94.0%のライドはマッチされた椅子が乗車地点までに掛かる時間、64.5%のライドは椅子の実移動時間に不満がありました
time=18:30:45.753 level=INFO msg=結果 pass=true スコア=8083 種別エラー数=map[]
time=18:30:45.753 level=INFO msg=負荷走行が終了しました
