2026-09-26T09:29:39+00:00
COMMAND         %CPU   RSS
mysqld          27.5 670328
nginx            1.0  9600
nginx            0.9  9580
systemd-journal  0.7 272072
rsyslogd         0.3  5528
jbd2/sda1-8      0.3     0
rcu_preempt      0.1     0
kworker/1:1H-kb  0.1     0
kworker/0:1H-kb  0.1     0
2026-09-26T09:29:41+00:00
COMMAND         %CPU   RSS
mysqld          27.6 694260
bench           10.0 49616
nginx            1.0  9600
nginx            0.9  9580
isuride          0.8 15132
systemd-journal  0.7 272580
jbd2/sda1-8      0.3     0
rsyslogd         0.3  5528
rcu_preempt      0.1     0
2026-09-26T09:29:43+00:00
COMMAND         %CPU   RSS
mysqld          27.7 713860
curl             9.0 12304
bench            8.9 51804
isuride          2.3 15312
nginx            1.0  9600
nginx            0.9  9580
systemd-journal  0.7 273776
rsyslogd         0.3  5528
jbd2/sda1-8      0.3     0
2026-09-26T09:29:45+00:00
COMMAND         %CPU   RSS
mysqld          27.8 689068
bench            9.6 53444
isuride          3.8 15636
nginx            1.0  9600
nginx            1.0  9580
systemd-journal  0.7 274768
rsyslogd         0.3  5528
jbd2/sda1-8      0.3     0
rcu_preempt      0.1     0
2026-09-26T09:29:47+00:00
COMMAND         %CPU   RSS
mysqld          27.9 692216
bench           10.2 54752
isuride          5.5 16152
nginx            1.0  9600
nginx            1.0  9580
systemd-journal  0.7 275708
rsyslogd         0.3  5528
jbd2/sda1-8      0.3     0
rcu_preempt      0.1     0
2026-09-26T09:29:49+00:00
COMMAND         %CPU   RSS
mysqld          28.0 694364
bench           10.4 60980
isuride          6.9 16280
nginx            1.0  9600
nginx            1.0  9580
systemd-journal  0.7 279840
rsyslogd         0.3  5528
jbd2/sda1-8      0.3     0
rcu_preempt      0.1     0
2026-09-26T09:29:51+00:00
COMMAND         %CPU   RSS
mysqld          28.1 697580
bench           10.7 65128
isuride          8.1 16176
nginx            1.0  9600
nginx            1.0  9580
systemd-journal  0.7 281908
rsyslogd         0.3  5528
jbd2/sda1-8      0.3     0
rcu_preempt      0.1     0
2026-09-26T09:29:53+00:00
COMMAND         %CPU   RSS
mysqld          28.2 702992
bench           10.9 69256
isuride          9.2 16784
nginx            1.0  9600
nginx            1.0  9580
systemd-journal  0.7 283140
rsyslogd         0.3  5528
jbd2/sda1-8      0.3     0
rcu_preempt      0.1     0
2026-09-26T09:29:55+00:00
COMMAND         %CPU   RSS
mysqld          28.4 706220
bench           11.1 75716
isuride         10.3 16880
nginx            1.0  9600
nginx            1.0  9580
systemd-journal  0.7 284468
rsyslogd         0.3  5528
jbd2/sda1-8      0.3     0
rcu_preempt      0.1     0
2026-09-26T09:29:57+00:00
COMMAND         %CPU   RSS
mysqld          28.5 707676
bench           11.5 79244
isuride         11.4 16912
nginx            1.0  9600
nginx            1.0  9580
systemd-journal  0.7 288212
rsyslogd         0.3  5528
jbd2/sda1-8      0.3     0
rcu_preempt      0.1     0
2026-09-26T09:29:59+00:00
COMMAND         %CPU   RSS
mysqld          28.6 725228
isuride         12.3 17364
bench           11.6 82884
nginx            1.0  9600
nginx            1.0  9580
systemd-journal  0.7 290380
rsyslogd         0.3  5528
jbd2/sda1-8      0.3     0
rcu_preempt      0.1     0
2026-09-26T09:30:01+00:00
COMMAND         %CPU   RSS
mysqld          28.8 747636
isuride         12.9 17724
bench           11.8 86584
nginx            1.0  9600
nginx            1.0  9580
systemd-journal  0.7 291732
rsyslogd         0.3  5528
jbd2/sda1-8      0.3     0
rcu_preempt      0.1     0
2026-09-26T09:30:03+00:00
COMMAND         %CPU   RSS
mysqld          28.9 752948
isuride         13.6 17536
bench           11.8 90216
nginx            1.1  9600
nginx            1.0  9580
systemd-journal  0.7 293072
rsyslogd         0.3  5528
jbd2/sda1-8      0.3     0
rcu_preempt      0.1     0
2026-09-26T09:30:05+00:00
COMMAND         %CPU   RSS
mysqld          29.1 720556
isuride         14.2 17124
bench           11.9 93348
nginx            1.1  9600
nginx            1.0  9580
systemd-journal  0.7 297620
rsyslogd         0.3  5528
jbd2/sda1-8      0.3     0
kworker/1:1H-kb  0.1     0
2026-09-26T09:30:07+00:00
COMMAND         %CPU   RSS
mysqld          29.2 722664
curl            25.0 12304
isuride         14.8 17196
bench           12.0 97176
nginx            1.1  9600
nginx            1.0  9580
systemd-journal  0.7 299192
rsyslogd         0.3  5528
jbd2/sda1-8      0.3     0
2026-09-26T09:30:09+00:00
COMMAND         %CPU   RSS
mysqld          29.4 724068
isuride         15.3 17976
bench           12.1 101008
nginx            1.1  9600
nginx            1.0  9580
systemd-journal  0.7 300372
rsyslogd         0.3  5528
jbd2/sda1-8      0.3     0
kworker/1:1H-kb  0.1     0
2026-09-26T09:30:11+00:00
COMMAND         %CPU   RSS
mysqld          29.5 724180
isuride         15.7 18272
bench           12.1 103592
nginx            1.1  9600
nginx            1.0  9580
systemd-journal  0.7 301544
rsyslogd         0.3  5528
jbd2/sda1-8      0.3     0
kworker/1:1H-kb  0.1     0
2026-09-26T09:30:13+00:00
COMMAND         %CPU   RSS
mysqld          29.7 722236
isuride         16.1 18052
bench           12.2 106372
curl             8.3 12300
nginx            1.1  9600
nginx            1.0  9580
systemd-journal  0.7 305864
rsyslogd         0.3  5528
jbd2/sda1-8      0.3     0
2026-09-26T09:30:15+00:00
COMMAND         %CPU   RSS
mysqld          29.8 722312
isuride         16.5 18604
bench           12.3 109628
nginx            1.1  9600
nginx            1.0  9580
systemd-journal  0.7 305864
rsyslogd         0.3  5528
jbd2/sda1-8      0.3     0
kworker/1:1H-kb  0.1     0
2026-09-26T09:30:17+00:00
COMMAND         %CPU   RSS
mysqld          30.0 756968
isuride         16.8 18372
bench           12.3 112652
nginx            1.1  9600
nginx            1.0  9580
systemd-journal  0.7 306756
rsyslogd         0.3  5528
jbd2/sda1-8      0.3     0
kworker/1:1H-kb  0.1     0
2026-09-26T09:30:19+00:00
COMMAND         %CPU   RSS
mysqld          30.2 811340
isuride         17.1 19160
bench           12.4 115780
nginx            1.1  9600
nginx            1.0  9580
systemd-journal  0.7 308288
rsyslogd         0.3  5528
jbd2/sda1-8      0.3     0
kworker/1:1H-kb  0.1     0
2026-09-26T09:30:21+00:00
COMMAND         %CPU   RSS
mysqld          30.3 737904
isuride         17.3 18620
bench           12.4 120016
curl             8.3 12004
nginx            1.1  9600
nginx            1.0  9580
systemd-journal  0.7 165872
rsyslogd         0.4  5528
jbd2/sda1-8      0.3     0
2026-09-26T09:30:23+00:00
COMMAND         %CPU   RSS
mysqld          30.5 743644
isuride         17.5 19176
bench           12.5 122576
nginx            1.1  9600
nginx            1.0  9580
systemd-journal  0.8 167100
rsyslogd         0.4  5528
jbd2/sda1-8      0.4     0
kworker/1:1H-kb  0.1     0
2026-09-26T09:30:25+00:00
COMMAND         %CPU   RSS
mysqld          30.7 717992
isuride         17.7 18720
bench           12.5 129564
nginx            1.1  9600
nginx            1.0  9580
systemd-journal  0.8 168280
rsyslogd         0.4  5528
jbd2/sda1-8      0.4     0
kworker/1:1H-kb  0.1     0
2026-09-26T09:30:27+00:00
COMMAND         %CPU   RSS
mysqld          30.8 719124
isuride         18.0 18776
bench           12.5 131016
nginx            1.1  9600
nginx            1.1  9580
systemd-journal  0.8 169400
rsyslogd         0.4  5528
jbd2/sda1-8      0.4     0
kworker/1:1H-kb  0.1     0
2026-09-26T09:30:29+00:00
COMMAND         %CPU   RSS
mysqld          31.0 722296
isuride         18.2 19244
bench           12.5 136652
nginx            1.1  9600
nginx            1.1  9580
systemd-journal  0.8 174048
rsyslogd         0.4  5528
jbd2/sda1-8      0.4     0
kworker/1:1H-kb  0.1     0
2026-09-26T09:30:31+00:00
COMMAND         %CPU   RSS
mysqld          31.1 714468
isuride         18.4 19644
bench           12.6 137140
curl             7.6 11852
nginx            1.1  9600
nginx            1.1  9580
systemd-journal  0.8 175564
rsyslogd         0.4  5528
jbd2/sda1-8      0.4     0
2026-09-26T09:30:33+00:00
COMMAND         %CPU   RSS
mysqld          31.3 719964
isuride         18.5 21776
bench           12.5 142352
nginx            1.1  9600
nginx            1.1  9580
systemd-journal  0.8 176616
rsyslogd         0.4  5528
jbd2/sda1-8      0.4     0
kworker/1:1H-kb  0.1     0
2026-09-26T09:30:35+00:00
COMMAND         %CPU   RSS
mysqld          31.5 749980
isuride         18.6 20596
bench           12.5 142708
nginx            1.1  9600
nginx            1.1  9580
systemd-journal  0.8 179984
rsyslogd         0.4  5528
jbd2/sda1-8      0.4     0
kworker/1:1H-kb  0.1     0
2026-09-26T09:30:37+00:00
COMMAND         %CPU   RSS
mysqld          31.7 757600
isuride         18.7 20904
bench           12.5 148080
nginx            1.1  9600
nginx            1.1  9580
systemd-journal  0.8 181420
rsyslogd         0.4  5528
jbd2/sda1-8      0.4     0
kworker/1:1H-kb  0.1     0
2026-09-26T09:30:39+00:00
COMMAND         %CPU   RSS
mysqld          31.8 790704
isuride         18.9 21452
bench           12.5 148668
nginx            1.1  9600
nginx            1.1  9580
systemd-journal  0.8 182652
rsyslogd         0.4  5528
jbd2/sda1-8      0.4     0
kworker/1:1H-kb  0.1     0
2026-09-26T09:30:41+00:00
COMMAND         %CPU   RSS
mysqld          32.0 710176
isuride         19.2 19052
bench           12.5 156516
nginx            1.1  9600
nginx            1.1  9580
systemd-journal  0.8 184076
rsyslogd         0.4  5528
jbd2/sda1-8      0.4     0
kworker/1:1H-kb  0.1     0
2026-09-26T09:30:43+00:00
COMMAND         %CPU   RSS
mysqld          32.1 710212
isuride         19.6 18684
bench           12.6 156800
nginx            1.1  9600
nginx            1.1  9580
systemd-journal  0.8 189200
rsyslogd         0.4  5528
jbd2/sda1-8      0.4     0
kworker/1:1H-kb  0.1     0
