procs -----------memory---------- ---swap-- -----io---- -system-- -------cpu------- -----timestamp-----
 r  b   swpd   free   buff  cache   si   so    bi    bo   in   cs us sy id wa st gu                 UTC
 2  0      0 2139712  88132 938992    0    0   433  3564 3946   68 17  6 77  0  0  0 2026-09-26 09:29:39
 2  0      0 2103204  88132 943864    0    0    20 54460 15902 31715 29 14 41 16  0  0 2026-09-26 09:29:40
 6  0      0 2083872  88132 953456    0    0     0  4268 16053 49015 63 13 23  1  0  0 2026-09-26 09:29:41
 0  1      0 2042520  88132 945376    0    0     0 12548 20739 60258 41 15 43  2  0  0 2026-09-26 09:29:42
 6  0      0 2021664  88132 949452    0    0     0  7020 21411 63135 42 18 38  2  0  0 2026-09-26 09:29:43
 8  0      0 2031272  88132 947224    0    0     0  8196 25841 76495 37 20 41  2  0  0 2026-09-26 09:29:44
 3  0      0 2014432  88132 948248    0    0     0 10032 21995 72363 55 21 23  1  0  0 2026-09-26 09:29:45
16  0      0 2012976  88132 951704    0    0     0  9264 23665 80223 41 24 34  2  0  0 2026-09-26 09:29:46
 5  0      0 2051396  88132 952576    0    0     0 14176 17988 60518 60 29 10  2  0  0 2026-09-26 09:29:47
14  0      0 2053584  88132 953664    0    0     0 11668 23037 83642 46 24 28  2  0  0 2026-09-26 09:29:48
15  0      0 1992384  88132 955232    0    0     0 12456 21207 74642 55 28 16  1  0  0 2026-09-26 09:29:49
41  1      0 2004256  88132 962608    0    0     0 15060 20999 80956 56 26 17  2  0  0 2026-09-26 09:29:50
 8  0      0 1994896  88132 957840    0    0     0 16336 19061 70820 65 29  5  1  0  0 2026-09-26 09:29:51
21  1      0 1968564  88132 964848    0    0     0 13676 21455 82781 57 27 15  2  0  0 2026-09-26 09:29:52
32  0      0 1993288  88132 961528    0    0     0 16500 17732 66047 63 26  9  2  0  0 2026-09-26 09:29:53
 9  0      0 1956472  88132 964104    0    0     0 15432 18034 67948 59 28 12  2  0  0 2026-09-26 09:29:54
19  0      0 1986456  88132 964224    0    0     0 14404 21120 86970 57 29 13  1  0  0 2026-09-26 09:29:55
34  1      0 1942668  88132 965692    0    0     0 16176 19174 72128 65 30  5  1  0  0 2026-09-26 09:29:56
10  0      0 1942232  88132 966904    0    0     0 18584 20088 75688 57 33  8  1  0  0 2026-09-26 09:29:57
22  0      0 1962884  88132 968092    0    0     0 37668 17494 65672 63 29  7  1  0  0 2026-09-26 09:29:58
14  0      0 1964780  88132 975684    0    0     0 18032 20299 79114 59 33  7  2  0  0 2026-09-26 09:29:59
procs -----------memory---------- ---swap-- -----io---- -system-- -------cpu------- -----timestamp-----
 r  b   swpd   free   buff  cache   si   so    bi    bo   in   cs us sy id wa st gu                 UTC
12  0      0 1971956  88132 970772    0    0     0 17492 18783 68085 67 27  6  1  0  0 2026-09-26 09:30:00
22  0      0 1955800  88132 977096    0    0     0 16500 18554 72523 62 29  7  2  0  0 2026-09-26 09:30:01
 6  0      0 1965916  88132 973384    0    0     0 16544 18864 74876 62 31  7  1  0  0 2026-09-26 09:30:02
23  1      0 1934224  88132 978828    0    0     0 45120 19457 72707 63 31  5  1  0  0 2026-09-26 09:30:03
 8  1      0 1922884  88132 976532    0    0     0 17812 19913 74349 64 30  5  1  0  0 2026-09-26 09:30:04
21  0      0 1928092  88132 978892    0    0     0 18676 16730 65388 66 30  4  1  0  0 2026-09-26 09:30:05
 8  0      0 1935220  88132 980200    0    0     0 16848 18185 77820 65 30  4  1  0  0 2026-09-26 09:30:06
19  1      0 1893164  88132 981608    0    0     0 14080 19548 74835 64 30  6  1  0  0 2026-09-26 09:30:07
13  0      0 1892912  88132 992776    0    0     0 16376 18426 72906 63 31  5  1  0  0 2026-09-26 09:30:08
12  1      0 1895880  88132 984224    0    0     0 15348 17618 64334 69 29  1  0  0  0 2026-09-26 09:30:09
28  0      0 1896980  88132 992608    0    0     0 16412 19179 69025 69 29  2  1  0  0 2026-09-26 09:30:10
24  0      0 1896308  88132 988504    0    0     0 15116 18805 69418 69 28  3  0  0  0 2026-09-26 09:30:11
15  0      0 1863828  88132 994640    0    0     0 14936 17603 64872 72 25  2  1  0  0 2026-09-26 09:30:12
19  0      0 1906244  88132 991448    0    0     0 53388 18082 72168 65 29  5  1  0  0 2026-09-26 09:30:13
17  0      0 1874780  88132 993744    0    0     0 14220 18372 62751 68 30  2  1  0  0 2026-09-26 09:30:14
 7  0      0 1890184  88132 992952    0    0     0 16140 18600 74258 66 30  4  1  0  0 2026-09-26 09:30:15
 8  0      0 1898340  88132 993700    0    0     0 15448 18177 64624 69 30  1  1  0  0 2026-09-26 09:30:16
20  0      0 1893832  88132 1001520    0    0     0 15932 17927 70629 69 29  2  0  0  0 2026-09-26 09:30:17
36  0      0 1841920  88132 995896    0    0     0 17608 15579 63004 68 28  3  1  0  0 2026-09-26 09:30:18
 9  0      0 1837900  88132 1004656    0    0     0 16692 16163 63509 72 28  1  0  0  0 2026-09-26 09:30:19
14  0      0 1855612  88132 998212    0    0     0 16196 17302 67341 68 30  2  1  0  0 2026-09-26 09:30:20
procs -----------memory---------- ---swap-- -----io---- -system-- -------cpu------- -----timestamp-----
 r  b   swpd   free   buff  cache   si   so    bi    bo   in   cs us sy id wa st gu                 UTC
13  1      0 1851612  88132 1015320    0    0     0 29896 15503 57145 68 33  0  0  0  0 2026-09-26 09:30:21
26  0      0 1855256  88132 1011968    0    0     0 14900 19079 76919 66 28  5  1  0  0 2026-09-26 09:30:22
12  0      0 1815736  88132 1018420    0    0     0 11904 16344 60597 75 24  1  0  0  0 2026-09-26 09:30:23
33  0      0 1876368  88132 1014856    0    0     0 15388 17082 67225 70 30  1  0  0  0 2026-09-26 09:30:24
16  0      0 1804912  88132 1017012    0    0     0 13764 15970 58666 69 28  2  0  0  0 2026-09-26 09:30:25
14  0      0 1812024  88132 1029836    0    0     0 14092 19520 74201 66 27  6  1  0  0 2026-09-26 09:30:26
 9  0      0 1831248  88132 1019344    0    0     0 12952 18156 60702 72 26  2  1  0  0 2026-09-26 09:30:27
17  0      0 1813512  88132 1031244    0    0     0 16992 17393 65692 70 28  3  0  0  0 2026-09-26 09:30:28
27  0      0 1840220  88132 1023412    0    0     0 16800 17886 64589 71 28  1  1  0  0 2026-09-26 09:30:29
26  0      0 1801044  88132 1031036    0    0     0 13544 17770 63138 73 26  1  0  0  0 2026-09-26 09:30:30
34  0      0 1785460  88132 1025724    0    0     0 14256 18934 71959 72 27  1  0  0  0 2026-09-26 09:30:31
24  0      0 1719064  88132 1033144    0    0     0 11612 13897 51903 76 24  0  0  0  0 2026-09-26 09:30:32
17  0      0 1760824  88132 1027716    0    0     0 12396 15557 59501 75 23  2  0  0  0 2026-09-26 09:30:33
29  0      0 1739120  88132 1028532    0    0     0 29572 13385 46415 77 23  0  0  0  0 2026-09-26 09:30:34
43  0      0 1777856  88132 1034404    0    0     0 15896 17766 67097 71 29  1  0  0  0 2026-09-26 09:30:35
18  1      0 1770252  88132 1030856    0    0     0 13928 16100 58630 73 27  0  1  0  0 2026-09-26 09:30:36
14  0      0 1788272  88132 1038888    0    0     0 14704 18030 68094 70 29  2  0  0  0 2026-09-26 09:30:37
17  0      0 1822816  88132 1033336    0    0     0 16032 17438 66861 72 28  0  0  0  0 2026-09-26 09:30:38
20  1      0 1772048  88132 1042740    0    0     0 14676 14884 60833 73 27  1  0  0  0 2026-09-26 09:30:39
12  1      0 1774320  88136 1035420    0    0     0 15932 14144 59453 71 29  0  0  0  0 2026-09-26 09:30:40
12  0      0 1790952  88136 1036604    0    0     0  2632 15659 72021 77 21  2  0  0  0 2026-09-26 09:30:41
procs -----------memory---------- ---swap-- -----io---- -system-- -------cpu------- -----timestamp-----
 r  b   swpd   free   buff  cache   si   so    bi    bo   in   cs us sy id wa st gu                 UTC
 9  0      0 1794500  88136 1041048    0    0     0  1132 19741 95198 65 26  9  0  0  0 2026-09-26 09:30:42
 0  0      0 1801784  88136 1042096    0    0     0  4880 21427 95250 61 24 14  1  0  0 2026-09-26 09:30:43
 6  0      0 1803768  88136 1042800    0    0     0  4576 19426 91916 62 25 14  0  0  0 2026-09-26 09:30:44
 9  0      0 1806216  88136 1043440    0    0     0   848 20803 97384 63 23 14  0  0  0 2026-09-26 09:30:45
