time=01:26:54.008 level=DEBUG source=/tmp/isucon14/bench/cmd/run.go:90 msg=target targetURL=https://isuride.xiv.isucon.net targetAddr=127.0.0.1:443 benchrun.GetTargetAddress()="" paymentURL=http://127.0.0.1:12346
time=01:26:54.008 level=INFO msg=負荷走行を開始します
time=01:26:56.615 level=WARN msg="ユーザー登録に失敗しました (CODE=17): POST /api/app/usersへのリクエストに対して、期待されたHTTPステータスコードが確認できませんでした (expected:201, actual:500)"
time=01:26:56.775 level=DEBUG source=/tmp/isucon14/bench/benchmarker/scenario/scenario.go:315 msg=時間経過 tick=60
time=01:26:56.775 level=DEBUG source=/tmp/isucon14/bench/benchmarker/scenario/scenario.go:317 msg=eval reqs=7 score="[0 0 0 4 3]" criteria="[7 3 7 7]"
time=01:26:58.555 level=INFO msg=一定の売上が立ったためオーナーの椅子が増加します 名前=木座デザイン 増加数=1
time=01:26:58.558 level=INFO msg=一定の売上が立ったためオーナーの椅子が増加します 名前=椅子工藝舎 増加数=1
time=01:26:58.558 level=INFO msg=一定の売上が立ったためオーナーの椅子が増加します 名前=風座プロダクツ 増加数=2
time=01:26:58.575 level=DEBUG source=/tmp/isucon14/bench/benchmarker/scenario/scenario.go:315 msg=時間経過 tick=120
time=01:26:58.575 level=DEBUG source=/tmp/isucon14/bench/benchmarker/scenario/scenario.go:317 msg=eval reqs=20 score="[0 0 0 11 9]" criteria="[20 9 20 20]"
time=01:27:00.037 level=WARN msg="ユーザー登録に失敗しました (CODE=17): POST /api/app/usersへのリクエストに対して、期待されたHTTPステータスコードが確認できませんでした (expected:201, actual:500)"
time=01:27:00.353 level=INFO msg=一定の売上が立ったためオーナーの椅子が増加します 名前=ゆったり号 増加数=1
time=01:27:00.355 level=INFO msg=一定の売上が立ったためオーナーの椅子が増加します 名前="Orbit Taxi" 増加数=2
time=01:27:00.356 level=INFO msg=一定の売上が立ったためオーナーの椅子が増加します 名前=木座デザイン 増加数=2
time=01:27:00.357 level=INFO msg=一定の売上が立ったためオーナーの椅子が増加します 名前=椅子工藝舎 増加数=1
time=01:27:00.363 level=INFO msg=一定の売上が立ったためオーナーの椅子が増加します 名前=風座プロダクツ 増加数=1
time=01:27:00.375 level=DEBUG source=/tmp/isucon14/bench/benchmarker/scenario/scenario.go:315 msg=時間経過 tick=180
time=01:27:00.375 level=DEBUG source=/tmp/isucon14/bench/benchmarker/scenario/scenario.go:317 msg=eval reqs=38 score="[0 0 0 25 13]" criteria="[38 13 38 38]"
time=01:27:00.375 level=INFO msg=これまでに地域内の評判によって8人、既存ユーザーの招待経由で36人が新規登録しました
time=01:27:00.376 level=INFO msg=0.0%のライドは椅子がマッチされるまでの時間、65.8%のライドはマッチされた椅子が乗車地点までに掛かる時間、0.0%のライドは椅子の実移動時間に不満がありました
time=01:27:02.156 level=INFO msg=一定の売上が立ったためオーナーの椅子が増加します 名前=木座デザイン 増加数=1
time=01:27:02.157 level=INFO msg=一定の売上が立ったためオーナーの椅子が増加します 名前=椅子工藝舎 増加数=1
time=01:27:02.158 level=INFO msg=一定の売上が立ったためオーナーの椅子が増加します 名前=ゆったり号 増加数=1
time=01:27:02.159 level=INFO msg=一定の売上が立ったためオーナーの椅子が増加します 名前=風座プロダクツ 増加数=3
time=01:27:02.159 level=INFO msg=一定の売上が立ったためオーナーの椅子が増加します 名前="Orbit Taxi" 増加数=1
time=01:27:02.175 level=DEBUG source=/tmp/isucon14/bench/benchmarker/scenario/scenario.go:315 msg=時間経過 tick=240
time=01:27:02.175 level=DEBUG source=/tmp/isucon14/bench/benchmarker/scenario/scenario.go:317 msg=eval reqs=56 score="[0 0 1 34 21]" criteria="[56 21 56 55]"
time=01:27:03.945 level=WARN msg="ユーザー登録に失敗しました (CODE=17): POST /api/app/usersへのリクエストに対して、期待されたHTTPステータスコードが確認できませんでした (expected:201, actual:500)"
time=01:27:03.959 level=INFO msg=一定の売上が立ったためオーナーの椅子が増加します 名前=木座デザイン 増加数=1
time=01:27:03.969 level=INFO msg=一定の売上が立ったためオーナーの椅子が増加します 名前="Orbit Taxi" 増加数=2
time=01:27:03.975 level=DEBUG source=/tmp/isucon14/bench/benchmarker/scenario/scenario.go:315 msg=時間経過 tick=300
time=01:27:03.975 level=DEBUG source=/tmp/isucon14/bench/benchmarker/scenario/scenario.go:317 msg=eval reqs=74 score="[0 0 3 45 26]" criteria="[74 27 74 70]"
time=01:27:03.984 level=INFO msg=一定の売上が立ったためオーナーの椅子が増加します 名前=椅子工藝舎 増加数=1
time=01:27:03.985 level=INFO msg=一定の売上が立ったためオーナーの椅子が増加します 名前=ゆったり号 増加数=2
time=01:27:03.990 level=INFO msg=一定の売上が立ったためオーナーの椅子が増加します 名前=風座プロダクツ 増加数=1
time=01:27:05.775 level=DEBUG source=/tmp/isucon14/bench/benchmarker/scenario/scenario.go:315 msg=時間経過 tick=360
time=01:27:05.775 level=DEBUG source=/tmp/isucon14/bench/benchmarker/scenario/scenario.go:317 msg=eval reqs=92 score="[0 0 10 52 30]" criteria="[92 32 92 80]"
time=01:27:05.775 level=INFO msg=これまでに地域内の評判によって20人、既存ユーザーの招待経由で78人が新規登録しました
time=01:27:05.775 level=INFO msg=0.0%のライドは椅子がマッチされるまでの時間、65.2%のライドはマッチされた椅子が乗車地点までに掛かる時間、6.5%のライドは椅子の実移動時間に不満がありました
time=01:27:05.781 level=INFO msg=一定の売上が立ったためオーナーの椅子が増加します 名前=椅子工藝舎 増加数=2
time=01:27:05.808 level=INFO msg=一定の売上が立ったためオーナーの椅子が増加します 名前=風座プロダクツ 増加数=2
time=01:27:05.818 level=INFO msg=一定の売上が立ったためオーナーの椅子が増加します 名前=木座デザイン 増加数=2
time=01:27:05.826 level=INFO msg=一定の売上が立ったためオーナーの椅子が増加します 名前="Orbit Taxi" 増加数=1
time=01:27:07.586 level=DEBUG source=/tmp/isucon14/bench/benchmarker/scenario/scenario.go:315 msg=時間経過 tick=420
time=01:27:07.586 level=DEBUG source=/tmp/isucon14/bench/benchmarker/scenario/scenario.go:317 msg=eval reqs=111 score="[0 6 20 55 30]" criteria="[103 37 107 84]"
time=01:27:07.587 level=INFO msg=一定の売上が立ったためオーナーの椅子が増加します 名前=ゆったり号 増加数=2
time=01:27:07.587 level=INFO msg=一定の売上が立ったためオーナーの椅子が増加します 名前=風座プロダクツ 増加数=1
time=01:27:07.595 level=INFO msg=一定の売上が立ったためオーナーの椅子が増加します 名前=木座デザイン 増加数=1
time=01:27:07.617 level=INFO msg=一定の売上が立ったためオーナーの椅子が増加します 名前="Orbit Taxi" 増加数=2
time=01:27:09.375 level=DEBUG source=/tmp/isucon14/bench/benchmarker/scenario/scenario.go:315 msg=時間経過 tick=480
time=01:27:09.376 level=DEBUG source=/tmp/isucon14/bench/benchmarker/scenario/scenario.go:317 msg=eval reqs=130 score="[3 9 30 58 30]" criteria="[106 49 118 90]"
time=01:27:09.404 level=INFO msg=一定の売上が立ったためオーナーの椅子が増加します 名前="Orbit Taxi" 増加数=2
time=01:27:09.431 level=INFO msg=一定の売上が立ったためオーナーの椅子が増加します 名前=風座プロダクツ 増加数=1
time=01:27:09.441 level=INFO msg=一定の売上が立ったためオーナーの椅子が増加します 名前=椅子工藝舎 増加数=1
time=01:27:09.453 level=INFO msg=一定の売上が立ったためオーナーの椅子が増加します 名前=ゆったり号 増加数=1
time=01:27:11.175 level=DEBUG source=/tmp/isucon14/bench/benchmarker/scenario/scenario.go:315 msg=時間経過 tick=540
time=01:27:11.175 level=DEBUG source=/tmp/isucon14/bench/benchmarker/scenario/scenario.go:317 msg=eval reqs=149 score="[11 14 35 59 30]" criteria="[109 56 124 92]"
time=01:27:11.175 level=INFO msg=これまでに地域内の評判によって32人、既存ユーザーの招待経由で85人が新規登録しました
time=01:27:11.175 level=INFO msg=これまでに低評価なライドによって14人が利用をやめました
time=01:27:11.175 level=INFO msg=26.8%のライドは椅子がマッチされるまでの時間、62.4%のライドはマッチされた椅子が乗車地点までに掛かる時間、27.5%のライドは椅子の実移動時間に不満がありました
time=01:27:11.193 level=INFO msg=一定の売上が立ったためオーナーの椅子が増加します 名前=椅子工藝舎 増加数=2
time=01:27:11.206 level=INFO msg=一定の売上が立ったためオーナーの椅子が増加します 名前=木座デザイン 増加数=1
time=01:27:11.214 level=INFO msg=一定の売上が立ったためオーナーの椅子が増加します 名前=ゆったり号 増加数=1
time=01:27:11.216 level=INFO msg=一定の売上が立ったためオーナーの椅子が増加します 名前=風座プロダクツ 増加数=2
time=01:27:11.216 level=INFO msg=一定の売上が立ったためオーナーの椅子が増加します 名前="Orbit Taxi" 増加数=1
time=01:27:12.972 level=INFO msg=一定の売上が立ったためオーナーの椅子が増加します 名前=ゆったり号 増加数=1
time=01:27:12.975 level=DEBUG source=/tmp/isucon14/bench/benchmarker/scenario/scenario.go:315 msg=時間経過 tick=600
time=01:27:12.975 level=DEBUG source=/tmp/isucon14/bench/benchmarker/scenario/scenario.go:317 msg=eval reqs=174 score="[18 20 47 59 30]" criteria="[112 68 135 96]"
time=01:27:13.025 level=INFO msg=一定の売上が立ったためオーナーの椅子が増加します 名前=椅子工藝舎 増加数=1
time=01:27:13.026 level=INFO msg=一定の売上が立ったためオーナーの椅子が増加します 名前=風座プロダクツ 増加数=1
time=01:27:13.026 level=INFO msg=一定の売上が立ったためオーナーの椅子が増加します 名前="Orbit Taxi" 増加数=3
time=01:27:13.046 level=INFO msg=一定の売上が立ったためオーナーの椅子が増加します 名前=木座デザイン 増加数=2
time=01:27:14.775 level=DEBUG source=/tmp/isucon14/bench/benchmarker/scenario/scenario.go:315 msg=時間経過 tick=660
time=01:27:14.775 level=DEBUG source=/tmp/isucon14/bench/benchmarker/scenario/scenario.go:317 msg=eval reqs=198 score="[31 24 54 59 30]" criteria="[114 74 141 100]"
time=01:27:14.834 level=INFO msg=一定の売上が立ったためオーナーの椅子が増加します 名前=ゆったり号 増加数=1
time=01:27:14.836 level=INFO msg=一定の売上が立ったためオーナーの椅子が増加します 名前=椅子工藝舎 増加数=2
time=01:27:14.852 level=INFO msg=一定の売上が立ったためオーナーの椅子が増加します 名前=風座プロダクツ 増加数=1
time=01:27:14.869 level=INFO msg=一定の売上が立ったためオーナーの椅子が増加します 名前=木座デザイン 増加数=1
time=01:27:16.575 level=DEBUG source=/tmp/isucon14/bench/benchmarker/scenario/scenario.go:315 msg=時間経過 tick=720
time=01:27:16.575 level=DEBUG source=/tmp/isucon14/bench/benchmarker/scenario/scenario.go:317 msg=eval reqs=225 score="[36 29 65 63 32]" criteria="[120 94 156 106]"
time=01:27:16.575 level=INFO msg=これまでに地域内の評判によって44人、既存ユーザーの招待経由で91人が新規登録しました
time=01:27:16.575 level=INFO msg=これまでに低評価なライドによって36人が利用をやめました
time=01:27:16.575 level=INFO msg=46.7%のライドは椅子がマッチされるまでの時間、58.2%のライドはマッチされた椅子が乗車地点までに掛かる時間、41.8%のライドは椅子の実移動時間に不満がありました
time=01:27:16.628 level=INFO msg=一定の売上が立ったためオーナーの椅子が増加します 名前=椅子工藝舎 増加数=2
time=01:27:16.629 level=INFO msg=一定の売上が立ったためオーナーの椅子が増加します 名前="Orbit Taxi" 増加数=3
time=01:27:16.630 level=INFO msg=一定の売上が立ったためオーナーの椅子が増加します 名前=風座プロダクツ 増加数=1
time=01:27:16.653 level=INFO msg=一定の売上が立ったためオーナーの椅子が増加します 名前=ゆったり号 増加数=1
time=01:27:16.681 level=INFO msg=一定の売上が立ったためオーナーの椅子が増加します 名前=木座デザイン 増加数=2
time=01:27:18.344 level=WARN msg="ユーザー登録に失敗しました (CODE=17): POST /api/app/usersへのリクエストに対して、期待されたHTTPステータスコードが確認できませんでした (expected:201, actual:500)"
time=01:27:18.375 level=DEBUG source=/tmp/isucon14/bench/benchmarker/scenario/scenario.go:315 msg=時間経過 tick=780
time=01:27:18.375 level=DEBUG source=/tmp/isucon14/bench/benchmarker/scenario/scenario.go:317 msg=eval reqs=255 score="[46 34 72 68 35]" criteria="[133 109 168 112]"
time=01:27:18.474 level=INFO msg=一定の売上が立ったためオーナーの椅子が増加します 名前=ゆったり号 増加数=2
time=01:27:18.485 level=INFO msg=一定の売上が立ったためオーナーの椅子が増加します 名前=椅子工藝舎 増加数=2
time=01:27:18.490 level=INFO msg=一定の売上が立ったためオーナーの椅子が増加します 名前="Orbit Taxi" 増加数=2
time=01:27:18.536 level=INFO msg=一定の売上が立ったためオーナーの椅子が増加します 名前=木座デザイン 増加数=2
time=01:27:18.571 level=INFO msg=一定の売上が立ったためオーナーの椅子が増加します 名前=風座プロダクツ 増加数=1
time=01:27:20.175 level=DEBUG source=/tmp/isucon14/bench/benchmarker/scenario/scenario.go:315 msg=時間経過 tick=840
time=01:27:20.175 level=DEBUG source=/tmp/isucon14/bench/benchmarker/scenario/scenario.go:317 msg=eval reqs=294 score="[58 44 81 75 36]" criteria="[159 125 176 115]"
time=01:27:20.192 level=INFO msg=一定の売上が立ったためオーナーの椅子が増加します 名前=木座デザイン 増加数=3
time=01:27:20.211 level=INFO msg=一定の売上が立ったためオーナーの椅子が増加します 名前=椅子工藝舎 増加数=1
time=01:27:20.218 level=INFO msg=一定の売上が立ったためオーナーの椅子が増加します 名前="Orbit Taxi" 増加数=2
time=01:27:20.239 level=INFO msg=一定の売上が立ったためオーナーの椅子が増加します 名前=ゆったり号 増加数=3
time=01:27:20.240 level=INFO msg=一定の売上が立ったためオーナーの椅子が増加します 名前=風座プロダクツ 増加数=2
time=01:27:20.251 level=WARN msg="ユーザー登録に失敗しました (CODE=17): POST /api/app/usersへのリクエストに対して、期待されたHTTPステータスコードが確認できませんでした (expected:201, actual:500)"
time=01:27:21.975 level=DEBUG source=/tmp/isucon14/bench/benchmarker/scenario/scenario.go:315 msg=時間経過 tick=900
time=01:27:21.975 level=DEBUG source=/tmp/isucon14/bench/benchmarker/scenario/scenario.go:317 msg=eval reqs=319 score="[59 50 88 85 37]" criteria="[183 143 187 116]"
time=01:27:21.975 level=INFO msg=これまでに地域内の評判によって56人、既存ユーザーの招待経由で115人が新規登録しました
time=01:27:21.975 level=INFO msg=これまでに低評価なライドによって51人が利用をやめました
time=01:27:21.975 level=INFO msg=42.6%のライドは椅子がマッチされるまでの時間、55.2%のライドはマッチされた椅子が乗車地点までに掛かる時間、52.5%のライドは椅子の実移動時間に不満がありました
time=01:27:22.037 level=INFO msg=一定の売上が立ったためオーナーの椅子が増加します 名前="Orbit Taxi" 増加数=1
time=01:27:22.068 level=INFO msg=一定の売上が立ったためオーナーの椅子が増加します 名前=風座プロダクツ 増加数=1
time=01:27:22.077 level=INFO msg=一定の売上が立ったためオーナーの椅子が増加します 名前=椅子工藝舎 増加数=3
time=01:27:22.077 level=INFO msg=一定の売上が立ったためオーナーの椅子が増加します 名前=木座デザイン 増加数=1
time=01:27:23.775 level=DEBUG source=/tmp/isucon14/bench/benchmarker/scenario/scenario.go:315 msg=時間経過 tick=960
time=01:27:23.775 level=DEBUG source=/tmp/isucon14/bench/benchmarker/scenario/scenario.go:317 msg=eval reqs=350 score="[59 64 99 91 37]" criteria="[214 160 193 116]"
time=01:27:23.910 level=INFO msg=一定の売上が立ったためオーナーの椅子が増加します 名前=椅子工藝舎 増加数=1
time=01:27:23.911 level=INFO msg=一定の売上が立ったためオーナーの椅子が増加します 名前=ゆったり号 増加数=1
time=01:27:23.946 level=INFO msg=一定の売上が立ったためオーナーの椅子が増加します 名前=木座デザイン 増加数=2
time=01:27:23.948 level=INFO msg=一定の売上が立ったためオーナーの椅子が増加します 名前=風座プロダクツ 増加数=1
time=01:27:23.966 level=INFO msg=一定の売上が立ったためオーナーの椅子が増加します 名前="Orbit Taxi" 増加数=3
time=01:27:25.575 level=DEBUG source=/tmp/isucon14/bench/benchmarker/scenario/scenario.go:315 msg=時間経過 tick=1020
time=01:27:25.575 level=DEBUG source=/tmp/isucon14/bench/benchmarker/scenario/scenario.go:317 msg=eval reqs=375 score="[60 73 110 95 37]" criteria="[238 174 197 117]"
time=01:27:25.634 level=INFO msg=一定の売上が立ったためオーナーの椅子が増加します 名前=椅子工藝舎 増加数=1
time=01:27:25.677 level=INFO msg=一定の売上が立ったためオーナーの椅子が増加します 名前="Orbit Taxi" 増加数=1
time=01:27:25.679 level=INFO msg=一定の売上が立ったためオーナーの椅子が増加します 名前=ゆったり号 増加数=1
time=01:27:25.703 level=INFO msg=一定の売上が立ったためオーナーの椅子が増加します 名前=風座プロダクツ 増加数=3
time=01:27:25.739 level=INFO msg=一定の売上が立ったためオーナーの椅子が増加します 名前=木座デザイン 増加数=1
time=01:27:27.375 level=DEBUG source=/tmp/isucon14/bench/benchmarker/scenario/scenario.go:315 msg=時間経過 tick=1080
time=01:27:27.375 level=DEBUG source=/tmp/isucon14/bench/benchmarker/scenario/scenario.go:317 msg=eval reqs=405 score="[61 85 125 97 37]" criteria="[267 188 199 120]"
time=01:27:27.375 level=INFO msg=これまでに地域内の評判によって68人、既存ユーザーの招待経由で125人が新規登録しました
time=01:27:27.375 level=INFO msg=これまでに低評価なライドによって66人が利用をやめました
time=01:27:27.375 level=INFO msg=34.1%のライドは椅子がマッチされるまでの時間、53.6%のライドはマッチされた椅子が乗車地点までに掛かる時間、60.6%のライドは椅子の実移動時間に不満がありました
time=01:27:27.430 level=INFO msg=一定の売上が立ったためオーナーの椅子が増加します 名前=木座デザイン 増加数=3
time=01:27:27.437 level=INFO msg=一定の売上が立ったためオーナーの椅子が増加します 名前="Orbit Taxi" 増加数=1
time=01:27:27.447 level=INFO msg=一定の売上が立ったためオーナーの椅子が増加します 名前=椅子工藝舎 増加数=1
time=01:27:27.488 level=INFO msg=一定の売上が立ったためオーナーの椅子が増加します 名前=風座プロダクツ 増加数=1
time=01:27:29.175 level=DEBUG source=/tmp/isucon14/bench/benchmarker/scenario/scenario.go:315 msg=時間経過 tick=1140
time=01:27:29.175 level=DEBUG source=/tmp/isucon14/bench/benchmarker/scenario/scenario.go:317 msg=eval reqs=441 score="[62 97 142 103 37]" criteria="[302 210 204 122]"
time=01:27:29.287 level=INFO msg=一定の売上が立ったためオーナーの椅子が増加します 名前=椅子工藝舎 増加数=2
time=01:27:29.287 level=INFO msg=一定の売上が立ったためオーナーの椅子が増加します 名前=風座プロダクツ 増加数=1
time=01:27:29.401 level=INFO msg=一定の売上が立ったためオーナーの椅子が増加します 名前=ゆったり号 増加数=2
time=01:27:29.441 level=INFO msg=一定の売上が立ったためオーナーの椅子が増加します 名前="Orbit Taxi" 増加数=2
time=01:27:29.486 level=INFO msg=一定の売上が立ったためオーナーの椅子が増加します 名前=木座デザイン 増加数=2
time=01:27:30.975 level=DEBUG source=/tmp/isucon14/bench/benchmarker/scenario/scenario.go:315 msg=時間経過 tick=1200
time=01:27:30.975 level=DEBUG source=/tmp/isucon14/bench/benchmarker/scenario/scenario.go:317 msg=eval reqs=468 score="[62 103 157 108 38]" criteria="[329 230 209 125]"
time=01:27:31.043 level=INFO msg=一定の売上が立ったためオーナーの椅子が増加します 名前=椅子工藝舎 増加数=2
time=01:27:31.058 level=INFO msg=一定の売上が立ったためオーナーの椅子が増加します 名前=風座プロダクツ 増加数=1
time=01:27:31.059 level=INFO msg=一定の売上が立ったためオーナーの椅子が増加します 名前=木座デザイン 増加数=1
time=01:27:31.140 level=INFO msg=一定の売上が立ったためオーナーの椅子が増加します 名前="Orbit Taxi" 増加数=1
time=01:27:32.775 level=DEBUG source=/tmp/isucon14/bench/benchmarker/scenario/scenario.go:315 msg=時間経過 tick=1260
time=01:27:32.775 level=DEBUG source=/tmp/isucon14/bench/benchmarker/scenario/scenario.go:317 msg=eval reqs=500 score="[63 113 174 112 38]" criteria="[360 249 213 127]"
time=01:27:32.775 level=INFO msg=これまでに地域内の評判によって80人、既存ユーザーの招待経由で140人が新規登録しました
time=01:27:32.775 level=INFO msg=これまでに低評価なライドによって72人が利用をやめました
time=01:27:32.775 level=INFO msg=28.0%のライドは椅子がマッチされるまでの時間、50.2%のライドはマッチされた椅子が乗車地点までに掛かる時間、66.0%のライドは椅子の実移動時間に不満がありました
time=01:27:32.849 level=INFO msg=一定の売上が立ったためオーナーの椅子が増加します 名前="Orbit Taxi" 増加数=2
time=01:27:32.928 level=INFO msg=一定の売上が立ったためオーナーの椅子が増加します 名前=風座プロダクツ 増加数=1
time=01:27:32.962 level=INFO msg=一定の売上が立ったためオーナーの椅子が増加します 名前=ゆったり号 増加数=1
time=01:27:33.006 level=INFO msg=一定の売上が立ったためオーナーの椅子が増加します 名前=椅子工藝舎 増加数=2
time=01:27:33.070 level=INFO msg=一定の売上が立ったためオーナーの椅子が増加します 名前=木座デザイン 増加数=1
time=01:27:34.575 level=DEBUG source=/tmp/isucon14/bench/benchmarker/scenario/scenario.go:315 msg=時間経過 tick=1320
time=01:27:34.575 level=DEBUG source=/tmp/isucon14/bench/benchmarker/scenario/scenario.go:317 msg=eval reqs=538 score="[63 129 188 120 38]" criteria="[398 271 219 129]"
time=01:27:34.657 level=INFO msg=一定の売上が立ったためオーナーの椅子が増加します 名前=ゆったり号 増加数=2
time=01:27:34.800 level=INFO msg=一定の売上が立ったためオーナーの椅子が増加します 名前="Orbit Taxi" 増加数=2
time=01:27:34.800 level=INFO msg=一定の売上が立ったためオーナーの椅子が増加します 名前=椅子工藝舎 増加数=1
time=01:27:34.877 level=INFO msg=一定の売上が立ったためオーナーの椅子が増加します 名前=風座プロダクツ 増加数=3
time=01:27:34.963 level=INFO msg=一定の売上が立ったためオーナーの椅子が増加します 名前=木座デザイン 増加数=2
time=01:27:36.375 level=DEBUG source=/tmp/isucon14/bench/benchmarker/scenario/scenario.go:315 msg=時間経過 tick=1380
time=01:27:36.375 level=DEBUG source=/tmp/isucon14/bench/benchmarker/scenario/scenario.go:317 msg=eval reqs=573 score="[64 139 205 125 40]" criteria="[432 294 226 132]"
time=01:27:36.505 level=INFO msg=一定の売上が立ったためオーナーの椅子が増加します 名前=ゆったり号 増加数=3
time=01:27:36.559 level=INFO msg=一定の売上が立ったためオーナーの椅子が増加します 名前=椅子工藝舎 増加数=1
time=01:27:36.576 level=INFO msg=一定の売上が立ったためオーナーの椅子が増加します 名前=木座デザイン 増加数=2
time=01:27:36.607 level=INFO msg=一定の売上が立ったためオーナーの椅子が増加します 名前=風座プロダクツ 増加数=1
time=01:27:38.175 level=DEBUG source=/tmp/isucon14/bench/benchmarker/scenario/scenario.go:315 msg=時間経過 tick=1440
time=01:27:38.175 level=DEBUG source=/tmp/isucon14/bench/benchmarker/scenario/scenario.go:317 msg=eval reqs=617 score="[64 148 238 127 40]" criteria="[476 329 227 133]"
time=01:27:38.175 level=INFO msg=これまでに地域内の評判によって92人、既存ユーザーの招待経由で154人が新規登録しました
time=01:27:38.175 level=INFO msg=これまでに低評価なライドによって81人が利用をやめました
time=01:27:38.175 level=INFO msg=22.9%のライドは椅子がマッチされるまでの時間、46.7%のライドはマッチされた椅子が乗車地点までに掛かる時間、70.8%のライドは椅子の実移動時間に不満がありました
time=01:27:38.322 level=INFO msg=一定の売上が立ったためオーナーの椅子が増加します 名前=風座プロダクツ 増加数=2
time=01:27:38.365 level=INFO msg=一定の売上が立ったためオーナーの椅子が増加します 名前=木座デザイン 増加数=1
time=01:27:38.384 level=INFO msg=一定の売上が立ったためオーナーの椅子が増加します 名前=椅子工藝舎 増加数=2
time=01:27:38.390 level=INFO msg=一定の売上が立ったためオーナーの椅子が増加します 名前="Orbit Taxi" 増加数=2
time=01:27:39.975 level=DEBUG source=/tmp/isucon14/bench/benchmarker/scenario/scenario.go:315 msg=時間経過 tick=1500
time=01:27:39.975 level=DEBUG source=/tmp/isucon14/bench/benchmarker/scenario/scenario.go:317 msg=eval reqs=652 score="[66 156 258 132 40]" criteria="[509 353 230 136]"
time=01:27:40.044 level=INFO msg=一定の売上が立ったためオーナーの椅子が増加します 名前=ゆったり号 増加数=1
time=01:27:40.137 level=INFO msg=一定の売上が立ったためオーナーの椅子が増加します 名前=風座プロダクツ 増加数=2
time=01:27:40.222 level=INFO msg=一定の売上が立ったためオーナーの椅子が増加します 名前=椅子工藝舎 増加数=1
time=01:27:40.268 level=INFO msg=一定の売上が立ったためオーナーの椅子が増加します 名前=木座デザイン 増加数=1
time=01:27:40.525 level=INFO msg=一定の売上が立ったためオーナーの椅子が増加します 名前="Orbit Taxi" 増加数=1
time=01:27:41.775 level=DEBUG source=/tmp/isucon14/bench/benchmarker/scenario/scenario.go:315 msg=時間経過 tick=1560
time=01:27:41.775 level=DEBUG source=/tmp/isucon14/bench/benchmarker/scenario/scenario.go:317 msg=eval reqs=692 score="[66 167 284 135 40]" criteria="[549 382 233 136]"
time=01:27:41.877 level=INFO msg=一定の売上が立ったためオーナーの椅子が増加します 名前=ゆったり号 増加数=1
time=01:27:41.895 level=INFO msg=一定の売上が立ったためオーナーの椅子が増加します 名前=椅子工藝舎 増加数=2
time=01:27:41.916 level=INFO msg=一定の売上が立ったためオーナーの椅子が増加します 名前=木座デザイン 増加数=2
time=01:27:41.963 level=INFO msg=一定の売上が立ったためオーナーの椅子が増加します 名前="Orbit Taxi" 増加数=1
time=01:27:42.000 level=INFO msg=一定の売上が立ったためオーナーの椅子が増加します 名前=風座プロダクツ 増加数=1
time=01:27:43.575 level=DEBUG source=/tmp/isucon14/bench/benchmarker/scenario/scenario.go:315 msg=時間経過 tick=1620
time=01:27:43.575 level=DEBUG source=/tmp/isucon14/bench/benchmarker/scenario/scenario.go:317 msg=eval reqs=739 score="[67 177 315 140 40]" criteria="[595 418 235 139]"
time=01:27:43.575 level=INFO msg=これまでに地域内の評判によって104人、既存ユーザーの招待経由で166人が新規登録しました
time=01:27:43.575 level=INFO msg=これまでに低評価なライドによって86人が利用をやめました
time=01:27:43.575 level=INFO msg=19.5%のライドは椅子がマッチされるまでの時間、43.4%のライドはマッチされた椅子が乗車地点までに掛かる時間、74.7%のライドは椅子の実移動時間に不満がありました
time=01:27:43.731 level=INFO msg=一定の売上が立ったためオーナーの椅子が増加します 名前=ゆったり号 増加数=2
time=01:27:43.763 level=INFO msg=一定の売上が立ったためオーナーの椅子が増加します 名前=椅子工藝舎 増加数=2
time=01:27:43.839 level=INFO msg=一定の売上が立ったためオーナーの椅子が増加します 名前="Orbit Taxi" 増加数=2
time=01:27:43.876 level=INFO msg=一定の売上が立ったためオーナーの椅子が増加します 名前=風座プロダクツ 増加数=2
time=01:27:43.881 level=INFO msg=一定の売上が立ったためオーナーの椅子が増加します 名前=木座デザイン 増加数=1
time=01:27:45.375 level=DEBUG source=/tmp/isucon14/bench/benchmarker/scenario/scenario.go:315 msg=時間経過 tick=1680
time=01:27:45.375 level=DEBUG source=/tmp/isucon14/bench/benchmarker/scenario/scenario.go:317 msg=eval reqs=778 score="[69 183 342 143 41]" criteria="[632 449 238 141]"
time=01:27:45.495 level=INFO msg=一定の売上が立ったためオーナーの椅子が増加します 名前="Orbit Taxi" 増加数=1
time=01:27:45.518 level=INFO msg=一定の売上が立ったためオーナーの椅子が増加します 名前=木座デザイン 増加数=3
time=01:27:45.566 level=INFO msg=一定の売上が立ったためオーナーの椅子が増加します 名前=ゆったり号 増加数=1
time=01:27:45.627 level=INFO msg=一定の売上が立ったためオーナーの椅子が増加します 名前=椅子工藝舎 増加数=2
time=01:27:45.629 level=INFO msg=一定の売上が立ったためオーナーの椅子が増加します 名前=風座プロダクツ 増加数=1
time=01:27:47.175 level=DEBUG source=/tmp/isucon14/bench/benchmarker/scenario/scenario.go:315 msg=時間経過 tick=1740
time=01:27:47.175 level=DEBUG source=/tmp/isucon14/bench/benchmarker/scenario/scenario.go:317 msg=eval reqs=817 score="[69 187 375 145 41]" criteria="[671 484 240 141]"
time=01:27:47.278 level=INFO msg=一定の売上が立ったためオーナーの椅子が増加します 名前=ゆったり号 増加数=2
time=01:27:47.408 level=INFO msg=一定の売上が立ったためオーナーの椅子が増加します 名前=風座プロダクツ 増加数=2
time=01:27:47.470 level=INFO msg=一定の売上が立ったためオーナーの椅子が増加します 名前="Orbit Taxi" 増加数=2
time=01:27:47.497 level=INFO msg=一定の売上が立ったためオーナーの椅子が増加します 名前=椅子工藝舎 増加数=1
time=01:27:47.504 level=INFO msg=一定の売上が立ったためオーナーの椅子が増加します 名前=木座デザイン 増加数=1
time=01:27:48.975 level=DEBUG source=/tmp/isucon14/bench/benchmarker/scenario/scenario.go:315 msg=時間経過 tick=1800
time=01:27:48.976 level=INFO msg=これまでに地域内の評判によって116人、既存ユーザーの招待経由で174人が新規登録しました
time=01:27:48.976 level=INFO msg=これまでに低評価なライドによって93人が利用をやめました
time=01:27:48.976 level=DEBUG source=/tmp/isucon14/bench/benchmarker/scenario/scenario.go:317 msg=eval reqs=858 score="[69 194 407 147 41]" criteria="[712 518 242 141]"
time=01:27:48.976 level=INFO msg=17.0%のライドは椅子がマッチされるまでの時間、39.6%のライドはマッチされた椅子が乗車地点までに掛かる時間、77.7%のライドは椅子の実移動時間に不満がありました
time=01:27:49.154 level=INFO msg=一定の売上が立ったためオーナーの椅子が増加します 名前=ゆったり号 増加数=1
time=01:27:49.182 level=INFO msg=一定の売上が立ったためオーナーの椅子が増加します 名前=木座デザイン 増加数=1
time=01:27:49.193 level=INFO msg=一定の売上が立ったためオーナーの椅子が増加します 名前=風座プロダクツ 増加数=2
time=01:27:49.211 level=WARN msg="ユーザー登録に失敗しました (CODE=17): POST /api/app/usersへのリクエストに対して、期待されたHTTPステータスコードが確認できませんでした (expected:201, actual:500)"
time=01:27:49.358 level=INFO msg=一定の売上が立ったためオーナーの椅子が増加します 名前=椅子工藝舎 増加数=1
time=01:27:49.448 level=INFO msg=一定の売上が立ったためオーナーの椅子が増加します 名前="Orbit Taxi" 増加数=1
time=01:27:50.775 level=DEBUG source=/tmp/isucon14/bench/benchmarker/scenario/scenario.go:315 msg=時間経過 tick=1860
time=01:27:50.775 level=DEBUG source=/tmp/isucon14/bench/benchmarker/scenario/scenario.go:317 msg=eval reqs=900 score="[69 198 440 152 41]" criteria="[753 557 246 142]"
time=01:27:50.803 level=INFO msg=一定の売上が立ったためオーナーの椅子が増加します 名前="Orbit Taxi" 増加数=2
time=01:27:51.102 level=INFO msg=一定の売上が立ったためオーナーの椅子が増加します 名前=木座デザイン 増加数=2
time=01:27:51.156 level=INFO msg=一定の売上が立ったためオーナーの椅子が増加します 名前=ゆったり号 増加数=1
time=01:27:51.268 level=INFO msg=一定の売上が立ったためオーナーの椅子が増加します 名前=椅子工藝舎 増加数=2
time=01:27:51.407 level=INFO msg=一定の売上が立ったためオーナーの椅子が増加します 名前=風座プロダクツ 増加数=1
time=01:27:52.575 level=DEBUG source=/tmp/isucon14/bench/benchmarker/scenario/scenario.go:315 msg=時間経過 tick=1920
time=01:27:52.575 level=DEBUG source=/tmp/isucon14/bench/benchmarker/scenario/scenario.go:317 msg=eval reqs=941 score="[69 201 475 155 41]" criteria="[793 596 246 145]"
time=01:27:52.656 level=INFO msg=一定の売上が立ったためオーナーの椅子が増加します 名前=木座デザイン 増加数=2
time=01:27:52.772 level=INFO msg=一定の売上が立ったためオーナーの椅子が増加します 名前=ゆったり号 増加数=2
time=01:27:52.796 level=INFO msg=一定の売上が立ったためオーナーの椅子が増加します 名前=椅子工藝舎 増加数=2
time=01:27:53.124 level=INFO msg=一定の売上が立ったためオーナーの椅子が増加します 名前=風座プロダクツ 増加数=1
time=01:27:54.375 level=INFO msg=これまでに地域内の評判によって128人、既存ユーザーの招待経由で184人が新規登録しました
time=01:27:54.375 level=INFO msg=これまでに低評価なライドによって97人が利用をやめました
time=01:27:54.375 level=INFO msg=15.3%のライドは椅子がマッチされるまでの時間、35.7%のライドはマッチされた椅子が乗車地点までに掛かる時間、79.8%のライドは椅子の実移動時間に不満がありました
time=01:27:54.375 level=DEBUG source=/tmp/isucon14/bench/benchmarker/scenario/scenario.go:315 msg=時間経過 tick=1980
time=01:27:54.375 level=DEBUG source=/tmp/isucon14/bench/benchmarker/scenario/scenario.go:317 msg=eval reqs=982 score="[70 206 506 159 41]" criteria="[832 631 250 146]"
time=01:27:54.444 level=INFO msg=一定の売上が立ったためオーナーの椅子が増加します 名前=木座デザイン 増加数=1
time=01:27:54.459 level=INFO msg=一定の売上が立ったためオーナーの椅子が増加します 名前="Orbit Taxi" 増加数=2
time=01:27:54.578 level=INFO msg=一定の売上が立ったためオーナーの椅子が増加します 名前=ゆったり号 増加数=1
time=01:27:54.617 level=INFO msg=一定の売上が立ったためオーナーの椅子が増加します 名前=椅子工藝舎 増加数=1
time=01:27:54.670 level=INFO msg=一定の売上が立ったためオーナーの椅子が増加します 名前=風座プロダクツ 増加数=2
time=01:27:59.975 level=INFO msg=最終地域情報 名前=チェアタウン ユーザー登録数=191 アクティブユーザー数=136
time=01:27:59.975 level=INFO msg=最終地域情報 名前=コシカケシティ ユーザー登録数=138 アクティブユーザー数=96
time=01:27:59.975 level=INFO msg=最終オーナー情報 名前=椅子工藝舎 売上=1185200 椅子数=51
time=01:27:59.975 level=INFO msg=最終オーナー情報 名前=木座デザイン 売上=1271500 椅子数=53
time=01:27:59.975 level=INFO msg=最終オーナー情報 名前=風座プロダクツ 売上=1240800 椅子数=52
time=01:27:59.975 level=INFO msg=最終オーナー情報 名前="Orbit Taxi" 売上=1294000 椅子数=52
time=01:27:59.975 level=INFO msg=最終オーナー情報 名前=ゆったり号 売上=877300 椅子数=42
time=01:27:59.975 level=INFO msg=14.8%のライドは椅子がマッチされるまでの時間、34.9%のライドはマッチされた椅子が乗車地点までに掛かる時間、80.3%のライドは椅子の実移動時間に不満がありました
time=01:27:59.975 level=INFO msg=結果 pass=true スコア=69744 種別エラー数=map[17:6]
time=01:27:59.975 level=INFO msg=負荷走行が終了しました
