2026-09-26T16:26:53+00:00
COMMAND         %CPU   RSS
mysqld          25.4 687680
jbd2/sda1-8      0.5     0
kworker/1:1H-kb  0.2     0
kworker/0:1H-kb  0.2     0
nginx            0.2  7932
nginx            0.1  7932
rcu_preempt      0.1     0
kworker/u4:2-ev  0.0     0
kworker/u4:4-fl  0.0     0
2026-09-26T16:26:55+00:00
COMMAND         %CPU   RSS
mysqld          25.4 726340
bench           10.0 52584
isuride          0.9 15200
jbd2/sda1-8      0.5     0
nginx            0.3  8588
nginx            0.3  8652
kworker/1:1H-kb  0.2     0
kworker/0:1H-kb  0.2     0
rcu_preempt      0.1     0
2026-09-26T16:26:57+00:00
COMMAND         %CPU   RSS
mysqld          25.5 727664
bench           15.2 72508
isuride          3.0 15620
nginx            0.6  8720
nginx            0.5  8800
jbd2/sda1-8      0.5     0
kworker/1:1H-kb  0.2     0
kworker/0:1H-kb  0.2     0
rcu_preempt      0.1     0
2026-09-26T16:26:59+00:00
COMMAND         %CPU   RSS
mysqld          25.6 729964
bench           20.7 113568
isuride          5.5 16668
nginx            1.0  9192
nginx            0.9  9288
jbd2/sda1-8      0.5     0
kworker/1:1H-kb  0.2     0
kworker/0:1H-kb  0.2     0
rcu_preempt      0.1     0
2026-09-26T16:27:02+00:00
COMMAND         %CPU   RSS
mysqld          25.7 734376
bench           23.0 147032
isuride          7.8 18104
nginx            1.4  9712
nginx            1.3  9864
jbd2/sda1-8      0.5     0
kworker/1:1H-kb  0.2     0
kworker/0:1H-kb  0.2     0
rcu_preempt      0.1     0
2026-09-26T16:27:04+00:00
COMMAND         %CPU   RSS
mysqld          25.9 738764
bench           24.5 187596
isuride         10.1 19984
nginx            1.8 10328
nginx            1.7 10432
jbd2/sda1-8      0.5     0
kworker/1:1H-kb  0.2     0
kworker/0:1H-kb  0.2     0
rcu_preempt      0.1     0
2026-09-26T16:27:06+00:00
COMMAND         %CPU   RSS
mysqld          26.1 743220
bench           25.4 211564
isuride         12.2 20332
nginx            2.1 10940
nginx            2.0 10976
jbd2/sda1-8      0.5     0
kworker/1:1H-kb  0.2     0
kworker/0:1H-kb  0.2     0
rcu_preempt      0.1     0
2026-09-26T16:27:08+00:00
COMMAND         %CPU   RSS
mysqld          26.3 747600
bench           25.6 230192
isuride         14.1 21976
nginx            2.4 11448
nginx            2.3 11176
jbd2/sda1-8      0.5     0
kworker/1:1H-kb  0.2     0
kworker/0:1H-kb  0.2     0
rcu_preempt      0.1     0
2026-09-26T16:27:10+00:00
COMMAND         %CPU   RSS
mysqld          26.4 752904
bench           25.7 240936
isuride         15.9 22948
nginx            2.6 11644
nginx            2.6 11528
jbd2/sda1-8      0.5     0
kworker/1:1H-kb  0.2     0
kworker/0:1H-kb  0.2     0
rcu_preempt      0.1     0
2026-09-26T16:27:12+00:00
COMMAND         %CPU   RSS
mysqld          26.6 756884
bench           25.7 252312
isuride         17.4 22440
nginx            2.9 11856
nginx            2.8 11860
jbd2/sda1-8      0.5     0
kworker/1:1H-kb  0.2     0
kworker/0:1H-kb  0.2     0
rcu_preempt      0.1     0
2026-09-26T16:27:14+00:00
COMMAND         %CPU   RSS
curl            40.0 12304
mysqld          26.8 764144
bench           25.6 255384
isuride         18.8 24100
nginx            3.1 12224
nginx            3.1 12244
jbd2/sda1-8      0.5     0
kworker/1:1H-kb  0.2     0
kworker/0:1H-kb  0.2     0
2026-09-26T16:27:16+00:00
COMMAND         %CPU   RSS
mysqld          27.0 767356
bench           25.9 262652
isuride         20.0 25952
nginx            3.3 12376
nginx            3.3 12420
jbd2/sda1-8      0.5     0
kworker/1:1H-kb  0.2     0
kworker/0:1H-kb  0.2     0
rcu_preempt      0.1     0
2026-09-26T16:27:18+00:00
COMMAND         %CPU   RSS
mysqld          27.2 768968
bench           26.0 269348
isuride         21.1 25868
nginx            3.5 12656
nginx            3.5 12632
jbd2/sda1-8      0.5     0
kworker/1:1H-kb  0.2     0
kworker/0:1H-kb  0.2     0
rcu_preempt      0.1     0
2026-09-26T16:27:20+00:00
COMMAND         %CPU   RSS
mysqld          27.4 771204
bench           26.3 283020
isuride         22.0 27656
nginx            3.8 13220
nginx            3.7 13008
jbd2/sda1-8      0.5     0
kworker/1:1H-kb  0.2     0
kworker/0:1H-kb  0.2     0
rcu_preempt      0.1     0
2026-09-26T16:27:22+00:00
COMMAND         %CPU   RSS
mysqld          27.6 774068
bench           26.5 309312
isuride         22.8 27256
nginx            3.9 13740
nginx            3.9 13180
jbd2/sda1-8      0.5     0
kworker/1:1H-kb  0.2     0
kworker/0:1H-kb  0.2     0
rcu_preempt      0.1     0
2026-09-26T16:27:24+00:00
COMMAND         %CPU   RSS
mysqld          27.8 775372
bench           26.7 344152
isuride         23.6 30160
nginx            4.1 13940
nginx            4.0 13524
jbd2/sda1-8      0.5     0
kworker/1:1H-kb  0.2     0
kworker/0:1H-kb  0.2     0
rcu_preempt      0.1     0
2026-09-26T16:27:26+00:00
COMMAND         %CPU   RSS
mysqld          28.0 776044
bench           26.6 346316
isuride         24.4 31216
curl             8.3 12288
nginx            4.3 14124
nginx            4.2 13644
jbd2/sda1-8      0.5     0
kworker/1:1H-kb  0.2     0
kworker/0:1H-kb  0.2     0
2026-09-26T16:27:28+00:00
COMMAND         %CPU   RSS
mysqld          28.2 777124
bench           26.8 373328
isuride         25.1 31288
nginx            4.4 14204
nginx            4.3 14128
jbd2/sda1-8      0.5     0
kworker/1:1H-kb  0.2     0
kworker/0:1H-kb  0.2     0
rcu_preempt      0.1     0
2026-09-26T16:27:30+00:00
COMMAND         %CPU   RSS
mysqld          28.3 780144
bench           26.8 380200
isuride         25.7 33288
curl            14.2 11984
nginx            4.6 14460
nginx            4.4 14324
jbd2/sda1-8      0.5     0
kworker/1:1H-kb  0.2     0
kworker/0:1H-kb  0.2     0
2026-09-26T16:27:32+00:00
COMMAND         %CPU   RSS
mysqld          28.5 791140
bench           26.8 394556
isuride         26.2 34324
nginx            4.7 14640
nginx            4.6 14708
curl             4.3 12296
jbd2/sda1-8      0.5     0
kworker/1:1H-kb  0.2     0
kworker/0:1H-kb  0.2     0
2026-09-26T16:27:34+00:00
COMMAND         %CPU   RSS
mysqld          28.7 782424
bench           26.8 411704
isuride         26.6 34732
nginx            4.8 14788
nginx            4.7 14724
jbd2/sda1-8      0.5     0
kworker/1:1H-kb  0.2     0
kworker/0:1H-kb  0.2     0
rcu_preempt      0.1     0
2026-09-26T16:27:36+00:00
COMMAND         %CPU   RSS
mysqld          28.9 783580
isuride         27.0 35528
bench           26.9 430716
nginx            4.9 15236
nginx            4.8 15144
jbd2/sda1-8      0.5     0
kworker/1:1H-kb  0.2     0
kworker/0:1H-kb  0.2     0
rcu_preempt      0.1     0
2026-09-26T16:27:38+00:00
COMMAND         %CPU   RSS
mysqld          29.1 783788
isuride         27.4 38104
bench           27.0 433772
nginx            5.0 15676
nginx            4.9 15420
jbd2/sda1-8      0.5     0
kworker/1:1H-kb  0.2     0
kworker/0:1H-kb  0.2     0
rcu_preempt      0.1     0
2026-09-26T16:27:40+00:00
COMMAND         %CPU   RSS
mysqld          29.3 783868
isuride         27.8 37380
bench           27.1 461952
curl             5.8 12304
nginx            5.0 15920
nginx            5.0 15744
jbd2/sda1-8      0.5     0
kworker/1:1H-kb  0.2     0
kworker/0:1H-kb  0.2     0
2026-09-26T16:27:42+00:00
COMMAND         %CPU   RSS
mysqld          29.4 783968
isuride         28.2 37668
bench           27.1 464432
nginx            5.1 16140
nginx            5.1 15904
jbd2/sda1-8      0.5     0
kworker/1:1H-kb  0.2     0
kworker/0:1H-kb  0.2     0
rcu_preempt      0.1     0
2026-09-26T16:27:44+00:00
COMMAND         %CPU   RSS
mysqld          29.6 786028
isuride         28.5 40472
bench           27.3 495380
nginx            5.2 16380
nginx            5.2 16476
curl             4.5 12304
jbd2/sda1-8      0.5     0
kworker/1:1H-kb  0.2     0
kworker/0:1H-kb  0.2     0
2026-09-26T16:27:46+00:00
COMMAND         %CPU   RSS
mysqld          29.8 786268
isuride         28.8 40676
bench           27.2 497504
nginx            5.3 16700
nginx            5.2 16708
jbd2/sda1-8      0.6     0
kworker/1:1H-kb  0.2     0
kworker/0:1H-kb  0.2     0
rcu_preempt      0.1     0
2026-09-26T16:27:48+00:00
COMMAND         %CPU   RSS
mysqld          30.0 786540
isuride         29.1 41856
bench           27.4 524220
nginx            5.4 16872
nginx            5.3 17068
jbd2/sda1-8      0.6     0
kworker/1:1H-kb  0.2     0
kworker/0:1H-kb  0.2     0
rcu_preempt      0.1     0
2026-09-26T16:27:50+00:00
COMMAND         %CPU   RSS
mysqld          30.2 789688
isuride         29.3 44416
bench           27.4 526912
nginx            5.4 17064
nginx            5.4 17108
curl             3.5 12304
jbd2/sda1-8      0.6     0
kworker/1:1H-kb  0.2     0
kworker/0:1H-kb  0.2     0
2026-09-26T16:27:52+00:00
COMMAND         %CPU   RSS
mysqld          30.4 788508
isuride         29.5 43896
bench           27.4 530096
curl             8.3 12304
nginx            5.5 17080
nginx            5.5 17156
jbd2/sda1-8      0.6     0
kworker/1:1H-kb  0.2     0
kworker/0:1H-kb  0.2     0
2026-09-26T16:27:54+00:00
COMMAND         %CPU   RSS
mysqld          30.6 788508
isuride         29.7 44996
bench           27.5 558276
nginx            5.6 17132
nginx            5.6 17224
jbd2/sda1-8      0.6     0
kworker/1:1H-kb  0.2     0
kworker/0:1H-kb  0.2     0
rcu_preempt      0.1     0
2026-09-26T16:27:56+00:00
COMMAND         %CPU   RSS
mysqld          30.7 788508
isuride         30.0 37636
bench           27.5 559688
nginx            5.7 17224
nginx            5.7 17184
jbd2/sda1-8      0.6     0
kworker/1:1H-kb  0.2     0
kworker/0:1H-kb  0.2     0
rcu_preempt      0.1     0
2026-09-26T16:27:58+00:00
COMMAND         %CPU   RSS
mysqld          30.9 788508
isuride         30.5 36140
bench           27.4 563600
nginx            5.7 17184
nginx            5.7 17224
jbd2/sda1-8      0.6     0
kworker/1:1H-kb  0.2     0
kworker/0:1H-kb  0.2     0
rcu_preempt      0.1     0
