procs -----------memory---------- ---swap-- -----io---- -system-- -------cpu------- -----timestamp-----
 r  b   swpd   free   buff  cache   si   so    bi    bo   in   cs us sy id wa st gu                 UTC
 3  0      0 1932296  88132 1133308    0    0   458  6170 5885  135 16  9 74  1  0  0 2026-09-26 16:26:53
13  0      0 1875936  88132 1124020    0    0    16 63836 17745 36750 29 12 42 16  0  0 2026-09-26 16:26:54
 0  0      0 1866108  88132 1124592    0    0     0 12096 27362 76297 21 15 60  3  0  0 2026-09-26 16:26:55
 0  1      0 1863672  88132 1126344    0    0     0 16552 30758 93448 26 23 48  3  0  0 2026-09-26 16:26:56
 7  0      0 1848052  88132 1127264    0    0     0 20464 32452 114040 34 33 30  3  0  0 2026-09-26 16:26:57
 4  1      0 1827544  88132 1129388    0    0     0 22532 29637 115633 46 31 20  3  0  0 2026-09-26 16:26:58
26  1      0 1802356  88132 1130744    0    0     0 24316 28189 123519 50 38 11  2  0  0 2026-09-26 16:26:59
51  0      0 1776472  88132 1132196    0    0     0 25884 26014 115658 51 38  9  2  0  0 2026-09-26 16:27:00
 4  0      0 1755108  88132 1134524    0    0     0 26476 24994 111768 51 38  8  3  0  0 2026-09-26 16:27:01
 7  1      0 1731728  88132 1135828    0    0     0 30976 24602 112241 53 39  5  2  0  0 2026-09-26 16:27:02
12  0      0 1704344  88132 1137112    0    0     0 26232 23504 110392 56 42  2  1  0  0 2026-09-26 16:27:03
 5  1      0 1691240  88132 1139580    0    0     0 27788 23106 109722 57 41  2  1  0  0 2026-09-26 16:27:04
 7  0      0 1666348  88132 1140880    0    0     0 28292 22194 110616 56 42  2  1  0  0 2026-09-26 16:27:05
 6  1      0 1660300  88132 1142148    0    0     0 29360 19123 113723 57 42  1  1  0  0 2026-09-26 16:27:06
54  0      0 1640756  88132 1143432    0    0     0 30376 21312 113203 55 43  2  1  0  0 2026-09-26 16:27:07
12  0      0 1631460  88132 1144664    0    0     0 28824 21596 110335 57 40  2  1  0  0 2026-09-26 16:27:08
25  0      0 1620372  88132 1146016    0    0     0 29872 21135 106633 57 42  1  1  0  0 2026-09-26 16:27:09
44  0      0 1616604  88132 1147280    0    0     0 29368 22253 110756 55 43  2  1  0  0 2026-09-26 16:27:10
 7  1      0 1602124  88132 1149780    0    0     0 28432 21337 110630 59 40  1  1  0  0 2026-09-26 16:27:11
56  1      0 1590820  88132 1151092    0    0     0 35512 21905 108297 56 44  1  0  0  0 2026-09-26 16:27:12
20  0      0 1589460  88132 1152756    0    0     0 27840 22452 110482 58 40  2  1  0  0 2026-09-26 16:27:13
procs -----------memory---------- ---swap-- -----io---- -system-- -------cpu------- -----timestamp-----
 r  b   swpd   free   buff  cache   si   so    bi    bo   in   cs us sy id wa st gu                 UTC
26  0      0 1576056  88132 1154640    0    0     0 29904 21114 105435 58 40  1  1  0  0 2026-09-26 16:27:14
61  0      0 1566776  88132 1156148    0    0     0 28048 22103 110100 58 41  1  0  0  0 2026-09-26 16:27:15
31  1      0 1558920  88132 1157496    0    0     0 25556 21462 110542 58 41  1  1  0  0 2026-09-26 16:27:16
19  1      0 1550692  88132 1158868    0    0     0 26612 22357 109258 58 41  1  0  0  0 2026-09-26 16:27:17
45  0      0 1536860  88132 1160440    0    0     0 26264 20858 101467 60 39  1  1  0  0 2026-09-26 16:27:18
35  1      0 1527788  88132 1161948    0    0     0 29228 19734 107583 58 41  1  1  0  0 2026-09-26 16:27:19
 9  0      0 1509532  88132 1163344    0    0     0 27116 20636 105196 60 38  2  1  0  0 2026-09-26 16:27:20
29  1      0 1496752  88132 1165680    0    0     0 28636 21396 103179 58 41  1  0  0  0 2026-09-26 16:27:21
24  2      0 1492064  88132 1167492    0    0     0 33436 21919 108307 59 40  1  1  0  0 2026-09-26 16:27:22
11  0      0 1454772  88132 1169592    0    0     0 27608 20861 96170 59 39  1  0  0  0 2026-09-26 16:27:23
52  0      0 1449228  88132 1171068    0    0     0 27120 20764 106664 60 39  1  0  0  0 2026-09-26 16:27:24
53  0      0 1448664  88132 1172564    0    0     0 24220 20935 112747 60 39  1  1  0  0 2026-09-26 16:27:25
26  1      0 1417452  88132 1173916    0    0     0 26124 20676 104437 61 39  1  0  0  0 2026-09-26 16:27:26
16  0      0 1417108  88132 1175192    0    0     0 28132 21693 105865 60 37  2  1  0  0 2026-09-26 16:27:27
16  0      0 1410332  88132 1176552    0    0     0 28452 20560 102724 59 39  2  1  0  0 2026-09-26 16:27:28
 7  1      0 1407744  88132 1177868    0    0     0 29676 19735 105204 55 41  3  2  0  0 2026-09-26 16:27:29
14  0      0 1373340  88132 1179312    0    0     0 25592 19562 102565 62 37  1  1  0  0 2026-09-26 16:27:30
14  2      0 1380808  88132 1181052    0    0     0 27196 21188 100507 56 39  4  2  0  0 2026-09-26 16:27:31
12  0      0 1361688  88132 1182960    0    0     0 32280 20827 97891 58 36  3  3  0  0 2026-09-26 16:27:32
44  0      0 1351116  88132 1186332    0    0     0 32620 19476 98548 61 36  2  1  0  0 2026-09-26 16:27:33
49  0      0 1336500  88132 1186648    0    0     0 28532 20857 96924 60 38  2  1  0  0 2026-09-26 16:27:34
procs -----------memory---------- ---swap-- -----io---- -system-- -------cpu------- -----timestamp-----
 r  b   swpd   free   buff  cache   si   so    bi    bo   in   cs us sy id wa st gu                 UTC
28  1      0 1326228  88132 1188088    0    0     0 23136 20203 100784 64 34  2  1  0  0 2026-09-26 16:27:35
22  1      0 1328852  88132 1189488    0    0     0 25872 22053 108318 57 39  3  1  0  0 2026-09-26 16:27:36
23  0      0 1317808  88132 1190796    0    0     0 26156 21314 97177 61 35  3  1  0  0 2026-09-26 16:27:37
20  1      0 1292444  88132 1192012    0    0     0 26976 18568 98079 61 38  1  1  0  0 2026-09-26 16:27:38
11  2      0 1296040  88132 1193448    0    0     0 30132 20659 98958 61 38  1  1  0  0 2026-09-26 16:27:39
34  0      0 1285796  88132 1195960    0    0     0 25972 21327 104847 59 38  3  1  0  0 2026-09-26 16:27:40
30  0      0 1275044  88132 1196000    0    0     0 24824 20963 101500 60 39  2  0  0  0 2026-09-26 16:27:41
38  0      0 1248096  88132 1197620    0    0     0 26744 19215 98839 61 37  2  1  0  0 2026-09-26 16:27:42
24  2      0 1235524  88132 1199812    0    0     0 32488 20364 94552 61 37  2  1  0  0 2026-09-26 16:27:43
 8  2      0 1235780  88132 1201024    0    0     0 28208 20200 99694 58 40  2  1  0  0 2026-09-26 16:27:44
47  1      0 1238336  88132 1204424    0    0     0 29344 20545 101194 60 37  3  1  0  0 2026-09-26 16:27:45
45  0      0 1222680  88132 1205708    0    0     0 27164 21384 96383 60 37  2  1  0  0 2026-09-26 16:27:46
24  1      0 1211640  88132 1206896    0    0     0 26648 21016 96545 60 39  1  0  0  0 2026-09-26 16:27:48
17  0      0 1193872  88132 1208184    0    0     0 26004 20387 83693 63 36  1  1  0  0 2026-09-26 16:27:49
 8  1      0 1189144  88132 1209800    0    0     0 27576 22535 99814 60 37  2  1  0  0 2026-09-26 16:27:50
40  1      0 1196420  88132 1210476    0    0     0 27488 21159 98766 60 38  2  1  0  0 2026-09-26 16:27:51
28  0      0 1182840  88132 1212420    0    0     0 27864 21171 91930 59 40  1  0  0  0 2026-09-26 16:27:52
29  2      0 1176292  88132 1212864    0    0     0 25864 20501 95210 62 36  2  1  0  0 2026-09-26 16:27:53
42  0      0 1154620  88132 1214076    0    0     0 31952 19097 87253 62 35  2  1  0  0 2026-09-26 16:27:54
26  0      0 1151624  88132 1215312    0    0     0 27428 19612 94877 59 39  2  1  0  0 2026-09-26 16:27:55
28  0      0 1151132  88132 1216096    0    0     0 15652 19455 129049 64 34  3  0  0  0 2026-09-26 16:27:56
procs -----------memory---------- ---swap-- -----io---- -system-- -------cpu------- -----timestamp-----
 r  b   swpd   free   buff  cache   si   so    bi    bo   in   cs us sy id wa st gu                 UTC
 6  0      0 1156208  88132 1216864    0    0     0  5064 14719 140524 68 29  2  0  0  0 2026-09-26 16:27:57
 4  0      0 1155956  88132 1217624    0    0     0  4976 15814 136616 66 31  4  0  0  0 2026-09-26 16:27:58
43  0      0 1130268  88132 1218308    0    0     0  4320 15533 124325 65 29  7  0  0  0 2026-09-26 16:27:59
