2026-09-26T15:27:49+00:00
COMMAND         %CPU   RSS
mysqld          16.1 1084636
nginx            0.9 16392
nginx            0.9 16980
systemd-journal  0.5 281996
rsyslogd         0.2  5240
jbd2/sda1-8      0.2     0
kworker/1:1H-kb  0.1     0
kworker/0:1H-kb  0.1     0
rcu_preempt      0.1     0
2026-09-26T15:27:51+00:00
COMMAND         %CPU   RSS
mysqld          16.1 1085996
bench            9.5 51016
nginx            0.9 16392
nginx            0.9 16980
isuride          0.9 15192
systemd-journal  0.5 282712
rsyslogd         0.2  5240
jbd2/sda1-8      0.2     0
kworker/1:1H-kb  0.1     0
2026-09-26T15:27:53+00:00
COMMAND         %CPU   RSS
mysqld          16.1 1087192
bench           14.7 74504
isuride          3.2 15804
nginx            0.9 16392
nginx            0.9 16980
systemd-journal  0.5 284192
rsyslogd         0.2  5240
jbd2/sda1-8      0.2     0
kworker/1:1H-kb  0.1     0
2026-09-26T15:27:55+00:00
COMMAND         %CPU   RSS
bench           19.2 105432
mysqld          16.1 1089972
isuride          5.6 16772
nginx            0.9 16392
nginx            0.9 16980
systemd-journal  0.5 289724
rsyslogd         0.2  5240
jbd2/sda1-8      0.2     0
kworker/1:1H-kb  0.1     0
2026-09-26T15:27:57+00:00
COMMAND         %CPU   RSS
bench           21.4 132880
mysqld          16.1 1092816
isuride          7.9 17948
nginx            0.9 16392
nginx            0.9 16980
systemd-journal  0.5 292580
rsyslogd         0.2  5240
jbd2/sda1-8      0.2     0
kworker/1:1H-kb  0.1     0
2026-09-26T15:27:59+00:00
COMMAND         %CPU   RSS
bench           21.6 151936
mysqld          16.1 1095012
isuride          9.7 19296
nginx            0.9 16392
nginx            0.9 16980
systemd-journal  0.5 297904
rsyslogd         0.2  5240
jbd2/sda1-8      0.2     0
kworker/1:1H-kb  0.1     0
2026-09-26T15:28:01+00:00
COMMAND         %CPU   RSS
curl            25.0 12020
bench           22.0 180756
mysqld          16.1 1098348
isuride         11.3 19684
nginx            0.9 16392
nginx            0.9 16980
systemd-journal  0.5 300908
rsyslogd         0.2  5240
jbd2/sda1-8      0.2     0
2026-09-26T15:28:03+00:00
COMMAND         %CPU   RSS
bench           22.0 189724
mysqld          16.1 1102728
isuride         12.7 20328
nginx            0.9 16392
nginx            0.9 16980
systemd-journal  0.5 301372
rsyslogd         0.2  5240
jbd2/sda1-8      0.2     0
kworker/1:1H-kb  0.1     0
2026-09-26T15:28:05+00:00
COMMAND         %CPU   RSS
bench           21.9 208036
mysqld          16.1 1107832
isuride         14.0 21548
nginx            0.9 16392
nginx            0.9 16980
systemd-journal  0.5 301372
rsyslogd         0.2  5240
jbd2/sda1-8      0.2     0
kworker/1:1H-kb  0.1     0
2026-09-26T15:28:07+00:00
COMMAND         %CPU   RSS
bench           22.0 217564
mysqld          16.1 1111304
isuride         15.1 23044
nginx            0.9 16392
nginx            0.9 16980
systemd-journal  0.5 301372
rsyslogd         0.2  5240
jbd2/sda1-8      0.2     0
kworker/1:1H-kb  0.1     0
2026-09-26T15:28:09+00:00
COMMAND         %CPU   RSS
bench           22.3 225300
isuride         16.2 25328
mysqld          16.2 1117988
nginx            0.9 16392
nginx            0.9 16980
systemd-journal  0.5 301372
rsyslogd         0.2  5240
jbd2/sda1-8      0.2     0
kworker/1:1H-kb  0.1     0
2026-09-26T15:28:11+00:00
COMMAND         %CPU   RSS
bench           22.4 244084
isuride         17.5 25276
mysqld          16.2 1120384
nginx            0.9 16392
nginx            0.9 16980
systemd-journal  0.5 301372
rsyslogd         0.2  5240
jbd2/sda1-8      0.2     0
kworker/1:1H-kb  0.1     0
2026-09-26T15:28:13+00:00
COMMAND         %CPU   RSS
bench           22.5 247744
isuride         18.6 25372
mysqld          16.2 1122564
nginx            0.9 16392
nginx            0.9 16980
systemd-journal  0.5 301372
rsyslogd         0.2  5240
jbd2/sda1-8      0.2     0
kworker/1:1H-kb  0.1     0
2026-09-26T15:28:15+00:00
COMMAND         %CPU   RSS
bench           22.7 260384
isuride         19.4 26048
mysqld          16.2 1124536
nginx            0.9 16392
nginx            0.9 16980
systemd-journal  0.5 301372
rsyslogd         0.2  5240
jbd2/sda1-8      0.2     0
kworker/1:1H-kb  0.1     0
2026-09-26T15:28:17+00:00
COMMAND         %CPU   RSS
bench           22.9 287812
isuride         20.1 25192
mysqld          16.2 1127176
nginx            0.9 16392
nginx            0.9 16980
systemd-journal  0.5 301372
rsyslogd         0.2  5240
jbd2/sda1-8      0.2     0
kworker/1:1H-kb  0.1     0
2026-09-26T15:28:19+00:00
COMMAND         %CPU   RSS
bench           22.9 299012
isuride         20.7 28500
mysqld          16.2 1129380
nginx            0.9 16392
nginx            0.9 16980
systemd-journal  0.5 304228
rsyslogd         0.2  5240
jbd2/sda1-8      0.2     0
kworker/1:1H-kb  0.1     0
2026-09-26T15:28:21+00:00
COMMAND         %CPU   RSS
bench           23.0 316320
isuride         21.3 30004
mysqld          16.2 1131172
nginx            0.9 16392
nginx            0.9 16980
systemd-journal  0.5 309016
rsyslogd         0.2  5240
jbd2/sda1-8      0.2     0
kworker/1:1H-kb  0.1     0
2026-09-26T15:28:23+00:00
COMMAND         %CPU   RSS
bench           23.0 340336
isuride         21.8 30876
mysqld          16.2 1132848
curl             4.1 12308
nginx            0.9 16392
nginx            0.9 16980
systemd-journal  0.5 167960
rsyslogd         0.2  5264
jbd2/sda1-8      0.2     0
2026-09-26T15:28:25+00:00
COMMAND         %CPU   RSS
bench           23.1 343188
isuride         22.4 29044
mysqld          16.2 1132956
nginx            0.9 16392
nginx            0.9 16980
systemd-journal  0.5 170104
rsyslogd         0.2  5264
jbd2/sda1-8      0.2     0
kworker/1:1H-kb  0.1     0
2026-09-26T15:28:27+00:00
COMMAND         %CPU   RSS
bench           23.1 369672
isuride         22.8 33152
mysqld          16.2 1136228
curl             1.3 12324
nginx            0.9 16392
nginx            0.9 16980
systemd-journal  0.5 175692
rsyslogd         0.2  5264
jbd2/sda1-8      0.2     0
2026-09-26T15:28:29+00:00
COMMAND         %CPU   RSS
bench           23.2 373196
isuride         23.1 32932
mysqld          16.2 1137348
nginx            0.9 16392
nginx            0.9 16980
systemd-journal  0.5 175824
rsyslogd         0.2  5264
jbd2/sda1-8      0.2     0
kworker/1:1H-kb  0.1     0
2026-09-26T15:28:31+00:00
COMMAND         %CPU   RSS
isuride         23.4 34808
bench           23.2 376856
mysqld          16.2 1137964
nginx            0.9 16392
nginx            0.9 16980
systemd-journal  0.5 175824
rsyslogd         0.2  5264
jbd2/sda1-8      0.2     0
kworker/1:1H-kb  0.1     0
2026-09-26T15:28:33+00:00
COMMAND         %CPU   RSS
isuride         24.0 33808
bench           23.3 400444
mysqld          16.2 1138156
curl             2.8 12356
nginx            0.9 16392
nginx            0.9 16980
systemd-journal  0.5 175824
rsyslogd         0.2  5240
jbd2/sda1-8      0.2     0
2026-09-26T15:28:35+00:00
COMMAND         %CPU   RSS
isuride         24.3 36924
bench           23.3 408120
mysqld          16.3 1139560
nginx            0.9 16392
nginx            0.9 16980
systemd-journal  0.5 175824
rsyslogd         0.2  5240
jbd2/sda1-8      0.2     0
kworker/1:1H-kb  0.1     0
2026-09-26T15:28:37+00:00
COMMAND         %CPU   RSS
isuride         24.7 38088
bench           23.4 427792
mysqld          16.3 1139632
nginx            0.9 16392
nginx            0.9 16980
systemd-journal  0.5 175824
rsyslogd         0.2  5240
jbd2/sda1-8      0.2     0
kworker/1:1H-kb  0.1     0
2026-09-26T15:28:39+00:00
COMMAND         %CPU   RSS
isuride         24.9 39912
bench           23.4 429312
mysqld          16.3 1139748
nginx            0.9 16392
nginx            0.9 16980
systemd-journal  0.5 175824
rsyslogd         0.2  5240
jbd2/sda1-8      0.2     0
kworker/1:1H-kb  0.1     0
2026-09-26T15:28:41+00:00
COMMAND         %CPU   RSS
isuride         25.1 40368
bench           23.4 462840
mysqld          16.3 1139876
curl             1.3 12316
nginx            0.9 16392
nginx            0.9 16980
systemd-journal  0.5 175824
rsyslogd         0.2  5240
jbd2/sda1-8      0.2     0
2026-09-26T15:28:43+00:00
COMMAND         %CPU   RSS
isuride         25.5 41040
bench           23.5 465232
mysqld          16.3 1140952
curl             6.2 12324
nginx            0.9 16392
nginx            0.9 16980
systemd-journal  0.5 175824
rsyslogd         0.2  5240
jbd2/sda1-8      0.2     0
2026-09-26T15:28:45+00:00
COMMAND         %CPU   RSS
isuride         25.5 42268
bench           23.3 466208
mysqld          16.3 1141312
nginx            0.9 16468
nginx            0.9 16980
systemd-journal  0.5 175824
rsyslogd         0.2  5240
jbd2/sda1-8      0.2     0
kworker/1:1H-kb  0.1     0
2026-09-26T15:28:47+00:00
COMMAND         %CPU   RSS
isuride         25.8 43240
bench           23.4 502276
mysqld          16.3 1142376
curl             1.6 12324
nginx            0.9 16808
nginx            0.9 16980
systemd-journal  0.5 175824
rsyslogd         0.2  5240
jbd2/sda1-8      0.2     0
2026-09-26T15:28:49+00:00
COMMAND         %CPU   RSS
isuride         26.0 43352
bench           23.4 506072
mysqld          16.3 1143356
curl             1.8 12324
nginx            0.9 17032
nginx            0.9 17000
systemd-journal  0.5 178436
rsyslogd         0.2  5240
jbd2/sda1-8      0.2     0
2026-09-26T15:28:51+00:00
COMMAND         %CPU   RSS
isuride         26.3 36728
bench           23.3 507452
mysqld          16.3 1143404
nginx            0.9 17032
nginx            0.9 17024
systemd-journal  0.5 183044
rsyslogd         0.2  5240
jbd2/sda1-8      0.2     0
kworker/1:1H-kb  0.1     0
2026-09-26T15:28:53+00:00
COMMAND         %CPU   RSS
isuride         26.6 35096
bench           23.2 511836
curl            20.0 12324
mysqld          16.3 1143404
nginx            0.9 17032
nginx            0.9 17024
systemd-journal  0.5 190444
rsyslogd         0.2  5240
jbd2/sda1-8      0.2     0
