procs -----------memory---------- ---swap-- -----io---- -system-- -------cpu------- -----timestamp-----
 r  b   swpd   free   buff  cache   si   so    bi    bo   in   cs us sy id wa st gu                 UTC
 4  0      0 612032  69580 2032972    0    0    78  2947 2988   55 11  5 83  0  0  0 2026-09-26 15:27:49
 4  0      0 605480  69584 2035344    0    0   324 63296 18211 39189 31 12 41 16  0  0 2026-09-26 15:27:50
 0  0      0 604728  69584 2036480    0    0     0 12160 23002 70977 22 17 59  2  0  0 2026-09-26 15:27:51
 0  0      0 601068  69584 2037964    0    0     0 25008 31611 104112 33 26 38  3  0  0 2026-09-26 15:27:52
18  0      0 581608  69584 2039828    0    0     0 23016 30558 123047 43 33 22  2  0  0 2026-09-26 15:27:53
 9  1      0 559740  69584 2042216    0    0     0 27540 27113 119723 50 38 11  1  0  0 2026-09-26 15:27:54
 2  0      0 541084  69584 2044808    0    0     4 28080 25902 121805 58 36  5  1  0  0 2026-09-26 15:27:55
15  1      0 521932  69584 2048672    0    0     0 29152 24174 118310 55 40  5  1  0  0 2026-09-26 15:27:56
39  1      0 497780  69584 2052268    0    0     0 49624 21797 106092 60 38  2  1  0  0 2026-09-26 15:27:57
60  0      0 478152  69584 2054648    0    0     0 31856 22864 101330 55 38  4  3  0  0 2026-09-26 15:27:58
10  0      0 475344  69588 2057032    0    0     0 30448 21649 100140 59 36  4  2  0  0 2026-09-26 15:27:59
29  2      0 447180  69588 2059192    0    0     0 27748 22086 91629 55 33  7  4  0  0 2026-09-26 15:28:00
 4  0      0 432884  69588 2062604    0    0     0 31424 20700 100139 59 38  2  1  0  0 2026-09-26 15:28:01
17  0      0 416788  69588 2064336    0    0     0 55028 22083 95738 56 37  5  3  0  0 2026-09-26 15:28:02
27  1      0 411024  69588 2065820    0    0     0 27744 21775 102492 57 40  3  1  0  0 2026-09-26 15:28:03
26  0      0 386580  69588 2067356    0    0     0 26912 19933 95120 58 36  4  2  0  0 2026-09-26 15:28:04
12  0      0 381316  69588 2068884    0    0     0 30232 21345 101031 58 34  4  4  0  0 2026-09-26 15:28:05
20  0      0 374552  69588 2070240    0    0     0 31220 19482 104065 55 39  4  3  0  0 2026-09-26 15:28:06
30  0      0 364540  69588 2071968    0    0     0 28168 21463 98855 58 37  3  2  0  0 2026-09-26 15:28:07
56  0      0 357260  69588 2073488    0    0     0 34408 21935 104143 59 40  1  0  0  0 2026-09-26 15:28:08
50  0      0 344984  69588 2075128    0    0     0 33812 20925 93447 60 35  3  3  0  0 2026-09-26 15:28:09
procs -----------memory---------- ---swap-- -----io---- -system-- -------cpu------- -----timestamp-----
 r  b   swpd   free   buff  cache   si   so    bi    bo   in   cs us sy id wa st gu                 UTC
20  1      0 341140  69588 2076460    0    0     0 29536 23198 100830 57 40  2  1  0  0 2026-09-26 15:28:10
51  1      0 324428  69588 2079160    0    0     0 30764 20779 102247 59 40  1  0  0  0 2026-09-26 15:28:11
27  1      0 314884  69588 2081776    0    0     0 30084 21052 101423 58 40  1  1  0  0 2026-09-26 15:28:12
61  0      0 306852  69588 2083496    0    0     0 27268 21101 109713 59 40  1  0  0  0 2026-09-26 15:28:13
46  1      0 291832  69588 2085136    0    0     0 27212 19938 96596 61 36  2  1  0  0 2026-09-26 15:28:14
23  1      0 293228  69588 2086624    0    0     0 28808 19661 97093 58 39  2  1  0  0 2026-09-26 15:28:15
63  0      0 279864  69588 2088288    0    0     0 26092 21239 99112 60 35  3  2  0  0 2026-09-26 15:28:16
52  0      0 254696  69588 2089848    0    0     0 26120 20204 94412 61 35  3  2  0  0 2026-09-26 15:28:17
46  0      0 247496  69588 2093884    0    0    16 34360 20078 93704 62 36  2  1  0  0 2026-09-26 15:28:18
45  0      0 239776  69588 2096880    0    0     0 32524 20417 95583 61 36  2  1  0  0 2026-09-26 15:28:19
28  1      0 213220  69588 2099352    0    0     0 30980 20233 93070 61 36  2  1  0  0 2026-09-26 15:28:20
14  0      0 209688  69588 2101576    0    0     0 28536 20095 96000 60 34  4  2  0  0 2026-09-26 15:28:21
40  1      0 193128  69596 2114872    0    0     0 51456 19459 89420 55 39  4  2  0  0 2026-09-26 15:28:22
18  2      0 169760  69596 2118000    0    0     0 27948 21682 95978 59 36  3  2  0  0 2026-09-26 15:28:23
17  1      0 146400  69596 2120088    0    0     0 26480 20594 96323 62 37  1  0  0  0 2026-09-26 15:28:24
45  1      0 141712  69596 2123000    0    0     0 27524 21206 101832 62 38  1  0  0  0 2026-09-26 15:28:25
44  0      0 137488  69596 2128580    0    0     0 28056 21134 94091 64 33  2  1  0  0 2026-09-26 15:28:26
24  0      0 115564  69596 2131728    0    0     0 28000 20514 92147 60 34  4  2  0  0 2026-09-26 15:28:27
30  0      0 106268  69596 2132816    0    0     0 27024 20693 90621 59 33  5  3  0  0 2026-09-26 15:28:28
14  0      0 101760  69596 2135336    0    0     0 30536 19608 90150 61 33  4  2  0  0 2026-09-26 15:28:29
44  0      0 103432  69596 2136644    0    0     0 34464 19724 96984 61 37  2  1  0  0 2026-09-26 15:28:30
procs -----------memory---------- ---swap-- -----io---- -system-- -------cpu------- -----timestamp-----
 r  b   swpd   free   buff  cache   si   so    bi    bo   in   cs us sy id wa st gu                 UTC
11  0      0  95524  69596 2138016    0    0     0 28904 20051 94313 63 34  2  2  0  0 2026-09-26 15:28:31
54  0      0  75468  69596 2139712    0    0     0 25064 19523 94341 62 36  1  1  0  0 2026-09-26 15:28:32
48  0      0  90128  68496 2116168    0    0     0 42084 20706 96234 63 37  1  0  0  0 2026-09-26 15:28:33
 9  1      0  87232  68496 2117728    0    0     0 25640 19849 93754 61 39  0  0  0  0 2026-09-26 15:28:34
39  0      0  80580  68496 2119152    0    0     0 26420 20444 91345 64 35  0  0  0  0 2026-09-26 15:28:35
45  0      0  85948  68476 2093968    0    0     0 23456 20594 95260 64 36  1  0  0  0 2026-09-26 15:28:36
12  1      0  81376  68476 2095512    0    0     0 25576 20312 101229 63 37  0  0  0  0 2026-09-26 15:28:37
22  0      0  73372  68476 2097588    0    0     0 27140 18864 90272 62 34  3  2  0  0 2026-09-26 15:28:38
20  1      0  84120  68464 2092420    0    0     0 30684 19674 87924 63 32  4  2  0  0 2026-09-26 15:28:39
27  1      0  73172  68464 2093804    0    0     0 32884 20721 89939 63 31  4  2  0  0 2026-09-26 15:28:40
35  0      0  77332  68452 2066252    0    0     0 25868 18478 89499 65 35  1  0  0  0 2026-09-26 15:28:41
60  0      0 100896  68328 2039508    0    0     0 24672 18249 88285 65 35  0  0  0  0 2026-09-26 15:28:42
36  0      0  96816  68328 2041388    0    0     0 23408 20500 102584 64 34  2  1  0  0 2026-09-26 15:28:43
19  0      0  89952  68328 2042820    0    0     0 26928 20431 81569 63 32  4  2  0  0 2026-09-26 15:28:44
20  0      0  84464  68328 2046260    0    0     0 25236 20876 89414 63 31  4  2  0  0 2026-09-26 15:28:45
23  0      0  77940  68328 2047112    0    0     0 26516 18952 89247 62 34  3  1  0  0 2026-09-26 15:28:46
57  0      0  79728  68312 2025056    0    0     0 27288 20130 94493 61 34  3  2  0  0 2026-09-26 15:28:47
17  0      0  81568  68312 2012880    0    0     0 26368 18370 90651 68 32  0  0  0  0 2026-09-26 15:28:48
31  0      0  73576  68312 2015352    0    0     0 32364 19737 91386 64 35  0  0  0  0 2026-09-26 15:28:49
11  1      0  83124  68312 2005872    0    0     0 38576 19609 90917 66 32  1  1  0  0 2026-09-26 15:28:50
15  0      0  84952  68312 2008316    0    0     0 18280 19135 103320 67 30  3  0  0  0 2026-09-26 15:28:51
procs -----------memory---------- ---swap-- -----io---- -system-- -------cpu------- -----timestamp-----
 r  b   swpd   free   buff  cache   si   so    bi    bo   in   cs us sy id wa st gu                 UTC
 5  0      0  83852  68312 2011096    0    0     0  8364 17488 114390 67 28  4  1  0  0 2026-09-26 15:28:52
 5  0      0  85120  68312 2016744    0    0     0  4184 18809 112420 69 27  4  0  0  0 2026-09-26 15:28:53
20  0      0  88284  68312 1986948    0    0     0  3556 18188 105981 69 27  4  0  0  0 2026-09-26 15:28:54
