time=13:09:20.562 level=DEBUG source=/tmp/isucon14/bench/cmd/run.go:90 msg=target targetURL=https://isuride.xiv.isucon.net targetAddr=127.0.0.1:443 benchrun.GetTargetAddress()="" paymentURL=http://127.0.0.1:12346
time=13:09:20.562 level=INFO msg=負荷走行を開始します
time=13:09:23.653 level=DEBUG source=/tmp/isucon14/bench/benchmarker/scenario/scenario.go:315 msg=時間経過 tick=60
time=13:09:23.653 level=DEBUG source=/tmp/isucon14/bench/benchmarker/scenario/scenario.go:317 msg=eval reqs=5 score="[0 0 0 4 1]" criteria="[5 1 5 5]"
time=13:09:25.687 level=INFO msg=一定の売上が立ったためオーナーの椅子が増加します 名前=座和インダストリー 増加数=1
time=13:09:25.693 level=DEBUG source=/tmp/isucon14/bench/benchmarker/scenario/scenario.go:315 msg=時間経過 tick=120
time=13:09:25.693 level=DEBUG source=/tmp/isucon14/bench/benchmarker/scenario/scenario.go:317 msg=eval reqs=14 score="[0 0 1 7 6]" criteria="[14 7 14 12]"
time=13:09:27.474 level=INFO msg=一定の売上が立ったためオーナーの椅子が増加します 名前=瞬道タクシー 増加数=1
time=13:09:27.476 level=INFO msg=一定の売上が立ったためオーナーの椅子が増加します 名前="Timeless Seats" 増加数=1
time=13:09:27.476 level=INFO msg=一定の売上が立ったためオーナーの椅子が増加します 名前=座和インダストリー 増加数=2
time=13:09:27.477 level=INFO msg=一定の売上が立ったためオーナーの椅子が増加します 名前=快旅タクシー 増加数=1
time=13:09:27.484 level=INFO msg=一定の売上が立ったためオーナーの椅子が増加します 名前="PreLoved Chairs" 増加数=1
time=13:09:27.493 level=DEBUG source=/tmp/isucon14/bench/benchmarker/scenario/scenario.go:315 msg=時間経過 tick=180
time=13:09:27.494 level=DEBUG source=/tmp/isucon14/bench/benchmarker/scenario/scenario.go:317 msg=eval reqs=30 score="[0 0 4 17 9]" criteria="[30 10 27 28]"
time=13:09:27.494 level=INFO msg=これまでに地域内の評判によって7人、既存ユーザーの招待経由で26人が新規登録しました
time=13:09:27.494 level=INFO msg=0.0%のライドは椅子がマッチされるまでの時間、66.7%のライドはマッチされた椅子が乗車地点までに掛かる時間、8.3%のライドは椅子の実移動時間に不満がありました
time=13:09:29.273 level=INFO msg=一定の売上が立ったためオーナーの椅子が増加します 名前="Timeless Seats" 増加数=1
time=13:09:29.273 level=INFO msg=一定の売上が立ったためオーナーの椅子が増加します 名前="PreLoved Chairs" 増加数=1
time=13:09:29.294 level=DEBUG source=/tmp/isucon14/bench/benchmarker/scenario/scenario.go:315 msg=時間経過 tick=240
time=13:09:29.294 level=DEBUG source=/tmp/isucon14/bench/benchmarker/scenario/scenario.go:317 msg=eval reqs=45 score="[0 0 4 28 13]" criteria="[45 14 42 43]"
time=13:09:29.306 level=INFO msg=一定の売上が立ったためオーナーの椅子が増加します 名前=快旅タクシー 増加数=3
time=13:09:29.307 level=INFO msg=一定の売上が立ったためオーナーの椅子が増加します 名前=瞬道タクシー 増加数=1
time=13:09:31.083 level=INFO msg=一定の売上が立ったためオーナーの椅子が増加します 名前="Timeless Seats" 増加数=1
time=13:09:31.093 level=DEBUG source=/tmp/isucon14/bench/benchmarker/scenario/scenario.go:315 msg=時間経過 tick=300
time=13:09:31.093 level=DEBUG source=/tmp/isucon14/bench/benchmarker/scenario/scenario.go:317 msg=eval reqs=58 score="[0 0 8 32 18]" criteria="[58 19 55 52]"
time=13:09:31.103 level=INFO msg=一定の売上が立ったためオーナーの椅子が増加します 名前=瞬道タクシー 増加数=2
time=13:09:31.103 level=INFO msg=一定の売上が立ったためオーナーの椅子が増加します 名前=快旅タクシー 増加数=1
time=13:09:31.113 level=INFO msg=一定の売上が立ったためオーナーの椅子が増加します 名前="PreLoved Chairs" 増加数=1
time=13:09:32.888 level=INFO msg=一定の売上が立ったためオーナーの椅子が増加します 名前="Timeless Seats" 増加数=1
time=13:09:32.893 level=DEBUG source=/tmp/isucon14/bench/benchmarker/scenario/scenario.go:315 msg=時間経過 tick=360
time=13:09:32.893 level=DEBUG source=/tmp/isucon14/bench/benchmarker/scenario/scenario.go:317 msg=eval reqs=71 score="[0 0 16 36 19]" criteria="[69 24 66 57]"
time=13:09:32.893 level=INFO msg=これまでに地域内の評判によって20人、既存ユーザーの招待経由で55人が新規登録しました
time=13:09:32.893 level=INFO msg=2.8%のライドは椅子がマッチされるまでの時間、66.2%のライドはマッチされた椅子が乗車地点までに掛かる時間、13.4%のライドは椅子の実移動時間に不満がありました
time=13:09:32.901 level=INFO msg=一定の売上が立ったためオーナーの椅子が増加します 名前=快旅タクシー 増加数=1
time=13:09:32.922 level=INFO msg=一定の売上が立ったためオーナーの椅子が増加します 名前=座和インダストリー 増加数=1
time=13:09:32.923 level=INFO msg=一定の売上が立ったためオーナーの椅子が増加します 名前="PreLoved Chairs" 増加数=2
time=13:09:34.693 level=DEBUG source=/tmp/isucon14/bench/benchmarker/scenario/scenario.go:315 msg=時間経過 tick=420
time=13:09:34.693 level=DEBUG source=/tmp/isucon14/bench/benchmarker/scenario/scenario.go:317 msg=eval reqs=79 score="[1 2 19 38 19]" criteria="[71 26 72 61]"
time=13:09:34.711 level=INFO msg=一定の売上が立ったためオーナーの椅子が増加します 名前="Timeless Seats" 増加数=2
time=13:09:34.727 level=INFO msg=一定の売上が立ったためオーナーの椅子が増加します 名前=快旅タクシー 増加数=1
time=13:09:36.493 level=DEBUG source=/tmp/isucon14/bench/benchmarker/scenario/scenario.go:315 msg=時間経過 tick=480
time=13:09:36.493 level=DEBUG source=/tmp/isucon14/bench/benchmarker/scenario/scenario.go:317 msg=eval reqs=92 score="[3 7 23 40 19]" criteria="[73 32 80 64]"
time=13:09:36.541 level=INFO msg=一定の売上が立ったためオーナーの椅子が増加します 名前="PreLoved Chairs" 増加数=2
time=13:09:36.548 level=INFO msg=一定の売上が立ったためオーナーの椅子が増加します 名前=座和インダストリー 増加数=1
time=13:09:36.549 level=INFO msg=一定の売上が立ったためオーナーの椅子が増加します 名前=快旅タクシー 増加数=1
time=13:09:36.565 level=INFO msg=一定の売上が立ったためオーナーの椅子が増加します 名前="Timeless Seats" 増加数=1
time=13:09:38.293 level=INFO msg=これまでに地域内の評判によって32人、既存ユーザーの招待経由で61人が新規登録しました
time=13:09:38.293 level=INFO msg=これまでに低評価なライドによって12人が利用をやめました
time=13:09:38.293 level=INFO msg=32.1%のライドは椅子がマッチされるまでの時間、65.1%のライドはマッチされた椅子が乗車地点までに掛かる時間、25.7%のライドは椅子の実移動時間に不満がありました
time=13:09:38.293 level=DEBUG source=/tmp/isucon14/bench/benchmarker/scenario/scenario.go:315 msg=時間経過 tick=540
time=13:09:38.293 level=DEBUG source=/tmp/isucon14/bench/benchmarker/scenario/scenario.go:317 msg=eval reqs=109 score="[4 17 26 43 19]" criteria="[74 38 93 69]"
time=13:09:38.295 level=INFO msg=一定の売上が立ったためオーナーの椅子が増加します 名前="Timeless Seats" 増加数=2
time=13:09:38.295 level=INFO msg=一定の売上が立ったためオーナーの椅子が増加します 名前=座和インダストリー 増加数=1
time=13:09:38.295 level=INFO msg=一定の売上が立ったためオーナーの椅子が増加します 名前="PreLoved Chairs" 増加数=1
time=13:09:38.314 level=INFO msg=一定の売上が立ったためオーナーの椅子が増加します 名前=快旅タクシー 増加数=2
time=13:09:40.093 level=DEBUG source=/tmp/isucon14/bench/benchmarker/scenario/scenario.go:315 msg=時間経過 tick=600
time=13:09:40.093 level=DEBUG source=/tmp/isucon14/bench/benchmarker/scenario/scenario.go:317 msg=eval reqs=126 score="[6 23 31 47 19]" criteria="[76 47 104 75]"
time=13:09:40.124 level=INFO msg=一定の売上が立ったためオーナーの椅子が増加します 名前=瞬道タクシー 増加数=2
time=13:09:40.180 level=INFO msg=一定の売上が立ったためオーナーの椅子が増加します 名前=座和インダストリー 増加数=1
time=13:09:40.186 level=INFO msg=一定の売上が立ったためオーナーの椅子が増加します 名前="PreLoved Chairs" 増加数=2
time=13:09:40.213 level=INFO msg=一定の売上が立ったためオーナーの椅子が増加します 名前=快旅タクシー 増加数=1
time=13:09:41.893 level=DEBUG source=/tmp/isucon14/bench/benchmarker/scenario/scenario.go:315 msg=時間経過 tick=660
time=13:09:41.893 level=DEBUG source=/tmp/isucon14/bench/benchmarker/scenario/scenario.go:317 msg=eval reqs=149 score="[15 27 40 48 19]" criteria="[77 58 113 79]"
time=13:09:41.959 level=INFO msg=一定の売上が立ったためオーナーの椅子が増加します 名前="PreLoved Chairs" 増加数=1
time=13:09:41.960 level=INFO msg=一定の売上が立ったためオーナーの椅子が増加します 名前=座和インダストリー 増加数=1
time=13:09:41.960 level=INFO msg=一定の売上が立ったためオーナーの椅子が増加します 名前=瞬道タクシー 増加数=1
time=13:09:41.962 level=INFO msg=一定の売上が立ったためオーナーの椅子が増加します 名前="Timeless Seats" 増加数=1
time=13:09:41.976 level=INFO msg=一定の売上が立ったためオーナーの椅子が増加します 名前=快旅タクシー 増加数=2
time=13:09:43.693 level=INFO msg=これまでに地域内の評判によって44人、既存ユーザーの招待経由で69人が新規登録しました
time=13:09:43.693 level=INFO msg=これまでに低評価なライドによって29人が利用をやめました
time=13:09:43.693 level=INFO msg=51.4%のライドは椅子がマッチされるまでの時間、61.1%のライドはマッチされた椅子が乗車地点までに掛かる時間、41.1%のライドは椅子の実移動時間に不満がありました
time=13:09:43.693 level=DEBUG source=/tmp/isucon14/bench/benchmarker/scenario/scenario.go:315 msg=時間経過 tick=720
time=13:09:43.693 level=DEBUG source=/tmp/isucon14/bench/benchmarker/scenario/scenario.go:317 msg=eval reqs=175 score="[23 34 48 51 19]" criteria="[85 68 121 85]"
time=13:09:43.740 level=INFO msg=一定の売上が立ったためオーナーの椅子が増加します 名前=瞬道タクシー 増加数=1
time=13:09:43.745 level=INFO msg=一定の売上が立ったためオーナーの椅子が増加します 名前="PreLoved Chairs" 増加数=2
time=13:09:43.759 level=INFO msg=一定の売上が立ったためオーナーの椅子が増加します 名前="Timeless Seats" 増加数=2
time=13:09:43.767 level=INFO msg=一定の売上が立ったためオーナーの椅子が増加します 名前=快旅タクシー 増加数=2
time=13:09:43.784 level=INFO msg=一定の売上が立ったためオーナーの椅子が増加します 名前=座和インダストリー 増加数=1
time=13:09:45.493 level=DEBUG source=/tmp/isucon14/bench/benchmarker/scenario/scenario.go:315 msg=時間経過 tick=780
time=13:09:45.493 level=DEBUG source=/tmp/isucon14/bench/benchmarker/scenario/scenario.go:317 msg=eval reqs=194 score="[30 36 51 57 20]" criteria="[97 78 127 87]"
time=13:09:45.555 level=INFO msg=一定の売上が立ったためオーナーの椅子が増加します 名前=快旅タクシー 増加数=1
time=13:09:45.565 level=INFO msg=一定の売上が立ったためオーナーの椅子が増加します 名前=座和インダストリー 増加数=2
time=13:09:45.570 level=INFO msg=一定の売上が立ったためオーナーの椅子が増加します 名前="PreLoved Chairs" 増加数=1
time=13:09:47.293 level=DEBUG source=/tmp/isucon14/bench/benchmarker/scenario/scenario.go:315 msg=時間経過 tick=840
time=13:09:47.294 level=DEBUG source=/tmp/isucon14/bench/benchmarker/scenario/scenario.go:317 msg=eval reqs=217 score="[34 40 54 66 23]" criteria="[116 93 139 90]"
time=13:09:47.347 level=INFO msg=一定の売上が立ったためオーナーの椅子が増加します 名前=瞬道タクシー 増加数=1
time=13:09:47.382 level=INFO msg=一定の売上が立ったためオーナーの椅子が増加します 名前=快旅タクシー 増加数=1
time=13:09:47.388 level=INFO msg=一定の売上が立ったためオーナーの椅子が増加します 名前="Timeless Seats" 増加数=2
time=13:09:47.398 level=INFO msg=一定の売上が立ったためオーナーの椅子が増加します 名前=座和インダストリー 増加数=1
time=13:09:47.398 level=INFO msg=一定の売上が立ったためオーナーの椅子が増加します 名前="PreLoved Chairs" 増加数=2
time=13:09:48.077 level=WARN msg="ユーザー登録に失敗しました (CODE=17): POST /api/app/usersへのリクエストに対して、期待されたHTTPステータスコードが確認できませんでした (expected:201, actual:500)"
time=13:09:48.163 level=WARN msg="ユーザー登録に失敗しました (CODE=17): POST /api/app/usersへのリクエストに対して、期待されたHTTPステータスコードが確認できませんでした (expected:201, actual:500)"
time=13:09:49.093 level=DEBUG source=/tmp/isucon14/bench/benchmarker/scenario/scenario.go:315 msg=時間経過 tick=900
time=13:09:49.093 level=DEBUG source=/tmp/isucon14/bench/benchmarker/scenario/scenario.go:317 msg=eval reqs=250 score="[35 56 60 75 24]" criteria="[148 107 149 93]"
time=13:09:49.094 level=INFO msg=これまでに地域内の評判によって56人、既存ユーザーの招待経由で94人が新規登録しました
time=13:09:49.094 level=INFO msg=これまでに低評価なライドによって46人が利用をやめました
time=13:09:49.094 level=INFO msg=40.8%のライドは椅子がマッチされるまでの時間、57.2%のライドはマッチされた椅子が乗車地点までに掛かる時間、51.6%のライドは椅子の実移動時間に不満がありました
time=13:09:49.126 level=INFO msg=一定の売上が立ったためオーナーの椅子が増加します 名前=座和インダストリー 増加数=2
time=13:09:49.152 level=INFO msg=一定の売上が立ったためオーナーの椅子が増加します 名前="PreLoved Chairs" 増加数=2
time=13:09:49.153 level=INFO msg=一定の売上が立ったためオーナーの椅子が増加します 名前="Timeless Seats" 増加数=3
time=13:09:49.200 level=INFO msg=一定の売上が立ったためオーナーの椅子が増加します 名前=瞬道タクシー 増加数=1
time=13:09:49.203 level=INFO msg=一定の売上が立ったためオーナーの椅子が増加します 名前=快旅タクシー 増加数=2
time=13:09:49.901 level=WARN msg="ユーザー登録に失敗しました (CODE=17): POST /api/app/usersへのリクエストに対して、期待されたHTTPステータスコードが確認できませんでした (expected:201, actual:500)"
time=13:09:50.893 level=DEBUG source=/tmp/isucon14/bench/benchmarker/scenario/scenario.go:315 msg=時間経過 tick=960
time=13:09:50.893 level=DEBUG source=/tmp/isucon14/bench/benchmarker/scenario/scenario.go:317 msg=eval reqs=271 score="[36 64 65 81 25]" criteria="[168 119 155 95]"
time=13:09:50.970 level=INFO msg=一定の売上が立ったためオーナーの椅子が増加します 名前=快旅タクシー 増加数=1
time=13:09:50.973 level=INFO msg=一定の売上が立ったためオーナーの椅子が増加します 名前=座和インダストリー 増加数=1
time=13:09:50.992 level=INFO msg=一定の売上が立ったためオーナーの椅子が増加します 名前="Timeless Seats" 増加数=2
time=13:09:51.009 level=INFO msg=一定の売上が立ったためオーナーの椅子が増加します 名前=瞬道タクシー 増加数=1
time=13:09:51.014 level=INFO msg=一定の売上が立ったためオーナーの椅子が増加します 名前="PreLoved Chairs" 増加数=1
time=13:09:52.694 level=DEBUG source=/tmp/isucon14/bench/benchmarker/scenario/scenario.go:315 msg=時間経過 tick=1020
time=13:09:52.694 level=DEBUG source=/tmp/isucon14/bench/benchmarker/scenario/scenario.go:317 msg=eval reqs=294 score="[38 72 73 86 25]" criteria="[189 132 160 95]"
time=13:09:52.741 level=INFO msg=一定の売上が立ったためオーナーの椅子が増加します 名前=座和インダストリー 増加数=1
time=13:09:52.745 level=INFO msg=一定の売上が立ったためオーナーの椅子が増加します 名前=快旅タクシー 増加数=2
time=13:09:52.798 level=INFO msg=一定の売上が立ったためオーナーの椅子が増加します 名前="PreLoved Chairs" 増加数=2
time=13:09:52.798 level=INFO msg=一定の売上が立ったためオーナーの椅子が増加します 名前="Timeless Seats" 増加数=1
time=13:09:52.845 level=INFO msg=一定の売上が立ったためオーナーの椅子が増加します 名前=瞬道タクシー 増加数=1
time=13:09:54.493 level=DEBUG source=/tmp/isucon14/bench/benchmarker/scenario/scenario.go:315 msg=時間経過 tick=1080
time=13:09:54.493 level=DEBUG source=/tmp/isucon14/bench/benchmarker/scenario/scenario.go:317 msg=eval reqs=320 score="[38 86 83 87 26]" criteria="[215 144 162 96]"
time=13:09:54.493 level=INFO msg=これまでに地域内の評判によって68人、既存ユーザーの招待経由で106人が新規登録しました
time=13:09:54.493 level=INFO msg=これまでに低評価なライドによって57人が利用をやめました
time=13:09:54.494 level=INFO msg=32.8%のライドは椅子がマッチされるまでの時間、55.0%のライドはマッチされた椅子が乗車地点までに掛かる時間、59.7%のライドは椅子の実移動時間に不満がありました
time=13:09:54.525 level=INFO msg=一定の売上が立ったためオーナーの椅子が増加します 名前=快旅タクシー 増加数=1
time=13:09:54.525 level=INFO msg=一定の売上が立ったためオーナーの椅子が増加します 名前="Timeless Seats" 増加数=1
time=13:09:54.628 level=INFO msg=一定の売上が立ったためオーナーの椅子が増加します 名前=瞬道タクシー 増加数=1
time=13:09:54.698 level=INFO msg=一定の売上が立ったためオーナーの椅子が増加します 名前="PreLoved Chairs" 増加数=1
time=13:09:56.289 level=INFO msg=一定の売上が立ったためオーナーの椅子が増加します 名前=座和インダストリー 増加数=1
time=13:09:56.293 level=DEBUG source=/tmp/isucon14/bench/benchmarker/scenario/scenario.go:315 msg=時間経過 tick=1140
time=13:09:56.293 level=DEBUG source=/tmp/isucon14/bench/benchmarker/scenario/scenario.go:317 msg=eval reqs=347 score="[38 94 95 94 26]" criteria="[242 163 169 96]"
time=13:09:56.390 level=INFO msg=一定の売上が立ったためオーナーの椅子が増加します 名前="Timeless Seats" 増加数=2
time=13:09:56.401 level=INFO msg=一定の売上が立ったためオーナーの椅子が増加します 名前=快旅タクシー 増加数=1
time=13:09:56.457 level=INFO msg=一定の売上が立ったためオーナーの椅子が増加します 名前="PreLoved Chairs" 増加数=1
time=13:09:56.461 level=INFO msg=一定の売上が立ったためオーナーの椅子が増加します 名前=瞬道タクシー 増加数=1
time=13:09:58.094 level=DEBUG source=/tmp/isucon14/bench/benchmarker/scenario/scenario.go:315 msg=時間経過 tick=1200
time=13:09:58.094 level=DEBUG source=/tmp/isucon14/bench/benchmarker/scenario/scenario.go:317 msg=eval reqs=371 score="[38 107 105 95 26]" criteria="[266 172 170 98]"
time=13:09:58.258 level=INFO msg=一定の売上が立ったためオーナーの椅子が増加します 名前=快旅タクシー 増加数=2
time=13:09:58.261 level=INFO msg=一定の売上が立ったためオーナーの椅子が増加します 名前=座和インダストリー 増加数=2
time=13:09:58.299 level=INFO msg=一定の売上が立ったためオーナーの椅子が増加します 名前="PreLoved Chairs" 増加数=2
time=13:09:58.333 level=INFO msg=一定の売上が立ったためオーナーの椅子が増加します 名前="Timeless Seats" 増加数=1
time=13:09:59.893 level=INFO msg=これまでに地域内の評判によって80人、既存ユーザーの招待経由で115人が新規登録しました
time=13:09:59.893 level=INFO msg=これまでに低評価なライドによって66人が利用をやめました
time=13:09:59.893 level=INFO msg=26.9%のライドは椅子がマッチされるまでの時間、53.0%のライドはマッチされた椅子が乗車地点までに掛かる時間、65.7%のライドは椅子の実移動時間に不満がありました
time=13:09:59.893 level=DEBUG source=/tmp/isucon14/bench/benchmarker/scenario/scenario.go:315 msg=時間経過 tick=1260
time=13:09:59.893 level=DEBUG source=/tmp/isucon14/bench/benchmarker/scenario/scenario.go:317 msg=eval reqs=394 score="[39 116 116 97 26]" criteria="[288 185 172 98]"
time=13:09:59.976 level=INFO msg=一定の売上が立ったためオーナーの椅子が増加します 名前=快旅タクシー 増加数=1
time=13:09:59.992 level=INFO msg=一定の売上が立ったためオーナーの椅子が増加します 名前="Timeless Seats" 増加数=3
time=13:10:00.017 level=INFO msg=一定の売上が立ったためオーナーの椅子が増加します 名前=瞬道タクシー 増加数=2
time=13:10:00.017 level=INFO msg=一定の売上が立ったためオーナーの椅子が増加します 名前="PreLoved Chairs" 増加数=1
time=13:10:01.693 level=DEBUG source=/tmp/isucon14/bench/benchmarker/scenario/scenario.go:315 msg=時間経過 tick=1320
time=13:10:01.693 level=DEBUG source=/tmp/isucon14/bench/benchmarker/scenario/scenario.go:317 msg=eval reqs=425 score="[41 129 129 100 26]" criteria="[317 201 175 98]"
time=13:10:01.831 level=INFO msg=一定の売上が立ったためオーナーの椅子が増加します 名前=瞬道タクシー 増加数=1
time=13:10:01.863 level=INFO msg=一定の売上が立ったためオーナーの椅子が増加します 名前=座和インダストリー 増加数=2
time=13:10:01.868 level=INFO msg=一定の売上が立ったためオーナーの椅子が増加します 名前="PreLoved Chairs" 増加数=3
time=13:10:01.899 level=INFO msg=一定の売上が立ったためオーナーの椅子が増加します 名前=快旅タクシー 増加数=2
time=13:10:03.493 level=DEBUG source=/tmp/isucon14/bench/benchmarker/scenario/scenario.go:315 msg=時間経過 tick=1380
time=13:10:03.495 level=DEBUG source=/tmp/isucon14/bench/benchmarker/scenario/scenario.go:317 msg=eval reqs=453 score="[43 136 144 104 26]" criteria="[343 220 179 98]"
time=13:10:03.552 level=INFO msg=一定の売上が立ったためオーナーの椅子が増加します 名前=快旅タクシー 増加数=1
time=13:10:03.612 level=INFO msg=一定の売上が立ったためオーナーの椅子が増加します 名前=瞬道タクシー 増加数=1
time=13:10:03.713 level=INFO msg=一定の売上が立ったためオーナーの椅子が増加します 名前="PreLoved Chairs" 増加数=2
time=13:10:03.880 level=INFO msg=一定の売上が立ったためオーナーの椅子が増加します 名前="Timeless Seats" 増加数=2
time=13:10:05.293 level=DEBUG source=/tmp/isucon14/bench/benchmarker/scenario/scenario.go:315 msg=時間経過 tick=1440
time=13:10:05.294 level=DEBUG source=/tmp/isucon14/bench/benchmarker/scenario/scenario.go:317 msg=eval reqs=482 score="[43 148 159 106 26]" criteria="[372 235 180 101]"
time=13:10:05.294 level=INFO msg=これまでに地域内の評判によって92人、既存ユーザーの招待経由で122人が新規登録しました
time=13:10:05.294 level=INFO msg=これまでに低評価なライドによって78人が利用をやめました
time=13:10:05.294 level=INFO msg=22.8%のライドは椅子がマッチされるまでの時間、51.2%のライドはマッチされた椅子が乗車地点までに掛かる時間、70.9%のライドは椅子の実移動時間に不満がありました
time=13:10:05.407 level=INFO msg=一定の売上が立ったためオーナーの椅子が増加します 名前="Timeless Seats" 増加数=1
time=13:10:05.408 level=INFO msg=一定の売上が立ったためオーナーの椅子が増加します 名前="PreLoved Chairs" 増加数=1
time=13:10:05.409 level=INFO msg=一定の売上が立ったためオーナーの椅子が増加します 名前=座和インダストリー 増加数=2
time=13:10:05.426 level=INFO msg=一定の売上が立ったためオーナーの椅子が増加します 名前=瞬道タクシー 増加数=1
time=13:10:05.513 level=INFO msg=一定の売上が立ったためオーナーの椅子が増加します 名前=快旅タクシー 増加数=2
time=13:10:06.316 level=WARN msg="ユーザー登録に失敗しました (CODE=17): POST /api/app/usersへのリクエストに対して、期待されたHTTPステータスコードが確認できませんでした (expected:201, actual:500)"
time=13:10:07.094 level=DEBUG source=/tmp/isucon14/bench/benchmarker/scenario/scenario.go:315 msg=時間経過 tick=1500
time=13:10:07.095 level=DEBUG source=/tmp/isucon14/bench/benchmarker/scenario/scenario.go:317 msg=eval reqs=511 score="[43 156 172 113 27]" criteria="[401 256 185 105]"
time=13:10:07.174 level=INFO msg=一定の売上が立ったためオーナーの椅子が増加します 名前=座和インダストリー 増加数=1
time=13:10:07.174 level=INFO msg=一定の売上が立ったためオーナーの椅子が増加します 名前="Timeless Seats" 増加数=1
time=13:10:07.201 level=INFO msg=一定の売上が立ったためオーナーの椅子が増加します 名前="PreLoved Chairs" 増加数=1
time=13:10:07.356 level=INFO msg=一定の売上が立ったためオーナーの椅子が増加します 名前=快旅タクシー 増加数=1
time=13:10:07.425 level=INFO msg=一定の売上が立ったためオーナーの椅子が増加します 名前=瞬道タクシー 増加数=2
time=13:10:08.893 level=DEBUG source=/tmp/isucon14/bench/benchmarker/scenario/scenario.go:315 msg=時間経過 tick=1560
time=13:10:08.893 level=DEBUG source=/tmp/isucon14/bench/benchmarker/scenario/scenario.go:317 msg=eval reqs=544 score="[44 165 190 118 27]" criteria="[433 279 188 107]"
time=13:10:09.009 level=INFO msg=一定の売上が立ったためオーナーの椅子が増加します 名前="Timeless Seats" 増加数=1
time=13:10:09.067 level=INFO msg=一定の売上が立ったためオーナーの椅子が増加します 名前=瞬道タクシー 増加数=1
time=13:10:09.108 level=INFO msg=一定の売上が立ったためオーナーの椅子が増加します 名前="PreLoved Chairs" 増加数=2
time=13:10:09.121 level=INFO msg=一定の売上が立ったためオーナーの椅子が増加します 名前=座和インダストリー 増加数=1
time=13:10:09.143 level=INFO msg=一定の売上が立ったためオーナーの椅子が増加します 名前=快旅タクシー 増加数=3
time=13:10:10.693 level=INFO msg=これまでに地域内の評判によって104人、既存ユーザーの招待経由で136人が新規登録しました
time=13:10:10.693 level=INFO msg=これまでに低評価なライドによって86人が利用をやめました
time=13:10:10.693 level=INFO msg=19.1%のライドは椅子がマッチされるまでの時間、46.9%のライドはマッチされた椅子が乗車地点までに掛かる時間、74.1%のライドは椅子の実移動時間に不満がありました
time=13:10:10.693 level=DEBUG source=/tmp/isucon14/bench/benchmarker/scenario/scenario.go:315 msg=時間経過 tick=1620
time=13:10:10.693 level=DEBUG source=/tmp/isucon14/bench/benchmarker/scenario/scenario.go:317 msg=eval reqs=580 score="[44 172 214 123 27]" criteria="[469 308 191 109]"
time=13:10:10.764 level=INFO msg=一定の売上が立ったためオーナーの椅子が増加します 名前="PreLoved Chairs" 増加数=2
time=13:10:10.796 level=INFO msg=一定の売上が立ったためオーナーの椅子が増加します 名前="Timeless Seats" 増加数=2
time=13:10:10.807 level=INFO msg=一定の売上が立ったためオーナーの椅子が増加します 名前=快旅タクシー 増加数=1
time=13:10:10.846 level=INFO msg=一定の売上が立ったためオーナーの椅子が増加します 名前=瞬道タクシー 増加数=1
time=13:10:10.915 level=INFO msg=一定の売上が立ったためオーナーの椅子が増加します 名前=座和インダストリー 増加数=1
time=13:10:12.494 level=DEBUG source=/tmp/isucon14/bench/benchmarker/scenario/scenario.go:315 msg=時間経過 tick=1680
time=13:10:12.494 level=DEBUG source=/tmp/isucon14/bench/benchmarker/scenario/scenario.go:317 msg=eval reqs=628 score="[44 180 249 128 27]" criteria="[517 348 193 112]"
time=13:10:12.645 level=INFO msg=一定の売上が立ったためオーナーの椅子が増加します 名前=座和インダストリー 増加数=3
time=13:10:12.678 level=INFO msg=一定の売上が立ったためオーナーの椅子が増加します 名前=快旅タクシー 増加数=2
time=13:10:12.791 level=INFO msg=一定の売上が立ったためオーナーの椅子が増加します 名前="PreLoved Chairs" 増加数=2
time=13:10:12.803 level=INFO msg=一定の売上が立ったためオーナーの椅子が増加します 名前="Timeless Seats" 増加数=3
time=13:10:14.293 level=DEBUG source=/tmp/isucon14/bench/benchmarker/scenario/scenario.go:315 msg=時間経過 tick=1740
time=13:10:14.293 level=DEBUG source=/tmp/isucon14/bench/benchmarker/scenario/scenario.go:317 msg=eval reqs=664 score="[44 188 271 133 28]" criteria="[553 376 198 114]"
time=13:10:14.454 level=INFO msg=一定の売上が立ったためオーナーの椅子が増加します 名前=座和インダストリー 増加数=1
time=13:10:14.460 level=INFO msg=一定の売上が立ったためオーナーの椅子が増加します 名前="PreLoved Chairs" 増加数=2
time=13:10:14.527 level=INFO msg=一定の売上が立ったためオーナーの椅子が増加します 名前="Timeless Seats" 増加数=1
time=13:10:14.591 level=INFO msg=一定の売上が立ったためオーナーの椅子が増加します 名前=快旅タクシー 増加数=2
time=13:10:14.632 level=INFO msg=一定の売上が立ったためオーナーの椅子が増加します 名前=瞬道タクシー 増加数=1
time=13:10:16.093 level=INFO msg=これまでに地域内の評判によって116人、既存ユーザーの招待経由で148人が新規登録しました
time=13:10:16.093 level=INFO msg=これまでに低評価なライドによって93人が利用をやめました
time=13:10:16.093 level=INFO msg=15.8%のライドは椅子がマッチされるまでの時間、42.4%のライドはマッチされた椅子が乗車地点までに掛かる時間、77.5%のライドは椅子の実移動時間に不満がありました
time=13:10:16.093 level=DEBUG source=/tmp/isucon14/bench/benchmarker/scenario/scenario.go:315 msg=時間経過 tick=1800
time=13:10:16.093 level=DEBUG source=/tmp/isucon14/bench/benchmarker/scenario/scenario.go:317 msg=eval reqs=701 score="[44 197 295 137 28]" criteria="[590 404 200 116]"
time=13:10:16.367 level=INFO msg=一定の売上が立ったためオーナーの椅子が増加します 名前=瞬道タクシー 増加数=2
time=13:10:16.401 level=INFO msg=一定の売上が立ったためオーナーの椅子が増加します 名前=快旅タクシー 増加数=2
time=13:10:16.406 level=INFO msg=一定の売上が立ったためオーナーの椅子が増加します 名前="PreLoved Chairs" 増加数=1
time=13:10:16.456 level=INFO msg=一定の売上が立ったためオーナーの椅子が増加します 名前="Timeless Seats" 増加数=1
time=13:10:17.894 level=DEBUG source=/tmp/isucon14/bench/benchmarker/scenario/scenario.go:315 msg=時間経過 tick=1860
time=13:10:17.894 level=DEBUG source=/tmp/isucon14/bench/benchmarker/scenario/scenario.go:317 msg=eval reqs=747 score="[44 200 333 142 28]" criteria="[636 447 202 119]"
time=13:10:17.994 level=INFO msg=一定の売上が立ったためオーナーの椅子が増加します 名前=瞬道タクシー 増加数=2
time=13:10:18.072 level=INFO msg=一定の売上が立ったためオーナーの椅子が増加します 名前="PreLoved Chairs" 増加数=2
time=13:10:18.111 level=INFO msg=一定の売上が立ったためオーナーの椅子が増加します 名前=座和インダストリー 増加数=2
time=13:10:18.221 level=INFO msg=一定の売上が立ったためオーナーの椅子が増加します 名前=快旅タクシー 増加数=1
time=13:10:18.339 level=INFO msg=一定の売上が立ったためオーナーの椅子が増加します 名前="Timeless Seats" 増加数=2
time=13:10:19.693 level=DEBUG source=/tmp/isucon14/bench/benchmarker/scenario/scenario.go:315 msg=時間経過 tick=1920
time=13:10:19.693 level=DEBUG source=/tmp/isucon14/bench/benchmarker/scenario/scenario.go:317 msg=eval reqs=782 score="[44 205 357 148 28]" criteria="[671 477 204 123]"
time=13:10:19.796 level=INFO msg=一定の売上が立ったためオーナーの椅子が増加します 名前="Timeless Seats" 増加数=1
time=13:10:19.966 level=INFO msg=一定の売上が立ったためオーナーの椅子が増加します 名前=座和インダストリー 増加数=1
time=13:10:19.970 level=INFO msg=一定の売上が立ったためオーナーの椅子が増加します 名前="PreLoved Chairs" 増加数=1
time=13:10:19.981 level=INFO msg=一定の売上が立ったためオーナーの椅子が増加します 名前=瞬道タクシー 増加数=1
time=13:10:19.988 level=INFO msg=一定の売上が立ったためオーナーの椅子が増加します 名前=快旅タクシー 増加数=2
time=13:10:21.494 level=DEBUG source=/tmp/isucon14/bench/benchmarker/scenario/scenario.go:315 msg=時間経過 tick=1980
time=13:10:21.494 level=DEBUG source=/tmp/isucon14/bench/benchmarker/scenario/scenario.go:317 msg=eval reqs=809 score="[44 212 376 149 28]" criteria="[698 497 205 123]"
time=13:10:21.494 level=INFO msg=これまでに地域内の評判によって128人、既存ユーザーの招待経由で160人が新規登録しました
time=13:10:21.494 level=INFO msg=これまでに低評価なライドによって95人が利用をやめました
time=13:10:21.494 level=INFO msg=13.7%のライドは椅子がマッチされるまでの時間、38.6%のライドはマッチされた椅子が乗車地点までに掛かる時間、79.7%のライドは椅子の実移動時間に不満がありました
time=13:10:21.592 level=INFO msg=一定の売上が立ったためオーナーの椅子が増加します 名前="Timeless Seats" 増加数=1
time=13:10:21.618 level=INFO msg=一定の売上が立ったためオーナーの椅子が増加します 名前="PreLoved Chairs" 増加数=2
time=13:10:21.721 level=INFO msg=一定の売上が立ったためオーナーの椅子が増加します 名前=座和インダストリー 増加数=1
time=13:10:21.743 level=INFO msg=一定の売上が立ったためオーナーの椅子が増加します 名前=快旅タクシー 増加数=1
time=13:10:26.823 level=INFO msg=最終地域情報 名前=チェアタウン ユーザー登録数=184 アクティブユーザー数=130
time=13:10:26.823 level=INFO msg=最終地域情報 名前=コシカケシティ ユーザー登録数=121 アクティブユーザー数=80
time=13:10:26.823 level=INFO msg=最終オーナー情報 名前="Timeless Seats" 売上=1084300 椅子数=47
time=13:10:26.823 level=INFO msg=最終オーナー情報 名前=座和インダストリー 売上=793700 椅子数=38
time=13:10:26.823 level=INFO msg=最終オーナー情報 名前="PreLoved Chairs" 売上=1182400 椅子数=51
time=13:10:26.823 level=INFO msg=最終オーナー情報 名前=瞬道タクシー 売上=627200 椅子数=33
time=13:10:26.823 level=INFO msg=最終オーナー情報 名前=快旅タクシー 売上=1179800 椅子数=51
time=13:10:26.823 level=INFO msg=13.2%のライドは椅子がマッチされるまでの時間、37.3%のライドはマッチされた椅子が乗車地点までに掛かる時間、80.3%のライドは椅子の実移動時間に不満がありました
time=13:10:26.823 level=INFO msg=結果 pass=true スコア=60003 種別エラー数=map[17:4]
time=13:10:26.823 level=INFO msg=負荷走行が終了しました
