2026-09-27T04:09:20+00:00
COMMAND         %CPU   RSS
mysqld           0.8 729672
nginx            0.2 17224
nginx            0.2 17184
isuride          0.0  8948
sh               0.0  1588
rcu_preempt      0.0     0
jbd2/sda1-8      0.0     0
ksoftirqd/0      0.0     0
ksoftirqd/1      0.0     0
2026-09-27T04:09:22+00:00
COMMAND         %CPU   RSS
bench            8.5 46504
mysqld           0.8 763856
isuride          0.6 15084
nginx            0.2 17224
nginx            0.2 17184
sh               0.0  1588
rcu_preempt      0.0     0
jbd2/sda1-8      0.0     0
ksoftirqd/0      0.0     0
2026-09-27T04:09:24+00:00
COMMAND         %CPU   RSS
bench           20.8 58284
isuride          2.5 15732
mysqld           0.8 764304
nginx            0.2 17224
nginx            0.2 17184
sh               0.0  1588
rcu_preempt      0.0     0
jbd2/sda1-8      0.0     0
ksoftirqd/0      0.0     0
2026-09-27T04:09:26+00:00
COMMAND         %CPU   RSS
bench           23.9 91380
isuride          4.8 16084
mysqld           0.8 767300
nginx            0.2 17224
nginx            0.2 17184
rcu_preempt      0.0     0
sh               0.0  1588
jbd2/sda1-8      0.0     0
ksoftirqd/0      0.0     0
2026-09-27T04:09:28+00:00
COMMAND         %CPU   RSS
bench           25.6 125172
isuride          7.1 16652
mysqld           0.8 769660
nginx            0.2 17224
nginx            0.2 17184
rcu_preempt      0.0     0
sh               0.0  1588
jbd2/sda1-8      0.0     0
ksoftirqd/0      0.0     0
2026-09-27T04:09:30+00:00
COMMAND         %CPU   RSS
bench           26.1 142464
isuride          9.3 18084
mysqld           0.8 772788
nginx            0.2 17224
nginx            0.2 17184
rcu_preempt      0.0     0
sh               0.0  1588
jbd2/sda1-8      0.0     0
ksoftirqd/0      0.0     0
2026-09-27T04:09:32+00:00
COMMAND         %CPU   RSS
bench           26.6 174924
isuride         11.4 18444
mysqld           0.8 776368
nginx            0.2 17224
nginx            0.2 17184
rcu_preempt      0.0     0
sh               0.0  1588
jbd2/sda1-8      0.0     0
ksoftirqd/0      0.0     0
2026-09-27T04:09:34+00:00
COMMAND         %CPU   RSS
bench           26.6 186000
isuride         13.3 19588
mysqld           0.9 781500
nginx            0.2 17224
nginx            0.2 17184
rcu_preempt      0.0     0
sh               0.0  1588
jbd2/sda1-8      0.0     0
kworker/u4:0-ev  0.0     0
2026-09-27T04:09:36+00:00
COMMAND         %CPU   RSS
bench           26.5 200984
isuride         15.0 19936
mysqld           0.9 785384
nginx            0.2 17224
nginx            0.2 17184
rcu_preempt      0.0     0
sh               0.0  1588
jbd2/sda1-8      0.0     0
kworker/u4:0-ev  0.0     0
2026-09-27T04:09:38+00:00
COMMAND         %CPU   RSS
bench           26.5 210520
isuride         16.6 21424
mysqld           0.9 788484
nginx            0.2 17224
nginx            0.2 17184
rcu_preempt      0.0     0
sh               0.0  1588
jbd2/sda1-8      0.0     0
kworker/u4:0-ev  0.0     0
2026-09-27T04:09:40+00:00
COMMAND         %CPU   RSS
bench           26.6 220064
isuride         17.8 22120
mysqld           0.9 792732
nginx            0.2 17224
nginx            0.2 17184
rcu_preempt      0.0     0
sh               0.0  1588
jbd2/sda1-8      0.0     0
kworker/u4:0-ex  0.0     0
2026-09-27T04:09:42+00:00
COMMAND         %CPU   RSS
bench           26.7 232476
isuride         18.9 23012
mysqld           0.9 795804
nginx            0.2 17224
nginx            0.2 17184
rcu_preempt      0.0     0
kworker/u4:0-ev  0.0     0
sh               0.0  1588
jbd2/sda1-8      0.0     0
2026-09-27T04:09:44+00:00
COMMAND         %CPU   RSS
bench           26.8 252488
isuride         20.0 24840
mysqld           0.9 799644
nginx            0.2 17224
nginx            0.2 17184
rcu_preempt      0.0     0
kworker/u4:0-ev  0.0     0
jbd2/sda1-8      0.0     0
sh               0.0  1588
2026-09-27T04:09:46+00:00
COMMAND         %CPU   RSS
bench           26.9 258380
isuride         20.9 25124
mysqld           0.9 801092
nginx            0.2 17224
nginx            0.2 17184
rcu_preempt      0.0     0
kworker/u4:0-ev  0.0     0
jbd2/sda1-8      0.0     0
sh               0.0  1588
2026-09-27T04:09:48+00:00
COMMAND         %CPU   RSS
bench           27.1 277236
isuride         21.7 26612
mysqld           0.9 804156
nginx            0.2 17224
nginx            0.2 17184
rcu_preempt      0.0     0
kworker/u4:0-ex  0.0     0
jbd2/sda1-8      0.0     0
sh               0.0  1588
2026-09-27T04:09:50+00:00
COMMAND         %CPU   RSS
bench           27.3 299984
isuride         22.4 27664
fwupd           14.0 43432
mysqld           0.9 804768
nginx            0.2 17224
nginx            0.2 17184
rcu_preempt      0.0     0
kworker/u4:0-ev  0.0     0
jbd2/sda1-8      0.0     0
2026-09-27T04:09:52+00:00
COMMAND         %CPU   RSS
bench           27.4 329832
isuride         23.2 27712
fwupd            3.6 43432
curl             3.2 12308
mysqld           0.9 807552
nginx            0.2 17224
nginx            0.2 17184
rcu_preempt      0.0     0
kworker/u4:0-ev  0.0     0
2026-09-27T04:09:54+00:00
COMMAND         %CPU   RSS
bench           27.3 332388
isuride         24.0 27864
fwupd            2.1 43432
mysqld           0.9 809608
nginx            0.2 17224
nginx            0.2 17184
rcu_preempt      0.0     0
kworker/u4:0-ev  0.0     0
jbd2/sda1-8      0.0     0
2026-09-27T04:09:56+00:00
COMMAND         %CPU   RSS
bench           27.4 345524
isuride         24.7 28136
fwupd            1.4 43432
mysqld           0.9 812460
nginx            0.2 17224
nginx            0.2 17184
rcu_preempt      0.0     0
kworker/u4:0-ev  0.0     0
jbd2/sda1-8      0.0     0
2026-09-27T04:09:58+00:00
COMMAND         %CPU   RSS
bench           27.3 347452
isuride         25.3 31036
fwupd            1.1 43432
mysqld           0.9 814012
nginx            0.2 17224
nginx            0.2 17184
rcu_preempt      0.0     0
kworker/u4:0-ev  0.0     0
jbd2/sda1-8      0.0     0
2026-09-27T04:10:00+00:00
COMMAND         %CPU   RSS
bench           27.4 361768
isuride         25.9 32192
mysqld           0.9 815012
fwupd            0.9 43404
nginx            0.2 17224
nginx            0.2 17184
rcu_preempt      0.0     0
kworker/u4:0-ev  0.0     0
jbd2/sda1-8      0.0     0
2026-09-27T04:10:02+00:00
COMMAND         %CPU   RSS
bench           27.3 366168
isuride         26.3 33288
mysqld           0.9 817060
fwupd            0.7 43404
nginx            0.2 17224
nginx            0.2 17184
rcu_preempt      0.0     0
kworker/u4:0-ev  0.0     0
jbd2/sda1-8      0.0     0
2026-09-27T04:10:04+00:00
COMMAND         %CPU   RSS
bench           27.4 381816
isuride         26.8 33684
curl             9.0 12308
mysqld           0.9 817968
fwupd            0.6 43404
nginx            0.2 17224
nginx            0.2 17184
rcu_preempt      0.0     0
kworker/u4:0-ev  0.0     0
2026-09-27T04:10:06+00:00
COMMAND         %CPU   RSS
bench           27.4 387880
isuride         27.2 35204
mysqld           0.9 819972
fwupd            0.5 43404
nginx            0.2 17224
nginx            0.2 17184
rcu_preempt      0.0     0
kworker/u4:0-ev  0.0     0
sh               0.0  1588
2026-09-27T04:10:08+00:00
COMMAND         %CPU   RSS
isuride         27.6 35668
bench           27.5 403416
mysqld           0.9 820520
fwupd            0.5 43404
nginx            0.2 17224
nginx            0.2 17184
rcu_preempt      0.0     0
kworker/u4:0-ev  0.0     0
sh               0.0  1588
2026-09-27T04:10:10+00:00
COMMAND         %CPU   RSS
isuride         28.0 35132
bench           27.5 420752
curl            20.0 12280
mysqld           0.9 820600
fwupd            0.4 43404
nginx            0.2 17224
nginx            0.2 17184
rcu_preempt      0.0     0
kworker/u4:0-ev  0.0     0
2026-09-27T04:10:12+00:00
COMMAND         %CPU   RSS
isuride         28.4 34652
bench           27.7 433396
curl             7.1 12304
mysqld           0.9 822688
fwupd            0.4 43404
nginx            0.2 17224
nginx            0.2 17184
rcu_preempt      0.0     0
kworker/u4:0-ev  0.0     0
2026-09-27T04:10:14+00:00
COMMAND         %CPU   RSS
isuride         28.8 38144
bench           27.6 453304
curl             3.0 12296
mysqld           0.9 822700
fwupd            0.4 43404
nginx            0.2 17224
nginx            0.2 17184
rcu_preempt      0.0     0
kworker/u4:0-ev  0.0     0
2026-09-27T04:10:16+00:00
COMMAND         %CPU   RSS
isuride         29.1 39980
bench           27.8 475020
mysqld           0.9 824628
fwupd            0.3 43404
nginx            0.2 17224
nginx            0.2 17184
rcu_preempt      0.0     0
kworker/u4:0-ev  0.0     0
sh               0.0  1588
2026-09-27T04:10:18+00:00
COMMAND         %CPU   RSS
isuride         29.4 39352
bench           27.8 478236
mysqld           1.0 824704
fwupd            0.3 43404
nginx            0.2 17224
nginx            0.2 17184
rcu_preempt      0.0     0
kworker/u4:0-ev  0.0     0
sh               0.0  1588
2026-09-27T04:10:20+00:00
COMMAND         %CPU   RSS
isuride         29.6 40464
bench           27.8 505188
mysqld           1.0 827284
fwupd            0.3 43404
nginx            0.2 17224
nginx            0.2 17184
rcu_preempt      0.0     0
kworker/u4:0-ev  0.0     0
jbd2/sda1-8      0.0     0
2026-09-27T04:10:22+00:00
COMMAND         %CPU   RSS
isuride         30.0 34800
bench           27.7 507016
curl            10.0 12308
mysqld           1.0 825416
fwupd            0.3 43404
nginx            0.2 17224
nginx            0.2 17184
rcu_preempt      0.0     0
kworker/u4:0-ev  0.0     0
2026-09-27T04:10:24+00:00
COMMAND         %CPU   RSS
isuride         30.5 32824
bench           27.6 521800
mysqld           1.0 825416
fwupd            0.2 43404
nginx            0.2 17224
nginx            0.2 17184
rcu_preempt      0.0     0
kworker/u4:0-ev  0.0     0
jbd2/sda1-8      0.0     0
