procs -----------memory---------- ---swap-- -----io---- -system-- -------cpu------- -----timestamp-----
 r  b   swpd   free   buff  cache   si   so    bi    bo   in   cs us sy id wa st gu                 UTC
 2  0      0 1231152  91632 1759796    0    0    22   251  524    6  3  1 96  0  0  0 2026-09-27 04:09:20
 1  1      0 1169372  91632 1749956    0    0     0 58880 11182 21564 23 12 42 23  0  0 2026-09-27 04:09:21
 0  0      0 1168648  91632 1750840    0    0     0  9784 17184 46568 24 14 57  5  0  0 2026-09-27 04:09:22
 0  1      0 1168172  91632 1751280    0    0     0 11828 27921 80615 22 18 55  5  0  0 2026-09-27 04:09:23
35  1      0 1166224  91632 1752740    0    0     0  9584 13127 43583 46 36 15  3  0  0 2026-09-27 04:09:24
37  0      0 1155416  91632 1753536    0    0     0 18376 26241 97826 41 34 19  5  0  0 2026-09-27 04:09:25
 6  0      0 1132552  91632 1754760    0    0     0 21720 23942 103547 49 35 13  4  0  0 2026-09-27 04:09:26
15  1      0 1117440  91632 1755980    0    0     0 20252 25954 111670 51 36 12  2  0  0 2026-09-27 04:09:27
 0  0      0 1092544  91632 1759168    0    0     0 28312 25840 116071 52 38  8  2  0  0 2026-09-27 04:09:28
 8  0      0 1077676  91632 1760424    0    0     0 24140 23328 103454 54 38  6  2  0  0 2026-09-27 04:09:29
18  0      0 1065384  91632 1761612    0    0     0 24468 24410 108910 53 40  5  2  0  0 2026-09-27 04:09:30
 7  1      0 1050664  91636 1762924    0    0     0 23360 22871 99156 56 40  3  1  0  0 2026-09-27 04:09:31
19  0      0 1031552  91636 1765032    0    0     0 26036 23237 105795 56 40  3  1  0  0 2026-09-27 04:09:32
10  0      0 1023808  91636 1766236    0    0     0 26112 22175 106613 54 43  2  1  0  0 2026-09-27 04:09:33
24  0      0 1008212  91636 1767388    0    0     0 25360 21238 103356 57 40  2  1  0  0 2026-09-27 04:09:34
52  0      0 1005592  91636 1768524    0    0     0 27052 21124 99550 54 44  2  1  0  0 2026-09-27 04:09:35
33  0      0 987488  91636 1769504    0    0     0 26220 22001 100136 56 42  2  1  0  0 2026-09-27 04:09:36
28  0      0 984768  91636 1770924    0    0     0 25896 22658 103897 58 39  2  1  0  0 2026-09-27 04:09:37
58  0      0 974340  91636 1772016    0    0     0 31808 22304 106169 57 40  3  1  0  0 2026-09-27 04:09:38
18  0      0 962892  91636 1774268    0    0     0 24708 20290 97675 59 39  2  1  0  0 2026-09-27 04:09:39
13  0      0 951580  91636 1775564    0    0    16 24884 21157 96295 58 39  3  1  0  0 2026-09-27 04:09:40
procs -----------memory---------- ---swap-- -----io---- -system-- -------cpu------- -----timestamp-----
 r  b   swpd   free   buff  cache   si   so    bi    bo   in   cs us sy id wa st gu                 UTC
34  1      0 952032  91636 1776640    0    0     0 26200 21107 101647 59 39  2  1  0  0 2026-09-27 04:09:41
25  1      0 931484  91636 1778992    0    0     0 27300 20804 101853 57 42  1  1  0  0 2026-09-27 04:09:42
26  2      0 924972  91636 1780224    0    0     0 28956 20007 98962 60 38  1  0  0  0 2026-09-27 04:09:43
10  1      0 907372  91636 1781520    0    0     0 24308 20129 97148 59 40  1  0  0  0 2026-09-27 04:09:44
25  1      0 895700  91636 1782736    0    0     0 27452 22191 101139 57 41  1  1  0  0 2026-09-27 04:09:45
40  0      0 891736  91636 1784204    0    0     0 25756 19826 95196 57 41  1  1  0  0 2026-09-27 04:09:46
56  0      0 872080  91636 1785208    0    0     0 22592 19654 96112 61 38  1  0  0  0 2026-09-27 04:09:47
11  0      0 858932  91636 1786768    0    0     0 27324 19682 101829 60 40  1  0  0  0 2026-09-27 04:09:48
35  0      0 842552  91636 1787832    0    0     0 24176 20386 96551 57 42  1  1  0  0 2026-09-27 04:09:49
47  0      0 822324  91636 1790276    0    0     0 26144 17898 91227 62 38  1  0  0  0 2026-09-27 04:09:50
45  0      0 822468  91636 1791520    0    0     0 23584 20064 98178 59 39  2  1  0  0 2026-09-27 04:09:51
16  1      0 802044  91636 1792800    0    0     0 25332 21198 100401 58 40  2  1  0  0 2026-09-27 04:09:52
19  1      0 788772  91636 1794044    0    0     0 24312 21070 101263 59 39  2  0  0  0 2026-09-27 04:09:53
 6  0      0 789928  91636 1796256    0    0     0 32140 18918 97438 60 38  1  1  0  0 2026-09-27 04:09:54
30  1      0 781208  91636 1798424    0    0     0 24816 18898 92063 61 38  2  1  0  0 2026-09-27 04:09:55
54  1      0 767180  91636 1798840    0    0     0 27120 20599 94923 61 37  1  1  0  0 2026-09-27 04:09:56
25  1      0 754120  91636 1800364    0    0     0 25328 19103 99467 59 39  2  0  0  0 2026-09-27 04:09:57
44  0      0 752888  91636 1801560    0    0     0 24560 21511 101997 60 39  1  1  0  0 2026-09-27 04:09:58
26  1      0 737012  91636 1802724    0    0     0 28104 18484 88667 61 39  1  0  0  0 2026-09-27 04:09:59
21  0      0 734028  91636 1804080    0    0     0 26244 20346 101859 59 40  1  0  0  0 2026-09-27 04:10:00
54  0      0 728040  91636 1806324    0    0     0 26852 21104 100025 59 40  1  1  0  0 2026-09-27 04:10:01
procs -----------memory---------- ---swap-- -----io---- -system-- -------cpu------- -----timestamp-----
 r  b   swpd   free   buff  cache   si   so    bi    bo   in   cs us sy id wa st gu                 UTC
62  1      0 732036  91636 1807528    0    0     0 26316 19489 97339 58 41  1  1  0  0 2026-09-27 04:10:02
17  1      0 711232  91636 1808848    0    0     0 22828 18296 88342 62 36  2  0  0  0 2026-09-27 04:10:03
31  0      0 705472  91636 1812204    0    0     0 26956 21739 93559 59 41  0  1  0  0 2026-09-27 04:10:04
17  0      0 696496  91636 1812020    0    0     0 28300 22063 97260 56 43  1  0  0  0 2026-09-27 04:10:05
16  1      0 693644  91636 1813724    0    0     0 26160 20058 94089 61 38  0  1  0  0 2026-09-27 04:10:06
15  0      0 680132  91636 1814544    0    0     0 24688 20346 91598 62 37  1  0  0  0 2026-09-27 04:10:07
13  0      0 670116  91636 1815840    0    0     0 25208 20234 96471 61 38  1  1  0  0 2026-09-27 04:10:08
19  0      0 666616  91640 1817136    0    0     0 29416 20856 99026 58 40  2  0  0  0 2026-09-27 04:10:09
52  0      0 659560  91640 1818388    0    0     0 25952 20759 97818 61 37  2  1  0  0 2026-09-27 04:10:10
 8  1      0 640296  91640 1819780    0    0     0 22960 18397 91450 62 37  1  1  0  0 2026-09-27 04:10:11
52  0      0 632092  91640 1820936    0    0     0 21204 20215 92372 63 36  1  0  0  0 2026-09-27 04:10:12
40  1      0 625212  91640 1822344    0    0     0 22644 20216 97358 58 40  1  0  0  0 2026-09-27 04:10:13
28  1      0 625556  91640 1823516    0    0     0 26900 18359 90979 60 39  1  0  0  0 2026-09-27 04:10:14
36  0      0 575680  91640 1825972    0    0     0 22824 16947 81160 66 34  1  0  0  0 2026-09-27 04:10:15
23  0      0 571480  91640 1827148    0    0     0 27672 19179 94069 60 40  0  1  0  0 2026-09-27 04:10:16
19  0      0 570992  91640 1828352    0    0     0 23368 18991 88496 63 36  1  1  0  0 2026-09-27 04:10:17
 6  2      0 565716  91640 1830648    0    0     0 24508 20545 97366 62 36  2  1  0  0 2026-09-27 04:10:18
45  1      0 561060  91640 1831936    0    0     0 22552 19810 89471 61 37  2  0  0  0 2026-09-27 04:10:19
37  0      0 541716  91640 1833120    0    0     0 22984 18061 89238 63 36  1  1  0  0 2026-09-27 04:10:20
59  0      0 536900  91640 1834376    0    0     0 22196 20129 90285 63 36  1  1  0  0 2026-09-27 04:10:21
 3  0      0 533708  91640 1835296    0    0     0 18728 19046 110487 62 37  1  0  0  0 2026-09-27 04:10:22
procs -----------memory---------- ---swap-- -----io---- -system-- -------cpu------- -----timestamp-----
 r  b   swpd   free   buff  cache   si   so    bi    bo   in   cs us sy id wa st gu                 UTC
59  0      0 544780  91640 1835876    0    0     0  7156 19263 120291 66 32  3  0  0  0 2026-09-27 04:10:23
21  0      0 541504  91640 1836516    0    0     0 11376 18597 111408 68 31  2  0  0  0 2026-09-27 04:10:24
31  0      0 511768  91640 1837172    0    0     0  4032 18243 107583 68 29  3  0  0  0 2026-09-27 04:10:25
10  0      0 508744  91640 1837824    0    0     0  3600 18252 120718 67 30  2  0  0  0 2026-09-27 04:10:26
