2026-09-26T09:42:54+00:00
COMMAND         %CPU   RSS
mysqld          48.6 850508
nginx            1.7  9712
nginx            1.6  9696
systemd-journal  1.2 184868
rsyslogd         0.6  5532
jbd2/sda1-8      0.6     0
kworker/1:1H-kb  0.2     0
kworker/0:1H-kb  0.2     0
rcu_preempt      0.2     0
2026-09-26T09:42:56+00:00
COMMAND         %CPU   RSS
mysqld          48.6 885392
bench           10.5 47736
nginx            1.7  9712
nginx            1.6  9696
systemd-journal  1.2 187820
isuride          0.8 15628
rsyslogd         0.6  5532
jbd2/sda1-8      0.6     0
kworker/1:1H-kb  0.2     0
2026-09-26T09:42:58+00:00
COMMAND         %CPU   RSS
mysqld          48.7 879140
bench            9.2 51968
isuride          2.2 15464
nginx            1.7  9712
nginx            1.6  9696
systemd-journal  1.2 190708
rsyslogd         0.6  5532
jbd2/sda1-8      0.6     0
kworker/1:1H-kb  0.2     0
2026-09-26T09:43:00+00:00
COMMAND         %CPU   RSS
mysqld          48.7 914684
bench           10.4 52340
isuride          4.1 16076
nginx            1.7  9712
nginx            1.6  9696
systemd-journal  1.2 191828
rsyslogd         0.6  5532
jbd2/sda1-8      0.6     0
kworker/1:1H-kb  0.2     0
2026-09-26T09:43:02+00:00
COMMAND         %CPU   RSS
mysqld          48.8 873604
bench           11.2 59036
isuride          5.6 16044
nginx            1.7  9712
nginx            1.6  9696
systemd-journal  1.2 192948
rsyslogd         0.6  5532
jbd2/sda1-8      0.6     0
kworker/1:1H-kb  0.2     0
2026-09-26T09:43:04+00:00
COMMAND         %CPU   RSS
mysqld          48.8 875728
bench           11.2 64212
isuride          6.8 15856
nginx            1.7  9712
nginx            1.6  9696
systemd-journal  1.2 194004
rsyslogd         0.6  5532
jbd2/sda1-8      0.6     0
kworker/1:1H-kb  0.2     0
2026-09-26T09:43:06+00:00
COMMAND         %CPU   RSS
mysqld          48.9 878896
bench           11.3 69196
isuride          8.0 16332
nginx            1.7  9712
nginx            1.6  9696
systemd-journal  1.2 198124
rsyslogd         0.6  5532
jbd2/sda1-8      0.6     0
kworker/1:1H-kb  0.2     0
2026-09-26T09:43:08+00:00
COMMAND         %CPU   RSS
mysqld          48.9 882220
bench           11.4 74868
isuride          9.2 16372
nginx            1.7  9712
nginx            1.6  9696
systemd-journal  1.2 200460
rsyslogd         0.6  5532
jbd2/sda1-8      0.6     0
kworker/1:1H-kb  0.2     0
2026-09-26T09:43:10+00:00
COMMAND         %CPU   RSS
mysqld          49.0 885436
bench           11.5 78164
isuride         10.2 16736
nginx            1.7  9712
nginx            1.7  9696
systemd-journal  1.2 201972
rsyslogd         0.6  5532
jbd2/sda1-8      0.6     0
kworker/1:1H-kb  0.2     0
2026-09-26T09:43:12+00:00
COMMAND         %CPU   RSS
mysqld          49.0 887860
bench           11.7 81704
isuride         11.2 16884
nginx            1.7  9712
nginx            1.7  9696
systemd-journal  1.2 203316
rsyslogd         0.6  5532
jbd2/sda1-8      0.6     0
kworker/1:1H-kb  0.2     0
2026-09-26T09:43:14+00:00
COMMAND         %CPU   RSS
mysqld          49.1 907844
isuride         12.0 17676
bench           12.0 84976
nginx            1.7  9712
nginx            1.7  9696
systemd-journal  1.2 205640
rsyslogd         0.6  5532
jbd2/sda1-8      0.6     0
kworker/1:1H-kb  0.2     0
2026-09-26T09:43:16+00:00
COMMAND         %CPU   RSS
mysqld          49.2 919892
isuride         12.7 18864
bench           12.2 89944
nginx            1.7  9712
nginx            1.7  9696
systemd-journal  1.2 208756
rsyslogd         0.6  5532
jbd2/sda1-8      0.6     0
kworker/1:1H-kb  0.2     0
2026-09-26T09:43:18+00:00
COMMAND         %CPU   RSS
mysqld          49.3 907812
isuride         13.5 18048
bench           12.2 93324
nginx            1.7  9712
nginx            1.7  9696
systemd-journal  1.2 210420
rsyslogd         0.6  5532
jbd2/sda1-8      0.6     0
kworker/1:1H-kb  0.2     0
2026-09-26T09:43:20+00:00
COMMAND         %CPU   RSS
mysqld          49.3 891212
isuride         14.1 17496
bench           12.3 97892
nginx            1.7  9712
nginx            1.7  9696
systemd-journal  1.2 211840
rsyslogd         0.6  5532
jbd2/sda1-8      0.6     0
kworker/1:1H-kb  0.2     0
2026-09-26T09:43:22+00:00
COMMAND         %CPU   RSS
mysqld          49.4 889268
isuride         14.7 17576
bench           12.4 101544
nginx            1.7  9712
nginx            1.7  9696
systemd-journal  1.2 215672
rsyslogd         0.6  5532
jbd2/sda1-8      0.6     0
kworker/1:1H-kb  0.2     0
2026-09-26T09:43:24+00:00
COMMAND         %CPU   RSS
mysqld          49.5 890396
isuride         15.2 18412
bench           12.4 104360
nginx            1.7  9712
nginx            1.7  9696
systemd-journal  1.2 217820
rsyslogd         0.6  5532
jbd2/sda1-8      0.6     0
kworker/1:1H-kb  0.2     0
2026-09-26T09:43:26+00:00
COMMAND         %CPU   RSS
mysqld          49.5 889692
isuride         15.7 18468
bench           12.5 106944
nginx            1.7  9712
nginx            1.7  9696
systemd-journal  1.3 218672
rsyslogd         0.7  5532
jbd2/sda1-8      0.6     0
kworker/1:1H-kb  0.2     0
2026-09-26T09:43:28+00:00
COMMAND         %CPU   RSS
mysqld          49.6 888676
isuride         16.1 19664
bench           12.7 111636
nginx            1.7  9712
nginx            1.7  9696
systemd-journal  1.3 219692
rsyslogd         0.7  5532
jbd2/sda1-8      0.6     0
kworker/1:1H-kb  0.2     0
2026-09-26T09:43:30+00:00
COMMAND         %CPU   RSS
mysqld          49.7 890672
isuride         16.4 19176
bench           12.9 111836
nginx            1.7  9712
nginx            1.7  9696
systemd-journal  1.3 220480
rsyslogd         0.7  5532
jbd2/sda1-8      0.6     0
kworker/1:1H-kb  0.2     0
2026-09-26T09:43:32+00:00
COMMAND         %CPU   RSS
mysqld          49.8 896708
isuride         16.8 19552
bench           13.0 117444
nginx            1.7  9712
nginx            1.7  9696
systemd-journal  1.3 222864
rsyslogd         0.7  5532
jbd2/sda1-8      0.6     0
kworker/1:1H-kb  0.2     0
2026-09-26T09:43:34+00:00
COMMAND         %CPU   RSS
mysqld          49.8 945740
isuride         17.1 20264
bench           13.0 117984
nginx            1.7  9712
nginx            1.7  9696
systemd-journal  1.3 225408
rsyslogd         0.7  5532
jbd2/sda1-8      0.6     0
kworker/1:1H-kb  0.2     0
2026-09-26T09:43:36+00:00
COMMAND         %CPU   RSS
mysqld          49.9 922528
isuride         17.4 20820
bench           13.1 123792
nginx            1.7  9712
nginx            1.7  9696
systemd-journal  1.3 226860
rsyslogd         0.7  5532
jbd2/sda1-8      0.6     0
kworker/1:1H-kb  0.2     0
2026-09-26T09:43:38+00:00
COMMAND         %CPU   RSS
mysqld          50.0 886304
isuride         17.7 19200
bench           13.1 124188
nginx            1.7  9712
nginx            1.7  9696
systemd-journal  1.3 228232
rsyslogd         0.7  5532
jbd2/sda1-8      0.6     0
kworker/1:1H-kb  0.2     0
2026-09-26T09:43:40+00:00
COMMAND         %CPU   RSS
mysqld          50.1 886384
isuride         18.0 19720
bench           13.1 129584
nginx            1.7  9712
nginx            1.7  9696
systemd-journal  1.3 229496
rsyslogd         0.7  5532
jbd2/sda1-8      0.6     0
kworker/1:1H-kb  0.2     0
2026-09-26T09:43:42+00:00
COMMAND         %CPU   RSS
mysqld          50.1 885676
isuride         18.2 20012
bench           13.1 131932
nginx            1.7  9712
nginx            1.7  9696
systemd-journal  1.3 231496
rsyslogd         0.7  5532
jbd2/sda1-8      0.6     0
kworker/1:1H-kb  0.2     0
2026-09-26T09:43:44+00:00
COMMAND         %CPU   RSS
mysqld          50.2 886740
isuride         18.5 20652
bench           13.1 135312
nginx            1.7  9712
nginx            1.7  9696
systemd-journal  1.3 234308
rsyslogd         0.7  5532
jbd2/sda1-8      0.6     0
kworker/1:1H-kb  0.2     0
2026-09-26T09:43:46+00:00
COMMAND         %CPU   RSS
mysqld          50.3 887000
isuride         18.7 20612
curl            13.3 12300
bench           13.1 135312
nginx            1.7  9712
nginx            1.7  9696
systemd-journal  1.3 238304
rsyslogd         0.7  5532
jbd2/sda1-8      0.6     0
2026-09-26T09:43:48+00:00
COMMAND         %CPU   RSS
mysqld          50.4 900148
isuride         18.9 20780
bench           13.1 141280
nginx            1.7  9712
nginx            1.7  9696
systemd-journal  1.3 239600
rsyslogd         0.7  5532
jbd2/sda1-8      0.6     0
kworker/1:1H-kb  0.2     0
2026-09-26T09:43:50+00:00
COMMAND         %CPU   RSS
mysqld          50.5 918352
isuride         19.1 20440
bench           13.1 141364
nginx            1.7  9712
nginx            1.7  9696
systemd-journal  1.3 240808
rsyslogd         0.7  5532
jbd2/sda1-8      0.6     0
kworker/1:1H-kb  0.2     0
2026-09-26T09:43:52+00:00
COMMAND         %CPU   RSS
mysqld          50.5 906488
isuride         19.3 20556
bench           13.1 148144
curl             3.7 12180
nginx            1.7  9712
nginx            1.7  9696
systemd-journal  1.3 242988
rsyslogd         0.7  5532
jbd2/sda1-8      0.6     0
2026-09-26T09:43:54+00:00
COMMAND         %CPU   RSS
mysqld          50.6 956108
isuride         19.4 21484
bench           13.1 148200
nginx            1.7  9712
nginx            1.7  9696
systemd-journal  1.3 245332
rsyslogd         0.7  5532
jbd2/sda1-8      0.6     0
kworker/1:1H-kb  0.2     0
2026-09-26T09:43:56+00:00
COMMAND         %CPU   RSS
mysqld          50.7 876976
isuride         19.7 18648
bench           13.1 156100
nginx            1.7  9712
nginx            1.7  9696
systemd-journal  1.3 247448
rsyslogd         0.7  5532
jbd2/sda1-8      0.6     0
kworker/1:1H-kb  0.2     0
2026-09-26T09:43:58+00:00
COMMAND         %CPU   RSS
mysqld          50.7 877048
isuride         20.1 18688
bench           13.0 156100
nginx            1.7  9712
nginx            1.7  9696
systemd-journal  1.3 249340
rsyslogd         0.7  5532
jbd2/sda1-8      0.6     0
kworker/1:1H-kb  0.2     0
