procs -----------memory---------- ---swap-- -----io---- -system-- -------cpu------- -----timestamp-----
 r  b   swpd   free   buff  cache   si   so    bi    bo   in   cs us sy id wa st gu                 UTC
 4  0      0 1296568  88152 1599948    0    0   266  6454 6962  125 27 11 61  0  0  0 2026-09-26 09:42:54
 2  0      0 1246668  88152 1599084    0    0     0 54876 16139 32461 29 15 42 15  0  0 2026-09-26 09:42:55
19  1      0 1236032  88152 1607384    0    0     0  5072 17382 52557 62 14 24  1  0  0 2026-09-26 09:42:56
 0  0      0 1182196  88152 1603120    0    0     0  5576 20901 61667 36 16 46  2  0  0 2026-09-26 09:42:57
 4  0      0 1163232  88152 1606020    0    0     0 14824 22070 66475 44 18 37  2  0  0 2026-09-26 09:42:58
12  0      0 1162744  88152 1604776    0    0     0  9028 22095 67500 39 24 35  2  0  0 2026-09-26 09:42:59
14  0      0 1162520  88152 1609476    0    0     0 10564 13798 45750 65 27  7  1  0  0 2026-09-26 09:43:00
 6  0      0 1218540  88152 1606268    0    0     0 11328 18367 64638 57 29 14  1  0  0 2026-09-26 09:43:01
12  0      0 1164144  88152 1607144    0    0     0 12032 19086 68248 63 25 11  1  0  0 2026-09-26 09:43:02
 0  0      0 1175268  88152 1609084    0    0     0 10124 23623 83399 51 21 26  1  0  0 2026-09-26 09:43:03
 6  0      0 1143588  88152 1610700    0    0     0 11512 19753 68327 60 23 16  1  0  0 2026-09-26 09:43:04
 9  0      0 1153880  88152 1620416    0    0     0 13012 23578 88114 55 25 19  1  0  0 2026-09-26 09:43:05
22  0      0 1134268  88152 1613072    0    0     0 12648 20451 77163 61 27 12  1  0  0 2026-09-26 09:43:06
16  0      0 1109084  88152 1617636    0    0     0 12412 21032 80716 58 27 14  2  0  0 2026-09-26 09:43:07
 8  1      0 1116776  88152 1615584    0    0     0 12988 21803 84283 57 27 15  2  0  0 2026-09-26 09:43:08
 7  1      0 1116072  88152 1619008    0    0     0 13496 20625 77546 59 28 11  2  0  0 2026-09-26 09:43:09
14  1      0 1145300  88152 1618048    0    0     0 14560 19974 81372 61 27 10  1  0  0 2026-09-26 09:43:10
13  1      0 1153300  88152 1620132    0    0     0 16392 18940 69343 63 30  6  1  0  0 2026-09-26 09:43:11
18  0      0 1153076  88152 1621512    0    0     0 15496 19988 83059 59 29 10  2  0  0 2026-09-26 09:43:12
20  1      0 1129152  88152 1622440    0    0     0 24148 15075 50841 68 28  4  1  0  0 2026-09-26 09:43:13
13  1      0 1133508  88152 1626960    0    0     0 22832 14938 55246 58 36  4  2  0  0 2026-09-26 09:43:14
procs -----------memory---------- ---swap-- -----io---- -system-- -------cpu------- -----timestamp-----
 r  b   swpd   free   buff  cache   si   so    bi    bo   in   cs us sy id wa st gu                 UTC
15  1      0 1137092  88152 1624136    0    0     0 17520 15166 52840 64 32  4  1  0  0 2026-09-26 09:43:15
31  1      0 1126588  88152 1631312    0    0     0 17652 16974 60189 63 30  5  2  0  0 2026-09-26 09:43:16
17  0      0 1115656  88152 1626216    0    0     0 16068 18574 68668 67 29  3  1  0  0 2026-09-26 09:43:17
18  0      0 1078108  88152 1629960    0    0     0 17244 17703 70501 65 30  5  1  0  0 2026-09-26 09:43:18
 8  0      0 1094372  88152 1629072    0    0     0 17600 19541 77402 62 32  6  1  0  0 2026-09-26 09:43:19
21  0      0 1078164  88152 1631256    0    0     0 15204 19061 71629 64 27  7  2  0  0 2026-09-26 09:43:20
29  1      0 1078164  88152 1632600    0    0     0 16892 20417 84420 63 30  6  1  0  0 2026-09-26 09:43:21
12  1      0 1113600  88152 1633640    0    0     0 18708 18722 65543 63 30  5  2  0  0 2026-09-26 09:43:22
14  1      0 1110944  88152 1643080    0    0     0 19968 18687 75298 61 30  7  2  0  0 2026-09-26 09:43:23
11  1      0 1071520  88152 1636052    0    0     0 18180 16080 65950 70 29  2  0  0  0 2026-09-26 09:43:24
15  0      0 1071020  88152 1643864    0    0     0  9696 14151 52851 64 30  3  3  0  0 2026-09-26 09:43:25
18  0      0 1041688  88152 1637932    0    0     0 11604 11028 41636 68 31  1  1  0  0 2026-09-26 09:43:26
31  1      0 1058672  88152 1642748    0    0     0 13072 12981 44337 66 31  2  1  0  0 2026-09-26 09:43:27
 9  0      0 1071876  88152 1639516    0    0     0 14600 14874 53538 65 31  3  1  0  0 2026-09-26 09:43:28
11  0      0 1033572  88152 1645628    0    0     0 34412 13203 47849 73 25  2  0  0  0 2026-09-26 09:43:29
25  0      0 1051372  88152 1640972    0    0     0 16272 13463 46907 70 28  2  1  0  0 2026-09-26 09:43:30
15  0      0 1095388  88152 1641796    0    0     0 15880 14168 48272 70 28  2  1  0  0 2026-09-26 09:43:31
29  0      0 1095164  88152 1643816    0    0     0 14844 15150 57095 66 30  3  1  0  0 2026-09-26 09:43:32
10  1      0 1051544  88152 1644944    0    0     0 13932 15148 51605 68 32  1  0  0  0 2026-09-26 09:43:33
28  0      0 1083628  88152 1651368    0    0     0 12428 14781 52172 66 31  2  1  0  0 2026-09-26 09:43:34
26  0      0 1041704  88152 1645116    0    0     0 12924 14317 49011 65 32  2  1  0  0 2026-09-26 09:43:35
procs -----------memory---------- ---swap-- -----io---- -system-- -------cpu------- -----timestamp-----
 r  b   swpd   free   buff  cache   si   so    bi    bo   in   cs us sy id wa st gu                 UTC
17  1      0 1016276  88152 1650392    0    0     0 14704 15452 54115 67 30  3  1  0  0 2026-09-26 09:43:36
 8  0      0 1023388  88152 1646864    0    0     0 14856 14221 54784 65 31  3  1  0  0 2026-09-26 09:43:37
11  1      0 1057028  88152 1647880    0    0     0 16172 15340 58790 70 28  2  1  0  0 2026-09-26 09:43:38
18  0      0 1059376  88152 1648996    0    0     0 17788 16905 71685 65 29  5  1  0  0 2026-09-26 09:43:39
33  0      0 979084  88152 1650016    0    0     0 15216 16069 60458 69 28  2  1  0  0 2026-09-26 09:43:40
27  0      0 996152  88152 1657308    0    0     0 16016 17314 66464 62 30  7  2  0  0 2026-09-26 09:43:41
23  1      0 1040112  88152 1651956    0    0     0 10124 12872 42990 71 28  1  0  0  0 2026-09-26 09:43:42
12  1      0 1015848  88152 1665676    0    0     0 13964 14536 55764 65 31  3  1  0  0 2026-09-26 09:43:43
23  0      0 1000556  88152 1655008    0    0     0 34572 13003 44882 69 30  1  0  0  0 2026-09-26 09:43:44
15  1      0 1009172  88152 1664436    0    0     0 16660 14510 48941 66 31  3  1  0  0 2026-09-26 09:43:45
38  0      0 1068932  88152 1657620    0    0     0 16888 13702 50871 68 29  2  1  0  0 2026-09-26 09:43:46
27  0      0 1005432  88152 1664612    0    0     0 13684 15339 52441 67 29  3  1  0  0 2026-09-26 09:43:47
 7  1      0 1011252  88152 1660588    0    0     0 16620 15143 62351 68 28  3  1  0  0 2026-09-26 09:43:48
35  0      0 965200  88152 1663116    0    0     0 16316 14349 57302 70 28  1  1  0  0 2026-09-26 09:43:49
48  0      0 1029108  88152 1667660    0    0     0 15156 17877 68972 63 30  6  1  0  0 2026-09-26 09:43:50
22  1      0 967268  88152 1664976    0    0     0 12628 16469 52467 69 28  2  1  0  0 2026-09-26 09:43:51
26  0      0 1012476  88152 1676088    0    0     0 13984 14989 53236 64 33  2  1  0  0 2026-09-26 09:43:52
22  0      0 992184  88152 1667300    0    0     0 12328 14557 47206 70 29  1  1  0  0 2026-09-26 09:43:53
22  0      0 1006884  88152 1676100    0    0     0 14160 15555 52369 70 27  3  1  0  0 2026-09-26 09:43:54
21  0      0 953556  88152 1669176    0    0     0 15932 18497 63865 69 27  3  1  0  0 2026-09-26 09:43:55
 2  0      0 1023236  88152 1670556    0    0     0  1732 20492 93596 69 21 10  0  0  0 2026-09-26 09:43:56
procs -----------memory---------- ---swap-- -----io---- -system-- -------cpu------- -----timestamp-----
 r  b   swpd   free   buff  cache   si   so    bi    bo   in   cs us sy id wa st gu                 UTC
13  0      0 1022732  88152 1671988    0    0     0   852 23370 105345 59 22 18  1  0  0 2026-09-26 09:43:57
 7  0      0 1022484  88152 1675684    0    0     0   972 24866 104854 59 23 18  0  0  0 2026-09-26 09:43:58
31  0      0 1022484  88152 1677196    0    0     0   784 21838 102588 61 23 16  0  0  0 2026-09-26 09:43:59
 7  0      0 1111184  88152 1678636    0    0     0 29956 21768 99748 61 23 15  0  0  0 2026-09-26 09:44:00
