time=19:11:27.592 level=DEBUG source=/tmp/isucon14/bench/cmd/run.go:90 msg=target targetURL=https://isuride.xiv.isucon.net targetAddr=127.0.0.1:443 benchrun.GetTargetAddress()="" paymentURL=http://127.0.0.1:12346
time=19:11:27.592 level=INFO msg=負荷走行を開始します
time=19:11:30.608 level=DEBUG source=/tmp/isucon14/bench/benchmarker/scenario/scenario.go:315 msg=時間経過 tick=60
time=19:11:30.608 level=DEBUG source=/tmp/isucon14/bench/benchmarker/scenario/scenario.go:317 msg=eval reqs=0 score="[0 0 0 0 0]" criteria="[0 0 0 0]"
time=19:11:32.407 level=DEBUG source=/tmp/isucon14/bench/benchmarker/scenario/scenario.go:315 msg=時間経過 tick=120
time=19:11:32.407 level=DEBUG source=/tmp/isucon14/bench/benchmarker/scenario/scenario.go:317 msg=eval reqs=2 score="[0 0 0 2 0]" criteria="[2 0 2 2]"
time=19:11:34.207 level=DEBUG source=/tmp/isucon14/bench/benchmarker/scenario/scenario.go:315 msg=時間経過 tick=180
time=19:11:34.208 level=DEBUG source=/tmp/isucon14/bench/benchmarker/scenario/scenario.go:317 msg=eval reqs=5 score="[0 0 0 5 0]" criteria="[5 0 5 5]"
time=19:11:34.208 level=INFO msg=これまでに地域内の評判によって2人、既存ユーザーの招待経由で5人が新規登録しました
time=19:11:34.208 level=INFO msg=0.0%のライドは椅子がマッチされるまでの時間、100.0%のライドはマッチされた椅子が乗車地点までに掛かる時間、0.0%のライドは椅子の実移動時間に不満がありました
time=19:11:36.007 level=DEBUG source=/tmp/isucon14/bench/benchmarker/scenario/scenario.go:315 msg=時間経過 tick=240
time=19:11:36.007 level=DEBUG source=/tmp/isucon14/bench/benchmarker/scenario/scenario.go:317 msg=eval reqs=7 score="[0 0 2 5 0]" criteria="[5 0 7 7]"
time=19:11:37.799 level=INFO msg=一定の売上が立ったためオーナーの椅子が増加します 名前=ZenSeat 増加数=1
time=19:11:37.807 level=DEBUG source=/tmp/isucon14/bench/benchmarker/scenario/scenario.go:315 msg=時間経過 tick=300
time=19:11:37.807 level=DEBUG source=/tmp/isucon14/bench/benchmarker/scenario/scenario.go:317 msg=eval reqs=9 score="[0 0 4 5 0]" criteria="[5 0 9 9]"
time=19:11:39.607 level=DEBUG source=/tmp/isucon14/bench/benchmarker/scenario/scenario.go:315 msg=時間経過 tick=360
time=19:11:39.607 level=INFO msg=これまでに地域内の評判によって10人、既存ユーザーの招待経由で5人が新規登録しました
time=19:11:39.608 level=INFO msg=44.4%のライドは椅子がマッチされるまでの時間、100.0%のライドはマッチされた椅子が乗車地点までに掛かる時間、0.0%のライドは椅子の実移動時間に不満がありました
time=19:11:39.607 level=DEBUG source=/tmp/isucon14/bench/benchmarker/scenario/scenario.go:317 msg=eval reqs=9 score="[0 0 4 5 0]" criteria="[5 0 9 9]"
time=19:11:41.408 level=DEBUG source=/tmp/isucon14/bench/benchmarker/scenario/scenario.go:315 msg=時間経過 tick=420
time=19:11:41.408 level=DEBUG source=/tmp/isucon14/bench/benchmarker/scenario/scenario.go:317 msg=eval reqs=11 score="[0 0 5 6 0]" criteria="[6 0 11 11]"
time=19:11:41.417 level=INFO msg=一定の売上が立ったためオーナーの椅子が増加します 名前=ひまわり交通 増加数=1
time=19:11:43.208 level=DEBUG source=/tmp/isucon14/bench/benchmarker/scenario/scenario.go:315 msg=時間経過 tick=480
time=19:11:43.208 level=DEBUG source=/tmp/isucon14/bench/benchmarker/scenario/scenario.go:317 msg=eval reqs=12 score="[0 0 5 7 0]" criteria="[6 1 12 12]"
time=19:11:45.002 level=INFO msg=一定の売上が立ったためオーナーの椅子が増加します 名前=椅子再生工房 増加数=1
time=19:11:45.007 level=DEBUG source=/tmp/isucon14/bench/benchmarker/scenario/scenario.go:315 msg=時間経過 tick=540
time=19:11:45.007 level=DEBUG source=/tmp/isucon14/bench/benchmarker/scenario/scenario.go:317 msg=eval reqs=14 score="[0 1 6 7 0]" criteria="[6 1 14 13]"
time=19:11:45.007 level=INFO msg=これまでに地域内の評判によって16人、既存ユーザーの招待経由で7人が新規登録しました
time=19:11:45.007 level=INFO msg=これまでに低評価なライドによって1人が利用をやめました
time=19:11:45.007 level=INFO msg=57.1%のライドは椅子がマッチされるまでの時間、92.9%のライドはマッチされた椅子が乗車地点までに掛かる時間、3.6%のライドは椅子の実移動時間に不満がありました
time=19:11:46.808 level=DEBUG source=/tmp/isucon14/bench/benchmarker/scenario/scenario.go:315 msg=時間経過 tick=600
time=19:11:46.808 level=DEBUG source=/tmp/isucon14/bench/benchmarker/scenario/scenario.go:317 msg=eval reqs=18 score="[0 3 8 7 0]" criteria="[7 1 15 17]"
time=19:11:46.814 level=INFO msg=一定の売上が立ったためオーナーの椅子が増加します 名前="Timeless Seats" 増加数=1
time=19:11:48.607 level=DEBUG source=/tmp/isucon14/bench/benchmarker/scenario/scenario.go:315 msg=時間経過 tick=660
time=19:11:48.607 level=DEBUG source=/tmp/isucon14/bench/benchmarker/scenario/scenario.go:317 msg=eval reqs=22 score="[2 4 9 7 0]" criteria="[7 1 16 19]"
time=19:11:50.407 level=DEBUG source=/tmp/isucon14/bench/benchmarker/scenario/scenario.go:315 msg=時間経過 tick=720
time=19:11:50.407 level=DEBUG source=/tmp/isucon14/bench/benchmarker/scenario/scenario.go:317 msg=eval reqs=29 score="[2 9 11 7 0]" criteria="[7 1 19 25]"
time=19:11:50.407 level=INFO msg=これまでに地域内の評判によって23人、既存ユーザーの招待経由で7人が新規登録しました
time=19:11:50.407 level=INFO msg=これまでに低評価なライドによって6人が利用をやめました
time=19:11:50.407 level=INFO msg=75.9%のライドは椅子がマッチされるまでの時間、96.6%のライドはマッチされた椅子が乗車地点までに掛かる時間、24.1%のライドは椅子の実移動時間に不満がありました
time=19:11:50.414 level=INFO msg=一定の売上が立ったためオーナーの椅子が増加します 名前="Timeless Seats" 増加数=1
time=19:11:50.417 level=INFO msg=一定の売上が立ったためオーナーの椅子が増加します 名前=ひまわり交通 増加数=1
time=19:11:50.428 level=INFO msg=一定の売上が立ったためオーナーの椅子が増加します 名前=ZenSeat 増加数=1
time=19:11:52.207 level=DEBUG source=/tmp/isucon14/bench/benchmarker/scenario/scenario.go:315 msg=時間経過 tick=780
time=19:11:52.207 level=DEBUG source=/tmp/isucon14/bench/benchmarker/scenario/scenario.go:317 msg=eval reqs=35 score="[2 12 13 8 0]" criteria="[7 2 22 31]"
time=19:11:52.208 level=INFO msg=一定の売上が立ったためオーナーの椅子が増加します 名前=EcoChairs 増加数=1
time=19:11:52.218 level=INFO msg=一定の売上が立ったためオーナーの椅子が増加します 名前=椅子再生工房 増加数=1
time=19:11:52.219 level=INFO msg=一定の売上が立ったためオーナーの椅子が増加します 名前="Timeless Seats" 増加数=1
time=19:11:54.008 level=DEBUG source=/tmp/isucon14/bench/benchmarker/scenario/scenario.go:315 msg=時間経過 tick=840
time=19:11:54.008 level=DEBUG source=/tmp/isucon14/bench/benchmarker/scenario/scenario.go:317 msg=eval reqs=37 score="[2 12 15 8 0]" criteria="[7 2 24 33]"
time=19:11:55.809 level=DEBUG source=/tmp/isucon14/bench/benchmarker/scenario/scenario.go:315 msg=時間経過 tick=900
time=19:11:55.809 level=DEBUG source=/tmp/isucon14/bench/benchmarker/scenario/scenario.go:317 msg=eval reqs=40 score="[2 14 16 8 0]" criteria="[7 2 25 36]"
time=19:11:55.809 level=INFO msg=これまでに地域内の評判によって31人、既存ユーザーの招待経由で8人が新規登録しました
time=19:11:55.809 level=INFO msg=これまでに低評価なライドによって9人が利用をやめました
time=19:11:55.809 level=INFO msg=82.5%のライドは椅子がマッチされるまでの時間、95.0%のライドはマッチされた椅子が乗車地点までに掛かる時間、23.8%のライドは椅子の実移動時間に不満がありました
time=19:11:55.827 level=INFO msg=一定の売上が立ったためオーナーの椅子が増加します 名前=椅子再生工房 増加数=1
time=19:11:55.833 level=INFO msg=一定の売上が立ったためオーナーの椅子が増加します 名前=ひまわり交通 増加数=1
time=19:11:57.608 level=DEBUG source=/tmp/isucon14/bench/benchmarker/scenario/scenario.go:315 msg=時間経過 tick=960
time=19:11:57.608 level=DEBUG source=/tmp/isucon14/bench/benchmarker/scenario/scenario.go:317 msg=eval reqs=43 score="[2 14 18 9 0]" criteria="[7 4 28 38]"
time=19:11:59.408 level=DEBUG source=/tmp/isucon14/bench/benchmarker/scenario/scenario.go:315 msg=時間経過 tick=1020
time=19:11:59.408 level=DEBUG source=/tmp/isucon14/bench/benchmarker/scenario/scenario.go:317 msg=eval reqs=44 score="[3 14 18 9 0]" criteria="[7 4 28 38]"
time=19:11:59.451 level=INFO msg=一定の売上が立ったためオーナーの椅子が増加します 名前=ひまわり交通 増加数=1
time=19:12:01.208 level=INFO msg=これまでに地域内の評判によって38人、既存ユーザーの招待経由で9人が新規登録しました
time=19:12:01.208 level=INFO msg=これまでに低評価なライドによって12人が利用をやめました
time=19:12:01.208 level=INFO msg=85.1%のライドは椅子がマッチされるまでの時間、91.5%のライドはマッチされた椅子が乗車地点までに掛かる時間、25.5%のライドは椅子の実移動時間に不満がありました
time=19:12:01.208 level=DEBUG source=/tmp/isucon14/bench/benchmarker/scenario/scenario.go:315 msg=時間経過 tick=1080
time=19:12:01.208 level=DEBUG source=/tmp/isucon14/bench/benchmarker/scenario/scenario.go:317 msg=eval reqs=47 score="[3 16 19 9 0]" criteria="[7 4 29 41]"
time=19:12:01.234 level=INFO msg=一定の売上が立ったためオーナーの椅子が増加します 名前=ZenSeat 増加数=1
time=19:12:03.007 level=DEBUG source=/tmp/isucon14/bench/benchmarker/scenario/scenario.go:315 msg=時間経過 tick=1140
time=19:12:03.007 level=DEBUG source=/tmp/isucon14/bench/benchmarker/scenario/scenario.go:317 msg=eval reqs=50 score="[5 16 19 10 0]" criteria="[7 5 30 42]"
time=19:12:03.041 level=INFO msg=一定の売上が立ったためオーナーの椅子が増加します 名前=ひまわり交通 増加数=1
time=19:12:04.808 level=DEBUG source=/tmp/isucon14/bench/benchmarker/scenario/scenario.go:315 msg=時間経過 tick=1200
time=19:12:04.808 level=DEBUG source=/tmp/isucon14/bench/benchmarker/scenario/scenario.go:317 msg=eval reqs=51 score="[6 16 19 10 0]" criteria="[7 5 30 42]"
time=19:12:04.842 level=INFO msg=一定の売上が立ったためオーナーの椅子が増加します 名前=EcoChairs 増加数=1
time=19:12:06.607 level=DEBUG source=/tmp/isucon14/bench/benchmarker/scenario/scenario.go:315 msg=時間経過 tick=1260
time=19:12:06.607 level=DEBUG source=/tmp/isucon14/bench/benchmarker/scenario/scenario.go:317 msg=eval reqs=52 score="[6 17 19 10 0]" criteria="[7 5 31 42]"
time=19:12:06.607 level=INFO msg=これまでに地域内の評判によって45人、既存ユーザーの招待経由で10人が新規登録しました
time=19:12:06.607 level=INFO msg=これまでに低評価なライドによって15人が利用をやめました
time=19:12:06.607 level=INFO msg=86.5%のライドは椅子がマッチされるまでの時間、90.4%のライドはマッチされた椅子が乗車地点までに掛かる時間、29.8%のライドは椅子の実移動時間に不満がありました
time=19:12:06.643 level=INFO msg=一定の売上が立ったためオーナーの椅子が増加します 名前=ZenSeat 増加数=1
time=19:12:08.407 level=DEBUG source=/tmp/isucon14/bench/benchmarker/scenario/scenario.go:315 msg=時間経過 tick=1320
time=19:12:08.407 level=DEBUG source=/tmp/isucon14/bench/benchmarker/scenario/scenario.go:317 msg=eval reqs=56 score="[10 17 19 10 0]" criteria="[7 5 31 42]"
time=19:12:08.437 level=INFO msg=一定の売上が立ったためオーナーの椅子が増加します 名前=椅子再生工房 増加数=1
time=19:12:08.447 level=INFO msg=一定の売上が立ったためオーナーの椅子が増加します 名前="Timeless Seats" 増加数=1
time=19:12:10.208 level=DEBUG source=/tmp/isucon14/bench/benchmarker/scenario/scenario.go:315 msg=時間経過 tick=1380
time=19:12:10.208 level=DEBUG source=/tmp/isucon14/bench/benchmarker/scenario/scenario.go:317 msg=eval reqs=59 score="[13 17 19 10 0]" criteria="[7 5 31 42]"
time=19:12:10.235 level=INFO msg=一定の売上が立ったためオーナーの椅子が増加します 名前=EcoChairs 増加数=1
time=19:12:12.007 level=INFO msg=これまでに地域内の評判によって51人、既存ユーザーの招待経由で10人が新規登録しました
time=19:12:12.007 level=INFO msg=これまでに低評価なライドによって24人が利用をやめました
time=19:12:12.007 level=INFO msg=88.9%のライドは椅子がマッチされるまでの時間、92.1%のライドはマッチされた椅子が乗車地点までに掛かる時間、40.5%のライドは椅子の実移動時間に不満がありました
time=19:12:12.007 level=DEBUG source=/tmp/isucon14/bench/benchmarker/scenario/scenario.go:315 msg=時間経過 tick=1440
time=19:12:12.007 level=DEBUG source=/tmp/isucon14/bench/benchmarker/scenario/scenario.go:317 msg=eval reqs=63 score="[15 19 19 10 0]" criteria="[7 5 32 43]"
time=19:12:12.071 level=INFO msg=一定の売上が立ったためオーナーの椅子が増加します 名前=ZenSeat 増加数=1
time=19:12:13.807 level=DEBUG source=/tmp/isucon14/bench/benchmarker/scenario/scenario.go:315 msg=時間経過 tick=1500
time=19:12:13.807 level=DEBUG source=/tmp/isucon14/bench/benchmarker/scenario/scenario.go:317 msg=eval reqs=68 score="[16 23 19 10 0]" criteria="[7 5 33 46]"
time=19:12:13.855 level=INFO msg=一定の売上が立ったためオーナーの椅子が増加します 名前="Timeless Seats" 増加数=1
time=19:12:13.872 level=INFO msg=一定の売上が立ったためオーナーの椅子が増加します 名前=ひまわり交通 増加数=1
time=19:12:15.608 level=DEBUG source=/tmp/isucon14/bench/benchmarker/scenario/scenario.go:315 msg=時間経過 tick=1560
time=19:12:15.608 level=DEBUG source=/tmp/isucon14/bench/benchmarker/scenario/scenario.go:317 msg=eval reqs=70 score="[18 23 19 10 0]" criteria="[7 5 33 46]"
time=19:12:15.692 level=INFO msg=一定の売上が立ったためオーナーの椅子が増加します 名前=椅子再生工房 増加数=1
time=19:12:17.407 level=INFO msg=これまでに地域内の評判によって57人、既存ユーザーの招待経由で10人が新規登録しました
time=19:12:17.407 level=INFO msg=これまでに低評価なライドによって31人が利用をやめました
time=19:12:17.407 level=INFO msg=90.4%のライドは椅子がマッチされるまでの時間、93.2%のライドはマッチされた椅子が乗車地点までに掛かる時間、45.9%のライドは椅子の実移動時間に不満がありました
time=19:12:17.407 level=DEBUG source=/tmp/isucon14/bench/benchmarker/scenario/scenario.go:315 msg=時間経過 tick=1620
time=19:12:17.407 level=DEBUG source=/tmp/isucon14/bench/benchmarker/scenario/scenario.go:317 msg=eval reqs=73 score="[21 23 19 10 0]" criteria="[7 5 33 46]"
time=19:12:17.476 level=INFO msg=一定の売上が立ったためオーナーの椅子が増加します 名前=ひまわり交通 増加数=1
time=19:12:19.208 level=DEBUG source=/tmp/isucon14/bench/benchmarker/scenario/scenario.go:315 msg=時間経過 tick=1680
time=19:12:19.208 level=DEBUG source=/tmp/isucon14/bench/benchmarker/scenario/scenario.go:317 msg=eval reqs=74 score="[22 23 19 10 0]" criteria="[7 5 33 46]"
time=19:12:19.267 level=INFO msg=一定の売上が立ったためオーナーの椅子が増加します 名前=EcoChairs 増加数=1
time=19:12:21.007 level=DEBUG source=/tmp/isucon14/bench/benchmarker/scenario/scenario.go:315 msg=時間経過 tick=1740
time=19:12:21.007 level=DEBUG source=/tmp/isucon14/bench/benchmarker/scenario/scenario.go:317 msg=eval reqs=76 score="[24 23 19 10 0]" criteria="[7 5 33 46]"
time=19:12:22.807 level=DEBUG source=/tmp/isucon14/bench/benchmarker/scenario/scenario.go:315 msg=時間経過 tick=1800
time=19:12:22.807 level=DEBUG source=/tmp/isucon14/bench/benchmarker/scenario/scenario.go:317 msg=eval reqs=79 score="[26 23 20 10 0]" criteria="[7 6 34 46]"
time=19:12:22.807 level=INFO msg=これまでに地域内の評判によって63人、既存ユーザーの招待経由で10人が新規登録しました
time=19:12:22.807 level=INFO msg=これまでに低評価なライドによって34人が利用をやめました
time=19:12:22.807 level=INFO msg=91.1%のライドは椅子がマッチされるまでの時間、92.4%のライドはマッチされた椅子が乗車地点までに掛かる時間、49.4%のライドは椅子の実移動時間に不満がありました
time=19:12:22.878 level=INFO msg=一定の売上が立ったためオーナーの椅子が増加します 名前=ZenSeat 増加数=1
time=19:12:22.893 level=INFO msg=一定の売上が立ったためオーナーの椅子が増加します 名前="Timeless Seats" 増加数=1
time=19:12:24.607 level=DEBUG source=/tmp/isucon14/bench/benchmarker/scenario/scenario.go:315 msg=時間経過 tick=1860
time=19:12:24.607 level=DEBUG source=/tmp/isucon14/bench/benchmarker/scenario/scenario.go:317 msg=eval reqs=82 score="[29 23 20 10 0]" criteria="[7 6 34 46]"
time=19:12:24.696 level=INFO msg=一定の売上が立ったためオーナーの椅子が増加します 名前=ZenSeat 増加数=1
time=19:12:24.699 level=INFO msg=一定の売上が立ったためオーナーの椅子が増加します 名前=椅子再生工房 増加数=1
time=19:12:26.409 level=DEBUG source=/tmp/isucon14/bench/benchmarker/scenario/scenario.go:315 msg=時間経過 tick=1920
time=19:12:26.409 level=DEBUG source=/tmp/isucon14/bench/benchmarker/scenario/scenario.go:317 msg=eval reqs=84 score="[31 23 20 10 0]" criteria="[7 6 34 46]"
time=19:12:28.207 level=DEBUG source=/tmp/isucon14/bench/benchmarker/scenario/scenario.go:315 msg=時間経過 tick=1980
time=19:12:28.208 level=DEBUG source=/tmp/isucon14/bench/benchmarker/scenario/scenario.go:317 msg=eval reqs=87 score="[34 23 20 10 0]" criteria="[7 6 34 46]"
time=19:12:28.208 level=INFO msg=これまでに地域内の評判によって69人、既存ユーザーの招待経由で10人が新規登録しました
time=19:12:28.208 level=INFO msg=これまでに低評価なライドによって40人が利用をやめました
time=19:12:28.208 level=INFO msg=92.0%のライドは椅子がマッチされるまでの時間、93.1%のライドはマッチされた椅子が乗車地点までに掛かる時間、54.0%のライドは椅子の実移動時間に不満がありました
time=19:12:33.808 level=INFO msg=最終地域情報 名前=チェアタウン ユーザー登録数=45 アクティブユーザー数=25
time=19:12:33.808 level=INFO msg=最終地域情報 名前=コシカケシティ ユーザー登録数=46 アクティブユーザー数=26
time=19:12:33.808 level=INFO msg=最終オーナー情報 名前=ZenSeat 売上=117400 椅子数=11
time=19:12:33.808 level=INFO msg=最終オーナー情報 名前=EcoChairs 売上=75900 椅子数=8
time=19:12:33.808 level=INFO msg=最終オーナー情報 名前=ひまわり交通 売上=127700 椅子数=11
time=19:12:33.808 level=INFO msg=最終オーナー情報 名前="Timeless Seats" 売上=109200 椅子数=10
time=19:12:33.808 level=INFO msg=最終オーナー情報 名前=椅子再生工房 売上=110500 椅子数=10
time=19:12:33.808 level=INFO msg=92.0%のライドは椅子がマッチされるまでの時間、93.2%のライドはマッチされた椅子が乗車地点までに掛かる時間、54.5%のライドは椅子の実移動時間に不満がありました
time=19:12:33.808 level=INFO msg=結果 pass=true スコア=8508 種別エラー数=map[]
time=19:12:33.808 level=INFO msg=負荷走行が終了しました
