2026-09-26T10:11:27+00:00
COMMAND         %CPU   RSS
mysqld          54.1 1035484
nginx            1.9  9872
nginx            1.9  9788
systemd-journal  1.4 193760
jbd2/sda1-8      0.8     0
rsyslogd         0.7  5636
rcu_preempt      0.3     0
kworker/0:1H-kb  0.2     0
kworker/1:1H-kb  0.2     0
2026-09-26T10:11:29+00:00
COMMAND         %CPU   RSS
mysqld          54.1 1039148
bench            9.0 50444
nginx            1.9  9872
nginx            1.9  9788
systemd-journal  1.4 194132
jbd2/sda1-8      0.8     0
isuride          0.8 15128
rsyslogd         0.7  5636
rcu_preempt      0.3     0
2026-09-26T10:11:31+00:00
COMMAND         %CPU   RSS
mysqld          54.1 1039756
bench            8.9 53336
isuride          2.4 15384
nginx            1.9  9872
nginx            1.9  9788
systemd-journal  1.4 198344
jbd2/sda1-8      0.8     0
rsyslogd         0.7  5636
rcu_preempt      0.3     0
2026-09-26T10:11:33+00:00
COMMAND         %CPU   RSS
mysqld          54.1 1040256
bench            9.6 55956
isuride          4.1 15700
nginx            1.9  9872
nginx            1.9  9788
systemd-journal  1.4 199788
jbd2/sda1-8      0.8     0
rsyslogd         0.7  5636
rcu_preempt      0.3     0
2026-09-26T10:11:35+00:00
COMMAND         %CPU   RSS
mysqld          54.1 1041148
bench           10.3 63388
isuride          5.7 15960
nginx            1.9  9872
nginx            1.9  9788
systemd-journal  1.4 201272
jbd2/sda1-8      0.8     0
rsyslogd         0.7  5636
rcu_preempt      0.3     0
2026-09-26T10:11:37+00:00
COMMAND         %CPU   RSS
mysqld          54.1 1042036
bench           10.7 72000
isuride          7.2 16224
nginx            1.9  9788
nginx            1.9  9872
systemd-journal  1.4 202532
jbd2/sda1-8      0.8     0
rsyslogd         0.7  5636
rcu_preempt      0.3     0
2026-09-26T10:11:39+00:00
COMMAND         %CPU   RSS
mysqld          54.1 1043508
bench           11.2 73560
isuride          8.6 16568
nginx            1.9  9788
nginx            1.9  9872
systemd-journal  1.4 206752
jbd2/sda1-8      0.8     0
rsyslogd         0.7  5636
rcu_preempt      0.3     0
2026-09-26T10:11:41+00:00
COMMAND         %CPU   RSS
mysqld          54.2 1045620
bench           11.7 80104
curl            10.0     0
isuride          9.9 17168
nginx            1.9  9788
nginx            1.9  9872
systemd-journal  1.5 208992
jbd2/sda1-8      0.8     0
rsyslogd         0.7  5636
2026-09-26T10:11:43+00:00
COMMAND         %CPU   RSS
mysqld          54.2 1048224
bench           11.9 86212
isuride         11.1 16476
nginx            1.9  9788
nginx            1.9  9872
systemd-journal  1.5 210508
jbd2/sda1-8      0.8     0
rsyslogd         0.7  5636
rcu_preempt      0.3     0
2026-09-26T10:11:45+00:00
COMMAND         %CPU   RSS
mysqld          54.2 1051496
isuride         12.2 17140
bench           12.2 88600
nginx            1.9  9788
nginx            1.9  9872
systemd-journal  1.5 212860
jbd2/sda1-8      0.8     0
rsyslogd         0.7  5636
rcu_preempt      0.3     0
2026-09-26T10:11:47+00:00
COMMAND         %CPU   RSS
mysqld          54.3 1054020
isuride         13.2 17240
bench           12.5 91208
nginx            1.9  9788
nginx            1.9  9872
systemd-journal  1.5 217316
jbd2/sda1-8      0.8     0
rsyslogd         0.7  5636
rcu_preempt      0.3     0
2026-09-26T10:11:49+00:00
COMMAND         %CPU   RSS
mysqld          54.3 1061828
isuride         14.1 17216
bench           12.6 94716
nginx            1.9  9788
nginx            1.9  9872
systemd-journal  1.5 218872
jbd2/sda1-8      0.8     0
rsyslogd         0.7  5636
rcu_preempt      0.3     0
2026-09-26T10:11:51+00:00
COMMAND         %CPU   RSS
mysqld          54.3 1065160
isuride         14.9 16960
bench           12.8 99928
nginx            1.9  9788
nginx            1.9  9872
systemd-journal  1.5 220864
jbd2/sda1-8      0.8     0
rsyslogd         0.7  5636
rcu_preempt      0.3     0
2026-09-26T10:11:53+00:00
COMMAND         %CPU   RSS
mysqld          54.4 1068152
ps              50.0  3772
isuride         15.6 17372
bench           13.2 107144
nginx            1.9  9788
nginx            1.9  9872
systemd-journal  1.5 224616
jbd2/sda1-8      0.8     0
rsyslogd         0.7  5636
2026-09-26T10:11:55+00:00
COMMAND         %CPU   RSS
mysqld          54.4 1069796
curl            16.6 12316
isuride         16.2 17444
bench           13.3 109396
nginx            1.9  9788
nginx            1.9  9872
systemd-journal  1.5 224616
jbd2/sda1-8      0.8     0
rsyslogd         0.7  5636
2026-09-26T10:11:57+00:00
COMMAND         %CPU   RSS
mysqld          54.5 1072068
isuride         16.9 18096
bench           13.5 115720
nginx            1.9  9788
nginx            1.9  9872
systemd-journal  1.5 224616
jbd2/sda1-8      0.8     0
rsyslogd         0.7  5636
rcu_preempt      0.3     0
2026-09-26T10:11:59+00:00
COMMAND         %CPU   RSS
mysqld          54.5 1073200
isuride         17.4 18932
bench           13.6 124084
nginx            1.9  9788
nginx            1.9  9872
systemd-journal  1.5 226268
jbd2/sda1-8      0.8     0
rsyslogd         0.7  5584
rcu_preempt      0.3     0
2026-09-26T10:12:01+00:00
COMMAND         %CPU   RSS
mysqld          54.5 1070248
isuride         18.0 18080
bench           13.7 128304
nginx            1.9  9788
nginx            1.9  9872
systemd-journal  1.5 227816
jbd2/sda1-8      0.8     0
rsyslogd         0.7  5584
rcu_preempt      0.3     0
2026-09-26T10:12:03+00:00
COMMAND         %CPU   RSS
mysqld          54.6 1072268
isuride         18.4 19932
bench           13.8 129856
nginx            1.9  9788
nginx            1.9  9872
systemd-journal  1.5 231216
jbd2/sda1-8      0.8     0
rsyslogd         0.7  5584
rcu_preempt      0.3     0
2026-09-26T10:12:05+00:00
COMMAND         %CPU   RSS
mysqld          54.6 1071536
isuride         18.9 19104
bench           13.9 130044
nginx            1.9  9788
nginx            1.9  9872
systemd-journal  1.5 234292
jbd2/sda1-8      0.8     0
rsyslogd         0.7  5584
rcu_preempt      0.3     0
2026-09-26T10:12:07+00:00
COMMAND         %CPU   RSS
mysqld          54.6 1064088
isuride         19.3 19120
bench           13.9 138700
nginx            1.9  9788
nginx            1.9  9872
systemd-journal  1.5 239040
jbd2/sda1-8      0.8     0
rsyslogd         0.7  5584
rcu_preempt      0.3     0
2026-09-26T10:12:09+00:00
COMMAND         %CPU   RSS
mysqld          54.7 1057152
isuride         19.8 18896
bench           14.0 142296
nginx            1.9  9788
nginx            1.9  9872
systemd-journal  1.5 241532
jbd2/sda1-8      0.8     0
rsyslogd         0.7  5584
rcu_preempt      0.3     0
2026-09-26T10:12:11+00:00
COMMAND         %CPU   RSS
mysqld          54.7 1057984
isuride         20.1 19296
bench           14.0 142300
nginx            1.9  9788
nginx            1.9  9872
systemd-journal  1.5 244912
jbd2/sda1-8      0.8     0
rsyslogd         0.7  5584
rcu_preempt      0.3     0
2026-09-26T10:12:13+00:00
COMMAND         %CPU   RSS
mysqld          54.8 1056276
isuride         20.5 18880
bench           14.1 148084
nginx            1.9  9788
nginx            1.9  9872
systemd-journal  1.5 246368
jbd2/sda1-8      0.8     0
rsyslogd         0.8  5584
rcu_preempt      0.3     0
2026-09-26T10:12:15+00:00
COMMAND         %CPU   RSS
mysqld          54.8 1059052
isuride         20.8 18832
bench           14.1 154700
nginx            1.9  9788
nginx            1.9  9872
systemd-journal  1.5 247868
jbd2/sda1-8      0.8     0
rsyslogd         0.8  5584
rcu_preempt      0.3     0
2026-09-26T10:12:17+00:00
COMMAND         %CPU   RSS
mysqld          54.8 1053296
isuride         21.1 20136
bench           14.2 154784
nginx            1.9  9788
nginx            1.9  9880
systemd-journal  1.5 252376
jbd2/sda1-8      0.8     0
rsyslogd         0.8  5584
rcu_preempt      0.3     0
2026-09-26T10:12:19+00:00
COMMAND         %CPU   RSS
mysqld          54.9 1051864
isuride         21.4 20284
bench           14.2 159580
nginx            1.9  9788
nginx            1.9  9880
systemd-journal  1.5 254352
jbd2/sda1-8      0.8     0
rsyslogd         0.8  5584
rcu_preempt      0.3     0
2026-09-26T10:12:21+00:00
COMMAND         %CPU   RSS
mysqld          54.9 1051900
isuride         21.7 20800
bench           14.2 159612
nginx            1.9  9788
nginx            1.9  9880
systemd-journal  1.5 254352
jbd2/sda1-8      0.8     0
rsyslogd         0.8  5584
rcu_preempt      0.3     0
2026-09-26T10:12:23+00:00
COMMAND         %CPU   RSS
mysqld          54.9 1053744
isuride         21.9 21576
bench           14.2 163660
nginx            1.9  9788
nginx            1.9  9896
systemd-journal  1.5 254352
jbd2/sda1-8      0.8     0
rsyslogd         0.8  5584
rcu_preempt      0.3     0
2026-09-26T10:12:25+00:00
COMMAND         %CPU   RSS
mysqld          55.0 1050716
isuride         22.2 19972
bench           14.3 163708
nginx            1.9  9788
nginx            1.9  9900
systemd-journal  1.5 254352
jbd2/sda1-8      0.8     0
rsyslogd         0.8  5584
rcu_preempt      0.3     0
2026-09-26T10:12:27+00:00
COMMAND         %CPU   RSS
mysqld          55.0 1047728
isuride         22.4 21116
bench           14.3 170344
nginx            1.9  9928
nginx            1.9  9788
systemd-journal  1.5 254352
jbd2/sda1-8      0.8     0
rsyslogd         0.8  5584
rcu_preempt      0.3     0
2026-09-26T10:12:29+00:00
COMMAND         %CPU   RSS
mysqld          55.1 1041984
isuride         22.7 18876
bench           14.3 170480
nginx            1.9  9928
nginx            1.9  9788
systemd-journal  1.5 256060
jbd2/sda1-8      0.8     0
rsyslogd         0.8  5584
rcu_preempt      0.3     0
2026-09-26T10:12:31+00:00
COMMAND         %CPU   RSS
mysqld          55.1 1041984
isuride         22.9 18664
bench           14.2 177388
nginx            1.9  9928
nginx            1.9  9788
systemd-journal  1.5 259932
jbd2/sda1-8      0.8     0
rsyslogd         0.8  5584
rcu_preempt      0.3     0
