procs -----------memory---------- ---swap-- -----io---- -system-- -------cpu------- -----timestamp-----
 r  b   swpd   free   buff  cache   si   so    bi    bo   in   cs us sy id wa st gu                 UTC
 3  0      0 214284  78920 2503016    0    0   157  7119 7619  136 30 12 57  1  0  0 2026-09-26 10:11:27
 1  0      0 181320  78924 2509040    0    0    20 59176 11172 22152 35  9 40 16  0  0 2026-09-26 10:11:28
 0  0      0 162220  78924 2509796    0    0     0  7696 23988 66535 41 17 41  2  0  0 2026-09-26 10:11:29
 0  5      0 160960  78924 2510688    0    0     0  6520 25024 70585 35 16 47  2  0  0 2026-09-26 10:11:30
14  0      0 159200  78924 2511488    0    0     0 16348 25689 74759 39 18 41  2  0  0 2026-09-26 10:11:31
 3  0      0 158708  78924 2512588    0    0     0 12108 23678 81985 46 22 31  2  0  0 2026-09-26 10:11:32
 1  0      0 153932  78924 2513576    0    0     0 10524 25263 86363 46 21 32  1  0  0 2026-09-26 10:11:33
 2  0      0 152664  78924 2514736    0    0     0 12392 22603 82151 50 26 22  2  0  0 2026-09-26 10:11:34
10  0      0 147120  78924 2515720    0    0     0  9520 23502 84972 49 21 29  1  0  0 2026-09-26 10:11:35
 6  0      0 139588  78924 2516888    0    0     0 11232 23054 88103 55 25 20  1  0  0 2026-09-26 10:11:36
24  0      0 135052  78924 2518280    0    0     0 12164 23635 88359 54 26 20  1  0  0 2026-09-26 10:11:37
 5  1      0 131636  78924 2519728    0    0     0 12828 23289 89505 58 27 14  1  0  0 2026-09-26 10:11:38
 5  0      0 126852  78924 2520924    0    0     0 14312 21128 82988 61 30  9  1  0  0 2026-09-26 10:11:39
10  1      0 120556  78940 2522176    0    0    16 15992 20113 79602 62 31  6  1  0  0 2026-09-26 10:11:40
28  0      0 117560  78940 2523584    0    0     0 16368 20897 82642 63 30  7  1  0  0 2026-09-26 10:11:41
 2  0      0 114032  78940 2524804    0    0     0 36528 19922 77410 63 31  5  1  0  0 2026-09-26 10:11:42
28  0      0 104988  78940 2526096    0    0     0 17584 19486 80806 63 32  4  1  0  0 2026-09-26 10:11:43
20  0      0 107256  78940 2529748    0    0     0 22356 18974 75753 66 32  2  1  0  0 2026-09-26 10:11:44
11  0      0 105268  78940 2530888    0    0     0 19980 19676 80864 65 34  2  0  0  0 2026-09-26 10:11:45
21  0      0 105640  78940 2532448    0    0     0 18684 18399 77185 65 30  4  1  0  0 2026-09-26 10:11:46
25  1      0 100244  78940 2533812    0    0     0 19644 19742 82251 64 34  2  1  0  0 2026-09-26 10:11:47
procs -----------memory---------- ---swap-- -----io---- -system-- -------cpu------- -----timestamp-----
 r  b   swpd   free   buff  cache   si   so    bi    bo   in   cs us sy id wa st gu                 UTC
24  0      0  90440  78940 2535172    0    0     0 18968 19694 79198 64 33  3  0  0  0 2026-09-26 10:11:48
38  0      0  88192  78940 2536836    0    0     0 18300 19947 79327 65 33  2  1  0  0 2026-09-26 10:11:49
16  1      0 136360  74236 2491696    0    0     0 16164 19527 81210 61 34  5  1  0  0 2026-09-26 10:11:50
 8  0      0 129980  74236 2493032    0    0     0 15832 20579 85624 64 32  4  1  0  0 2026-09-26 10:11:51
37  0      0 123108  74236 2494312    0    0     0 38804 18822 78280 67 29  4  1  0  0 2026-09-26 10:11:52
30  1      0 118532  74236 2495400    0    0     0 14160 19619 81619 65 32  3  1  0  0 2026-09-26 10:11:53
 0  0      0 112812  74236 2496148    0    0     0 16176 18091 76667 64 33  4  0  0  0 2026-09-26 10:11:54
16  0      0 110796  74236 2496860    0    0     0 14620 19901 82768 66 30  4  1  0  0 2026-09-26 10:11:55
42  1      0  92148  74236 2497680    0    0     0 14832 18825 77874 65 32  3  1  0  0 2026-09-26 10:11:56
23  0      0  92732  74236 2499256    0    0     0 14792 17453 74102 65 33  2  1  0  0 2026-09-26 10:11:57
25  0      0 104156  73628 2481456    0    0     0 14728 18008 76768 68 29  3  1  0  0 2026-09-26 10:11:58
27  0      0 101120  73628 2482756    0    0     0 18944 19297 75228 64 34  2  1  0  0 2026-09-26 10:11:59
22  0      0  91988  73628 2484000    0    0     0 16532 17166 72219 66 32  2  0  0  0 2026-09-26 10:12:00
18  0      0  97212  73628 2485288    0    0     0 15840 19037 78034 66 31  3  1  0  0 2026-09-26 10:12:01
 7  0      0  90692  73628 2486700    0    0     0 31072 18457 77054 68 30  2  1  0  0 2026-09-26 10:12:02
19  0      0  88172  73628 2488096    0    0     0 19880 18179 76844 71 28  1  0  0  0 2026-09-26 10:12:03
20  1      0  84404  73728 2489220    0    0   100 18836 16282 67257 69 30  1  0  0  0 2026-09-26 10:12:04
32  1      0  79880  73728 2490716    0    0     0 17312 17670 68984 67 32  1  1  0  0 2026-09-26 10:12:05
15  1      0 100504  73124 2475320    0    0     0 17652 17094 68730 67 32  1  0  0  0 2026-09-26 10:12:06
17  0      0  97324  73124 2476932    0    0     0 18464 19571 77172 67 32  2  0  0  0 2026-09-26 10:12:07
44  0      0 104256  73124 2477812    0    0     0 17348 19231 72676 66 33  1  1  0  0 2026-09-26 10:12:08
procs -----------memory---------- ---swap-- -----io---- -system-- -------cpu------- -----timestamp-----
 r  b   swpd   free   buff  cache   si   so    bi    bo   in   cs us sy id wa st gu                 UTC
40  0      0  96836  73124 2479008    0    0     0 17184 18349 69853 69 30  1  0  0  0 2026-09-26 10:12:09
35  1      0  96108  73124 2480472    0    0     0 18752 18042 73817 67 32  1  1  0  0 2026-09-26 10:12:10
34  0      0  95568  73124 2484048    0    0     0 16756 18539 73482 67 31  2  0  0  0 2026-09-26 10:12:11
14  1      0  94840  73124 2485296    0    0     0 39704 17005 71699 67 33  1  0  0  0 2026-09-26 10:12:12
25  0      0  92372  73124 2486780    0    0     0 20536 18966 77152 67 31  2  1  0  0 2026-09-26 10:12:13
43  0      0  88700  73124 2488168    0    0     0 17212 17439 70893 70 29  1  0  0  0 2026-09-26 10:12:14
39  0      0 100324  72852 2473064    0    0     0 16012 17635 73093 68 30  1  0  0  0 2026-09-26 10:12:15
20  0      0  90476  72852 2476860    0    0     0 15392 17026 68487 67 32  1  0  0  0 2026-09-26 10:12:16
25  2      0  90864  72852 2477596    0    0     0 25772 18857 75573 68 32  1  0  0  0 2026-09-26 10:12:17
 6  1      0  90284  72852 2478924    0    0     0 24316 17658 72370 68 30  1  0  0  0 2026-09-26 10:12:18
13  0      0  87296  72852 2480872    0    0     0 15968 16972 66896 67 32  1  0  0  0 2026-09-26 10:12:19
67  1      0  85028  72852 2481660    0    0     0 14672 16773 66729 66 32  1  1  0  0 2026-09-26 10:12:20
32  0      0  85028  72852 2482304    0    0     0 16200 18730 73964 68 30  2  0  0  0 2026-09-26 10:12:21
20  1      0 111808  72796 2460140    0    0     0 14864 18573 72120 67 31  2  1  0  0 2026-09-26 10:12:22
28  0      0  97968  72796 2461948    0    0     0 16256 18640 73958 68 31  1  0  0  0 2026-09-26 10:12:23
34  0      0 102196  72808 2462564    0    0     0 15380 15932 67082 67 33  1  0  0  0 2026-09-26 10:12:24
28  1      0 103480  72808 2464116    0    0     0 15868 16294 71346 70 28  1  0  0  0 2026-09-26 10:12:25
35  0      0 100248  72816 2464048    0    0     0 16012 18548 72325 67 32  2  0  0  0 2026-09-26 10:12:26
45  0      0  97452  72816 2464788    0    0     0 14108 18226 69372 70 29  1  0  0  0 2026-09-26 10:12:27
36  0      0  96608  72816 2465760    0    0     0 20328 16655 69993 67 32  1  0  0  0 2026-09-26 10:12:28
59  0      0  96132  72816 2467204    0    0     0  5784 16165 74712 72 26  2  0  0  0 2026-09-26 10:12:29
procs -----------memory---------- ---swap-- -----io---- -system-- -------cpu------- -----timestamp-----
 r  b   swpd   free   buff  cache   si   so    bi    bo   in   cs us sy id wa st gu                 UTC
22  0      0  94440  72816 2468676    0    0     0  5288 17136 81931 73 24  4  0  0  0 2026-09-26 10:12:30
28  1      0  87544  72816 2469900    0    0     0  1388 16965 76235 72 23  5  0  0  0 2026-09-26 10:12:31
 9  0      0  95456  72816 2471572    0    0     0  1088 16178 75917 74 22  4  0  0  0 2026-09-26 10:12:32
 3  0      0  90716  72816 2472916    0    0     0 24644 16227 77633 74 23  3  0  0  0 2026-09-26 10:12:33
