time=00:14:43.470 level=DEBUG source=/tmp/isucon14/bench/cmd/run.go:90 msg=target targetURL=https://isuride.xiv.isucon.net targetAddr=127.0.0.1:443 benchrun.GetTargetAddress()="" paymentURL=http://127.0.0.1:12346
time=00:14:43.471 level=INFO msg=負荷走行を開始します
time=00:14:46.190 level=DEBUG source=/tmp/isucon14/bench/benchmarker/scenario/scenario.go:315 msg=時間経過 tick=60
time=00:14:46.190 level=DEBUG source=/tmp/isucon14/bench/benchmarker/scenario/scenario.go:317 msg=eval reqs=6 score="[0 0 0 3 3]" criteria="[6 3 6 6]"
time=00:14:47.804 level=WARN msg="ユーザー登録に失敗しました (CODE=17): POST /api/app/usersへのリクエストに対して、期待されたHTTPステータスコードが確認できませんでした (expected:201, actual:500)"
time=00:14:47.970 level=INFO msg=一定の売上が立ったためオーナーの椅子が増加します 名前="LuxeLine Taxi" 増加数=1
time=00:14:47.973 level=INFO msg=一定の売上が立ったためオーナーの椅子が増加します 名前=レトロ椅子館 増加数=1
time=00:14:47.973 level=INFO msg=一定の売上が立ったためオーナーの椅子が増加します 名前=快旅タクシー 増加数=1
time=00:14:47.983 level=INFO msg=一定の売上が立ったためオーナーの椅子が増加します 名前="Chair Charm" 増加数=1
time=00:14:47.990 level=DEBUG source=/tmp/isucon14/bench/benchmarker/scenario/scenario.go:315 msg=時間経過 tick=120
time=00:14:47.990 level=DEBUG source=/tmp/isucon14/bench/benchmarker/scenario/scenario.go:317 msg=eval reqs=19 score="[0 0 0 10 9]" criteria="[19 9 19 19]"
time=00:14:49.777 level=INFO msg=一定の売上が立ったためオーナーの椅子が増加します 名前="LuxeLine Taxi" 増加数=1
time=00:14:49.777 level=INFO msg=一定の売上が立ったためオーナーの椅子が増加します 名前="Chair Charm" 増加数=1
time=00:14:49.779 level=INFO msg=一定の売上が立ったためオーナーの椅子が増加します 名前=快旅タクシー 増加数=2
time=00:14:49.781 level=INFO msg=一定の売上が立ったためオーナーの椅子が増加します 名前=街のりタクシー 増加数=1
time=00:14:49.781 level=INFO msg=一定の売上が立ったためオーナーの椅子が増加します 名前=レトロ椅子館 増加数=1
time=00:14:49.791 level=DEBUG source=/tmp/isucon14/bench/benchmarker/scenario/scenario.go:315 msg=時間経過 tick=180
time=00:14:49.791 level=INFO msg=これまでに地域内の評判によって7人、既存ユーザーの招待経由で30人が新規登録しました
time=00:14:49.791 level=DEBUG source=/tmp/isucon14/bench/benchmarker/scenario/scenario.go:317 msg=eval reqs=31 score="[0 0 0 19 12]" criteria="[31 12 31 31]"
time=00:14:49.791 level=INFO msg=0.0%のライドは椅子がマッチされるまでの時間、61.3%のライドはマッチされた椅子が乗車地点までに掛かる時間、0.0%のライドは椅子の実移動時間に不満がありました
time=00:14:51.590 level=DEBUG source=/tmp/isucon14/bench/benchmarker/scenario/scenario.go:315 msg=時間経過 tick=240
time=00:14:51.590 level=DEBUG source=/tmp/isucon14/bench/benchmarker/scenario/scenario.go:317 msg=eval reqs=38 score="[0 0 3 22 13]" criteria="[38 14 38 34]"
time=00:14:51.592 level=INFO msg=一定の売上が立ったためオーナーの椅子が増加します 名前="LuxeLine Taxi" 増加数=1
time=00:14:51.643 level=INFO msg=一定の売上が立ったためオーナーの椅子が増加します 名前=快旅タクシー 増加数=1
time=00:14:53.390 level=DEBUG source=/tmp/isucon14/bench/benchmarker/scenario/scenario.go:315 msg=時間経過 tick=300
time=00:14:53.390 level=DEBUG source=/tmp/isucon14/bench/benchmarker/scenario/scenario.go:317 msg=eval reqs=51 score="[0 2 11 25 13]" criteria="[50 16 46 39]"
time=00:14:53.414 level=INFO msg=一定の売上が立ったためオーナーの椅子が増加します 名前="Chair Charm" 増加数=1
time=00:14:53.420 level=INFO msg=一定の売上が立ったためオーナーの椅子が増加します 名前=快旅タクシー 増加数=1
time=00:14:53.421 level=INFO msg=一定の売上が立ったためオーナーの椅子が増加します 名前=レトロ椅子館 増加数=1
time=00:14:53.434 level=INFO msg=一定の売上が立ったためオーナーの椅子が増加します 名前="LuxeLine Taxi" 増加数=1
time=00:14:55.190 level=DEBUG source=/tmp/isucon14/bench/benchmarker/scenario/scenario.go:315 msg=時間経過 tick=360
time=00:14:55.190 level=DEBUG source=/tmp/isucon14/bench/benchmarker/scenario/scenario.go:317 msg=eval reqs=61 score="[0 3 18 26 14]" criteria="[58 17 53 45]"
time=00:14:55.190 level=INFO msg=これまでに地域内の評判によって19人、既存ユーザーの招待経由で39人が新規登録しました
time=00:14:55.190 level=INFO msg=4.9%のライドは椅子がマッチされるまでの時間、72.1%のライドはマッチされた椅子が乗車地点までに掛かる時間、19.7%のライドは椅子の実移動時間に不満がありました
time=00:14:55.196 level=INFO msg=一定の売上が立ったためオーナーの椅子が増加します 名前="Chair Charm" 増加数=1
time=00:14:55.203 level=INFO msg=一定の売上が立ったためオーナーの椅子が増加します 名前=街のりタクシー 増加数=1
time=00:14:55.206 level=INFO msg=一定の売上が立ったためオーナーの椅子が増加します 名前=レトロ椅子館 増加数=1
time=00:14:55.206 level=INFO msg=一定の売上が立ったためオーナーの椅子が増加します 名前="LuxeLine Taxi" 増加数=1
time=00:14:56.990 level=DEBUG source=/tmp/isucon14/bench/benchmarker/scenario/scenario.go:315 msg=時間経過 tick=420
time=00:14:56.990 level=DEBUG source=/tmp/isucon14/bench/benchmarker/scenario/scenario.go:317 msg=eval reqs=73 score="[0 6 24 29 14]" criteria="[64 20 63 50]"
time=00:14:57.017 level=INFO msg=一定の売上が立ったためオーナーの椅子が増加します 名前=快旅タクシー 増加数=1
time=00:14:57.065 level=INFO msg=一定の売上が立ったためオーナーの椅子が増加します 名前=レトロ椅子館 増加数=1
time=00:14:57.089 level=INFO msg=一定の売上が立ったためオーナーの椅子が増加します 名前="Chair Charm" 増加数=2
time=00:14:58.790 level=DEBUG source=/tmp/isucon14/bench/benchmarker/scenario/scenario.go:315 msg=時間経過 tick=480
time=00:14:58.790 level=DEBUG source=/tmp/isucon14/bench/benchmarker/scenario/scenario.go:317 msg=eval reqs=89 score="[0 11 32 32 14]" criteria="[67 26 77 57]"
time=00:14:58.831 level=INFO msg=一定の売上が立ったためオーナーの椅子が増加します 名前=街のりタクシー 増加数=1
time=00:14:58.865 level=INFO msg=一定の売上が立ったためオーナーの椅子が増加します 名前="LuxeLine Taxi" 増加数=1
time=00:14:58.869 level=INFO msg=一定の売上が立ったためオーナーの椅子が増加します 名前=快旅タクシー 増加数=1
time=00:14:58.869 level=INFO msg=一定の売上が立ったためオーナーの椅子が増加します 名前=レトロ椅子館 増加数=1
time=00:14:58.870 level=INFO msg=一定の売上が立ったためオーナーの椅子が増加します 名前="Chair Charm" 増加数=1
time=00:15:00.590 level=INFO msg=これまでに地域内の評判によって31人、既存ユーザーの招待経由で46人が新規登録しました
time=00:15:00.590 level=INFO msg=これまでに低評価なライドによって5人が利用をやめました
time=00:15:00.590 level=INFO msg=31.0%のライドは椅子がマッチされるまでの時間、71.0%のライドはマッチされた椅子が乗車地点までに掛かる時間、30.0%のライドは椅子の実移動時間に不満がありました
time=00:15:00.590 level=DEBUG source=/tmp/isucon14/bench/benchmarker/scenario/scenario.go:315 msg=時間経過 tick=540
time=00:15:00.590 level=DEBUG source=/tmp/isucon14/bench/benchmarker/scenario/scenario.go:317 msg=eval reqs=100 score="[4 15 34 33 14]" criteria="[69 29 82 58]"
time=00:15:00.634 level=INFO msg=一定の売上が立ったためオーナーの椅子が増加します 名前=レトロ椅子館 増加数=2
time=00:15:00.668 level=INFO msg=一定の売上が立ったためオーナーの椅子が増加します 名前="Chair Charm" 増加数=1
time=00:15:02.390 level=DEBUG source=/tmp/isucon14/bench/benchmarker/scenario/scenario.go:315 msg=時間経過 tick=600
time=00:15:02.390 level=DEBUG source=/tmp/isucon14/bench/benchmarker/scenario/scenario.go:317 msg=eval reqs=118 score="[9 21 40 34 14]" criteria="[72 37 91 59]"
time=00:15:02.400 level=INFO msg=一定の売上が立ったためオーナーの椅子が増加します 名前="LuxeLine Taxi" 増加数=2
time=00:15:02.427 level=INFO msg=一定の売上が立ったためオーナーの椅子が増加します 名前=街のりタクシー 増加数=1
time=00:15:02.439 level=INFO msg=一定の売上が立ったためオーナーの椅子が増加します 名前=快旅タクシー 増加数=2
time=00:15:02.451 level=INFO msg=一定の売上が立ったためオーナーの椅子が増加します 名前=レトロ椅子館 増加数=1
time=00:15:02.453 level=INFO msg=一定の売上が立ったためオーナーの椅子が増加します 名前="Chair Charm" 増加数=1
time=00:15:04.190 level=DEBUG source=/tmp/isucon14/bench/benchmarker/scenario/scenario.go:315 msg=時間経過 tick=660
time=00:15:04.190 level=DEBUG source=/tmp/isucon14/bench/benchmarker/scenario/scenario.go:317 msg=eval reqs=135 score="[12 27 44 38 14]" criteria="[74 46 101 64]"
time=00:15:04.222 level=INFO msg=一定の売上が立ったためオーナーの椅子が増加します 名前=レトロ椅子館 増加数=1
time=00:15:04.250 level=INFO msg=一定の売上が立ったためオーナーの椅子が増加します 名前="Chair Charm" 増加数=1
time=00:15:04.251 level=INFO msg=一定の売上が立ったためオーナーの椅子が増加します 名前=快旅タクシー 増加数=1
time=00:15:04.271 level=INFO msg=一定の売上が立ったためオーナーの椅子が増加します 名前="LuxeLine Taxi" 増加数=2
time=00:15:05.991 level=DEBUG source=/tmp/isucon14/bench/benchmarker/scenario/scenario.go:315 msg=時間経過 tick=720
time=00:15:05.991 level=DEBUG source=/tmp/isucon14/bench/benchmarker/scenario/scenario.go:317 msg=eval reqs=158 score="[18 34 47 44 15]" criteria="[88 55 108 69]"
time=00:15:05.991 level=INFO msg=これまでに地域内の評判によって43人、既存ユーザーの招待経由で56人が新規登録しました
time=00:15:05.991 level=INFO msg=これまでに低評価なライドによって20人が利用をやめました
time=00:15:05.991 level=INFO msg=44.3%のライドは椅子がマッチされるまでの時間、65.2%のライドはマッチされた椅子が乗車地点までに掛かる時間、44.0%のライドは椅子の実移動時間に不満がありました
time=00:15:06.060 level=INFO msg=一定の売上が立ったためオーナーの椅子が増加します 名前=街のりタクシー 増加数=1
time=00:15:06.080 level=INFO msg=一定の売上が立ったためオーナーの椅子が増加します 名前="LuxeLine Taxi" 増加数=1
time=00:15:06.096 level=INFO msg=一定の売上が立ったためオーナーの椅子が増加します 名前=レトロ椅子館 増加数=1
time=00:15:06.110 level=INFO msg=一定の売上が立ったためオーナーの椅子が増加します 名前="Chair Charm" 増加数=1
time=00:15:06.121 level=INFO msg=一定の売上が立ったためオーナーの椅子が増加します 名前=快旅タクシー 増加数=2
time=00:15:07.790 level=DEBUG source=/tmp/isucon14/bench/benchmarker/scenario/scenario.go:315 msg=時間経過 tick=780
time=00:15:07.790 level=DEBUG source=/tmp/isucon14/bench/benchmarker/scenario/scenario.go:317 msg=eval reqs=179 score="[23 40 51 49 16]" criteria="[104 62 112 75]"
time=00:15:07.840 level=INFO msg=一定の売上が立ったためオーナーの椅子が増加します 名前=街のりタクシー 増加数=1
time=00:15:07.874 level=INFO msg=一定の売上が立ったためオーナーの椅子が増加します 名前=レトロ椅子館 増加数=2
time=00:15:07.889 level=INFO msg=一定の売上が立ったためオーナーの椅子が増加します 名前="Chair Charm" 増加数=1
time=00:15:07.889 level=INFO msg=一定の売上が立ったためオーナーの椅子が増加します 名前="LuxeLine Taxi" 増加数=1
time=00:15:07.892 level=INFO msg=一定の売上が立ったためオーナーの椅子が増加します 名前=快旅タクシー 増加数=1
time=00:15:09.590 level=DEBUG source=/tmp/isucon14/bench/benchmarker/scenario/scenario.go:315 msg=時間経過 tick=840
time=00:15:09.591 level=DEBUG source=/tmp/isucon14/bench/benchmarker/scenario/scenario.go:317 msg=eval reqs=200 score="[26 49 53 55 17]" criteria="[122 71 117 78]"
time=00:15:09.717 level=INFO msg=一定の売上が立ったためオーナーの椅子が増加します 名前=レトロ椅子館 増加数=1
time=00:15:09.739 level=INFO msg=一定の売上が立ったためオーナーの椅子が増加します 名前=快旅タクシー 増加数=2
time=00:15:09.767 level=INFO msg=一定の売上が立ったためオーナーの椅子が増加します 名前="LuxeLine Taxi" 増加数=2
time=00:15:09.793 level=INFO msg=一定の売上が立ったためオーナーの椅子が増加します 名前="Chair Charm" 増加数=1
time=00:15:11.390 level=DEBUG source=/tmp/isucon14/bench/benchmarker/scenario/scenario.go:315 msg=時間経過 tick=900
time=00:15:11.390 level=INFO msg=これまでに地域内の評判によって55人、既存ユーザーの招待経由で71人が新規登録しました
time=00:15:11.390 level=INFO msg=これまでに低評価なライドによって36人が利用をやめました
time=00:15:11.390 level=INFO msg=36.2%のライドは椅子がマッチされるまでの時間、63.3%のライドはマッチされた椅子が乗車地点までに掛かる時間、54.8%のライドは椅子の実移動時間に不満がありました
time=00:15:11.390 level=DEBUG source=/tmp/isucon14/bench/benchmarker/scenario/scenario.go:317 msg=eval reqs=221 score="[27 59 60 57 18]" criteria="[141 81 120 80]"
time=00:15:11.512 level=INFO msg=一定の売上が立ったためオーナーの椅子が増加します 名前="LuxeLine Taxi" 増加数=1
time=00:15:11.516 level=INFO msg=一定の売上が立ったためオーナーの椅子が増加します 名前="Chair Charm" 増加数=3
time=00:15:11.539 level=INFO msg=一定の売上が立ったためオーナーの椅子が増加します 名前=快旅タクシー 増加数=1
time=00:15:13.190 level=DEBUG source=/tmp/isucon14/bench/benchmarker/scenario/scenario.go:315 msg=時間経過 tick=960
time=00:15:13.190 level=DEBUG source=/tmp/isucon14/bench/benchmarker/scenario/scenario.go:317 msg=eval reqs=237 score="[27 65 69 58 18]" criteria="[157 91 121 80]"
time=00:15:13.306 level=INFO msg=一定の売上が立ったためオーナーの椅子が増加します 名前=街のりタクシー 増加数=1
time=00:15:13.348 level=INFO msg=一定の売上が立ったためオーナーの椅子が増加します 名前=レトロ椅子館 増加数=2
time=00:15:13.348 level=INFO msg=一定の売上が立ったためオーナーの椅子が増加します 名前=快旅タクシー 増加数=1
time=00:15:13.385 level=INFO msg=一定の売上が立ったためオーナーの椅子が増加します 名前="LuxeLine Taxi" 増加数=2
time=00:15:14.990 level=DEBUG source=/tmp/isucon14/bench/benchmarker/scenario/scenario.go:315 msg=時間経過 tick=1020
time=00:15:14.990 level=DEBUG source=/tmp/isucon14/bench/benchmarker/scenario/scenario.go:317 msg=eval reqs=260 score="[27 74 80 61 18]" criteria="[180 105 124 80]"
time=00:15:15.027 level=INFO msg=一定の売上が立ったためオーナーの椅子が増加します 名前="LuxeLine Taxi" 増加数=1
time=00:15:15.101 level=INFO msg=一定の売上が立ったためオーナーの椅子が増加します 名前=街のりタクシー 増加数=1
time=00:15:15.123 level=INFO msg=一定の売上が立ったためオーナーの椅子が増加します 名前=レトロ椅子館 増加数=2
time=00:15:15.126 level=INFO msg=一定の売上が立ったためオーナーの椅子が増加します 名前=快旅タクシー 増加数=2
time=00:15:15.143 level=INFO msg=一定の売上が立ったためオーナーの椅子が増加します 名前="Chair Charm" 増加数=2
time=00:15:16.790 level=INFO msg=これまでに地域内の評判によって67人、既存ユーザーの招待経由で79人が新規登録しました
time=00:15:16.790 level=INFO msg=これまでに低評価なライドによって49人が利用をやめました
time=00:15:16.790 level=INFO msg=28.1%のライドは椅子がマッチされるまでの時間、59.6%のライドはマッチされた椅子が乗車地点までに掛かる時間、64.0%のライドは椅子の実移動時間に不満がありました
time=00:15:16.790 level=DEBUG source=/tmp/isucon14/bench/benchmarker/scenario/scenario.go:315 msg=時間経過 tick=1080
time=00:15:16.790 level=DEBUG source=/tmp/isucon14/bench/benchmarker/scenario/scenario.go:317 msg=eval reqs=292 score="[29 90 90 64 19]" criteria="[210 118 126 84]"
time=00:15:16.869 level=INFO msg=一定の売上が立ったためオーナーの椅子が増加します 名前="LuxeLine Taxi" 増加数=2
time=00:15:16.869 level=INFO msg=一定の売上が立ったためオーナーの椅子が増加します 名前="Chair Charm" 増加数=1
time=00:15:16.889 level=INFO msg=一定の売上が立ったためオーナーの椅子が増加します 名前=快旅タクシー 増加数=1
time=00:15:16.889 level=INFO msg=一定の売上が立ったためオーナーの椅子が増加します 名前=レトロ椅子館 増加数=1
time=00:15:18.591 level=DEBUG source=/tmp/isucon14/bench/benchmarker/scenario/scenario.go:315 msg=時間経過 tick=1140
time=00:15:18.591 level=DEBUG source=/tmp/isucon14/bench/benchmarker/scenario/scenario.go:317 msg=eval reqs=316 score="[30 102 97 68 19]" criteria="[233 129 129 85]"
time=00:15:18.692 level=INFO msg=一定の売上が立ったためオーナーの椅子が増加します 名前=街のりタクシー 増加数=1
time=00:15:18.724 level=INFO msg=一定の売上が立ったためオーナーの椅子が増加します 名前=快旅タクシー 増加数=2
time=00:15:18.735 level=INFO msg=一定の売上が立ったためオーナーの椅子が増加します 名前=レトロ椅子館 増加数=3
time=00:15:18.764 level=INFO msg=一定の売上が立ったためオーナーの椅子が増加します 名前="LuxeLine Taxi" 増加数=1
time=00:15:18.778 level=INFO msg=一定の売上が立ったためオーナーの椅子が増加します 名前="Chair Charm" 増加数=2
time=00:15:20.390 level=DEBUG source=/tmp/isucon14/bench/benchmarker/scenario/scenario.go:315 msg=時間経過 tick=1200
time=00:15:20.390 level=DEBUG source=/tmp/isucon14/bench/benchmarker/scenario/scenario.go:317 msg=eval reqs=340 score="[31 111 106 73 19]" criteria="[256 143 133 86]"
time=00:15:20.492 level=INFO msg=一定の売上が立ったためオーナーの椅子が増加します 名前=街のりタクシー 増加数=1
time=00:15:20.645 level=INFO msg=一定の売上が立ったためオーナーの椅子が増加します 名前="Chair Charm" 増加数=1
time=00:15:20.650 level=INFO msg=一定の売上が立ったためオーナーの椅子が増加します 名前=レトロ椅子館 増加数=1
time=00:15:20.742 level=INFO msg=一定の売上が立ったためオーナーの椅子が増加します 名前="LuxeLine Taxi" 増加数=3
time=00:15:22.190 level=INFO msg=これまでに地域内の評判によって79人、既存ユーザーの招待経由で90人が新規登録しました
time=00:15:22.190 level=INFO msg=これまでに低評価なライドによって62人が利用をやめました
time=00:15:22.190 level=INFO msg=23.5%のライドは椅子がマッチされるまでの時間、56.1%のライドはマッチされた椅子が乗車地点までに掛かる時間、69.1%のライドは椅子の実移動時間に不満がありました
time=00:15:22.190 level=DEBUG source=/tmp/isucon14/bench/benchmarker/scenario/scenario.go:315 msg=時間経過 tick=1260
time=00:15:22.190 level=DEBUG source=/tmp/isucon14/bench/benchmarker/scenario/scenario.go:317 msg=eval reqs=358 score="[31 115 118 75 19]" criteria="[274 157 134 87]"
time=00:15:22.294 level=INFO msg=一定の売上が立ったためオーナーの椅子が増加します 名前=レトロ椅子館 増加数=1
time=00:15:22.306 level=INFO msg=一定の売上が立ったためオーナーの椅子が増加します 名前="LuxeLine Taxi" 増加数=1
time=00:15:22.333 level=INFO msg=一定の売上が立ったためオーナーの椅子が増加します 名前=快旅タクシー 増加数=1
time=00:15:22.486 level=INFO msg=一定の売上が立ったためオーナーの椅子が増加します 名前=街のりタクシー 増加数=1
time=00:15:23.990 level=DEBUG source=/tmp/isucon14/bench/benchmarker/scenario/scenario.go:315 msg=時間経過 tick=1320
time=00:15:23.990 level=DEBUG source=/tmp/isucon14/bench/benchmarker/scenario/scenario.go:317 msg=eval reqs=394 score="[33 130 131 80 20]" criteria="[308 176 136 92]"
time=00:15:24.208 level=INFO msg=一定の売上が立ったためオーナーの椅子が増加します 名前=快旅タクシー 増加数=3
time=00:15:24.213 level=INFO msg=一定の売上が立ったためオーナーの椅子が増加します 名前=レトロ椅子館 増加数=2
time=00:15:24.226 level=INFO msg=一定の売上が立ったためオーナーの椅子が増加します 名前="LuxeLine Taxi" 増加数=1
time=00:15:24.581 level=INFO msg=一定の売上が立ったためオーナーの椅子が増加します 名前="Chair Charm" 増加数=4
time=00:15:25.790 level=DEBUG source=/tmp/isucon14/bench/benchmarker/scenario/scenario.go:315 msg=時間経過 tick=1380
time=00:15:25.790 level=DEBUG source=/tmp/isucon14/bench/benchmarker/scenario/scenario.go:317 msg=eval reqs=415 score="[34 137 143 81 20]" criteria="[328 189 136 93]"
time=00:15:25.949 level=INFO msg=一定の売上が立ったためオーナーの椅子が増加します 名前="LuxeLine Taxi" 増加数=1
time=00:15:25.952 level=INFO msg=一定の売上が立ったためオーナーの椅子が増加します 名前="Chair Charm" 増加数=1
time=00:15:25.993 level=INFO msg=一定の売上が立ったためオーナーの椅子が増加します 名前=レトロ椅子館 増加数=1
time=00:15:27.590 level=DEBUG source=/tmp/isucon14/bench/benchmarker/scenario/scenario.go:315 msg=時間経過 tick=1440
time=00:15:27.590 level=DEBUG source=/tmp/isucon14/bench/benchmarker/scenario/scenario.go:317 msg=eval reqs=444 score="[34 147 160 83 20]" criteria="[357 208 137 94]"
time=00:15:27.590 level=INFO msg=これまでに地域内の評判によって91人、既存ユーザーの招待経由で99人が新規登録しました
time=00:15:27.590 level=INFO msg=これまでに低評価なライドによって70人が利用をやめました
time=00:15:27.590 level=INFO msg=19.6%のライドは椅子がマッチされるまでの時間、53.2%のライドはマッチされた椅子が乗車地点までに掛かる時間、74.0%のライドは椅子の実移動時間に不満がありました
time=00:15:27.743 level=INFO msg=一定の売上が立ったためオーナーの椅子が増加します 名前=街のりタクシー 増加数=1
time=00:15:27.835 level=INFO msg=一定の売上が立ったためオーナーの椅子が増加します 名前=レトロ椅子館 増加数=1
time=00:15:27.859 level=INFO msg=一定の売上が立ったためオーナーの椅子が増加します 名前="LuxeLine Taxi" 増加数=1
time=00:15:27.863 level=INFO msg=一定の売上が立ったためオーナーの椅子が増加します 名前=快旅タクシー 増加数=1
time=00:15:27.915 level=INFO msg=一定の売上が立ったためオーナーの椅子が増加します 名前="Chair Charm" 増加数=1
time=00:15:29.390 level=DEBUG source=/tmp/isucon14/bench/benchmarker/scenario/scenario.go:315 msg=時間経過 tick=1500
time=00:15:29.390 level=DEBUG source=/tmp/isucon14/bench/benchmarker/scenario/scenario.go:317 msg=eval reqs=475 score="[35 155 180 85 20]" criteria="[387 230 139 94]"
time=00:15:29.506 level=INFO msg=一定の売上が立ったためオーナーの椅子が増加します 名前=レトロ椅子館 増加数=2
time=00:15:29.537 level=INFO msg=一定の売上が立ったためオーナーの椅子が増加します 名前=街のりタクシー 増加数=2
time=00:15:29.699 level=INFO msg=一定の売上が立ったためオーナーの椅子が増加します 名前="LuxeLine Taxi" 増加数=2
time=00:15:29.829 level=INFO msg=一定の売上が立ったためオーナーの椅子が増加します 名前=快旅タクシー 増加数=2
time=00:15:29.893 level=INFO msg=一定の売上が立ったためオーナーの椅子が増加します 名前="Chair Charm" 増加数=2
time=00:15:31.190 level=DEBUG source=/tmp/isucon14/bench/benchmarker/scenario/scenario.go:315 msg=時間経過 tick=1560
time=00:15:31.190 level=DEBUG source=/tmp/isucon14/bench/benchmarker/scenario/scenario.go:317 msg=eval reqs=501 score="[35 159 201 86 20]" criteria="[413 252 139 95]"
time=00:15:31.375 level=INFO msg=一定の売上が立ったためオーナーの椅子が増加します 名前=レトロ椅子館 増加数=1
time=00:15:31.473 level=INFO msg=一定の売上が立ったためオーナーの椅子が増加します 名前=快旅タクシー 増加数=1
time=00:15:31.514 level=INFO msg=一定の売上が立ったためオーナーの椅子が増加します 名前="LuxeLine Taxi" 増加数=1
time=00:15:31.770 level=INFO msg=一定の売上が立ったためオーナーの椅子が増加します 名前="Chair Charm" 増加数=1
time=00:15:32.990 level=INFO msg=これまでに地域内の評判によって103人、既存ユーザーの招待経由で103人が新規登録しました
time=00:15:32.990 level=INFO msg=これまでに低評価なライドによって77人が利用をやめました
time=00:15:32.990 level=INFO msg=16.8%のライドは椅子がマッチされるまでの時間、48.5%のライドはマッチされた椅子が乗車地点までに掛かる時間、77.6%のライドは椅子の実移動時間に不満がありました
time=00:15:32.990 level=DEBUG source=/tmp/isucon14/bench/benchmarker/scenario/scenario.go:315 msg=時間経過 tick=1620
time=00:15:32.990 level=DEBUG source=/tmp/isucon14/bench/benchmarker/scenario/scenario.go:317 msg=eval reqs=524 score="[35 164 218 87 20]" criteria="[436 270 139 96]"
time=00:15:33.105 level=INFO msg=一定の売上が立ったためオーナーの椅子が増加します 名前=レトロ椅子館 増加数=1
time=00:15:33.188 level=INFO msg=一定の売上が立ったためオーナーの椅子が増加します 名前=街のりタクシー 増加数=1
time=00:15:33.204 level=INFO msg=一定の売上が立ったためオーナーの椅子が増加します 名前="Chair Charm" 増加数=1
time=00:15:33.301 level=INFO msg=一定の売上が立ったためオーナーの椅子が増加します 名前=快旅タクシー 増加数=1
time=00:15:33.545 level=INFO msg=一定の売上が立ったためオーナーの椅子が増加します 名前="LuxeLine Taxi" 増加数=1
time=00:15:34.790 level=DEBUG source=/tmp/isucon14/bench/benchmarker/scenario/scenario.go:315 msg=時間経過 tick=1680
time=00:15:34.790 level=DEBUG source=/tmp/isucon14/bench/benchmarker/scenario/scenario.go:317 msg=eval reqs=554 score="[35 172 240 87 20]" criteria="[466 292 139 96]"
time=00:15:34.866 level=INFO msg=一定の売上が立ったためオーナーの椅子が増加します 名前="Chair Charm" 増加数=1
time=00:15:34.871 level=INFO msg=一定の売上が立ったためオーナーの椅子が増加します 名前=レトロ椅子館 増加数=2
time=00:15:34.938 level=INFO msg=一定の売上が立ったためオーナーの椅子が増加します 名前="LuxeLine Taxi" 増加数=2
time=00:15:35.073 level=INFO msg=一定の売上が立ったためオーナーの椅子が増加します 名前=街のりタクシー 増加数=1
time=00:15:36.590 level=DEBUG source=/tmp/isucon14/bench/benchmarker/scenario/scenario.go:315 msg=時間経過 tick=1740
time=00:15:36.590 level=DEBUG source=/tmp/isucon14/bench/benchmarker/scenario/scenario.go:317 msg=eval reqs=588 score="[36 178 266 88 20]" criteria="[499 319 139 97]"
time=00:15:36.722 level=INFO msg=一定の売上が立ったためオーナーの椅子が増加します 名前=街のりタクシー 増加数=1
time=00:15:36.783 level=INFO msg=一定の売上が立ったためオーナーの椅子が増加します 名前="Chair Charm" 増加数=1
time=00:15:36.884 level=INFO msg=一定の売上が立ったためオーナーの椅子が増加します 名前=快旅タクシー 増加数=2
time=00:15:37.341 level=INFO msg=一定の売上が立ったためオーナーの椅子が増加します 名前="LuxeLine Taxi" 増加数=2
time=00:15:38.390 level=INFO msg=これまでに地域内の評判によって115人、既存ユーザーの招待経由で105人が新規登録しました
time=00:15:38.390 level=INFO msg=これまでに低評価なライドによって79人が利用をやめました
time=00:15:38.390 level=INFO msg=14.6%のライドは椅子がマッチされるまでの時間、45.2%のライドはマッチされた椅子が乗車地点までに掛かる時間、80.5%のライドは椅子の実移動時間に不満がありました
time=00:15:38.390 level=DEBUG source=/tmp/isucon14/bench/benchmarker/scenario/scenario.go:315 msg=時間経過 tick=1800
time=00:15:38.390 level=DEBUG source=/tmp/isucon14/bench/benchmarker/scenario/scenario.go:317 msg=eval reqs=608 score="[36 184 279 89 20]" criteria="[519 333 139 98]"
time=00:15:38.643 level=INFO msg=一定の売上が立ったためオーナーの椅子が増加します 名前=快旅タクシー 増加数=1
time=00:15:38.674 level=INFO msg=一定の売上が立ったためオーナーの椅子が増加します 名前=レトロ椅子館 増加数=3
time=00:15:38.746 level=INFO msg=一定の売上が立ったためオーナーの椅子が増加します 名前="Chair Charm" 増加数=1
time=00:15:39.069 level=INFO msg=一定の売上が立ったためオーナーの椅子が増加します 名前="LuxeLine Taxi" 増加数=1
time=00:15:40.190 level=DEBUG source=/tmp/isucon14/bench/benchmarker/scenario/scenario.go:315 msg=時間経過 tick=1860
time=00:15:40.190 level=DEBUG source=/tmp/isucon14/bench/benchmarker/scenario/scenario.go:317 msg=eval reqs=639 score="[36 190 303 90 20]" criteria="[549 359 139 99]"
time=00:15:40.397 level=INFO msg=一定の売上が立ったためオーナーの椅子が増加します 名前=街のりタクシー 増加数=1
time=00:15:40.493 level=INFO msg=一定の売上が立ったためオーナーの椅子が増加します 名前=快旅タクシー 増加数=1
time=00:15:40.501 level=INFO msg=一定の売上が立ったためオーナーの椅子が増加します 名前="Chair Charm" 増加数=2
time=00:15:40.577 level=INFO msg=一定の売上が立ったためオーナーの椅子が増加します 名前=レトロ椅子館 増加数=1
time=00:15:40.690 level=INFO msg=一定の売上が立ったためオーナーの椅子が増加します 名前="LuxeLine Taxi" 増加数=1
time=00:15:41.990 level=DEBUG source=/tmp/isucon14/bench/benchmarker/scenario/scenario.go:315 msg=時間経過 tick=1920
time=00:15:41.990 level=DEBUG source=/tmp/isucon14/bench/benchmarker/scenario/scenario.go:317 msg=eval reqs=671 score="[36 192 331 92 20]" criteria="[580 390 139 101]"
time=00:15:42.160 level=INFO msg=一定の売上が立ったためオーナーの椅子が増加します 名前=街のりタクシー 増加数=2
time=00:15:42.229 level=INFO msg=一定の売上が立ったためオーナーの椅子が増加します 名前="Chair Charm" 増加数=1
time=00:15:42.251 level=INFO msg=一定の売上が立ったためオーナーの椅子が増加します 名前=快旅タクシー 増加数=2
time=00:15:42.431 level=INFO msg=一定の売上が立ったためオーナーの椅子が増加します 名前=レトロ椅子館 増加数=2
time=00:15:42.438 level=INFO msg=一定の売上が立ったためオーナーの椅子が増加します 名前="LuxeLine Taxi" 増加数=1
time=00:15:43.790 level=DEBUG source=/tmp/isucon14/bench/benchmarker/scenario/scenario.go:315 msg=時間経過 tick=1980
time=00:15:43.790 level=DEBUG source=/tmp/isucon14/bench/benchmarker/scenario/scenario.go:317 msg=eval reqs=698 score="[36 195 354 93 20]" criteria="[607 414 139 102]"
time=00:15:43.790 level=INFO msg=これまでに地域内の評判によって127人、既存ユーザーの招待経由で108人が新規登録しました
time=00:15:43.790 level=INFO msg=これまでに低評価なライドによって83人が利用をやめました
time=00:15:43.790 level=INFO msg=13.0%のライドは椅子がマッチされるまでの時間、40.7%のライドはマッチされた椅子が乗車地点までに掛かる時間、82.7%のライドは椅子の実移動時間に不満がありました
time=00:15:44.042 level=INFO msg=一定の売上が立ったためオーナーの椅子が増加します 名前=快旅タクシー 増加数=1
time=00:15:44.108 level=INFO msg=一定の売上が立ったためオーナーの椅子が増加します 名前="Chair Charm" 増加数=1
time=00:15:44.111 level=INFO msg=一定の売上が立ったためオーナーの椅子が増加します 名前=レトロ椅子館 増加数=1
time=00:15:49.391 level=INFO msg=最終地域情報 名前=チェアタウン ユーザー登録数=143 アクティブユーザー数=105
time=00:15:49.391 level=INFO msg=最終地域情報 名前=コシカケシティ ユーザー登録数=107 アクティブユーザー数=62
time=00:15:49.391 level=INFO msg=最終オーナー情報 名前="LuxeLine Taxi" 売上=940400 椅子数=43
time=00:15:49.391 level=INFO msg=最終オーナー情報 名前=快旅タクシー 売上=888400 椅子数=42
time=00:15:49.391 level=INFO msg=最終オーナー情報 名前="Chair Charm" 売上=912500 椅子数=43
time=00:15:49.391 level=INFO msg=最終オーナー情報 名前=街のりタクシー 売上=397700 椅子数=24
time=00:15:49.391 level=INFO msg=最終オーナー情報 名前=レトロ椅子館 売上=967300 椅子数=45
time=00:15:49.391 level=INFO msg=12.8%のライドは椅子がマッチされるまでの時間、40.0%のライドはマッチされた椅子が乗車地点までに掛かる時間、83.1%のライドは椅子の実移動時間に不満がありました
time=00:15:49.391 level=INFO msg=結果 pass=true スコア=49236 種別エラー数=map[17:1]
time=00:15:49.391 level=INFO msg=負荷走行が終了しました
