2026-09-26T15:14:43+00:00
COMMAND         %CPU   RSS
mysqld          15.5 1083000
nginx            0.8 14580
nginx            0.8 15892
systemd-journal  0.5 177980
rsyslogd         0.2  5240
jbd2/sda1-8      0.2     0
rcu_preempt      0.1     0
kworker/0:1H-kb  0.1     0
kworker/1:1H-kb  0.1     0
2026-09-26T15:14:45+00:00
COMMAND         %CPU   RSS
mysqld          15.5 1085128
bench            9.5 52884
isuride          0.9 14556
nginx            0.8 14580
nginx            0.8 15892
systemd-journal  0.5 179596
rsyslogd         0.2  5240
jbd2/sda1-8      0.2     0
rcu_preempt      0.1     0
2026-09-26T15:14:47+00:00
COMMAND         %CPU   RSS
mysqld          15.5 1086196
bench           14.9 73620
isuride          2.8 15888
nginx            0.8 14580
nginx            0.8 15892
systemd-journal  0.5 182256
rsyslogd         0.2  5240
jbd2/sda1-8      0.2     0
rcu_preempt      0.1     0
2026-09-26T15:14:49+00:00
COMMAND         %CPU   RSS
bench           17.4 103528
mysqld          15.5 1087964
isuride          4.8 16308
nginx            0.8 14580
nginx            0.8 15892
systemd-journal  0.5 183952
rsyslogd         0.2  5240
jbd2/sda1-8      0.2     0
rcu_preempt      0.1     0
2026-09-26T15:14:51+00:00
COMMAND         %CPU   RSS
bench           20.0 117544
mysqld          15.5 1091384
isuride          6.8 19520
nginx            0.8 14580
nginx            0.8 15892
systemd-journal  0.5 185196
rsyslogd         0.2  5240
jbd2/sda1-8      0.2     0
rcu_preempt      0.1     0
2026-09-26T15:14:53+00:00
COMMAND         %CPU   RSS
bench           20.4 134296
mysqld          15.5 1093488
isuride          8.6 18140
nginx            0.8 14580
nginx            0.8 15892
systemd-journal  0.5 192928
rsyslogd         0.2  5240
jbd2/sda1-8      0.2     0
rcu_preempt      0.1     0
2026-09-26T15:14:55+00:00
COMMAND         %CPU   RSS
bench           20.4 148224
mysqld          15.5 1097832
isuride         10.3 18212
nginx            0.8 14580
nginx            0.8 15892
systemd-journal  0.5 195092
rsyslogd         0.2  5240
jbd2/sda1-8      0.2     0
rcu_preempt      0.1     0
2026-09-26T15:14:57+00:00
COMMAND         %CPU   RSS
bench           20.5 163340
mysqld          15.5 1102272
isuride         11.9 19192
nginx            0.8 14580
nginx            0.8 15892
systemd-journal  0.5 197908
rsyslogd         0.2  5240
jbd2/sda1-8      0.2     0
rcu_preempt      0.1     0
2026-09-26T15:14:59+00:00
COMMAND         %CPU   RSS
bench           20.4 175108
mysqld          15.5 1106244
isuride         13.3 19812
nginx            0.8 14580
nginx            0.8 15892
systemd-journal  0.5 202460
rsyslogd         0.2  5240
jbd2/sda1-8      0.2     0
rcu_preempt      0.1     0
2026-09-26T15:15:01+00:00
COMMAND         %CPU   RSS
bench           20.4 184796
mysqld          15.5 1110556
isuride         14.6 19732
nginx            0.9 14580
nginx            0.8 15892
systemd-journal  0.5 202988
rsyslogd         0.2  5240
jbd2/sda1-8      0.2     0
rcu_preempt      0.1     0
2026-09-26T15:15:03+00:00
COMMAND         %CPU   RSS
bench           20.4 195136
isuride         15.9 21224
mysqld          15.5 1117608
nginx            0.9 14580
nginx            0.8 15892
systemd-journal  0.5 202988
rsyslogd         0.2  5240
jbd2/sda1-8      0.2     0
rcu_preempt      0.1     0
2026-09-26T15:15:05+00:00
COMMAND         %CPU   RSS
bench           20.6 212064
isuride         16.9 22288
mysqld          15.5 1118792
nginx            0.9 14580
nginx            0.8 15892
systemd-journal  0.5 202988
rsyslogd         0.2  5240
jbd2/sda1-8      0.2     0
rcu_preempt      0.1     0
2026-09-26T15:15:07+00:00
COMMAND         %CPU   RSS
bench           20.6 219600
isuride         18.0 23228
mysqld          15.6 1122220
nginx            0.9 14580
nginx            0.8 15892
systemd-journal  0.5 202988
rsyslogd         0.2  5240
jbd2/sda1-8      0.2     0
rcu_preempt      0.1     0
2026-09-26T15:15:09+00:00
COMMAND         %CPU   RSS
bench           20.6 230392
isuride         18.8 25028
mysqld          15.6 1125128
nginx            0.9 14580
nginx            0.8 15892
systemd-journal  0.5 202988
rsyslogd         0.2  5240
jbd2/sda1-8      0.2     0
rcu_preempt      0.1     0
2026-09-26T15:15:11+00:00
COMMAND         %CPU   RSS
bench           20.7 249620
isuride         19.6 23592
mysqld          15.6 1126548
nginx            0.9 14580
nginx            0.8 15892
systemd-journal  0.5 202988
rsyslogd         0.2  5240
jbd2/sda1-8      0.2     0
rcu_preempt      0.1     0
2026-09-26T15:15:13+00:00
COMMAND         %CPU   RSS
bench           20.7 255608
isuride         20.4 24844
mysqld          15.6 1128568
nginx            0.9 14580
nginx            0.8 15892
systemd-journal  0.5 202988
rsyslogd         0.2  5240
jbd2/sda1-8      0.2     0
rcu_preempt      0.1     0
2026-09-26T15:15:15+00:00
COMMAND         %CPU   RSS
isuride         21.1 25648
bench           20.8 279248
mysqld          15.6 1128692
nginx            0.9 14580
nginx            0.8 15892
systemd-journal  0.5 204652
rsyslogd         0.2  5240
jbd2/sda1-8      0.2     0
rcu_preempt      0.1     0
2026-09-26T15:15:17+00:00
COMMAND         %CPU   RSS
isuride         21.9 26940
bench           20.8 293700
mysqld          15.6 1129992
curl            10.0 12312
nginx            0.9 14580
nginx            0.8 15892
systemd-journal  0.5 209984
rsyslogd         0.2  5240
jbd2/sda1-8      0.2     0
2026-09-26T15:15:19+00:00
COMMAND         %CPU   RSS
isuride         22.5 28216
bench           20.9 302808
mysqld          15.6 1131352
nginx            0.9 14580
nginx            0.8 15892
systemd-journal  0.5 212020
rsyslogd         0.2  5240
jbd2/sda1-8      0.2     0
kworker/0:1H-kb  0.1     0
2026-09-26T15:15:21+00:00
COMMAND         %CPU   RSS
isuride         23.0 29032
bench           20.9 315136
mysqld          15.6 1133504
nginx            0.9 14580
nginx            0.8 15892
systemd-journal  0.5 215744
rsyslogd         0.2  5240
jbd2/sda1-8      0.2     0
rcu_preempt      0.1     0
2026-09-26T15:15:23+00:00
COMMAND         %CPU   RSS
isuride         23.6 30368
bench           21.1 323856
curl            16.6 12356
mysqld          15.6 1138940
nginx            0.9 14580
nginx            0.8 15892
systemd-journal  0.5 219356
rsyslogd         0.2  5240
jbd2/sda1-8      0.2     0
2026-09-26T15:15:25+00:00
COMMAND         %CPU   RSS
isuride         24.0 31456
bench           21.1 326944
mysqld          15.6 1137540
curl             4.1 12324
nginx            0.9 14580
nginx            0.8 15892
systemd-journal  0.5 221216
rsyslogd         0.2  5240
jbd2/sda1-8      0.2     0
2026-09-26T15:15:27+00:00
COMMAND         %CPU   RSS
isuride         24.4 32136
bench           21.1 349904
mysqld          15.6 1137584
nginx            0.9 14580
nginx            0.8 15892
systemd-journal  0.5 224700
rsyslogd         0.2  5240
jbd2/sda1-8      0.2     0
kworker/1:1H-kb  0.1     0
2026-09-26T15:15:29+00:00
COMMAND         %CPU   RSS
isuride         24.8 31980
bench           21.2 350300
mysqld          15.6 1139460
nginx            0.9 14580
nginx            0.9 15892
systemd-journal  0.5 224732
rsyslogd         0.2  5240
jbd2/sda1-8      0.2     0
kworker/1:1H-kb  0.1     0
2026-09-26T15:15:31+00:00
COMMAND         %CPU   RSS
isuride         25.2 32740
bench           21.2 384784
mysqld          15.6 1139480
curl             2.2 12324
nginx            0.9 14580
nginx            0.9 15892
systemd-journal  0.5 224732
rsyslogd         0.2  5240
jbd2/sda1-8      0.2     0
2026-09-26T15:15:33+00:00
COMMAND         %CPU   RSS
isuride         25.6 31476
bench           21.1 385324
mysqld          15.6 1139624
nginx            0.9 14580
nginx            0.9 15892
systemd-journal  0.5 224732
rsyslogd         0.2  5240
jbd2/sda1-8      0.2     0
kworker/1:1H-kb  0.1     0
2026-09-26T15:15:35+00:00
COMMAND         %CPU   RSS
isuride         25.9 32732
bench           21.1 386920
mysqld          15.7 1139752
nginx            0.9 14580
nginx            0.9 15892
systemd-journal  0.5 224732
rsyslogd         0.2  5240
jbd2/sda1-8      0.2     0
kworker/1:1H-kb  0.1     0
2026-09-26T15:15:37+00:00
COMMAND         %CPU   RSS
isuride         26.2 33904
bench           21.2 415336
mysqld          15.7 1140552
curl             1.9 12324
nginx            0.9 14580
nginx            0.9 15892
systemd-journal  0.5 224732
rsyslogd         0.2  5240
jbd2/sda1-8      0.2     0
2026-09-26T15:15:39+00:00
COMMAND         %CPU   RSS
isuride         26.5 35800
bench           21.2 416048
mysqld          15.7 1142348
nginx            0.9 14904
nginx            0.9 15892
systemd-journal  0.5 224732
rsyslogd         0.2  5240
jbd2/sda1-8      0.2     0
kworker/1:1H-kb  0.1     0
2026-09-26T15:15:41+00:00
COMMAND         %CPU   RSS
isuride         26.7 36372
bench           21.2 417964
mysqld          15.7 1144388
nginx            0.9 15036
nginx            0.9 15892
systemd-journal  0.5 224732
rsyslogd         0.2  5240
jbd2/sda1-8      0.2     0
kworker/1:1H-kb  0.1     0
2026-09-26T15:15:43+00:00
COMMAND         %CPU   RSS
isuride         26.9 37188
bench           21.2 439376
mysqld          15.7 1144648
nginx            0.9 15416
nginx            0.9 15892
systemd-journal  0.5 224732
rsyslogd         0.2  5240
jbd2/sda1-8      0.2     0
kworker/1:1H-kb  0.1     0
2026-09-26T15:15:45+00:00
COMMAND         %CPU   RSS
isuride         27.3 29632
bench           21.1 441092
curl            16.6 12308
mysqld          15.7 1144648
nginx            0.9 15448
nginx            0.9 15892
systemd-journal  0.5 228728
rsyslogd         0.2  5240
jbd2/sda1-8      0.2     0
2026-09-26T15:15:47+00:00
COMMAND         %CPU   RSS
isuride         27.8 28648
bench           21.0 441092
mysqld          15.7 1144648
nginx            0.9 15448
nginx            0.9 15892
systemd-journal  0.5 232928
rsyslogd         0.2  5240
jbd2/sda1-8      0.2     0
kworker/1:1H-kb  0.1     0
