procs -----------memory---------- ---swap-- -----io---- -system-- -------cpu------- -----timestamp-----
 r  b   swpd   free   buff  cache   si   so    bi    bo   in   cs us sy id wa st gu                 UTC
 5  0      0 447860  69060 2207580    0    0    76  2696 2833   51 11  5 84  0  0  0 2026-09-26 15:14:43
 7  0      0 433196  69064 2210576    0    0    60 62864 17746 38155 31 13 40 15  0  0 2026-09-26 15:14:44
 0  0      0 433148  69064 2211876    0    0     4 12676 23514 65803 22 16 59  3  0  0 2026-09-26 15:14:45
 3  0      0 429216  69064 2213404    0    0     0 15768 25186 80218 34 22 42  3  0  0 2026-09-26 15:14:46
 6  0      0 408552  69064 2215736    0    0     0 23152 24802 95300 50 30 18  3  0  0 2026-09-26 15:14:47
 8  0      0 392228  69064 2218360    0    0     0 32884 24949 99665 45 34 19  3  0  0 2026-09-26 15:14:48
 8  1      0 373476  69068 2220840    0    0     0 23536 25601 100754 43 33 21  4  0  0 2026-09-26 15:14:49
18  0      0 354420  69068 2224560    0    0     4 28576 21325 86410 49 38 10  3  0  0 2026-09-26 15:14:50
 8  0      0 336836  69068 2227240    0    0     0 15772 11645 47956 55 42  2  1  0  0 2026-09-26 15:14:51
14  0      0 320540  69068 2232588    0    0     0 27124 21273 92333 49 38  8  4  0  0 2026-09-26 15:14:52
19  1      0 312372  69068 2235512    0    0     0 27396 22613 100179 51 35 10  4  0  0 2026-09-26 15:14:53
 9  0      0 287928  69068 2238444    0    0     0 27976 22850 95585 51 36  8  4  0  0 2026-09-26 15:14:54
 5  0      0 283140  69068 2242672    0    0     4 31016 21821 101232 51 41  6  3  0  0 2026-09-26 15:14:55
10  1      0 258724  69068 2247088    0    0     0 30056 22700 93784 51 39  7  4  0  0 2026-09-26 15:14:56
30  0      0 253684  69068 2250228    0    0     0 31416 22399 99244 51 40  6  3  0  0 2026-09-26 15:14:57
10  1      0 235048  69076 2253316    0    0     0 46180 21247 97248 49 41  6  4  0  0 2026-09-26 15:14:58
10  0      0 229544  69076 2256196    0    0     4 30364 22392 91082 50 38  8  4  0  0 2026-09-26 15:14:59
25  1      0 217952  69076 2258752    0    0     0 38212 22296 93413 50 38  7  4  0  0 2026-09-26 15:15:00
30  0      0 209384  69076 2261072    0    0    16 30260 19944 95766 52 42  5  2  0  0 2026-09-26 15:15:01
22  0      0 198100  69076 2264300    0    0     4 29236 22363 99924 55 38  5  2  0  0 2026-09-26 15:15:02
22  0      0 184776  69076 2267608    0    0     0 31360 22491 100487 54 41  3  2  0  0 2026-09-26 15:15:03
procs -----------memory---------- ---swap-- -----io---- -system-- -------cpu------- -----timestamp-----
 r  b   swpd   free   buff  cache   si   so    bi    bo   in   cs us sy id wa st gu                 UTC
51  0      0 180996  69076 2269860    0    0     0 28776 20990 93953 52 40  5  3  0  0 2026-09-26 15:15:04
47  1      0 158076  69076 2272144    0    0     0 26464 20853 91976 56 35  6  3  0  0 2026-09-26 15:15:05
15  1      0 158128  69076 2274536    0    0     4 30516 20571 99008 53 39  4  3  0  0 2026-09-26 15:15:06
46  1      0 147612  69076 2277028    0    0     0 29516 21169 97498 57 40  2  1  0  0 2026-09-26 15:15:07
 9  1      0 133248  69076 2279504    0    0     0 34216 20655 93833 55 39  4  2  0  0 2026-09-26 15:15:08
39  0      0 123448  69076 2281596    0    0     0 28968 20109 89166 53 35  6  5  0  0 2026-09-26 15:15:09
 6  0      0 109616  69076 2283848    0    0     4 28096 20025 95686 55 38  5  3  0  0 2026-09-26 15:15:10
13  1      0 100988  69076 2286156    0    0     0 34532 19949 93074 57 38  5  1  0  0 2026-09-26 15:15:11
15  0      0  91732  69076 2288556    0    0     0 27160 22087 91268 55 39  4  3  0  0 2026-09-26 15:15:12
33  1      0  84464  69076 2290444    0    0     0 29796 22640 97261 51 42  5  3  0  0 2026-09-26 15:15:13
16  0      0  84948  67980 2270832    0    0     4 26300 20364 92630 55 39  4  2  0  0 2026-09-26 15:15:14
51  1      0  82248  67980 2275472    0    0     0 31748 18962 97131 58 39  2  1  0  0 2026-09-26 15:15:15
 7  0      0  83396  67980 2278564    0    0     0 27832 19615 95439 56 41  2  1  0  0 2026-09-26 15:15:16
30  1      0  91068  67792 2256944    0    0     0 26692 19867 92123 56 42  2  1  0  0 2026-09-26 15:15:17
15  1      0  67492  67792 2261148    0    0     0 27352 20987 91121 61 37  2  0  0  0 2026-09-26 15:15:18
58  1      0  82800  67720 2253364    0    0     0 41580 20117 93524 56 39  3  2  0  0 2026-09-26 15:15:19
14  0      0  94360  67604 2234112    0    0     0 28168 21863 88430 58 36  5  2  0  0 2026-09-26 15:15:20
19  0      0  80316  67608 2237372    0    0     0 36680 21357 91355 56 37  5  2  0  0 2026-09-26 15:15:21
13  1      0  94716  67608 2213400    0    0   132 29068 19576 92263 60 38  2  1  0  0 2026-09-26 15:15:22
17  1      0  79516  67608 2216596    0    0     0 27396 18402 87384 61 37  2  1  0  0 2026-09-26 15:15:23
11  2      0  82444  67608 2219368    0    0     0 26184 20628 88481 58 37  4  2  0  0 2026-09-26 15:15:24
procs -----------memory---------- ---swap-- -----io---- -system-- -------cpu------- -----timestamp-----
 r  b   swpd   free   buff  cache   si   so    bi    bo   in   cs us sy id wa st gu                 UTC
22  0      0 100844  67608 2192008    0    0     0 30316 19877 87108 56 38  3  2  0  0 2026-09-26 15:15:25
 7  0      0  79120  67608 2195236    0    0     4 24912 19401 86842 58 38  4  1  0  0 2026-09-26 15:15:26
19  0      0  98792  67608 2170012    0    0     0 27568 21185 86449 59 35  4  2  0  0 2026-09-26 15:15:27
27  0      0 103884  67608 2172664    0    0     0 25768 21768 90094 55 37  6  2  0  0 2026-09-26 15:15:28
50  1      0  83324  67608 2175056    0    0     0 30592 19407 87437 58 37  3  2  0  0 2026-09-26 15:15:29
14  1      0  77780  67608 2177440    0    0     0 43588 18925 92167 57 39  3  2  0  0 2026-09-26 15:15:30
38  1      0  83532  67608 2151376    0    0     0 34772 20399 89670 57 38  4  2  0  0 2026-09-26 15:15:31
49  0      0  96124  67608 2126828    0    0     0 28280 21711 92668 56 37  4  2  0  0 2026-09-26 15:15:32
49  1      0  94688  67608 2129968    0    0     0 26860 21091 92054 57 39  3  1  0  0 2026-09-26 15:15:33
49  0      0  90948  67608 2132268    0    0     0 26696 20210 89179 58 40  2  1  0  0 2026-09-26 15:15:34
12  1      0  90004  67608 2134644    0    0     0 26472 20309 89055 59 36  4  1  0  0 2026-09-26 15:15:35
17  0      0  80428  67608 2136528    0    0     4 27676 20793 90917 58 37  3  2  0  0 2026-09-26 15:15:36
40  0      0  89628  67608 2109956    0    0     0 24800 20025 89915 59 38  3  1  0  0 2026-09-26 15:15:37
15  0      0 118012  67604 2083952    0    0     0 28124 20775 89122 55 38  4  3  0  0 2026-09-26 15:15:38
55  0      0 110272  67604 2086708    0    0     0 26428 19702 89800 57 37  4  2  0  0 2026-09-26 15:15:39
27  0      0  99092  67604 2087920    0    0     0 24300 19933 88216 60 34  4  2  0  0 2026-09-26 15:15:40
16  0      0  92552  67604 2089940    0    0     0 32432 20839 90553 60 35  4  2  0  0 2026-09-26 15:15:41
20  0      0  90308  67604 2091344    0    0     0 25600 19160 89683 62 36  2  1  0  0 2026-09-26 15:15:42
12  0      0 111128  67604 2065304    0    0     4 27560 18789 89298 59 37  3  1  0  0 2026-09-26 15:15:43
35  0      0  96972  67604 2067416    0    0     0 27268 22391 88594 59 36  3  2  0  0 2026-09-26 15:15:44
19  0      0  96468  67604 2069812    0    0     0 17716 17847 117690 59 39  2  0  0  0 2026-09-26 15:15:45
procs -----------memory---------- ---swap-- -----io---- -system-- -------cpu------- -----timestamp-----
 r  b   swpd   free   buff  cache   si   so    bi    bo   in   cs us sy id wa st gu                 UTC
10  0      0 100824  67604 2072304    0    0     0  3716 16818 112625 65 31  4  0  0  0 2026-09-26 15:15:46
13  0      0  97116  67604 2074584    0    0     0  3532 18179 113319 65 30  5  0  0  0 2026-09-26 15:15:47
34  0      0  94344  67604 2079572    0    0     0  2544 16900 114087 65 30  5  0  0  0 2026-09-26 15:15:48
