time=00:38:25.331 level=DEBUG source=/tmp/isucon14/bench/cmd/run.go:90 msg=target targetURL=https://isuride.xiv.isucon.net targetAddr=127.0.0.1:443 benchrun.GetTargetAddress()="" paymentURL=http://127.0.0.1:12346
time=00:38:25.331 level=INFO msg=負荷走行を開始します
time=00:38:28.070 level=DEBUG source=/tmp/isucon14/bench/benchmarker/scenario/scenario.go:315 msg=時間経過 tick=60
time=00:38:28.070 level=DEBUG source=/tmp/isucon14/bench/benchmarker/scenario/scenario.go:317 msg=eval reqs=4 score="[0 0 0 3 1]" criteria="[4 1 4 4]"
time=00:38:29.850 level=INFO msg=一定の売上が立ったためオーナーの椅子が増加します 名前=風座プロダクツ 増加数=1
time=00:38:29.854 level=INFO msg=一定の売上が立ったためオーナーの椅子が増加します 名前=GoEase 増加数=1
time=00:38:29.868 level=INFO msg=一定の売上が立ったためオーナーの椅子が増加します 名前=椅子のめぐりや 増加数=1
time=00:38:29.870 level=DEBUG source=/tmp/isucon14/bench/benchmarker/scenario/scenario.go:315 msg=時間経過 tick=120
time=00:38:29.870 level=DEBUG source=/tmp/isucon14/bench/benchmarker/scenario/scenario.go:317 msg=eval reqs=19 score="[0 0 0 11 8]" criteria="[19 8 19 19]"
time=00:38:29.875 level=INFO msg=一定の売上が立ったためオーナーの椅子が増加します 名前=おもてなしタクシー 増加数=1
time=00:38:31.655 level=INFO msg=一定の売上が立ったためオーナーの椅子が増加します 名前=GoEase 増加数=1
time=00:38:31.658 level=INFO msg=一定の売上が立ったためオーナーの椅子が増加します 名前=風座プロダクツ 増加数=1
time=00:38:31.662 level=INFO msg=一定の売上が立ったためオーナーの椅子が増加します 名前="Skyline Taxis" 増加数=1
time=00:38:31.670 level=DEBUG source=/tmp/isucon14/bench/benchmarker/scenario/scenario.go:315 msg=時間経過 tick=180
time=00:38:31.670 level=DEBUG source=/tmp/isucon14/bench/benchmarker/scenario/scenario.go:317 msg=eval reqs=30 score="[0 0 0 20 10]" criteria="[30 10 30 30]"
time=00:38:31.670 level=INFO msg=これまでに地域内の評判によって7人、既存ユーザーの招待経由で30人が新規登録しました
time=00:38:31.670 level=INFO msg=0.0%のライドは椅子がマッチされるまでの時間、66.7%のライドはマッチされた椅子が乗車地点までに掛かる時間、0.0%のライドは椅子の実移動時間に不満がありました
time=00:38:31.838 level=WARN msg="ユーザー登録に失敗しました (CODE=17): POST /api/app/usersへのリクエストに対して、期待されたHTTPステータスコードが確認できませんでした (expected:201, actual:500)"
time=00:38:33.469 level=INFO msg=一定の売上が立ったためオーナーの椅子が増加します 名前="Skyline Taxis" 増加数=2
time=00:38:33.470 level=DEBUG source=/tmp/isucon14/bench/benchmarker/scenario/scenario.go:315 msg=時間経過 tick=240
time=00:38:33.470 level=DEBUG source=/tmp/isucon14/bench/benchmarker/scenario/scenario.go:317 msg=eval reqs=48 score="[0 0 0 35 13]" criteria="[48 13 48 48]"
time=00:38:33.471 level=INFO msg=一定の売上が立ったためオーナーの椅子が増加します 名前=風座プロダクツ 増加数=1
time=00:38:33.471 level=INFO msg=一定の売上が立ったためオーナーの椅子が増加します 名前=椅子のめぐりや 増加数=1
time=00:38:33.473 level=INFO msg=一定の売上が立ったためオーナーの椅子が増加します 名前=おもてなしタクシー 増加数=2
time=00:38:33.478 level=INFO msg=一定の売上が立ったためオーナーの椅子が増加します 名前=GoEase 増加数=1
time=00:38:33.593 level=WARN msg="ユーザー登録に失敗しました (CODE=17): POST /api/app/usersへのリクエストに対して、期待されたHTTPステータスコードが確認できませんでした (expected:201, actual:500)"
time=00:38:35.266 level=INFO msg=一定の売上が立ったためオーナーの椅子が増加します 名前=椅子のめぐりや 増加数=1
time=00:38:35.269 level=INFO msg=一定の売上が立ったためオーナーの椅子が増加します 名前=おもてなしタクシー 増加数=1
time=00:38:35.271 level=DEBUG source=/tmp/isucon14/bench/benchmarker/scenario/scenario.go:315 msg=時間経過 tick=300
time=00:38:35.271 level=DEBUG source=/tmp/isucon14/bench/benchmarker/scenario/scenario.go:317 msg=eval reqs=60 score="[0 0 4 41 15]" criteria="[60 16 60 55]"
time=00:38:35.289 level=INFO msg=一定の売上が立ったためオーナーの椅子が増加します 名前=風座プロダクツ 増加数=1
time=00:38:35.313 level=INFO msg=一定の売上が立ったためオーナーの椅子が増加します 名前=GoEase 増加数=1
time=00:38:37.070 level=DEBUG source=/tmp/isucon14/bench/benchmarker/scenario/scenario.go:315 msg=時間経過 tick=360
time=00:38:37.070 level=DEBUG source=/tmp/isucon14/bench/benchmarker/scenario/scenario.go:317 msg=eval reqs=76 score="[0 4 11 44 17]" criteria="[75 21 72 58]"
time=00:38:37.070 level=INFO msg=これまでに地域内の評判によって19人、既存ユーザーの招待経由で58人が新規登録しました
time=00:38:37.070 level=INFO msg=これまでに低評価なライドによって1人が利用をやめました
time=00:38:37.070 level=INFO msg=1.3%のライドは椅子がマッチされるまでの時間、72.4%のライドはマッチされた椅子が乗車地点までに掛かる時間、14.5%のライドは椅子の実移動時間に不満がありました
time=00:38:37.087 level=INFO msg=一定の売上が立ったためオーナーの椅子が増加します 名前="Skyline Taxis" 増加数=1
time=00:38:37.094 level=INFO msg=一定の売上が立ったためオーナーの椅子が増加します 名前=GoEase 増加数=1
time=00:38:37.120 level=INFO msg=一定の売上が立ったためオーナーの椅子が増加します 名前=風座プロダクツ 増加数=2
time=00:38:37.122 level=INFO msg=一定の売上が立ったためオーナーの椅子が増加します 名前=椅子のめぐりや 増加数=2
time=00:38:37.142 level=INFO msg=一定の売上が立ったためオーナーの椅子が増加します 名前=おもてなしタクシー 増加数=2
time=00:38:38.870 level=DEBUG source=/tmp/isucon14/bench/benchmarker/scenario/scenario.go:315 msg=時間経過 tick=420
time=00:38:38.870 level=DEBUG source=/tmp/isucon14/bench/benchmarker/scenario/scenario.go:317 msg=eval reqs=89 score="[0 8 19 45 17]" criteria="[81 26 80 62]"
time=00:38:38.886 level=INFO msg=一定の売上が立ったためオーナーの椅子が増加します 名前=おもてなしタクシー 増加数=2
time=00:38:38.888 level=INFO msg=一定の売上が立ったためオーナーの椅子が増加します 名前="Skyline Taxis" 増加数=1
time=00:38:38.901 level=INFO msg=一定の売上が立ったためオーナーの椅子が増加します 名前=風座プロダクツ 増加数=1
time=00:38:40.671 level=DEBUG source=/tmp/isucon14/bench/benchmarker/scenario/scenario.go:315 msg=時間経過 tick=480
time=00:38:40.671 level=DEBUG source=/tmp/isucon14/bench/benchmarker/scenario/scenario.go:317 msg=eval reqs=105 score="[6 13 22 47 17]" criteria="[84 31 86 65]"
time=00:38:40.705 level=INFO msg=一定の売上が立ったためオーナーの椅子が増加します 名前="Skyline Taxis" 増加数=1
time=00:38:40.709 level=INFO msg=一定の売上が立ったためオーナーの椅子が増加します 名前=椅子のめぐりや 増加数=1
time=00:38:40.719 level=INFO msg=一定の売上が立ったためオーナーの椅子が増加します 名前=風座プロダクツ 増加数=2
time=00:38:40.720 level=INFO msg=一定の売上が立ったためオーナーの椅子が増加します 名前=GoEase 増加数=1
time=00:38:40.720 level=INFO msg=一定の売上が立ったためオーナーの椅子が増加します 名前=おもてなしタクシー 増加数=1
time=00:38:42.470 level=INFO msg=これまでに地域内の評判によって31人、既存ユーザーの招待経由で60人が新規登録しました
time=00:38:42.470 level=INFO msg=これまでに低評価なライドによって13人が利用をやめました
time=00:38:42.470 level=INFO msg=30.7%のライドは椅子がマッチされるまでの時間、67.7%のライドはマッチされた椅子が乗車地点までに掛かる時間、37.0%のライドは椅子の実移動時間に不満がありました
time=00:38:42.470 level=DEBUG source=/tmp/isucon14/bench/benchmarker/scenario/scenario.go:315 msg=時間経過 tick=540
time=00:38:42.470 level=DEBUG source=/tmp/isucon14/bench/benchmarker/scenario/scenario.go:317 msg=eval reqs=127 score="[14 19 29 48 17]" criteria="[88 41 92 68]"
time=00:38:42.498 level=INFO msg=一定の売上が立ったためオーナーの椅子が増加します 名前="Skyline Taxis" 増加数=1
time=00:38:42.522 level=INFO msg=一定の売上が立ったためオーナーの椅子が増加します 名前=椅子のめぐりや 増加数=2
time=00:38:42.525 level=INFO msg=一定の売上が立ったためオーナーの椅子が増加します 名前=風座プロダクツ 増加数=2
time=00:38:42.534 level=INFO msg=一定の売上が立ったためオーナーの椅子が増加します 名前=おもてなしタクシー 増加数=1
time=00:38:44.263 level=INFO msg=一定の売上が立ったためオーナーの椅子が増加します 名前=椅子のめぐりや 増加数=1
time=00:38:44.270 level=DEBUG source=/tmp/isucon14/bench/benchmarker/scenario/scenario.go:315 msg=時間経過 tick=600
time=00:38:44.270 level=DEBUG source=/tmp/isucon14/bench/benchmarker/scenario/scenario.go:317 msg=eval reqs=151 score="[26 22 36 50 17]" criteria="[88 51 102 71]"
time=00:38:44.302 level=INFO msg=一定の売上が立ったためオーナーの椅子が増加します 名前="Skyline Taxis" 増加数=2
time=00:38:44.302 level=INFO msg=一定の売上が立ったためオーナーの椅子が増加します 名前=GoEase 増加数=2
time=00:38:44.311 level=INFO msg=一定の売上が立ったためオーナーの椅子が増加します 名前=おもてなしタクシー 増加数=3
time=00:38:46.070 level=DEBUG source=/tmp/isucon14/bench/benchmarker/scenario/scenario.go:315 msg=時間経過 tick=660
time=00:38:46.070 level=DEBUG source=/tmp/isucon14/bench/benchmarker/scenario/scenario.go:317 msg=eval reqs=175 score="[32 26 45 54 18]" criteria="[97 65 111 77]"
time=00:38:46.112 level=INFO msg=一定の売上が立ったためオーナーの椅子が増加します 名前=おもてなしタクシー 増加数=2
time=00:38:46.113 level=INFO msg=一定の売上が立ったためオーナーの椅子が増加します 名前=椅子のめぐりや 増加数=1
time=00:38:46.121 level=INFO msg=一定の売上が立ったためオーナーの椅子が増加します 名前="Skyline Taxis" 増加数=1
time=00:38:46.121 level=INFO msg=一定の売上が立ったためオーナーの椅子が増加します 名前=GoEase 増加数=2
time=00:38:46.143 level=INFO msg=一定の売上が立ったためオーナーの椅子が増加します 名前=風座プロダクツ 増加数=1
time=00:38:47.870 level=INFO msg=これまでに地域内の評判によって43人、既存ユーザーの招待経由で75人が新規登録しました
time=00:38:47.870 level=INFO msg=これまでに低評価なライドによって30人が利用をやめました
time=00:38:47.870 level=INFO msg=42.3%のライドは椅子がマッチされるまでの時間、60.7%のライドはマッチされた椅子が乗車地点までに掛かる時間、49.5%のライドは椅子の実移動時間に不満がありました
time=00:38:47.870 level=DEBUG source=/tmp/isucon14/bench/benchmarker/scenario/scenario.go:315 msg=時間経過 tick=720
time=00:38:47.870 level=DEBUG source=/tmp/isucon14/bench/benchmarker/scenario/scenario.go:317 msg=eval reqs=201 score="[39 31 47 63 21]" criteria="[116 79 120 83]"
time=00:38:47.955 level=INFO msg=一定の売上が立ったためオーナーの椅子が増加します 名前=GoEase 増加数=1
time=00:38:47.956 level=INFO msg=一定の売上が立ったためオーナーの椅子が増加します 名前=椅子のめぐりや 増加数=2
time=00:38:47.974 level=INFO msg=一定の売上が立ったためオーナーの椅子が増加します 名前="Skyline Taxis" 増加数=2
time=00:38:48.003 level=INFO msg=一定の売上が立ったためオーナーの椅子が増加します 名前=おもてなしタクシー 増加数=2
time=00:38:48.013 level=INFO msg=一定の売上が立ったためオーナーの椅子が増加します 名前=風座プロダクツ 増加数=2
time=00:38:49.670 level=DEBUG source=/tmp/isucon14/bench/benchmarker/scenario/scenario.go:315 msg=時間経過 tick=780
time=00:38:49.670 level=DEBUG source=/tmp/isucon14/bench/benchmarker/scenario/scenario.go:317 msg=eval reqs=223 score="[40 36 54 71 22]" criteria="[137 94 127 87]"
time=00:38:49.798 level=INFO msg=一定の売上が立ったためオーナーの椅子が増加します 名前=GoEase 増加数=2
time=00:38:49.799 level=INFO msg=一定の売上が立ったためオーナーの椅子が増加します 名前=風座プロダクツ 増加数=1
time=00:38:49.900 level=INFO msg=一定の売上が立ったためオーナーの椅子が増加します 名前=おもてなしタクシー 増加数=2
time=00:38:49.907 level=INFO msg=一定の売上が立ったためオーナーの椅子が増加します 名前="Skyline Taxis" 増加数=1
time=00:38:51.470 level=DEBUG source=/tmp/isucon14/bench/benchmarker/scenario/scenario.go:315 msg=時間経過 tick=840
time=00:38:51.470 level=DEBUG source=/tmp/isucon14/bench/benchmarker/scenario/scenario.go:317 msg=eval reqs=250 score="[42 46 64 75 23]" criteria="[161 106 132 92]"
time=00:38:51.520 level=INFO msg=一定の売上が立ったためオーナーの椅子が増加します 名前=GoEase 増加数=1
time=00:38:51.556 level=INFO msg=一定の売上が立ったためオーナーの椅子が増加します 名前=風座プロダクツ 増加数=1
time=00:38:51.582 level=INFO msg=一定の売上が立ったためオーナーの椅子が増加します 名前="Skyline Taxis" 増加数=2
time=00:38:51.607 level=INFO msg=一定の売上が立ったためオーナーの椅子が増加します 名前=おもてなしタクシー 増加数=1
time=00:38:51.717 level=INFO msg=一定の売上が立ったためオーナーの椅子が増加します 名前=椅子のめぐりや 増加数=1
time=00:38:53.270 level=INFO msg=これまでに地域内の評判によって55人、既存ユーザーの招待経由で96人が新規登録しました
time=00:38:53.270 level=INFO msg=これまでに低評価なライドによって38人が利用をやめました
time=00:38:53.270 level=INFO msg=33.3%のライドは椅子がマッチされるまでの時間、55.9%のライドはマッチされた椅子が乗車地点までに掛かる時間、57.2%のライドは椅子の実移動時間に不満がありました
time=00:38:53.270 level=DEBUG source=/tmp/isucon14/bench/benchmarker/scenario/scenario.go:315 msg=時間経過 tick=900
time=00:38:53.270 level=DEBUG source=/tmp/isucon14/bench/benchmarker/scenario/scenario.go:317 msg=eval reqs=270 score="[42 52 73 80 23]" criteria="[180 119 137 94]"
time=00:38:53.304 level=INFO msg=一定の売上が立ったためオーナーの椅子が増加します 名前=おもてなしタクシー 増加数=1
time=00:38:53.438 level=INFO msg=一定の売上が立ったためオーナーの椅子が増加します 名前=GoEase 増加数=2
time=00:38:53.622 level=INFO msg=一定の売上が立ったためオーナーの椅子が増加します 名前=風座プロダクツ 増加数=1
time=00:38:55.071 level=DEBUG source=/tmp/isucon14/bench/benchmarker/scenario/scenario.go:315 msg=時間経過 tick=960
time=00:38:55.071 level=DEBUG source=/tmp/isucon14/bench/benchmarker/scenario/scenario.go:317 msg=eval reqs=294 score="[42 64 80 84 24]" criteria="[204 131 142 95]"
time=00:38:55.119 level=INFO msg=一定の売上が立ったためオーナーの椅子が増加します 名前="Skyline Taxis" 増加数=2
time=00:38:55.119 level=INFO msg=一定の売上が立ったためオーナーの椅子が増加します 名前=風座プロダクツ 増加数=1
time=00:38:55.199 level=INFO msg=一定の売上が立ったためオーナーの椅子が増加します 名前=椅子のめぐりや 増加数=2
time=00:38:55.221 level=INFO msg=一定の売上が立ったためオーナーの椅子が増加します 名前=おもてなしタクシー 増加数=1
time=00:38:56.870 level=DEBUG source=/tmp/isucon14/bench/benchmarker/scenario/scenario.go:315 msg=時間経過 tick=1020
time=00:38:56.870 level=DEBUG source=/tmp/isucon14/bench/benchmarker/scenario/scenario.go:317 msg=eval reqs=324 score="[42 80 94 84 24]" criteria="[234 144 142 96]"
time=00:38:56.941 level=INFO msg=一定の売上が立ったためオーナーの椅子が増加します 名前=風座プロダクツ 増加数=1
time=00:38:56.941 level=INFO msg=一定の売上が立ったためオーナーの椅子が増加します 名前="Skyline Taxis" 増加数=1
time=00:38:56.948 level=INFO msg=一定の売上が立ったためオーナーの椅子が増加します 名前=椅子のめぐりや 増加数=1
time=00:38:56.980 level=INFO msg=一定の売上が立ったためオーナーの椅子が増加します 名前=GoEase 増加数=2
time=00:38:57.043 level=INFO msg=一定の売上が立ったためオーナーの椅子が増加します 名前=おもてなしタクシー 増加数=2
time=00:38:58.670 level=INFO msg=これまでに地域内の評判によって67人、既存ユーザーの招待経由で102人が新規登録しました
time=00:38:58.670 level=INFO msg=これまでに低評価なライドによって53人が利用をやめました
time=00:38:58.670 level=INFO msg=26.0%のライドは椅子がマッチされるまでの時間、54.6%のライドはマッチされた椅子が乗車地点までに掛かる時間、65.5%のライドは椅子の実移動時間に不満がありました
time=00:38:58.670 level=DEBUG source=/tmp/isucon14/bench/benchmarker/scenario/scenario.go:315 msg=時間経過 tick=1080
time=00:38:58.670 level=DEBUG source=/tmp/isucon14/bench/benchmarker/scenario/scenario.go:317 msg=eval reqs=346 score="[42 89 106 85 24]" criteria="[256 157 142 97]"
time=00:38:58.784 level=INFO msg=一定の売上が立ったためオーナーの椅子が増加します 名前=椅子のめぐりや 増加数=1
time=00:38:58.827 level=INFO msg=一定の売上が立ったためオーナーの椅子が増加します 名前="Skyline Taxis" 増加数=1
time=00:38:58.828 level=INFO msg=一定の売上が立ったためオーナーの椅子が増加します 名前=おもてなしタクシー 増加数=1
time=00:38:58.831 level=INFO msg=一定の売上が立ったためオーナーの椅子が増加します 名前=風座プロダクツ 増加数=2
time=00:39:00.471 level=DEBUG source=/tmp/isucon14/bench/benchmarker/scenario/scenario.go:315 msg=時間経過 tick=1140
time=00:39:00.471 level=DEBUG source=/tmp/isucon14/bench/benchmarker/scenario/scenario.go:317 msg=eval reqs=369 score="[42 98 117 88 24]" criteria="[278 171 144 99]"
time=00:39:00.582 level=INFO msg=一定の売上が立ったためオーナーの椅子が増加します 名前=GoEase 増加数=2
time=00:39:00.616 level=INFO msg=一定の売上が立ったためオーナーの椅子が増加します 名前=風座プロダクツ 増加数=1
time=00:39:00.628 level=INFO msg=一定の売上が立ったためオーナーの椅子が増加します 名前=おもてなしタクシー 増加数=1
time=00:39:00.633 level=INFO msg=一定の売上が立ったためオーナーの椅子が増加します 名前="Skyline Taxis" 増加数=1
time=00:39:01.244 level=WARN msg="ユーザー登録に失敗しました (CODE=17): POST /api/app/usersへのリクエストに対して、期待されたHTTPステータスコードが確認できませんでした (expected:201, actual:500)"
time=00:39:02.271 level=DEBUG source=/tmp/isucon14/bench/benchmarker/scenario/scenario.go:315 msg=時間経過 tick=1200
time=00:39:02.271 level=DEBUG source=/tmp/isucon14/bench/benchmarker/scenario/scenario.go:317 msg=eval reqs=391 score="[43 110 124 90 24]" criteria="[299 180 144 101]"
time=00:39:02.372 level=INFO msg=一定の売上が立ったためオーナーの椅子が増加します 名前=風座プロダクツ 増加数=2
time=00:39:02.380 level=INFO msg=一定の売上が立ったためオーナーの椅子が増加します 名前=椅子のめぐりや 増加数=2
time=00:39:02.381 level=INFO msg=一定の売上が立ったためオーナーの椅子が増加します 名前="Skyline Taxis" 増加数=1
time=00:39:02.469 level=INFO msg=一定の売上が立ったためオーナーの椅子が増加します 名前=GoEase 増加数=1
time=00:39:02.564 level=INFO msg=一定の売上が立ったためオーナーの椅子が増加します 名前=おもてなしタクシー 増加数=2
time=00:39:04.070 level=DEBUG source=/tmp/isucon14/bench/benchmarker/scenario/scenario.go:315 msg=時間経過 tick=1260
time=00:39:04.070 level=DEBUG source=/tmp/isucon14/bench/benchmarker/scenario/scenario.go:317 msg=eval reqs=422 score="[43 124 140 91 24]" criteria="[330 197 145 101]"
time=00:39:04.070 level=INFO msg=これまでに地域内の評判によって79人、既存ユーザーの招待経由で106人が新規登録しました
time=00:39:04.070 level=INFO msg=これまでに低評価なライドによって65人が利用をやめました
time=00:39:04.070 level=INFO msg=21.8%のライドは椅子がマッチされるまでの時間、53.3%のライドはマッチされた椅子が乗車地点までに掛かる時間、70.9%のライドは椅子の実移動時間に不満がありました
time=00:39:04.191 level=INFO msg=一定の売上が立ったためオーナーの椅子が増加します 名前=おもてなしタクシー 増加数=2
time=00:39:04.210 level=INFO msg=一定の売上が立ったためオーナーの椅子が増加します 名前="Skyline Taxis" 増加数=3
time=00:39:04.211 level=INFO msg=一定の売上が立ったためオーナーの椅子が増加します 名前=GoEase 増加数=2
time=00:39:04.405 level=INFO msg=一定の売上が立ったためオーナーの椅子が増加します 名前=椅子のめぐりや 増加数=1
time=00:39:05.870 level=DEBUG source=/tmp/isucon14/bench/benchmarker/scenario/scenario.go:315 msg=時間経過 tick=1320
time=00:39:05.870 level=DEBUG source=/tmp/isucon14/bench/benchmarker/scenario/scenario.go:317 msg=eval reqs=443 score="[43 131 150 95 24]" criteria="[351 211 149 101]"
time=00:39:05.999 level=INFO msg=一定の売上が立ったためオーナーの椅子が増加します 名前=椅子のめぐりや 増加数=1
time=00:39:06.036 level=INFO msg=一定の売上が立ったためオーナーの椅子が増加します 名前=GoEase 増加数=1
time=00:39:06.040 level=INFO msg=一定の売上が立ったためオーナーの椅子が増加します 名前=おもてなしタクシー 増加数=1
time=00:39:06.273 level=INFO msg=一定の売上が立ったためオーナーの椅子が増加します 名前=風座プロダクツ 増加数=2
time=00:39:07.670 level=DEBUG source=/tmp/isucon14/bench/benchmarker/scenario/scenario.go:315 msg=時間経過 tick=1380
time=00:39:07.670 level=DEBUG source=/tmp/isucon14/bench/benchmarker/scenario/scenario.go:317 msg=eval reqs=472 score="[43 142 164 99 24]" criteria="[380 228 151 104]"
time=00:39:07.704 level=INFO msg=一定の売上が立ったためオーナーの椅子が増加します 名前=椅子のめぐりや 増加数=1
time=00:39:07.826 level=INFO msg=一定の売上が立ったためオーナーの椅子が増加します 名前=GoEase 増加数=1
time=00:39:07.966 level=INFO msg=一定の売上が立ったためオーナーの椅子が増加します 名前=風座プロダクツ 増加数=2
time=00:39:08.107 level=INFO msg=一定の売上が立ったためオーナーの椅子が増加します 名前=おもてなしタクシー 増加数=2
time=00:39:09.470 level=DEBUG source=/tmp/isucon14/bench/benchmarker/scenario/scenario.go:315 msg=時間経過 tick=1440
time=00:39:09.470 level=DEBUG source=/tmp/isucon14/bench/benchmarker/scenario/scenario.go:317 msg=eval reqs=502 score="[43 149 182 104 24]" criteria="[410 251 156 104]"
time=00:39:09.470 level=INFO msg=これまでに地域内の評判によって91人、既存ユーザーの招待経由で117人が新規登録しました
time=00:39:09.470 level=INFO msg=これまでに低評価なライドによって74人が利用をやめました
time=00:39:09.470 level=INFO msg=18.3%のライドは椅子がマッチされるまでの時間、50.0%のライドはマッチされた椅子が乗車地点までに掛かる時間、74.1%のライドは椅子の実移動時間に不満がありました
time=00:39:09.664 level=INFO msg=一定の売上が立ったためオーナーの椅子が増加します 名前=おもてなしタクシー 増加数=2
time=00:39:09.698 level=INFO msg=一定の売上が立ったためオーナーの椅子が増加します 名前=風座プロダクツ 増加数=2
time=00:39:09.740 level=INFO msg=一定の売上が立ったためオーナーの椅子が増加します 名前=椅子のめぐりや 増加数=1
time=00:39:09.769 level=INFO msg=一定の売上が立ったためオーナーの椅子が増加します 名前="Skyline Taxis" 増加数=2
time=00:39:09.773 level=INFO msg=一定の売上が立ったためオーナーの椅子が増加します 名前=GoEase 増加数=2
time=00:39:11.271 level=DEBUG source=/tmp/isucon14/bench/benchmarker/scenario/scenario.go:315 msg=時間経過 tick=1500
time=00:39:11.271 level=DEBUG source=/tmp/isucon14/bench/benchmarker/scenario/scenario.go:317 msg=eval reqs=535 score="[43 158 203 107 24]" criteria="[443 275 158 105]"
time=00:39:11.383 level=INFO msg=一定の売上が立ったためオーナーの椅子が増加します 名前=椅子のめぐりや 増加数=1
time=00:39:11.425 level=INFO msg=一定の売上が立ったためオーナーの椅子が増加します 名前="Skyline Taxis" 増加数=2
time=00:39:11.427 level=INFO msg=一定の売上が立ったためオーナーの椅子が増加します 名前=風座プロダクツ 増加数=1
time=00:39:11.449 level=INFO msg=一定の売上が立ったためオーナーの椅子が増加します 名前=おもてなしタクシー 増加数=1
time=00:39:11.498 level=INFO msg=一定の売上が立ったためオーナーの椅子が増加します 名前=GoEase 増加数=1
time=00:39:13.070 level=DEBUG source=/tmp/isucon14/bench/benchmarker/scenario/scenario.go:315 msg=時間経過 tick=1560
time=00:39:13.070 level=DEBUG source=/tmp/isucon14/bench/benchmarker/scenario/scenario.go:317 msg=eval reqs=565 score="[43 167 223 108 24]" criteria="[473 296 159 105]"
time=00:39:13.206 level=INFO msg=一定の売上が立ったためオーナーの椅子が増加します 名前=GoEase 増加数=2
time=00:39:13.230 level=INFO msg=一定の売上が立ったためオーナーの椅子が増加します 名前=椅子のめぐりや 増加数=2
time=00:39:13.369 level=INFO msg=一定の売上が立ったためオーナーの椅子が増加します 名前="Skyline Taxis" 増加数=1
time=00:39:13.374 level=INFO msg=一定の売上が立ったためオーナーの椅子が増加します 名前=おもてなしタクシー 増加数=1
time=00:39:13.446 level=INFO msg=一定の売上が立ったためオーナーの椅子が増加します 名前=風座プロダクツ 増加数=1
time=00:39:14.870 level=DEBUG source=/tmp/isucon14/bench/benchmarker/scenario/scenario.go:315 msg=時間経過 tick=1620
time=00:39:14.870 level=DEBUG source=/tmp/isucon14/bench/benchmarker/scenario/scenario.go:317 msg=eval reqs=596 score="[45 172 244 111 24]" criteria="[502 319 161 107]"
time=00:39:14.870 level=INFO msg=これまでに地域内の評判によって103人、既存ユーザーの招待経由で126人が新規登録しました
time=00:39:14.870 level=INFO msg=これまでに低評価なライドによって81人が利用をやめました
time=00:39:14.870 level=INFO msg=15.8%のライドは椅子がマッチされるまでの時間、46.5%のライドはマッチされた椅子が乗車地点までに掛かる時間、77.5%のライドは椅子の実移動時間に不満がありました
time=00:39:15.133 level=INFO msg=一定の売上が立ったためオーナーの椅子が増加します 名前=風座プロダクツ 増加数=1
time=00:39:15.133 level=INFO msg=一定の売上が立ったためオーナーの椅子が増加します 名前=GoEase 増加数=1
time=00:39:15.259 level=INFO msg=一定の売上が立ったためオーナーの椅子が増加します 名前="Skyline Taxis" 増加数=2
time=00:39:15.392 level=INFO msg=一定の売上が立ったためオーナーの椅子が増加します 名前=おもてなしタクシー 増加数=1
time=00:39:16.670 level=DEBUG source=/tmp/isucon14/bench/benchmarker/scenario/scenario.go:315 msg=時間経過 tick=1680
time=00:39:16.671 level=DEBUG source=/tmp/isucon14/bench/benchmarker/scenario/scenario.go:317 msg=eval reqs=631 score="[47 176 269 115 24]" criteria="[535 348 165 107]"
time=00:39:16.934 level=INFO msg=一定の売上が立ったためオーナーの椅子が増加します 名前=風座プロダクツ 増加数=2
time=00:39:17.004 level=INFO msg=一定の売上が立ったためオーナーの椅子が増加します 名前=GoEase 増加数=2
time=00:39:17.009 level=INFO msg=一定の売上が立ったためオーナーの椅子が増加します 名前="Skyline Taxis" 増加数=1
time=00:39:17.152 level=INFO msg=一定の売上が立ったためオーナーの椅子が増加します 名前=椅子のめぐりや 増加数=2
time=00:39:17.154 level=INFO msg=一定の売上が立ったためオーナーの椅子が増加します 名前=おもてなしタクシー 増加数=1
time=00:39:18.470 level=DEBUG source=/tmp/isucon14/bench/benchmarker/scenario/scenario.go:315 msg=時間経過 tick=1740
time=00:39:18.470 level=DEBUG source=/tmp/isucon14/bench/benchmarker/scenario/scenario.go:317 msg=eval reqs=662 score="[47 178 296 117 24]" criteria="[566 377 167 107]"
time=00:39:18.643 level=INFO msg=一定の売上が立ったためオーナーの椅子が増加します 名前=おもてなしタクシー 増加数=2
time=00:39:18.681 level=INFO msg=一定の売上が立ったためオーナーの椅子が増加します 名前="Skyline Taxis" 増加数=1
time=00:39:18.713 level=INFO msg=一定の売上が立ったためオーナーの椅子が増加します 名前=GoEase 増加数=2
time=00:39:18.853 level=INFO msg=一定の売上が立ったためオーナーの椅子が増加します 名前=風座プロダクツ 増加数=1
time=00:39:18.996 level=INFO msg=一定の売上が立ったためオーナーの椅子が増加します 名前=椅子のめぐりや 増加数=2
time=00:39:20.270 level=INFO msg=これまでに地域内の評判によって115人、既存ユーザーの招待経由で133人が新規登録しました
time=00:39:20.270 level=INFO msg=これまでに低評価なライドによって84人が利用をやめました
time=00:39:20.270 level=INFO msg=13.8%のライドは椅子がマッチされるまでの時間、41.3%のライドはマッチされた椅子が乗車地点までに掛かる時間、80.1%のライドは椅子の実移動時間に不満がありました
time=00:39:20.270 level=DEBUG source=/tmp/isucon14/bench/benchmarker/scenario/scenario.go:315 msg=時間経過 tick=1800
time=00:39:20.270 level=DEBUG source=/tmp/isucon14/bench/benchmarker/scenario/scenario.go:317 msg=eval reqs=697 score="[47 181 325 120 24]" criteria="[601 409 169 108]"
time=00:39:20.379 level=INFO msg=一定の売上が立ったためオーナーの椅子が増加します 名前=風座プロダクツ 増加数=2
time=00:39:20.381 level=INFO msg=一定の売上が立ったためオーナーの椅子が増加します 名前=おもてなしタクシー 増加数=2
time=00:39:20.551 level=INFO msg=一定の売上が立ったためオーナーの椅子が増加します 名前=椅子のめぐりや 増加数=1
time=00:39:20.732 level=INFO msg=一定の売上が立ったためオーナーの椅子が増加します 名前="Skyline Taxis" 増加数=1
time=00:39:20.797 level=INFO msg=一定の売上が立ったためオーナーの椅子が増加します 名前=GoEase 増加数=1
time=00:39:22.070 level=DEBUG source=/tmp/isucon14/bench/benchmarker/scenario/scenario.go:315 msg=時間経過 tick=1860
time=00:39:22.070 level=DEBUG source=/tmp/isucon14/bench/benchmarker/scenario/scenario.go:317 msg=eval reqs=728 score="[47 188 348 121 24]" criteria="[630 435 170 108]"
time=00:39:22.153 level=INFO msg=一定の売上が立ったためオーナーの椅子が増加します 名前=風座プロダクツ 増加数=1
time=00:39:22.420 level=INFO msg=一定の売上が立ったためオーナーの椅子が増加します 名前="Skyline Taxis" 増加数=2
time=00:39:22.517 level=INFO msg=一定の売上が立ったためオーナーの椅子が増加します 名前=おもてなしタクシー 増加数=1
time=00:39:22.531 level=INFO msg=一定の売上が立ったためオーナーの椅子が増加します 名前=GoEase 増加数=1
time=00:39:23.870 level=DEBUG source=/tmp/isucon14/bench/benchmarker/scenario/scenario.go:315 msg=時間経過 tick=1920
time=00:39:23.870 level=DEBUG source=/tmp/isucon14/bench/benchmarker/scenario/scenario.go:317 msg=eval reqs=760 score="[47 196 366 127 24]" criteria="[662 459 173 111]"
time=00:39:24.118 level=INFO msg=一定の売上が立ったためオーナーの椅子が増加します 名前=風座プロダクツ 増加数=1
time=00:39:24.244 level=INFO msg=一定の売上が立ったためオーナーの椅子が増加します 名前=椅子のめぐりや 増加数=1
time=00:39:24.253 level=INFO msg=一定の売上が立ったためオーナーの椅子が増加します 名前="Skyline Taxis" 増加数=1
time=00:39:24.292 level=INFO msg=一定の売上が立ったためオーナーの椅子が増加します 名前=おもてなしタクシー 増加数=1
time=00:39:24.392 level=INFO msg=一定の売上が立ったためオーナーの椅子が増加します 名前=GoEase 増加数=1
time=00:39:25.670 level=DEBUG source=/tmp/isucon14/bench/benchmarker/scenario/scenario.go:315 msg=時間経過 tick=1980
time=00:39:25.670 level=DEBUG source=/tmp/isucon14/bench/benchmarker/scenario/scenario.go:317 msg=eval reqs=789 score="[47 201 388 129 24]" criteria="[691 483 173 113]"
time=00:39:25.670 level=INFO msg=これまでに地域内の評判によって127人、既存ユーザーの招待経由で144人が新規登録しました
time=00:39:25.670 level=INFO msg=これまでに低評価なライドによって87人が利用をやめました
time=00:39:25.670 level=INFO msg=12.4%のライドは椅子がマッチされるまでの時間、38.8%のライドはマッチされた椅子が乗車地点までに掛かる時間、81.9%のライドは椅子の実移動時間に不満がありました
time=00:39:25.953 level=INFO msg=一定の売上が立ったためオーナーの椅子が増加します 名前=おもてなしタクシー 増加数=1
time=00:39:26.052 level=INFO msg=一定の売上が立ったためオーナーの椅子が増加します 名前=椅子のめぐりや 増加数=2
time=00:39:26.062 level=INFO msg=一定の売上が立ったためオーナーの椅子が増加します 名前=GoEase 増加数=1
time=00:39:26.267 level=INFO msg=一定の売上が立ったためオーナーの椅子が増加します 名前=風座プロダクツ 増加数=2
time=00:39:31.271 level=INFO msg=最終地域情報 名前=チェアタウン ユーザー登録数=155 アクティブユーザー数=104
time=00:39:31.271 level=INFO msg=最終地域情報 名前=コシカケシティ ユーザー登録数=132 アクティブユーザー数=96
time=00:39:31.271 level=INFO msg=最終オーナー情報 名前=椅子のめぐりや 売上=766600 椅子数=38
time=00:39:31.271 level=INFO msg=最終オーナー情報 名前="Skyline Taxis" 売上=875200 椅子数=41
time=00:39:31.271 level=INFO msg=最終オーナー情報 名前=おもてなしタクシー 売上=1168900 椅子数=50
time=00:39:31.271 level=INFO msg=最終オーナー情報 名前=風座プロダクツ 売上=1039400 椅子数=46
time=00:39:31.271 level=INFO msg=最終オーナー情報 名前=GoEase 売上=909000 椅子数=43
time=00:39:31.271 level=INFO msg=12.0%のライドは椅子がマッチされるまでの時間、37.7%のライドはマッチされた椅子が乗車地点までに掛かる時間、82.3%のライドは椅子の実移動時間に不満がありました
time=00:39:31.271 level=INFO msg=結果 pass=true スコア=57298 種別エラー数=map[17:3]
time=00:39:31.271 level=INFO msg=負荷走行が終了しました
