2026-09-26T15:38:25+00:00
COMMAND         %CPU   RSS
mysqld          16.8 1086244
nginx            1.0 17032
nginx            1.0 17024
systemd-journal  0.5 290732
fwupd            0.3 43268
rsyslogd         0.3  5240
jbd2/sda1-8      0.3     0
kworker/0:1H-kb  0.1     0
kworker/1:1H-kb  0.1     0
2026-09-26T15:38:27+00:00
COMMAND         %CPU   RSS
mysqld          16.8 1088260
bench            9.0 50712
nginx            1.0 17032
nginx            1.0 17024
isuride          0.8 15128
systemd-journal  0.5 291316
rsyslogd         0.3  5240
jbd2/sda1-8      0.3     0
fwupd            0.3 43268
2026-09-26T15:38:29+00:00
COMMAND         %CPU   RSS
mysqld          16.8 1089396
bench           15.4 72160
isuride          2.9 15704
nginx            1.0 17032
nginx            1.0 17024
systemd-journal  0.5 295896
rsyslogd         0.3  5240
jbd2/sda1-8      0.3     0
fwupd            0.2 43268
2026-09-26T15:38:31+00:00
COMMAND         %CPU   RSS
bench           19.4 105164
mysqld          16.8 1092356
isuride          5.2 16740
nginx            1.0 17032
nginx            1.0 17024
systemd-journal  0.5 298248
rsyslogd         0.3  5240
jbd2/sda1-8      0.3     0
fwupd            0.2 43268
2026-09-26T15:38:33+00:00
COMMAND         %CPU   RSS
bench           22.1 139144
mysqld          16.8 1094952
isuride          7.3 17472
nginx            1.0 17032
nginx            1.0 17024
systemd-journal  0.5 298660
rsyslogd         0.3  5240
jbd2/sda1-8      0.3     0
fwupd            0.2 43268
2026-09-26T15:38:35+00:00
COMMAND         %CPU   RSS
bench           23.2 156212
mysqld          16.8 1098276
isuride          9.3 18240
nginx            1.0 17032
nginx            1.0 17024
systemd-journal  0.5 298660
rsyslogd         0.3  5240
jbd2/sda1-8      0.3     0
fwupd            0.2 43268
2026-09-26T15:38:37+00:00
COMMAND         %CPU   RSS
bench           23.6 181804
mysqld          16.8 1100612
isuride         11.0 19880
nginx            1.0 17032
nginx            1.0 17024
systemd-journal  0.5 298660
rsyslogd         0.3  5240
jbd2/sda1-8      0.3     0
fwupd            0.2 43268
2026-09-26T15:38:39+00:00
COMMAND         %CPU   RSS
bench           23.7 192416
mysqld          16.8 1104704
isuride         12.5 21372
nginx            1.0 17032
nginx            1.0 17024
systemd-journal  0.5 298660
rsyslogd         0.3  5240
jbd2/sda1-8      0.3     0
fwupd            0.1 43268
2026-09-26T15:38:41+00:00
COMMAND         %CPU   RSS
bench           23.7 206440
mysqld          16.8 1109492
isuride         13.9 21572
nginx            1.0 17032
nginx            1.0 17024
systemd-journal  0.5 298660
rsyslogd         0.3  5240
jbd2/sda1-8      0.3     0
fwupd            0.1 43268
2026-09-26T15:38:43+00:00
COMMAND         %CPU   RSS
bench           23.8 216648
mysqld          16.8 1112956
isuride         15.1 21384
nginx            1.0 17032
nginx            1.0 17024
systemd-journal  0.5 298660
rsyslogd         0.3  5240
jbd2/sda1-8      0.3     0
fwupd            0.1 43268
2026-09-26T15:38:45+00:00
COMMAND         %CPU   RSS
bench           23.9 222396
mysqld          16.8 1116452
isuride         16.2 22940
curl            12.5 12324
nginx            1.0 17032
nginx            1.0 17024
systemd-journal  0.5 298660
rsyslogd         0.3  5240
jbd2/sda1-8      0.3     0
2026-09-26T15:38:47+00:00
COMMAND         %CPU   RSS
bench           24.0 235244
isuride         17.2 23232
mysqld          16.8 1119256
curl            11.1 12300
nginx            1.0 17032
nginx            1.0 17024
systemd-journal  0.5 298660
rsyslogd         0.3  5240
jbd2/sda1-8      0.3     0
2026-09-26T15:38:49+00:00
COMMAND         %CPU   RSS
bench           24.3 257012
isuride         18.0 25028
mysqld          16.9 1123404
nginx            1.0 17032
nginx            1.0 17024
systemd-journal  0.5 298660
rsyslogd         0.3  5240
jbd2/sda1-8      0.3     0
fwupd            0.1 43268
2026-09-26T15:38:51+00:00
COMMAND         %CPU   RSS
bench           24.3 284008
isuride         18.7 25104
mysqld          16.9 1126216
nginx            1.0 17032
nginx            1.0 17024
systemd-journal  0.5 299144
rsyslogd         0.3  5240
jbd2/sda1-8      0.3     0
fwupd            0.1 43268
2026-09-26T15:38:53+00:00
COMMAND         %CPU   RSS
bench           24.4 289928
isuride         19.3 28544
mysqld          16.9 1126424
curl            10.0 12316
nginx            1.0 17032
nginx            1.0 17024
systemd-journal  0.5 305096
rsyslogd         0.3  5240
jbd2/sda1-8      0.3     0
2026-09-26T15:38:55+00:00
COMMAND         %CPU   RSS
bench           24.4 310668
isuride         20.0 26560
mysqld          16.9 1128680
nginx            1.0 17032
nginx            1.0 17024
systemd-journal  0.5 307116
rsyslogd         0.3  5240
jbd2/sda1-8      0.3     0
fwupd            0.1 43268
2026-09-26T15:38:57+00:00
COMMAND         %CPU   RSS
bench           24.4 311352
isuride         20.5 28824
mysqld          16.9 1130252
curl             8.3 12324
nginx            1.0 17032
nginx            1.0 17024
systemd-journal  0.5 307116
rsyslogd         0.3  5240
jbd2/sda1-8      0.3     0
2026-09-26T15:38:59+00:00
COMMAND         %CPU   RSS
bench           24.4 338672
isuride         21.1 27476
mysqld          16.9 1131576
nginx            1.0 17032
nginx            1.0 17024
systemd-journal  0.5 307116
rsyslogd         0.3  5240
jbd2/sda1-8      0.3     0
fwupd            0.1 43268
2026-09-26T15:39:01+00:00
COMMAND         %CPU   RSS
bench           24.4 341560
isuride         21.6 31200
mysqld          16.9 1133728
curl             5.2 12324
nginx            1.0 17032
nginx            1.0 17024
systemd-journal  0.5 307116
rsyslogd         0.3  5240
jbd2/sda1-8      0.3     0
2026-09-26T15:39:03+00:00
COMMAND         %CPU   RSS
bench           24.4 354072
isuride         22.1 32040
mysqld          16.9 1136476
nginx            1.0 17032
nginx            1.0 17024
systemd-journal  0.5 307116
rsyslogd         0.3  5240
jbd2/sda1-8      0.3     0
kworker/0:1H-kb  0.1     0
2026-09-26T15:39:05+00:00
COMMAND         %CPU   RSS
bench           24.4 356376
isuride         22.5 32244
mysqld          16.9 1139684
curl             5.2 12324
nginx            1.0 17032
nginx            1.0 17024
systemd-journal  0.5 307116
rsyslogd         0.3  5240
jbd2/sda1-8      0.3     0
2026-09-26T15:39:07+00:00
COMMAND         %CPU   RSS
bench           24.5 372840
isuride         22.9 32580
mysqld          16.9 1139996
curl             1.7 12324
nginx            1.0 17032
nginx            1.0 17024
systemd-journal  0.5 307116
rsyslogd         0.3  5240
jbd2/sda1-8      0.3     0
2026-09-26T15:39:09+00:00
COMMAND         %CPU   RSS
bench           24.5 374964
isuride         23.3 33552
mysqld          16.9 1141920
nginx            1.0 17032
nginx            1.0 17024
systemd-journal  0.5 307116
rsyslogd         0.3  5240
jbd2/sda1-8      0.3     0
kworker/0:1H-kb  0.1     0
2026-09-26T15:39:11+00:00
COMMAND         %CPU   RSS
bench           24.7 399760
isuride         23.5 35132
mysqld          16.9 1142276
nginx            1.0 17032
nginx            1.0 17024
systemd-journal  0.5 307116
rsyslogd         0.3  5240
jbd2/sda1-8      0.3     0
kworker/0:1H-kb  0.1     0
2026-09-26T15:39:13+00:00
COMMAND         %CPU   RSS
bench           24.7 401428
isuride         23.9 35140
mysqld          16.9 1142292
nginx            1.0 17032
nginx            1.0 17024
systemd-journal  0.5 307116
rsyslogd         0.3  5240
jbd2/sda1-8      0.3     0
kworker/0:1H-kb  0.1     0
2026-09-26T15:39:15+00:00
COMMAND         %CPU   RSS
bench           24.8 428384
isuride         24.1 36876
mysqld          17.0 1144864
nginx            1.0 17032
nginx            1.0 17024
systemd-journal  0.5 307116
rsyslogd         0.3  5240
jbd2/sda1-8      0.3     0
kworker/0:1H-kb  0.1     0
2026-09-26T15:39:17+00:00
COMMAND         %CPU   RSS
bench           24.8 430248
isuride         24.4 35108
mysqld          17.0 1145908
nginx            1.0 17032
nginx            1.0 17024
systemd-journal  0.5 307116
rsyslogd         0.3  5240
jbd2/sda1-8      0.3     0
kworker/0:1H-kb  0.1     0
2026-09-26T15:39:19+00:00
COMMAND         %CPU   RSS
bench           24.8 443112
isuride         24.6 38100
mysqld          17.0 1146032
nginx            1.0 17032
nginx            1.0 17024
systemd-journal  0.5 307116
rsyslogd         0.3  5240
jbd2/sda1-8      0.3     0
kworker/0:1H-kb  0.1     0
2026-09-26T15:39:21+00:00
COMMAND         %CPU   RSS
bench           24.8 457404
isuride         24.8 38664
mysqld          17.0 1147528
curl             2.7 12316
nginx            1.0 17032
nginx            1.0 17024
systemd-journal  0.5 307592
rsyslogd         0.3  5240
jbd2/sda1-8      0.3     0
2026-09-26T15:39:23+00:00
COMMAND         %CPU   RSS
curl            25.0 12052
isuride         24.9 40388
bench           24.7 460688
mysqld          17.0 1147428
nginx            1.0 17032
nginx            1.0 17024
systemd-journal  0.5 165532
rsyslogd         0.3  5240
jbd2/sda1-8      0.3     0
2026-09-26T15:39:25+00:00
COMMAND         %CPU   RSS
isuride         25.1 40412
bench           24.8 485856
mysqld          17.0 1147492
nginx            1.0 17032
nginx            1.0 17024
systemd-journal  0.5 167492
rsyslogd         0.3  5240
jbd2/sda1-8      0.3     0
kworker/0:1H-kb  0.1     0
2026-09-26T15:39:27+00:00
COMMAND         %CPU   RSS
isuride         25.3 34660
bench           24.7 486468
mysqld          17.0 1147492
curl             2.9 12324
nginx            1.0 17032
nginx            1.0 17024
systemd-journal  0.5 168584
rsyslogd         0.3  5240
jbd2/sda1-8      0.3     0
2026-09-26T15:39:29+00:00
COMMAND         %CPU   RSS
isuride         25.6 33204
bench           24.6 486536
mysqld          17.0 1147492
nginx            1.0 17032
nginx            1.0 17024
systemd-journal  0.5 168584
rsyslogd         0.3  5240
jbd2/sda1-8      0.3     0
kworker/0:1H-kb  0.1     0
