procs -----------memory---------- ---swap-- -----io---- -system-- -------cpu------- -----timestamp-----
 r  b   swpd   free   buff  cache   si   so    bi    bo   in   cs us sy id wa st gu                 UTC
 2  0      0 506032  72996 2133012    0    0    82  3198 3153   59 12  5 83  0  0  0 2026-09-26 15:38:25
 6  0      0 492204  73000 2128724    0    0   212 60980 18079 38685 31 12 41 15  0  0 2026-09-26 15:38:26
 1  0      0 487032  73000 2129820    0    0     0 11736 20353 62083 21 14 62  2  0  0 2026-09-26 15:38:27
 8  0      0 478772  73000 2131300    0    0     0 16980 29477 95177 33 24 41  3  0  0 2026-09-26 15:38:28
17  0      0 472724  73000 2133224    0    0     0 23252 28264 109325 42 33 23  2  0  0 2026-09-26 15:38:29
14  1      0 450348  73000 2135732    0    0     0 35176 26109 112761 54 34 10  2  0  0 2026-09-26 15:38:30
12  0      0 428452  73000 2139168    0    0     0 39940 24888 112836 51 36 10  3  0  0 2026-09-26 15:38:31
10  0      0 409888  73000 2141408    0    0     0 26168 23744 107735 58 37  5  1  0  0 2026-09-26 15:38:32
11  1      0 381456  73000 2144128    0    0     0 29772 23613 108347 59 39  2  1  0  0 2026-09-26 15:38:33
20  0      0 364576  73000 2145924    0    0     0 28448 22773 100995 57 42  1  1  0  0 2026-09-26 15:38:34
16  1      0 358064  73000 2147432    0    0     0 28600 22343 104606 59 38  2  1  0  0 2026-09-26 15:38:35
28  1      0 335572  73000 2150528    0    0     0 28304 20707 95403 60 39  1  0  0  0 2026-09-26 15:38:36
18  1      0 323472  73000 2152680    0    0     0 27132 21584 99083 59 39  2  1  0  0 2026-09-26 15:38:37
37  0      0 307092  73000 2154988    0    0     4 26824 22307 101201 58 39  2  1  0  0 2026-09-26 15:38:38
 7  1      0 300656  73000 2157140    0    0     0 25036 20463 94551 62 37  2  0  0  0 2026-09-26 15:38:39
29  1      0 281504  73000 2159240    0    0     0 33572 20579 95277 59 39  1  1  0  0 2026-09-26 15:38:40
20  0      0 279288  73000 2161724    0    0     0 43768 19604 97256 63 35  2  1  0  0 2026-09-26 15:38:41
12  0      0 263704  73000 2164160    0    0     4 27076 20881 98320 60 38  2  1  0  0 2026-09-26 15:38:42
24  1      0 259984  73000 2166764    0    0     0 27924 20237 97576 64 35  1  0  0  0 2026-09-26 15:38:43
24  0      0 251404  73000 2169156    0    0     0 27524 20973 93966 62 37  1  1  0  0 2026-09-26 15:38:44
61  0      0 245356  73000 2172984    0    0     0 29996 21240 94096 60 40  1  0  0  0 2026-09-26 15:38:45
procs -----------memory---------- ---swap-- -----io---- -system-- -------cpu------- -----timestamp-----
 r  b   swpd   free   buff  cache   si   so    bi    bo   in   cs us sy id wa st gu                 UTC
 9  0      0 230772  73000 2176356    0    0     4 27628 19057 98782 61 38  1  0  0  0 2026-09-26 15:38:46
 3  1      0 219436  73000 2178152    0    0     0 27548 21035 89340 59 38  2  1  0  0 2026-09-26 15:38:47
61  0      0 202120  73000 2180280    0    0     0 28112 20256 94003 63 36  2  0  0  0 2026-09-26 15:38:48
11  0      0 185992  73000 2182312    0    0     0 26540 19914 91769 63 35  2  1  0  0 2026-09-26 15:38:49
40  0      0 182312  73000 2184716    0    0     0 34512 20264 94015 61 36  2  1  0  0 2026-09-26 15:38:50
54  1      0 157104  73000 2186644    0    0     0 33544 20446 90328 61 37  2  1  0  0 2026-09-26 15:38:51
26  1      0 146056  73000 2189164    0    0     0 28560 21683 91033 61 37  2  1  0  0 2026-09-26 15:38:52
20  0      0 139000  73004 2194372    0    0     4 29380 19542 88880 63 35  2  0  0  0 2026-09-26 15:38:53
14  0      0 125676  73004 2197772    0    0     0 29152 20345 90353 62 36  2  1  0  0 2026-09-26 15:38:54
59  0      0 111576  73004 2200432    0    0     0 27860 19298 89308 61 37  1  1  0  0 2026-09-26 15:38:55
16  1      0 102732  73004 2202668    0    0     0 46684 20989 91704 62 36  2  1  0  0 2026-09-26 15:38:56
39  0      0 100916  73004 2206204    0    0     4 29532 20100 94802 63 36  1  1  0  0 2026-09-26 15:38:57
41  1      0  96344  71900 2182584    0    0     8 26960 17463 89048 63 36  1  0  0  0 2026-09-26 15:38:58
62  0      0  93644  71900 2186332    0    0     0 27812 21814 94212 62 37  1  1  0  0 2026-09-26 15:38:59
22  1      0  76168  71900 2189192    0    0     0 26000 19732 92429 64 35  2  0  0  0 2026-09-26 15:39:00
23  0      0  81464  71900 2191896    0    0     0 42628 19906 91149 62 37  1  0  0  0 2026-09-26 15:39:01
19  0      0  86408  71768 2177544    0    0     0 25344 19292 85984 66 33  0  0  0  0 2026-09-26 15:39:02
25  0      0  72820  71768 2181128    0    0     4 26680 20006 98359 64 35  1  0  0  0 2026-09-26 15:39:03
68  0      0  84640  71728 2170484    0    0     4 27484 17174 88787 62 37  1  1  0  0 2026-09-26 15:39:04
19  0      0  77792  71728 2172820    0    0     0 26908 20408 94581 63 36  1  0  0  0 2026-09-26 15:39:05
61  0      0  79968  71728 2154516    0    0     0 27304 19225 93488 63 36  0  0  0  0 2026-09-26 15:39:06
procs -----------memory---------- ---swap-- -----io---- -system-- -------cpu------- -----timestamp-----
 r  b   swpd   free   buff  cache   si   so    bi    bo   in   cs us sy id wa st gu                 UTC
51  0      0  78636  71708 2145332    0    0     4 27752 20284 88573 63 36  1  1  0  0 2026-09-26 15:39:07
55  0      0  85156  71708 2147396    0    0     0 27220 19830 93752 62 37  1  0  0  0 2026-09-26 15:39:08
20  0      0  80508  71708 2140980    0    0     0 26212 19293 87702 66 34  0  0  0  0 2026-09-26 15:39:09
37  0      0  74044  71708 2132644    0    0     0 24800 18866 85197 64 35  0  0  0  0 2026-09-26 15:39:10
 5  1      0  82312  71708 2114580    0    0     4 37992 18558 83849 65 35  1  0  0  0 2026-09-26 15:39:11
36  1      0  77816  71708 2118432    0    0     0 28424 19663 91941 62 37  1  0  0  0 2026-09-26 15:39:12
36  0      0  76228  71708 2120936    0    0     0 24656 19289 86373 65 34  1  0  0  0 2026-09-26 15:39:13
16  0      0  72688  71708 2114340    0    0     0 25836 17706 88065 65 35  0  0  0  0 2026-09-26 15:39:14
18  1      0  79676  71708 2087492    0    0     8 27924 20473 86595 63 36  1  1  0  0 2026-09-26 15:39:15
20  1      0  77948  71708 2071696    0    0     8 24676 20175 89288 66 34  1  1  0  0 2026-09-26 15:39:16
27  0      0  76300  71708 2074324    0    0     4 25184 20056 90006 64 35  1  0  0  0 2026-09-26 15:39:17
47  0      0  71864  71708 2076684    0    0     0 24816 19454 84593 66 33  1  0  0  0 2026-09-26 15:39:18
36  1      0  75728  71708 2078900    0    0     4 25824 20700 91144 63 36  1  1  0  0 2026-09-26 15:39:19
33  1      0  95960  71708 2035972    0    0     0 24660 19386 85030 66 34  1  0  0  0 2026-09-26 15:39:20
43  0      0  88680  71708 2038996    0    0     0 30124 18648 86474 65 33  2  1  0  0 2026-09-26 15:39:21
16  2      0  84860  71708 2041920    0    0     0 32544 19265 82227 67 33  1  0  0  0 2026-09-26 15:39:22
17  0      0  75580  71744 2047516    0    0    40 37448 19209 79167 61 38  1  1  0  0 2026-09-26 15:39:23
22  0      0  71900  71744 2050736    0    0     0 27884 20620 84768 62 37  1  0  0  0 2026-09-26 15:39:24
36  0      0  85600  71744 2019788    0    0     0 27272 19787 80949 66 33  1  0  0  0 2026-09-26 15:39:25
13  0      0  77516  71744 2024080    0    0     0 27180 17145 85573 65 34  0  0  0  0 2026-09-26 15:39:26
33  0      0  73736  71744 2026984    0    0     0 18540 20123 96450 69 30  1  0  0  0 2026-09-26 15:39:27
procs -----------memory---------- ---swap-- -----io---- -system-- -------cpu------- -----timestamp-----
 r  b   swpd   free   buff  cache   si   so    bi    bo   in   cs us sy id wa st gu                 UTC
 8  0      0  72740  71744 2028648    0    0     0  6176 16948 102860 72 27  2  0  0  0 2026-09-26 15:39:28
10  0      0  72492  71744 2030420    0    0     0  3748 15289 98091 72 26  2  0  0  0 2026-09-26 15:39:29
17  0      0  90052  71744 2007532    0    0     0  3616 19202 97948 73 24  3  0  0  0 2026-09-26 15:39:30
