time=17:59:12.641 level=DEBUG source=/tmp/isucon14/bench/cmd/run.go:90 msg=target targetURL=https://isuride.xiv.isucon.net targetAddr=127.0.0.1:443 benchrun.GetTargetAddress()="" paymentURL=http://127.0.0.1:12346
time=17:59:12.641 level=INFO msg=負荷走行を開始します
time=17:59:15.479 level=DEBUG source=/tmp/isucon14/bench/benchmarker/scenario/scenario.go:315 msg=時間経過 tick=60
time=17:59:15.479 level=DEBUG source=/tmp/isucon14/bench/benchmarker/scenario/scenario.go:317 msg=eval reqs=6 score="[0 0 0 4 2]" criteria="[6 2 6 6]"
time=17:59:17.256 level=INFO msg=一定の売上が立ったためオーナーの椅子が増加します 名前=晴れ道タクシー 増加数=1
time=17:59:17.259 level=INFO msg=一定の売上が立ったためオーナーの椅子が増加します 名前=つばさ交通 増加数=1
time=17:59:17.265 level=INFO msg=一定の売上が立ったためオーナーの椅子が増加します 名前=椅子のめぐりや 増加数=1
time=17:59:17.266 level=INFO msg=一定の売上が立ったためオーナーの椅子が増加します 名前="Artisan Seats" 増加数=1
time=17:59:17.280 level=DEBUG source=/tmp/isucon14/bench/benchmarker/scenario/scenario.go:315 msg=時間経過 tick=120
time=17:59:17.280 level=DEBUG source=/tmp/isucon14/bench/benchmarker/scenario/scenario.go:317 msg=eval reqs=21 score="[0 0 0 15 6]" criteria="[21 6 21 21]"
time=17:59:17.392 level=WARN msg="ユーザー登録に失敗しました (CODE=17): POST /api/app/usersへのリクエストに対して、期待されたHTTPステータスコードが確認できませんでした (expected:201, actual:500)"
time=17:59:18.425 level=WARN msg="ユーザー登録に失敗しました (CODE=17): POST /api/app/usersへのリクエストに対して、期待されたHTTPステータスコードが確認できませんでした (expected:201, actual:500)"
time=17:59:19.064 level=INFO msg=一定の売上が立ったためオーナーの椅子が増加します 名前=快旅タクシー 増加数=1
time=17:59:19.072 level=INFO msg=一定の売上が立ったためオーナーの椅子が増加します 名前=つばさ交通 増加数=1
time=17:59:19.072 level=INFO msg=一定の売上が立ったためオーナーの椅子が増加します 名前="Artisan Seats" 増加数=1
time=17:59:19.073 level=INFO msg=一定の売上が立ったためオーナーの椅子が増加します 名前=椅子のめぐりや 増加数=2
time=17:59:19.078 level=DEBUG source=/tmp/isucon14/bench/benchmarker/scenario/scenario.go:315 msg=時間経過 tick=180
time=17:59:19.078 level=DEBUG source=/tmp/isucon14/bench/benchmarker/scenario/scenario.go:317 msg=eval reqs=34 score="[0 0 0 24 10]" criteria="[34 10 34 34]"
time=17:59:19.078 level=INFO msg=これまでに地域内の評判によって7人、既存ユーザーの招待経由で31人が新規登録しました
time=17:59:19.078 level=INFO msg=0.0%のライドは椅子がマッチされるまでの時間、70.6%のライドはマッチされた椅子が乗車地点までに掛かる時間、0.0%のライドは椅子の実移動時間に不満がありました
time=17:59:19.813 level=WARN msg="ユーザー登録に失敗しました (CODE=17): POST /api/app/usersへのリクエストに対して、期待されたHTTPステータスコードが確認できませんでした (expected:201, actual:500)"
time=17:59:20.866 level=INFO msg=一定の売上が立ったためオーナーの椅子が増加します 名前=晴れ道タクシー 増加数=2
time=17:59:20.879 level=INFO msg=一定の売上が立ったためオーナーの椅子が増加します 名前="Artisan Seats" 増加数=1
time=17:59:20.879 level=INFO msg=一定の売上が立ったためオーナーの椅子が増加します 名前=快旅タクシー 増加数=1
time=17:59:20.878 level=DEBUG source=/tmp/isucon14/bench/benchmarker/scenario/scenario.go:315 msg=時間経過 tick=240
time=17:59:20.878 level=DEBUG source=/tmp/isucon14/bench/benchmarker/scenario/scenario.go:317 msg=eval reqs=54 score="[0 0 0 42 12]" criteria="[54 12 54 54]"
time=17:59:20.879 level=INFO msg=一定の売上が立ったためオーナーの椅子が増加します 名前=つばさ交通 増加数=2
time=17:59:20.884 level=INFO msg=一定の売上が立ったためオーナーの椅子が増加します 名前=椅子のめぐりや 増加数=1
time=17:59:22.340 level=WARN msg="ユーザー登録に失敗しました (CODE=17): POST /api/app/usersへのリクエストに対して、期待されたHTTPステータスコードが確認できませんでした (expected:201, actual:500)"
time=17:59:22.676 level=INFO msg=一定の売上が立ったためオーナーの椅子が増加します 名前=つばさ交通 増加数=2
time=17:59:22.679 level=DEBUG source=/tmp/isucon14/bench/benchmarker/scenario/scenario.go:315 msg=時間経過 tick=300
time=17:59:22.679 level=DEBUG source=/tmp/isucon14/bench/benchmarker/scenario/scenario.go:317 msg=eval reqs=75 score="[0 0 1 54 20]" criteria="[75 21 75 73]"
time=17:59:22.691 level=INFO msg=一定の売上が立ったためオーナーの椅子が増加します 名前=快旅タクシー 増加数=1
time=17:59:22.695 level=INFO msg=一定の売上が立ったためオーナーの椅子が増加します 名前="Artisan Seats" 増加数=1
time=17:59:22.696 level=INFO msg=一定の売上が立ったためオーナーの椅子が増加します 名前=椅子のめぐりや 増加数=2
time=17:59:22.702 level=INFO msg=一定の売上が立ったためオーナーの椅子が増加します 名前=晴れ道タクシー 増加数=2
time=17:59:22.995 level=WARN msg="ユーザー登録に失敗しました (CODE=17): POST /api/app/usersへのリクエストに対して、期待されたHTTPステータスコードが確認できませんでした (expected:201, actual:500)"
time=17:59:23.838 level=WARN msg="ユーザー登録に失敗しました (CODE=17): POST /api/app/usersへのリクエストに対して、期待されたHTTPステータスコードが確認できませんでした (expected:201, actual:500)"
time=17:59:23.846 level=WARN msg="ユーザー登録に失敗しました (CODE=17): POST /api/app/usersへのリクエストに対して、期待されたHTTPステータスコードが確認できませんでした (expected:201, actual:500)"
time=17:59:24.479 level=INFO msg=これまでに地域内の評判によって19人、既存ユーザーの招待経由で81人が新規登録しました
time=17:59:24.479 level=INFO msg=0.0%のライドは椅子がマッチされるまでの時間、68.0%のライドはマッチされた椅子が乗車地点までに掛かる時間、7.5%のライドは椅子の実移動時間に不満がありました
time=17:59:24.479 level=DEBUG source=/tmp/isucon14/bench/benchmarker/scenario/scenario.go:315 msg=時間経過 tick=360
time=17:59:24.479 level=DEBUG source=/tmp/isucon14/bench/benchmarker/scenario/scenario.go:317 msg=eval reqs=100 score="[0 0 9 65 26]" criteria="[100 32 99 86]"
time=17:59:24.496 level=INFO msg=一定の売上が立ったためオーナーの椅子が増加します 名前=椅子のめぐりや 増加数=2
time=17:59:24.524 level=INFO msg=一定の売上が立ったためオーナーの椅子が増加します 名前=晴れ道タクシー 増加数=1
time=17:59:24.545 level=INFO msg=一定の売上が立ったためオーナーの椅子が増加します 名前="Artisan Seats" 増加数=2
time=17:59:24.545 level=INFO msg=一定の売上が立ったためオーナーの椅子が増加します 名前=快旅タクシー 増加数=2
time=17:59:24.546 level=INFO msg=一定の売上が立ったためオーナーの椅子が増加します 名前=つばさ交通 増加数=1
time=17:59:26.279 level=DEBUG source=/tmp/isucon14/bench/benchmarker/scenario/scenario.go:315 msg=時間経過 tick=420
time=17:59:26.279 level=DEBUG source=/tmp/isucon14/bench/benchmarker/scenario/scenario.go:317 msg=eval reqs=126 score="[0 4 21 74 27]" criteria="[123 39 120 94]"
time=17:59:26.297 level=INFO msg=一定の売上が立ったためオーナーの椅子が増加します 名前=つばさ交通 増加数=2
time=17:59:26.299 level=INFO msg=一定の売上が立ったためオーナーの椅子が増加します 名前="Artisan Seats" 増加数=2
time=17:59:26.317 level=INFO msg=一定の売上が立ったためオーナーの椅子が増加します 名前=椅子のめぐりや 増加数=2
time=17:59:26.318 level=INFO msg=一定の売上が立ったためオーナーの椅子が増加します 名前=快旅タクシー 増加数=2
time=17:59:26.322 level=INFO msg=一定の売上が立ったためオーナーの椅子が増加します 名前=晴れ道タクシー 増加数=2
time=17:59:28.078 level=DEBUG source=/tmp/isucon14/bench/benchmarker/scenario/scenario.go:315 msg=時間経過 tick=480
time=17:59:28.078 level=DEBUG source=/tmp/isucon14/bench/benchmarker/scenario/scenario.go:317 msg=eval reqs=162 score="[6 17 30 80 29]" criteria="[141 51 136 105]"
time=17:59:28.102 level=INFO msg=一定の売上が立ったためオーナーの椅子が増加します 名前="Artisan Seats" 増加数=1
time=17:59:28.102 level=INFO msg=一定の売上が立ったためオーナーの椅子が増加します 名前=つばさ交通 増加数=2
time=17:59:28.106 level=INFO msg=一定の売上が立ったためオーナーの椅子が増加します 名前=椅子のめぐりや 増加数=3
time=17:59:28.107 level=INFO msg=一定の売上が立ったためオーナーの椅子が増加します 名前=晴れ道タクシー 増加数=1
time=17:59:28.118 level=INFO msg=一定の売上が立ったためオーナーの椅子が増加します 名前=快旅タクシー 増加数=2
time=17:59:29.879 level=INFO msg=これまでに地域内の評判によって31人、既存ユーザーの招待経由で106人が新規登録しました
time=17:59:29.879 level=INFO msg=これまでに低評価なライドによって20人が利用をやめました
time=17:59:29.879 level=INFO msg=25.5%のライドは椅子がマッチされるまでの時間、65.3%のライドはマッチされた椅子が乗車地点までに掛かる時間、31.1%のライドは椅子の実移動時間に不満がありました
time=17:59:29.879 level=DEBUG source=/tmp/isucon14/bench/benchmarker/scenario/scenario.go:315 msg=時間経過 tick=540
time=17:59:29.879 level=DEBUG source=/tmp/isucon14/bench/benchmarker/scenario/scenario.go:317 msg=eval reqs=196 score="[13 27 40 87 29]" criteria="[146 68 156 114]"
time=17:59:29.933 level=INFO msg=一定の売上が立ったためオーナーの椅子が増加します 名前="Artisan Seats" 増加数=3
time=17:59:29.953 level=INFO msg=一定の売上が立ったためオーナーの椅子が増加します 名前=椅子のめぐりや 増加数=2
time=17:59:29.953 level=INFO msg=一定の売上が立ったためオーナーの椅子が増加します 名前=晴れ道タクシー 増加数=2
time=17:59:29.954 level=INFO msg=一定の売上が立ったためオーナーの椅子が増加します 名前=快旅タクシー 増加数=1
time=17:59:29.970 level=INFO msg=一定の売上が立ったためオーナーの椅子が増加します 名前=つばさ交通 増加数=3
time=17:59:31.679 level=DEBUG source=/tmp/isucon14/bench/benchmarker/scenario/scenario.go:315 msg=時間経過 tick=600
time=17:59:31.679 level=DEBUG source=/tmp/isucon14/bench/benchmarker/scenario/scenario.go:317 msg=eval reqs=226 score="[22 36 47 91 30]" criteria="[153 84 169 117]"
time=17:59:31.740 level=INFO msg=一定の売上が立ったためオーナーの椅子が増加します 名前=晴れ道タクシー 増加数=2
time=17:59:31.744 level=INFO msg=一定の売上が立ったためオーナーの椅子が増加します 名前=つばさ交通 増加数=1
time=17:59:31.820 level=INFO msg=一定の売上が立ったためオーナーの椅子が増加します 名前=快旅タクシー 増加数=2
time=17:59:31.848 level=INFO msg=一定の売上が立ったためオーナーの椅子が増加します 名前=椅子のめぐりや 増加数=2
time=17:59:32.295 level=WARN msg="取得した付近の椅子情報に不備があります (CODE=30): ID:01M3H1ECRC8P61HSEQ3BNCNHKHの椅子は既にライド中です"
time=17:59:33.463 level=INFO msg=一定の売上が立ったためオーナーの椅子が増加します 名前=晴れ道タクシー 増加数=2
time=17:59:33.478 level=DEBUG source=/tmp/isucon14/bench/benchmarker/scenario/scenario.go:315 msg=時間経過 tick=660
time=17:59:33.478 level=DEBUG source=/tmp/isucon14/bench/benchmarker/scenario/scenario.go:317 msg=eval reqs=261 score="[29 46 60 94 32]" criteria="[169 104 183 120]"
time=17:59:33.485 level=INFO msg=一定の売上が立ったためオーナーの椅子が増加します 名前=椅子のめぐりや 増加数=3
time=17:59:33.552 level=INFO msg=一定の売上が立ったためオーナーの椅子が増加します 名前="Artisan Seats" 増加数=3
time=17:59:33.579 level=INFO msg=一定の売上が立ったためオーナーの椅子が増加します 名前=快旅タクシー 増加数=1
time=17:59:33.579 level=INFO msg=一定の売上が立ったためオーナーの椅子が増加します 名前=つばさ交通 増加数=3
time=17:59:33.658 level=WARN msg="ユーザー登録に失敗しました (CODE=17): POST /api/app/usersへのリクエストに対して、期待されたHTTPステータスコードが確認できませんでした (expected:201, actual:500)"
time=17:59:35.278 level=DEBUG source=/tmp/isucon14/bench/benchmarker/scenario/scenario.go:315 msg=時間経過 tick=720
time=17:59:35.278 level=INFO msg=これまでに地域内の評判によって43人、既存ユーザーの招待経由で122人が新規登録しました
time=17:59:35.278 level=INFO msg=これまでに低評価なライドによって45人が利用をやめました
time=17:59:35.278 level=DEBUG source=/tmp/isucon14/bench/benchmarker/scenario/scenario.go:317 msg=eval reqs=306 score="[35 63 73 100 35]" criteria="[199 127 198 125]"
time=17:59:35.278 level=INFO msg=35.0%のライドは椅子がマッチされるまでの時間、58.5%のライドはマッチされた椅子が乗車地点までに掛かる時間、47.2%のライドは椅子の実移動時間に不満がありました
time=17:59:35.339 level=INFO msg=一定の売上が立ったためオーナーの椅子が増加します 名前=椅子のめぐりや 増加数=2
time=17:59:35.340 level=INFO msg=一定の売上が立ったためオーナーの椅子が増加します 名前=快旅タクシー 増加数=3
time=17:59:35.369 level=INFO msg=一定の売上が立ったためオーナーの椅子が増加します 名前="Artisan Seats" 増加数=3
time=17:59:35.370 level=INFO msg=一定の売上が立ったためオーナーの椅子が増加します 名前=つばさ交通 増加数=2
time=17:59:35.438 level=INFO msg=一定の売上が立ったためオーナーの椅子が増加します 名前=晴れ道タクシー 増加数=3
time=17:59:37.003 level=WARN msg="ユーザー登録に失敗しました (CODE=17): POST /api/app/usersへのリクエストに対して、期待されたHTTPステータスコードが確認できませんでした (expected:201, actual:500)"
time=17:59:37.078 level=DEBUG source=/tmp/isucon14/bench/benchmarker/scenario/scenario.go:315 msg=時間経過 tick=780
time=17:59:37.079 level=DEBUG source=/tmp/isucon14/bench/benchmarker/scenario/scenario.go:317 msg=eval reqs=345 score="[38 78 80 110 39]" criteria="[231 150 214 129]"
time=17:59:37.109 level=INFO msg=一定の売上が立ったためオーナーの椅子が増加します 名前=快旅タクシー 増加数=2
time=17:59:37.115 level=INFO msg=一定の売上が立ったためオーナーの椅子が増加します 名前=晴れ道タクシー 増加数=2
time=17:59:37.146 level=INFO msg=一定の売上が立ったためオーナーの椅子が増加します 名前=椅子のめぐりや 増加数=3
time=17:59:37.217 level=INFO msg=一定の売上が立ったためオーナーの椅子が増加します 名前=つばさ交通 増加数=3
time=17:59:37.294 level=WARN msg="ユーザー登録に失敗しました (CODE=17): POST /api/app/usersへのリクエストに対して、期待されたHTTPステータスコードが確認できませんでした (expected:201, actual:500)"
time=17:59:38.157 level=WARN msg="ユーザー登録に失敗しました (CODE=17): POST /api/app/usersへのリクエストに対して、期待されたHTTPステータスコードが確認できませんでした (expected:201, actual:500)"
time=17:59:38.878 level=DEBUG source=/tmp/isucon14/bench/benchmarker/scenario/scenario.go:315 msg=時間経過 tick=840
time=17:59:38.878 level=DEBUG source=/tmp/isucon14/bench/benchmarker/scenario/scenario.go:317 msg=eval reqs=395 score="[39 102 90 123 41]" criteria="[280 174 229 132]"
time=17:59:38.940 level=INFO msg=一定の売上が立ったためオーナーの椅子が増加します 名前="Artisan Seats" 増加数=3
time=17:59:38.946 level=INFO msg=一定の売上が立ったためオーナーの椅子が増加します 名前=晴れ道タクシー 増加数=3
time=17:59:38.976 level=INFO msg=一定の売上が立ったためオーナーの椅子が増加します 名前=快旅タクシー 増加数=2
time=17:59:39.009 level=INFO msg=一定の売上が立ったためオーナーの椅子が増加します 名前=つばさ交通 増加数=2
time=17:59:39.055 level=INFO msg=一定の売上が立ったためオーナーの椅子が増加します 名前=椅子のめぐりや 増加数=2
time=17:59:40.679 level=DEBUG source=/tmp/isucon14/bench/benchmarker/scenario/scenario.go:315 msg=時間経過 tick=900
time=17:59:40.679 level=DEBUG source=/tmp/isucon14/bench/benchmarker/scenario/scenario.go:317 msg=eval reqs=435 score="[39 112 110 132 42]" criteria="[320 202 238 136]"
time=17:59:40.679 level=INFO msg=これまでに地域内の評判によって55人、既存ユーザーの招待経由で156人が新規登録しました
time=17:59:40.679 level=INFO msg=これまでに低評価なライドによって61人が利用をやめました
time=17:59:40.679 level=INFO msg=26.4%のライドは椅子がマッチされるまでの時間、53.6%のライドはマッチされた椅子が乗車地点までに掛かる時間、57.0%のライドは椅子の実移動時間に不満がありました
time=17:59:40.728 level=INFO msg=一定の売上が立ったためオーナーの椅子が増加します 名前=つばさ交通 増加数=2
time=17:59:40.757 level=INFO msg=一定の売上が立ったためオーナーの椅子が増加します 名前="Artisan Seats" 増加数=1
time=17:59:40.760 level=INFO msg=一定の売上が立ったためオーナーの椅子が増加します 名前=晴れ道タクシー 増加数=3
time=17:59:40.830 level=INFO msg=一定の売上が立ったためオーナーの椅子が増加します 名前=快旅タクシー 増加数=2
time=17:59:40.914 level=INFO msg=一定の売上が立ったためオーナーの椅子が増加します 名前=椅子のめぐりや 増加数=3
time=17:59:42.478 level=DEBUG source=/tmp/isucon14/bench/benchmarker/scenario/scenario.go:315 msg=時間経過 tick=960
time=17:59:42.478 level=DEBUG source=/tmp/isucon14/bench/benchmarker/scenario/scenario.go:317 msg=eval reqs=477 score="[40 126 130 138 43]" criteria="[361 229 245 137]"
time=17:59:42.605 level=INFO msg=一定の売上が立ったためオーナーの椅子が増加します 名前=椅子のめぐりや 増加数=2
time=17:59:42.635 level=INFO msg=一定の売上が立ったためオーナーの椅子が増加します 名前=快旅タクシー 増加数=2
time=17:59:42.726 level=INFO msg=一定の売上が立ったためオーナーの椅子が増加します 名前=晴れ道タクシー 増加数=1
time=17:59:42.830 level=INFO msg=一定の売上が立ったためオーナーの椅子が増加します 名前="Artisan Seats" 増加数=3
time=17:59:42.842 level=INFO msg=一定の売上が立ったためオーナーの椅子が増加します 名前=つばさ交通 増加数=1
time=17:59:43.151 level=WARN msg="ユーザー登録に失敗しました (CODE=17): POST /api/app/usersへのリクエストに対して、期待されたHTTPステータスコードが確認できませんでした (expected:201, actual:500)"
time=17:59:44.279 level=DEBUG source=/tmp/isucon14/bench/benchmarker/scenario/scenario.go:315 msg=時間経過 tick=1020
time=17:59:44.279 level=DEBUG source=/tmp/isucon14/bench/benchmarker/scenario/scenario.go:317 msg=eval reqs=526 score="[40 146 153 144 43]" criteria="[410 257 249 140]"
time=17:59:44.395 level=INFO msg=一定の売上が立ったためオーナーの椅子が増加します 名前="Artisan Seats" 増加数=2
time=17:59:44.409 level=INFO msg=一定の売上が立ったためオーナーの椅子が増加します 名前=つばさ交通 増加数=2
time=17:59:44.420 level=INFO msg=一定の売上が立ったためオーナーの椅子が増加します 名前=椅子のめぐりや 増加数=2
time=17:59:44.462 level=INFO msg=一定の売上が立ったためオーナーの椅子が増加します 名前=快旅タクシー 増加数=2
time=17:59:44.465 level=INFO msg=一定の売上が立ったためオーナーの椅子が増加します 名前=晴れ道タクシー 増加数=2
time=17:59:44.572 level=WARN msg="ユーザー登録に失敗しました (CODE=17): POST /api/app/usersへのリクエストに対して、期待されたHTTPステータスコードが確認できませんでした (expected:201, actual:500)"
time=17:59:46.078 level=DEBUG source=/tmp/isucon14/bench/benchmarker/scenario/scenario.go:315 msg=時間経過 tick=1080
time=17:59:46.078 level=DEBUG source=/tmp/isucon14/bench/benchmarker/scenario/scenario.go:317 msg=eval reqs=573 score="[40 164 177 149 43]" criteria="[457 286 253 141]"
time=17:59:46.079 level=INFO msg=これまでに地域内の評判によって67人、既存ユーザーの招待経由で171人が新規登録しました
time=17:59:46.079 level=INFO msg=これまでに低評価なライドによって76人が利用をやめました
time=17:59:46.079 level=INFO msg=20.2%のライドは椅子がマッチされるまでの時間、50.1%のライドはマッチされた椅子が乗車地点までに掛かる時間、65.6%のライドは椅子の実移動時間に不満がありました
time=17:59:46.184 level=INFO msg=一定の売上が立ったためオーナーの椅子が増加します 名前=つばさ交通 増加数=2
time=17:59:46.189 level=INFO msg=一定の売上が立ったためオーナーの椅子が増加します 名前=晴れ道タクシー 増加数=3
time=17:59:46.203 level=INFO msg=一定の売上が立ったためオーナーの椅子が増加します 名前=椅子のめぐりや 増加数=2
time=17:59:46.402 level=INFO msg=一定の売上が立ったためオーナーの椅子が増加します 名前="Artisan Seats" 増加数=2
time=17:59:46.408 level=INFO msg=一定の売上が立ったためオーナーの椅子が増加します 名前=快旅タクシー 増加数=3
time=17:59:47.878 level=DEBUG source=/tmp/isucon14/bench/benchmarker/scenario/scenario.go:315 msg=時間経過 tick=1140
time=17:59:47.879 level=DEBUG source=/tmp/isucon14/bench/benchmarker/scenario/scenario.go:317 msg=eval reqs=629 score="[40 174 208 163 44]" criteria="[513 332 260 150]"
time=17:59:47.923 level=INFO msg=一定の売上が立ったためオーナーの椅子が増加します 名前="Artisan Seats" 増加数=1
time=17:59:48.055 level=INFO msg=一定の売上が立ったためオーナーの椅子が増加します 名前=椅子のめぐりや 増加数=2
time=17:59:48.080 level=INFO msg=一定の売上が立ったためオーナーの椅子が増加します 名前=快旅タクシー 増加数=2
time=17:59:48.123 level=INFO msg=一定の売上が立ったためオーナーの椅子が増加します 名前=晴れ道タクシー 増加数=1
time=17:59:48.162 level=INFO msg=一定の売上が立ったためオーナーの椅子が増加します 名前=つばさ交通 増加数=3
time=17:59:49.622 level=WARN msg="ユーザー登録に失敗しました (CODE=17): POST /api/app/usersへのリクエストに対して、期待されたHTTPステータスコードが確認できませんでした (expected:201, actual:500)"
time=17:59:49.678 level=DEBUG source=/tmp/isucon14/bench/benchmarker/scenario/scenario.go:315 msg=時間経過 tick=1200
time=17:59:49.678 level=DEBUG source=/tmp/isucon14/bench/benchmarker/scenario/scenario.go:317 msg=eval reqs=672 score="[40 180 237 171 44]" criteria="[556 369 266 152]"
time=17:59:49.839 level=INFO msg=一定の売上が立ったためオーナーの椅子が増加します 名前="Artisan Seats" 増加数=2
time=17:59:49.862 level=INFO msg=一定の売上が立ったためオーナーの椅子が増加します 名前=つばさ交通 増加数=3
time=17:59:49.994 level=INFO msg=一定の売上が立ったためオーナーの椅子が増加します 名前=椅子のめぐりや 増加数=2
time=17:59:50.142 level=INFO msg=一定の売上が立ったためオーナーの椅子が増加します 名前=快旅タクシー 増加数=2
time=17:59:50.153 level=INFO msg=一定の売上が立ったためオーナーの椅子が増加します 名前=晴れ道タクシー 増加数=2
time=17:59:51.478 level=DEBUG source=/tmp/isucon14/bench/benchmarker/scenario/scenario.go:315 msg=時間経過 tick=1260
time=17:59:51.478 level=DEBUG source=/tmp/isucon14/bench/benchmarker/scenario/scenario.go:317 msg=eval reqs=722 score="[40 193 266 179 44]" criteria="[606 405 272 155]"
time=17:59:51.478 level=INFO msg=これまでに地域内の評判によって79人、既存ユーザーの招待経由で196人が新規登録しました
time=17:59:51.478 level=INFO msg=これまでに低評価なライドによって81人が利用をやめました
time=17:59:51.478 level=INFO msg=16.1%のライドは椅子がマッチされるまでの時間、43.9%のライドはマッチされた椅子が乗車地点までに掛かる時間、70.4%のライドは椅子の実移動時間に不満がありました
time=17:59:51.551 level=INFO msg=一定の売上が立ったためオーナーの椅子が増加します 名前=快旅タクシー 増加数=1
time=17:59:51.663 level=INFO msg=一定の売上が立ったためオーナーの椅子が増加します 名前=つばさ交通 増加数=1
time=17:59:51.664 level=INFO msg=一定の売上が立ったためオーナーの椅子が増加します 名前="Artisan Seats" 増加数=1
time=17:59:51.691 level=INFO msg=一定の売上が立ったためオーナーの椅子が増加します 名前=晴れ道タクシー 増加数=2
time=17:59:51.998 level=INFO msg=一定の売上が立ったためオーナーの椅子が増加します 名前=椅子のめぐりや 増加数=3
time=17:59:53.278 level=DEBUG source=/tmp/isucon14/bench/benchmarker/scenario/scenario.go:315 msg=時間経過 tick=1320
time=17:59:53.279 level=DEBUG source=/tmp/isucon14/bench/benchmarker/scenario/scenario.go:317 msg=eval reqs=768 score="[40 200 297 187 44]" criteria="[652 444 277 158]"
time=17:59:53.365 level=INFO msg=一定の売上が立ったためオーナーの椅子が増加します 名前=晴れ道タクシー 増加数=3
time=17:59:53.398 level=INFO msg=一定の売上が立ったためオーナーの椅子が増加します 名前="Artisan Seats" 増加数=1
time=17:59:53.400 level=INFO msg=一定の売上が立ったためオーナーの椅子が増加します 名前=つばさ交通 増加数=1
time=17:59:53.444 level=INFO msg=一定の売上が立ったためオーナーの椅子が増加します 名前=椅子のめぐりや 増加数=2
time=17:59:53.515 level=INFO msg=一定の売上が立ったためオーナーの椅子が増加します 名前=快旅タクシー 増加数=2
time=17:59:55.078 level=DEBUG source=/tmp/isucon14/bench/benchmarker/scenario/scenario.go:315 msg=時間経過 tick=1380
time=17:59:55.078 level=DEBUG source=/tmp/isucon14/bench/benchmarker/scenario/scenario.go:317 msg=eval reqs=813 score="[40 206 331 192 44]" criteria="[697 483 280 160]"
time=17:59:55.172 level=INFO msg=一定の売上が立ったためオーナーの椅子が増加します 名前="Artisan Seats" 増加数=2
time=17:59:55.255 level=INFO msg=一定の売上が立ったためオーナーの椅子が増加します 名前=椅子のめぐりや 増加数=2
time=17:59:55.357 level=INFO msg=一定の売上が立ったためオーナーの椅子が増加します 名前=快旅タクシー 増加数=2
time=17:59:55.703 level=INFO msg=一定の売上が立ったためオーナーの椅子が増加します 名前=つばさ交通 増加数=2
time=17:59:56.879 level=DEBUG source=/tmp/isucon14/bench/benchmarker/scenario/scenario.go:315 msg=時間経過 tick=1440
time=17:59:56.879 level=DEBUG source=/tmp/isucon14/bench/benchmarker/scenario/scenario.go:317 msg=eval reqs=864 score="[40 218 367 194 45]" criteria="[748 522 283 161]"
time=17:59:56.879 level=INFO msg=これまでに地域内の評判によって91人、既存ユーザーの招待経由で209人が新規登録しました
time=17:59:56.880 level=INFO msg=これまでに低評価なライドによって86人が利用をやめました
time=17:59:56.880 level=INFO msg=13.4%のライドは椅子がマッチされるまでの時間、39.6%のライドはマッチされた椅子が乗車地点までに掛かる時間、74.3%のライドは椅子の実移動時間に不満がありました
time=17:59:57.041 level=INFO msg=一定の売上が立ったためオーナーの椅子が増加します 名前=晴れ道タクシー 増加数=3
time=17:59:57.075 level=INFO msg=一定の売上が立ったためオーナーの椅子が増加します 名前=つばさ交通 増加数=2
time=17:59:57.151 level=INFO msg=一定の売上が立ったためオーナーの椅子が増加します 名前="Artisan Seats" 増加数=1
time=17:59:57.203 level=INFO msg=一定の売上が立ったためオーナーの椅子が増加します 名前=椅子のめぐりや 増加数=1
time=17:59:57.204 level=INFO msg=一定の売上が立ったためオーナーの椅子が増加します 名前=快旅タクシー 増加数=1
time=17:59:58.680 level=DEBUG source=/tmp/isucon14/bench/benchmarker/scenario/scenario.go:315 msg=時間経過 tick=1500
time=17:59:58.680 level=DEBUG source=/tmp/isucon14/bench/benchmarker/scenario/scenario.go:317 msg=eval reqs=915 score="[40 224 407 199 45]" criteria="[799 567 286 163]"
time=17:59:58.824 level=INFO msg=一定の売上が立ったためオーナーの椅子が増加します 名前="Artisan Seats" 増加数=3
time=17:59:58.882 level=INFO msg=一定の売上が立ったためオーナーの椅子が増加します 名前=つばさ交通 増加数=2
time=17:59:59.178 level=INFO msg=一定の売上が立ったためオーナーの椅子が増加します 名前=椅子のめぐりや 増加数=1
time=17:59:59.194 level=INFO msg=一定の売上が立ったためオーナーの椅子が増加します 名前=晴れ道タクシー 増加数=1
time=17:59:59.368 level=INFO msg=一定の売上が立ったためオーナーの椅子が増加します 名前=快旅タクシー 増加数=2
time=18:00:00.478 level=DEBUG source=/tmp/isucon14/bench/benchmarker/scenario/scenario.go:315 msg=時間経過 tick=1560
time=18:00:00.478 level=DEBUG source=/tmp/isucon14/bench/benchmarker/scenario/scenario.go:317 msg=eval reqs=959 score="[40 229 444 201 45]" criteria="[843 606 288 163]"
time=18:00:00.718 level=INFO msg=一定の売上が立ったためオーナーの椅子が増加します 名前="Artisan Seats" 増加数=2
time=18:00:00.743 level=INFO msg=一定の売上が立ったためオーナーの椅子が増加します 名前=晴れ道タクシー 増加数=2
time=18:00:00.770 level=INFO msg=一定の売上が立ったためオーナーの椅子が増加します 名前=椅子のめぐりや 増加数=2
time=18:00:00.862 level=INFO msg=一定の売上が立ったためオーナーの椅子が増加します 名前=つばさ交通 増加数=1
time=18:00:02.278 level=DEBUG source=/tmp/isucon14/bench/benchmarker/scenario/scenario.go:315 msg=時間経過 tick=1620
time=18:00:02.278 level=DEBUG source=/tmp/isucon14/bench/benchmarker/scenario/scenario.go:317 msg=eval reqs=1010 score="[40 234 489 202 45]" criteria="[894 652 288 164]"
time=18:00:02.278 level=INFO msg=これまでに地域内の評判によって103人、既存ユーザーの招待経由で218人が新規登録しました
time=18:00:02.278 level=INFO msg=これまでに低評価なライドによって92人が利用をやめました
time=18:00:02.278 level=INFO msg=11.5%のライドは椅子がマッチされるまでの時間、35.4%のライドはマッチされた椅子が乗車地点までに掛かる時間、77.6%のライドは椅子の実移動時間に不満がありました
time=18:00:02.325 level=WARN msg="取得したオーナーの売り上げ情報が想定しているものと異なります (CODE=24): salesが大きいデータがあります (id: 01M3H1E7DT9N7DV3HTAHZ2DXSF, got: 63800)"
time=18:00:02.365 level=INFO msg=一定の売上が立ったためオーナーの椅子が増加します 名前=快旅タクシー 増加数=2
time=18:00:02.602 level=INFO msg=一定の売上が立ったためオーナーの椅子が増加します 名前=つばさ交通 増加数=2
time=18:00:02.741 level=INFO msg=一定の売上が立ったためオーナーの椅子が増加します 名前=晴れ道タクシー 増加数=1
time=18:00:02.772 level=INFO msg=一定の売上が立ったためオーナーの椅子が増加します 名前=椅子のめぐりや 増加数=2
time=18:00:04.078 level=DEBUG source=/tmp/isucon14/bench/benchmarker/scenario/scenario.go:315 msg=時間経過 tick=1680
time=18:00:04.078 level=DEBUG source=/tmp/isucon14/bench/benchmarker/scenario/scenario.go:317 msg=eval reqs=1063 score="[40 238 533 207 45]" criteria="[946 701 290 168]"
time=18:00:04.316 level=INFO msg=一定の売上が立ったためオーナーの椅子が増加します 名前="Artisan Seats" 増加数=2
time=18:00:04.370 level=INFO msg=一定の売上が立ったためオーナーの椅子が増加します 名前=晴れ道タクシー 増加数=2
time=18:00:04.407 level=INFO msg=一定の売上が立ったためオーナーの椅子が増加します 名前=椅子のめぐりや 増加数=2
time=18:00:04.560 level=INFO msg=一定の売上が立ったためオーナーの椅子が増加します 名前=つばさ交通 増加数=2
time=18:00:04.592 level=INFO msg=一定の売上が立ったためオーナーの椅子が増加します 名前=快旅タクシー 増加数=1
time=18:00:05.878 level=DEBUG source=/tmp/isucon14/bench/benchmarker/scenario/scenario.go:315 msg=時間経過 tick=1740
time=18:00:05.878 level=DEBUG source=/tmp/isucon14/bench/benchmarker/scenario/scenario.go:317 msg=eval reqs=1105 score="[40 243 569 208 45]" criteria="[988 738 291 168]"
time=18:00:06.036 level=INFO msg=一定の売上が立ったためオーナーの椅子が増加します 名前=晴れ道タクシー 増加数=1
time=18:00:06.037 level=INFO msg=一定の売上が立ったためオーナーの椅子が増加します 名前="Artisan Seats" 増加数=1
time=18:00:06.085 level=INFO msg=一定の売上が立ったためオーナーの椅子が増加します 名前=快旅タクシー 増加数=2
time=18:00:06.136 level=INFO msg=一定の売上が立ったためオーナーの椅子が増加します 名前=椅子のめぐりや 増加数=1
time=18:00:06.232 level=INFO msg=一定の売上が立ったためオーナーの椅子が増加します 名前=つばさ交通 増加数=1
time=18:00:07.679 level=INFO msg=これまでに地域内の評判によって115人、既存ユーザーの招待経由で224人が新規登録しました
time=18:00:07.679 level=INFO msg=これまでに低評価なライドによって94人が利用をやめました
time=18:00:07.679 level=INFO msg=10.2%のライドは椅子がマッチされるまでの時間、32.4%のライドはマッチされた椅子が乗車地点までに掛かる時間、80.0%のライドは椅子の実移動時間に不満がありました
time=18:00:07.679 level=DEBUG source=/tmp/isucon14/bench/benchmarker/scenario/scenario.go:315 msg=時間経過 tick=1800
time=18:00:07.679 level=DEBUG source=/tmp/isucon14/bench/benchmarker/scenario/scenario.go:317 msg=eval reqs=1145 score="[40 247 605 208 45]" criteria="[1028 774 291 168]"
time=18:00:07.912 level=INFO msg=一定の売上が立ったためオーナーの椅子が増加します 名前="Artisan Seats" 増加数=1
time=18:00:08.042 level=INFO msg=一定の売上が立ったためオーナーの椅子が増加します 名前=快旅タクシー 増加数=1
time=18:00:08.066 level=INFO msg=一定の売上が立ったためオーナーの椅子が増加します 名前=椅子のめぐりや 増加数=1
time=18:00:08.289 level=INFO msg=一定の売上が立ったためオーナーの椅子が増加します 名前=つばさ交通 増加数=2
time=18:00:09.013 level=WARN msg="椅子が出発できませんでした (CODE=2): POST /api/chair/rides/{rideID}/statusのリクエストが失敗しました: Post \"https://isuride.xiv.isucon.net/api/chair/rides/01M3H1FM5MTSXRMGC0ZMESQPBV/status\": EOF"
time=18:00:09.478 level=DEBUG source=/tmp/isucon14/bench/benchmarker/scenario/scenario.go:315 msg=時間経過 tick=1860
time=18:00:09.478 level=DEBUG source=/tmp/isucon14/bench/benchmarker/scenario/scenario.go:317 msg=eval reqs=1203 score="[40 252 657 209 45]" criteria="[1086 827 292 168]"
time=18:00:09.724 level=INFO msg=一定の売上が立ったためオーナーの椅子が増加します 名前=快旅タクシー 増加数=2
time=18:00:09.766 level=INFO msg=一定の売上が立ったためオーナーの椅子が増加します 名前=つばさ交通 増加数=1
time=18:00:09.782 level=INFO msg=一定の売上が立ったためオーナーの椅子が増加します 名前="Artisan Seats" 増加数=3
time=18:00:09.884 level=INFO msg=一定の売上が立ったためオーナーの椅子が増加します 名前=椅子のめぐりや 増加数=2
time=18:00:09.901 level=INFO msg=一定の売上が立ったためオーナーの椅子が増加します 名前=晴れ道タクシー 増加数=3
time=18:00:11.138 level=WARN msg="椅子の座標送信に失敗しました (CODE=1): POST /api/chair/coordinateのリクエストが失敗しました: Post \"https://isuride.xiv.isucon.net/api/chair/coordinate\": EOF"
time=18:00:11.278 level=DEBUG source=/tmp/isucon14/bench/benchmarker/scenario/scenario.go:315 msg=時間経過 tick=1920
time=18:00:11.278 level=DEBUG source=/tmp/isucon14/bench/benchmarker/scenario/scenario.go:317 msg=eval reqs=1246 score="[40 257 694 210 45]" criteria="[1129 865 292 169]"
time=18:00:11.454 level=WARN msg="椅子が出発できませんでした (CODE=2): POST /api/chair/rides/{rideID}/statusのリクエストが失敗しました: Post \"https://isuride.xiv.isucon.net/api/chair/rides/01M3H1FKGR5X5PNCV3S6J5D1HJ/status\": EOF"
time=18:00:11.529 level=INFO msg=一定の売上が立ったためオーナーの椅子が増加します 名前=晴れ道タクシー 増加数=1
time=18:00:11.554 level=INFO msg=一定の売上が立ったためオーナーの椅子が増加します 名前=快旅タクシー 増加数=1
time=18:00:11.555 level=INFO msg=一定の売上が立ったためオーナーの椅子が増加します 名前=椅子のめぐりや 増加数=2
time=18:00:11.577 level=WARN msg="取得した付近の椅子情報に不備があります (CODE=30): ID:01M3H1FB4K14G1V3EV1REA5N9Wの椅子は既にライド中です"
time=18:00:11.582 level=WARN msg="取得した付近の椅子情報に不備があります (CODE=30): ID:01M3H1FB4K14G1V3EV1REA5N9Wの椅子は既にライド中です"
time=18:00:11.696 level=INFO msg=一定の売上が立ったためオーナーの椅子が増加します 名前=つばさ交通 増加数=1
time=18:00:11.879 level=WARN msg="取得した付近の椅子情報に不備があります (CODE=30): ID:01M3H1F8YVC027559S2ASM1TA6の椅子は既にライド中です"
time=18:00:12.241 level=WARN msg="椅子の座標送信に失敗しました (CODE=1): POST /api/chair/coordinateのリクエストが失敗しました: Post \"https://isuride.xiv.isucon.net/api/chair/coordinate\": EOF"
time=18:00:13.078 level=INFO msg=これまでに地域内の評判によって127人、既存ユーザーの招待経由で227人が新規登録しました
time=18:00:13.078 level=INFO msg=これまでに低評価なライドによって95人が利用をやめました
time=18:00:13.078 level=INFO msg=9.2%のライドは椅子がマッチされるまでの時間、29.9%のライドはマッチされた椅子が乗車地点までに掛かる時間、82.1%のライドは椅子の実移動時間に不満がありました
time=18:00:13.078 level=DEBUG source=/tmp/isucon14/bench/benchmarker/scenario/scenario.go:315 msg=時間経過 tick=1980
time=18:00:13.078 level=DEBUG source=/tmp/isucon14/bench/benchmarker/scenario/scenario.go:317 msg=eval reqs=1296 score="[40 265 734 212 45]" criteria="[1177 908 294 170]"
time=18:00:13.317 level=INFO msg=一定の売上が立ったためオーナーの椅子が増加します 名前="Artisan Seats" 増加数=2
time=18:00:13.356 level=INFO msg=一定の売上が立ったためオーナーの椅子が増加します 名前=つばさ交通 増加数=2
time=18:00:13.357 level=INFO msg=一定の売上が立ったためオーナーの椅子が増加します 名前=椅子のめぐりや 増加数=2
time=18:00:13.449 level=WARN msg="椅子の座標送信に失敗しました (CODE=1): POST /api/chair/coordinateのリクエストが失敗しました: Post \"https://isuride.xiv.isucon.net/api/chair/coordinate\": EOF"
time=18:00:13.574 level=INFO msg=一定の売上が立ったためオーナーの椅子が増加します 名前=快旅タクシー 増加数=1
time=18:00:13.585 level=INFO msg=一定の売上が立ったためオーナーの椅子が増加します 名前=晴れ道タクシー 増加数=1
time=18:00:18.679 level=INFO msg=最終地域情報 名前=チェアタウン ユーザー登録数=209 アクティブユーザー数=157
time=18:00:18.679 level=INFO msg=最終地域情報 名前=コシカケシティ ユーザー登録数=163 アクティブユーザー数=120
time=18:00:18.679 level=INFO msg=最終オーナー情報 名前=晴れ道タクシー 売上=1545300 椅子数=59
time=18:00:18.679 level=INFO msg=最終オーナー情報 名前=椅子のめぐりや 売上=1857600 椅子数=67
time=18:00:18.679 level=INFO msg=最終オーナー情報 名前=快旅タクシー 売上=1361800 椅子数=55
time=18:00:18.679 level=INFO msg=最終オーナー情報 名前="Artisan Seats" 売上=1349200 椅子数=55
time=18:00:18.679 level=INFO msg=最終オーナー情報 名前=つばさ交通 売上=1635400 椅子数=62
time=18:00:18.679 level=INFO msg=9.0%のライドは椅子がマッチされるまでの時間、29.4%のライドはマッチされた椅子が乗車地点までに掛かる時間、82.4%のライドは椅子の実移動時間に不満がありました
time=18:00:18.679 level=INFO msg=結果 pass=true スコア=86454 種別エラー数="map[1:3 2:2 17:14 24:1 30:4]"
time=18:00:18.680 level=INFO msg=負荷走行が終了しました
