2026-09-27T08:59:12+00:00
COMMAND         %CPU   RSS
mysqld           1.8 956532
nginx            0.3 17584
nginx            0.3 17572
kworker/u4:2-ev  0.0     0
kworker/u4:1-ev  0.0     0
isuride          0.0  9008
rcu_preempt      0.0     0
jbd2/sda1-8      0.0     0
kworker/u4:0-ev  0.0     0
2026-09-27T08:59:14+00:00
COMMAND         %CPU   RSS
bench            9.0 48228
mysqld           1.8 983060
isuride          0.7 15300
nginx            0.3 17584
nginx            0.3 17572
kworker/u4:2-ev  0.0     0
kworker/u4:1-ev  0.0     0
rcu_preempt      0.0     0
jbd2/sda1-8      0.0     0
2026-09-27T08:59:16+00:00
COMMAND         %CPU   RSS
bench           15.7 73648
isuride          2.4 15460
mysqld           1.8 983336
nginx            0.3 17584
nginx            0.3 17572
kworker/u4:2-wr  0.0     0
kworker/u4:1-ev  0.0     0
rcu_preempt      0.0     0
jbd2/sda1-8      0.0     0
2026-09-27T08:59:18+00:00
COMMAND         %CPU   RSS
bench           19.6 107116
isuride          4.3 16276
mysqld           1.8 983688
nginx            0.3 17584
nginx            0.3 17572
kworker/u4:2-wr  0.0     0
kworker/u4:1-ev  0.0     0
rcu_preempt      0.0     0
jbd2/sda1-8      0.0     0
2026-09-27T08:59:20+00:00
COMMAND         %CPU   RSS
bench           22.0 135020
isuride          6.2 17424
mysqld           1.8 984992
nginx            0.3 17584
nginx            0.3 17572
kworker/u4:2-ex  0.0     0
kworker/u4:1-ev  0.0     0
rcu_preempt      0.0     0
jbd2/sda1-8      0.0     0
2026-09-27T08:59:22+00:00
COMMAND         %CPU   RSS
bench           23.9 175340
isuride          8.2 19088
mysqld           1.8 985444
nginx            0.3 17584
nginx            0.3 17572
kworker/u4:2-ev  0.0     0
kworker/u4:1-ev  0.0     0
rcu_preempt      0.0     0
jbd2/sda1-8      0.0     0
2026-09-27T08:59:24+00:00
COMMAND         %CPU   RSS
bench           25.3 223376
isuride         10.1 21140
mysqld           1.8 985808
nginx            0.3 17584
nginx            0.3 17572
kworker/u4:2-ev  0.0     0
kworker/u4:1-ev  0.0     0
rcu_preempt      0.0     0
jbd2/sda1-8      0.0     0
2026-09-27T08:59:26+00:00
COMMAND         %CPU   RSS
bench           26.1 233360
curl            14.2 11996
isuride         11.8 21796
mysqld           1.8 986128
nginx            0.3 17584
nginx            0.3 17572
kworker/u4:2-ex  0.0     0
kworker/u4:1-ev  0.0     0
rcu_preempt      0.0     0
2026-09-27T08:59:28+00:00
COMMAND         %CPU   RSS
bench           26.6 254336
isuride         13.5 22140
mysqld           1.8 986496
nginx            0.3 17584
nginx            0.3 17572
kworker/u4:2-ev  0.0     0
kworker/u4:1-ev  0.0     0
rcu_preempt      0.0     0
jbd2/sda1-8      0.0     0
2026-09-27T08:59:30+00:00
COMMAND         %CPU   RSS
bench           27.2 267640
isuride         14.9 23080
mysqld           1.8 986836
nginx            0.3 17584
nginx            0.3 17572
kworker/u4:2-ev  0.0     0
kworker/u4:1-ev  0.0     0
rcu_preempt      0.0     0
jbd2/sda1-8      0.0     0
2026-09-27T08:59:32+00:00
COMMAND         %CPU   RSS
bench           27.5 288560
isuride         16.2 23780
mysqld           1.8 987236
nginx            0.3 17584
nginx            0.3 17572
kworker/u4:2-ex  0.0     0
kworker/u4:1-ev  0.0     0
rcu_preempt      0.0     0
jbd2/sda1-8      0.0     0
2026-09-27T08:59:34+00:00
COMMAND         %CPU   RSS
bench           27.8 302572
isuride         17.3 24784
mysqld           1.8 987512
nginx            0.3 17584
nginx            0.3 17572
kworker/u4:2-ev  0.0     0
kworker/u4:1-ev  0.0     0
rcu_preempt      0.0     0
jbd2/sda1-8      0.0     0
2026-09-27T08:59:36+00:00
COMMAND         %CPU   RSS
bench           28.2 332840
isuride         18.3 25516
mysqld           1.8 987900
nginx            0.3 17584
nginx            0.3 17572
kworker/u4:2-ev  0.0     0
kworker/u4:4-ev  0.0     0
kworker/u4:1-ev  0.0     0
rcu_preempt      0.0     0
2026-09-27T08:59:38+00:00
COMMAND         %CPU   RSS
bench           28.8 357956
isuride         19.2 27844
curl             6.6 12340
mysqld           1.8 988300
nginx            0.3 17584
nginx            0.3 17572
kworker/u4:2-ex  0.0     0
kworker/u4:4-ex  0.0     0
kworker/u4:1-ev  0.0     0
2026-09-27T08:59:40+00:00
COMMAND         %CPU   RSS
bench           29.3 395432
isuride         20.0 28800
mysqld           1.8 988460
nginx            0.3 17584
nginx            0.3 17572
kworker/u4:2-ev  0.0     0
kworker/u4:4-ex  0.0     0
kworker/u4:1-ev  0.0     0
rcu_preempt      0.0     0
2026-09-27T08:59:42+00:00
COMMAND         %CPU   RSS
bench           29.6 425052
isuride         20.9 30104
mysqld           1.8 988820
nginx            0.3 17584
nginx            0.3 17572
kworker/u4:2-ev  0.0     0
kworker/u4:4-ex  0.0     0
kworker/u4:1-ev  0.0     0
rcu_preempt      0.0     0
2026-09-27T08:59:44+00:00
COMMAND         %CPU   RSS
bench           30.0 432204
isuride         21.6 30116
mysqld           1.8 989064
nginx            0.3 17584
nginx            0.3 17572
kworker/u4:2-ex  0.0     0
kworker/u4:4-ex  0.0     0
kworker/u4:1-ev  0.0     0
rcu_preempt      0.0     0
2026-09-27T08:59:46+00:00
COMMAND         %CPU   RSS
bench           30.2 455108
isuride         22.3 31372
curl             2.4 12340
mysqld           1.8 989480
nginx            0.3 17584
nginx            0.3 17572
kworker/u4:2-ev  0.0     0
kworker/u4:4-ex  0.0     0
kworker/u4:1-ev  0.0     0
2026-09-27T08:59:48+00:00
COMMAND         %CPU   RSS
bench           30.5 475316
isuride         22.9 31676
mysqld           1.8 989840
nginx            0.3 17584
nginx            0.3 17572
kworker/u4:2-ex  0.0     0
kworker/u4:4-ex  0.0     0
kworker/u4:1-ev  0.0     0
rcu_preempt      0.0     0
2026-09-27T08:59:50+00:00
COMMAND         %CPU   RSS
bench           30.5 480116
isuride         23.5 33212
mysqld           1.8 990024
nginx            0.3 17584
nginx            0.3 17572
kworker/u4:2-ex  0.0     0
kworker/u4:4-ex  0.0     0
kworker/u4:1-ev  0.0     0
rcu_preempt      0.0     0
2026-09-27T08:59:52+00:00
COMMAND         %CPU   RSS
bench           30.9 510852
isuride         24.0 34284
mysqld           1.8 990276
nginx            0.3 17584
nginx            0.3 17572
kworker/u4:2-ev  0.0     0
kworker/u4:4-ex  0.0     0
kworker/u4:1-ev  0.0     0
rcu_preempt      0.0     0
2026-09-27T08:59:54+00:00
COMMAND         %CPU   RSS
bench           31.1 520400
isuride         24.4 38200
mysqld           1.8 990508
nginx            0.3 17584
nginx            0.3 17572
kworker/u4:2-ex  0.0     0
kworker/u4:4-wr  0.0     0
kworker/u4:1-ev  0.0     0
jbd2/sda1-8      0.0     0
2026-09-27T08:59:56+00:00
COMMAND         %CPU   RSS
bench           31.4 541988
isuride         24.9 36796
mysqld           1.8 990640
nginx            0.3 17584
nginx            0.3 17572
kworker/u4:2-ev  0.0     0
kworker/u4:4-wr  0.0     0
kworker/u4:1-ev  0.0     0
jbd2/sda1-8      0.0     0
2026-09-27T08:59:58+00:00
COMMAND         %CPU   RSS
bench           31.7 566156
isuride         25.3 39100
curl            14.2 12340
mysqld           1.8 990840
nginx            0.3 17584
nginx            0.3 17572
kworker/u4:2-ev  0.0     0
kworker/u4:4-ex  0.0     0
kworker/u4:1-ev  0.0     0
2026-09-27T09:00:00+00:00
COMMAND         %CPU   RSS
bench           31.9 568112
isuride         25.7 40168
mysqld           1.8 991044
nginx            0.3 17584
nginx            0.3 17572
kworker/u4:2-ev  0.0     0
kworker/u4:4-ex  0.0     0
kworker/u4:1-ev  0.0     0
jbd2/sda1-8      0.0     0
2026-09-27T09:00:02+00:00
COMMAND         %CPU   RSS
bench           32.1 592008
isuride         26.1 39192
mysqld           1.8 991572
nginx            0.3 17584
nginx            0.3 17572
kworker/u4:2-ev  0.0     0
kworker/u4:4-fl  0.0     0
kworker/u4:1-ev  0.0     0
jbd2/sda1-8      0.0     0
2026-09-27T09:00:04+00:00
COMMAND         %CPU   RSS
bench           32.3 594288
isuride         26.4 39876
curl             7.6 12328
mysqld           1.8 991704
nginx            0.3 17584
nginx            0.3 17572
kworker/u4:2-ex  0.0     0
kworker/u4:4-ev  0.0     0
kworker/u4:1-ev  0.0     0
2026-09-27T09:00:06+00:00
COMMAND         %CPU   RSS
bench           32.5 605452
isuride         26.8 42072
curl             3.3 12332
mysqld           1.8 991848
nginx            0.3 17584
nginx            0.3 17572
kworker/u4:2-ex  0.0     0
kworker/u4:4-ev  0.0     0
kworker/u4:1-ev  0.0     0
2026-09-27T09:00:08+00:00
COMMAND         %CPU   RSS
bench           32.7 606976
isuride         27.1 42128
mysqld           1.8 992096
nginx            0.3 17584
nginx            0.3 17572
kworker/u4:4-ex  0.0     0
kworker/u4:2-ev  0.0     0
kworker/u4:1-ev  0.0     0
jbd2/sda1-8      0.0     0
2026-09-27T09:00:10+00:00
COMMAND         %CPU   RSS
bench           32.9 627800
isuride         27.4 39952
mysqld           1.8 992432
curl             1.7 12336
nginx            0.3 17584
nginx            0.3 17572
kworker/u4:4-fl  0.0     0
kworker/u4:2-ev  0.0     0
kworker/u4:1-ev  0.0     0
2026-09-27T09:00:12+00:00
COMMAND         %CPU   RSS
bench           33.1 629752
isuride         27.6 42560
mysqld           1.8 992668
nginx            0.3 17624
nginx            0.3 17572
kworker/u4:4-fl  0.0     0
kworker/u4:2-ev  0.0     0
kworker/u4:1-ev  0.0     0
jbd2/sda1-8      0.0     0
2026-09-27T09:00:14+00:00
COMMAND         %CPU   RSS
bench           33.2 634656
isuride         28.0 30576
mysqld           1.8 992908
nginx            0.3 17624
nginx            0.3 17572
kworker/u4:2-ev  0.0     0
kworker/u4:4-fl  0.0     0
kworker/u4:1-ev  0.0     0
jbd2/sda1-8      0.0     0
2026-09-27T09:00:16+00:00
COMMAND         %CPU   RSS
bench           33.4 650224
isuride         28.5 28112
mysqld           1.8 992908
nginx            0.3 17624
nginx            0.3 17572
kworker/u4:2-ev  0.0     0
kworker/u4:4-fl  0.0     0
jbd2/sda1-8      0.0     0
kworker/u4:1-ev  0.0     0
