procs -----------memory---------- ---swap-- -----io---- -system-- -------cpu------- -----timestamp-----
 r  b   swpd   free   buff  cache   si   so    bi    bo   in   cs us sy id wa st gu                 UTC
 3  0      0 787876  72836 1989072    0    0    23   515  724   11  4  1 95  0  0  0 2026-09-27 08:59:12
 0  1      0 748292  72836 1974284    0    0   968 61088 15023 29683 29 11 43 17  0  0 2026-09-27 08:59:13
 0  0      0 737736  72836 1974816    0    0     0 12160 22635 61018 19 14 64  3  0  0 2026-09-27 08:59:14
 7  0      0 733732  72836 1976496    0    0     0 16168 26902 77421 21 20 55  4  0  0 2026-09-27 08:59:15
 7  0      0 726960  72836 1977648    0    0     0 21788 30598 100711 34 29 32  4  0  0 2026-09-27 08:59:16
10  0      0 710716  72836 1980140    0    0     0 24020 27184 101743 42 29 24  4  0  0 2026-09-27 08:59:17
 6  0      0 693212  72836 1981368    0    0     0 22496 29743 111732 38 31 27  4  0  0 2026-09-27 08:59:18
22  0      0 674040  72836 1983556    0    0     0 23580 25409 101644 44 30 21  5  0  0 2026-09-27 08:59:19
16  0      0 659580  72836 1984996    0    0     0 25556 23851 101027 48 33 14  5  0  0 2026-09-27 08:59:20
 8  0      0 631660  72836 1986424    0    0     0 30092 23572 108169 50 41  6  3  0  0 2026-09-27 08:59:21
28  1      0 606520  72836 1987856    0    0     0 26556 24243 108101 50 40  7  3  0  0 2026-09-27 08:59:22
44  0      0 585136  72836 1989508    0    0    32 28776 23248 99012 52 39  5  4  0  0 2026-09-27 08:59:23
10  1      0 555044  72836 1991832    0    0     0 27516 22631 100079 54 40  4  2  0  0 2026-09-27 08:59:24
21  0      0 557064  72836 1993184    0    0     0 28252 22448 100963 53 41  5  2  0  0 2026-09-27 08:59:25
 9  0      0 543564  72836 1994832    0    0     0 30480 18969 102301 54 39  4  3  0  0 2026-09-27 08:59:26
 5  1      0 521388  72836 1996264    0    0    16 26216 22373 106576 54 40  5  2  0  0 2026-09-27 08:59:27
42  0      0 520372  72836 1997860    0    0     0 33056 22532 100044 58 38  3  1  0  0 2026-09-27 08:59:28
 9  1      0 505120  72836 1999492    0    0     0 27464 20710 95699 55 38  5  2  0  0 2026-09-27 08:59:29
20  0      0 498996  72836 2002192    0    0     0 28028 20843 100031 54 41  4  2  0  0 2026-09-27 08:59:30
 9  2      0 475640  72836 2003748    0    0     0 28696 20196 102143 56 39  3  2  0  0 2026-09-27 08:59:31
55  1      0 473368  72836 2005240    0    0     0 24780 21657 98488 56 35  6  3  0  0 2026-09-27 08:59:32
procs -----------memory---------- ---swap-- -----io---- -system-- -------cpu------- -----timestamp-----
 r  b   swpd   free   buff  cache   si   so    bi    bo   in   cs us sy id wa st gu                 UTC
29  0      0 454764  72836 2006752    0    0     0 25948 21633 96036 54 38  6  2  0  0 2026-09-27 08:59:33
41  1      0 451676  72836 2009680    0    0     0 27636 21413 99110 56 41  3  1  0  0 2026-09-27 08:59:34
23  0      0 418256  72836 2011428    0    0     0 26444 19688 97433 56 40  3  2  0  0 2026-09-27 08:59:35
33  0      0 412228  72836 2013096    0    0     0 27080 21913 98822 57 38  4  2  0  0 2026-09-27 08:59:36
15  0      0 385632  72836 2014912    0    0     0 28076 19204 88846 55 38  4  3  0  0 2026-09-27 08:59:37
13  0      0 382132  72836 2016552    0    0    32 35052 20744 91663 55 41  3  1  0  0 2026-09-27 08:59:38
47  0      0 368524  72836 2018216    0    0     0 26072 21544 96606 59 40  1  1  0  0 2026-09-27 08:59:39
22  0      0 340284  72836 2019852    0    0     0 28028 21218 92622 59 37  3  2  0  0 2026-09-27 08:59:40
27  0      0 338176  72836 2022632    0    0     0 29664 21065 94504 54 43  2  1  0  0 2026-09-27 08:59:41
 8  1      0 310928  72836 2024424    0    0     0 28000 19673 94496 56 43  1  0  0  0 2026-09-27 08:59:42
11  1      0 301884  72836 2026128    0    0     0 34604 19117 96948 59 40  1  1  0  0 2026-09-27 08:59:43
21  0      0 295540  72836 2027696    0    0     0 27532 20573 90374 57 38  4  2  0  0 2026-09-27 08:59:44
18  0      0 274480  72836 2029436    0    0     0 28332 17789 86733 59 38  2  1  0  0 2026-09-27 08:59:45
14  0      0 264300  72836 2032184    0    0     0 24912 20035 95178 60 34  5  1  0  0 2026-09-27 08:59:46
 7  0      0 259584  72840 2033836    0    0     4 28392 20186 91793 59 36  3  2  0  0 2026-09-27 08:59:47
38  0      0 243556  72840 2035560    0    0     0 26336 18755 87632 59 39  1  1  0  0 2026-09-27 08:59:48
38  0      0 236724  72840 2037272    0    0     0 27240 20077 84867 56 39  3  2  0  0 2026-09-27 08:59:49
22  0      0 235304  72840 2038952    0    0     0 24212 19982 84435 59 35  4  2  0  0 2026-09-27 08:59:50
10  1      0 208196  72840 2040664    0    0     0 27744 19376 92561 57 40  2  1  0  0 2026-09-27 08:59:51
18  0      0 196692  72840 2042408    0    0     0 24960 18502 85700 62 36  2  1  0  0 2026-09-27 08:59:52
16  0      0 188208  72840 2045008    0    0     0 37700 19887 90557 57 37  4  1  0  0 2026-09-27 08:59:53
procs -----------memory---------- ---swap-- -----io---- -system-- -------cpu------- -----timestamp-----
 r  b   swpd   free   buff  cache   si   so    bi    bo   in   cs us sy id wa st gu                 UTC
13  2      0 180984  72840 2047820    0    0     0 26180 18604 85637 57 41  2  1  0  0 2026-09-27 08:59:54
26  0      0 150828  72840 2049528    0    0     0 25292 17709 80902 62 37  1  0  0  0 2026-09-27 08:59:55
21  0      0 148056  72840 2051052    0    0     0 27464 21053 91573 58 38  3  1  0  0 2026-09-27 08:59:56
 7  1      0 145620  72840 2052664    0    0     0 23356 17784 83831 59 39  2  1  0  0 2026-09-27 08:59:57
29  0      0 138320  72840 2054224    0    0     0 25200 17416 79333 61 37  1  1  0  0 2026-09-27 08:59:58
47  1      0 117484  72840 2056756    0    0     0 27800 16724 73837 61 39  1  0  0  0 2026-09-27 08:59:59
45  0      0 114928  72840 2058360    0    0     0 24876 18125 85616 60 39  1  0  0  0 2026-09-27 09:00:00
40  1      0 111320  72840 2060016    0    0    28 25524 18354 83158 61 38  1  1  0  0 2026-09-27 09:00:01
24  1      0  86272  72840 2061712    0    0    16 24528 17962 81968 65 35  1  0  0  0 2026-09-27 09:00:02
48  0      0  82728  72840 2063380    0    0     0 25592 18329 85238 61 38  1  1  0  0 2026-09-27 09:00:03
23  0      0  79960  72840 2065052    0    0     0 32760 18083 80340 65 34  2  0  0  0 2026-09-27 09:00:04
10  1      0  74920  72844 2066556    0    0     8 26376 18181 80880 61 37  1  1  0  0 2026-09-27 09:00:05
42  0      0  77720  72844 2057696    0    0     0 26388 16907 80650 60 40  1  0  0  0 2026-09-27 09:00:06
40  0      0  72460  72844 2060288    0    0     0 27344 18488 89099 59 40  1  0  0  0 2026-09-27 09:00:07
16  0      0  67116  72844 2062108    0    0     0 23468 18928 85415 62 38  1  0  0  0 2026-09-27 09:00:08
41  0      0  65184  72844 2063548    0    0     0 22472 17431 77940 63 36  1  0  0  0 2026-09-27 09:00:09
 9  0      0  69568  72700 2035792    0    0     0 22052 14514 66303 65 35  0  0  0  0 2026-09-27 09:00:10
23  0      0  71000  72700 2037384    0    0    16 22404 17130 75830 64 35  1  0  0  0 2026-09-27 09:00:11
19  0      0  67540  72700 2039160    0    0     0 23224 17864 80423 62 37  1  0  0  0 2026-09-27 09:00:12
45  0      0  78120  72680 2027552    0    0     0 24724 17173 83158 67 33  0  0  0  0 2026-09-27 09:00:13
12  0      0  78124  72680 2035032    0    0     0 33320 18814 90823 65 34  1  1  0  0 2026-09-27 09:00:14
procs -----------memory---------- ---swap-- -----io---- -system-- -------cpu------- -----timestamp-----
 r  b   swpd   free   buff  cache   si   so    bi    bo   in   cs us sy id wa st gu                 UTC
11  0      0  84620  72680 2036696    0    0     0  8244 17691 118660 61 37  2  0  0  0 2026-09-27 09:00:15
 4  0      0  81668  72680 2038280    0    0     0  4468 20474 116066 63 35  3  0  0  0 2026-09-27 09:00:16
 8  0      0  75732  72680 2016908    0    0     0  4172 15541 106147 65 32  3  0  0  0 2026-09-27 09:00:17
 7  0      0  72124  72680 2018780    0    0     0  3376 17158 105546 63 33  4  0  0  0 2026-09-27 09:00:18
