2026-09-26T09:09:11+00:00
COMMAND         %CPU   RSS
mysqld           2.2 419604
systemd          1.0 12528
systemd-journal  0.3 18796
snapd            0.3 45676
nginx            0.2  7892
nginx            0.2  7892
kworker/u4:0-wr  0.1     0
systemd          0.1 10668
unattended-upgr  0.1 22144
2026-09-26T09:09:13+00:00
COMMAND         %CPU   RSS
curl            14.2 12108
bench           10.0 48464
mysqld           6.7 540732
systemd          0.9 12528
isuride          0.8 14936
systemd-journal  0.4 19172
nginx            0.3  8592
nginx            0.3  8632
snapd            0.2 45680
2026-09-26T09:09:15+00:00
COMMAND         %CPU   RSS
mysqld          10.8 550884
bench            9.4 52280
isuride          2.2 15252
systemd          0.9 12528
nginx            0.5  8592
systemd-journal  0.5 20072
nginx            0.4  8632
snapd            0.2 45680
kworker/u4:0-fl  0.1     0
2026-09-26T09:09:17+00:00
COMMAND         %CPU   RSS
mysqld          15.1 529388
bench            9.3 52484
isuride          3.7 15824
systemd          0.8 12528
nginx            0.6  8596
nginx            0.5  8632
systemd-journal  0.5 21080
snapd            0.2 45680
rsyslogd         0.2  5120
2026-09-26T09:09:19+00:00
COMMAND         %CPU   RSS
mysqld          19.2 536136
bench            9.6 58080
isuride          5.0 15964
systemd          0.8 12528
nginx            0.8  8620
nginx            0.7  8636
systemd-journal  0.6 22084
rsyslogd         0.2  5136
snapd            0.2 45680
2026-09-26T09:09:21+00:00
COMMAND         %CPU   RSS
mysqld          23.4 540608
bench            9.8 60356
isuride          6.3 15888
nginx            0.9  8640
nginx            0.8  8680
systemd          0.8 12528
systemd-journal  0.7 24308
rsyslogd         0.3  5156
jbd2/sda1-8      0.2     0
2026-09-26T09:09:23+00:00
COMMAND         %CPU   RSS
mysqld          27.7 546596
bench           10.4 66620
isuride          7.4 16632
nginx            1.0  8728
nginx            0.9  8696
systemd-journal  0.8 27396
systemd          0.7 12528
rsyslogd         0.4  5176
jbd2/sda1-8      0.3     0
2026-09-26T09:09:25+00:00
COMMAND         %CPU   RSS
mysqld          31.7 549740
bench           10.7 69932
isuride          8.4 16988
nginx            1.1  8784
nginx            1.0  8740
systemd-journal  0.9 28716
systemd          0.7 12528
rsyslogd         0.4  5192
jbd2/sda1-8      0.3     0
2026-09-26T09:09:27+00:00
COMMAND         %CPU   RSS
mysqld          35.3 554720
bench           10.7 78952
isuride          9.3 17156
nginx            1.2  8868
nginx            1.1  8768
systemd-journal  0.9 29992
systemd          0.7 12528
rsyslogd         0.5  5212
jbd2/sda1-8      0.4     0
2026-09-26T09:09:29+00:00
COMMAND         %CPU   RSS
mysqld          38.7 556216
bench           10.8 82324
isuride         10.0 17184
nginx            1.3  8900
nginx            1.2  8840
systemd-journal  1.0 33632
systemd          0.7 12528
rsyslogd         0.5  5232
jbd2/sda1-8      0.5     0
2026-09-26T09:09:31+00:00
COMMAND         %CPU   RSS
mysqld          42.0 582668
bench           10.8 87048
isuride         10.7 17492
nginx            1.4  8964
nginx            1.3  8924
systemd-journal  1.0 35264
systemd          0.6 12528
rsyslogd         0.6  5252
jbd2/sda1-8      0.5     0
2026-09-26T09:09:33+00:00
COMMAND         %CPU   RSS
mysqld          45.2 612808
isuride         11.2 18228
bench           10.8 91232
curl             5.2 12304
nginx            1.5  9040
nginx            1.4  8952
systemd-journal  1.1 36436
systemd          0.6 12528
rsyslogd         0.6  5272
2026-09-26T09:09:35+00:00
COMMAND         %CPU   RSS
mysqld          48.3 589056
isuride         11.7 17868
bench           10.8 94620
nginx            1.5  9084
nginx            1.4  9004
systemd-journal  1.1 37476
rsyslogd         0.6  5292
systemd          0.6 12528
jbd2/sda1-8      0.6     0
2026-09-26T09:09:37+00:00
COMMAND         %CPU   RSS
mysqld          51.1 572004
isuride         12.2 17208
bench           10.8 95376
nginx            1.6  9136
nginx            1.5  9128
systemd-journal  1.2 42004
rsyslogd         0.7  5312
jbd2/sda1-8      0.6     0
systemd          0.6 12528
2026-09-26T09:09:39+00:00
COMMAND         %CPU   RSS
mysqld          53.6 573896
isuride         12.7 17464
bench           10.9 99104
nginx            1.7  9160
nginx            1.6  9200
systemd-journal  1.2 44776
rsyslogd         0.7  5332
jbd2/sda1-8      0.6     0
systemd          0.6 12528
2026-09-26T09:09:41+00:00
COMMAND         %CPU   RSS
mysqld          56.3 578372
isuride         13.1 18228
bench           10.9 104540
nginx            1.7  9196
nginx            1.6  9200
systemd-journal  1.3 45984
rsyslogd         0.7  5352
jbd2/sda1-8      0.7     0
systemd          0.5 12528
2026-09-26T09:09:43+00:00
COMMAND         %CPU   RSS
mysqld          58.5 578612
isuride         13.5 18640
bench           11.0 108568
nginx            1.8  9196
nginx            1.7  9216
systemd-journal  1.3 47212
rsyslogd         0.7  5372
jbd2/sda1-8      0.7     0
systemd          0.5 12528
2026-09-26T09:09:45+00:00
COMMAND         %CPU   RSS
mysqld          60.6 577760
isuride         13.9 18248
bench           11.0 112448
nginx            1.8  9216
nginx            1.7  9224
systemd-journal  1.3 51260
rsyslogd         0.8  5392
jbd2/sda1-8      0.7     0
systemd          0.5 12528
2026-09-26T09:09:47+00:00
COMMAND         %CPU   RSS
mysqld          62.7 580252
isuride         14.2 18564
bench           11.0 112788
nginx            1.9  9224
nginx            1.8  9232
systemd-journal  1.4 53224
rsyslogd         0.8  5412
jbd2/sda1-8      0.7     0
systemd          0.5 12528
2026-09-26T09:09:49+00:00
COMMAND         %CPU   RSS
mysqld          64.9 594832
isuride         14.5 19072
bench           10.9 117884
nginx            1.9  9256
nginx            1.8  9232
systemd-journal  1.4 54512
rsyslogd         0.8  5436
jbd2/sda1-8      0.8     0
systemd          0.5 12528
2026-09-26T09:09:51+00:00
COMMAND         %CPU   RSS
mysqld          66.9 619544
isuride         14.8 18408
bench           10.9 120516
nginx            2.0  9256
nginx            1.9  9240
systemd-journal  1.4 55728
rsyslogd         0.8  5456
jbd2/sda1-8      0.8     0
systemd          0.5 12528
2026-09-26T09:09:53+00:00
COMMAND         %CPU   RSS
mysqld          68.7 622840
isuride         15.0 19332
bench           10.9 120524
nginx            2.0  9284
nginx            1.9  9288
systemd-journal  1.5 59408
rsyslogd         0.8  5476
jbd2/sda1-8      0.8     0
systemd          0.5 12528
2026-09-26T09:09:55+00:00
COMMAND         %CPU   RSS
mysqld          70.5 597200
isuride         15.2 19728
bench           10.9 126652
nginx            2.0  9296
nginx            1.9  9320
systemd-journal  1.5 61876
rsyslogd         0.8  5496
jbd2/sda1-8      0.8     0
systemd          0.4 12528
2026-09-26T09:09:57+00:00
COMMAND         %CPU   RSS
mysqld          72.2 605020
isuride         15.5 19692
bench           10.9 127900
curl             4.0 12288
nginx            2.1  9324
nginx            2.0  9320
systemd-journal  1.5 63068
rsyslogd         0.9  5512
jbd2/sda1-8      0.8     0
2026-09-26T09:09:59+00:00
COMMAND         %CPU   RSS
mysqld          73.8 586284
isuride         15.7 20296
bench           11.0 132472
nginx            2.1  9376
nginx            2.0  9320
systemd-journal  1.5 64112
rsyslogd         0.9  5532
jbd2/sda1-8      0.9     0
systemd          0.4 12528
2026-09-26T09:10:01+00:00
COMMAND         %CPU   RSS
mysqld          75.5 585504
isuride         15.8 20060
bench           11.0 135252
nginx            2.1  9376
nginx            2.1  9324
systemd-journal  1.6 65124
rsyslogd         0.9  5548
jbd2/sda1-8      0.9     0
systemd          0.4 12528
2026-09-26T09:10:03+00:00
COMMAND         %CPU   RSS
mysqld          77.0 585068
isuride         16.0 20044
bench           11.0 138732
nginx            2.2  9376
nginx            2.1  9348
systemd-journal  1.6 68932
rsyslogd         0.9  5568
jbd2/sda1-8      0.9     0
systemd          0.4 12528
2026-09-26T09:10:05+00:00
COMMAND         %CPU   RSS
mysqld          78.5 582408
isuride         16.2 20496
bench           11.0 140844
nginx            2.2  9380
nginx            2.1  9424
systemd-journal  1.6 71036
jbd2/sda1-8      0.9     0
rsyslogd         0.9  5584
systemd          0.4 12528
2026-09-26T09:10:07+00:00
COMMAND         %CPU   RSS
mysqld          79.9 629204
isuride         16.3 20636
bench           11.0 144924
nginx            2.2  9412
nginx            2.2  9424
systemd-journal  1.6 72220
jbd2/sda1-8      0.9     0
rsyslogd         0.9  5600
systemd          0.4 12528
2026-09-26T09:10:09+00:00
COMMAND         %CPU   RSS
mysqld          81.3 628520
isuride         16.4 21004
bench           11.0 144940
nginx            2.2  9512
nginx            2.2  9432
systemd-journal  1.6 73280
jbd2/sda1-8      0.9     0
rsyslogd         0.9  5620
kworker/1:1H-kb  0.4     0
2026-09-26T09:10:11+00:00
COMMAND         %CPU   RSS
mysqld          82.6 621524
isuride         16.5 20784
bench           11.0 150764
nginx            2.3  9532
nginx            2.2  9440
systemd-journal  1.6 74340
jbd2/sda1-8      1.0     0
rsyslogd         0.9  5636
kworker/1:1H-kb  0.4     0
2026-09-26T09:10:13+00:00
COMMAND         %CPU   RSS
mysqld          83.8 579248
isuride         16.7 18660
bench           11.0 150900
nginx            2.3  9568
nginx            2.2  9468
systemd-journal  1.7 78748
rsyslogd         0.9  5664
jbd2/sda1-8      0.9     0
kworker/1:1H-kb  0.4     0
2026-09-26T09:10:15+00:00
COMMAND         %CPU   RSS
mysqld          84.4 576236
isuride         17.1 19372
bench           11.1 160648
nginx            2.4  9568
nginx            2.3  9468
systemd-journal  1.7 80876
rsyslogd         1.0  5684
jbd2/sda1-8      0.9     0
kworker/1:1H-kb  0.4     0
