procs -----------memory---------- ---swap-- -----io---- -system-- -------cpu------- -----timestamp-----
 r  b   swpd   free   buff  cache   si   so    bi    bo   in   cs us sy id wa st gu                 UTC
 1  1      0 2992884  19448 393964    0    0  9204   960 1174    9  5  4 89  1  0  0 2026-09-26 09:09:11
14  0      0 2860680  25212 439328    0    0 21544 46904 16222 32904 28 12 44 16  0  0 2026-09-26 09:09:12
 7  1      0 2786948  27244 445664    0    0    16 13513 15660 49686 71 16 11  1  0  0 2026-09-26 09:09:13
 4  0      0 2745116  28884 441692    0    0    36  6376 23595 66915 44 16 39  1  0  0 2026-09-26 09:09:14
 6  0      0 2725992  31204 445844    0    0     0  8992 22879 67555 49 20 29  2  0  0 2026-09-26 09:09:15
 5  1      0 2725992  33916 444160    0    0    44  9740 23176 74237 46 19 33  2  0  0 2026-09-26 09:09:16
 7  0      0 2729300  36804 445416    0    0     0 12024 19151 65502 63 20 17  1  0  0 2026-09-26 09:09:17
 8  0      0 2728548  39860 446432    0    0     0 11480 22930 81708 47 23 28  2  0  0 2026-09-26 09:09:18
 3  0      0 2682976  42320 447636    0    0     0 10616 17729 61765 65 21 13  1  0  0 2026-09-26 09:09:19
 4  0      0 2715708  44448 448860    0    0     0 13376 21945 78922 56 25 17  2  0  0 2026-09-26 09:09:20
16  0      0 2701088  47012 451748    0    0     0 14184 18724 67395 65 26  7  2  0  0 2026-09-26 09:09:21
34  0      0 2704688  49788 460884    0    0     0 15340 19724 72692 64 25 10  1  0  0 2026-09-26 09:09:22
 5  0      0 2708440  51976 454312    0    0   120 12692 14992 55762 66 27  5  2  0  0 2026-09-26 09:09:23
17  1      0 2693728  54388 459976    0    0     0 24540 16396 59006 68 27  4  1  0  0 2026-09-26 09:09:24
12  1      0 2658728  56956 456696    0    0     0 17724 17623 63647 65 26  7  2  0  0 2026-09-26 09:09:25
17  0      0 2641844  58808 462620    0    0     0 19076 19197 69857 64 28  7  2  0  0 2026-09-26 09:09:26
26  0      0 2641800  60980 460536    0    0     0 19824 20238 73620 62 28  8  2  0  0 2026-09-26 09:09:27
14  1      0 2595684  62812 461876    0    0     0 15668 18314 66638 68 26  5  1  0  0 2026-09-26 09:09:28
 5  0      0 2595460  64744 463212    0    0     0 16704 20234 75680 61 27 10  2  0  0 2026-09-26 09:09:29
19  0      0 2573216  66308 464628    0    0     0 16292 18875 65711 66 26  7  1  0  0 2026-09-26 09:09:30
36  0      0 2577920  67364 476212    0    0     0 16920 19702 73423 64 27  8  2  0  0 2026-09-26 09:09:31
procs -----------memory---------- ---swap-- -----io---- -system-- -------cpu------- -----timestamp-----
 r  b   swpd   free   buff  cache   si   so    bi    bo   in   cs us sy id wa st gu                 UTC
18  0      0 2602452  68548 467156    0    0     0 15928 16056 65983 70 25  5  1  0  0 2026-09-26 09:09:32
13  0      0 2591880  69580 474808    0    0     0 15176 18034 67908 69 24  7  1  0  0 2026-09-26 09:09:33
16  1      0 2585836  71148 469844    0    0     0 17596 19164 69631 68 26  5  1  0  0 2026-09-26 09:09:34
20  0      0 2580544  72416 473516    0    0     0 16068 16143 59561 71 25  3  1  0  0 2026-09-26 09:09:35
12  0      0 2607220  73132 472240    0    0     0 17056 17665 71084 66 28  5  1  0  0 2026-09-26 09:09:36
 4  0      0 2606676  73844 476464    0    0    16 14120 17256 67076 70 25  4  1  0  0 2026-09-26 09:09:37
15  1      0 2603816  74768 477792    0    0     0 16548 18691 73807 66 27  6  1  0  0 2026-09-26 09:09:38
 4  0      0 2543416  75552 478996    0    0     0 31552 18273 67728 68 26  5  1  0  0 2026-09-26 09:09:39
15  0      0 2558340  76276 488296    0    0     0 16176 18592 69529 70 26  4  1  0  0 2026-09-26 09:09:40
 4  0      0 2568260  76700 481412    0    0     0 18336 15128 56119 75 23  2  1  0  0 2026-09-26 09:09:41
14  0      0 2543208  77164 490148    0    0     0 20164 16806 66266 68 27  4  2  0  0 2026-09-26 09:09:42
11  0      0 2565840  77744 485856    0    0     0 16620 19893 71006 67 26  5  1  0  0 2026-09-26 09:09:43
17  0      0 2509168  78276 490920    0    0     0 16096 17206 61044 70 25  4  2  0  0 2026-09-26 09:09:44
30  0      0 2508944  78836 489204    0    0     0 16772 19036 70677 68 26  5  1  0  0 2026-09-26 09:09:45
20  0      0 2466608  79160 493116    0    0     0 13572 16756 60394 73 23  3  1  0  0 2026-09-26 09:09:46
13  0      0 2487544  79460 491564    0    0     0 16272 18914 69616 64 27  7  2  0  0 2026-09-26 09:09:47
 8  1      0 2504452  79832 492780    0    0     0 16132 14501 58864 71 26  3  1  0  0 2026-09-26 09:09:48
26  0      0 2509872  80164 505912    0    0     0 14848 16213 63851 71 25  4  1  0  0 2026-09-26 09:09:49
19  1      0 2474060  80428 495396    0    0     0 15312 18075 65543 70 27  3  1  0  0 2026-09-26 09:09:50
 9  0      0 2473992  80676 503856    0    0     0 14740 17156 68112 70 26  3  1  0  0 2026-09-26 09:09:51
29  0      0 2521988  80884 497884    0    0     0 18156 17793 67743 68 28  3  1  0  0 2026-09-26 09:09:52
procs -----------memory---------- ---swap-- -----io---- -system-- -------cpu------- -----timestamp-----
 r  b   swpd   free   buff  cache   si   so    bi    bo   in   cs us sy id wa st gu                 UTC
25  0      0 2506168  81180 504820    0    0     0 18192 18008 63544 68 27  4  1  0  0 2026-09-26 09:09:53
18  1      0 2526520  81372 500168    0    0     0 36048 17041 62702 70 24  5  1  0  0 2026-09-26 09:09:54
28  1      0 2482756  81636 504164    0    0     0 17268 16289 56865 72 27  1  1  0  0 2026-09-26 09:09:55
 4  0      0 2525364  81780 502408    0    0     0 20604 16242 64410 69 25  5  2  0  0 2026-09-26 09:09:56
13  0      0 2447528  81876 506516    0    0     0 16792 15017 52979 73 25  2  0  0  0 2026-09-26 09:09:57
27  1      0 2466792  81992 516184    0    0   684 15516 15304 57904 65 31  3  1  0  0 2026-09-26 09:09:58
13  0      0 2463588  82100 506164    0    0     0 14396 14996 52099 73 25  2  1  0  0 2026-09-26 09:09:59
19  0      0 2482884  82184 515068    0    0     0 14636 15036 56874 71 26  3  1  0  0 2026-09-26 09:10:00
27  0      0 2471652  82304 508176    0    0     0 15028 15237 56727 73 25  2  1  0  0 2026-09-26 09:10:01
21  0      0 2451996  82416 514028    0    0     0 14288 15755 55994 73 24  3  1  0  0 2026-09-26 09:10:02
19  1      0 2459484  82488 511472    0    0     0 16740 16917 61634 72 26  2  0  0  0 2026-09-26 09:10:03
12  0      0 2436164  82528 515452    0    0     0 13356 15556 52599 75 22  2  1  0  0 2026-09-26 09:10:04
26  1      0 2480264  82656 513404    0    0     0 16624 18237 65248 69 26  4  1  0  0 2026-09-26 09:10:05
35  0      0 2430704  82724 516124    0    0     0 12500 15287 50969 73 26  1  0  0  0 2026-09-26 09:10:06
66  0      0 2482800  82796 521616    0    0     0 15252 16439 62395 71 26  3  1  0  0 2026-09-26 09:10:07
16  0      0 2411740  82852 516576    0    0    16 13760 15295 53633 76 22  2  0  0  0 2026-09-26 09:10:08
27  0      0 2408120  82892 524316    0    0     0 13780 16318 60817 71 23  5  1  0  0 2026-09-26 09:10:09
17  0      0 2420424  82916 518704    0    0     0 33240 13802 53028 73 26  1  1  0  0 2026-09-26 09:10:10
46  1      0 2424700  82940 524560    0    0     0 17204 17165 57672 71 25  4  1  0  0 2026-09-26 09:10:11
13  1      0 2505880  82984 520536    0    0     0 11760 13668 50551 72 25  2  1  0  0 2026-09-26 09:10:12
12  0      0 2513228  82988 521816    0    0     0  4920 14865 68945 79 19  2  0  0  0 2026-09-26 09:10:13
procs -----------memory---------- ---swap-- -----io---- -system-- -------cpu------- -----timestamp-----
 r  b   swpd   free   buff  cache   si   so    bi    bo   in   cs us sy id wa st gu                 UTC
16  0      0 2508944  82988 523100    0    0     0  1276 16593 76841 68 21 11  0  0  0 2026-09-26 09:10:14
26  0      0 2506676  82992 523852    0    0     0  1140 12152 45334 68 26  6  0  0  0 2026-09-26 09:10:15
14  0      0 2510420  82992 524964    0    0     0   872 15030 65121 71 22  7  0  0  0 2026-09-26 09:10:16
