time=00:17:52.093 level=DEBUG source=/tmp/isucon14/bench/cmd/run.go:90 msg=target targetURL=https://isuride.xiv.isucon.net targetAddr=127.0.0.1:443 benchrun.GetTargetAddress()="" paymentURL=http://127.0.0.1:12346
time=00:17:52.094 level=INFO msg=負荷走行を開始します
time=00:17:54.791 level=DEBUG source=/tmp/isucon14/bench/benchmarker/scenario/scenario.go:315 msg=時間経過 tick=60
time=00:17:54.791 level=DEBUG source=/tmp/isucon14/bench/benchmarker/scenario/scenario.go:317 msg=eval reqs=7 score="[0 0 0 4 3]" criteria="[7 3 7 7]"
time=00:17:56.054 level=WARN msg="ユーザー登録に失敗しました (CODE=17): POST /api/app/usersへのリクエストに対して、期待されたHTTPステータスコードが確認できませんでした (expected:201, actual:500)"
time=00:17:56.577 level=INFO msg=一定の売上が立ったためオーナーの椅子が増加します 名前=いすの道 増加数=2
time=00:17:56.577 level=INFO msg=一定の売上が立ったためオーナーの椅子が増加します 名前=椅子再生工房 増加数=1
time=00:17:56.582 level=INFO msg=一定の売上が立ったためオーナーの椅子が増加します 名前=ComfortWorks 増加数=1
time=00:17:56.591 level=DEBUG source=/tmp/isucon14/bench/benchmarker/scenario/scenario.go:315 msg=時間経過 tick=120
time=00:17:56.592 level=DEBUG source=/tmp/isucon14/bench/benchmarker/scenario/scenario.go:317 msg=eval reqs=21 score="[0 0 0 13 8]" criteria="[21 8 21 21]"
time=00:17:58.385 level=INFO msg=一定の売上が立ったためオーナーの椅子が増加します 名前=ComfortWorks 増加数=2
time=00:17:58.385 level=INFO msg=一定の売上が立ったためオーナーの椅子が増加します 名前=座心工房 増加数=1
time=00:17:58.392 level=INFO msg=これまでに地域内の評判によって8人、既存ユーザーの招待経由で31人が新規登録しました
time=00:17:58.392 level=INFO msg=0.0%のライドは椅子がマッチされるまでの時間、71.9%のライドはマッチされた椅子が乗車地点までに掛かる時間、1.6%のライドは椅子の実移動時間に不満がありました
time=00:17:58.392 level=DEBUG source=/tmp/isucon14/bench/benchmarker/scenario/scenario.go:315 msg=時間経過 tick=180
time=00:17:58.392 level=DEBUG source=/tmp/isucon14/bench/benchmarker/scenario/scenario.go:317 msg=eval reqs=32 score="[0 0 0 24 8]" criteria="[32 9 32 31]"
time=00:17:58.396 level=INFO msg=一定の売上が立ったためオーナーの椅子が増加します 名前=暮らしの椅子研究所 増加数=1
time=00:18:00.190 level=INFO msg=一定の売上が立ったためオーナーの椅子が増加します 名前=椅子再生工房 増加数=1
time=00:18:00.191 level=INFO msg=一定の売上が立ったためオーナーの椅子が増加します 名前=いすの道 増加数=1
time=00:18:00.193 level=DEBUG source=/tmp/isucon14/bench/benchmarker/scenario/scenario.go:315 msg=時間経過 tick=240
time=00:18:00.193 level=DEBUG source=/tmp/isucon14/bench/benchmarker/scenario/scenario.go:317 msg=eval reqs=37 score="[0 0 4 25 8]" criteria="[37 9 37 32]"
time=00:18:00.232 level=INFO msg=一定の売上が立ったためオーナーの椅子が増加します 名前=暮らしの椅子研究所 増加数=1
time=00:18:01.986 level=INFO msg=一定の売上が立ったためオーナーの椅子が増加します 名前=座心工房 増加数=1
time=00:18:01.992 level=DEBUG source=/tmp/isucon14/bench/benchmarker/scenario/scenario.go:315 msg=時間経過 tick=300
time=00:18:01.992 level=DEBUG source=/tmp/isucon14/bench/benchmarker/scenario/scenario.go:317 msg=eval reqs=43 score="[0 1 7 27 8]" criteria="[43 9 41 35]"
time=00:18:01.992 level=INFO msg=一定の売上が立ったためオーナーの椅子が増加します 名前=暮らしの椅子研究所 増加数=1
time=00:18:03.791 level=INFO msg=これまでに地域内の評判によって20人、既存ユーザーの招待経由で35人が新規登録しました
time=00:18:03.791 level=INFO msg=これまでに低評価なライドによって1人が利用をやめました
time=00:18:03.791 level=INFO msg=0.0%のライドは椅子がマッチされるまでの時間、78.3%のライドはマッチされた椅子が乗車地点までに掛かる時間、16.3%のライドは椅子の実移動時間に不満がありました
time=00:18:03.791 level=DEBUG source=/tmp/isucon14/bench/benchmarker/scenario/scenario.go:315 msg=時間経過 tick=360
time=00:18:03.791 level=DEBUG source=/tmp/isucon14/bench/benchmarker/scenario/scenario.go:317 msg=eval reqs=46 score="[0 3 7 28 8]" criteria="[46 10 42 35]"
time=00:18:03.808 level=INFO msg=一定の売上が立ったためオーナーの椅子が増加します 名前=いすの道 増加数=1
time=00:18:05.581 level=INFO msg=一定の売上が立ったためオーナーの椅子が増加します 名前=椅子再生工房 増加数=2
time=00:18:05.583 level=INFO msg=一定の売上が立ったためオーナーの椅子が増加します 名前=座心工房 増加数=1
time=00:18:05.592 level=DEBUG source=/tmp/isucon14/bench/benchmarker/scenario/scenario.go:315 msg=時間経過 tick=420
time=00:18:05.592 level=DEBUG source=/tmp/isucon14/bench/benchmarker/scenario/scenario.go:317 msg=eval reqs=53 score="[3 6 8 28 8]" criteria="[49 10 43 36]"
time=00:18:07.391 level=DEBUG source=/tmp/isucon14/bench/benchmarker/scenario/scenario.go:315 msg=時間経過 tick=480
time=00:18:07.391 level=DEBUG source=/tmp/isucon14/bench/benchmarker/scenario/scenario.go:317 msg=eval reqs=58 score="[5 7 9 29 8]" criteria="[51 11 44 38]"
time=00:18:07.418 level=INFO msg=一定の売上が立ったためオーナーの椅子が増加します 名前=いすの道 増加数=2
time=00:18:09.192 level=DEBUG source=/tmp/isucon14/bench/benchmarker/scenario/scenario.go:315 msg=時間経過 tick=540
time=00:18:09.192 level=DEBUG source=/tmp/isucon14/bench/benchmarker/scenario/scenario.go:317 msg=eval reqs=66 score="[8 11 10 29 8]" criteria="[54 12 45 39]"
time=00:18:09.192 level=INFO msg=これまでに地域内の評判によって31人、既存ユーザーの招待経由で36人が新規登録しました
time=00:18:09.192 level=INFO msg=これまでに低評価なライドによって12人が利用をやめました
time=00:18:09.192 level=INFO msg=18.2%のライドは椅子がマッチされるまでの時間、81.8%のライドはマッチされた椅子が乗車地点までに掛かる時間、36.4%のライドは椅子の実移動時間に不満がありました
time=00:18:09.203 level=INFO msg=一定の売上が立ったためオーナーの椅子が増加します 名前=椅子再生工房 増加数=2
time=00:18:09.208 level=INFO msg=一定の売上が立ったためオーナーの椅子が増加します 名前=座心工房 増加数=1
time=00:18:09.213 level=INFO msg=一定の売上が立ったためオーナーの椅子が増加します 名前=ComfortWorks 増加数=1
time=00:18:10.991 level=DEBUG source=/tmp/isucon14/bench/benchmarker/scenario/scenario.go:315 msg=時間経過 tick=600
time=00:18:10.991 level=DEBUG source=/tmp/isucon14/bench/benchmarker/scenario/scenario.go:317 msg=eval reqs=74 score="[10 15 12 29 8]" criteria="[55 14 48 41]"
time=00:18:11.041 level=INFO msg=一定の売上が立ったためオーナーの椅子が増加します 名前=椅子再生工房 増加数=1
time=00:18:11.049 level=INFO msg=一定の売上が立ったためオーナーの椅子が増加します 名前=いすの道 増加数=1
time=00:18:12.791 level=DEBUG source=/tmp/isucon14/bench/benchmarker/scenario/scenario.go:315 msg=時間経過 tick=660
time=00:18:12.791 level=DEBUG source=/tmp/isucon14/bench/benchmarker/scenario/scenario.go:317 msg=eval reqs=86 score="[16 20 13 29 8]" criteria="[58 14 49 44]"
time=00:18:12.809 level=INFO msg=一定の売上が立ったためオーナーの椅子が増加します 名前=暮らしの椅子研究所 増加数=1
time=00:18:12.820 level=INFO msg=一定の売上が立ったためオーナーの椅子が増加します 名前=ComfortWorks 増加数=1
time=00:18:12.821 level=INFO msg=一定の売上が立ったためオーナーの椅子が増加します 名前=座心工房 増加数=1
time=00:18:12.847 level=INFO msg=一定の売上が立ったためオーナーの椅子が増加します 名前=椅子再生工房 増加数=1
time=00:18:14.592 level=INFO msg=これまでに地域内の評判によって40人、既存ユーザーの招待経由で37人が新規登録しました
time=00:18:14.592 level=INFO msg=これまでに低評価なライドによって29人が利用をやめました
time=00:18:14.592 level=INFO msg=35.6%のライドは椅子がマッチされるまでの時間、85.1%のライドはマッチされた椅子が乗車地点までに掛かる時間、52.0%のライドは椅子の実移動時間に不満がありました
time=00:18:14.592 level=DEBUG source=/tmp/isucon14/bench/benchmarker/scenario/scenario.go:315 msg=時間経過 tick=720
time=00:18:14.592 level=DEBUG source=/tmp/isucon14/bench/benchmarker/scenario/scenario.go:317 msg=eval reqs=101 score="[21 29 13 30 8]" criteria="[65 15 51 46]"
time=00:18:14.637 level=INFO msg=一定の売上が立ったためオーナーの椅子が増加します 名前=ComfortWorks 増加数=1
time=00:18:14.637 level=INFO msg=一定の売上が立ったためオーナーの椅子が増加します 名前=暮らしの椅子研究所 増加数=1
time=00:18:14.659 level=INFO msg=一定の売上が立ったためオーナーの椅子が増加します 名前=椅子再生工房 増加数=1
time=00:18:14.660 level=INFO msg=一定の売上が立ったためオーナーの椅子が増加します 名前=いすの道 増加数=1
time=00:18:16.391 level=DEBUG source=/tmp/isucon14/bench/benchmarker/scenario/scenario.go:315 msg=時間経過 tick=780
time=00:18:16.391 level=DEBUG source=/tmp/isucon14/bench/benchmarker/scenario/scenario.go:317 msg=eval reqs=109 score="[23 34 14 30 8]" criteria="[71 15 51 47]"
time=00:18:16.406 level=INFO msg=一定の売上が立ったためオーナーの椅子が増加します 名前=ComfortWorks 増加数=1
time=00:18:16.407 level=INFO msg=一定の売上が立ったためオーナーの椅子が増加します 名前=いすの道 増加数=1
time=00:18:16.407 level=INFO msg=一定の売上が立ったためオーナーの椅子が増加します 名前=座心工房 増加数=1
time=00:18:16.447 level=INFO msg=一定の売上が立ったためオーナーの椅子が増加します 名前=椅子再生工房 増加数=1
time=00:18:18.191 level=DEBUG source=/tmp/isucon14/bench/benchmarker/scenario/scenario.go:315 msg=時間経過 tick=840
time=00:18:18.191 level=DEBUG source=/tmp/isucon14/bench/benchmarker/scenario/scenario.go:317 msg=eval reqs=123 score="[27 42 15 31 8]" criteria="[81 17 51 48]"
time=00:18:18.244 level=INFO msg=一定の売上が立ったためオーナーの椅子が増加します 名前=暮らしの椅子研究所 増加数=1
time=00:18:18.245 level=INFO msg=一定の売上が立ったためオーナーの椅子が増加します 名前=椅子再生工房 増加数=1
time=00:18:18.245 level=INFO msg=一定の売上が立ったためオーナーの椅子が増加します 名前=座心工房 増加数=1
time=00:18:18.257 level=INFO msg=一定の売上が立ったためオーナーの椅子が増加します 名前=ComfortWorks 増加数=1
time=00:18:19.980 level=WARN msg="ユーザー登録に失敗しました (CODE=17): POST /api/app/usersへのリクエストに対して、期待されたHTTPステータスコードが確認できませんでした (expected:201, actual:500)"
time=00:18:19.991 level=DEBUG source=/tmp/isucon14/bench/benchmarker/scenario/scenario.go:315 msg=時間経過 tick=900
time=00:18:19.992 level=DEBUG source=/tmp/isucon14/bench/benchmarker/scenario/scenario.go:317 msg=eval reqs=142 score="[28 51 16 38 9]" criteria="[97 26 57 53]"
time=00:18:19.992 level=INFO msg=これまでに地域内の評判によって49人、既存ユーザーの招待経由で43人が新規登録しました
time=00:18:19.992 level=INFO msg=これまでに低評価なライドによって42人が利用をやめました
time=00:18:19.992 level=INFO msg=31.7%のライドは椅子がマッチされるまでの時間、81.7%のライドはマッチされた椅子が乗車地点までに掛かる時間、61.3%のライドは椅子の実移動時間に不満がありました
time=00:18:20.018 level=INFO msg=一定の売上が立ったためオーナーの椅子が増加します 名前=座心工房 増加数=1
time=00:18:20.019 level=INFO msg=一定の売上が立ったためオーナーの椅子が増加します 名前=ComfortWorks 増加数=1
time=00:18:20.019 level=INFO msg=一定の売上が立ったためオーナーの椅子が増加します 名前=椅子再生工房 増加数=1
time=00:18:20.068 level=INFO msg=一定の売上が立ったためオーナーの椅子が増加します 名前=いすの道 増加数=1
time=00:18:21.791 level=DEBUG source=/tmp/isucon14/bench/benchmarker/scenario/scenario.go:315 msg=時間経過 tick=960
time=00:18:21.791 level=DEBUG source=/tmp/isucon14/bench/benchmarker/scenario/scenario.go:317 msg=eval reqs=163 score="[30 58 21 43 11]" criteria="[116 38 64 55]"
time=00:18:21.871 level=INFO msg=一定の売上が立ったためオーナーの椅子が増加します 名前=ComfortWorks 増加数=2
time=00:18:21.877 level=INFO msg=一定の売上が立ったためオーナーの椅子が増加します 名前=座心工房 増加数=3
time=00:18:21.878 level=INFO msg=一定の売上が立ったためオーナーの椅子が増加します 名前=椅子再生工房 増加数=1
time=00:18:21.919 level=INFO msg=一定の売上が立ったためオーナーの椅子が増加します 名前=暮らしの椅子研究所 増加数=1
time=00:18:23.592 level=DEBUG source=/tmp/isucon14/bench/benchmarker/scenario/scenario.go:315 msg=時間経過 tick=1020
time=00:18:23.592 level=DEBUG source=/tmp/isucon14/bench/benchmarker/scenario/scenario.go:317 msg=eval reqs=181 score="[34 62 25 47 13]" criteria="[130 48 70 57]"
time=00:18:23.632 level=INFO msg=一定の売上が立ったためオーナーの椅子が増加します 名前=椅子再生工房 増加数=2
time=00:18:23.701 level=INFO msg=一定の売上が立ったためオーナーの椅子が増加します 名前=座心工房 増加数=1
time=00:18:23.702 level=INFO msg=一定の売上が立ったためオーナーの椅子が増加します 名前=いすの道 増加数=2
time=00:18:23.761 level=INFO msg=一定の売上が立ったためオーナーの椅子が増加します 名前=ComfortWorks 増加数=1
time=00:18:25.391 level=DEBUG source=/tmp/isucon14/bench/benchmarker/scenario/scenario.go:315 msg=時間経過 tick=1080
time=00:18:25.391 level=DEBUG source=/tmp/isucon14/bench/benchmarker/scenario/scenario.go:317 msg=eval reqs=201 score="[34 69 32 52 14]" criteria="[150 61 73 61]"
time=00:18:25.391 level=INFO msg=これまでに地域内の評判によって60人、既存ユーザーの招待経由で62人が新規登録しました
time=00:18:25.391 level=INFO msg=これまでに低評価なライドによって56人が利用をやめました
time=00:18:25.391 level=INFO msg=25.4%のライドは椅子がマッチされるまでの時間、69.7%のライドはマッチされた椅子が乗車地点までに掛かる時間、66.7%のライドは椅子の実移動時間に不満がありました
time=00:18:25.415 level=INFO msg=一定の売上が立ったためオーナーの椅子が増加します 名前=椅子再生工房 増加数=1
time=00:18:25.415 level=INFO msg=一定の売上が立ったためオーナーの椅子が増加します 名前=座心工房 増加数=1
time=00:18:25.436 level=INFO msg=一定の売上が立ったためオーナーの椅子が増加します 名前=暮らしの椅子研究所 増加数=1
time=00:18:25.447 level=INFO msg=一定の売上が立ったためオーナーの椅子が増加します 名前=いすの道 増加数=1
time=00:18:25.468 level=INFO msg=一定の売上が立ったためオーナーの椅子が増加します 名前=ComfortWorks 増加数=1
time=00:18:26.134 level=WARN msg="ユーザー登録に失敗しました (CODE=17): POST /api/app/usersへのリクエストに対して、期待されたHTTPステータスコードが確認できませんでした (expected:201, actual:500)"
time=00:18:27.192 level=DEBUG source=/tmp/isucon14/bench/benchmarker/scenario/scenario.go:315 msg=時間経過 tick=1140
time=00:18:27.192 level=DEBUG source=/tmp/isucon14/bench/benchmarker/scenario/scenario.go:317 msg=eval reqs=226 score="[39 75 39 57 16]" criteria="[170 75 78 65]"
time=00:18:27.293 level=INFO msg=一定の売上が立ったためオーナーの椅子が増加します 名前=暮らしの椅子研究所 増加数=1
time=00:18:27.306 level=INFO msg=一定の売上が立ったためオーナーの椅子が増加します 名前=椅子再生工房 増加数=1
time=00:18:27.329 level=INFO msg=一定の売上が立ったためオーナーの椅子が増加します 名前=座心工房 増加数=1
time=00:18:27.330 level=INFO msg=一定の売上が立ったためオーナーの椅子が増加します 名前=ComfortWorks 増加数=1
time=00:18:27.352 level=INFO msg=一定の売上が立ったためオーナーの椅子が増加します 名前=いすの道 増加数=2
time=00:18:28.992 level=DEBUG source=/tmp/isucon14/bench/benchmarker/scenario/scenario.go:315 msg=時間経過 tick=1200
time=00:18:28.992 level=DEBUG source=/tmp/isucon14/bench/benchmarker/scenario/scenario.go:317 msg=eval reqs=251 score="[39 85 52 59 16]" criteria="[195 90 79 66]"
time=00:18:29.098 level=INFO msg=一定の売上が立ったためオーナーの椅子が増加します 名前=座心工房 増加数=1
time=00:18:29.118 level=INFO msg=一定の売上が立ったためオーナーの椅子が増加します 名前=ComfortWorks 増加数=2
time=00:18:29.148 level=INFO msg=一定の売上が立ったためオーナーの椅子が増加します 名前=いすの道 増加数=1
time=00:18:29.200 level=INFO msg=一定の売上が立ったためオーナーの椅子が増加します 名前=椅子再生工房 増加数=3
time=00:18:30.792 level=INFO msg=これまでに地域内の評判によって72人、既存ユーザーの招待経由で73人が新規登録しました
time=00:18:30.792 level=INFO msg=これまでに低評価なライドによって70人が利用をやめました
time=00:18:30.792 level=INFO msg=20.5%のライドは椅子がマッチされるまでの時間、60.8%のライドはマッチされた椅子が乗車地点までに掛かる時間、72.5%のライドは椅子の実移動時間に不満がありました
time=00:18:30.792 level=DEBUG source=/tmp/isucon14/bench/benchmarker/scenario/scenario.go:315 msg=時間経過 tick=1260
time=00:18:30.792 level=DEBUG source=/tmp/isucon14/bench/benchmarker/scenario/scenario.go:317 msg=eval reqs=278 score="[40 92 63 67 16]" criteria="[221 109 85 68]"
time=00:18:30.870 level=INFO msg=一定の売上が立ったためオーナーの椅子が増加します 名前=暮らしの椅子研究所 増加数=1
time=00:18:30.924 level=INFO msg=一定の売上が立ったためオーナーの椅子が増加します 名前=いすの道 増加数=2
time=00:18:30.949 level=INFO msg=一定の売上が立ったためオーナーの椅子が増加します 名前=椅子再生工房 増加数=1
time=00:18:30.951 level=INFO msg=一定の売上が立ったためオーナーの椅子が増加します 名前=ComfortWorks 増加数=1
time=00:18:30.972 level=INFO msg=一定の売上が立ったためオーナーの椅子が増加します 名前=座心工房 増加数=2
time=00:18:32.592 level=DEBUG source=/tmp/isucon14/bench/benchmarker/scenario/scenario.go:315 msg=時間経過 tick=1320
time=00:18:32.592 level=DEBUG source=/tmp/isucon14/bench/benchmarker/scenario/scenario.go:317 msg=eval reqs=304 score="[40 99 76 73 16]" criteria="[247 128 89 70]"
time=00:18:32.648 level=INFO msg=一定の売上が立ったためオーナーの椅子が増加します 名前=いすの道 増加数=2
time=00:18:32.707 level=INFO msg=一定の売上が立ったためオーナーの椅子が増加します 名前=座心工房 増加数=1
time=00:18:32.740 level=INFO msg=一定の売上が立ったためオーナーの椅子が増加します 名前=ComfortWorks 増加数=2
time=00:18:32.759 level=INFO msg=一定の売上が立ったためオーナーの椅子が増加します 名前=椅子再生工房 増加数=1
time=00:18:32.787 level=INFO msg=一定の売上が立ったためオーナーの椅子が増加します 名前=暮らしの椅子研究所 増加数=2
time=00:18:34.392 level=DEBUG source=/tmp/isucon14/bench/benchmarker/scenario/scenario.go:315 msg=時間経過 tick=1380
time=00:18:34.392 level=DEBUG source=/tmp/isucon14/bench/benchmarker/scenario/scenario.go:317 msg=eval reqs=332 score="[41 107 91 77 16]" criteria="[274 147 92 71]"
time=00:18:34.495 level=INFO msg=一定の売上が立ったためオーナーの椅子が増加します 名前=座心工房 増加数=3
time=00:18:34.554 level=INFO msg=一定の売上が立ったためオーナーの椅子が増加します 名前=いすの道 増加数=1
time=00:18:34.569 level=INFO msg=一定の売上が立ったためオーナーの椅子が増加します 名前=椅子再生工房 増加数=2
time=00:18:34.758 level=INFO msg=一定の売上が立ったためオーナーの椅子が増加します 名前=ComfortWorks 増加数=2
time=00:18:36.191 level=DEBUG source=/tmp/isucon14/bench/benchmarker/scenario/scenario.go:315 msg=時間経過 tick=1440
time=00:18:36.191 level=DEBUG source=/tmp/isucon14/bench/benchmarker/scenario/scenario.go:317 msg=eval reqs=357 score="[41 113 105 82 16]" criteria="[299 166 96 72]"
time=00:18:36.191 level=INFO msg=これまでに地域内の評判によって84人、既存ユーザーの招待経由で86人が新規登録しました
time=00:18:36.191 level=INFO msg=これまでに低評価なライドによって79人が利用をやめました
time=00:18:36.191 level=INFO msg=16.2%のライドは椅子がマッチされるまでの時間、53.5%のライドはマッチされた椅子が乗車地点までに掛かる時間、76.5%のライドは椅子の実移動時間に不満がありました
time=00:18:36.312 level=INFO msg=一定の売上が立ったためオーナーの椅子が増加します 名前=暮らしの椅子研究所 増加数=2
time=00:18:36.350 level=INFO msg=一定の売上が立ったためオーナーの椅子が増加します 名前=椅子再生工房 増加数=1
time=00:18:36.357 level=INFO msg=一定の売上が立ったためオーナーの椅子が増加します 名前=いすの道 増加数=1
time=00:18:36.359 level=INFO msg=一定の売上が立ったためオーナーの椅子が増加します 名前=座心工房 増加数=1
time=00:18:36.474 level=INFO msg=一定の売上が立ったためオーナーの椅子が増加します 名前=ComfortWorks 増加数=1
time=00:18:37.992 level=DEBUG source=/tmp/isucon14/bench/benchmarker/scenario/scenario.go:315 msg=時間経過 tick=1500
time=00:18:37.992 level=DEBUG source=/tmp/isucon14/bench/benchmarker/scenario/scenario.go:317 msg=eval reqs=385 score="[42 116 123 88 16]" criteria="[326 190 101 73]"
time=00:18:38.056 level=INFO msg=一定の売上が立ったためオーナーの椅子が増加します 名前=暮らしの椅子研究所 増加数=2
time=00:18:38.213 level=INFO msg=一定の売上が立ったためオーナーの椅子が増加します 名前=座心工房 増加数=1
time=00:18:38.256 level=INFO msg=一定の売上が立ったためオーナーの椅子が増加します 名前=いすの道 増加数=1
time=00:18:38.316 level=INFO msg=一定の売上が立ったためオーナーの椅子が増加します 名前=椅子再生工房 増加数=2
time=00:18:38.341 level=INFO msg=一定の売上が立ったためオーナーの椅子が増加します 名前=ComfortWorks 増加数=2
time=00:18:38.515 level=WARN msg="ユーザー登録に失敗しました (CODE=17): POST /api/app/usersへのリクエストに対して、期待されたHTTPステータスコードが確認できませんでした (expected:201, actual:500)"
time=00:18:39.792 level=DEBUG source=/tmp/isucon14/bench/benchmarker/scenario/scenario.go:315 msg=時間経過 tick=1560
time=00:18:39.792 level=DEBUG source=/tmp/isucon14/bench/benchmarker/scenario/scenario.go:317 msg=eval reqs=409 score="[42 118 142 90 17]" criteria="[350 212 104 74]"
time=00:18:39.977 level=INFO msg=一定の売上が立ったためオーナーの椅子が増加します 名前=いすの道 増加数=1
time=00:18:39.985 level=INFO msg=一定の売上が立ったためオーナーの椅子が増加します 名前=座心工房 増加数=1
time=00:18:40.024 level=INFO msg=一定の売上が立ったためオーナーの椅子が増加します 名前=椅子再生工房 増加数=1
time=00:18:40.041 level=INFO msg=一定の売上が立ったためオーナーの椅子が増加します 名前=ComfortWorks 増加数=1
time=00:18:41.592 level=DEBUG source=/tmp/isucon14/bench/benchmarker/scenario/scenario.go:315 msg=時間経過 tick=1620
time=00:18:41.592 level=DEBUG source=/tmp/isucon14/bench/benchmarker/scenario/scenario.go:317 msg=eval reqs=439 score="[43 124 163 92 17]" criteria="[379 235 106 74]"
time=00:18:41.592 level=INFO msg=これまでに地域内の評判によって96人、既存ユーザーの招待経由で97人が新規登録しました
time=00:18:41.592 level=INFO msg=これまでに低評価なライドによって84人が利用をやめました
time=00:18:41.592 level=INFO msg=13.7%のライドは椅子がマッチされるまでの時間、46.5%のライドはマッチされた椅子が乗車地点までに掛かる時間、79.5%のライドは椅子の実移動時間に不満がありました
time=00:18:41.751 level=INFO msg=一定の売上が立ったためオーナーの椅子が増加します 名前=いすの道 増加数=1
time=00:18:41.759 level=INFO msg=一定の売上が立ったためオーナーの椅子が増加します 名前=暮らしの椅子研究所 増加数=1
time=00:18:41.762 level=INFO msg=一定の売上が立ったためオーナーの椅子が増加します 名前=座心工房 増加数=2
time=00:18:41.787 level=INFO msg=一定の売上が立ったためオーナーの椅子が増加します 名前=ComfortWorks 増加数=1
time=00:18:42.035 level=INFO msg=一定の売上が立ったためオーナーの椅子が増加します 名前=椅子再生工房 増加数=3
time=00:18:43.392 level=DEBUG source=/tmp/isucon14/bench/benchmarker/scenario/scenario.go:315 msg=時間経過 tick=1680
time=00:18:43.392 level=DEBUG source=/tmp/isucon14/bench/benchmarker/scenario/scenario.go:317 msg=eval reqs=474 score="[43 126 192 96 17]" criteria="[414 268 109 75]"
time=00:18:43.547 level=INFO msg=一定の売上が立ったためオーナーの椅子が増加します 名前=ComfortWorks 増加数=3
time=00:18:43.800 level=INFO msg=一定の売上が立ったためオーナーの椅子が増加します 名前=座心工房 増加数=2
time=00:18:43.802 level=INFO msg=一定の売上が立ったためオーナーの椅子が増加します 名前=いすの道 増加数=1
time=00:18:45.192 level=DEBUG source=/tmp/isucon14/bench/benchmarker/scenario/scenario.go:315 msg=時間経過 tick=1740
time=00:18:45.192 level=DEBUG source=/tmp/isucon14/bench/benchmarker/scenario/scenario.go:317 msg=eval reqs=501 score="[43 129 213 99 17]" criteria="[441 292 111 76]"
time=00:18:45.388 level=INFO msg=一定の売上が立ったためオーナーの椅子が増加します 名前=ComfortWorks 増加数=1
time=00:18:45.422 level=INFO msg=一定の売上が立ったためオーナーの椅子が増加します 名前=椅子再生工房 増加数=1
time=00:18:45.496 level=INFO msg=一定の売上が立ったためオーナーの椅子が増加します 名前=座心工房 増加数=1
time=00:18:45.509 level=INFO msg=一定の売上が立ったためオーナーの椅子が増加します 名前=暮らしの椅子研究所 増加数=1
time=00:18:45.558 level=INFO msg=一定の売上が立ったためオーナーの椅子が増加します 名前=いすの道 増加数=2
time=00:18:46.991 level=INFO msg=これまでに地域内の評判によって108人、既存ユーザーの招待経由で106人が新規登録しました
time=00:18:46.991 level=INFO msg=これまでに低評価なライドによって84人が利用をやめました
time=00:18:46.991 level=INFO msg=11.4%のライドは椅子がマッチされるまでの時間、39.8%のライドはマッチされた椅子が乗車地点までに掛かる時間、82.0%のライドは椅子の実移動時間に不満がありました
time=00:18:46.991 level=DEBUG source=/tmp/isucon14/bench/benchmarker/scenario/scenario.go:315 msg=時間経過 tick=1800
time=00:18:46.991 level=DEBUG source=/tmp/isucon14/bench/benchmarker/scenario/scenario.go:317 msg=eval reqs=528 score="[43 130 236 102 17]" criteria="[468 318 112 78]"
time=00:18:47.139 level=INFO msg=一定の売上が立ったためオーナーの椅子が増加します 名前=暮らしの椅子研究所 増加数=1
time=00:18:47.178 level=INFO msg=一定の売上が立ったためオーナーの椅子が増加します 名前=座心工房 増加数=1
time=00:18:47.413 level=INFO msg=一定の売上が立ったためオーナーの椅子が増加します 名前=いすの道 増加数=2
time=00:18:47.418 level=INFO msg=一定の売上が立ったためオーナーの椅子が増加します 名前=ComfortWorks 増加数=1
time=00:18:47.564 level=INFO msg=一定の売上が立ったためオーナーの椅子が増加します 名前=椅子再生工房 増加数=1
time=00:18:48.792 level=DEBUG source=/tmp/isucon14/bench/benchmarker/scenario/scenario.go:315 msg=時間経過 tick=1860
time=00:18:48.793 level=DEBUG source=/tmp/isucon14/bench/benchmarker/scenario/scenario.go:317 msg=eval reqs=554 score="[43 135 256 103 17]" criteria="[494 339 113 78]"
time=00:18:48.881 level=INFO msg=一定の売上が立ったためオーナーの椅子が増加します 名前=椅子再生工房 増加数=1
time=00:18:48.883 level=INFO msg=一定の売上が立ったためオーナーの椅子が増加します 名前=暮らしの椅子研究所 増加数=2
time=00:18:48.994 level=INFO msg=一定の売上が立ったためオーナーの椅子が増加します 名前=いすの道 増加数=1
time=00:18:49.096 level=INFO msg=一定の売上が立ったためオーナーの椅子が増加します 名前=ComfortWorks 増加数=1
time=00:18:50.592 level=DEBUG source=/tmp/isucon14/bench/benchmarker/scenario/scenario.go:315 msg=時間経過 tick=1920
time=00:18:50.592 level=DEBUG source=/tmp/isucon14/bench/benchmarker/scenario/scenario.go:317 msg=eval reqs=583 score="[43 136 282 105 17]" criteria="[523 367 114 79]"
time=00:18:50.829 level=INFO msg=一定の売上が立ったためオーナーの椅子が増加します 名前=ComfortWorks 増加数=2
time=00:18:50.889 level=INFO msg=一定の売上が立ったためオーナーの椅子が増加します 名前=座心工房 増加数=1
time=00:18:50.998 level=INFO msg=一定の売上が立ったためオーナーの椅子が増加します 名前=椅子再生工房 増加数=3
time=00:18:52.391 level=INFO msg=これまでに地域内の評判によって120人、既存ユーザーの招待経由で110人が新規登録しました
time=00:18:52.391 level=INFO msg=これまでに低評価なライドによって85人が利用をやめました
time=00:18:52.391 level=INFO msg=9.8%のライドは椅子がマッチされるまでの時間、35.5%のライドはマッチされた椅子が乗車地点までに掛かる時間、84.2%のライドは椅子の実移動時間に不満がありました
time=00:18:52.391 level=DEBUG source=/tmp/isucon14/bench/benchmarker/scenario/scenario.go:315 msg=時間経過 tick=1980
time=00:18:52.391 level=DEBUG source=/tmp/isucon14/bench/benchmarker/scenario/scenario.go:317 msg=eval reqs=612 score="[43 137 309 106 17]" criteria="[552 395 115 79]"
time=00:18:52.495 level=INFO msg=一定の売上が立ったためオーナーの椅子が増加します 名前=暮らしの椅子研究所 増加数=2
time=00:18:52.643 level=WARN msg="取得した付近の椅子情報に不備があります (CODE=30): ID:01M3F4QEM0MGKC57WGCXDVCKAVの椅子は既にライド中です"
time=00:18:52.717 level=INFO msg=一定の売上が立ったためオーナーの椅子が増加します 名前=ComfortWorks 増加数=1
time=00:18:52.718 level=INFO msg=一定の売上が立ったためオーナーの椅子が増加します 名前=座心工房 増加数=1
time=00:18:52.776 level=INFO msg=一定の売上が立ったためオーナーの椅子が増加します 名前=いすの道 増加数=2
time=00:18:57.994 level=INFO msg=最終地域情報 名前=チェアタウン ユーザー登録数=137 アクティブユーザー数=88
time=00:18:57.994 level=INFO msg=最終地域情報 名前=コシカケシティ ユーザー登録数=107 アクティブユーザー数=70
time=00:18:57.994 level=INFO msg=最終オーナー情報 名前=いすの道 売上=756500 椅子数=37
time=00:18:57.994 level=INFO msg=最終オーナー情報 名前=座心工房 売上=688300 椅子数=36
time=00:18:57.994 level=INFO msg=最終オーナー情報 名前=暮らしの椅子研究所 売上=448300 椅子数=27
time=00:18:57.994 level=INFO msg=最終オーナー情報 名前=椅子再生工房 売上=874300 椅子数=41
time=00:18:57.994 level=INFO msg=最終オーナー情報 名前=ComfortWorks 売上=795600 椅子数=39
time=00:18:57.994 level=INFO msg=9.5%のライドは椅子がマッチされるまでの時間、34.9%のライドはマッチされた椅子が乗車地点までに掛かる時間、84.6%のライドは椅子の実移動時間に不満がありました
time=00:18:57.994 level=INFO msg=結果 pass=true スコア=43878 種別エラー数="map[17:4 30:1]"
time=00:18:57.994 level=INFO msg=負荷走行が終了しました
