2026-09-26T15:17:52+00:00
COMMAND         %CPU   RSS
mysqld          15.6 1083672
nginx            0.9 15448
nginx            0.9 14888
systemd-journal  0.5 239688
rsyslogd         0.2  5240
jbd2/sda1-8      0.2     0
isuride          0.1  9792
kworker/1:1H-kb  0.1     0
kworker/0:1H-kb  0.1     0
2026-09-26T15:17:54+00:00
COMMAND         %CPU   RSS
mysqld          15.6 1085728
bench           11.0 52352
isuride          1.3 14940
nginx            0.9 15448
nginx            0.9 14888
systemd-journal  0.5 240492
rsyslogd         0.2  5240
jbd2/sda1-8      0.2     0
kworker/1:1H-kb  0.1     0
2026-09-26T15:17:56+00:00
COMMAND         %CPU   RSS
bench           17.2 77320
mysqld          15.6 1087112
isuride          3.6 16328
nginx            0.9 15448
nginx            0.9 14888
systemd-journal  0.5 244472
rsyslogd         0.2  5240
jbd2/sda1-8      0.2     0
kworker/1:1H-kb  0.1     0
2026-09-26T15:17:58+00:00
COMMAND         %CPU   RSS
bench           21.2 105400
mysqld          15.6 1090800
isuride          6.0 17204
nginx            0.9 15448
nginx            0.9 14888
systemd-journal  0.5 247248
rsyslogd         0.2  5240
jbd2/sda1-8      0.2     0
sh               0.1  1588
2026-09-26T15:18:00+00:00
COMMAND         %CPU   RSS
bench           22.9 126668
mysqld          15.7 1093584
isuride          8.3 18696
nginx            0.9 15448
nginx            0.9 14888
systemd-journal  0.5 249152
rsyslogd         0.2  5240
jbd2/sda1-8      0.2     0
kworker/1:1H-kb  0.1     0
2026-09-26T15:18:02+00:00
COMMAND         %CPU   RSS
curl            25.0 12200
bench           23.7 152404
mysqld          15.7 1097700
isuride         10.3 19352
nginx            0.9 15448
nginx            0.9 14888
systemd-journal  0.5 254660
rsyslogd         0.2  5240
jbd2/sda1-8      0.2     0
2026-09-26T15:18:04+00:00
COMMAND         %CPU   RSS
bench           24.3 159472
mysqld          15.7 1101476
isuride         12.0 20076
nginx            0.9 15448
nginx            0.9 14888
systemd-journal  0.5 257016
rsyslogd         0.2  5240
jbd2/sda1-8      0.2     0
kworker/1:1H-kb  0.1     0
2026-09-26T15:18:06+00:00
COMMAND         %CPU   RSS
bench           24.7 172332
mysqld          15.7 1105508
isuride         13.7 18052
nginx            0.9 15448
nginx            0.9 14888
systemd-journal  0.5 260476
rsyslogd         0.2  5240
jbd2/sda1-8      0.2     0
kworker/1:1H-kb  0.1     0
2026-09-26T15:18:08+00:00
COMMAND         %CPU   RSS
bench           24.8 184612
mysqld          15.7 1109844
isuride         15.2 20160
nginx            0.9 15448
nginx            0.9 14888
systemd-journal  0.5 262588
rsyslogd         0.2  5240
jbd2/sda1-8      0.2     0
kworker/1:1H-kb  0.1     0
2026-09-26T15:18:10+00:00
COMMAND         %CPU   RSS
bench           24.4 189108
isuride         16.6 20620
mysqld          15.7 1113528
curl            11.1 12324
nginx            0.9 15448
nginx            0.9 14888
systemd-journal  0.5 262588
rsyslogd         0.2  5240
jbd2/sda1-8      0.2     0
2026-09-26T15:18:12+00:00
COMMAND         %CPU   RSS
bench           24.2 193052
isuride         17.8 20508
mysqld          15.7 1116864
nginx            0.9 15448
nginx            0.9 14888
systemd-journal  0.5 262588
rsyslogd         0.2  5240
jbd2/sda1-8      0.2     0
kworker/1:1H-kb  0.1     0
2026-09-26T15:18:14+00:00
COMMAND         %CPU   RSS
bench           24.0 201656
isuride         18.9 21520
mysqld          15.7 1119640
nginx            0.9 15448
nginx            0.9 14888
systemd-journal  0.5 262588
rsyslogd         0.2  5240
jbd2/sda1-8      0.2     0
kworker/1:1H-kb  0.1     0
2026-09-26T15:18:16+00:00
COMMAND         %CPU   RSS
bench           23.8 201716
isuride         20.0 20940
mysqld          15.7 1122712
nginx            0.9 15448
nginx            0.9 14888
systemd-journal  0.5 264696
rsyslogd         0.2  5240
jbd2/sda1-8      0.2     0
kworker/1:1H-kb  0.1     0
2026-09-26T15:18:18+00:00
COMMAND         %CPU   RSS
bench           23.6 206324
isuride         20.9 22132
mysqld          15.7 1124704
curl            10.0 12324
nginx            0.9 15448
nginx            0.9 14888
systemd-journal  0.5 266668
rsyslogd         0.2  5240
jbd2/sda1-8      0.2     0
2026-09-26T15:18:20+00:00
COMMAND         %CPU   RSS
bench           23.5 208984
isuride         21.8 22424
mysqld          15.7 1127268
curl             8.3 12312
nginx            0.9 15448
nginx            0.9 14888
systemd-journal  0.5 271940
rsyslogd         0.2  5240
jbd2/sda1-8      0.2     0
2026-09-26T15:18:22+00:00
COMMAND         %CPU   RSS
bench           23.4 217860
isuride         22.6 22348
mysqld          15.7 1130772
curl             6.6 12324
nginx            0.9 15448
nginx            0.9 14888
systemd-journal  0.5 273828
rsyslogd         0.2  5240
jbd2/sda1-8      0.2     0
2026-09-26T15:18:24+00:00
COMMAND         %CPU   RSS
isuride         23.3 24148
bench           23.3 230468
mysqld          15.7 1132852
nginx            0.9 15448
nginx            0.9 14888
systemd-journal  0.5 275776
rsyslogd         0.2  5240
jbd2/sda1-8      0.2     0
kworker/1:1H-kb  0.1     0
2026-09-26T15:18:26+00:00
COMMAND         %CPU   RSS
isuride         24.0 23512
bench           23.1 242248
mysqld          15.7 1135236
curl             5.8 12324
nginx            0.9 15448
nginx            0.9 14888
systemd-journal  0.5 281572
rsyslogd         0.2  5240
jbd2/sda1-8      0.2     0
2026-09-26T15:18:28+00:00
COMMAND         %CPU   RSS
isuride         24.6 25032
bench           23.1 251996
mysqld          15.8 1139444
curl             4.7 12324
nginx            0.9 15448
nginx            0.9 14888
systemd-journal  0.5 283396
rsyslogd         0.2  5240
jbd2/sda1-8      0.2     0
2026-09-26T15:18:30+00:00
COMMAND         %CPU   RSS
isuride         25.1 26468
bench           23.1 274740
mysqld          15.8 1138804
curl            11.1 12324
nginx            0.9 15448
nginx            0.9 14888
systemd-journal  0.5 283624
rsyslogd         0.2  5240
jbd2/sda1-8      0.2     0
2026-09-26T15:18:32+00:00
COMMAND         %CPU   RSS
isuride         25.7 26904
bench           23.0 276344
mysqld          15.8 1139200
curl             3.2 12324
nginx            0.9 15448
nginx            0.9 14888
systemd-journal  0.5 283624
rsyslogd         0.2  5240
jbd2/sda1-8      0.2     0
2026-09-26T15:18:34+00:00
COMMAND         %CPU   RSS
isuride         26.1 28192
bench           23.0 307220
mysqld          15.8 1141712
curl             3.5 12308
nginx            0.9 15448
nginx            0.9 14888
systemd-journal  0.5 283624
rsyslogd         0.2  5240
jbd2/sda1-8      0.2     0
2026-09-26T15:18:36+00:00
COMMAND         %CPU   RSS
isuride         26.5 29772
bench           23.1 311948
mysqld          15.8 1142684
curl            10.0 12324
nginx            0.9 15448
nginx            0.9 14888
systemd-journal  0.5 283624
rsyslogd         0.2  5240
jbd2/sda1-8      0.2     0
2026-09-26T15:18:38+00:00
COMMAND         %CPU   RSS
isuride         26.9 29612
bench           23.1 335424
mysqld          15.8 1142884
nginx            0.9 15448
nginx            0.9 14888
systemd-journal  0.5 283624
rsyslogd         0.2  5240
jbd2/sda1-8      0.2     0
kworker/1:1H-kb  0.1     0
2026-09-26T15:18:40+00:00
COMMAND         %CPU   RSS
isuride         27.3 31476
bench           23.1 337832
mysqld          15.8 1143084
curl             2.3 12320
nginx            0.9 15448
nginx            0.9 14888
systemd-journal  0.5 283624
rsyslogd         0.2  5240
jbd2/sda1-8      0.2     0
2026-09-26T15:18:42+00:00
COMMAND         %CPU   RSS
isuride         27.6 32968
bench           23.2 368444
mysqld          15.8 1143884
curl             2.3 12316
nginx            0.9 15448
nginx            0.9 14888
systemd-journal  0.5 283624
rsyslogd         0.2  5240
jbd2/sda1-8      0.2     0
2026-09-26T15:18:44+00:00
COMMAND         %CPU   RSS
isuride         27.9 32804
bench           23.1 369532
mysqld          15.8 1144804
curl             2.6 12320
nginx            0.9 15448
nginx            0.9 14888
systemd-journal  0.5 283624
rsyslogd         0.2  5240
jbd2/sda1-8      0.2     0
2026-09-26T15:18:46+00:00
COMMAND         %CPU   RSS
isuride         28.2 33912
bench           23.0 371860
mysqld          15.8 1145684
curl             5.8 12324
nginx            0.9 15448
nginx            0.9 14888
systemd-journal  0.5 284716
rsyslogd         0.2  5240
jbd2/sda1-8      0.2     0
2026-09-26T15:18:48+00:00
COMMAND         %CPU   RSS
isuride         28.5 35000
bench           23.0 397824
mysqld          15.8 1145868
nginx            0.9 15448
nginx            0.9 14888
systemd-journal  0.5 290084
rsyslogd         0.2  5240
jbd2/sda1-8      0.2     0
kworker/1:1H-kb  0.1     0
2026-09-26T15:18:50+00:00
COMMAND         %CPU   RSS
isuride         28.7 35672
bench           23.0 398880
mysqld          15.8 1146232
curl             5.8 12324
nginx            0.9 15448
nginx            0.9 14888
systemd-journal  0.5 292148
rsyslogd         0.2  5240
jbd2/sda1-8      0.2     0
2026-09-26T15:18:52+00:00
COMMAND         %CPU   RSS
isuride         29.0 37512
bench           22.9 400788
mysqld          15.9 1146232
curl             1.5 12324
nginx            0.9 15448
nginx            0.9 14888
systemd-journal  0.5 293712
rsyslogd         0.2  5240
jbd2/sda1-8      0.2     0
2026-09-26T15:18:54+00:00
COMMAND         %CPU   RSS
isuride         29.4 31608
bench           22.8 427724
mysqld          15.9 1146260
nginx            0.9 15448
nginx            0.9 14888
systemd-journal  0.5 299596
rsyslogd         0.2  5240
jbd2/sda1-8      0.2     0
kworker/1:1H-kb  0.1     0
2026-09-26T15:18:56+00:00
COMMAND         %CPU   RSS
isuride         29.8 30752
bench           22.5 427724
mysqld          15.9 1146260
nginx            0.9 15448
nginx            0.9 14888
systemd-journal  0.5 302308
rsyslogd         0.2  5240
jbd2/sda1-8      0.2     0
kworker/1:1H-kb  0.1     0
