procs -----------memory---------- ---swap-- -----io---- -system-- -------cpu------- -----timestamp-----
 r  b   swpd   free   buff  cache   si   so    bi    bo   in   cs us sy id wa st gu                 UTC
 2  1      0 572580  68932 2104604    0    0    76  2760 2874   52 11  5 84  0  0  0 2026-09-26 15:17:52
13  0      0 547392  68940 2105144    0    0   252 59580 16722 38263 38 13 37 13  0  0 2026-09-26 15:17:53
 6  0      0 538520  68940 2106236    0    0     0 19944 28504 85823 30 25 42  3  0  0 2026-09-26 15:17:54
19  0      0 531992  68940 2107768    0    0     0 21060 24760 96131 49 32 17  2  0  0 2026-09-26 15:17:55
28  1      0 508156  68940 2112188    0    0     0 27596 23076 94966 61 36  3  1  0  0 2026-09-26 15:17:56
13  2      0 489200  68940 2114432    0    0     0 27640 22604 99555 61 37  2  1  0  0 2026-09-26 15:17:57
 6  0      0 466856  68940 2116788    0    0     0 43456 22822 105551 55 41  3  1  0  0 2026-09-26 15:17:58
55  0      0 446988  68940 2120580    0    0     0 29200 21129 95859 58 40  2  1  0  0 2026-09-26 15:17:59
13  1      0 432292  68940 2126132    0    0     0 28648 22418 101192 58 41  1  0  0  0 2026-09-26 15:18:00
30  1      0 413448  68940 2128400    0    0     0 32552 20974 99532 57 41  2  1  0  0 2026-09-26 15:18:01
21  0      0 397004  68940 2130596    0    0     0 27648 19162 96166 57 42  1  0  0  0 2026-09-26 15:18:02
 6  1      0 387176  68940 2132884    0    0     0 29888 19436 95655 60 39  1  0  0  0 2026-09-26 15:18:03
29  1      0 376368  68940 2136144    0    0     0 28984 21129 95993 59 41  1  0  0  0 2026-09-26 15:18:04
20  1      0 359008  68940 2138584    0    0     0 25392 20764 94268 61 38  0  1  0  0 2026-09-26 15:18:05
22  2      0 351756  68940 2140876    0    0     0 27712 20132 95847 58 42  1  0  0  0 2026-09-26 15:18:06
 6  2      0 333640  68940 2142932    0    0     0 24212 21246 98470 61 39  0  0  0  0 2026-09-26 15:18:07
26  1      0 326612  68940 2144416    0    0     0 28632 22302 103546 58 41  1  0  0  0 2026-09-26 15:18:08
20  1      0 320592  68940 2145620    0    0     0 49440 20889 96537 57 42  1  1  0  0 2026-09-26 15:18:09
 6  1      0 314824  68940 2147124    0    0     0 29672 20853 99681 58 41  1  0  0  0 2026-09-26 15:18:10
37  0      0 318240  68940 2148572    0    0     0 28336 20824 99405 55 44  1  0  0  0 2026-09-26 15:18:11
10  1      0 307116  68944 2151020    0    0     0 39804 21877 95570 59 40  1  1  0  0 2026-09-26 15:18:12
procs -----------memory---------- ---swap-- -----io---- -system-- -------cpu------- -----timestamp-----
 r  b   swpd   free   buff  cache   si   so    bi    bo   in   cs us sy id wa st gu                 UTC
14  1      0 304628  68944 2153408    0    0     0 30240 21103 95630 58 42  1  0  0  0 2026-09-26 15:18:13
21  0      0 295632  68944 2154556    0    0     0 38688 20537 93826 57 41  1  1  0  0 2026-09-26 15:18:14
28  1      0 295352  68944 2156152    0    0     0 28960 19919 100091 57 43  1  0  0  0 2026-09-26 15:18:15
 8  1      0 283816  68944 2158828    0    0     0 29184 22187 97527 57 43  1  0  0  0 2026-09-26 15:18:16
25  1      0 279616  68944 2160924    0    0     0 31356 20139 96400 57 43  1  1  0  0 2026-09-26 15:18:17
49  1      0 272084  68944 2163060    0    0     0 29836 22021 97154 58 42  0  0  0  0 2026-09-26 15:18:18
55  1      0 271240  68944 2165220    0    0     0 28492 21104 95118 57 43  1  0  0  0 2026-09-26 15:18:19
21  0      0 270676  68944 2167464    0    0     0 28392 19508 94200 58 42  1  0  0  0 2026-09-26 15:18:20
 9  0      0 255372  68944 2169472    0    0     0 47632 19894 91609 58 42  0  0  0  0 2026-09-26 15:18:21
20  1      0 247872  68944 2171704    0    0     0 35956 20024 99349 58 41  0  0  0  0 2026-09-26 15:18:22
12  1      0 236792  68944 2173768    0    0     0 31216 20374 93343 58 42  1  0  0  0 2026-09-26 15:18:23
24  1      0 225500  68944 2179032    0    0     0 27896 21229 94684 56 43  1  0  0  0 2026-09-26 15:18:24
55  0      0 212296  68944 2180948    0    0     0 28196 21752 91066 58 41  1  1  0  0 2026-09-26 15:18:25
61  0      0 205756  68944 2183148    0    0     0 51516 20430 96433 57 41  2  1  0  0 2026-09-26 15:18:26
27  1      0 188684  68944 2186184    0    0     0 31992 21224 90519 59 40  1  0  0  0 2026-09-26 15:18:27
14  0      0 189824  68944 2188092    0    0     0 29980 22245 95664 59 40  1  1  0  0 2026-09-26 15:18:28
 9  1      0 178616  68944 2189828    0    0     0 28788 21024 92260 60 40  1  0  0  0 2026-09-26 15:18:29
34  1      0 154184  68944 2192472    0    0     0 26648 21595 91479 58 41  1  1  0  0 2026-09-26 15:18:30
53  1      0 157256  68944 2192468    0    0     0 25944 20316 94718 59 41  1  0  0  0 2026-09-26 15:18:31
41  1      0 146188  68944 2193716    0    0     0 30900 22060 93551 61 37  2  0  0  0 2026-09-26 15:18:32
22  0      0 131880  68944 2195128    0    0     0 26452 19915 97756 56 43  1  1  0  0 2026-09-26 15:18:33
procs -----------memory---------- ---swap-- -----io---- -system-- -------cpu------- -----timestamp-----
 r  b   swpd   free   buff  cache   si   so    bi    bo   in   cs us sy id wa st gu                 UTC
17  0      0 108696  68944 2196600    0    0     0 23936 20922 91871 60 40  1  0  0  0 2026-09-26 15:18:34
20  1      0 106708  68944 2198232    0    0     0 23532 19597 86520 59 40  1  1  0  0 2026-09-26 15:18:35
14  1      0 100272  68944 2200160    0    0     0 40740 18637 91741 60 39  1  0  0  0 2026-09-26 15:18:36
10  1      0  91224  69460 2202916    0    0  1400 28008 19541 91799 59 40  1  1  0  0 2026-09-26 15:18:37
49  1      0  73308  69460 2204672    0    0   215 24192 19199 86886 62 37  1  0  0  0 2026-09-26 15:18:38
24  0      0 119652  68364 2159656    0    0    16 24832 19857 94476 61 37  1  1  0  0 2026-09-26 15:18:39
14  2      0 110940  68364 2160296    0    0     0 26488 20815 90638 61 39  1  0  0  0 2026-09-26 15:18:40
26  0      0 106436  68364 2161816    0    0     0 25700 21750 94301 59 39  2  1  0  0 2026-09-26 15:18:41
12  0      0  85348  68364 2163092    0    0     0 30220 20297 95808 61 38  1  0  0  0 2026-09-26 15:18:42
34  2      0  93000  68364 2140528    0    0     0 27092 18002 89618 62 37  1  1  0  0 2026-09-26 15:18:43
47  1      0  98588  68364 2141964    0    0     4 24472 21038 90014 61 38  1  0  0  0 2026-09-26 15:18:44
 9  1      0  84488  68364 2143488    0    0     0 25388 18828 87432 60 39  1  0  0  0 2026-09-26 15:18:45
20  1      0  79488  68364 2145508    0    0     0 27804 19658 91854 59 40  1  0  0  0 2026-09-26 15:18:46
21  1      0 102764  68344 2112852    0    0     0 31036 19350 88603 64 36  1  1  0  0 2026-09-26 15:18:47
22  1      0  92752  68344 2115964    0    0     0 27260 19696 91734 61 38  1  0  0  0 2026-09-26 15:18:48
56  1      0  90808  68344 2117868    0    0     0 42300 18536 82929 61 39  0  0  0  0 2026-09-26 15:18:49
17  1      0  71984  68344 2120012    0    0     0 26032 19648 85200 63 37  1  0  0  0 2026-09-26 15:18:50
13  1      0 114748  68156 2093004    0    0     0 25352 19274 89878 61 38  1  0  0  0 2026-09-26 15:18:51
18  1      0 100488  68156 2095092    0    0     0 27924 19789 90286 60 39  1  1  0  0 2026-09-26 15:18:52
43  0      0  77920  68156 2097396    0    0     0 30864 19266 90656 62 38  0  0  0  0 2026-09-26 15:18:53
71  0      0  73384  68156 2099548    0    0     0 13064 20551 102087 65 33  2  0  0  0 2026-09-26 15:18:54
procs -----------memory---------- ---swap-- -----io---- -system-- -------cpu------- -----timestamp-----
 r  b   swpd   free   buff  cache   si   so    bi    bo   in   cs us sy id wa st gu                 UTC
24  2      0 110304  68156 2074056    0    0     0  4760 18893 101899 68 31  2  0  0  0 2026-09-26 15:18:55
24  1      0 101688  68156 2077792    0    0     0  3180 18251 107853 68 30  3  0  0  0 2026-09-26 15:18:56
22  1      0  97672  68156 2080672    0    0     0  2368 18435 107096 69 29  3  0  0  0 2026-09-26 15:18:57
