time=23:53:52.109 level=DEBUG source=/tmp/isucon14/bench/cmd/run.go:90 msg=target targetURL=https://isuride.xiv.isucon.net targetAddr=127.0.0.1:443 benchrun.GetTargetAddress()="" paymentURL=http://127.0.0.1:12346
time=23:53:52.109 level=INFO msg=負荷走行を開始します
time=23:53:54.807 level=DEBUG source=/tmp/isucon14/bench/benchmarker/scenario/scenario.go:315 msg=時間経過 tick=60
time=23:53:54.807 level=DEBUG source=/tmp/isucon14/bench/benchmarker/scenario/scenario.go:317 msg=eval reqs=4 score="[0 0 0 3 1]" criteria="[4 1 4 4]"
time=23:53:56.596 level=INFO msg=一定の売上が立ったためオーナーの椅子が増加します 名前=ゆったり号 増加数=1
time=23:53:56.602 level=INFO msg=一定の売上が立ったためオーナーの椅子が増加します 名前=木座デザイン 増加数=1
time=23:53:56.607 level=DEBUG source=/tmp/isucon14/bench/benchmarker/scenario/scenario.go:315 msg=時間経過 tick=120
time=23:53:56.607 level=DEBUG source=/tmp/isucon14/bench/benchmarker/scenario/scenario.go:317 msg=eval reqs=18 score="[0 0 0 10 8]" criteria="[18 8 18 18]"
time=23:53:58.113 level=WARN msg="ユーザー登録に失敗しました (CODE=17): POST /api/app/usersへのリクエストに対して、期待されたHTTPステータスコードが確認できませんでした (expected:201, actual:500)"
time=23:53:58.396 level=INFO msg=一定の売上が立ったためオーナーの椅子が増加します 名前=つばさ交通 増加数=1
time=23:53:58.396 level=INFO msg=一定の売上が立ったためオーナーの椅子が増加します 名前=ゆったり号 増加数=1
time=23:53:58.398 level=INFO msg=一定の売上が立ったためオーナーの椅子が増加します 名前="SitWell Designs" 増加数=1
time=23:53:58.407 level=DEBUG source=/tmp/isucon14/bench/benchmarker/scenario/scenario.go:315 msg=時間経過 tick=180
time=23:53:58.408 level=INFO msg=これまでに地域内の評判によって7人、既存ユーザーの招待経由で30人が新規登録しました
time=23:53:58.408 level=INFO msg=0.0%のライドは椅子がマッチされるまでの時間、64.5%のライドはマッチされた椅子が乗車地点までに掛かる時間、0.0%のライドは椅子の実移動時間に不満がありました
time=23:53:58.408 level=DEBUG source=/tmp/isucon14/bench/benchmarker/scenario/scenario.go:317 msg=eval reqs=31 score="[0 0 0 20 11]" criteria="[31 11 31 31]"
time=23:53:58.414 level=INFO msg=一定の売上が立ったためオーナーの椅子が増加します 名前=木座デザイン 増加数=2
time=23:53:58.415 level=INFO msg=一定の売上が立ったためオーナーの椅子が増加します 名前=EcoChairs 増加数=2
time=23:54:00.207 level=DEBUG source=/tmp/isucon14/bench/benchmarker/scenario/scenario.go:315 msg=時間経過 tick=240
time=23:54:00.207 level=DEBUG source=/tmp/isucon14/bench/benchmarker/scenario/scenario.go:317 msg=eval reqs=45 score="[0 0 2 31 12]" criteria="[45 12 43 45]"
time=23:54:00.211 level=INFO msg=一定の売上が立ったためオーナーの椅子が増加します 名前=木座デザイン 増加数=1
time=23:54:00.226 level=INFO msg=一定の売上が立ったためオーナーの椅子が増加します 名前=つばさ交通 増加数=1
time=23:54:00.226 level=INFO msg=一定の売上が立ったためオーナーの椅子が増加します 名前="SitWell Designs" 増加数=1
time=23:54:02.007 level=DEBUG source=/tmp/isucon14/bench/benchmarker/scenario/scenario.go:315 msg=時間経過 tick=300
time=23:54:02.007 level=DEBUG source=/tmp/isucon14/bench/benchmarker/scenario/scenario.go:317 msg=eval reqs=55 score="[0 0 4 38 13]" criteria="[55 14 52 53]"
time=23:54:02.009 level=INFO msg=一定の売上が立ったためオーナーの椅子が増加します 名前="SitWell Designs" 増加数=1
time=23:54:02.027 level=INFO msg=一定の売上が立ったためオーナーの椅子が増加します 名前=木座デザイン 増加数=1
time=23:54:02.028 level=INFO msg=一定の売上が立ったためオーナーの椅子が増加します 名前=EcoChairs 増加数=1
time=23:54:02.032 level=INFO msg=一定の売上が立ったためオーナーの椅子が増加します 名前=つばさ交通 増加数=1
time=23:54:02.033 level=INFO msg=一定の売上が立ったためオーナーの椅子が増加します 名前=ゆったり号 増加数=2
time=23:54:03.292 level=WARN msg="ユーザー登録に失敗しました (CODE=17): POST /api/app/usersへのリクエストに対して、期待されたHTTPステータスコードが確認できませんでした (expected:201, actual:500)"
time=23:54:03.808 level=INFO msg=これまでに地域内の評判によって19人、既存ユーザーの招待経由で56人が新規登録しました
time=23:54:03.808 level=INFO msg=これまでに低評価なライドによって1人が利用をやめました
time=23:54:03.808 level=INFO msg=2.7%のライドは椅子がマッチされるまでの時間、73.0%のライドはマッチされた椅子が乗車地点までに掛かる時間、14.9%のライドは椅子の実移動時間に不満がありました
time=23:54:03.808 level=DEBUG source=/tmp/isucon14/bench/benchmarker/scenario/scenario.go:315 msg=時間経過 tick=360
time=23:54:03.808 level=DEBUG source=/tmp/isucon14/bench/benchmarker/scenario/scenario.go:317 msg=eval reqs=74 score="[0 2 14 44 14]" criteria="[72 20 69 57]"
time=23:54:03.847 level=INFO msg=一定の売上が立ったためオーナーの椅子が増加します 名前=木座デザイン 増加数=1
time=23:54:03.847 level=INFO msg=一定の売上が立ったためオーナーの椅子が増加します 名前=EcoChairs 増加数=1
time=23:54:03.852 level=INFO msg=一定の売上が立ったためオーナーの椅子が増加します 名前=つばさ交通 増加数=2
time=23:54:03.853 level=INFO msg=一定の売上が立ったためオーナーの椅子が増加します 名前="SitWell Designs" 増加数=2
time=23:54:05.607 level=DEBUG source=/tmp/isucon14/bench/benchmarker/scenario/scenario.go:315 msg=時間経過 tick=420
time=23:54:05.607 level=DEBUG source=/tmp/isucon14/bench/benchmarker/scenario/scenario.go:317 msg=eval reqs=81 score="[0 4 18 45 14]" criteria="[73 25 73 60]"
time=23:54:05.635 level=INFO msg=一定の売上が立ったためオーナーの椅子が増加します 名前=EcoChairs 増加数=1
time=23:54:05.662 level=INFO msg=一定の売上が立ったためオーナーの椅子が増加します 名前=ゆったり号 増加数=1
time=23:54:07.407 level=DEBUG source=/tmp/isucon14/bench/benchmarker/scenario/scenario.go:315 msg=時間経過 tick=480
time=23:54:07.407 level=DEBUG source=/tmp/isucon14/bench/benchmarker/scenario/scenario.go:317 msg=eval reqs=101 score="[10 11 21 45 14]" criteria="[77 29 78 60]"
time=23:54:07.461 level=INFO msg=一定の売上が立ったためオーナーの椅子が増加します 名前="SitWell Designs" 増加数=1
time=23:54:07.461 level=INFO msg=一定の売上が立ったためオーナーの椅子が増加します 名前=つばさ交通 増加数=2
time=23:54:07.461 level=INFO msg=一定の売上が立ったためオーナーの椅子が増加します 名前=ゆったり号 増加数=1
time=23:54:07.464 level=INFO msg=一定の売上が立ったためオーナーの椅子が増加します 名前=EcoChairs 増加数=1
time=23:54:07.474 level=INFO msg=一定の売上が立ったためオーナーの椅子が増加します 名前=木座デザイン 増加数=3
time=23:54:09.208 level=DEBUG source=/tmp/isucon14/bench/benchmarker/scenario/scenario.go:315 msg=時間経過 tick=540
time=23:54:09.208 level=DEBUG source=/tmp/isucon14/bench/benchmarker/scenario/scenario.go:317 msg=eval reqs=122 score="[21 15 24 48 14]" criteria="[79 35 84 65]"
time=23:54:09.209 level=INFO msg=これまでに地域内の評判によって31人、既存ユーザーの招待経由で58人が新規登録しました
time=23:54:09.209 level=INFO msg=これまでに低評価なライドによって16人が利用をやめました
time=23:54:09.209 level=INFO msg=35.2%のライドは椅子がマッチされるまでの時間、71.3%のライドはマッチされた椅子が乗車地点までに掛かる時間、38.9%のライドは椅子の実移動時間に不満がありました
time=23:54:09.260 level=INFO msg=一定の売上が立ったためオーナーの椅子が増加します 名前="SitWell Designs" 増加数=2
time=23:54:09.260 level=INFO msg=一定の売上が立ったためオーナーの椅子が増加します 名前=EcoChairs 増加数=2
time=23:54:09.300 level=INFO msg=一定の売上が立ったためオーナーの椅子が増加します 名前=つばさ交通 増加数=1
time=23:54:09.300 level=INFO msg=一定の売上が立ったためオーナーの椅子が増加します 名前=ゆったり号 増加数=2
time=23:54:09.301 level=INFO msg=一定の売上が立ったためオーナーの椅子が増加します 名前=木座デザイン 増加数=2
time=23:54:11.007 level=DEBUG source=/tmp/isucon14/bench/benchmarker/scenario/scenario.go:315 msg=時間経過 tick=600
time=23:54:11.007 level=DEBUG source=/tmp/isucon14/bench/benchmarker/scenario/scenario.go:317 msg=eval reqs=141 score="[25 21 31 50 14]" criteria="[81 46 93 69]"
time=23:54:11.039 level=INFO msg=一定の売上が立ったためオーナーの椅子が増加します 名前=木座デザイン 増加数=2
time=23:54:11.091 level=INFO msg=一定の売上が立ったためオーナーの椅子が増加します 名前=つばさ交通 増加数=1
time=23:54:11.189 level=INFO msg=一定の売上が立ったためオーナーの椅子が増加します 名前="SitWell Designs" 増加数=2
time=23:54:12.808 level=DEBUG source=/tmp/isucon14/bench/benchmarker/scenario/scenario.go:315 msg=時間経過 tick=660
time=23:54:12.808 level=DEBUG source=/tmp/isucon14/bench/benchmarker/scenario/scenario.go:317 msg=eval reqs=160 score="[33 27 31 53 16]" criteria="[87 54 98 73]"
time=23:54:12.844 level=INFO msg=一定の売上が立ったためオーナーの椅子が増加します 名前=木座デザイン 増加数=1
time=23:54:12.856 level=INFO msg=一定の売上が立ったためオーナーの椅子が増加します 名前=EcoChairs 増加数=1
time=23:54:12.898 level=INFO msg=一定の売上が立ったためオーナーの椅子が増加します 名前=ゆったり号 増加数=1
time=23:54:12.937 level=INFO msg=一定の売上が立ったためオーナーの椅子が増加します 名前=つばさ交通 増加数=1
time=23:54:14.607 level=INFO msg=これまでに地域内の評判によって43人、既存ユーザーの招待経由で67人が新規登録しました
time=23:54:14.607 level=INFO msg=これまでに低評価なライドによって39人が利用をやめました
time=23:54:14.607 level=INFO msg=47.8%のライドは椅子がマッチされるまでの時間、64.7%のライドはマッチされた椅子が乗車地点までに掛かる時間、52.7%のライドは椅子の実移動時間に不満がありました
time=23:54:14.607 level=DEBUG source=/tmp/isucon14/bench/benchmarker/scenario/scenario.go:315 msg=時間経過 tick=720
time=23:54:14.607 level=DEBUG source=/tmp/isucon14/bench/benchmarker/scenario/scenario.go:317 msg=eval reqs=184 score="[43 34 36 55 16]" criteria="[96 65 100 74]"
time=23:54:14.646 level=INFO msg=一定の売上が立ったためオーナーの椅子が増加します 名前=ゆったり号 増加数=1
time=23:54:14.679 level=INFO msg=一定の売上が立ったためオーナーの椅子が増加します 名前=木座デザイン 増加数=2
time=23:54:14.743 level=INFO msg=一定の売上が立ったためオーナーの椅子が増加します 名前=つばさ交通 増加数=2
time=23:54:14.745 level=INFO msg=一定の売上が立ったためオーナーの椅子が増加します 名前=EcoChairs 増加数=1
time=23:54:14.772 level=INFO msg=一定の売上が立ったためオーナーの椅子が増加します 名前="SitWell Designs" 増加数=2
time=23:54:16.407 level=DEBUG source=/tmp/isucon14/bench/benchmarker/scenario/scenario.go:315 msg=時間経過 tick=780
time=23:54:16.407 level=DEBUG source=/tmp/isucon14/bench/benchmarker/scenario/scenario.go:317 msg=eval reqs=208 score="[49 42 39 62 16]" criteria="[112 76 107 75]"
time=23:54:16.490 level=INFO msg=一定の売上が立ったためオーナーの椅子が増加します 名前=つばさ交通 増加数=2
time=23:54:16.491 level=INFO msg=一定の売上が立ったためオーナーの椅子が増加します 名前=EcoChairs 増加数=3
time=23:54:16.491 level=INFO msg=一定の売上が立ったためオーナーの椅子が増加します 名前=木座デザイン 増加数=1
time=23:54:16.500 level=INFO msg=一定の売上が立ったためオーナーの椅子が増加します 名前=ゆったり号 増加数=1
time=23:54:16.519 level=INFO msg=一定の売上が立ったためオーナーの椅子が増加します 名前="SitWell Designs" 増加数=2
time=23:54:18.207 level=DEBUG source=/tmp/isucon14/bench/benchmarker/scenario/scenario.go:315 msg=時間経過 tick=840
time=23:54:18.207 level=DEBUG source=/tmp/isucon14/bench/benchmarker/scenario/scenario.go:317 msg=eval reqs=230 score="[54 49 47 64 16]" criteria="[129 86 109 75]"
time=23:54:18.262 level=INFO msg=一定の売上が立ったためオーナーの椅子が増加します 名前="SitWell Designs" 増加数=1
time=23:54:18.289 level=INFO msg=一定の売上が立ったためオーナーの椅子が増加します 名前=EcoChairs 増加数=1
time=23:54:18.374 level=INFO msg=一定の売上が立ったためオーナーの椅子が増加します 名前=ゆったり号 増加数=1
time=23:54:18.515 level=INFO msg=一定の売上が立ったためオーナーの椅子が増加します 名前=木座デザイン 増加数=3
time=23:54:20.007 level=DEBUG source=/tmp/isucon14/bench/benchmarker/scenario/scenario.go:315 msg=時間経過 tick=900
time=23:54:20.007 level=DEBUG source=/tmp/isucon14/bench/benchmarker/scenario/scenario.go:317 msg=eval reqs=253 score="[54 55 62 66 16]" criteria="[152 103 110 76]"
time=23:54:20.007 level=INFO msg=これまでに地域内の評判によって55人、既存ユーザーの招待経由で78人が新規登録しました
time=23:54:20.007 level=INFO msg=これまでに低評価なライドによって47人が利用をやめました
time=23:54:20.007 level=INFO msg=39.9%のライドは椅子がマッチされるまでの時間、59.3%のライドはマッチされた椅子が乗車地点までに掛かる時間、63.2%のライドは椅子の実移動時間に不満がありました
time=23:54:20.140 level=INFO msg=一定の売上が立ったためオーナーの椅子が増加します 名前=つばさ交通 増加数=2
time=23:54:20.160 level=INFO msg=一定の売上が立ったためオーナーの椅子が増加します 名前=ゆったり号 増加数=2
time=23:54:20.164 level=INFO msg=一定の売上が立ったためオーナーの椅子が増加します 名前="SitWell Designs" 増加数=1
time=23:54:20.191 level=INFO msg=一定の売上が立ったためオーナーの椅子が増加します 名前=EcoChairs 増加数=1
time=23:54:20.328 level=INFO msg=一定の売上が立ったためオーナーの椅子が増加します 名前=木座デザイン 増加数=1
time=23:54:21.807 level=DEBUG source=/tmp/isucon14/bench/benchmarker/scenario/scenario.go:315 msg=時間経過 tick=960
time=23:54:21.807 level=DEBUG source=/tmp/isucon14/bench/benchmarker/scenario/scenario.go:317 msg=eval reqs=280 score="[54 67 72 71 16]" criteria="[179 118 115 76]"
time=23:54:21.862 level=INFO msg=一定の売上が立ったためオーナーの椅子が増加します 名前=木座デザイン 増加数=1
time=23:54:21.885 level=INFO msg=一定の売上が立ったためオーナーの椅子が増加します 名前=ゆったり号 増加数=1
time=23:54:21.954 level=INFO msg=一定の売上が立ったためオーナーの椅子が増加します 名前="SitWell Designs" 増加数=2
time=23:54:21.956 level=INFO msg=一定の売上が立ったためオーナーの椅子が増加します 名前=つばさ交通 増加数=1
time=23:54:21.975 level=WARN msg="ユーザー登録に失敗しました (CODE=17): POST /api/app/usersへのリクエストに対して、期待されたHTTPステータスコードが確認できませんでした (expected:201, actual:500)"
time=23:54:23.608 level=DEBUG source=/tmp/isucon14/bench/benchmarker/scenario/scenario.go:315 msg=時間経過 tick=1020
time=23:54:23.608 level=DEBUG source=/tmp/isucon14/bench/benchmarker/scenario/scenario.go:317 msg=eval reqs=306 score="[54 76 82 78 16]" criteria="[205 135 121 77]"
time=23:54:23.725 level=INFO msg=一定の売上が立ったためオーナーの椅子が増加します 名前=木座デザイン 増加数=1
time=23:54:23.772 level=INFO msg=一定の売上が立ったためオーナーの椅子が増加します 名前=EcoChairs 増加数=3
time=23:54:23.899 level=INFO msg=一定の売上が立ったためオーナーの椅子が増加します 名前=つばさ交通 増加数=2
time=23:54:23.923 level=INFO msg=一定の売上が立ったためオーナーの椅子が増加します 名前="SitWell Designs" 増加数=2
time=23:54:25.407 level=INFO msg=これまでに地域内の評判によって67人、既存ユーザーの招待経由で93人が新規登録しました
time=23:54:25.407 level=INFO msg=これまでに低評価なライドによって53人が利用をやめました
time=23:54:25.407 level=INFO msg=30.2%のライドは椅子がマッチされるまでの時間、53.6%のライドはマッチされた椅子が乗車地点までに掛かる時間、69.3%のライドは椅子の実移動時間に不満がありました
time=23:54:25.407 level=DEBUG source=/tmp/isucon14/bench/benchmarker/scenario/scenario.go:315 msg=時間経過 tick=1080
time=23:54:25.407 level=DEBUG source=/tmp/isucon14/bench/benchmarker/scenario/scenario.go:317 msg=eval reqs=334 score="[54 84 95 85 16]" criteria="[233 155 124 81]"
time=23:54:25.486 level=INFO msg=一定の売上が立ったためオーナーの椅子が増加します 名前=つばさ交通 増加数=1
time=23:54:25.530 level=WARN msg="ユーザー登録に失敗しました (CODE=17): POST /api/app/usersへのリクエストに対して、期待されたHTTPステータスコードが確認できませんでした (expected:201, actual:500)"
time=23:54:25.587 level=INFO msg=一定の売上が立ったためオーナーの椅子が増加します 名前=木座デザイン 増加数=2
time=23:54:25.604 level=INFO msg=一定の売上が立ったためオーナーの椅子が増加します 名前=ゆったり号 増加数=1
time=23:54:25.629 level=INFO msg=一定の売上が立ったためオーナーの椅子が増加します 名前=EcoChairs 増加数=1
time=23:54:25.671 level=INFO msg=一定の売上が立ったためオーナーの椅子が増加します 名前="SitWell Designs" 増加数=1
time=23:54:27.207 level=DEBUG source=/tmp/isucon14/bench/benchmarker/scenario/scenario.go:315 msg=時間経過 tick=1140
time=23:54:27.207 level=DEBUG source=/tmp/isucon14/bench/benchmarker/scenario/scenario.go:317 msg=eval reqs=357 score="[55 94 105 87 16]" criteria="[255 167 126 81]"
time=23:54:27.296 level=INFO msg=一定の売上が立ったためオーナーの椅子が増加します 名前=ゆったり号 増加数=1
time=23:54:27.361 level=INFO msg=一定の売上が立ったためオーナーの椅子が増加します 名前=木座デザイン 増加数=2
time=23:54:27.362 level=INFO msg=一定の売上が立ったためオーナーの椅子が増加します 名前="SitWell Designs" 増加数=1
time=23:54:27.371 level=INFO msg=一定の売上が立ったためオーナーの椅子が増加します 名前=つばさ交通 増加数=2
time=23:54:27.407 level=INFO msg=一定の売上が立ったためオーナーの椅子が増加します 名前=EcoChairs 増加数=1
time=23:54:29.007 level=DEBUG source=/tmp/isucon14/bench/benchmarker/scenario/scenario.go:315 msg=時間経過 tick=1200
time=23:54:29.008 level=DEBUG source=/tmp/isucon14/bench/benchmarker/scenario/scenario.go:317 msg=eval reqs=381 score="[56 104 117 88 16]" criteria="[272 183 128 83]"
time=23:54:29.171 level=INFO msg=一定の売上が立ったためオーナーの椅子が増加します 名前=つばさ交通 増加数=1
time=23:54:29.196 level=INFO msg=一定の売上が立ったためオーナーの椅子が増加します 名前=木座デザイン 増加数=1
time=23:54:29.206 level=INFO msg=一定の売上が立ったためオーナーの椅子が増加します 名前=EcoChairs 増加数=1
time=23:54:29.209 level=INFO msg=一定の売上が立ったためオーナーの椅子が増加します 名前=ゆったり号 増加数=1
time=23:54:29.261 level=INFO msg=一定の売上が立ったためオーナーの椅子が増加します 名前="SitWell Designs" 増加数=1
time=23:54:30.807 level=INFO msg=これまでに地域内の評判によって79人、既存ユーザーの招待経由で98人が新規登録しました
time=23:54:30.807 level=INFO msg=これまでに低評価なライドによって65人が利用をやめました
time=23:54:30.807 level=INFO msg=30.2%のライドは椅子がマッチされるまでの時間、50.5%のライドはマッチされた椅子が乗車地点までに掛かる時間、73.1%のライドは椅子の実移動時間に不満がありました
time=23:54:30.807 level=DEBUG source=/tmp/isucon14/bench/benchmarker/scenario/scenario.go:315 msg=時間経過 tick=1260
time=23:54:30.807 level=DEBUG source=/tmp/isucon14/bench/benchmarker/scenario/scenario.go:317 msg=eval reqs=398 score="[56 116 121 89 16]" criteria="[278 197 129 85]"
time=23:54:30.954 level=INFO msg=一定の売上が立ったためオーナーの椅子が増加します 名前=EcoChairs 増加数=1
time=23:54:30.979 level=INFO msg=一定の売上が立ったためオーナーの椅子が増加します 名前=木座デザイン 増加数=1
time=23:54:31.030 level=INFO msg=一定の売上が立ったためオーナーの椅子が増加します 名前=つばさ交通 増加数=1
time=23:54:31.060 level=INFO msg=一定の売上が立ったためオーナーの椅子が増加します 名前="SitWell Designs" 増加数=1
time=23:54:32.607 level=DEBUG source=/tmp/isucon14/bench/benchmarker/scenario/scenario.go:315 msg=時間経過 tick=1320
time=23:54:32.607 level=DEBUG source=/tmp/isucon14/bench/benchmarker/scenario/scenario.go:317 msg=eval reqs=418 score="[57 133 123 89 16]" criteria="[281 213 130 86]"
time=23:54:32.739 level=INFO msg=一定の売上が立ったためオーナーの椅子が増加します 名前=EcoChairs 増加数=2
time=23:54:32.794 level=INFO msg=一定の売上が立ったためオーナーの椅子が増加します 名前=ゆったり号 増加数=1
time=23:54:32.826 level=INFO msg=一定の売上が立ったためオーナーの椅子が増加します 名前="SitWell Designs" 増加数=1
time=23:54:32.946 level=INFO msg=一定の売上が立ったためオーナーの椅子が増加します 名前=つばさ交通 増加数=1
time=23:54:34.409 level=DEBUG source=/tmp/isucon14/bench/benchmarker/scenario/scenario.go:315 msg=時間経過 tick=1380
time=23:54:34.409 level=DEBUG source=/tmp/isucon14/bench/benchmarker/scenario/scenario.go:317 msg=eval reqs=446 score="[60 156 124 90 16]" criteria="[284 235 131 88]"
time=23:54:34.566 level=INFO msg=一定の売上が立ったためオーナーの椅子が増加します 名前=ゆったり号 増加数=1
time=23:54:34.605 level=INFO msg=一定の売上が立ったためオーナーの椅子が増加します 名前=木座デザイン 増加数=2
time=23:54:34.631 level=INFO msg=一定の売上が立ったためオーナーの椅子が増加します 名前="SitWell Designs" 増加数=1
time=23:54:34.638 level=INFO msg=一定の売上が立ったためオーナーの椅子が増加します 名前=EcoChairs 増加数=1
time=23:54:36.207 level=INFO msg=これまでに地域内の評判によって91人、既存ユーザーの招待経由で99人が新規登録しました
time=23:54:36.207 level=INFO msg=これまでに低評価なライドによって84人が利用をやめました
time=23:54:36.207 level=INFO msg=39.8%のライドは椅子がマッチされるまでの時間、45.3%のライドはマッチされた椅子が乗車地点までに掛かる時間、76.5%のライドは椅子の実移動時間に不満がありました
time=23:54:36.207 level=DEBUG source=/tmp/isucon14/bench/benchmarker/scenario/scenario.go:315 msg=時間経過 tick=1440
time=23:54:36.207 level=DEBUG source=/tmp/isucon14/bench/benchmarker/scenario/scenario.go:317 msg=eval reqs=475 score="[63 177 129 90 16]" criteria="[286 260 135 88]"
time=23:54:36.405 level=INFO msg=一定の売上が立ったためオーナーの椅子が増加します 名前=つばさ交通 増加数=2
time=23:54:36.425 level=INFO msg=一定の売上が立ったためオーナーの椅子が増加します 名前=木座デザイン 増加数=1
time=23:54:36.529 level=INFO msg=一定の売上が立ったためオーナーの椅子が増加します 名前="SitWell Designs" 増加数=3
time=23:54:38.008 level=DEBUG source=/tmp/isucon14/bench/benchmarker/scenario/scenario.go:315 msg=時間経過 tick=1500
time=23:54:38.008 level=DEBUG source=/tmp/isucon14/bench/benchmarker/scenario/scenario.go:317 msg=eval reqs=501 score="[66 195 134 90 16]" criteria="[286 283 139 89]"
time=23:54:38.069 level=INFO msg=一定の売上が立ったためオーナーの椅子が増加します 名前=ゆったり号 増加数=1
time=23:54:38.220 level=INFO msg=一定の売上が立ったためオーナーの椅子が増加します 名前=EcoChairs 増加数=2
time=23:54:38.235 level=INFO msg=一定の売上が立ったためオーナーの椅子が増加します 名前=つばさ交通 増加数=1
time=23:54:38.244 level=INFO msg=一定の売上が立ったためオーナーの椅子が増加します 名前="SitWell Designs" 増加数=1
time=23:54:38.293 level=INFO msg=一定の売上が立ったためオーナーの椅子が増加します 名前=木座デザイン 増加数=1
time=23:54:39.807 level=DEBUG source=/tmp/isucon14/bench/benchmarker/scenario/scenario.go:315 msg=時間経過 tick=1560
time=23:54:39.807 level=DEBUG source=/tmp/isucon14/bench/benchmarker/scenario/scenario.go:317 msg=eval reqs=521 score="[68 211 136 90 16]" criteria="[286 301 140 90]"
time=23:54:40.039 level=INFO msg=一定の売上が立ったためオーナーの椅子が増加します 名前=つばさ交通 増加数=2
time=23:54:40.058 level=INFO msg=一定の売上が立ったためオーナーの椅子が増加します 名前=EcoChairs 増加数=1
time=23:54:40.088 level=INFO msg=一定の売上が立ったためオーナーの椅子が増加します 名前="SitWell Designs" 増加数=1
time=23:54:40.089 level=INFO msg=一定の売上が立ったためオーナーの椅子が増加します 名前=ゆったり号 増加数=2
time=23:54:41.608 level=INFO msg=これまでに地域内の評判によって103人、既存ユーザーの招待経由で99人が新規登録しました
time=23:54:41.608 level=INFO msg=これまでに低評価なライドによって95人が利用をやめました
time=23:54:41.608 level=INFO msg=47.4%のライドは椅子がマッチされるまでの時間、41.2%のライドはマッチされた椅子が乗車地点までに掛かる時間、78.0%のライドは椅子の実移動時間に不満がありました
time=23:54:41.608 level=DEBUG source=/tmp/isucon14/bench/benchmarker/scenario/scenario.go:315 msg=時間経過 tick=1620
time=23:54:41.608 level=DEBUG source=/tmp/isucon14/bench/benchmarker/scenario/scenario.go:317 msg=eval reqs=544 score="[72 221 145 90 16]" criteria="[286 320 144 95]"
time=23:54:41.780 level=INFO msg=一定の売上が立ったためオーナーの椅子が増加します 名前="SitWell Designs" 増加数=1
time=23:54:41.782 level=INFO msg=一定の売上が立ったためオーナーの椅子が増加します 名前=つばさ交通 増加数=1
time=23:54:41.863 level=INFO msg=一定の売上が立ったためオーナーの椅子が増加します 名前=EcoChairs 増加数=1
time=23:54:41.948 level=INFO msg=一定の売上が立ったためオーナーの椅子が増加します 名前=木座デザイン 増加数=1
time=23:54:43.407 level=DEBUG source=/tmp/isucon14/bench/benchmarker/scenario/scenario.go:315 msg=時間経過 tick=1680
time=23:54:43.407 level=DEBUG source=/tmp/isucon14/bench/benchmarker/scenario/scenario.go:317 msg=eval reqs=561 score="[74 234 147 90 16]" criteria="[286 335 145 96]"
time=23:54:43.598 level=INFO msg=一定の売上が立ったためオーナーの椅子が増加します 名前=木座デザイン 増加数=1
time=23:54:43.713 level=INFO msg=一定の売上が立ったためオーナーの椅子が増加します 名前=つばさ交通 増加数=1
time=23:54:45.208 level=DEBUG source=/tmp/isucon14/bench/benchmarker/scenario/scenario.go:315 msg=時間経過 tick=1740
time=23:54:45.208 level=DEBUG source=/tmp/isucon14/bench/benchmarker/scenario/scenario.go:317 msg=eval reqs=583 score="[78 252 147 90 16]" criteria="[287 352 145 96]"
time=23:54:45.396 level=INFO msg=一定の売上が立ったためオーナーの椅子が増加します 名前=EcoChairs 増加数=1
time=23:54:45.415 level=INFO msg=一定の売上が立ったためオーナーの椅子が増加します 名前=ゆったり号 増加数=1
time=23:54:45.415 level=INFO msg=一定の売上が立ったためオーナーの椅子が増加します 名前=つばさ交通 増加数=1
time=23:54:45.415 level=INFO msg=一定の売上が立ったためオーナーの椅子が増加します 名前="SitWell Designs" 増加数=2
time=23:54:45.590 level=INFO msg=一定の売上が立ったためオーナーの椅子が増加します 名前=木座デザイン 増加数=1
time=23:54:47.007 level=DEBUG source=/tmp/isucon14/bench/benchmarker/scenario/scenario.go:315 msg=時間経過 tick=1800
time=23:54:47.007 level=DEBUG source=/tmp/isucon14/bench/benchmarker/scenario/scenario.go:317 msg=eval reqs=607 score="[78 274 149 90 16]" criteria="[287 376 146 97]"
time=23:54:47.007 level=INFO msg=これまでに地域内の評判によって115人、既存ユーザーの招待経由で99人が新規登録しました
time=23:54:47.007 level=INFO msg=これまでに低評価なライドによって108人が利用をやめました
time=23:54:47.007 level=INFO msg=52.7%のライドは椅子がマッチされるまでの時間、38.1%のライドはマッチされた椅子が乗車地点までに掛かる時間、80.0%のライドは椅子の実移動時間に不満がありました
time=23:54:47.163 level=INFO msg=一定の売上が立ったためオーナーの椅子が増加します 名前=ゆったり号 増加数=1
time=23:54:47.193 level=INFO msg=一定の売上が立ったためオーナーの椅子が増加します 名前=木座デザイン 増加数=1
time=23:54:47.241 level=INFO msg=一定の売上が立ったためオーナーの椅子が増加します 名前=つばさ交通 増加数=1
time=23:54:47.300 level=INFO msg=一定の売上が立ったためオーナーの椅子が増加します 名前="SitWell Designs" 増加数=2
time=23:54:47.490 level=INFO msg=一定の売上が立ったためオーナーの椅子が増加します 名前=EcoChairs 増加数=1
time=23:54:48.807 level=DEBUG source=/tmp/isucon14/bench/benchmarker/scenario/scenario.go:315 msg=時間経過 tick=1860
time=23:54:48.807 level=DEBUG source=/tmp/isucon14/bench/benchmarker/scenario/scenario.go:317 msg=eval reqs=626 score="[80 288 152 90 16]" criteria="[287 393 147 99]"
time=23:54:49.025 level=INFO msg=一定の売上が立ったためオーナーの椅子が増加します 名前=ゆったり号 増加数=1
time=23:54:49.049 level=INFO msg=一定の売上が立ったためオーナーの椅子が増加します 名前=つばさ交通 増加数=1
time=23:54:49.257 level=INFO msg=一定の売上が立ったためオーナーの椅子が増加します 名前=EcoChairs 増加数=1
time=23:54:50.608 level=DEBUG source=/tmp/isucon14/bench/benchmarker/scenario/scenario.go:315 msg=時間経過 tick=1920
time=23:54:50.608 level=DEBUG source=/tmp/isucon14/bench/benchmarker/scenario/scenario.go:317 msg=eval reqs=643 score="[82 300 155 90 16]" criteria="[287 408 148 101]"
time=23:54:50.791 level=INFO msg=一定の売上が立ったためオーナーの椅子が増加します 名前=つばさ交通 増加数=1
time=23:54:51.004 level=INFO msg=一定の売上が立ったためオーナーの椅子が増加します 名前="SitWell Designs" 増加数=1
time=23:54:52.408 level=INFO msg=これまでに地域内の評判によって127人、既存ユーザーの招待経由で100人が新規登録しました
time=23:54:52.408 level=INFO msg=これまでに低評価なライドによって119人が利用をやめました
time=23:54:52.408 level=INFO msg=56.6%のライドは椅子がマッチされるまでの時間、35.7%のライドはマッチされた椅子が乗車地点までに掛かる時間、80.9%のライドは椅子の実移動時間に不満がありました
time=23:54:52.408 level=DEBUG source=/tmp/isucon14/bench/benchmarker/scenario/scenario.go:315 msg=時間経過 tick=1980
time=23:54:52.408 level=DEBUG source=/tmp/isucon14/bench/benchmarker/scenario/scenario.go:317 msg=eval reqs=661 score="[83 315 156 91 16]" criteria="[287 425 150 102]"
time=23:54:52.560 level=INFO msg=一定の売上が立ったためオーナーの椅子が増加します 名前=ゆったり号 増加数=1
time=23:54:52.736 level=INFO msg=一定の売上が立ったためオーナーの椅子が増加します 名前="SitWell Designs" 増加数=1
time=23:54:52.827 level=INFO msg=一定の売上が立ったためオーナーの椅子が増加します 名前=EcoChairs 増加数=1
time=23:54:52.956 level=INFO msg=一定の売上が立ったためオーナーの椅子が増加します 名前=木座デザイン 増加数=1
time=23:54:57.978 level=INFO msg=最終地域情報 名前=チェアタウン ユーザー登録数=130 アクティブユーザー数=66
time=23:54:57.978 level=INFO msg=最終地域情報 名前=コシカケシティ ユーザー登録数=111 アクティブユーザー数=55
time=23:54:57.978 level=INFO msg=最終オーナー情報 名前="SitWell Designs" 売上=874900 椅子数=42
time=23:54:57.978 level=INFO msg=最終オーナー情報 名前=ゆったり号 売上=568400 椅子数=31
time=23:54:57.978 level=INFO msg=最終オーナー情報 名前=EcoChairs 売上=707900 椅子数=37
time=23:54:57.978 level=INFO msg=最終オーナー情報 名前=木座デザイン 売上=871100 椅子数=42
time=23:54:57.978 level=INFO msg=最終オーナー情報 名前=つばさ交通 売上=824400 椅子数=40
time=23:54:57.978 level=INFO msg=57.3%のライドは椅子がマッチされるまでの時間、35.4%のライドはマッチされた椅子が乗車地点までに掛かる時間、81.2%のライドは椅子の実移動時間に不満がありました
time=23:54:57.978 level=INFO msg=結果 pass=true スコア=43669 種別エラー数=map[17:4]
time=23:54:57.978 level=INFO msg=負荷走行が終了しました
