2026-09-26T14:53:52+00:00
COMMAND         %CPU   RSS
mysqld          14.2 1080044
nginx            0.7 12616
nginx            0.7 13004
systemd-journal  0.4 276948
rsyslogd         0.2  5612
jbd2/sda1-8      0.2     0
rcu_preempt      0.1     0
kworker/1:1H-kb  0.0     0
kworker/0:1H-kb  0.0     0
2026-09-26T14:53:54+00:00
COMMAND         %CPU   RSS
mysqld          14.2 1083196
bench            9.5 50740
isuride          1.0 15132
nginx            0.7 12616
nginx            0.7 13004
systemd-journal  0.4 278116
rsyslogd         0.2  5612
jbd2/sda1-8      0.2     0
rcu_preempt      0.1     0
2026-09-26T14:53:56+00:00
COMMAND         %CPU   RSS
bench           14.4 68848
mysqld          14.2 1084252
isuride          3.4 15944
nginx            0.7 12616
nginx            0.7 13004
systemd-journal  0.4 279908
rsyslogd         0.2  5612
jbd2/sda1-8      0.2     0
rcu_preempt      0.1     0
2026-09-26T14:53:58+00:00
COMMAND         %CPU   RSS
bench           18.1 100552
mysqld          14.2 1086620
isuride          5.6 16944
nginx            0.7 12616
nginx            0.7 13004
systemd-journal  0.4 281684
rsyslogd         0.2  5612
jbd2/sda1-8      0.2     0
rcu_preempt      0.1     0
2026-09-26T14:54:00+00:00
COMMAND         %CPU   RSS
bench           19.7 127920
mysqld          14.2 1089408
isuride          7.9 18196
nginx            0.7 12616
nginx            0.7 13004
systemd-journal  0.4 287640
rsyslogd         0.2  5612
jbd2/sda1-8      0.2     0
rcu_preempt      0.1     0
2026-09-26T14:54:02+00:00
COMMAND         %CPU   RSS
bench           20.9 155156
mysqld          14.2 1092604
isuride         10.1 19264
nginx            0.7 12616
nginx            0.7 13004
systemd-journal  0.4 290000
rsyslogd         0.2  5612
jbd2/sda1-8      0.2     0
rcu_preempt      0.1     0
2026-09-26T14:54:04+00:00
COMMAND         %CPU   RSS
bench           21.4 178788
mysqld          14.2 1096604
isuride         12.2 20536
nginx            0.7 12616
nginx            0.7 13004
systemd-journal  0.4 295632
rsyslogd         0.2  5612
jbd2/sda1-8      0.2     0
rcu_preempt      0.1     0
2026-09-26T14:54:06+00:00
COMMAND         %CPU   RSS
bench           21.1 183748
mysqld          14.2 1101024
isuride         13.9 20984
nginx            0.8 12616
nginx            0.7 13004
systemd-journal  0.4 298356
rsyslogd         0.2  5612
jbd2/sda1-8      0.2     0
rcu_preempt      0.1     0
2026-09-26T14:54:08+00:00
COMMAND         %CPU   RSS
bench           21.3 202316
isuride         15.5 21904
mysqld          14.2 1104864
nginx            0.8 12616
nginx            0.7 13004
systemd-journal  0.4 303800
rsyslogd         0.2  5612
jbd2/sda1-8      0.2     0
rcu_preempt      0.1     0
2026-09-26T14:54:10+00:00
COMMAND         %CPU   RSS
bench           21.3 207932
isuride         16.9 23128
mysqld          14.3 1107920
nginx            0.8 12616
nginx            0.7 13004
systemd-journal  0.4 306112
rsyslogd         0.2  5612
jbd2/sda1-8      0.2     0
rcu_preempt      0.1     0
2026-09-26T14:54:12+00:00
COMMAND         %CPU   RSS
bench           21.3 220984
isuride         18.2 23832
mysqld          14.3 1113228
nginx            0.8 12616
nginx            0.7 13004
systemd-journal  0.4 166712
rsyslogd         0.2  5612
jbd2/sda1-8      0.2     0
rcu_preempt      0.1     0
2026-09-26T14:54:14+00:00
COMMAND         %CPU   RSS
bench           21.1 222912
isuride         19.4 22468
mysqld          14.3 1115880
nginx            0.8 12616
nginx            0.7 13004
systemd-journal  0.4 168280
rsyslogd         0.2  5612
jbd2/sda1-8      0.2     0
rcu_preempt      0.1     0
2026-09-26T14:54:16+00:00
COMMAND         %CPU   RSS
bench           21.3 237552
isuride         20.4 26068
mysqld          14.3 1116864
nginx            0.8 12616
nginx            0.7 13004
systemd-journal  0.4 170256
rsyslogd         0.2  5584
jbd2/sda1-8      0.2     0
rcu_preempt      0.1     0
2026-09-26T14:54:18+00:00
COMMAND         %CPU   RSS
bench           21.5 254796
isuride         21.3 26144
mysqld          14.3 1119968
curl             1.2 12320
nginx            0.8 12672
nginx            0.7 13004
systemd-journal  0.4 175908
rsyslogd         0.2  5584
jbd2/sda1-8      0.2     0
2026-09-26T14:54:20+00:00
COMMAND         %CPU   RSS
isuride         22.1 27720
bench           21.4 257232
mysqld          14.3 1122520
nginx            0.8 12944
nginx            0.7 13004
systemd-journal  0.4 178424
rsyslogd         0.2  5584
jbd2/sda1-8      0.2     0
rcu_preempt      0.1     0
2026-09-26T14:54:22+00:00
COMMAND         %CPU   RSS
isuride         22.9 27552
bench           21.6 281048
mysqld          14.3 1124700
curl             1.7 12320
nginx            0.8 13088
nginx            0.7 13004
systemd-journal  0.4 178424
rsyslogd         0.2  5584
jbd2/sda1-8      0.2     0
2026-09-26T14:54:24+00:00
COMMAND         %CPU   RSS
isuride         23.5 27064
bench           21.6 297544
mysqld          14.3 1126980
curl             0.8 12316
nginx            0.8 13200
nginx            0.7 13004
systemd-journal  0.4 178424
rsyslogd         0.2  5584
jbd2/sda1-8      0.2     0
2026-09-26T14:54:26+00:00
COMMAND         %CPU   RSS
isuride         24.1 29464
bench           21.5 299324
mysqld          14.3 1128720
curl             1.7 12320
nginx            0.8 13320
nginx            0.7 13008
systemd-journal  0.4 178424
rsyslogd         0.2  5584
jbd2/sda1-8      0.2     0
2026-09-26T14:54:28+00:00
COMMAND         %CPU   RSS
isuride         24.5 29716
bench           21.6 327292
mysqld          14.3 1130388
nginx            0.8 13348
nginx            0.8 13216
systemd-journal  0.4 178424
curl             0.3 12320
rsyslogd         0.2  5584
jbd2/sda1-8      0.2     0
2026-09-26T14:54:30+00:00
COMMAND         %CPU   RSS
isuride         24.8 28848
bench           21.6 329004
mysqld          14.3 1131512
nginx            0.8 13416
nginx            0.8 13352
systemd-journal  0.4 178424
rsyslogd         0.2  5584
jbd2/sda1-8      0.2     0
rcu_preempt      0.1     0
2026-09-26T14:54:32+00:00
COMMAND         %CPU   RSS
isuride         25.3 31280
bench           21.5 330440
mysqld          14.4 1133988
nginx            0.8 13596
nginx            0.8 13632
curl             0.5 12320
systemd-journal  0.4 178424
rsyslogd         0.2  5584
jbd2/sda1-8      0.2     0
2026-09-26T14:54:34+00:00
COMMAND         %CPU   RSS
isuride         25.8 31624
bench           21.5 350152
mysqld          14.4 1134968
curl             1.1 12304
nginx            0.8 13760
nginx            0.8 13812
systemd-journal  0.4 178424
rsyslogd         0.2  5584
jbd2/sda1-8      0.2     0
2026-09-26T14:54:36+00:00
COMMAND         %CPU   RSS
isuride         26.3 30156
bench           21.5 351284
mysqld          14.4 1136004
nginx            0.8 13980
nginx            0.8 13876
systemd-journal  0.4 180184
rsyslogd         0.2  5584
jbd2/sda1-8      0.2     0
rcu_preempt      0.1     0
2026-09-26T14:54:38+00:00
COMMAND         %CPU   RSS
isuride         26.5 30724
bench           21.4 372264
mysqld          14.4 1137124
nginx            0.8 14080
nginx            0.8 13920
curl             0.6 12320
systemd-journal  0.4 182608
rsyslogd         0.2  5584
jbd2/sda1-8      0.2     0
2026-09-26T14:54:40+00:00
COMMAND         %CPU   RSS
isuride         26.8 31792
bench           21.3 373528
mysqld          14.4 1138076
curl             2.9 12304
nginx            0.8 14216
nginx            0.8 14096
systemd-journal  0.4 184360
rsyslogd         0.2  5608
jbd2/sda1-8      0.2     0
2026-09-26T14:54:42+00:00
COMMAND         %CPU   RSS
isuride         27.0 30856
bench           21.2 374896
mysqld          14.4 1139040
nginx            0.8 14348
nginx            0.8 14140
systemd-journal  0.4 190816
curl             0.4 12304
rsyslogd         0.2  5608
jbd2/sda1-8      0.2     0
2026-09-26T14:54:44+00:00
COMMAND         %CPU   RSS
isuride         27.3 32080
bench           21.3 388564
mysqld          14.4 1140320
curl             1.2 12316
nginx            0.8 14380
nginx            0.8 14176
systemd-journal  0.4 193348
rsyslogd         0.2  5608
jbd2/sda1-8      0.2     0
2026-09-26T14:54:46+00:00
COMMAND         %CPU   RSS
isuride         27.5 32592
bench           21.3 389588
mysqld          14.4 1140364
nginx            0.8 14380
nginx            0.8 14176
systemd-journal  0.4 196236
curl             0.3 12316
rsyslogd         0.2  5608
jbd2/sda1-8      0.2     0
2026-09-26T14:54:48+00:00
COMMAND         %CPU   RSS
isuride         27.7 32364
bench           21.2 390876
mysqld          14.4 1143556
nginx            0.8 14384
nginx            0.8 14176
systemd-journal  0.4 200352
rsyslogd         0.2  5608
jbd2/sda1-8      0.2     0
curl             0.2 12316
2026-09-26T14:54:50+00:00
COMMAND         %CPU   RSS
isuride         28.0 30340
bench           21.2 409852
mysqld          14.4 1141424
nginx            0.8 14396
nginx            0.8 14176
curl             0.7 12352
systemd-journal  0.4 202316
rsyslogd         0.2  5608
jbd2/sda1-8      0.2     0
2026-09-26T14:54:52+00:00
COMMAND         %CPU   RSS
isuride         28.3 33120
bench           21.2 410908
mysqld          14.5 1142428
nginx            0.8 14464
nginx            0.8 14280
systemd-journal  0.4 202736
curl             0.2 12352
rsyslogd         0.2  5608
jbd2/sda1-8      0.2     0
2026-09-26T14:54:54+00:00
COMMAND         %CPU   RSS
isuride         28.6 28336
bench           21.1 412064
mysqld          14.5 1142428
curl             1.7 12320
nginx            0.8 14468
nginx            0.8 14320
systemd-journal  0.4 202736
rsyslogd         0.2  5608
jbd2/sda1-8      0.2     0
2026-09-26T14:54:56+00:00
COMMAND         %CPU   RSS
isuride         29.0 28496
bench           21.0 425464
mysqld          14.5 1142428
nginx            0.8 14468
nginx            0.8 14320
systemd-journal  0.4 202736
rsyslogd         0.2  5608
jbd2/sda1-8      0.2     0
rcu_preempt      0.1     0
