procs -----------memory---------- ---swap-- -----io---- -system-- -------cpu------- -----timestamp-----
 r  b   swpd   free   buff  cache   si   so    bi    bo   in   cs us sy id wa st gu                 UTC
 3  0      0 509872  73172 2157656    0    0    48  2205 2530   44 10  4 85  0  0  0 2026-09-26 14:53:52
 0  0      0 469460  73172 2184616    0    0   544 62748 18288 41179 33 14 37 16  0  0 2026-09-26 14:53:53
 0  0      0 463472  73172 2187572    0    0    80 10480 21272 64115 19 18 60  2  0  0 2026-09-26 14:53:54
 9  1      0 455516  73172 2189632    0    0     0 24792 26521 91466 38 26 33  3  0  0 2026-09-26 14:53:55
11  0      0 439668  73172 2191800    0    0     0 21452 25714 109544 47 34 17  2  0  0 2026-09-26 14:53:56
12  0      0 420628  73172 2194100    0    0     0 26196 23938 100136 59 36  4  1  0  0 2026-09-26 14:53:57
 6  1      0 398316  73172 2196580    0    0     4 24524 22761 101870 59 38  3  1  0  0 2026-09-26 14:53:58
41  1      0 375720  73172 2200324    0    0     4 25492 20851 90377 61 38  1  0  0  0 2026-09-26 14:53:59
15  0      0 357608  73172 2203188    0    0     0 38840 22115 102462 56 43  1  1  0  0 2026-09-26 14:54:00
12  1      0 339536  73172 2206800    0    0     0 27892 21919 98987 56 43  1  0  0  0 2026-09-26 14:54:01
41  2      0 320200  73172 2209804    0    0     0 30744 22724 103268 56 44  1  1  0  0 2026-09-26 14:54:02
53  0      0 302320  73172 2212588    0    0    16 25568 22357 99922 58 41  1  0  0  0 2026-09-26 14:54:03
 7  1      0 284444  73172 2216220    0    0     0 27840 21413 95616 58 40  1  1  0  0 2026-09-26 14:54:04
17  0      0 278744  73172 2218632    0    0     4 61348 21785 95260 57 42  1  0  0  0 2026-09-26 14:54:05
27  1      0 269352  73172 2221408    0    0    16 27452 20270 99185 57 41  1  1  0  0 2026-09-26 14:54:06
52  1      0 242640  73172 2224520    0    0    16 31420 20447 96919 55 44  1  1  0  0 2026-09-26 14:54:07
14  1      0 237908  73172 2227052    0    0     0 26572 21265 98795 58 41  1  1  0  0 2026-09-26 14:54:08
18  1      0 232316  73172 2231972    0    0    16 27064 21788 96993 58 41  1  0  0  0 2026-09-26 14:54:09
38  1      0 222096  73172 2234652    0    0     0 52996 19067 94649 58 41  1  1  0  0 2026-09-26 14:54:10
46  0      0 212324  73172 2237416    0    0     0 28856 21943 97318 56 44  1  0  0  0 2026-09-26 14:54:11
25  0      0 196952  73172 2240008    0    0    16 33120 21716 94915 55 44  1  1  0  0 2026-09-26 14:54:12
procs -----------memory---------- ---swap-- -----io---- -system-- -------cpu------- -----timestamp-----
 r  b   swpd   free   buff  cache   si   so    bi    bo   in   cs us sy id wa st gu                 UTC
20  1      0 181364  73176 2252976    0    0    20 39456 19292 91278 55 45  1  0  0  0 2026-09-26 14:54:13
52  1      0 175196  73176 2257084    0    0     0 26872 20658 92340 57 42  0  0  0  0 2026-09-26 14:54:14
 5  0      0 154136  73176 2260956    0    0    32 26776 18834 95046 57 42  1  0  0  0 2026-09-26 14:54:15
12  1      0 148392  73176 2263520    0    0     0 27424 20473 100026 58 40  2  1  0  0 2026-09-26 14:54:16
18  1      0 137880  73176 2267636    0    0     0 25616 20569 95802 59 40  0  0  0  0 2026-09-26 14:54:17
27  0      0 118224  73176 2270116    0    0     0 31708 20318 96991 58 40  1  1  0  0 2026-09-26 14:54:18
15  1      0 117216  73176 2272764    0    0     4 23880 19899 93300 58 39  2  1  0  0 2026-09-26 14:54:19
43  0      0 113852  73176 2275248    0    0     0 27456 20529 94520 58 40  2  1  0  0 2026-09-26 14:54:20
 9  1      0  86888  73176 2277180    0    0    16 24944 21423 91517 59 38  2  1  0  0 2026-09-26 14:54:21
 7  0      0  80744  73176 2278696    0    0     0 31364 19174 91392 59 40  1  0  0  0 2026-09-26 14:54:22
47  1      0  72944  73176 2280464    0    0    48 32220 20615 98764 58 41  1  0  0  0 2026-09-26 14:54:23
22  0      0  71988  72452 2265112    0    0     0 22588 18293 92684 62 38  1  0  0  0 2026-09-26 14:54:24
63  0      0  81392  71848 2253372    0    0     0 25280 20062 89351 62 37  1  0  0  0 2026-09-26 14:54:25
19  2      0  82148  71848 2254792    0    0    16 42260 21404 89635 60 39  0  0  0  0 2026-09-26 14:54:26
10  1      0  74104  71848 2256140    0    0     4 24132 19587 90085 63 37  0  0  0  0 2026-09-26 14:54:27
10  1      0  77592  71576 2233444    0    0     0 22844 20010 90080 59 42  0  0  0  0 2026-09-26 14:54:28
28  0      0  85116  71512 2218176    0    0     0 22096 17712 81146 64 36  1  0  0  0 2026-09-26 14:54:29
44  1      0  84168  71512 2220212    0    0     0 22272 18613 88871 63 37  1  0  0  0 2026-09-26 14:54:30
20  0      0  79804  71512 2221028    0    0     0 23760 19637 91526 61 39  0  0  0  0 2026-09-26 14:54:31
13  1      0  83100  70532 2210920    0    0     0 27272 19017 86365 62 37  0  0  0  0 2026-09-26 14:54:32
26  0      0 126576  69260 2153468    0    0    48 29928 20739 97583 58 41  1  0  0  0 2026-09-26 14:54:33
procs -----------memory---------- ---swap-- -----io---- -system-- -------cpu------- -----timestamp-----
 r  b   swpd   free   buff  cache   si   so    bi    bo   in   cs us sy id wa st gu                 UTC
 6  1      0 115572  69260 2156368    0    0     0 21600 19368 84677 64 36  0  0  0  0 2026-09-26 14:54:34
34  0      0 124332  69260 2157468    0    0    16 23424 21391 94907 59 41  1  0  0  0 2026-09-26 14:54:35
18  0      0 118024  69260 2159264    0    0    20 23404 18559 87820 62 38  1  1  0  0 2026-09-26 14:54:36
35  1      0 114920  69260 2161176    0    0    32 23240 19374 80909 64 36  1  0  0  0 2026-09-26 14:54:37
32  0      0  92184  69260 2163040    0    0     0 21272 17914 77365 66 34  1  0  0  0 2026-09-26 14:54:38
15  1      0  85716  69260 2165216    0    0     0 22128 20453 84150 62 37  1  0  0  0 2026-09-26 14:54:39
26  0      0  79164  69260 2167256    0    0     0 25364 18693 83712 62 38  0  0  0  0 2026-09-26 14:54:40
31  0      0  74404  69260 2169516    0    0     0 24244 20779 87876 66 35  0  0  0  0 2026-09-26 14:54:41
64  0      0  70720  69260 2174548    0    0     0 33644 17096 83734 65 35  1  0  0  0 2026-09-26 14:54:42
22  1      0  97148  68780 2145836    0    0     0 34124 20525 83804 63 37  0  1  0  0 2026-09-26 14:54:43
12  0      0  83820  68804 2148040    0    0     0 23028 21022 87906 60 39  1  0  0  0 2026-09-26 14:54:44
27  1      0  74748  68820 2150336    0    0     0 25540 19594 88205 63 37  0  0  0  0 2026-09-26 14:54:45
62  0      0  72584  68844 2153948    0    0     4 23984 18996 88876 63 37  1  0  0  0 2026-09-26 14:54:46
13  0      0  85324  68380 2139892    0    0     0 22668 18648 83202 65 35  0  0  0  0 2026-09-26 14:54:47
57  1      0  79044  68432 2142412    0    0     0 22600 21700 87091 63 36  1  1  0  0 2026-09-26 14:54:48
25  1      0  74032  68456 2143992    0    0     0 23792 18490 85743 65 35  0  0  0  0 2026-09-26 14:54:49
21  1      0  72788  68440 2131576    0    0     0 21060 18887 85444 65 34  0  0  0  0 2026-09-26 14:54:50
23  0      0  90956  68416 2122432    0    0     0 21008 19338 89329 62 37  1  0  0  0 2026-09-26 14:54:51
29  0      0  77436  68436 2124228    0    0     0 41356 19778 90884 61 38  1  1  0  0 2026-09-26 14:54:52
26  1      0  72140  68460 2125768    0    0     0 32024 20687 91842 62 38  1  0  0  0 2026-09-26 14:54:53
28  0      0  75212  68460 2127172    0    0     0  5588 18487 108252 69 30  2  0  0  0 2026-09-26 14:54:54
procs -----------memory---------- ---swap-- -----io---- -system-- -------cpu------- -----timestamp-----
 r  b   swpd   free   buff  cache   si   so    bi    bo   in   cs us sy id wa st gu                 UTC
23  0      0  71764  68468 2126136    0    0     0  6868 21384 115467 65 33  2  0  0  0 2026-09-26 14:54:55
47  0      0  81588  68436 2109024    0    0    20  4888 17799 114462 64 34  2  0  0  0 2026-09-26 14:54:56
30  0      0  91376  68436 2110396    0    0     0  3892 19469 114238 66 32  3  0  0  0 2026-09-26 14:54:57
