time=00:35:26.127 level=DEBUG source=/tmp/isucon14/bench/cmd/run.go:90 msg=target targetURL=https://isuride.xiv.isucon.net targetAddr=127.0.0.1:443 benchrun.GetTargetAddress()="" paymentURL=http://127.0.0.1:12346
time=00:35:26.127 level=INFO msg=負荷走行を開始します
time=00:35:28.885 level=DEBUG source=/tmp/isucon14/bench/benchmarker/scenario/scenario.go:315 msg=時間経過 tick=60
time=00:35:28.885 level=DEBUG source=/tmp/isucon14/bench/benchmarker/scenario/scenario.go:317 msg=eval reqs=4 score="[0 0 0 3 1]" criteria="[4 1 4 4]"
time=00:35:29.268 level=WARN msg="ユーザー登録に失敗しました (CODE=17): POST /api/app/usersへのリクエストに対して、期待されたHTTPステータスコードが確認できませんでした (expected:201, actual:500)"
time=00:35:30.175 level=WARN msg="ユーザー登録に失敗しました (CODE=17): POST /api/app/usersへのリクエストに対して、期待されたHTTPステータスコードが確認できませんでした (expected:201, actual:500)"
time=00:35:30.671 level=INFO msg=一定の売上が立ったためオーナーの椅子が増加します 名前="Chair Charm" 増加数=1
time=00:35:30.677 level=INFO msg=一定の売上が立ったためオーナーの椅子が増加します 名前=おもてなしタクシー 増加数=1
time=00:35:30.685 level=DEBUG source=/tmp/isucon14/bench/benchmarker/scenario/scenario.go:315 msg=時間経過 tick=120
time=00:35:30.685 level=DEBUG source=/tmp/isucon14/bench/benchmarker/scenario/scenario.go:317 msg=eval reqs=19 score="[0 0 0 12 7]" criteria="[19 7 19 19]"
time=00:35:32.470 level=INFO msg=一定の売上が立ったためオーナーの椅子が増加します 名前=おもてなしタクシー 増加数=2
time=00:35:32.471 level=INFO msg=一定の売上が立ったためオーナーの椅子が増加します 名前="CraftChair Co., Ltd." 増加数=1
time=00:35:32.471 level=INFO msg=一定の売上が立ったためオーナーの椅子が増加します 名前=椅子やいちば 増加数=2
time=00:35:32.473 level=INFO msg=一定の売上が立ったためオーナーの椅子が増加します 名前=快旅タクシー 増加数=1
time=00:35:32.485 level=INFO msg=これまでに地域内の評判によって8人、既存ユーザーの招待経由で28人が新規登録しました
time=00:35:32.485 level=INFO msg=0.0%のライドは椅子がマッチされるまでの時間、76.7%のライドはマッチされた椅子が乗車地点までに掛かる時間、0.0%のライドは椅子の実移動時間に不満がありました
time=00:35:32.485 level=DEBUG source=/tmp/isucon14/bench/benchmarker/scenario/scenario.go:315 msg=時間経過 tick=180
time=00:35:32.485 level=DEBUG source=/tmp/isucon14/bench/benchmarker/scenario/scenario.go:317 msg=eval reqs=30 score="[0 0 0 23 7]" criteria="[30 7 30 30]"
time=00:35:33.651 level=WARN msg="ユーザー登録に失敗しました (CODE=17): POST /api/app/usersへのリクエストに対して、期待されたHTTPステータスコードが確認できませんでした (expected:201, actual:500)"
time=00:35:33.798 level=WARN msg="ユーザー登録に失敗しました (CODE=17): POST /api/app/usersへのリクエストに対して、期待されたHTTPステータスコードが確認できませんでした (expected:201, actual:500)"
time=00:35:34.278 level=INFO msg=一定の売上が立ったためオーナーの椅子が増加します 名前="Chair Charm" 増加数=3
time=00:35:34.285 level=DEBUG source=/tmp/isucon14/bench/benchmarker/scenario/scenario.go:315 msg=時間経過 tick=240
time=00:35:34.285 level=DEBUG source=/tmp/isucon14/bench/benchmarker/scenario/scenario.go:317 msg=eval reqs=46 score="[0 0 2 35 9]" criteria="[46 9 46 44]"
time=00:35:34.288 level=INFO msg=一定の売上が立ったためオーナーの椅子が増加します 名前=おもてなしタクシー 増加数=1
time=00:35:34.311 level=INFO msg=一定の売上が立ったためオーナーの椅子が増加します 名前="CraftChair Co., Ltd." 増加数=1
time=00:35:34.314 level=INFO msg=一定の売上が立ったためオーナーの椅子が増加します 名前=快旅タクシー 増加数=1
time=00:35:36.085 level=DEBUG source=/tmp/isucon14/bench/benchmarker/scenario/scenario.go:315 msg=時間経過 tick=300
time=00:35:36.085 level=DEBUG source=/tmp/isucon14/bench/benchmarker/scenario/scenario.go:317 msg=eval reqs=59 score="[0 0 7 41 11]" criteria="[59 13 59 50]"
time=00:35:36.087 level=INFO msg=一定の売上が立ったためオーナーの椅子が増加します 名前=椅子やいちば 増加数=2
time=00:35:36.087 level=INFO msg=一定の売上が立ったためオーナーの椅子が増加します 名前="CraftChair Co., Ltd." 増加数=1
time=00:35:36.092 level=INFO msg=一定の売上が立ったためオーナーの椅子が増加します 名前=おもてなしタクシー 増加数=1
time=00:35:37.885 level=INFO msg=これまでに地域内の評判によって20人、既存ユーザーの招待経由で52人が新規登録しました
time=00:35:37.885 level=INFO msg=これまでに低評価なライドによって1人が利用をやめました
time=00:35:37.885 level=INFO msg=0.0%のライドは椅子がマッチされるまでの時間、77.6%のライドはマッチされた椅子が乗車地点までに掛かる時間、16.4%のライドは椅子の実移動時間に不満がありました
time=00:35:37.885 level=DEBUG source=/tmp/isucon14/bench/benchmarker/scenario/scenario.go:315 msg=時間経過 tick=360
time=00:35:37.885 level=DEBUG source=/tmp/isucon14/bench/benchmarker/scenario/scenario.go:317 msg=eval reqs=76 score="[0 1 18 45 12]" criteria="[76 17 73 54]"
time=00:35:37.898 level=INFO msg=一定の売上が立ったためオーナーの椅子が増加します 名前=快旅タクシー 増加数=1
time=00:35:37.912 level=INFO msg=一定の売上が立ったためオーナーの椅子が増加します 名前="Chair Charm" 増加数=3
time=00:35:37.920 level=INFO msg=一定の売上が立ったためオーナーの椅子が増加します 名前=おもてなしタクシー 増加数=2
time=00:35:37.920 level=INFO msg=一定の売上が立ったためオーナーの椅子が増加します 名前="CraftChair Co., Ltd." 増加数=1
time=00:35:37.921 level=INFO msg=一定の売上が立ったためオーナーの椅子が増加します 名前=椅子やいちば 増加数=1
time=00:35:39.052 level=WARN msg="ユーザー登録に失敗しました (CODE=17): POST /api/app/usersへのリクエストに対して、期待されたHTTPステータスコードが確認できませんでした (expected:201, actual:500)"
time=00:35:39.685 level=DEBUG source=/tmp/isucon14/bench/benchmarker/scenario/scenario.go:315 msg=時間経過 tick=420
time=00:35:39.685 level=DEBUG source=/tmp/isucon14/bench/benchmarker/scenario/scenario.go:317 msg=eval reqs=88 score="[0 7 22 47 12]" criteria="[82 22 80 56]"
time=00:35:39.717 level=INFO msg=一定の売上が立ったためオーナーの椅子が増加します 名前=おもてなしタクシー 増加数=1
time=00:35:39.725 level=INFO msg=一定の売上が立ったためオーナーの椅子が増加します 名前=快旅タクシー 増加数=1
time=00:35:39.748 level=INFO msg=一定の売上が立ったためオーナーの椅子が増加します 名前=椅子やいちば 増加数=1
time=00:35:39.772 level=INFO msg=一定の売上が立ったためオーナーの椅子が増加します 名前="Chair Charm" 増加数=1
time=00:35:41.486 level=DEBUG source=/tmp/isucon14/bench/benchmarker/scenario/scenario.go:315 msg=時間経過 tick=480
time=00:35:41.486 level=DEBUG source=/tmp/isucon14/bench/benchmarker/scenario/scenario.go:317 msg=eval reqs=105 score="[6 14 25 48 12]" criteria="[86 27 83 60]"
time=00:35:41.516 level=INFO msg=一定の売上が立ったためオーナーの椅子が増加します 名前="CraftChair Co., Ltd." 増加数=1
time=00:35:41.537 level=INFO msg=一定の売上が立ったためオーナーの椅子が増加します 名前=おもてなしタクシー 増加数=1
time=00:35:41.538 level=INFO msg=一定の売上が立ったためオーナーの椅子が増加します 名前="Chair Charm" 増加数=1
time=00:35:41.549 level=INFO msg=一定の売上が立ったためオーナーの椅子が増加します 名前=椅子やいちば 増加数=1
time=00:35:43.278 level=INFO msg=一定の売上が立ったためオーナーの椅子が増加します 名前="CraftChair Co., Ltd." 増加数=1
time=00:35:43.285 level=DEBUG source=/tmp/isucon14/bench/benchmarker/scenario/scenario.go:315 msg=時間経過 tick=540
time=00:35:43.285 level=INFO msg=これまでに地域内の評判によって33人、既存ユーザーの招待経由で55人が新規登録しました
time=00:35:43.285 level=INFO msg=これまでに低評価なライドによって18人が利用をやめました
time=00:35:43.285 level=INFO msg=31.2%のライドは椅子がマッチされるまでの時間、69.6%のライドはマッチされた椅子が乗車地点までに掛かる時間、38.0%のライドは椅子の実移動時間に不満がありました
time=00:35:43.285 level=DEBUG source=/tmp/isucon14/bench/benchmarker/scenario/scenario.go:317 msg=eval reqs=125 score="[14 17 32 50 12]" criteria="[86 38 92 63]"
time=00:35:43.298 level=INFO msg=一定の売上が立ったためオーナーの椅子が増加します 名前="Chair Charm" 増加数=2
time=00:35:43.299 level=INFO msg=一定の売上が立ったためオーナーの椅子が増加します 名前=椅子やいちば 増加数=2
time=00:35:43.314 level=INFO msg=一定の売上が立ったためオーナーの椅子が増加します 名前=快旅タクシー 増加数=1
time=00:35:43.332 level=INFO msg=一定の売上が立ったためオーナーの椅子が増加します 名前=おもてなしタクシー 増加数=1
time=00:35:45.085 level=DEBUG source=/tmp/isucon14/bench/benchmarker/scenario/scenario.go:315 msg=時間経過 tick=600
time=00:35:45.085 level=DEBUG source=/tmp/isucon14/bench/benchmarker/scenario/scenario.go:317 msg=eval reqs=136 score="[17 20 36 51 12]" criteria="[89 43 97 64]"
time=00:35:45.112 level=INFO msg=一定の売上が立ったためオーナーの椅子が増加します 名前=快旅タクシー 増加数=1
time=00:35:45.140 level=INFO msg=一定の売上が立ったためオーナーの椅子が増加します 名前="Chair Charm" 増加数=1
time=00:35:45.140 level=INFO msg=一定の売上が立ったためオーナーの椅子が増加します 名前=椅子やいちば 増加数=1
time=00:35:45.141 level=INFO msg=一定の売上が立ったためオーナーの椅子が増加します 名前=おもてなしタクシー 増加数=1
time=00:35:46.885 level=DEBUG source=/tmp/isucon14/bench/benchmarker/scenario/scenario.go:315 msg=時間経過 tick=660
time=00:35:46.885 level=DEBUG source=/tmp/isucon14/bench/benchmarker/scenario/scenario.go:317 msg=eval reqs=162 score="[22 29 44 55 12]" criteria="[103 57 101 69]"
time=00:35:46.901 level=INFO msg=一定の売上が立ったためオーナーの椅子が増加します 名前=おもてなしタクシー 増加数=1
time=00:35:46.903 level=INFO msg=一定の売上が立ったためオーナーの椅子が増加します 名前="Chair Charm" 増加数=2
time=00:35:46.946 level=INFO msg=一定の売上が立ったためオーナーの椅子が増加します 名前=快旅タクシー 増加数=1
time=00:35:46.959 level=INFO msg=一定の売上が立ったためオーナーの椅子が増加します 名前="CraftChair Co., Ltd." 増加数=2
time=00:35:46.977 level=INFO msg=一定の売上が立ったためオーナーの椅子が増加します 名前=椅子やいちば 増加数=2
time=00:35:48.685 level=DEBUG source=/tmp/isucon14/bench/benchmarker/scenario/scenario.go:315 msg=時間経過 tick=720
time=00:35:48.685 level=DEBUG source=/tmp/isucon14/bench/benchmarker/scenario/scenario.go:317 msg=eval reqs=183 score="[26 35 47 62 13]" criteria="[118 69 109 71]"
time=00:35:48.685 level=INFO msg=これまでに地域内の評判によって45人、既存ユーザーの招待経由で66人が新規登録しました
time=00:35:48.685 level=INFO msg=これまでに低評価なライドによって30人が利用をやめました
time=00:35:48.685 level=INFO msg=35.5%のライドは椅子がマッチされるまでの時間、62.3%のライドはマッチされた椅子が乗車地点までに掛かる時間、50.8%のライドは椅子の実移動時間に不満がありました
time=00:35:48.806 level=INFO msg=一定の売上が立ったためオーナーの椅子が増加します 名前="CraftChair Co., Ltd." 増加数=1
time=00:35:48.859 level=INFO msg=一定の売上が立ったためオーナーの椅子が増加します 名前="Chair Charm" 増加数=2
time=00:35:48.860 level=INFO msg=一定の売上が立ったためオーナーの椅子が増加します 名前=おもてなしタクシー 増加数=1
time=00:35:48.862 level=INFO msg=一定の売上が立ったためオーナーの椅子が増加します 名前=快旅タクシー 増加数=1
time=00:35:48.884 level=INFO msg=一定の売上が立ったためオーナーの椅子が増加します 名前=椅子やいちば 増加数=1
time=00:35:50.486 level=DEBUG source=/tmp/isucon14/bench/benchmarker/scenario/scenario.go:315 msg=時間経過 tick=780
time=00:35:50.486 level=DEBUG source=/tmp/isucon14/bench/benchmarker/scenario/scenario.go:317 msg=eval reqs=205 score="[27 45 52 67 14]" criteria="[139 80 113 74]"
time=00:35:50.508 level=INFO msg=一定の売上が立ったためオーナーの椅子が増加します 名前=快旅タクシー 増加数=1
time=00:35:50.517 level=INFO msg=一定の売上が立ったためオーナーの椅子が増加します 名前=椅子やいちば 増加数=2
time=00:35:50.566 level=INFO msg=一定の売上が立ったためオーナーの椅子が増加します 名前=おもてなしタクシー 増加数=2
time=00:35:50.607 level=INFO msg=一定の売上が立ったためオーナーの椅子が増加します 名前="CraftChair Co., Ltd." 増加数=1
time=00:35:50.629 level=INFO msg=一定の売上が立ったためオーナーの椅子が増加します 名前="Chair Charm" 増加数=2
time=00:35:52.285 level=DEBUG source=/tmp/isucon14/bench/benchmarker/scenario/scenario.go:315 msg=時間経過 tick=840
time=00:35:52.285 level=DEBUG source=/tmp/isucon14/bench/benchmarker/scenario/scenario.go:317 msg=eval reqs=222 score="[28 52 56 72 14]" criteria="[155 89 117 75]"
time=00:35:52.395 level=INFO msg=一定の売上が立ったためオーナーの椅子が増加します 名前=快旅タクシー 増加数=2
time=00:35:52.424 level=INFO msg=一定の売上が立ったためオーナーの椅子が増加します 名前="CraftChair Co., Ltd." 増加数=1
time=00:35:52.482 level=INFO msg=一定の売上が立ったためオーナーの椅子が増加します 名前="Chair Charm" 増加数=1
time=00:35:54.085 level=DEBUG source=/tmp/isucon14/bench/benchmarker/scenario/scenario.go:315 msg=時間経過 tick=900
time=00:35:54.085 level=DEBUG source=/tmp/isucon14/bench/benchmarker/scenario/scenario.go:317 msg=eval reqs=248 score="[29 68 63 74 14]" criteria="[180 98 119 75]"
time=00:35:54.085 level=INFO msg=これまでに地域内の評判によって57人、既存ユーザーの招待経由で80人が新規登録しました
time=00:35:54.085 level=INFO msg=これまでに低評価なライドによって41人が利用をやめました
time=00:35:54.085 level=INFO msg=27.4%のライドは椅子がマッチされるまでの時間、60.5%のライドはマッチされた椅子が乗車地点までに掛かる時間、60.9%のライドは椅子の実移動時間に不満がありました
time=00:35:54.244 level=INFO msg=一定の売上が立ったためオーナーの椅子が増加します 名前=椅子やいちば 増加数=3
time=00:35:54.356 level=INFO msg=一定の売上が立ったためオーナーの椅子が増加します 名前="Chair Charm" 増加数=2
time=00:35:54.392 level=INFO msg=一定の売上が立ったためオーナーの椅子が増加します 名前=おもてなしタクシー 増加数=2
time=00:35:55.886 level=DEBUG source=/tmp/isucon14/bench/benchmarker/scenario/scenario.go:315 msg=時間経過 tick=960
time=00:35:55.886 level=DEBUG source=/tmp/isucon14/bench/benchmarker/scenario/scenario.go:317 msg=eval reqs=270 score="[29 78 72 76 15]" criteria="[202 109 122 77]"
time=00:35:55.986 level=INFO msg=一定の売上が立ったためオーナーの椅子が増加します 名前="CraftChair Co., Ltd." 増加数=2
time=00:35:56.045 level=INFO msg=一定の売上が立ったためオーナーの椅子が増加します 名前=快旅タクシー 増加数=1
time=00:35:56.123 level=INFO msg=一定の売上が立ったためオーナーの椅子が増加します 名前=おもてなしタクシー 増加数=2
time=00:35:56.144 level=INFO msg=一定の売上が立ったためオーナーの椅子が増加します 名前="Chair Charm" 増加数=1
time=00:35:57.685 level=DEBUG source=/tmp/isucon14/bench/benchmarker/scenario/scenario.go:315 msg=時間経過 tick=1020
time=00:35:57.685 level=DEBUG source=/tmp/isucon14/bench/benchmarker/scenario/scenario.go:317 msg=eval reqs=294 score="[29 90 81 79 15]" criteria="[226 118 125 80]"
time=00:35:57.755 level=WARN msg="取得したオーナーの売り上げ情報が想定しているものと異なります (CODE=24): salesが大きいデータがあります (id: 01M3F5QD17DBJGWNWNPQA2NJDQ, got: 18800)"
time=00:35:57.803 level=INFO msg=一定の売上が立ったためオーナーの椅子が増加します 名前=椅子やいちば 増加数=1
time=00:35:57.832 level=INFO msg=一定の売上が立ったためオーナーの椅子が増加します 名前="Chair Charm" 増加数=2
time=00:35:57.836 level=INFO msg=一定の売上が立ったためオーナーの椅子が増加します 名前=おもてなしタクシー 増加数=1
time=00:35:59.486 level=DEBUG source=/tmp/isucon14/bench/benchmarker/scenario/scenario.go:315 msg=時間経過 tick=1080
time=00:35:59.486 level=INFO msg=これまでに地域内の評判によって69人、既存ユーザーの招待経由で91人が新規登録しました
time=00:35:59.486 level=DEBUG source=/tmp/isucon14/bench/benchmarker/scenario/scenario.go:317 msg=eval reqs=317 score="[29 99 90 83 16]" criteria="[249 132 129 82]"
time=00:35:59.486 level=INFO msg=これまでに低評価なライドによって52人が利用をやめました
time=00:35:59.486 level=INFO msg=21.5%のライドは椅子がマッチされるまでの時間、58.4%のライドはマッチされた椅子が乗車地点までに掛かる時間、66.7%のライドは椅子の実移動時間に不満がありました
time=00:35:59.528 level=INFO msg=一定の売上が立ったためオーナーの椅子が増加します 名前="CraftChair Co., Ltd." 増加数=2
time=00:35:59.702 level=INFO msg=一定の売上が立ったためオーナーの椅子が増加します 名前="Chair Charm" 増加数=1
time=00:35:59.746 level=INFO msg=一定の売上が立ったためオーナーの椅子が増加します 名前=椅子やいちば 増加数=2
time=00:35:59.754 level=INFO msg=一定の売上が立ったためオーナーの椅子が増加します 名前=おもてなしタクシー 増加数=1
time=00:35:59.762 level=INFO msg=一定の売上が立ったためオーナーの椅子が増加します 名前=快旅タクシー 増加数=2
time=00:36:01.285 level=DEBUG source=/tmp/isucon14/bench/benchmarker/scenario/scenario.go:315 msg=時間経過 tick=1140
time=00:36:01.285 level=DEBUG source=/tmp/isucon14/bench/benchmarker/scenario/scenario.go:317 msg=eval reqs=337 score="[29 109 98 85 16]" criteria="[269 142 131 82]"
time=00:36:01.348 level=INFO msg=一定の売上が立ったためオーナーの椅子が増加します 名前=おもてなしタクシー 増加数=1
time=00:36:01.459 level=INFO msg=一定の売上が立ったためオーナーの椅子が増加します 名前=快旅タクシー 増加数=1
time=00:36:01.517 level=INFO msg=一定の売上が立ったためオーナーの椅子が増加します 名前="Chair Charm" 増加数=1
time=00:36:01.518 level=INFO msg=一定の売上が立ったためオーナーの椅子が増加します 名前=椅子やいちば 増加数=1
time=00:36:03.085 level=DEBUG source=/tmp/isucon14/bench/benchmarker/scenario/scenario.go:315 msg=時間経過 tick=1200
time=00:36:03.086 level=DEBUG source=/tmp/isucon14/bench/benchmarker/scenario/scenario.go:317 msg=eval reqs=368 score="[31 120 113 88 16]" criteria="[298 160 133 83]"
time=00:36:03.282 level=INFO msg=一定の売上が立ったためオーナーの椅子が増加します 名前=椅子やいちば 増加数=2
time=00:36:03.298 level=INFO msg=一定の売上が立ったためオーナーの椅子が増加します 名前="CraftChair Co., Ltd." 増加数=1
time=00:36:03.326 level=INFO msg=一定の売上が立ったためオーナーの椅子が増加します 名前="Chair Charm" 増加数=2
time=00:36:03.464 level=INFO msg=一定の売上が立ったためオーナーの椅子が増加します 名前=おもてなしタクシー 増加数=3
time=00:36:04.885 level=INFO msg=これまでに地域内の評判によって81人、既存ユーザーの招待経由で97人が新規登録しました
time=00:36:04.885 level=INFO msg=これまでに低評価なライドによって61人が利用をやめました
time=00:36:04.885 level=INFO msg=17.9%のライドは椅子がマッチされるまでの時間、56.1%のライドはマッチされた椅子が乗車地点までに掛かる時間、71.8%のライドは椅子の実移動時間に不満がありました
time=00:36:04.885 level=DEBUG source=/tmp/isucon14/bench/benchmarker/scenario/scenario.go:315 msg=時間経過 tick=1260
time=00:36:04.885 level=DEBUG source=/tmp/isucon14/bench/benchmarker/scenario/scenario.go:317 msg=eval reqs=392 score="[31 131 122 92 16]" criteria="[322 172 137 84]"
time=00:36:05.036 level=INFO msg=一定の売上が立ったためオーナーの椅子が増加します 名前=快旅タクシー 増加数=1
time=00:36:05.099 level=INFO msg=一定の売上が立ったためオーナーの椅子が増加します 名前="CraftChair Co., Ltd." 増加数=1
time=00:36:05.160 level=INFO msg=一定の売上が立ったためオーナーの椅子が増加します 名前=椅子やいちば 増加数=1
time=00:36:05.177 level=INFO msg=一定の売上が立ったためオーナーの椅子が増加します 名前=おもてなしタクシー 増加数=1
time=00:36:05.177 level=INFO msg=一定の売上が立ったためオーナーの椅子が増加します 名前="Chair Charm" 増加数=2
time=00:36:05.842 level=WARN msg="ユーザー登録に失敗しました (CODE=17): POST /api/app/usersへのリクエストに対して、期待されたHTTPステータスコードが確認できませんでした (expected:201, actual:500)"
time=00:36:06.685 level=DEBUG source=/tmp/isucon14/bench/benchmarker/scenario/scenario.go:315 msg=時間経過 tick=1320
time=00:36:06.686 level=DEBUG source=/tmp/isucon14/bench/benchmarker/scenario/scenario.go:317 msg=eval reqs=419 score="[31 142 134 96 16]" criteria="[349 188 140 85]"
time=00:36:06.922 level=INFO msg=一定の売上が立ったためオーナーの椅子が増加します 名前=おもてなしタクシー 増加数=1
time=00:36:06.998 level=INFO msg=一定の売上が立ったためオーナーの椅子が増加します 名前=椅子やいちば 増加数=1
time=00:36:07.011 level=INFO msg=一定の売上が立ったためオーナーの椅子が増加します 名前="Chair Charm" 増加数=1
time=00:36:07.165 level=INFO msg=一定の売上が立ったためオーナーの椅子が増加します 名前="CraftChair Co., Ltd." 増加数=1
time=00:36:08.485 level=DEBUG source=/tmp/isucon14/bench/benchmarker/scenario/scenario.go:315 msg=時間経過 tick=1380
time=00:36:08.485 level=DEBUG source=/tmp/isucon14/bench/benchmarker/scenario/scenario.go:317 msg=eval reqs=452 score="[32 152 154 98 16]" criteria="[381 210 142 85]"
time=00:36:08.548 level=INFO msg=一定の売上が立ったためオーナーの椅子が増加します 名前=椅子やいちば 増加数=2
time=00:36:08.628 level=INFO msg=一定の売上が立ったためオーナーの椅子が増加します 名前="CraftChair Co., Ltd." 増加数=1
time=00:36:08.757 level=INFO msg=一定の売上が立ったためオーナーの椅子が増加します 名前=快旅タクシー 増加数=3
time=00:36:08.762 level=INFO msg=一定の売上が立ったためオーナーの椅子が増加します 名前=おもてなしタクシー 増加数=1
time=00:36:08.826 level=INFO msg=一定の売上が立ったためオーナーの椅子が増加します 名前="Chair Charm" 増加数=2
time=00:36:10.286 level=DEBUG source=/tmp/isucon14/bench/benchmarker/scenario/scenario.go:315 msg=時間経過 tick=1440
time=00:36:10.286 level=DEBUG source=/tmp/isucon14/bench/benchmarker/scenario/scenario.go:317 msg=eval reqs=477 score="[32 160 169 100 16]" criteria="[406 227 143 86]"
time=00:36:10.286 level=INFO msg=これまでに地域内の評判によって93人、既存ユーザーの招待経由で105人が新規登録しました
time=00:36:10.286 level=INFO msg=これまでに低評価なライドによって64人が利用をやめました
time=00:36:10.286 level=INFO msg=14.9%のライドは椅子がマッチされるまでの時間、52.4%のライドはマッチされた椅子が乗車地点までに掛かる時間、76.0%のライドは椅子の実移動時間に不満がありました
time=00:36:10.429 level=INFO msg=一定の売上が立ったためオーナーの椅子が増加します 名前="CraftChair Co., Ltd." 増加数=1
time=00:36:10.455 level=INFO msg=一定の売上が立ったためオーナーの椅子が増加します 名前=椅子やいちば 増加数=2
time=00:36:10.650 level=INFO msg=一定の売上が立ったためオーナーの椅子が増加します 名前="Chair Charm" 増加数=1
time=00:36:10.689 level=INFO msg=一定の売上が立ったためオーナーの椅子が増加します 名前=おもてなしタクシー 増加数=1
time=00:36:11.491 level=WARN msg="取得したオーナーの椅子一覧の情報が想定しているものと異なります (CODE=26): total_distanceの反映が遅いデータがあります (id: 01M3F5QEWMJMNJVMESR2G8FKAQ)"
time=00:36:12.085 level=DEBUG source=/tmp/isucon14/bench/benchmarker/scenario/scenario.go:315 msg=時間経過 tick=1500
time=00:36:12.085 level=DEBUG source=/tmp/isucon14/bench/benchmarker/scenario/scenario.go:317 msg=eval reqs=509 score="[32 163 195 103 16]" criteria="[438 255 146 87]"
time=00:36:12.214 level=INFO msg=一定の売上が立ったためオーナーの椅子が増加します 名前=快旅タクシー 増加数=1
time=00:36:12.383 level=INFO msg=一定の売上が立ったためオーナーの椅子が増加します 名前=おもてなしタクシー 増加数=3
time=00:36:12.387 level=INFO msg=一定の売上が立ったためオーナーの椅子が増加します 名前=椅子やいちば 増加数=1
time=00:36:12.449 level=INFO msg=一定の売上が立ったためオーナーの椅子が増加します 名前="CraftChair Co., Ltd." 増加数=1
time=00:36:12.453 level=INFO msg=一定の売上が立ったためオーナーの椅子が増加します 名前="Chair Charm" 増加数=1
time=00:36:12.773 level=WARN msg="ユーザー登録に失敗しました (CODE=17): POST /api/app/usersへのリクエストに対して、期待されたHTTPステータスコードが確認できませんでした (expected:201, actual:500)"
time=00:36:13.885 level=DEBUG source=/tmp/isucon14/bench/benchmarker/scenario/scenario.go:315 msg=時間経過 tick=1560
time=00:36:13.885 level=DEBUG source=/tmp/isucon14/bench/benchmarker/scenario/scenario.go:317 msg=eval reqs=536 score="[32 171 211 106 16]" criteria="[465 274 148 88]"
time=00:36:14.130 level=INFO msg=一定の売上が立ったためオーナーの椅子が増加します 名前="CraftChair Co., Ltd." 増加数=1
time=00:36:14.177 level=INFO msg=一定の売上が立ったためオーナーの椅子が増加します 名前=快旅タクシー 増加数=1
time=00:36:14.182 level=INFO msg=一定の売上が立ったためオーナーの椅子が増加します 名前=おもてなしタクシー 増加数=2
time=00:36:14.238 level=INFO msg=一定の売上が立ったためオーナーの椅子が増加します 名前="Chair Charm" 増加数=1
time=00:36:14.262 level=INFO msg=一定の売上が立ったためオーナーの椅子が増加します 名前=椅子やいちば 増加数=1
time=00:36:15.685 level=DEBUG source=/tmp/isucon14/bench/benchmarker/scenario/scenario.go:315 msg=時間経過 tick=1620
time=00:36:15.685 level=DEBUG source=/tmp/isucon14/bench/benchmarker/scenario/scenario.go:317 msg=eval reqs=570 score="[33 175 236 110 16]" criteria="[498 303 150 90]"
time=00:36:15.686 level=INFO msg=これまでに地域内の評判によって105人、既存ユーザーの招待経由で112人が新規登録しました
time=00:36:15.686 level=INFO msg=これまでに低評価なライドによって67人が利用をやめました
time=00:36:15.686 level=INFO msg=12.6%のライドは椅子がマッチされるまでの時間、46.8%のライドはマッチされた椅子が乗車地点までに掛かる時間、78.9%のライドは椅子の実移動時間に不満がありました
time=00:36:15.823 level=INFO msg=一定の売上が立ったためオーナーの椅子が増加します 名前=椅子やいちば 増加数=1
time=00:36:15.844 level=INFO msg=一定の売上が立ったためオーナーの椅子が増加します 名前="CraftChair Co., Ltd." 増加数=1
time=00:36:15.939 level=INFO msg=一定の売上が立ったためオーナーの椅子が増加します 名前=おもてなしタクシー 増加数=1
time=00:36:15.944 level=INFO msg=一定の売上が立ったためオーナーの椅子が増加します 名前=快旅タクシー 増加数=2
time=00:36:15.960 level=INFO msg=一定の売上が立ったためオーナーの椅子が増加します 名前="Chair Charm" 増加数=2
time=00:36:17.485 level=DEBUG source=/tmp/isucon14/bench/benchmarker/scenario/scenario.go:315 msg=時間経過 tick=1680
time=00:36:17.486 level=DEBUG source=/tmp/isucon14/bench/benchmarker/scenario/scenario.go:317 msg=eval reqs=600 score="[33 180 260 111 16]" criteria="[528 328 150 91]"
time=00:36:17.722 level=INFO msg=一定の売上が立ったためオーナーの椅子が増加します 名前="CraftChair Co., Ltd." 増加数=1
time=00:36:17.726 level=INFO msg=一定の売上が立ったためオーナーの椅子が増加します 名前=快旅タクシー 増加数=1
time=00:36:17.770 level=INFO msg=一定の売上が立ったためオーナーの椅子が増加します 名前=おもてなしタクシー 増加数=1
time=00:36:17.833 level=INFO msg=一定の売上が立ったためオーナーの椅子が増加します 名前=椅子やいちば 増加数=1
time=00:36:18.160 level=INFO msg=一定の売上が立ったためオーナーの椅子が増加します 名前="Chair Charm" 増加数=2
time=00:36:19.285 level=DEBUG source=/tmp/isucon14/bench/benchmarker/scenario/scenario.go:315 msg=時間経過 tick=1740
time=00:36:19.285 level=DEBUG source=/tmp/isucon14/bench/benchmarker/scenario/scenario.go:317 msg=eval reqs=632 score="[33 186 285 112 16]" criteria="[559 355 150 92]"
time=00:36:19.402 level=INFO msg=一定の売上が立ったためオーナーの椅子が増加します 名前=椅子やいちば 増加数=1
time=00:36:19.432 level=INFO msg=一定の売上が立ったためオーナーの椅子が増加します 名前="CraftChair Co., Ltd." 増加数=2
time=00:36:19.552 level=INFO msg=一定の売上が立ったためオーナーの椅子が増加します 名前="Chair Charm" 増加数=1
time=00:36:19.630 level=INFO msg=一定の売上が立ったためオーナーの椅子が増加します 名前=おもてなしタクシー 増加数=1
time=00:36:21.085 level=DEBUG source=/tmp/isucon14/bench/benchmarker/scenario/scenario.go:315 msg=時間経過 tick=1800
time=00:36:21.085 level=DEBUG source=/tmp/isucon14/bench/benchmarker/scenario/scenario.go:317 msg=eval reqs=661 score="[33 190 306 115 17]" criteria="[588 380 153 94]"
time=00:36:21.085 level=INFO msg=これまでに地域内の評判によって117人、既存ユーザーの招待経由で118人が新規登録しました
time=00:36:21.085 level=INFO msg=これまでに低評価なライドによって71人が利用をやめました
time=00:36:21.085 level=INFO msg=11.0%のライドは椅子がマッチされるまでの時間、42.5%のライドはマッチされた椅子が乗車地点までに掛かる時間、81.3%のライドは椅子の実移動時間に不満がありました
time=00:36:21.387 level=INFO msg=一定の売上が立ったためオーナーの椅子が増加します 名前=快旅タクシー 増加数=1
time=00:36:21.387 level=INFO msg=一定の売上が立ったためオーナーの椅子が増加します 名前="CraftChair Co., Ltd." 増加数=2
time=00:36:21.629 level=INFO msg=一定の売上が立ったためオーナーの椅子が増加します 名前=椅子やいちば 増加数=2
time=00:36:21.859 level=INFO msg=一定の売上が立ったためオーナーの椅子が増加します 名前=おもてなしタクシー 増加数=1
time=00:36:22.888 level=DEBUG source=/tmp/isucon14/bench/benchmarker/scenario/scenario.go:315 msg=時間経過 tick=1860
time=00:36:22.888 level=DEBUG source=/tmp/isucon14/bench/benchmarker/scenario/scenario.go:317 msg=eval reqs=700 score="[34 195 336 118 17]" criteria="[626 413 154 96]"
time=00:36:23.237 level=INFO msg=一定の売上が立ったためオーナーの椅子が増加します 名前="CraftChair Co., Ltd." 増加数=1
time=00:36:23.250 level=INFO msg=一定の売上が立ったためオーナーの椅子が増加します 名前=快旅タクシー 増加数=2
time=00:36:23.261 level=INFO msg=一定の売上が立ったためオーナーの椅子が増加します 名前=椅子やいちば 増加数=1
time=00:36:23.455 level=INFO msg=一定の売上が立ったためオーナーの椅子が増加します 名前=おもてなしタクシー 増加数=2
time=00:36:23.461 level=INFO msg=一定の売上が立ったためオーナーの椅子が増加します 名前="Chair Charm" 増加数=3
time=00:36:24.685 level=DEBUG source=/tmp/isucon14/bench/benchmarker/scenario/scenario.go:315 msg=時間経過 tick=1920
time=00:36:24.685 level=DEBUG source=/tmp/isucon14/bench/benchmarker/scenario/scenario.go:317 msg=eval reqs=728 score="[34 198 361 118 17]" criteria="[654 438 154 96]"
time=00:36:25.020 level=INFO msg=一定の売上が立ったためオーナーの椅子が増加します 名前="Chair Charm" 増加数=1
time=00:36:25.093 level=INFO msg=一定の売上が立ったためオーナーの椅子が増加します 名前=おもてなしタクシー 増加数=2
time=00:36:25.117 level=INFO msg=一定の売上が立ったためオーナーの椅子が増加します 名前=椅子やいちば 増加数=1
time=00:36:26.485 level=INFO msg=これまでに地域内の評判によって129人、既存ユーザーの招待経由で122人が新規登録しました
time=00:36:26.485 level=INFO msg=これまでに低評価なライドによって73人が利用をやめました
time=00:36:26.485 level=INFO msg=9.8%のライドは椅子がマッチされるまでの時間、38.7%のライドはマッチされた椅子が乗車地点までに掛かる時間、83.4%のライドは椅子の実移動時間に不満がありました
time=00:36:26.485 level=DEBUG source=/tmp/isucon14/bench/benchmarker/scenario/scenario.go:315 msg=時間経過 tick=1980
time=00:36:26.485 level=DEBUG source=/tmp/isucon14/bench/benchmarker/scenario/scenario.go:317 msg=eval reqs=755 score="[34 200 385 119 17]" criteria="[681 463 154 97]"
time=00:36:26.941 level=INFO msg=一定の売上が立ったためオーナーの椅子が増加します 名前=椅子やいちば 増加数=1
time=00:36:26.967 level=INFO msg=一定の売上が立ったためオーナーの椅子が増加します 名前=快旅タクシー 増加数=2
time=00:36:26.991 level=INFO msg=一定の売上が立ったためオーナーの椅子が増加します 名前=おもてなしタクシー 増加数=1
time=00:36:26.994 level=INFO msg=一定の売上が立ったためオーナーの椅子が増加します 名前="CraftChair Co., Ltd." 増加数=1
time=00:36:27.008 level=INFO msg=一定の売上が立ったためオーナーの椅子が増加します 名前="Chair Charm" 増加数=1
time=00:36:32.085 level=INFO msg=最終地域情報 名前=チェアタウン ユーザー登録数=144 アクティブユーザー数=107
time=00:36:32.085 level=INFO msg=最終地域情報 名前=コシカケシティ ユーザー登録数=122 アクティブユーザー数=86
time=00:36:32.085 level=INFO msg=最終オーナー情報 名前=椅子やいちば 売上=966900 椅子数=44
time=00:36:32.085 level=INFO msg=最終オーナー情報 名前=おもてなしタクシー 売上=1039500 椅子数=47
time=00:36:32.085 level=INFO msg=最終オーナー情報 名前=快旅タクシー 売上=610900 椅子数=33
time=00:36:32.085 level=INFO msg=最終オーナー情報 名前="CraftChair Co., Ltd." 売上=677200 椅子数=34
time=00:36:32.085 level=INFO msg=最終オーナー情報 名前="Chair Charm" 売上=1176500 椅子数=50
time=00:36:32.085 level=INFO msg=9.8%のライドは椅子がマッチされるまでの時間、37.8%のライドはマッチされた椅子が乗車地点までに掛かる時間、84.0%のライドは椅子の実移動時間に不満がありました
time=00:36:32.085 level=INFO msg=結果 pass=true スコア=53937 種別エラー数="map[17:7 24:1 26:1]"
time=00:36:32.085 level=INFO msg=負荷走行が終了しました
