2026-09-26T15:35:26+00:00
COMMAND         %CPU   RSS
mysqld          16.6 1086336
nginx            0.9 17032
nginx            0.9 17024
systemd-journal  0.5 265636
rsyslogd         0.3  5240
jbd2/sda1-8      0.3     0
kworker/1:1H-kb  0.1     0
kworker/0:1H-kb  0.1     0
rcu_preempt      0.1     0
2026-09-26T15:35:28+00:00
COMMAND         %CPU   RSS
mysqld          16.6 1087700
bench            8.5 49704
nginx            0.9 17032
nginx            0.9 17024
isuride          0.8 15008
systemd-journal  0.5 267088
rsyslogd         0.3  5240
jbd2/sda1-8      0.3     0
kworker/1:1H-kb  0.1     0
2026-09-26T15:35:30+00:00
COMMAND         %CPU   RSS
mysqld          16.6 1088756
bench           14.2 67424
isuride          3.0 15740
nginx            0.9 17032
nginx            0.9 17024
systemd-journal  0.5 270860
rsyslogd         0.3  5240
jbd2/sda1-8      0.3     0
kworker/0:1H-kb  0.1     0
2026-09-26T15:35:32+00:00
COMMAND         %CPU   RSS
bench           18.0 101052
mysqld          16.6 1090540
isuride          5.3 16352
nginx            0.9 17032
nginx            0.9 17024
systemd-journal  0.5 273036
rsyslogd         0.3  5240
jbd2/sda1-8      0.3     0
kworker/0:1H-kb  0.1     0
2026-09-26T15:35:34+00:00
COMMAND         %CPU   RSS
bench           19.9 122308
mysqld          16.6 1094136
isuride          7.5 18180
nginx            0.9 17032
nginx            0.9 17024
systemd-journal  0.5 273552
rsyslogd         0.3  5240
jbd2/sda1-8      0.3     0
kworker/0:1H-kb  0.1     0
2026-09-26T15:35:36+00:00
COMMAND         %CPU   RSS
bench           21.5 159892
mysqld          16.6 1092544
isuride          9.5 19324
nginx            0.9 17032
nginx            0.9 17024
systemd-journal  0.5 273552
rsyslogd         0.3  5240
jbd2/sda1-8      0.3     0
kworker/0:1H-kb  0.1     0
2026-09-26T15:35:38+00:00
COMMAND         %CPU   RSS
bench           21.9 178728
mysqld          16.6 1090224
isuride         11.4 20084
nginx            0.9 17032
nginx            0.9 17024
systemd-journal  0.5 273552
rsyslogd         0.3  5240
jbd2/sda1-8      0.3     0
kworker/0:1H-kb  0.1     0
2026-09-26T15:35:40+00:00
COMMAND         %CPU   RSS
bench           22.1 189120
mysqld          16.7 1090232
isuride         13.0 22304
nginx            0.9 17032
nginx            0.9 17024
systemd-journal  0.5 273552
rsyslogd         0.3  5248
jbd2/sda1-8      0.3     0
kworker/0:1H-kb  0.1     0
2026-09-26T15:35:42+00:00
COMMAND         %CPU   RSS
bench           22.3 201124
mysqld          16.7 1090100
isuride         14.6 22256
nginx            0.9 17032
nginx            0.9 17024
systemd-journal  0.5 273552
rsyslogd         0.3  5240
jbd2/sda1-8      0.3     0
kworker/0:1H-kb  0.1     0
2026-09-26T15:35:44+00:00
COMMAND         %CPU   RSS
bench           22.3 208976
mysqld          16.7 1089136
isuride         16.1 23400
nginx            0.9 17032
nginx            0.9 17024
systemd-journal  0.5 273552
rsyslogd         0.3  5240
jbd2/sda1-8      0.3     0
kworker/0:1H-kb  0.1     0
2026-09-26T15:35:46+00:00
COMMAND         %CPU   RSS
bench           22.2 214748
isuride         17.3 23532
mysqld          16.7 1093068
nginx            1.0 17032
nginx            0.9 17024
systemd-journal  0.5 273552
rsyslogd         0.3  5248
jbd2/sda1-8      0.3     0
kworker/0:1H-kb  0.1     0
2026-09-26T15:35:48+00:00
COMMAND         %CPU   RSS
bench           22.3 219688
isuride         18.4 25956
mysqld          16.7 1093948
curl             5.8 12348
nginx            1.0 17032
nginx            0.9 17024
systemd-journal  0.5 273552
rsyslogd         0.3  5248
jbd2/sda1-8      0.3     0
2026-09-26T15:35:50+00:00
COMMAND         %CPU   RSS
bench           22.5 232272
isuride         19.3 25880
mysqld          16.7 1096020
curl            16.6 12036
nginx            1.0 17032
nginx            0.9 17024
systemd-journal  0.5 273668
rsyslogd         0.3  5256
jbd2/sda1-8      0.3     0
2026-09-26T15:35:52+00:00
COMMAND         %CPU   RSS
bench           22.6 256188
isuride         20.2 27148
mysqld          16.7 1093016
curl            16.6 12324
nginx            1.0 17032
nginx            0.9 17024
systemd-journal  0.5 279396
rsyslogd         0.3  5256
jbd2/sda1-8      0.3     0
2026-09-26T15:35:54+00:00
COMMAND         %CPU   RSS
bench           22.7 282420
isuride         20.9 28288
mysqld          16.7 1094360
nginx            1.0 17032
nginx            0.9 17024
systemd-journal  0.5 281916
rsyslogd         0.3  5256
jbd2/sda1-8      0.3     0
kworker/0:1H-kb  0.1     0
2026-09-26T15:35:56+00:00
COMMAND         %CPU   RSS
bench           22.7 283608
isuride         21.6 29076
mysqld          16.7 1094284
nginx            1.0 17032
nginx            0.9 17024
systemd-journal  0.5 281916
rsyslogd         0.3  5284
jbd2/sda1-8      0.3     0
kworker/0:1H-kb  0.1     0
2026-09-26T15:35:58+00:00
COMMAND         %CPU   RSS
bench           22.8 305216
isuride         22.3 28380
mysqld          16.7 1091656
nginx            1.0 17032
nginx            0.9 17024
systemd-journal  0.5 281916
rsyslogd         0.3  5284
jbd2/sda1-8      0.3     0
kworker/0:1H-kb  0.1     0
2026-09-26T15:36:00+00:00
COMMAND         %CPU   RSS
isuride         22.9 30696
bench           22.8 307864
mysqld          16.7 1094680
nginx            1.0 17032
nginx            0.9 17024
systemd-journal  0.5 281916
rsyslogd         0.3  5284
jbd2/sda1-8      0.3     0
kworker/0:1H-kb  0.1     0
2026-09-26T15:36:02+00:00
COMMAND         %CPU   RSS
isuride         23.5 31544
bench           22.9 319796
mysqld          16.7 1092600
curl             4.5 12324
nginx            1.0 17032
nginx            0.9 17024
systemd-journal  0.5 281916
rsyslogd         0.3  5284
jbd2/sda1-8      0.3     0
2026-09-26T15:36:04+00:00
COMMAND         %CPU   RSS
isuride         24.0 32704
bench           22.9 322800
mysqld          16.7 1096848
nginx            1.0 17032
nginx            0.9 17024
systemd-journal  0.5 281916
rsyslogd         0.3  5284
jbd2/sda1-8      0.3     0
kworker/0:1H-kb  0.1     0
2026-09-26T15:36:06+00:00
COMMAND         %CPU   RSS
isuride         24.4 32680
bench           22.9 342796
mysqld          16.8 1105964
nginx            1.0 17032
nginx            1.0 17024
systemd-journal  0.5 281916
rsyslogd         0.3  5284
jbd2/sda1-8      0.3     0
kworker/0:1H-kb  0.1     0
2026-09-26T15:36:08+00:00
COMMAND         %CPU   RSS
isuride         24.7 34104
bench           23.0 344076
mysqld          16.8 1108276
nginx            1.0 17032
nginx            1.0 17024
systemd-journal  0.5 281916
rsyslogd         0.3  5284
jbd2/sda1-8      0.3     0
kworker/0:1H-kb  0.1     0
2026-09-26T15:36:10+00:00
COMMAND         %CPU   RSS
isuride         25.1 34156
bench           23.1 363216
mysqld          16.8 1109564
nginx            1.0 17032
nginx            1.0 17024
systemd-journal  0.5 281916
rsyslogd         0.3  5292
jbd2/sda1-8      0.3     0
kworker/0:1H-kb  0.1     0
2026-09-26T15:36:12+00:00
COMMAND         %CPU   RSS
isuride         25.5 36372
bench           23.1 365900
mysqld          16.8 1113808
nginx            1.0 17032
nginx            1.0 17024
systemd-journal  0.5 281916
rsyslogd         0.3  5292
jbd2/sda1-8      0.3     0
kworker/0:1H-kb  0.1     0
2026-09-26T15:36:14+00:00
COMMAND         %CPU   RSS
isuride         25.8 36980
bench           23.2 393376
mysqld          16.8 1117056
nginx            1.0 17032
nginx            1.0 17024
systemd-journal  0.5 281916
rsyslogd         0.3  5292
jbd2/sda1-8      0.3     0
kworker/0:1H-kb  0.1     0
2026-09-26T15:36:16+00:00
COMMAND         %CPU   RSS
isuride         26.0 35456
bench           23.1 396044
mysqld          16.8 1111444
curl             7.6 12324
nginx            1.0 17032
nginx            1.0 17024
systemd-journal  0.5 281916
rsyslogd         0.3  5292
jbd2/sda1-8      0.3     0
2026-09-26T15:36:18+00:00
COMMAND         %CPU   RSS
isuride         26.3 38556
bench           23.2 418072
mysqld          16.8 1114484
curl             5.2 12320
nginx            1.0 17032
nginx            1.0 17024
systemd-journal  0.5 281916
rsyslogd         0.3  5292
jbd2/sda1-8      0.3     0
2026-09-26T15:36:20+00:00
COMMAND         %CPU   RSS
isuride         26.6 35748
bench           23.2 418412
mysqld          16.8 1111448
curl             4.7 12324
nginx            1.0 17032
nginx            1.0 17024
systemd-journal  0.5 282224
rsyslogd         0.3  5292
jbd2/sda1-8      0.3     0
2026-09-26T15:36:22+00:00
COMMAND         %CPU   RSS
isuride         26.8 40324
bench           23.2 426676
mysqld          16.8 1114708
nginx            1.0 17032
nginx            1.0 17024
systemd-journal  0.5 287652
rsyslogd         0.3  5240
jbd2/sda1-8      0.3     0
kworker/0:1H-kb  0.1     0
2026-09-26T15:36:24+00:00
COMMAND         %CPU   RSS
isuride         26.9 41272
bench           23.2 442660
mysqld          16.8 1118896
curl             2.7 12324
nginx            1.0 17032
nginx            1.0 17024
systemd-journal  0.5 290068
rsyslogd         0.3  5240
jbd2/sda1-8      0.3     0
2026-09-26T15:36:26+00:00
COMMAND         %CPU   RSS
isuride         27.0 43224
bench           23.2 444108
mysqld          16.8 1120940
nginx            1.0 17032
nginx            1.0 17024
systemd-journal  0.5 290480
rsyslogd         0.3  5240
jbd2/sda1-8      0.3     0
kworker/0:1H-kb  0.1     0
2026-09-26T15:36:28+00:00
COMMAND         %CPU   RSS
isuride         27.3 36320
bench           23.1 459068
mysqld          16.8 1120940
nginx            1.0 17032
nginx            1.0 17024
systemd-journal  0.5 290480
rsyslogd         0.3  5240
jbd2/sda1-8      0.3     0
kworker/0:1H-kb  0.1     0
2026-09-26T15:36:30+00:00
COMMAND         %CPU   RSS
isuride         27.6 34060
bench           23.0 469216
mysqld          16.9 1120940
nginx            1.0 17032
nginx            1.0 17024
systemd-journal  0.5 290480
rsyslogd         0.3  5240
jbd2/sda1-8      0.3     0
kworker/0:1H-kb  0.1     0
