procs -----------memory---------- ---swap-- -----io---- -system-- -------cpu------- -----timestamp-----
 r  b   swpd   free   buff  cache   si   so    bi    bo   in   cs us sy id wa st gu                 UTC
 3  0      0 537712  69652 2114376    0    0    80  3141 3117   58 12  5 83  0  0  0 2026-09-26 15:35:26
 6  1      0 526892  69660 2112092    0    0   320 63280 18060 37831 29 13 42 16  0  0 2026-09-26 15:35:27
 0  0      0 519364  69660 2113264    0    0     0 10200 18713 61069 21 14 64  2  0  0 2026-09-26 15:35:28
 7  0      0 517404  69660 2114528    0    0     0 17612 30624 97641 32 24 41  3  0  0 2026-09-26 15:35:29
10  1      0 504716  69660 2116432    0    0     0 30528 30268 117707 42 31 24  3  0  0 2026-09-26 15:35:30
12  1      0 482688  69660 2118620    0    0     0 31576 25889 114858 52 35 11  2  0  0 2026-09-26 15:35:31
18  1      0 468072  69660 2120844    0    0     0 23200 29024 126170 50 35 14  1  0  0 2026-09-26 15:35:32
18  0      0 449304  69660 2125276    0    0     0 26484 24814 114222 55 35  9  2  0  0 2026-09-26 15:35:33
 6  1      0 431452  69660 2126732    0    0     0 26852 24576 107355 57 38  4  1  0  0 2026-09-26 15:35:34
 9  0      0 410280  69660 2128484    0    0     0 30200 20205 99292 58 40  1  1  0  0 2026-09-26 15:35:35
29  0      0 389684  69660 2130072    0    0     0 27976 23655 111064 57 40  3  1  0  0 2026-09-26 15:35:36
 8  1      0 381184  69660 2131528    0    0     0 31080 20034 99217 60 39  1  1  0  0 2026-09-26 15:35:37
20  1      0 363200  69660 2134136    0    0     0 27584 22316 102856 58 40  2  1  0  0 2026-09-26 15:35:38
21  1      0 354940  69660 2135524    0    0     0 28496 21190 101481 59 39  1  1  0  0 2026-09-26 15:35:39
76  1      0 346920  69660 2137148    0    0     0 26384 21087 100328 60 40  1  0  0  0 2026-09-26 15:35:40
18  1      0 342636  69660 2138804    0    0     0 42840 19958 103551 59 40  2  1  0  0 2026-09-26 15:35:41
31  1      0 334532  69660 2140356    0    0     0 29600 20295 101812 58 41  1  0  0  0 2026-09-26 15:35:42
13  0      0 329584  69660 2141852    0    0     0 30112 21274 101487 59 40  1  0  0  0 2026-09-26 15:35:43
25  1      0 320344  69660 2143428    0    0     0 27440 21526 100289 58 40  1  1  0  0 2026-09-26 15:35:44
40  0      0 313704  69660 2144984    0    0     0 33960 21980 102150 60 39  1  1  0  0 2026-09-26 15:35:45
10  0      0 304428  69660 2147896    0    0     0 27092 21011 102643 62 37  1  0  0  0 2026-09-26 15:35:46
procs -----------memory---------- ---swap-- -----io---- -system-- -------cpu------- -----timestamp-----
 r  b   swpd   free   buff  cache   si   so    bi    bo   in   cs us sy id wa st gu                 UTC
36  1      0 305548  69660 2149244    0    0     0 32412 18523 93709 60 39  1  1  0  0 2026-09-26 15:35:47
 9  1      0 293776  69660 2151940    0    0     0 29252 21772 103381 59 40  1  0  0  0 2026-09-26 15:35:48
41  1      0 285696  69660 2153536    0    0     0 25132 18490 100220 61 39  0  0  0  0 2026-09-26 15:35:49
57  0      0 279500  69660 2155172    0    0     0 26208 18604 97877 61 38  0  0  0  0 2026-09-26 15:35:50
 5  1      0 254892  69660 2158552    0    0     0 28156 21141 98460 62 38  1  0  0  0 2026-09-26 15:35:51
21  0      0 248936  69660 2162516    0    0     0 27464 21906 95998 60 39  1  0  0  0 2026-09-26 15:35:52
28  1      0 242156  69660 2164960    0    0     0 26824 21061 96740 62 36  1  1  0  0 2026-09-26 15:35:53
20  0      0 214272  69660 2167336    0    0     0 27616 20529 95183 61 38  1  0  0  0 2026-09-26 15:35:54
20  0      0 208700  69660 2169136    0    0     0 31904 19156 100491 62 38  0  1  0  0 2026-09-26 15:35:55
48  0      0 209012  69660 2170420    0    0     0 47104 19872 96463 61 38  1  0  0  0 2026-09-26 15:35:56
10  1      0 195124  69660 2173156    0    0     0 31564 20145 97794 63 37  0  0  0  0 2026-09-26 15:35:57
51  0      0 184996  69660 2174932    0    0     0 25128 19179 97182 65 34  1  0  0  0 2026-09-26 15:35:58
15  1      0 171980  69660 2176552    0    0     0 24512 21227 99695 61 36  2  1  0  0 2026-09-26 15:35:59
 7  0      0 167952  69660 2177972    0    0     0 29312 21719 95571 61 39  1  0  0  0 2026-09-26 15:36:00
 6  0      0 153564  69660 2180636    0    0     0 29640 19467 92483 63 37  0  0  0  0 2026-09-26 15:36:01
40  0      0 151584  69660 2182372    0    0     0 25536 17195 100933 64 36  1  1  0  0 2026-09-26 15:36:02
25  0      0 149936  69660 2184016    0    0     0 24980 19881 97662 66 34  1  0  0  0 2026-09-26 15:36:03
24  0      0 147752  69660 2185536    0    0     0 25348 18691 96806 62 37  1  0  0  0 2026-09-26 15:36:04
11  1      0 118124  69664 2186852    0    0     0 31964 19477 90963 63 36  1  0  0  0 2026-09-26 15:36:05
29  1      0 113804  69664 2188504    0    0     0 25128 20739 94175 63 35  2  1  0  0 2026-09-26 15:36:06
27  1      0 108852  69664 2190000    0    0     0 29352 19937 95667 64 36  1  0  0  0 2026-09-26 15:36:07
procs -----------memory---------- ---swap-- -----io---- -system-- -------cpu------- -----timestamp-----
 r  b   swpd   free   buff  cache   si   so    bi    bo   in   cs us sy id wa st gu                 UTC
15  1      0  98060  69664 2192024    0    0    32 26736 18161 93737 64 36  1  1  0  0 2026-09-26 15:36:08
30  0      0  80924  69664 2193868    0    0     0 25468 18714 93513 63 35  2  1  0  0 2026-09-26 15:36:09
19  0      0  68484  69664 2196592    0    0     0 26548 19010 92192 63 37  1  0  0  0 2026-09-26 15:36:10
24  1      0  70460  69664 2198680    0    0     0 27088 20836 94200 61 38  1  1  0  0 2026-09-26 15:36:11
72  0      0  93252  68704 2177836    0    0     0 28580 20000 94471 63 37  1  0  0  0 2026-09-26 15:36:12
18  0      0  84632  68552 2159332    0    0     0 23488 17417 88414 66 33  1  0  0  0 2026-09-26 15:36:13
 9  0      0  74228  68552 2160952    0    0     0 26416 17751 88865 63 36  1  1  0  0 2026-09-26 15:36:14
10  1      0  77596  68540 2151312    0    0     0 27920 20113 90196 63 36  1  0  0  0 2026-09-26 15:36:15
49  1      0  88672  68540 2153044    0    0     0 29244 20340 94790 67 33  0  0  0  0 2026-09-26 15:36:16
19  1      0  76616  68540 2154828    0    0     0 25752 18593 87970 64 36  0  0  0  0 2026-09-26 15:36:17
 6  1      0  79256  68504 2134888    0    0     0 29844 17649 92256 66 34  0  1  0  0 2026-09-26 15:36:18
65  1      0  88328  68504 2125976    0    0     0 26884 17541 86773 65 35  1  0  0  0 2026-09-26 15:36:19
69  0      0  92432  68504 2128160    0    0     0 21760 17999 96165 65 34  1  1  0  0 2026-09-26 15:36:20
75  0      0  81352  68504 2131696    0    0     0 22540 18065 85413 67 32  1  0  0  0 2026-09-26 15:36:21
 9  1      0  80640  68504 2123444    0    0    16 26776 18275 90508 66 34  1  0  0  0 2026-09-26 15:36:22
86  0      0  80476  68504 2105044    0    0     0 23744 18013 86441 66 33  1  0  0  0 2026-09-26 15:36:23
29  1      0 103068  68504 2077280    0    0     0 26772 19733 93033 64 35  1  1  0  0 2026-09-26 15:36:24
29  1      0  97660  68504 2080088    0    0     0 27524 19380 97690 65 34  2  1  0  0 2026-09-26 15:36:25
26  0      0  87624  68504 2081988    0    0     0 49444 18515 88112 66 33  1  0  0  0 2026-09-26 15:36:26
62  0      0  92520  68504 2085160    0    0     0 27276 17077 97373 65 34  1  0  0  0 2026-09-26 15:36:27
48  0      0  89024  68504 2086948    0    0     0 20588 18132 102553 68 30  1  0  0  0 2026-09-26 15:36:28
procs -----------memory---------- ---swap-- -----io---- -system-- -------cpu------- -----timestamp-----
 r  b   swpd   free   buff  cache   si   so    bi    bo   in   cs us sy id wa st gu                 UTC
13  0      0  85380  68504 2078764    0    0     0  6956 16359 108330 71 28  1  0  0  0 2026-09-26 15:36:29
10  0      0  80600  68504 2080784    0    0     0  3640 15640 120684 72 27  1  0  0  0 2026-09-26 15:36:30
39  0      0  79340  68504 2082484    0    0     0  6412 15501 112389 70 28  2  0  0  0 2026-09-26 15:36:31
