2026-09-26T08:52:44+00:00
COMMAND         %CPU   RSS
mysqld          54.9 567984
nginx            1.2  9280
nginx            1.1  9328
snapd            0.9 42572
systemd          0.5 13036
systemd-journal  0.4 41300
jbd2/sda1-8      0.3     0
rsyslogd         0.1  5460
kworker/u4:5-ev  0.1     0
2026-09-26T08:52:46+00:00
COMMAND         %CPU   RSS
mysqld          55.3 599824
bench           10.0 49920
nginx            1.2  9280
nginx            1.2  9328
snapd            0.9 42572
isuride          0.8 15196
systemd          0.5 13036
systemd-journal  0.4 41700
jbd2/sda1-8      0.3     0
2026-09-26T08:52:48+00:00
COMMAND         %CPU   RSS
mysqld          56.1 630940
bench            8.2 53160
isuride          2.1 15312
nginx            1.3  9280
nginx            1.2  9328
snapd            0.9 42572
systemd          0.5 13036
systemd-journal  0.4 42512
jbd2/sda1-8      0.3     0
2026-09-26T08:52:50+00:00
COMMAND         %CPU   RSS
mysqld          57.0 597964
bench            8.3 53296
isuride          3.3 15396
nginx            1.3  9280
nginx            1.2  9328
snapd            0.9 42572
systemd          0.5 13036
systemd-journal  0.4 43280
jbd2/sda1-8      0.3     0
2026-09-26T08:52:52+00:00
COMMAND         %CPU   RSS
mysqld          58.0 575580
bench            8.3 55576
isuride          4.3 16144
nginx            1.3  9280
nginx            1.2  9328
snapd            0.9 42572
systemd          0.5 13036
systemd-journal  0.4 43976
jbd2/sda1-8      0.3     0
2026-09-26T08:52:54+00:00
COMMAND         %CPU   RSS
mysqld          58.9 575648
bench            8.4 59212
isuride          5.1 16332
nginx            1.3  9280
nginx            1.2  9328
snapd            0.9 42572
systemd          0.5 13036
systemd-journal  0.4 44620
jbd2/sda1-8      0.3     0
2026-09-26T08:52:56+00:00
COMMAND         %CPU   RSS
mysqld          59.9 575740
bench            8.3 63152
isuride          5.8 16696
nginx            1.3  9280
nginx            1.2  9328
snapd            0.9 42572
systemd          0.5 13036
systemd-journal  0.4 45200
jbd2/sda1-8      0.3     0
2026-09-26T08:52:58+00:00
COMMAND         %CPU   RSS
mysqld          60.9 575928
bench            8.3 64812
isuride          6.4 16852
curl             5.8 12320
nginx            1.4  9280
nginx            1.2  9328
snapd            0.9 42572
systemd          0.5 13036
systemd-journal  0.4 45844
2026-09-26T08:53:00+00:00
COMMAND         %CPU   RSS
mysqld          61.9 576128
curl             8.3 12320
bench            8.1 69512
isuride          6.9 16732
nginx            1.4  9280
nginx            1.2  9328
snapd            0.9 42572
systemd          0.5 13036
systemd-journal  0.4 46404
2026-09-26T08:53:02+00:00
COMMAND         %CPU   RSS
mysqld          62.8 576248
bench            7.9 70100
isuride          7.4 16816
nginx            1.4  9280
nginx            1.3  9328
snapd            0.9 42572
systemd          0.5 13036
systemd-journal  0.4 46964
jbd2/sda1-8      0.4     0
2026-09-26T08:53:04+00:00
COMMAND         %CPU   RSS
mysqld          63.7 596164
curl            10.0 12324
isuride          7.9 17040
bench            7.9 75204
nginx            1.4  9280
nginx            1.3  9328
snapd            0.9 42572
systemd          0.5 13036
systemd-journal  0.4 49824
2026-09-26T08:53:06+00:00
COMMAND         %CPU   RSS
mysqld          64.7 583320
isuride          8.3 17188
bench            7.8 78368
nginx            1.4  9280
nginx            1.3  9328
snapd            0.9 42572
systemd          0.5 13036
systemd-journal  0.4 50636
jbd2/sda1-8      0.4     0
2026-09-26T08:53:08+00:00
COMMAND         %CPU   RSS
mysqld          65.6 598260
isuride          8.6 17324
bench            7.7 78952
nginx            1.4  9280
nginx            1.3  9328
snapd            0.9 42572
systemd          0.5 13036
systemd-journal  0.4 51184
jbd2/sda1-8      0.4     0
2026-09-26T08:53:10+00:00
COMMAND         %CPU   RSS
mysqld          66.5 610184
isuride          8.9 18052
bench            7.7 84416
curl             4.7 12324
nginx            1.4  9280
nginx            1.3  9328
snapd            0.9 42572
systemd          0.5 13036
systemd-journal  0.4 51764
2026-09-26T08:53:12+00:00
COMMAND         %CPU   RSS
mysqld          67.4 577816
isuride          9.1 18180
bench            7.6 89276
nginx            1.4  9280
nginx            1.3  9328
snapd            0.9 42572
systemd          0.5 13036
systemd-journal  0.5 52288
jbd2/sda1-8      0.4     0
2026-09-26T08:53:14+00:00
COMMAND         %CPU   RSS
mysqld          68.2 577848
isuride          9.4 17932
bench            7.5 90196
nginx            1.5  9280
nginx            1.3  9328
snapd            0.9 42572
systemd          0.5 13036
systemd-journal  0.5 52844
jbd2/sda1-8      0.4     0
2026-09-26T08:53:16+00:00
COMMAND         %CPU   RSS
mysqld          69.1 578052
isuride          9.6 18768
bench            7.4 95736
nginx            1.5  9280
nginx            1.3  9328
snapd            0.8 42572
systemd-journal  0.5 53392
systemd          0.5 13036
jbd2/sda1-8      0.4     0
2026-09-26T08:53:18+00:00
COMMAND         %CPU   RSS
mysqld          69.9 578196
isuride          9.7 18552
bench            7.4 96776
nginx            1.5  9280
nginx            1.3  9328
snapd            0.8 42572
systemd-journal  0.5 53900
systemd          0.5 13036
jbd2/sda1-8      0.4     0
2026-09-26T08:53:20+00:00
COMMAND         %CPU   RSS
mysqld          70.8 578212
isuride          9.9 18800
bench            7.4 98156
nginx            1.5  9280
nginx            1.3  9328
snapd            0.8 42572
systemd-journal  0.5 54396
systemd          0.5 13036
jbd2/sda1-8      0.4     0
2026-09-26T08:53:22+00:00
COMMAND         %CPU   RSS
mysqld          71.6 590880
isuride         10.0 18320
bench            7.4 102496
curl             3.5 12324
nginx            1.5  9280
nginx            1.3  9328
snapd            0.8 42572
systemd-journal  0.5 57464
systemd          0.4 13036
2026-09-26T08:53:24+00:00
COMMAND         %CPU   RSS
mysqld          72.4 604908
isuride         10.2 18184
bench            7.3 103160
nginx            1.5  9280
nginx            1.3  9328
snapd            0.8 42572
systemd-journal  0.5 59524
systemd          0.4 13036
jbd2/sda1-8      0.4     0
2026-09-26T08:53:26+00:00
COMMAND         %CPU   RSS
mysqld          73.2 613536
isuride         10.3 19132
bench            7.3 108856
curl             5.0 12324
nginx            1.5  9280
nginx            1.4  9328
snapd            0.8 42572
systemd-journal  0.5 60012
systemd          0.4 13036
2026-09-26T08:53:28+00:00
COMMAND         %CPU   RSS
mysqld          74.0 627708
isuride         10.5 18740
bench            7.2 109536
nginx            1.5  9280
nginx            1.4  9328
snapd            0.8 42572
systemd-journal  0.5 62428
systemd          0.4 13036
jbd2/sda1-8      0.4     0
2026-09-26T08:53:30+00:00
COMMAND         %CPU   RSS
mysqld          74.8 580368
isuride         10.7 19292
bench            7.1 113480
nginx            1.5  9280
nginx            1.4  9328
snapd            0.8 42572
systemd-journal  0.5 63272
systemd          0.4 13036
jbd2/sda1-8      0.4     0
2026-09-26T08:53:32+00:00
COMMAND         %CPU   RSS
mysqld          75.5 580204
isuride         10.8 19928
bench            7.1 117376
nginx            1.5  9280
nginx            1.4  9328
snapd            0.8 42572
systemd-journal  0.5 63756
jbd2/sda1-8      0.4     0
systemd          0.4 13036
2026-09-26T08:53:34+00:00
COMMAND         %CPU   RSS
mysqld          76.3 580424
isuride         10.9 20260
bench            7.1 117592
nginx            1.5  9280
nginx            1.4  9328
curl             1.0 12324
snapd            0.8 42572
systemd-journal  0.5 64252
jbd2/sda1-8      0.4     0
2026-09-26T08:53:36+00:00
COMMAND         %CPU   RSS
mysqld          77.0 580868
isuride         10.9 20524
bench            7.1 123808
curl             4.3 12324
nginx            1.5  9300
nginx            1.4  9328
snapd            0.8 42572
systemd-journal  0.5 64732
jbd2/sda1-8      0.4     0
2026-09-26T08:53:38+00:00
COMMAND         %CPU   RSS
mysqld          77.7 580764
isuride         11.1 19248
bench            7.0 127048
nginx            1.5  9324
nginx            1.4  9328
snapd            0.8 39932
systemd-journal  0.5 66896
jbd2/sda1-8      0.4     0
systemd          0.4 13036
2026-09-26T08:53:40+00:00
COMMAND         %CPU   RSS
mysqld          78.5 591052
isuride         11.2 20404
bench            7.0 127580
nginx            1.5  9336
nginx            1.4  9328
snapd            0.8 39932
systemd-journal  0.5 67672
jbd2/sda1-8      0.5     0
systemd          0.4 13036
2026-09-26T08:53:42+00:00
COMMAND         %CPU   RSS
mysqld          79.2 631828
isuride         11.2 19640
bench            6.9 129272
curl             2.0 12324
nginx            1.5  9340
nginx            1.4  9328
snapd            0.8 39932
systemd-journal  0.5 68220
jbd2/sda1-8      0.5     0
2026-09-26T08:53:44+00:00
COMMAND         %CPU   RSS
mysqld          79.8 656232
isuride         11.3 21192
bench            7.0 135936
nginx            1.5  9340
nginx            1.4  9400
snapd            0.8 39932
systemd-journal  0.5 68588
jbd2/sda1-8      0.5     0
systemd          0.4 13036
2026-09-26T08:53:46+00:00
COMMAND         %CPU   RSS
mysqld          80.6 582216
isuride         11.4 18784
bench            6.9 136164
nginx            1.5  9340
nginx            1.4  9468
snapd            0.8 39932
systemd-journal  0.5 69124
jbd2/sda1-8      0.5     0
systemd          0.4 13036
2026-09-26T08:53:48+00:00
COMMAND         %CPU   RSS
mysqld          81.3 582184
isuride         11.4 18072
bench            6.9 136168
nginx            1.5  9340
nginx            1.4  9468
snapd            0.8 39932
systemd-journal  0.5 69692
jbd2/sda1-8      0.5     0
systemd          0.4 13036
