procs -----------memory---------- ---swap-- -----io---- -system-- -------cpu------- -----timestamp-----
 r  b   swpd   free   buff  cache   si   so    bi    bo   in   cs us sy id wa st gu                 UTC
 3  0      0 882552 167916 2194108    0    0  1401 18378 5348   62 30  8 61  1  0  0 2026-09-26 08:52:44
26  0      0 842516 167956 2191804    0    0     0 44004 15764 32238 34 13 41 12  0  0 2026-09-26 08:52:45
15  0      0 821660 167972 2197624    0    0     0  5200 14454 48486 78 13  9  1  0  0 2026-09-26 08:52:46
12  1      0 811468 167984 2193328    0    0     0  5884 18705 63020 64 15 19  1  0  0 2026-09-26 08:52:47
26  0      0 759828 168008 2198548    0    0     0  8720 18298 60905 69 17 13  1  0  0 2026-09-26 08:52:48
 5  0      0 846128 168036 2195440    0    0     0 10296 18034 62560 72 20  8  1  0  0 2026-09-26 08:52:49
29  1      0 786344 168048 2200148    0    0     0 10420 15542 54520 79 20  2  0  0  0 2026-09-26 08:52:50
23  1      0 836740 168084 2196836    0    0     0 12404 16644 56964 77 20  3  1  0  0 2026-09-26 08:52:51
 9  1      0 810588 168112 2197588    0    0     0 11040 15219 49694 79 20  1  0  0  0 2026-09-26 08:52:52
28  0      0 827900 168132 2198276    0    0     0 11856 15175 51850 78 22  1  0  0  0 2026-09-26 08:52:53
24  0      0 818712 168152 2198952    0    0     0 11772 14601 46089 79 21  1  0  0  0 2026-09-26 08:52:54
39  0      0 817032 168180 2203984    0    0     0 14640 15253 51886 80 19  1  0  0  0 2026-09-26 08:52:55
32  0      0 833556 168204 2200344    0    0     0 12424 14769 49566 76 23  1  0  0  0 2026-09-26 08:52:56
41  0      0 778064 168232 2208808    0    0     0 13864 15021 47016 79 21  0  0  0  0 2026-09-26 08:52:57
20  0      0 782328 168252 2203220    0    0     0 11080 14280 43751 81 20  0  0  0  0 2026-09-26 08:52:58
24  1      0 779224 168264 2204064    0    0     0 11096 14208 42320 80 19  0  0  0  0 2026-09-26 08:52:59
21  0      0 785484 168264 2204568    0    0     0 12940 13824 46595 80 19  0  0  0  0 2026-09-26 08:53:00
29  0      0 783768 168280 2206424    0    0     0 18644 14089 47256 81 19  0  0  0  0 2026-09-26 08:53:01
28  1      0 821896 168304 2205792    0    0     0 12672 13412 46334 80 20  0  0  0  0 2026-09-26 08:53:02
44  0      0 775044 168304 2206648    0    0     0 11272 12427 44694 83 17  0  0  0  0 2026-09-26 08:53:03
17  0      0 781612 168324 2211952    0    0     0 11468 13698 49504 80 20  0  0  0  0 2026-09-26 08:53:04
procs -----------memory---------- ---swap-- -----io---- -system-- -------cpu------- -----timestamp-----
 r  b   swpd   free   buff  cache   si   so    bi    bo   in   cs us sy id wa st gu                 UTC
11  1      0 806468 168340 2207748    0    0     0 10968 13599 42302 80 20  1  0  0  0 2026-09-26 08:53:05
51  0      0 757760 168344 2217104    0    0     0 11200 13227 45290 81 19  0  0  0  0 2026-09-26 08:53:06
40  0      0 779500 168344 2208980    0    0     0 10816 13254 47333 83 17  0  0  0  0 2026-09-26 08:53:07
37  0      0 759372 168348 2211888    0    0     0 10980 11709 39846 82 18  0  0  0  0 2026-09-26 08:53:08
38  0      0 796516 168360 2210128    0    0     0 12396 13044 43293 82 18  1  0  0  0 2026-09-26 08:53:09
59  1      0 736096 168364 2213204    0    0     0 12712 13304 43466 82 17  0  0  0  0 2026-09-26 08:53:10
50  0      0 764112 168376 2212468    0    0     0 13624 14598 50037 80 20  0  0  0  0 2026-09-26 08:53:11
33  0      0 741964 168376 2213068    0    0     0 12876 12001 37554 82 18  0  0  0  0 2026-09-26 08:53:12
34  0      0 750852 168376 2224892    0    0     0 10712 13708 46249 82 18  1  0  0  0 2026-09-26 08:53:13
46  1      0 746820 168376 2214288    0    0     0 10216 11615 40137 83 17  0  0  0  0 2026-09-26 08:53:14
16  0      0 730116 168384 2220920    0    0     0 12016 13342 42038 84 16  0  0  0  0 2026-09-26 08:53:15
58  0      0 726176 168384 2215608    0    0     0 20124 12378 42773 80 19  0  0  0  0 2026-09-26 08:53:16
35  0      0 707448 168388 2218620    0    0     0 10504 11307 36244 83 17  0  0  0  0 2026-09-26 08:53:17
35  0      0 752048 168388 2216692    0    0     0 11900 14172 44863 81 19  0  0  0  0 2026-09-26 08:53:18
32  0      0 733456 168388 2217344    0    0     0 10504 12264 36837 82 18  1  0  0  0 2026-09-26 08:53:19
52  0      0 762588 168392 2218016    0    0     0 12092 14528 47320 82 18  1  0  0  0 2026-09-26 08:53:20
12  0      0 703848 168400 2218480    0    0     0  9652 11710 36402 83 17  0  0  0  0 2026-09-26 08:53:21
39  0      0 736928 168400 2220672    0    0     0 12008 14417 48737 83 17  0  0  0  0 2026-09-26 08:53:22
59  0      0 720132 168400 2219600    0    0     0 10948 13095 42933 82 17  0  0  0  0 2026-09-26 08:53:23
55  0      0 739672 168400 2227644    0    0     0 11468 13733 47039 81 19  0  0  0  0 2026-09-26 08:53:24
37  1      0 725068 168408 2220808    0    0     0 10644 12180 39705 83 17  0  0  0  0 2026-09-26 08:53:25
procs -----------memory---------- ---swap-- -----io---- -system-- -------cpu------- -----timestamp-----
 r  b   swpd   free   buff  cache   si   so    bi    bo   in   cs us sy id wa st gu                 UTC
33  1      0 696464 168416 2225368    0    0     0 12212 12268 37145 83 17  0  0  0  0 2026-09-26 08:53:26
61  0      0 746052 168416 2221988    0    0     0 10424 12610 41615 82 18  1  0  0  0 2026-09-26 08:53:27
69  0      0 691712 168420 2230404    0    0     0 12824 12561 43228 83 18  0  0  0  0 2026-09-26 08:53:28
53  1      0 705500 168424 2226148    0    0     0 10408 11716 39813 84 17  0  0  0  0 2026-09-26 08:53:29
31  1      0 674044 168424 2228164    0    0     0 11488 12179 39235 82 18  0  0  0  0 2026-09-26 08:53:30
64  0      0 699196 168424 2230288    0    0     0 21364 11669 40501 82 17  1  0  0  0 2026-09-26 08:53:31
78  0      0 707480 168424 2227764    0    0     0 11160 12438 39335 82 19  0  0  0  0 2026-09-26 08:53:32
15  1      0 698640 168424 2237240    0    0     0 11356 13907 48587 82 18  0  0  0  0 2026-09-26 08:53:33
40  0      0 710708 168428 2229184    0    0     0 10508 12257 39554 84 17  0  0  0  0 2026-09-26 08:53:34
59  0      0 673388 168428 2233852    0    0     0 10300 12508 38022 82 18  1  0  0  0 2026-09-26 08:53:35
43  1      0 696628 168428 2237880    0    0     0 18736 12638 40800 82 18  1  0  0  0 2026-09-26 08:53:36
76  0      0 643512 168432 2243764    0    0     0 10520 11676 36838 84 16  0  0  0  0 2026-09-26 08:53:37
38  0      0 692896 168444 2240228    0    0    20 11728 13710 48183 81 20  0  0  0  0 2026-09-26 08:53:38
27  0      0 590476 168444 2245096    0    0     0 10972 11783 36156 82 18  1  0  0  0 2026-09-26 08:53:39
69  0      0 686912 168444 2241460    0    0     0 11884 11838 41601 82 18  0  0  0  0 2026-09-26 08:53:40
43  0      0 666576 168444 2244380    0    0     0 12112 11307 35785 82 18  0  0  0  0 2026-09-26 08:53:41
51  1      0 699100 168444 2248332    0    0     0 11420 12095 42828 81 19  1  0  0  0 2026-09-26 08:53:42
66  0      0 626384 168444 2244916    0    0     0  9232 8974 25452 79 21  0  0  0  0 2026-09-26 08:53:43
85  0      0 646644 168444 2252684    0    0     0 10380 11561 38631 81 19  1  0  0  0 2026-09-26 08:53:44
46  0      0 654624 168448 2245896    0    0     0  8640 11077 34539 84 16  0  0  0  0 2026-09-26 08:53:45
33  0      0 709812 168448 2246292    0    0     0  1536 10108 34328 90 10  0  0  0  0 2026-09-26 08:53:46
procs -----------memory---------- ---swap-- -----io---- -system-- -------cpu------- -----timestamp-----
 r  b   swpd   free   buff  cache   si   so    bi    bo   in   cs us sy id wa st gu                 UTC
37  0      0 709180 168448 2246720    0    0     0 13768 9176 32936 89 10  1  0  0  0 2026-09-26 08:53:47
44  0      0 707788 168448 2247252    0    0     0   572 9389 33289 91  8  1  0  0  0 2026-09-26 08:53:48
37  0      0 703352 168448 2247736    0    0     0   776 9068 31914 89 10  1  0  0  0 2026-09-26 08:53:49
