2026-09-27T08:57:23+00:00
COMMAND         %CPU   RSS
mysqld           1.7 956544
nginx            0.3 17584
nginx            0.3 17508
kworker/u4:2-ev  0.0     0
kworker/u4:0-ev  0.0     0
rcu_preempt      0.0     0
jbd2/sda1-8      0.0     0
kworker/1:1H-kb  0.0     0
kworker/0:1H-kb  0.0     0
2026-09-27T08:57:25+00:00
COMMAND         %CPU   RSS
bench            9.0 50812
mysqld           1.7 956616
isuride          0.6 14656
nginx            0.3 17584
nginx            0.3 17508
kworker/u4:2-ev  0.0     0
kworker/u4:0-ev  0.0     0
rcu_preempt      0.0     0
jbd2/sda1-8      0.0     0
2026-09-27T08:57:27+00:00
COMMAND         %CPU   RSS
bench           18.4 61808
isuride          2.5 15500
mysqld           1.7 956772
nginx            0.3 17584
nginx            0.3 17508
kworker/u4:2-ev  0.0     0
kworker/u4:0-ev  0.0     0
rcu_preempt      0.0     0
jbd2/sda1-8      0.0     0
2026-09-27T08:57:29+00:00
COMMAND         %CPU   RSS
bench           21.0 88032
isuride          4.5 16176
mysqld           1.7 956968
nginx            0.3 17584
nginx            0.3 17508
kworker/u4:2-ex  0.0     0
kworker/u4:0-ev  0.0     0
rcu_preempt      0.0     0
jbd2/sda1-8      0.0     0
2026-09-27T08:57:31+00:00
COMMAND         %CPU   RSS
bench           24.2 130960
isuride          6.6 16688
mysqld           1.7 958336
nginx            0.3 17584
nginx            0.3 17508
kworker/u4:2-ex  0.0     0
kworker/u4:0-ev  0.0     0
rcu_preempt      0.0     0
jbd2/sda1-8      0.0     0
2026-09-27T08:57:33+00:00
COMMAND         %CPU   RSS
bench           25.7 166776
isuride          8.4 17916
mysqld           1.7 958672
nginx            0.3 17584
nginx            0.3 17508
kworker/u4:2-ev  0.0     0
kworker/u4:0-ev  0.0     0
rcu_preempt      0.0     0
jbd2/sda1-8      0.0     0
2026-09-27T08:57:35+00:00
COMMAND         %CPU   RSS
bench           27.3 203224
isuride         10.3 20204
mysqld           1.7 959072
nginx            0.3 17584
nginx            0.3 17508
kworker/u4:2-ev  0.0     0
rcu_preempt      0.0     0
kworker/u4:0-ev  0.0     0
jbd2/sda1-8      0.0     0
2026-09-27T08:57:37+00:00
COMMAND         %CPU   RSS
bench           27.9 243400
isuride         11.7 21868
mysqld           1.7 959464
nginx            0.3 17584
nginx            0.3 17508
kworker/u4:2-ev  0.0     0
rcu_preempt      0.0     0
kworker/u4:0-ev  0.0     0
jbd2/sda1-8      0.0     0
2026-09-27T08:57:39+00:00
COMMAND         %CPU   RSS
bench           28.1 272948
isuride         13.3 22204
mysqld           1.7 959832
nginx            0.3 17584
nginx            0.3 17508
kworker/u4:2-ev  0.0     0
rcu_preempt      0.0     0
kworker/u4:0-ev  0.0     0
jbd2/sda1-8      0.0     0
2026-09-27T08:57:41+00:00
COMMAND         %CPU   RSS
bench           28.3 296340
isuride         14.6 24116
mysqld           1.7 960208
nginx            0.3 17584
nginx            0.3 17508
kworker/u4:2-ev  0.0     0
rcu_preempt      0.0     0
kworker/u4:0-ev  0.0     0
jbd2/sda1-8      0.0     0
2026-09-27T08:57:43+00:00
COMMAND         %CPU   RSS
bench           28.6 299572
isuride         15.9 24612
mysqld           1.7 960588
nginx            0.3 17584
nginx            0.3 17508
kworker/u4:2-ev  0.0     0
rcu_preempt      0.0     0
kworker/u4:0-ev  0.0     0
jbd2/sda1-8      0.0     0
2026-09-27T08:57:45+00:00
COMMAND         %CPU   RSS
bench           29.0 317144
isuride         17.1 25440
mysqld           1.7 960924
nginx            0.3 17584
nginx            0.3 17508
kworker/u4:2-ev  0.0     0
rcu_preempt      0.0     0
kworker/u4:0-ev  0.0     0
jbd2/sda1-8      0.0     0
2026-09-27T08:57:47+00:00
COMMAND         %CPU   RSS
bench           29.6 335276
isuride         18.0 28584
curl             7.1 12340
mysqld           1.7 961264
nginx            0.3 17584
nginx            0.3 17508
kworker/u4:2-ex  0.0     0
rcu_preempt      0.0     0
kworker/u4:0-ev  0.0     0
2026-09-27T08:57:49+00:00
COMMAND         %CPU   RSS
bench           29.9 353344
isuride         18.9 28420
mysqld           1.7 961496
nginx            0.3 17584
nginx            0.3 17508
kworker/u4:2-ev  0.0     0
rcu_preempt      0.0     0
kworker/u4:0-ev  0.0     0
jbd2/sda1-8      0.0     0
2026-09-27T08:57:51+00:00
COMMAND         %CPU   RSS
bench           30.2 382156
isuride         19.8 26736
mysqld           1.7 961804
nginx            0.3 17584
nginx            0.3 17508
kworker/u4:2-ev  0.0     0
rcu_preempt      0.0     0
kworker/u4:0-ev  0.0     0
jbd2/sda1-8      0.0     0
2026-09-27T08:57:53+00:00
COMMAND         %CPU   RSS
bench           30.3 417496
isuride         20.7 30288
curl             6.6 12340
mysqld           1.7 962008
nginx            0.3 17584
nginx            0.3 17508
kworker/u4:2-ev  0.0     0
rcu_preempt      0.0     0
kworker/u4:0-ev  0.0     0
2026-09-27T08:57:55+00:00
COMMAND         %CPU   RSS
bench           30.5 421928
isuride         21.4 31136
mysqld           1.7 962456
nginx            0.3 17584
nginx            0.3 17508
kworker/u4:2-ev  0.0     0
rcu_preempt      0.0     0
kworker/u4:0-ev  0.0     0
jbd2/sda1-8      0.0     0
2026-09-27T08:57:57+00:00
COMMAND         %CPU   RSS
bench           30.8 445100
isuride         22.0 31992
mysqld           1.7 962788
nginx            0.3 17584
nginx            0.3 17508
kworker/u4:2-ex  0.0     0
rcu_preempt      0.0     0
kworker/u4:0-ev  0.0     0
jbd2/sda1-8      0.0     0
2026-09-27T08:57:59+00:00
COMMAND         %CPU   RSS
bench           31.0 469092
isuride         22.5 34236
mysqld           1.7 963240
nginx            0.3 17584
nginx            0.3 17508
kworker/u4:2-ex  0.0     0
kworker/u4:1-ev  0.0     0
rcu_preempt      0.0     0
kworker/u4:0-ev  0.0     0
2026-09-27T08:58:01+00:00
COMMAND         %CPU   RSS
bench           31.2 473580
isuride         23.1 34516
mysqld           1.7 963428
nginx            0.3 17584
nginx            0.3 17508
kworker/u4:2-ev  0.0     0
kworker/u4:1-ev  0.0     0
rcu_preempt      0.0     0
kworker/u4:0-ev  0.0     0
2026-09-27T08:58:03+00:00
COMMAND         %CPU   RSS
bench           31.6 497564
isuride         23.6 35380
curl             8.3 12340
mysqld           1.7 963812
nginx            0.3 17584
nginx            0.3 17508
kworker/u4:2-ev  0.0     0
kworker/u4:1-ev  0.0     0
rcu_preempt      0.0     0
2026-09-27T08:58:06+00:00
COMMAND         %CPU   RSS
bench           31.6 499676
isuride         24.1 35764
curl             7.1 12340
mysqld           1.7 964064
nginx            0.3 17584
nginx            0.3 17508
kworker/u4:2-fl  0.0     0
kworker/u4:1-ex  0.0     0
rcu_preempt      0.0     0
2026-09-27T08:58:08+00:00
COMMAND         %CPU   RSS
bench           31.9 516596
isuride         24.5 37676
curl             4.3 12340
mysqld           1.7 964324
nginx            0.3 17584
nginx            0.3 17508
kworker/u4:2-ex  0.0     0
kworker/u4:1-ev  0.0     0
rcu_preempt      0.0     0
2026-09-27T08:58:10+00:00
COMMAND         %CPU   RSS
bench           32.2 542844
isuride         24.9 39400
curl             4.1 12340
mysqld           1.7 964748
nginx            0.3 17584
nginx            0.3 17508
kworker/u4:2-ev  0.0     0
kworker/u4:1-ev  0.0     0
rcu_preempt      0.0     0
2026-09-27T08:58:12+00:00
COMMAND         %CPU   RSS
bench           32.3 544796
isuride         25.3 38452
mysqld           1.7 965092
nginx            0.3 17584
nginx            0.3 17508
kworker/u4:1-ex  0.0     0
kworker/u4:2-ev  0.0     0
rcu_preempt      0.0     0
jbd2/sda1-8      0.0     0
2026-09-27T08:58:14+00:00
COMMAND         %CPU   RSS
bench           32.5 566264
isuride         25.7 38104
curl             7.1 12328
mysqld           1.7 965268
nginx            0.3 17584
nginx            0.3 17508
kworker/u4:2-ev  0.0     0
kworker/u4:1-ex  0.0     0
rcu_preempt      0.0     0
2026-09-27T08:58:16+00:00
COMMAND         %CPU   RSS
bench           32.7 570484
isuride         26.0 38700
mysqld           1.7 965420
nginx            0.3 17584
nginx            0.3 17508
kworker/u4:1-ev  0.0     0
kworker/u4:2-ex  0.0     0
rcu_preempt      0.0     0
jbd2/sda1-8      0.0     0
2026-09-27T08:58:18+00:00
COMMAND         %CPU   RSS
bench           32.8 584396
isuride         26.3 41204
mysqld           1.7 965716
nginx            0.3 17584
nginx            0.3 17508
kworker/u4:1-ex  0.0     0
kworker/u4:2-ev  0.0     0
rcu_preempt      0.0     0
jbd2/sda1-8      0.0     0
2026-09-27T08:58:20+00:00
COMMAND         %CPU   RSS
bench           32.9 588072
isuride         26.6 42128
mysqld           1.7 965996
nginx            0.3 17584
nginx            0.3 17552
kworker/u4:1-ev  0.0     0
kworker/u4:2-ev  0.0     0
rcu_preempt      0.0     0
jbd2/sda1-8      0.0     0
2026-09-27T08:58:22+00:00
COMMAND         %CPU   RSS
bench           33.0 605536
isuride         26.8 41556
curl             3.3 12340
mysqld           1.7 966164
nginx            0.3 17584
nginx            0.3 17552
kworker/u4:1-ev  0.0     0
kworker/u4:2-ev  0.0     0
rcu_preempt      0.0     0
2026-09-27T08:58:24+00:00
COMMAND         %CPU   RSS
bench           33.1 616956
isuride         27.1 41980
mysqld           1.8 966344
nginx            0.3 17584
nginx            0.3 17568
kworker/u4:1-ev  0.0     0
kworker/u4:2-ev  0.0     0
rcu_preempt      0.0     0
jbd2/sda1-8      0.0     0
2026-09-27T08:58:26+00:00
COMMAND         %CPU   RSS
bench           33.1 626508
isuride         27.4 30704
curl             8.3 12340
mysqld           1.8 966668
nginx            0.3 17584
nginx            0.3 17572
kworker/u4:1-ev  0.0     0
kworker/u4:2-ev  0.0     0
rcu_preempt      0.0     0
2026-09-27T08:58:28+00:00
COMMAND         %CPU   RSS
bench           33.3 650528
isuride         27.9 28484
mysqld           1.8 966740
nginx            0.3 17584
nginx            0.3 17572
kworker/u4:1-ev  0.0     0
kworker/u4:2-fl  0.0     0
rcu_preempt      0.0     0
jbd2/sda1-8      0.0     0
