procs -----------memory---------- ---swap-- -----io---- -system-- -------cpu------- -----timestamp-----
 r  b   swpd   free   buff  cache   si   so    bi    bo   in   cs us sy id wa st gu                 UTC
 3  0      0 746588  75948 2030052    0    0    23   487  702   10  4  1 95  0  0  0 2026-09-27 08:57:23
 0  1      0 752744  75948 2015112    0    0    12 61916 13086 25269 29 13 41 17  0  0 2026-09-27 08:57:24
 0  2      0 734920  75948 2015736    0    0    20 11344 25063 63699 19 13 64  4  0  0 2026-09-27 08:57:25
 2  0      0 734224  75948 2016208    0    0     0 11776 24651 68293 25 19 52  4  0  0 2026-09-27 08:57:26
 6  0      0 739732  75948 2016652    0    0     0 10800 12252 43419 46 37 11  6  0  0 2026-09-27 08:57:27
 6  0      0 720468  75948 2017656    0    0     0 21280 25318 89234 38 31 27  4  0  0 2026-09-27 08:57:28
13  0      0 705012  75948 2019848    0    0     0 24180 25740 100350 45 31 20  4  0  0 2026-09-27 08:57:29
 8  1      0 679616  75948 2022080    0    0     0 27340 26325 104259 45 35 15  4  0  0 2026-09-27 08:57:30
19  0      0 653952  75948 2024568    0    0     0 26908 24497 107643 50 37 10  3  0  0 2026-09-27 08:57:31
 4  1      0 631052  75948 2025748    0    0     0 25240 23344 102964 49 33 14  5  0  0 2026-09-27 08:57:32
29  0      0 614448  75948 2027380    0    0     0 25448 24043 103701 54 36  7  3  0  0 2026-09-27 08:57:33
11  0      0 595644  75948 2028804    0    0     0 25324 23398 97621 54 39  5  2  0  0 2026-09-27 08:57:34
41  0      0 568776  75948 2030384    0    0     0 29284 23197 102334 55 39  4  2  0  0 2026-09-27 08:57:35
33  1      0 548412  75948 2032672    0    0     0 26316 22614 98844 51 36  9  4  0  0 2026-09-27 08:57:36
56  0      0 524352  75948 2034176    0    0     0 26428 20518 96646 54 36  6  4  0  0 2026-09-27 08:57:37
10  1      0 517400  75948 2035608    0    0     0 28620 21775 101990 54 41  4  2  0  0 2026-09-27 08:57:38
12  0      0 483996  75948 2037008    0    0     0 24908 21745 91858 52 39  6  3  0  0 2026-09-27 08:57:39
12  1      0 476140  75948 2038516    0    0     0 28700 21454 97621 54 38  5  3  0  0 2026-09-27 08:57:40
36  1      0 458768  75948 2040044    0    0     0 28784 22349 99319 53 41  4  2  0  0 2026-09-27 08:57:41
13  1      0 445916  75948 2041460    0    0     0 29276 21865 100065 55 37  5  3  0  0 2026-09-27 08:57:42
 7  0      0 443408  75948 2043004    0    0     0 27852 22718 105369 55 42  2  1  0  0 2026-09-27 08:57:43
procs -----------memory---------- ---swap-- -----io---- -system-- -------cpu------- -----timestamp-----
 r  b   swpd   free   buff  cache   si   so    bi    bo   in   cs us sy id wa st gu                 UTC
18  0      0 424280  75948 2045632    0    0     0 26044 21102 96344 57 38  4  1  0  0 2026-09-27 08:57:44
29  0      0 424256  75948 2048336    0    0     0 34724 21277 98015 56 39  4  2  0  0 2026-09-27 08:57:45
 6  0      0 402668  75948 2049724    0    0     0 29288 21399 96624 55 39  4  2  0  0 2026-09-27 08:57:46
28  1      0 397376  75948 2051468    0    0     0 30248 21042 97098 55 39  3  3  0  0 2026-09-27 08:57:47
10  0      0 379572  75948 2053256    0    0     0 26024 19243 96171 58 39  3  0  0  0 2026-09-27 08:57:48
14  0      0 374336  75948 2055024    0    0     0 27120 18252 94532 57 39  2  2  0  0 2026-09-27 08:57:49
24  0      0 366968  75948 2056516    0    0     0 31792 20904 92708 56 39  4  1  0  0 2026-09-27 08:57:50
37  1      0 346352  75948 2058184    0    0     0 24812 20814 94032 58 37  3  1  0  0 2026-09-27 08:57:51
 4  4      0 337088  75948 2059964    0    0    16 27136 20457 95225 57 40  2  1  0  0 2026-09-27 08:57:52
30  2      0 308988  75948 2061608    0    0     0 27012 22606 99471 56 41  2  1  0  0 2026-09-27 08:57:53
27  0      0 293656  75948 2063140    0    0    32 24344 19394 82281 59 34  5  2  0  0 2026-09-27 08:57:54
37  0      0 289176  75948 2064812    0    0    32 28392 19898 91486 56 38  4  2  0  0 2026-09-27 08:57:55
27  0      0 267036  75948 2067508    0    0     0 29592 19388 91370 56 40  3  2  0  0 2026-09-27 08:57:56
32  1      0 263252  75948 2069196    0    0     0 29672 18461 85799 56 37  4  3  0  0 2026-09-27 08:57:57
46  0      0 256016  75948 2071848    0    0     0 29248 21471 91960 54 37  5  4  0  0 2026-09-27 08:57:58
24  2      0 240224  75948 2073508    0    0     0 28716 19286 91958 56 41  2  1  0  0 2026-09-27 08:57:59
34  0      0 229008  75948 2075052    0    0     0 26492 19105 88954 58 39  3  1  0  0 2026-09-27 08:58:00
22  1      0 222044  75948 2076800    0    0     0 34756 19990 90508 59 37  3  1  0  0 2026-09-27 08:58:01
16  1      0 216784  75948 2078484    0    0     0 26156 19839 93103 59 38  3  1  0  0 2026-09-27 08:58:02
25  1      0 193936  75948 2080280    0    0     0 25936 18429 88677 57 40  2  1  0  0 2026-09-27 08:58:03
16  2      0 186960  75952 2081824    0    0     4 24636 19315 85595 59 39  2  1  0  0 2026-09-27 08:58:04
procs -----------memory---------- ---swap-- -----io---- -system-- -------cpu------- -----timestamp-----
 r  b   swpd   free   buff  cache   si   so    bi    bo   in   cs us sy id wa st gu                 UTC
16  2      0 188320  75952 2083504    0    0    32 26704 21997 93766 55 37  6  2  0  0 2026-09-27 08:58:05
45  0      0 169524  75952 2086396    0    0     0 31800 17286 85613 60 38  2  1  0  0 2026-09-27 08:58:06
30  0      0 166448  75952 2088012    0    0    16 25364 18341 82673 61 35  3  1  0  0 2026-09-27 08:58:07
14  1      0 163120  75952 2089588    0    0     0 26224 21127 85666 59 37  3  1  0  0 2026-09-27 08:58:08
32  0      0 135256  75952 2091144    0    0     0 22696 18927 80465 62 35  2  1  0  0 2026-09-27 08:58:09
38  1      0 126516  75952 2093712    0    0     0 29020 19247 90073 61 36  3  1  0  0 2026-09-27 08:58:10
20  1      0 123536  75952 2096408    0    0     0 24492 19479 88676 60 39  1  0  0  0 2026-09-27 08:58:11
19  2      0 119296  75952 2098008    0    0     0 25444 21607 91002 60 39  1  0  0  0 2026-09-27 08:58:12
27  0      0 101848  75952 2099680    0    0     0 24488 17819 78793 61 37  2  1  0  0 2026-09-27 08:58:13
15  1      0  99920  75952 2101208    0    0     0 25652 18085 79204 61 38  1  1  0  0 2026-09-27 08:58:14
46  0      0  91924  75952 2102772    0    0     0 26756 18357 85820 62 36  2  1  0  0 2026-09-27 08:58:15
33  1      0  75604  75952 2104320    0    0     0 30660 18563 76844 61 36  3  1  0  0 2026-09-27 08:58:16
34  1      0  70400  75952 2106016    0    0     0 25520 21145 89200 58 37  4  1  0  0 2026-09-27 08:58:17
23  1      0  67668  75952 2107660    0    0     0 24992 18587 85088 60 36  3  1  0  0 2026-09-27 08:58:18
17  0      0 135832  73136 2044188    0    0     0 28480 17194 81295 60 39  1  1  0  0 2026-09-27 08:58:19
43  2      0 105564  73136 2045600    0    0     0 21204 18178 71382 62 33  4  1  0  0 2026-09-27 08:58:20
21  0      0  96628  73136 2047232    0    0     0 35636 18448 75671 61 38  1  1  0  0 2026-09-27 08:58:21
20  1      0 114528  73136 2048772    0    0     0 24256 17751 80578 59 37  3  1  0  0 2026-09-27 08:58:22
17  1      0 112264  73136 2050284    0    0     0 25320 18543 87622 62 36  2  1  0  0 2026-09-27 08:58:23
28  0      0  80984  73136 2052584    0    0     0 24328 16527 70685 64 34  1  1  0  0 2026-09-27 08:58:24
18  1      0  86032  73136 2061076    0    0     0 27284 19727 93551 59 37  3  1  0  0 2026-09-27 08:58:25
procs -----------memory---------- ---swap-- -----io---- -system-- -------cpu------- -----timestamp-----
 r  b   swpd   free   buff  cache   si   so    bi    bo   in   cs us sy id wa st gu                 UTC
11  1      0  84144  73136 2062528    0    0     0  6836 19009 111484 62 35  3  1  0  0 2026-09-27 08:58:26
39  0      0 135020  72828 1997352    0    0     0  4836 14746 93314 62 33  5  0  0  0 2026-09-27 08:58:27
10  0      0 111296  72828 1999432    0    0     0  5224 15852 107524 63 32  5  0  0  0 2026-09-27 08:58:28
 6  1      0 130648  72828 2001368    0    0     0  3552 16569 95363 64 33  3  0  0  0 2026-09-27 08:58:29
