time=19:09:22.118 level=INFO msg=負荷走行を開始します
time=19:09:22.118 level=DEBUG source=/tmp/isucon14/bench/cmd/run.go:90 msg=target targetURL=https://isuride.xiv.isucon.net targetAddr=127.0.0.1:443 benchrun.GetTargetAddress()="" paymentURL=http://127.0.0.1:12346
time=19:09:26.500 level=DEBUG source=/tmp/isucon14/bench/benchmarker/scenario/scenario.go:315 msg=時間経過 tick=60
time=19:09:26.500 level=DEBUG source=/tmp/isucon14/bench/benchmarker/scenario/scenario.go:317 msg=eval reqs=0 score="[0 0 0 0 0]" criteria="[0 0 0 0]"
time=19:09:28.300 level=DEBUG source=/tmp/isucon14/bench/benchmarker/scenario/scenario.go:315 msg=時間経過 tick=120
time=19:09:28.300 level=DEBUG source=/tmp/isucon14/bench/benchmarker/scenario/scenario.go:317 msg=eval reqs=2 score="[0 0 0 2 0]" criteria="[2 0 2 2]"
time=19:09:30.100 level=INFO msg=これまでに地域内の評判によって1人、既存ユーザーの招待経由で4人が新規登録しました
time=19:09:30.100 level=INFO msg=0.0%のライドは椅子がマッチされるまでの時間、75.0%のライドはマッチされた椅子が乗車地点までに掛かる時間、0.0%のライドは椅子の実移動時間に不満がありました
time=19:09:30.100 level=DEBUG source=/tmp/isucon14/bench/benchmarker/scenario/scenario.go:315 msg=時間経過 tick=180
time=19:09:30.100 level=DEBUG source=/tmp/isucon14/bench/benchmarker/scenario/scenario.go:317 msg=eval reqs=4 score="[0 0 0 3 1]" criteria="[4 1 4 4]"
time=19:09:31.900 level=DEBUG source=/tmp/isucon14/bench/benchmarker/scenario/scenario.go:315 msg=時間経過 tick=240
time=19:09:31.900 level=DEBUG source=/tmp/isucon14/bench/benchmarker/scenario/scenario.go:317 msg=eval reqs=5 score="[0 0 1 3 1]" criteria="[4 1 5 5]"
time=19:09:33.699 level=DEBUG source=/tmp/isucon14/bench/benchmarker/scenario/scenario.go:315 msg=時間経過 tick=300
time=19:09:33.700 level=DEBUG source=/tmp/isucon14/bench/benchmarker/scenario/scenario.go:317 msg=eval reqs=8 score="[0 0 4 3 1]" criteria="[4 1 8 8]"
time=19:09:35.499 level=INFO msg=これまでに地域内の評判によって7人、既存ユーザーの招待経由で5人が新規登録しました
time=19:09:35.499 level=INFO msg=63.6%のライドは椅子がマッチされるまでの時間、81.8%のライドはマッチされた椅子が乗車地点までに掛かる時間、0.0%のライドは椅子の実移動時間に不満がありました
time=19:09:35.499 level=DEBUG source=/tmp/isucon14/bench/benchmarker/scenario/scenario.go:315 msg=時間経過 tick=360
time=19:09:35.499 level=DEBUG source=/tmp/isucon14/bench/benchmarker/scenario/scenario.go:317 msg=eval reqs=11 score="[0 0 6 4 1]" criteria="[4 2 11 11]"
time=19:09:35.501 level=INFO msg=一定の売上が立ったためオーナーの椅子が増加します 名前=ComfortWorks 増加数=1
time=19:09:37.299 level=DEBUG source=/tmp/isucon14/bench/benchmarker/scenario/scenario.go:315 msg=時間経過 tick=420
time=19:09:37.299 level=DEBUG source=/tmp/isucon14/bench/benchmarker/scenario/scenario.go:317 msg=eval reqs=12 score="[0 0 6 5 1]" criteria="[5 2 12 12]"
time=19:09:39.102 level=DEBUG source=/tmp/isucon14/bench/benchmarker/scenario/scenario.go:315 msg=時間経過 tick=480
time=19:09:39.104 level=DEBUG source=/tmp/isucon14/bench/benchmarker/scenario/scenario.go:317 msg=eval reqs=13 score="[0 0 6 6 1]" criteria="[5 3 13 13]"
time=19:09:40.887 level=INFO msg=一定の売上が立ったためオーナーの椅子が増加します 名前=レトロ椅子館 増加数=2
time=19:09:40.892 level=INFO msg=一定の売上が立ったためオーナーの椅子が増加します 名前=風座プロダクツ 増加数=1
time=19:09:40.900 level=DEBUG source=/tmp/isucon14/bench/benchmarker/scenario/scenario.go:315 msg=時間経過 tick=540
time=19:09:40.900 level=DEBUG source=/tmp/isucon14/bench/benchmarker/scenario/scenario.go:317 msg=eval reqs=19 score="[0 1 11 6 1]" criteria="[5 3 19 18]"
time=19:09:40.900 level=INFO msg=これまでに地域内の評判によって13人、既存ユーザーの招待経由で7人が新規登録しました
time=19:09:40.900 level=INFO msg=これまでに低評価なライドによって1人が利用をやめました
time=19:09:40.900 level=INFO msg=73.7%のライドは椅子がマッチされるまでの時間、84.2%のライドはマッチされた椅子が乗車地点までに掛かる時間、2.6%のライドは椅子の実移動時間に不満がありました
time=19:09:42.683 level=INFO msg=一定の売上が立ったためオーナーの椅子が増加します 名前="Chair Charm" 増加数=1
time=19:09:42.700 level=DEBUG source=/tmp/isucon14/bench/benchmarker/scenario/scenario.go:315 msg=時間経過 tick=600
time=19:09:42.700 level=DEBUG source=/tmp/isucon14/bench/benchmarker/scenario/scenario.go:317 msg=eval reqs=23 score="[0 1 15 6 1]" criteria="[5 3 23 22]"
time=19:09:42.704 level=INFO msg=一定の売上が立ったためオーナーの椅子が増加します 名前=座心工房 増加数=1
time=19:09:44.494 level=INFO msg=一定の売上が立ったためオーナーの椅子が増加します 名前=風座プロダクツ 増加数=1
time=19:09:44.499 level=DEBUG source=/tmp/isucon14/bench/benchmarker/scenario/scenario.go:315 msg=時間経過 tick=660
time=19:09:44.499 level=DEBUG source=/tmp/isucon14/bench/benchmarker/scenario/scenario.go:317 msg=eval reqs=25 score="[0 1 17 6 1]" criteria="[5 3 25 24]"
time=19:09:46.299 level=DEBUG source=/tmp/isucon14/bench/benchmarker/scenario/scenario.go:315 msg=時間経過 tick=720
time=19:09:46.299 level=DEBUG source=/tmp/isucon14/bench/benchmarker/scenario/scenario.go:317 msg=eval reqs=27 score="[1 2 17 6 1]" criteria="[5 3 25 25]"
time=19:09:46.299 level=INFO msg=これまでに地域内の評判によって23人、既存ユーザーの招待経由で7人が新規登録しました
time=19:09:46.299 level=INFO msg=これまでに低評価なライドによって2人が利用をやめました
time=19:09:46.300 level=INFO msg=81.5%のライドは椅子がマッチされるまでの時間、88.9%のライドはマッチされた椅子が乗車地点までに掛かる時間、7.4%のライドは椅子の実移動時間に不満がありました
time=19:09:48.099 level=DEBUG source=/tmp/isucon14/bench/benchmarker/scenario/scenario.go:315 msg=時間経過 tick=780
time=19:09:48.099 level=DEBUG source=/tmp/isucon14/bench/benchmarker/scenario/scenario.go:317 msg=eval reqs=30 score="[1 5 17 6 1]" criteria="[5 3 25 28]"
time=19:09:49.900 level=DEBUG source=/tmp/isucon14/bench/benchmarker/scenario/scenario.go:315 msg=時間経過 tick=840
time=19:09:49.900 level=DEBUG source=/tmp/isucon14/bench/benchmarker/scenario/scenario.go:317 msg=eval reqs=32 score="[1 6 18 6 1]" criteria="[5 3 27 29]"
time=19:09:49.901 level=INFO msg=一定の売上が立ったためオーナーの椅子が増加します 名前=風座プロダクツ 増加数=1
time=19:09:49.910 level=INFO msg=一定の売上が立ったためオーナーの椅子が増加します 名前=レトロ椅子館 増加数=1
time=19:09:51.700 level=INFO msg=これまでに地域内の評判によって29人、既存ユーザーの招待経由で7人が新規登録しました
time=19:09:51.700 level=INFO msg=これまでに低評価なライドによって6人が利用をやめました
time=19:09:51.700 level=DEBUG source=/tmp/isucon14/bench/benchmarker/scenario/scenario.go:315 msg=時間経過 tick=900
time=19:09:51.700 level=DEBUG source=/tmp/isucon14/bench/benchmarker/scenario/scenario.go:317 msg=eval reqs=35 score="[1 8 19 6 1]" criteria="[5 3 30 30]"
time=19:09:51.701 level=INFO msg=85.7%のライドは椅子がマッチされるまでの時間、91.4%のライドはマッチされた椅子が乗車地点までに掛かる時間、14.3%のライドは椅子の実移動時間に不満がありました
time=19:09:51.729 level=INFO msg=一定の売上が立ったためオーナーの椅子が増加します 名前=ComfortWorks 増加数=1
time=19:09:51.731 level=INFO msg=一定の売上が立ったためオーナーの椅子が増加します 名前=風座プロダクツ 増加数=1
time=19:09:53.500 level=DEBUG source=/tmp/isucon14/bench/benchmarker/scenario/scenario.go:315 msg=時間経過 tick=960
time=19:09:53.500 level=DEBUG source=/tmp/isucon14/bench/benchmarker/scenario/scenario.go:317 msg=eval reqs=39 score="[4 9 19 6 1]" criteria="[5 3 31 30]"
time=19:09:53.522 level=INFO msg=一定の売上が立ったためオーナーの椅子が増加します 名前=ComfortWorks 増加数=1
time=19:09:55.296 level=INFO msg=一定の売上が立ったためオーナーの椅子が増加します 名前=レトロ椅子館 増加数=1
time=19:09:55.300 level=DEBUG source=/tmp/isucon14/bench/benchmarker/scenario/scenario.go:315 msg=時間経過 tick=1020
time=19:09:55.300 level=DEBUG source=/tmp/isucon14/bench/benchmarker/scenario/scenario.go:317 msg=eval reqs=42 score="[5 11 19 6 1]" criteria="[5 3 31 32]"
time=19:09:57.100 level=DEBUG source=/tmp/isucon14/bench/benchmarker/scenario/scenario.go:315 msg=時間経過 tick=1080
time=19:09:57.100 level=DEBUG source=/tmp/isucon14/bench/benchmarker/scenario/scenario.go:317 msg=eval reqs=47 score="[7 12 20 7 1]" criteria="[5 4 33 35]"
time=19:09:57.100 level=INFO msg=これまでに地域内の評判によって35人、既存ユーザーの招待経由で8人が新規登録しました
time=19:09:57.100 level=INFO msg=これまでに低評価なライドによって14人が利用をやめました
time=19:09:57.100 level=INFO msg=89.4%のライドは椅子がマッチされるまでの時間、91.5%のライドはマッチされた椅子が乗車地点までに掛かる時間、27.7%のライドは椅子の実移動時間に不満がありました
time=19:09:57.103 level=INFO msg=一定の売上が立ったためオーナーの椅子が増加します 名前=座心工房 増加数=1
time=19:09:58.899 level=DEBUG source=/tmp/isucon14/bench/benchmarker/scenario/scenario.go:315 msg=時間経過 tick=1140
time=19:09:58.899 level=DEBUG source=/tmp/isucon14/bench/benchmarker/scenario/scenario.go:317 msg=eval reqs=47 score="[7 12 20 7 1]" criteria="[5 4 33 35]"
time=19:10:00.699 level=DEBUG source=/tmp/isucon14/bench/benchmarker/scenario/scenario.go:315 msg=時間経過 tick=1200
time=19:10:00.699 level=DEBUG source=/tmp/isucon14/bench/benchmarker/scenario/scenario.go:317 msg=eval reqs=49 score="[9 12 20 7 1]" criteria="[5 4 33 35]"
time=19:10:02.499 level=INFO msg=これまでに地域内の評判によって41人、既存ユーザーの招待経由で8人が新規登録しました
time=19:10:02.499 level=INFO msg=これまでに低評価なライドによって15人が利用をやめました
time=19:10:02.499 level=INFO msg=89.8%のライドは椅子がマッチされるまでの時間、91.8%のライドはマッチされた椅子が乗車地点までに掛かる時間、30.6%のライドは椅子の実移動時間に不満がありました
time=19:10:02.499 level=DEBUG source=/tmp/isucon14/bench/benchmarker/scenario/scenario.go:315 msg=時間経過 tick=1260
time=19:10:02.499 level=DEBUG source=/tmp/isucon14/bench/benchmarker/scenario/scenario.go:317 msg=eval reqs=49 score="[9 12 20 7 1]" criteria="[5 4 33 35]"
time=19:10:02.570 level=INFO msg=一定の売上が立ったためオーナーの椅子が増加します 名前=風座プロダクツ 増加数=1
time=19:10:04.300 level=DEBUG source=/tmp/isucon14/bench/benchmarker/scenario/scenario.go:315 msg=時間経過 tick=1320
time=19:10:04.301 level=DEBUG source=/tmp/isucon14/bench/benchmarker/scenario/scenario.go:317 msg=eval reqs=50 score="[10 12 20 7 1]" criteria="[5 4 33 35]"
time=19:10:04.348 level=INFO msg=一定の売上が立ったためオーナーの椅子が増加します 名前=レトロ椅子館 増加数=1
time=19:10:06.100 level=DEBUG source=/tmp/isucon14/bench/benchmarker/scenario/scenario.go:315 msg=時間経過 tick=1380
time=19:10:06.100 level=DEBUG source=/tmp/isucon14/bench/benchmarker/scenario/scenario.go:317 msg=eval reqs=52 score="[12 12 20 7 1]" criteria="[5 4 33 35]"
time=19:10:06.184 level=INFO msg=一定の売上が立ったためオーナーの椅子が増加します 名前=風座プロダクツ 増加数=1
time=19:10:07.900 level=DEBUG source=/tmp/isucon14/bench/benchmarker/scenario/scenario.go:315 msg=時間経過 tick=1440
time=19:10:07.900 level=DEBUG source=/tmp/isucon14/bench/benchmarker/scenario/scenario.go:317 msg=eval reqs=54 score="[13 13 20 7 1]" criteria="[5 4 33 36]"
time=19:10:07.900 level=INFO msg=これまでに地域内の評判によって47人、既存ユーザーの招待経由で8人が新規登録しました
time=19:10:07.900 level=INFO msg=これまでに低評価なライドによって18人が利用をやめました
time=19:10:07.900 level=INFO msg=90.7%のライドは椅子がマッチされるまでの時間、92.6%のライドはマッチされた椅子が乗車地点までに掛かる時間、36.1%のライドは椅子の実移動時間に不満がありました
time=19:10:07.927 level=INFO msg=一定の売上が立ったためオーナーの椅子が増加します 名前="Chair Charm" 増加数=1
time=19:10:09.699 level=DEBUG source=/tmp/isucon14/bench/benchmarker/scenario/scenario.go:315 msg=時間経過 tick=1500
time=19:10:09.699 level=DEBUG source=/tmp/isucon14/bench/benchmarker/scenario/scenario.go:317 msg=eval reqs=56 score="[13 14 21 7 1]" criteria="[5 5 34 37]"
time=19:10:11.499 level=DEBUG source=/tmp/isucon14/bench/benchmarker/scenario/scenario.go:315 msg=時間経過 tick=1560
time=19:10:11.500 level=DEBUG source=/tmp/isucon14/bench/benchmarker/scenario/scenario.go:317 msg=eval reqs=61 score="[18 14 21 7 1]" criteria="[5 5 34 37]"
time=19:10:11.557 level=INFO msg=一定の売上が立ったためオーナーの椅子が増加します 名前=レトロ椅子館 増加数=1
time=19:10:11.560 level=INFO msg=一定の売上が立ったためオーナーの椅子が増加します 名前=風座プロダクツ 増加数=2
time=19:10:13.300 level=INFO msg=これまでに地域内の評判によって53人、既存ユーザーの招待経由で8人が新規登録しました
time=19:10:13.300 level=INFO msg=これまでに低評価なライドによって23人が利用をやめました
time=19:10:13.300 level=INFO msg=91.8%のライドは椅子がマッチされるまでの時間、91.8%のライドはマッチされた椅子が乗車地点までに掛かる時間、41.8%のライドは椅子の実移動時間に不満がありました
time=19:10:13.300 level=DEBUG source=/tmp/isucon14/bench/benchmarker/scenario/scenario.go:315 msg=時間経過 tick=1620
time=19:10:13.300 level=DEBUG source=/tmp/isucon14/bench/benchmarker/scenario/scenario.go:317 msg=eval reqs=61 score="[18 14 21 7 1]" criteria="[5 5 34 37]"
time=19:10:15.099 level=DEBUG source=/tmp/isucon14/bench/benchmarker/scenario/scenario.go:315 msg=時間経過 tick=1680
time=19:10:15.099 level=DEBUG source=/tmp/isucon14/bench/benchmarker/scenario/scenario.go:317 msg=eval reqs=67 score="[24 14 21 7 1]" criteria="[5 5 34 37]"
time=19:10:15.139 level=INFO msg=一定の売上が立ったためオーナーの椅子が増加します 名前=座心工房 増加数=1
time=19:10:16.900 level=DEBUG source=/tmp/isucon14/bench/benchmarker/scenario/scenario.go:315 msg=時間経過 tick=1740
time=19:10:16.900 level=DEBUG source=/tmp/isucon14/bench/benchmarker/scenario/scenario.go:317 msg=eval reqs=72 score="[27 15 22 7 1]" criteria="[5 6 34 39]"
time=19:10:16.946 level=INFO msg=一定の売上が立ったためオーナーの椅子が増加します 名前=レトロ椅子館 増加数=1
time=19:10:16.957 level=INFO msg=一定の売上が立ったためオーナーの椅子が増加します 名前=ComfortWorks 増加数=1
time=19:10:18.700 level=DEBUG source=/tmp/isucon14/bench/benchmarker/scenario/scenario.go:315 msg=時間経過 tick=1800
time=19:10:18.700 level=DEBUG source=/tmp/isucon14/bench/benchmarker/scenario/scenario.go:317 msg=eval reqs=73 score="[28 15 22 7 1]" criteria="[5 6 34 39]"
time=19:10:18.700 level=INFO msg=これまでに地域内の評判によって59人、既存ユーザーの招待経由で8人が新規登録しました
time=19:10:18.700 level=INFO msg=これまでに低評価なライドによって34人が利用をやめました
time=19:10:18.700 level=INFO msg=93.2%のライドは椅子がマッチされるまでの時間、91.8%のライドはマッチされた椅子が乗車地点までに掛かる時間、50.0%のライドは椅子の実移動時間に不満がありました
time=19:10:20.500 level=DEBUG source=/tmp/isucon14/bench/benchmarker/scenario/scenario.go:315 msg=時間経過 tick=1860
time=19:10:20.500 level=DEBUG source=/tmp/isucon14/bench/benchmarker/scenario/scenario.go:317 msg=eval reqs=75 score="[28 17 22 7 1]" criteria="[5 7 34 40]"
time=19:10:20.514 level=INFO msg=一定の売上が立ったためオーナーの椅子が増加します 名前="Chair Charm" 増加数=1
time=19:10:22.300 level=DEBUG source=/tmp/isucon14/bench/benchmarker/scenario/scenario.go:315 msg=時間経過 tick=1920
time=19:10:22.300 level=DEBUG source=/tmp/isucon14/bench/benchmarker/scenario/scenario.go:317 msg=eval reqs=76 score="[29 17 22 7 1]" criteria="[5 7 34 40]"
time=19:10:22.306 level=INFO msg=一定の売上が立ったためオーナーの椅子が増加します 名前=座心工房 増加数=1
time=19:10:24.100 level=DEBUG source=/tmp/isucon14/bench/benchmarker/scenario/scenario.go:315 msg=時間経過 tick=1980
time=19:10:24.100 level=DEBUG source=/tmp/isucon14/bench/benchmarker/scenario/scenario.go:317 msg=eval reqs=77 score="[30 17 22 7 1]" criteria="[5 7 34 40]"
time=19:10:24.100 level=INFO msg=これまでに地域内の評判によって65人、既存ユーザーの招待経由で8人が新規登録しました
time=19:10:24.100 level=INFO msg=これまでに低評価なライドによって37人が利用をやめました
time=19:10:24.100 level=INFO msg=93.5%のライドは椅子がマッチされるまでの時間、90.9%のライドはマッチされた椅子が乗車地点までに掛かる時間、51.9%のライドは椅子の実移動時間に不満がありました
time=19:10:24.156 level=INFO msg=一定の売上が立ったためオーナーの椅子が増加します 名前=レトロ椅子館 増加数=1
time=19:10:29.701 level=INFO msg=最終地域情報 名前=チェアタウン ユーザー登録数=43 アクティブユーザー数=25
time=19:10:29.702 level=INFO msg=最終地域情報 名前=コシカケシティ ユーザー登録数=42 アクティブユーザー数=21
time=19:10:29.702 level=INFO msg=最終オーナー情報 名前=座心工房 売上=63400 椅子数=8
time=19:10:29.702 level=INFO msg=最終オーナー情報 名前="Chair Charm" 売上=58200 椅子数=7
time=19:10:29.702 level=INFO msg=最終オーナー情報 名前=ComfortWorks 売上=61900 椅子数=8
time=19:10:29.702 level=INFO msg=最終オーナー情報 名前=レトロ椅子館 売上=139600 椅子数=12
time=19:10:29.702 level=INFO msg=最終オーナー情報 名前=風座プロダクツ 売上=138000 椅子数=12
time=19:10:29.702 level=INFO msg=93.7%のライドは椅子がマッチされるまでの時間、91.1%のライドはマッチされた椅子が乗車地点までに掛かる時間、53.2%のライドは椅子の実移動時間に不満がありました
time=19:10:29.702 level=INFO msg=結果 pass=true スコア=8061 種別エラー数=map[]
time=19:10:29.702 level=INFO msg=負荷走行が終了しました
