2026-09-26T10:09:22+00:00
COMMAND         %CPU   RSS
mysqld          53.7 1035408
sshd            23.5  8960
nginx            1.9  9712
nginx            1.9  9696
systemd-journal  1.4 275268
jbd2/sda1-8      0.8     0
rsyslogd         0.7  5532
rcu_preempt      0.3     0
kworker/0:1H-kb  0.2     0
2026-09-26T10:09:24+00:00
COMMAND         %CPU   RSS
mysqld          53.7 1035484
mysql            4.5 28600
bench            3.4 29680
nginx            1.9  9712
nginx            1.9  9696
sshd             1.8  8960
systemd-journal  1.4 275268
gzip             0.9  1524
jbd2/sda1-8      0.8     0
2026-09-26T10:09:26+00:00
COMMAND         %CPU   RSS
mysqld          53.7 1036744
bench            7.4 50148
nginx            1.9  9712
nginx            1.9  9696
systemd-journal  1.4 275816
isuride          1.0 15144
sshd             0.9  8960
jbd2/sda1-8      0.8     0
rsyslogd         0.7  5532
2026-09-26T10:09:28+00:00
COMMAND         %CPU   RSS
mysqld          53.7 1037108
bench            8.4 52220
isuride          2.2 15444
nginx            1.9  9696
nginx            1.9  9712
systemd-journal  1.4 278184
jbd2/sda1-8      0.8     0
rsyslogd         0.7  5532
sshd             0.6  8960
2026-09-26T10:09:30+00:00
COMMAND         %CPU   RSS
mysqld          53.7 1037620
bench            9.1 59000
isuride          3.3 15484
nginx            1.9  9696
nginx            1.9  9712
systemd-journal  1.4 281516
jbd2/sda1-8      0.8     0
rsyslogd         0.7  5532
sshd             0.4  8960
2026-09-26T10:09:32+00:00
COMMAND         %CPU   RSS
mysqld          53.8 1038308
bench            9.7 62020
isuride          4.5 16796
nginx            1.9  9712
nginx            1.9  9696
systemd-journal  1.4 283112
jbd2/sda1-8      0.8     0
rsyslogd         0.7  5532
sshd             0.3  8960
2026-09-26T10:09:34+00:00
COMMAND         %CPU   RSS
mysqld          53.8 1039420
bench           10.1 68324
isuride          5.6 16308
nginx            1.9  9712
nginx            1.9  9696
systemd-journal  1.4 284336
jbd2/sda1-8      0.8     0
rsyslogd         0.7  5532
sshd             0.3  8960
2026-09-26T10:09:36+00:00
COMMAND         %CPU   RSS
mysqld          53.8 1040768
bench           10.5 71760
isuride          6.6 16248
nginx            1.9  9712
nginx            1.9  9696
systemd-journal  1.4 287076
jbd2/sda1-8      0.8     0
rsyslogd         0.7  5532
rcu_preempt      0.3     0
2026-09-26T10:09:38+00:00
COMMAND         %CPU   RSS
mysqld          53.8 1042592
bench           11.0 76140
isuride          7.5 16852
nginx            1.9  9712
nginx            1.9  9696
systemd-journal  1.4 290772
jbd2/sda1-8      0.8     0
rsyslogd         0.7  5532
rcu_preempt      0.3     0
2026-09-26T10:09:40+00:00
COMMAND         %CPU   RSS
mysqld          53.9 1045156
curl            25.0 12304
bench           11.3 81112
isuride          8.4 17124
nginx            1.9  9712
nginx            1.9  9696
systemd-journal  1.4 292232
jbd2/sda1-8      0.8     0
rsyslogd         0.7  5532
2026-09-26T10:09:42+00:00
COMMAND         %CPU   RSS
mysqld          53.9 1048948
bench           11.4 85352
isuride          9.1 17072
nginx            1.9  9712
nginx            1.9  9696
systemd-journal  1.4 293572
jbd2/sda1-8      0.8     0
rsyslogd         0.7  5532
rcu_preempt      0.3     0
2026-09-26T10:09:44+00:00
COMMAND         %CPU   RSS
mysqld          54.0 1052036
bench           11.7 92124
isuride          9.8 17068
nginx            1.9  9712
nginx            1.9  9696
systemd-journal  1.4 297804
jbd2/sda1-8      0.8     0
rsyslogd         0.7  5532
rcu_preempt      0.3     0
2026-09-26T10:09:46+00:00
COMMAND         %CPU   RSS
mysqld          54.0 1054728
bench           11.9 96820
isuride         10.3 17416
nginx            1.9  9712
nginx            1.9  9696
systemd-journal  1.4 300496
jbd2/sda1-8      0.8     0
rsyslogd         0.7  5532
rcu_preempt      0.3     0
2026-09-26T10:09:48+00:00
COMMAND         %CPU   RSS
mysqld          54.0 1057768
bench           12.2 103120
isuride         11.0 17484
nginx            1.9  9712
nginx            1.9  9696
systemd-journal  1.4 302132
jbd2/sda1-8      0.8     0
rsyslogd         0.7  5532
rcu_preempt      0.3     0
2026-09-26T10:09:50+00:00
COMMAND         %CPU   RSS
mysqld          54.1 1060532
bench           12.3 107352
isuride         11.5 17976
nginx            1.9  9712
nginx            1.9  9696
systemd-journal  1.4 306168
jbd2/sda1-8      0.8     0
rsyslogd         0.7  5532
rcu_preempt      0.3     0
2026-09-26T10:09:52+00:00
COMMAND         %CPU   RSS
mysqld          54.1 1062500
bench           12.4 110448
isuride         12.0 18556
nginx            1.9  9712
nginx            1.9  9696
systemd-journal  1.5 307308
jbd2/sda1-8      0.8     0
rsyslogd         0.7  5532
rcu_preempt      0.3     0
2026-09-26T10:09:54+00:00
COMMAND         %CPU   RSS
mysqld          54.2 1062804
bench           12.5 113020
isuride         12.4 18292
nginx            1.9  9712
nginx            1.9  9696
systemd-journal  1.5 307308
jbd2/sda1-8      0.8     0
rsyslogd         0.7  5532
rcu_preempt      0.3     0
2026-09-26T10:09:56+00:00
COMMAND         %CPU   RSS
mysqld          54.2 1060424
isuride         12.8 18668
bench           12.6 118624
nginx            1.9  9712
nginx            1.9  9696
systemd-journal  1.5 307308
jbd2/sda1-8      0.8     0
rsyslogd         0.7  5532
rcu_preempt      0.3     0
2026-09-26T10:09:58+00:00
COMMAND         %CPU   RSS
mysqld          54.2 1066104
isuride         13.1 18420
bench           12.6 119948
nginx            1.9  9712
nginx            1.9  9696
systemd-journal  1.5 308340
jbd2/sda1-8      0.8     0
rsyslogd         0.7  5532
rcu_preempt      0.3     0
2026-09-26T10:10:00+00:00
COMMAND         %CPU   RSS
mysqld          54.3 1064832
isuride         13.5 19196
bench           12.7 123044
nginx            1.9  9712
nginx            1.9  9696
systemd-journal  1.5 165872
jbd2/sda1-8      0.8     0
rsyslogd         0.7  5636
rcu_preempt      0.3     0
2026-09-26T10:10:02+00:00
COMMAND         %CPU   RSS
mysqld          54.3 1059128
isuride         13.8 18584
bench           12.8 127180
nginx            1.9  9712
nginx            1.9  9696
systemd-journal  1.5 167404
jbd2/sda1-8      0.8     0
rsyslogd         0.7  5636
rcu_preempt      0.3     0
2026-09-26T10:10:04+00:00
COMMAND         %CPU   RSS
mysqld          54.4 1055732
curl            50.0 12064
isuride         14.1 19104
bench           12.8 127188
nginx            1.9  9712
nginx            1.9  9696
systemd-journal  1.5 168820
jbd2/sda1-8      0.8     0
rsyslogd         0.7  5636
2026-09-26T10:10:06+00:00
COMMAND         %CPU   RSS
mysqld          54.4 1050192
isuride         14.4 19404
bench           12.8 132660
nginx            1.9  9712
nginx            1.9  9696
systemd-journal  1.5 172756
jbd2/sda1-8      0.8     0
rsyslogd         0.7  5636
rcu_preempt      0.3     0
2026-09-26T10:10:08+00:00
COMMAND         %CPU   RSS
mysqld          54.4 1048692
isuride         14.7 20096
bench           12.9 138636
nginx            1.9  9712
nginx            1.9  9696
systemd-journal  1.5 175228
jbd2/sda1-8      0.8     0
rsyslogd         0.7  5636
rcu_preempt      0.3     0
2026-09-26T10:10:10+00:00
COMMAND         %CPU   RSS
mysqld          54.5 1045800
isuride         14.9 20808
bench           12.9 138656
nginx            1.9  9712
nginx            1.9  9696
systemd-journal  1.5 176620
jbd2/sda1-8      0.8     0
rsyslogd         0.7  5636
rcu_preempt      0.3     0
2026-09-26T10:10:12+00:00
COMMAND         %CPU   RSS
mysqld          54.5 1044372
isuride         15.1 20036
bench           12.9 140732
nginx            1.9  9712
nginx            1.9  9696
systemd-journal  1.5 180356
jbd2/sda1-8      0.8     0
rsyslogd         0.7  5636
rcu_preempt      0.3     0
2026-09-26T10:10:14+00:00
COMMAND         %CPU   RSS
mysqld          54.6 1047852
isuride         15.3 20960
bench           13.0 148020
nginx            1.9  9720
nginx            1.9  9700
systemd-journal  1.5 182084
jbd2/sda1-8      0.8     0
rsyslogd         0.7  5636
rcu_preempt      0.3     0
2026-09-26T10:10:16+00:00
COMMAND         %CPU   RSS
mysqld          54.6 1048104
isuride         15.5 21460
bench           13.0 148072
nginx            1.9  9748
nginx            1.9  9712
systemd-journal  1.5 183420
jbd2/sda1-8      0.8     0
rsyslogd         0.7  5636
rcu_preempt      0.3     0
2026-09-26T10:10:18+00:00
COMMAND         %CPU   RSS
mysqld          54.7 1051168
isuride         15.7 19608
bench           13.0 154380
nginx            1.9  9748
nginx            1.9  9756
systemd-journal  1.5 186504
jbd2/sda1-8      0.8     0
rsyslogd         0.7  5636
rcu_preempt      0.3     0
2026-09-26T10:10:20+00:00
COMMAND         %CPU   RSS
mysqld          54.7 1047368
isuride         15.9 19884
bench           13.1 154384
nginx            1.9  9772
nginx            1.9  9780
systemd-journal  1.5 190508
jbd2/sda1-8      0.8     0
rsyslogd         0.7  5636
rcu_preempt      0.3     0
2026-09-26T10:10:22+00:00
COMMAND         %CPU   RSS
mysqld          54.7 1044856
isuride         16.1 20736
bench           13.1 161704
nginx            1.9  9840
nginx            1.9  9788
systemd-journal  1.5 190508
jbd2/sda1-8      0.8     0
rsyslogd         0.7  5636
rcu_preempt      0.3     0
2026-09-26T10:10:24+00:00
COMMAND         %CPU   RSS
mysqld          54.8 1042972
curl            33.3 12292
isuride         16.2 21096
bench           13.0 161724
nginx            1.9  9872
nginx            1.9  9788
systemd-journal  1.5 190508
jbd2/sda1-8      0.8     0
rsyslogd         0.7  5636
2026-09-26T10:10:26+00:00
COMMAND         %CPU   RSS
mysqld          54.8 1039972
isuride         16.4 18956
bench           13.0 166440
nginx            1.9  9872
nginx            1.9  9788
systemd-journal  1.5 190508
jbd2/sda1-8      0.8     0
rsyslogd         0.7  5636
rcu_preempt      0.3     0
2026-09-26T10:10:28+00:00
COMMAND         %CPU   RSS
mysqld          54.9 1040016
isuride         16.6 19072
bench           13.0 168140
nginx            1.9  9872
nginx            1.9  9788
systemd-journal  1.5 192236
jbd2/sda1-8      0.8     0
rsyslogd         0.7  5636
rcu_preempt      0.3     0
