procs -----------memory---------- ---swap-- -----io---- -system-- -------cpu------- -----timestamp-----
 r  b   swpd   free   buff  cache   si   so    bi    bo   in   cs us sy id wa st gu                 UTC
 2  0      0 245444  89128 2458184    0    0   155  7052 7551  135 30 12 57  1  0  0 2026-09-26 10:09:22
 6  0      0 241380  89128 2434140    0    0     0 11376 6111 10397 22 14 45 19  0  0 2026-09-26 10:09:23
 1  0      0 240556  89128 2448184    0    0     0 20884 4003 7121 41 10 41  7  0  0 2026-09-26 10:09:24
18  0      0 220356  89128 2461028    0    0     0 21956 12753 28559 56 16 21  7  0  0 2026-09-26 10:09:25
 2  0      0 214560  89128 2462928    0    0     0  5500 16810 48447 49 14 36  1  0  0 2026-09-26 10:09:26
 6  0      0 212040  89128 2463668    0    0     0  6864 22469 60602 38 14 46  2  0  0 2026-09-26 10:09:27
 3  0      0 212040  89128 2464428    0    0     0  9720 22202 64754 47 15 37  2  0  0 2026-09-26 10:09:28
12  0      0 208036  89128 2465384    0    0     0 10276 22481 69632 53 19 27  2  0  0 2026-09-26 10:09:29
15  0      0 206788  89128 2466344    0    0     0  8908 20217 62399 50 17 31  2  0  0 2026-09-26 10:09:30
16  1      0 202944  89128 2467356    0    0     0 10364 20553 68912 53 20 26  2  0  0 2026-09-26 10:09:31
 6  0      0 197696  89128 2468328    0    0     0 10992 20001 69302 55 21 23  1  0  0 2026-09-26 10:09:32
13  0      0 189884  89128 2469812    0    0     0 33608 19385 66478 58 21 19  1  0  0 2026-09-26 10:09:33
 6  0      0 183612  89128 2470916    0    0     0 12864 19862 70343 60 22 16  2  0  0 2026-09-26 10:09:34
 7  0      0 181596  89128 2472024    0    0     0 15300 19457 69039 59 23 16  2  0  0 2026-09-26 10:09:35
10  0      0 176304  89128 2473200    0    0     0 13892 20135 66537 64 23 12  2  0  0 2026-09-26 10:09:36
23  1      0 168996  89128 2474344    0    0     0 12816 18613 64379 62 25 12  1  0  0 2026-09-26 10:09:37
 5  0      0 165216  89128 2475744    0    0     0 17812 18635 69191 67 25  7  1  0  0 2026-09-26 10:09:38
19  0      0 160232  89128 2477088    0    0     0 13824 18956 70351 62 23 14  1  0  0 2026-09-26 10:09:39
12  0      0 154968  89128 2478376    0    0     0 16204 18044 65430 68 25  6  1  0  0 2026-09-26 10:09:40
15  1      0 146156  89128 2480828    0    0     0 17040 19257 67708 66 23 10  2  0  0 2026-09-26 10:09:41
10  0      0 143384  89128 2481996    0    0     0 15188 16675 58920 72 25  3  0  0  0 2026-09-26 10:09:42
procs -----------memory---------- ---swap-- -----io---- -system-- -------cpu------- -----timestamp-----
 r  b   swpd   free   buff  cache   si   so    bi    bo   in   cs us sy id wa st gu                 UTC
19  0      0 139132  89128 2483184    0    0     0 37632 18833 67227 66 25  8  1  0  0 2026-09-26 10:09:43
 0  1      0 130340  89128 2484596    0    0     0 15340 17593 62108 69 24  6  1  0  0 2026-09-26 10:09:44
15  0      0 127812  89128 2485872    0    0     0 17240 17738 61691 71 25  4  1  0  0 2026-09-26 10:09:45
21  1      0 119340  89128 2487836    0    0     0 14500 18800 70000 69 25  6  1  0  0 2026-09-26 10:09:46
26  0      0 120692  89128 2489292    0    0     0 15900 18626 68589 70 27  3  0  0  0 2026-09-26 10:09:47
17  0      0 104828  89128 2491576    0    0     0 29348 17985 66669 69 27  3  1  0  0 2026-09-26 10:09:48
30  0      0  99744  89128 2494364    0    0     0 31168 18137 62435 69 27  3  1  0  0 2026-09-26 10:09:49
11  0      0  90448  89128 2495876    0    0     0 16652 17948 63015 68 26  5  1  0  0 2026-09-26 10:09:50
31  0      0 141956  82592 2461396    0    0     0 13380 15655 55102 66 29  5  1  0  0 2026-09-26 10:09:51
10  0      0 136428  82592 2462264    0    0     0 15316 17044 62030 64 28  7  2  0  0 2026-09-26 10:09:52
 4  1      0 133376  82592 2462952    0    0     0 14256 17116 57853 69 24  5  2  0  0 2026-09-26 10:09:53
18  1      0 129120  82592 2463624    0    0     0 16672 18439 64891 68 23  8  2  0  0 2026-09-26 10:09:54
18  0      0 130964  82592 2464340    0    0     0 13404 16749 63319 68 25  6  1  0  0 2026-09-26 10:09:55
34  0      0 129148  82592 2465044    0    0     0 17160 17398 62919 72 24  4  1  0  0 2026-09-26 10:09:56
35  0      0 122304  82592 2465668    0    0     0 13348 16033 57054 73 25  3  0  0  0 2026-09-26 10:09:57
49  1      0 113668  82592 2466880    0    0     0 14132 16550 55596 77 22  1  0  0  0 2026-09-26 10:09:58
11  0      0 115364  82592 2468240    0    0     0 15272 17910 62349 65 28  5  1  0  0 2026-09-26 10:09:59
13  0      0  98492  82592 2480348    0    0     0 14480 15112 48466 65 32  3  0  0  0 2026-09-26 10:10:00
19  1      0 105796  82592 2481692    0    0     0 37012 16751 57749 64 31  4  2  0  0 2026-09-26 10:10:01
14  1      0  98204  82592 2483532    0    0     0 16584 16011 54511 69 27  4  1  0  0 2026-09-26 10:10:02
53  0      0 101716  82592 2484772    0    0     0 16456 19191 62497 65 24  8  2  0  0 2026-09-26 10:10:03
procs -----------memory---------- ---swap-- -----io---- -system-- -------cpu------- -----timestamp-----
 r  b   swpd   free   buff  cache   si   so    bi    bo   in   cs us sy id wa st gu                 UTC
 8  0      0  94952  82592 2487052    0    0     0 21612 17786 57176 71 25  3  1  0  0 2026-09-26 10:10:04
25  0      0  89604  82592 2488392    0    0     0 17356 16238 54964 69 27  3  1  0  0 2026-09-26 10:10:05
23  0      0  91880  82592 2491380    0    0     0 18540 17523 59851 68 26  5  2  0  0 2026-09-26 10:10:06
21  0      0  85736  82592 2492760    0    0     0 16944 17647 58379 70 24  4  2  0  0 2026-09-26 10:10:07
14  1      0  84952  82596 2493924    0    0     0 15764 15708 53773 70 26  4  1  0  0 2026-09-26 10:10:08
44  0      0 133260  78252 2454756    0    0     0 15008 16287 53517 67 26  4  3  0  0 2026-09-26 10:10:09
23  0      0 131712  78252 2455884    0    0     0 17344 17877 57182 70 27  3  1  0  0 2026-09-26 10:10:10
16  1      0 123684  78296 2457104    0    0    44 19176 15853 51881 73 23  4  1  0  0 2026-09-26 10:10:11
 7  0      0 127508  78296 2459616    0    0     0 18248 16187 57939 69 28  3  1  0  0 2026-09-26 10:10:12
15  0      0 122360  78296 2460876    0    0     0 16360 17793 58156 72 23  4  1  0  0 2026-09-26 10:10:13
24  0      0 119032  78300 2462184    0    0     0 36296 15357 57456 71 26  3  1  0  0 2026-09-26 10:10:14
15  0      0 118868  78300 2463632    0    0     0 16712 15085 52985 71 26  3  1  0  0 2026-09-26 10:10:15
18  0      0 109856  78300 2464860    0    0     0 16204 15008 51275 72 24  3  1  0  0 2026-09-26 10:10:16
42  0      0 101080  78300 2465936    0    0     0 14500 14560 48690 70 28  1  1  0  0 2026-09-26 10:10:17
28  0      0  92008  78300 2467448    0    0     0 15072 15768 53317 76 23  1  0  0  0 2026-09-26 10:10:18
 5  0      0  92960  78300 2471452    0    0     0 20524 16285 58835 69 25  5  1  0  0 2026-09-26 10:10:19
21  0      0 112512  77904 2458736    0    0     0 13964 15500 51750 73 24  3  1  0  0 2026-09-26 10:10:20
 7  0      0 109308  77904 2459588    0    0     0 15700 17774 60741 71 24  4  1  0  0 2026-09-26 10:10:21
14  0      0  97140  77904 2460472    0    0     4 15760 16656 54581 72 24  3  1  0  0 2026-09-26 10:10:22
24  0      0 104380  77904 2461236    0    0     0 16264 15879 56242 72 24  3  1  0  0 2026-09-26 10:10:23
15  0      0 101520  77904 2461988    0    0     0 15348 13900 48178 73 25  2  1  0  0 2026-09-26 10:10:24
procs -----------memory---------- ---swap-- -----io---- -system-- -------cpu------- -----timestamp-----
 r  b   swpd   free   buff  cache   si   so    bi    bo   in   cs us sy id wa st gu                 UTC
27  0      0  98796  77904 2462756    0    0     0 10356 17383 58617 73 22  5  1  0  0 2026-09-26 10:10:25
 8  0      0 101092  77904 2463572    0    0     0  4824 15706 64815 76 15  9  0  0  0 2026-09-26 10:10:26
 8  0      0  98592  77904 2464476    0    0     0   944 16690 69695 72 18 10  0  0  0 2026-09-26 10:10:27
14  0      0  95228  77904 2466028    0    0     0   952 15611 65354 74 17  9  0  0  0 2026-09-26 10:10:28
17  0      0  83504  77904 2467472    0    0     0   908 16246 62864 72 17 11  0  0  0 2026-09-26 10:10:29
