time=19:38:48.004 level=INFO msg=負荷走行を開始します
time=19:38:48.004 level=DEBUG source=/tmp/isucon14/bench/cmd/run.go:90 msg=target targetURL=https://isuride.xiv.isucon.net targetAddr=127.0.0.1:443 benchrun.GetTargetAddress()="" paymentURL=http://127.0.0.1:12346
time=19:38:50.775 level=DEBUG source=/tmp/isucon14/bench/benchmarker/scenario/scenario.go:315 msg=時間経過 tick=60
time=19:38:50.775 level=DEBUG source=/tmp/isucon14/bench/benchmarker/scenario/scenario.go:317 msg=eval reqs=1 score="[0 0 0 1 0]" criteria="[1 0 1 1]"
time=19:38:52.555 level=INFO msg=一定の売上が立ったためオーナーの椅子が増加します 名前=快旅タクシー 増加数=1
time=19:38:52.575 level=DEBUG source=/tmp/isucon14/bench/benchmarker/scenario/scenario.go:315 msg=時間経過 tick=120
time=19:38:52.575 level=DEBUG source=/tmp/isucon14/bench/benchmarker/scenario/scenario.go:317 msg=eval reqs=7 score="[0 0 0 7 0]" criteria="[7 0 7 7]"
time=19:38:54.360 level=INFO msg=一定の売上が立ったためオーナーの椅子が増加します 名前=ChairCycle 増加数=1
time=19:38:54.363 level=INFO msg=一定の売上が立ったためオーナーの椅子が増加します 名前="Vintage Vibe Seats" 増加数=1
time=19:38:54.363 level=INFO msg=一定の売上が立ったためオーナーの椅子が増加します 名前=SwiftCab 増加数=1
time=19:38:54.375 level=INFO msg=これまでに地域内の評判によって4人、既存ユーザーの招待経由で16人が新規登録しました
time=19:38:54.375 level=INFO msg=0.0%のライドは椅子がマッチされるまでの時間、94.1%のライドはマッチされた椅子が乗車地点までに掛かる時間、0.0%のライドは椅子の実移動時間に不満がありました
time=19:38:54.375 level=DEBUG source=/tmp/isucon14/bench/benchmarker/scenario/scenario.go:315 msg=時間経過 tick=180
time=19:38:54.375 level=DEBUG source=/tmp/isucon14/bench/benchmarker/scenario/scenario.go:317 msg=eval reqs=17 score="[0 0 0 16 1]" criteria="[17 1 17 17]"
time=19:38:56.163 level=INFO msg=一定の売上が立ったためオーナーの椅子が増加します 名前="Vintage Vibe Seats" 増加数=1
time=19:38:56.175 level=DEBUG source=/tmp/isucon14/bench/benchmarker/scenario/scenario.go:315 msg=時間経過 tick=240
time=19:38:56.175 level=DEBUG source=/tmp/isucon14/bench/benchmarker/scenario/scenario.go:317 msg=eval reqs=21 score="[0 0 0 20 1]" criteria="[21 1 21 21]"
time=19:38:57.959 level=INFO msg=一定の売上が立ったためオーナーの椅子が増加します 名前="Vintage Vibe Seats" 増加数=1
time=19:38:57.975 level=DEBUG source=/tmp/isucon14/bench/benchmarker/scenario/scenario.go:315 msg=時間経過 tick=300
time=19:38:57.975 level=DEBUG source=/tmp/isucon14/bench/benchmarker/scenario/scenario.go:317 msg=eval reqs=25 score="[0 0 1 21 3]" criteria="[25 3 25 24]"
time=19:38:59.775 level=INFO msg=これまでに地域内の評判によって13人、既存ユーザーの招待経由で30人が新規登録しました
time=19:38:59.775 level=INFO msg=これまでに低評価なライドによって1人が利用をやめました
time=19:38:59.775 level=INFO msg=0.0%のライドは椅子がマッチされるまでの時間、87.9%のライドはマッチされた椅子が乗車地点までに掛かる時間、7.6%のライドは椅子の実移動時間に不満がありました
time=19:38:59.775 level=DEBUG source=/tmp/isucon14/bench/benchmarker/scenario/scenario.go:315 msg=時間経過 tick=360
time=19:38:59.775 level=DEBUG source=/tmp/isucon14/bench/benchmarker/scenario/scenario.go:317 msg=eval reqs=33 score="[0 1 2 27 3]" criteria="[33 4 32 29]"
time=19:38:59.785 level=INFO msg=一定の売上が立ったためオーナーの椅子が増加します 名前=ChairCycle 増加数=1
time=19:38:59.787 level=INFO msg=一定の売上が立ったためオーナーの椅子が増加します 名前=SwiftCab 増加数=1
time=19:38:59.789 level=INFO msg=一定の売上が立ったためオーナーの椅子が増加します 名前="Vintage Vibe Seats" 増加数=1
time=19:39:01.574 level=INFO msg=一定の売上が立ったためオーナーの椅子が増加します 名前=SwiftCab 増加数=1
time=19:39:01.576 level=DEBUG source=/tmp/isucon14/bench/benchmarker/scenario/scenario.go:315 msg=時間経過 tick=420
time=19:39:01.576 level=DEBUG source=/tmp/isucon14/bench/benchmarker/scenario/scenario.go:317 msg=eval reqs=37 score="[0 3 4 27 3]" criteria="[35 5 35 29]"
time=19:39:03.375 level=DEBUG source=/tmp/isucon14/bench/benchmarker/scenario/scenario.go:315 msg=時間経過 tick=480
time=19:39:03.375 level=DEBUG source=/tmp/isucon14/bench/benchmarker/scenario/scenario.go:317 msg=eval reqs=48 score="[0 6 11 28 3]" criteria="[44 6 41 33]"
time=19:39:03.376 level=INFO msg=一定の売上が立ったためオーナーの椅子が増加します 名前="Vintage Vibe Seats" 増加数=2
time=19:39:03.402 level=INFO msg=一定の売上が立ったためオーナーの椅子が増加します 名前="Artisan Seats" 増加数=1
time=19:39:03.429 level=INFO msg=一定の売上が立ったためオーナーの椅子が増加します 名前=ChairCycle 増加数=1
time=19:39:05.175 level=INFO msg=これまでに地域内の評判によって22人、既存ユーザーの招待経由で35人が新規登録しました
time=19:39:05.175 level=DEBUG source=/tmp/isucon14/bench/benchmarker/scenario/scenario.go:315 msg=時間経過 tick=540
time=19:39:05.175 level=DEBUG source=/tmp/isucon14/bench/benchmarker/scenario/scenario.go:317 msg=eval reqs=60 score="[2 8 15 32 3]" criteria="[47 9 50 40]"
time=19:39:05.175 level=INFO msg=これまでに低評価なライドによって8人が利用をやめました
time=19:39:05.175 level=INFO msg=23.0%のライドは椅子がマッチされるまでの時間、85.2%のライドはマッチされた椅子が乗車地点までに掛かる時間、26.2%のライドは椅子の実移動時間に不満がありました
time=19:39:05.191 level=INFO msg=一定の売上が立ったためオーナーの椅子が増加します 名前=SwiftCab 増加数=1
time=19:39:05.219 level=INFO msg=一定の売上が立ったためオーナーの椅子が増加します 名前=ChairCycle 増加数=1
time=19:39:05.235 level=INFO msg=一定の売上が立ったためオーナーの椅子が増加します 名前="Vintage Vibe Seats" 増加数=1
time=19:39:06.975 level=DEBUG source=/tmp/isucon14/bench/benchmarker/scenario/scenario.go:315 msg=時間経過 tick=600
time=19:39:06.975 level=DEBUG source=/tmp/isucon14/bench/benchmarker/scenario/scenario.go:317 msg=eval reqs=74 score="[3 18 17 32 4]" criteria="[58 11 53 42]"
time=19:39:06.995 level=INFO msg=一定の売上が立ったためオーナーの椅子が増加します 名前=快旅タクシー 増加数=2
time=19:39:06.999 level=INFO msg=一定の売上が立ったためオーナーの椅子が増加します 名前="Artisan Seats" 増加数=1
time=19:39:07.018 level=INFO msg=一定の売上が立ったためオーナーの椅子が増加します 名前="Vintage Vibe Seats" 増加数=2
time=19:39:07.024 level=INFO msg=一定の売上が立ったためオーナーの椅子が増加します 名前=ChairCycle 増加数=1
time=19:39:08.775 level=DEBUG source=/tmp/isucon14/bench/benchmarker/scenario/scenario.go:315 msg=時間経過 tick=660
time=19:39:08.775 level=DEBUG source=/tmp/isucon14/bench/benchmarker/scenario/scenario.go:317 msg=eval reqs=87 score="[10 21 20 32 4]" criteria="[63 12 55 43]"
time=19:39:08.789 level=INFO msg=一定の売上が立ったためオーナーの椅子が増加します 名前=SwiftCab 増加数=2
time=19:39:08.812 level=INFO msg=一定の売上が立ったためオーナーの椅子が増加します 名前=ChairCycle 増加数=2
time=19:39:08.815 level=INFO msg=一定の売上が立ったためオーナーの椅子が増加します 名前="Vintage Vibe Seats" 増加数=2
time=19:39:10.576 level=DEBUG source=/tmp/isucon14/bench/benchmarker/scenario/scenario.go:315 msg=時間経過 tick=720
time=19:39:10.576 level=DEBUG source=/tmp/isucon14/bench/benchmarker/scenario/scenario.go:317 msg=eval reqs=103 score="[11 31 23 34 4]" criteria="[78 14 58 45]"
time=19:39:10.576 level=INFO msg=これまでに地域内の評判によって31人、既存ユーザーの招待経由で38人が新規登録しました
time=19:39:10.576 level=INFO msg=これまでに低評価なライドによって24人が利用をやめました
time=19:39:10.576 level=INFO msg=24.3%のライドは椅子がマッチされるまでの時間、86.4%のライドはマッチされた椅子が乗車地点までに掛かる時間、50.0%のライドは椅子の実移動時間に不満がありました
time=19:39:10.596 level=INFO msg=一定の売上が立ったためオーナーの椅子が増加します 名前=SwiftCab 増加数=1
time=19:39:10.597 level=INFO msg=一定の売上が立ったためオーナーの椅子が増加します 名前=快旅タクシー 増加数=1
time=19:39:10.613 level=INFO msg=一定の売上が立ったためオーナーの椅子が増加します 名前="Vintage Vibe Seats" 増加数=2
time=19:39:12.375 level=DEBUG source=/tmp/isucon14/bench/benchmarker/scenario/scenario.go:315 msg=時間経過 tick=780
time=19:39:12.375 level=DEBUG source=/tmp/isucon14/bench/benchmarker/scenario/scenario.go:317 msg=eval reqs=118 score="[11 43 25 35 4]" criteria="[93 16 59 46]"
time=19:39:12.378 level=INFO msg=一定の売上が立ったためオーナーの椅子が増加します 名前="Artisan Seats" 増加数=1
time=19:39:12.395 level=INFO msg=一定の売上が立ったためオーナーの椅子が増加します 名前=快旅タクシー 増加数=1
time=19:39:12.402 level=INFO msg=一定の売上が立ったためオーナーの椅子が増加します 名前=ChairCycle 増加数=2
time=19:39:12.456 level=INFO msg=一定の売上が立ったためオーナーの椅子が増加します 名前=SwiftCab 増加数=1
time=19:39:12.488 level=INFO msg=一定の売上が立ったためオーナーの椅子が増加します 名前="Vintage Vibe Seats" 増加数=2
time=19:39:14.176 level=DEBUG source=/tmp/isucon14/bench/benchmarker/scenario/scenario.go:315 msg=時間経過 tick=840
time=19:39:14.176 level=DEBUG source=/tmp/isucon14/bench/benchmarker/scenario/scenario.go:317 msg=eval reqs=127 score="[11 51 25 36 4]" criteria="[102 17 60 46]"
time=19:39:14.278 level=INFO msg=一定の売上が立ったためオーナーの椅子が増加します 名前="Vintage Vibe Seats" 増加数=1
time=19:39:15.975 level=INFO msg=これまでに地域内の評判によって41人、既存ユーザーの招待経由で41人が新規登録しました
time=19:39:15.975 level=INFO msg=これまでに低評価なライドによって40人が利用をやめました
time=19:39:15.975 level=INFO msg=18.6%のライドは椅子がマッチされるまでの時間、86.4%のライドはマッチされた椅子が乗車地点までに掛かる時間、60.4%のライドは椅子の実移動時間に不満がありました
time=19:39:15.975 level=DEBUG source=/tmp/isucon14/bench/benchmarker/scenario/scenario.go:315 msg=時間経過 tick=900
time=19:39:15.975 level=DEBUG source=/tmp/isucon14/bench/benchmarker/scenario/scenario.go:317 msg=eval reqs=140 score="[12 58 28 38 4]" criteria="[114 19 62 49]"
time=19:39:16.017 level=INFO msg=一定の売上が立ったためオーナーの椅子が増加します 名前="Artisan Seats" 増加数=1
time=19:39:16.058 level=INFO msg=一定の売上が立ったためオーナーの椅子が増加します 名前=ChairCycle 増加数=1
time=19:39:16.144 level=INFO msg=一定の売上が立ったためオーナーの椅子が増加します 名前="Vintage Vibe Seats" 増加数=1
time=19:39:16.144 level=INFO msg=一定の売上が立ったためオーナーの椅子が増加します 名前=SwiftCab 増加数=1
time=19:39:17.775 level=DEBUG source=/tmp/isucon14/bench/benchmarker/scenario/scenario.go:315 msg=時間経過 tick=960
time=19:39:17.775 level=DEBUG source=/tmp/isucon14/bench/benchmarker/scenario/scenario.go:317 msg=eval reqs=149 score="[12 61 34 38 4]" criteria="[123 20 62 54]"
time=19:39:17.867 level=INFO msg=一定の売上が立ったためオーナーの椅子が増加します 名前="Vintage Vibe Seats" 増加数=1
time=19:39:19.576 level=DEBUG source=/tmp/isucon14/bench/benchmarker/scenario/scenario.go:315 msg=時間経過 tick=1020
time=19:39:19.576 level=DEBUG source=/tmp/isucon14/bench/benchmarker/scenario/scenario.go:317 msg=eval reqs=162 score="[12 68 38 40 4]" criteria="[136 22 64 58]"
time=19:39:19.613 level=INFO msg=一定の売上が立ったためオーナーの椅子が増加します 名前=快旅タクシー 増加数=1
time=19:39:19.631 level=INFO msg=一定の売上が立ったためオーナーの椅子が増加します 名前=ChairCycle 増加数=1
time=19:39:19.645 level=INFO msg=一定の売上が立ったためオーナーの椅子が増加します 名前=SwiftCab 増加数=1
time=19:39:19.679 level=INFO msg=一定の売上が立ったためオーナーの椅子が増加します 名前="Vintage Vibe Seats" 増加数=2
time=19:39:21.375 level=DEBUG source=/tmp/isucon14/bench/benchmarker/scenario/scenario.go:315 msg=時間経過 tick=1080
time=19:39:21.375 level=DEBUG source=/tmp/isucon14/bench/benchmarker/scenario/scenario.go:317 msg=eval reqs=171 score="[13 71 40 43 4]" criteria="[144 27 67 58]"
time=19:39:21.375 level=INFO msg=これまでに地域内の評判によって50人、既存ユーザーの招待経由で45人が新規登録しました
time=19:39:21.375 level=INFO msg=これまでに低評価なライドによって46人が利用をやめました
time=19:39:21.375 level=INFO msg=15.8%のライドは椅子がマッチされるまでの時間、84.2%のライドはマッチされた椅子が乗車地点までに掛かる時間、63.5%のライドは椅子の実移動時間に不満がありました
time=19:39:21.468 level=INFO msg=一定の売上が立ったためオーナーの椅子が増加します 名前=ChairCycle 増加数=1
time=19:39:21.570 level=INFO msg=一定の売上が立ったためオーナーの椅子が増加します 名前="Vintage Vibe Seats" 増加数=1
time=19:39:23.176 level=DEBUG source=/tmp/isucon14/bench/benchmarker/scenario/scenario.go:315 msg=時間経過 tick=1140
time=19:39:23.176 level=DEBUG source=/tmp/isucon14/bench/benchmarker/scenario/scenario.go:317 msg=eval reqs=183 score="[13 81 42 43 4]" criteria="[156 29 67 58]"
time=19:39:23.232 level=INFO msg=一定の売上が立ったためオーナーの椅子が増加します 名前=快旅タクシー 増加数=1
time=19:39:23.241 level=INFO msg=一定の売上が立ったためオーナーの椅子が増加します 名前=SwiftCab 増加数=1
time=19:39:23.289 level=INFO msg=一定の売上が立ったためオーナーの椅子が増加します 名前="Vintage Vibe Seats" 増加数=1
time=19:39:24.975 level=DEBUG source=/tmp/isucon14/bench/benchmarker/scenario/scenario.go:315 msg=時間経過 tick=1200
time=19:39:24.976 level=DEBUG source=/tmp/isucon14/bench/benchmarker/scenario/scenario.go:317 msg=eval reqs=195 score="[13 91 44 43 4]" criteria="[168 30 67 59]"
time=19:39:25.032 level=INFO msg=一定の売上が立ったためオーナーの椅子が増加します 名前="Artisan Seats" 増加数=1
time=19:39:25.063 level=INFO msg=一定の売上が立ったためオーナーの椅子が増加します 名前=ChairCycle 増加数=2
time=19:39:25.071 level=INFO msg=一定の売上が立ったためオーナーの椅子が増加します 名前=SwiftCab 増加数=1
time=19:39:26.775 level=DEBUG source=/tmp/isucon14/bench/benchmarker/scenario/scenario.go:315 msg=時間経過 tick=1260
time=19:39:26.775 level=DEBUG source=/tmp/isucon14/bench/benchmarker/scenario/scenario.go:317 msg=eval reqs=211 score="[15 103 46 43 4]" criteria="[182 31 67 60]"
time=19:39:26.775 level=INFO msg=これまでに地域内の評判によって59人、既存ユーザーの招待経由で46人が新規登録しました
time=19:39:26.775 level=INFO msg=これまでに低評価なライドによって56人が利用をやめました
time=19:39:26.775 level=INFO msg=13.7%のライドは椅子がマッチされるまでの時間、85.3%のライドはマッチされた椅子が乗車地点までに掛かる時間、69.9%のライドは椅子の実移動時間に不満がありました
time=19:39:26.838 level=INFO msg=一定の売上が立ったためオーナーの椅子が増加します 名前=快旅タクシー 増加数=1
time=19:39:26.861 level=INFO msg=一定の売上が立ったためオーナーの椅子が増加します 名前="Artisan Seats" 増加数=1
time=19:39:26.868 level=INFO msg=一定の売上が立ったためオーナーの椅子が増加します 名前=ChairCycle 増加数=1
time=19:39:26.875 level=INFO msg=一定の売上が立ったためオーナーの椅子が増加します 名前=SwiftCab 増加数=1
time=19:39:26.879 level=INFO msg=一定の売上が立ったためオーナーの椅子が増加します 名前="Vintage Vibe Seats" 増加数=1
time=19:39:28.575 level=DEBUG source=/tmp/isucon14/bench/benchmarker/scenario/scenario.go:315 msg=時間経過 tick=1320
time=19:39:28.575 level=DEBUG source=/tmp/isucon14/bench/benchmarker/scenario/scenario.go:317 msg=eval reqs=221 score="[15 110 48 44 4]" criteria="[192 33 68 61]"
time=19:39:28.648 level=INFO msg=一定の売上が立ったためオーナーの椅子が増加します 名前=ChairCycle 増加数=1
time=19:39:28.690 level=INFO msg=一定の売上が立ったためオーナーの椅子が増加します 名前=快旅タクシー 増加数=1
time=19:39:28.771 level=INFO msg=一定の売上が立ったためオーナーの椅子が増加します 名前="Vintage Vibe Seats" 増加数=1
time=19:39:28.803 level=INFO msg=一定の売上が立ったためオーナーの椅子が増加します 名前=SwiftCab 増加数=1
time=19:39:30.375 level=DEBUG source=/tmp/isucon14/bench/benchmarker/scenario/scenario.go:315 msg=時間経過 tick=1380
time=19:39:30.375 level=DEBUG source=/tmp/isucon14/bench/benchmarker/scenario/scenario.go:317 msg=eval reqs=236 score="[15 121 52 44 4]" criteria="[207 36 68 62]"
time=19:39:30.447 level=INFO msg=一定の売上が立ったためオーナーの椅子が増加します 名前=快旅タクシー 増加数=1
time=19:39:30.504 level=INFO msg=一定の売上が立ったためオーナーの椅子が増加します 名前=ChairCycle 増加数=1
time=19:39:30.527 level=INFO msg=一定の売上が立ったためオーナーの椅子が増加します 名前=SwiftCab 増加数=1
time=19:39:30.540 level=INFO msg=一定の売上が立ったためオーナーの椅子が増加します 名前="Vintage Vibe Seats" 増加数=1
time=19:39:32.175 level=DEBUG source=/tmp/isucon14/bench/benchmarker/scenario/scenario.go:315 msg=時間経過 tick=1440
time=19:39:32.176 level=INFO msg=これまでに地域内の評判によって68人、既存ユーザーの招待経由で47人が新規登録しました
time=19:39:32.176 level=INFO msg=これまでに低評価なライドによって63人が利用をやめました
time=19:39:32.176 level=INFO msg=11.7%のライドは椅子がマッチされるまでの時間、84.3%のライドはマッチされた椅子が乗車地点までに掛かる時間、73.8%のライドは椅子の実移動時間に不満がありました
time=19:39:32.176 level=DEBUG source=/tmp/isucon14/bench/benchmarker/scenario/scenario.go:317 msg=eval reqs=248 score="[15 130 55 44 4]" criteria="[219 39 68 62]"
time=19:39:32.241 level=INFO msg=一定の売上が立ったためオーナーの椅子が増加します 名前="Artisan Seats" 増加数=1
time=19:39:32.277 level=INFO msg=一定の売上が立ったためオーナーの椅子が増加します 名前=SwiftCab 増加数=1
time=19:39:33.975 level=DEBUG source=/tmp/isucon14/bench/benchmarker/scenario/scenario.go:315 msg=時間経過 tick=1500
time=19:39:33.975 level=DEBUG source=/tmp/isucon14/bench/benchmarker/scenario/scenario.go:317 msg=eval reqs=259 score="[15 138 58 44 4]" criteria="[230 42 68 62]"
time=19:39:34.087 level=INFO msg=一定の売上が立ったためオーナーの椅子が増加します 名前="Artisan Seats" 増加数=1
time=19:39:34.158 level=INFO msg=一定の売上が立ったためオーナーの椅子が増加します 名前="Vintage Vibe Seats" 増加数=2
time=19:39:35.775 level=DEBUG source=/tmp/isucon14/bench/benchmarker/scenario/scenario.go:315 msg=時間経過 tick=1560
time=19:39:35.775 level=DEBUG source=/tmp/isucon14/bench/benchmarker/scenario/scenario.go:317 msg=eval reqs=270 score="[15 146 59 46 4]" criteria="[241 45 69 63]"
time=19:39:35.851 level=INFO msg=一定の売上が立ったためオーナーの椅子が増加します 名前=快旅タクシー 増加数=1
time=19:39:35.924 level=INFO msg=一定の売上が立ったためオーナーの椅子が増加します 名前=ChairCycle 増加数=1
time=19:39:37.576 level=INFO msg=これまでに地域内の評判によって78人、既存ユーザーの招待経由で50人が新規登録しました
time=19:39:37.576 level=INFO msg=これまでに低評価なライドによって71人が利用をやめました
time=19:39:37.576 level=INFO msg=10.1%のライドは椅子がマッチされるまでの時間、82.5%のライドはマッチされた椅子が乗車地点までに掛かる時間、76.7%のライドは椅子の実移動時間に不満がありました
time=19:39:37.576 level=DEBUG source=/tmp/isucon14/bench/benchmarker/scenario/scenario.go:315 msg=時間経過 tick=1620
time=19:39:37.576 level=DEBUG source=/tmp/isucon14/bench/benchmarker/scenario/scenario.go:317 msg=eval reqs=286 score="[15 157 63 47 4]" criteria="[257 50 70 63]"
time=19:39:37.710 level=INFO msg=一定の売上が立ったためオーナーの椅子が増加します 名前=快旅タクシー 増加数=1
time=19:39:37.724 level=INFO msg=一定の売上が立ったためオーナーの椅子が増加します 名前=SwiftCab 増加数=2
time=19:39:37.746 level=INFO msg=一定の売上が立ったためオーナーの椅子が増加します 名前=ChairCycle 増加数=1
time=19:39:37.844 level=INFO msg=一定の売上が立ったためオーナーの椅子が増加します 名前="Vintage Vibe Seats" 増加数=1
time=19:39:39.375 level=DEBUG source=/tmp/isucon14/bench/benchmarker/scenario/scenario.go:315 msg=時間経過 tick=1680
time=19:39:39.375 level=DEBUG source=/tmp/isucon14/bench/benchmarker/scenario/scenario.go:317 msg=eval reqs=292 score="[15 162 64 47 4]" criteria="[263 51 70 63]"
time=19:39:39.491 level=INFO msg=一定の売上が立ったためオーナーの椅子が増加します 名前=快旅タクシー 増加数=1
time=19:39:39.556 level=INFO msg=一定の売上が立ったためオーナーの椅子が増加します 名前=ChairCycle 増加数=1
time=19:39:41.176 level=DEBUG source=/tmp/isucon14/bench/benchmarker/scenario/scenario.go:315 msg=時間経過 tick=1740
time=19:39:41.176 level=DEBUG source=/tmp/isucon14/bench/benchmarker/scenario/scenario.go:317 msg=eval reqs=299 score="[15 168 65 47 4]" criteria="[270 52 70 63]"
time=19:39:41.253 level=INFO msg=一定の売上が立ったためオーナーの椅子が増加します 名前="Vintage Vibe Seats" 増加数=1
time=19:39:41.319 level=INFO msg=一定の売上が立ったためオーナーの椅子が増加します 名前=SwiftCab 増加数=1
time=19:39:42.976 level=INFO msg=これまでに地域内の評判によって88人、既存ユーザーの招待経由で50人が新規登録しました
time=19:39:42.976 level=INFO msg=これまでに低評価なライドによって72人が利用をやめました
time=19:39:42.976 level=INFO msg=9.4%のライドは椅子がマッチされるまでの時間、82.1%のライドはマッチされた椅子が乗車地点までに掛かる時間、78.2%のライドは椅子の実移動時間に不満がありました
time=19:39:42.976 level=DEBUG source=/tmp/isucon14/bench/benchmarker/scenario/scenario.go:315 msg=時間経過 tick=1800
time=19:39:42.976 level=DEBUG source=/tmp/isucon14/bench/benchmarker/scenario/scenario.go:317 msg=eval reqs=308 score="[15 174 67 48 4]" criteria="[279 55 71 63]"
time=19:39:43.019 level=INFO msg=一定の売上が立ったためオーナーの椅子が増加します 名前="Artisan Seats" 増加数=1
time=19:39:43.109 level=INFO msg=一定の売上が立ったためオーナーの椅子が増加します 名前=ChairCycle 増加数=1
time=19:39:43.200 level=INFO msg=一定の売上が立ったためオーナーの椅子が増加します 名前="Vintage Vibe Seats" 増加数=1
time=19:39:44.776 level=DEBUG source=/tmp/isucon14/bench/benchmarker/scenario/scenario.go:315 msg=時間経過 tick=1860
time=19:39:44.776 level=DEBUG source=/tmp/isucon14/bench/benchmarker/scenario/scenario.go:317 msg=eval reqs=319 score="[16 183 68 48 4]" criteria="[288 57 71 63]"
time=19:39:44.951 level=INFO msg=一定の売上が立ったためオーナーの椅子が増加します 名前=SwiftCab 増加数=1
time=19:39:44.951 level=INFO msg=一定の売上が立ったためオーナーの椅子が増加します 名前=快旅タクシー 増加数=1
time=19:39:44.965 level=INFO msg=一定の売上が立ったためオーナーの椅子が増加します 名前=ChairCycle 増加数=1
time=19:39:46.575 level=DEBUG source=/tmp/isucon14/bench/benchmarker/scenario/scenario.go:315 msg=時間経過 tick=1920
time=19:39:46.575 level=DEBUG source=/tmp/isucon14/bench/benchmarker/scenario/scenario.go:317 msg=eval reqs=329 score="[17 191 69 48 4]" criteria="[297 58 71 63]"
time=19:39:46.708 level=INFO msg=一定の売上が立ったためオーナーの椅子が増加します 名前=ChairCycle 増加数=1
time=19:39:46.807 level=INFO msg=一定の売上が立ったためオーナーの椅子が増加します 名前=SwiftCab 増加数=1
time=19:39:46.841 level=INFO msg=一定の売上が立ったためオーナーの椅子が増加します 名前="Vintage Vibe Seats" 増加数=1
time=19:39:48.376 level=DEBUG source=/tmp/isucon14/bench/benchmarker/scenario/scenario.go:315 msg=時間経過 tick=1980
time=19:39:48.376 level=INFO msg=これまでに地域内の評判によって97人、既存ユーザーの招待経由で50人が新規登録しました
time=19:39:48.376 level=INFO msg=これまでに低評価なライドによって80人が利用をやめました
time=19:39:48.376 level=INFO msg=9.8%のライドは椅子がマッチされるまでの時間、82.8%のライドはマッチされた椅子が乗車地点までに掛かる時間、80.2%のライドは椅子の実移動時間に不満がありました
time=19:39:48.376 level=DEBUG source=/tmp/isucon14/bench/benchmarker/scenario/scenario.go:317 msg=eval reqs=338 score="[18 199 69 48 4]" criteria="[305 58 71 63]"
time=19:39:48.610 level=INFO msg=一定の売上が立ったためオーナーの椅子が増加します 名前=ChairCycle 増加数=1
time=19:39:48.635 level=INFO msg=一定の売上が立ったためオーナーの椅子が増加します 名前="Vintage Vibe Seats" 増加数=1
time=19:39:53.916 level=INFO msg=最終地域情報 名前=チェアタウン ユーザー登録数=113 アクティブユーザー数=56
time=19:39:53.916 level=INFO msg=最終地域情報 名前=コシカケシティ ユーザー登録数=47 アクティブユーザー数=23
time=19:39:53.916 level=INFO msg=最終オーナー情報 名前=SwiftCab 売上=404800 椅子数=25
time=19:39:53.916 level=INFO msg=最終オーナー情報 名前="Artisan Seats" 売上=161800 椅子数=13
time=19:39:53.916 level=INFO msg=最終オーナー情報 名前=ChairCycle 売上=476300 椅子数=28
time=19:39:53.916 level=INFO msg=最終オーナー情報 名前=快旅タクシー 売上=250000 椅子数=18
time=19:39:53.916 level=INFO msg=最終オーナー情報 名前="Vintage Vibe Seats" 売上=687300 椅子数=36
time=19:39:53.916 level=INFO msg=9.5%のライドは椅子がマッチされるまでの時間、83.0%のライドはマッチされた椅子が乗車地点までに掛かる時間、80.7%のライドは椅子の実移動時間に不満がありました
time=19:39:53.916 level=INFO msg=結果 pass=true スコア=27661 種別エラー数=map[]
time=19:39:53.916 level=INFO msg=負荷走行が終了しました
