2026-09-26T10:38:47+00:00
COMMAND         %CPU   RSS
mysqld          47.2 1068564
nginx            1.9 11508
nginx            1.8 11448
systemd-journal  1.3 175148
rsyslogd         0.7  5632
jbd2/sda1-8      0.7     0
kworker/0:1H-kb  0.2     0
kworker/1:1H-kb  0.2     0
rcu_preempt      0.2     0
2026-09-26T10:38:49+00:00
COMMAND         %CPU   RSS
mysqld          47.2 1070716
bench           10.0 51312
nginx            1.9 11508
nginx            1.8 11448
systemd-journal  1.3 175940
isuride          1.0 15212
rsyslogd         0.7  5632
jbd2/sda1-8      0.7     0
kworker/0:1H-kb  0.2     0
2026-09-26T10:38:51+00:00
COMMAND         %CPU   RSS
mysqld          47.2 1071536
bench           11.2 56756
isuride          3.1 15736
nginx            1.9 11508
nginx            1.8 11448
systemd-journal  1.3 179452
rsyslogd         0.7  5632
jbd2/sda1-8      0.7     0
kworker/0:1H-kb  0.2     0
2026-09-26T10:38:53+00:00
COMMAND         %CPU   RSS
mysqld          47.2 1073372
bench           13.7 76588
isuride          5.6 16028
nginx            1.9 11508
nginx            1.8 11448
systemd-journal  1.3 181292
rsyslogd         0.7  5632
jbd2/sda1-8      0.7     0
kworker/0:1H-kb  0.2     0
2026-09-26T10:38:56+00:00
COMMAND         %CPU   RSS
mysqld          47.2 1076332
bench           16.2 95264
isuride          8.4 17340
nginx            1.9 11508
nginx            1.8 11448
systemd-journal  1.3 183044
rsyslogd         0.7  5584
jbd2/sda1-8      0.7     0
kworker/0:1H-kb  0.2     0
2026-09-26T10:38:58+00:00
COMMAND         %CPU   RSS
mysqld          47.3 1080312
bench           17.9 114048
isuride         10.8 18032
nginx            1.9 11508
nginx            1.9 11448
systemd-journal  1.3 190964
rsyslogd         0.7  5584
jbd2/sda1-8      0.7     0
kworker/0:1H-kb  0.2     0
2026-09-26T10:39:00+00:00
COMMAND         %CPU   RSS
mysqld          47.3 1083260
bench           19.1 123632
isuride         12.9 20860
nginx            1.9 11508
nginx            1.9 11448
systemd-journal  1.3 192748
rsyslogd         0.7  5584
jbd2/sda1-8      0.7     0
kworker/0:1H-kb  0.2     0
2026-09-26T10:39:02+00:00
COMMAND         %CPU   RSS
mysqld          47.3 1087356
bench           19.5 140432
isuride         14.7 21608
nginx            1.9 11508
nginx            1.9 11448
systemd-journal  1.3 196068
rsyslogd         0.7  5584
jbd2/sda1-8      0.7     0
kworker/0:1H-kb  0.2     0
2026-09-26T10:39:04+00:00
COMMAND         %CPU   RSS
mysqld          47.3 1090088
bench           20.0 151420
isuride         16.4 22568
nginx            1.9 11508
nginx            1.9 11448
systemd-journal  1.3 199908
rsyslogd         0.7  5584
jbd2/sda1-8      0.7     0
kworker/0:1H-kb  0.2     0
2026-09-26T10:39:06+00:00
COMMAND         %CPU   RSS
mysqld          47.3 1094848
bench           20.3 160668
isuride         17.9 23308
curl             7.1 12316
nginx            1.9 11508
nginx            1.9 11448
systemd-journal  1.3 201844
rsyslogd         0.7  5584
jbd2/sda1-8      0.7     0
2026-09-26T10:39:08+00:00
COMMAND         %CPU   RSS
mysqld          47.3 1101152
bench           20.3 163920
isuride         19.2 21280
nginx            1.9 11508
nginx            1.9 11448
systemd-journal  1.3 203540
rsyslogd         0.7  5584
jbd2/sda1-8      0.7     0
kworker/0:1H-kb  0.2     0
2026-09-26T10:39:10+00:00
COMMAND         %CPU   RSS
mysqld          47.4 1103068
isuride         20.4 22264
bench           20.4 171276
nginx            1.9 11508
nginx            1.9 11448
systemd-journal  1.3 207860
rsyslogd         0.7  5584
jbd2/sda1-8      0.7     0
kworker/0:1H-kb  0.2     0
2026-09-26T10:39:12+00:00
COMMAND         %CPU   RSS
mysqld          47.4 1106240
isuride         21.5 22448
bench           20.4 177224
nginx            1.9 11508
nginx            1.9 11448
systemd-journal  1.3 209724
rsyslogd         0.7  5584
jbd2/sda1-8      0.7     0
kworker/0:1H-kb  0.2     0
2026-09-26T10:39:14+00:00
COMMAND         %CPU   RSS
mysqld          47.4 1108172
isuride         22.6 21612
bench           20.2 187616
nginx            1.9 11508
nginx            1.9 11448
systemd-journal  1.3 214504
rsyslogd         0.7  5584
jbd2/sda1-8      0.7     0
kworker/0:1H-kb  0.2     0
2026-09-26T10:39:16+00:00
COMMAND         %CPU   RSS
mysqld          47.4 1110292
isuride         23.5 22684
bench           20.3 195468
nginx            1.9 11508
nginx            1.9 11448
systemd-journal  1.3 217656
rsyslogd         0.7  5584
jbd2/sda1-8      0.7     0
kworker/0:1H-kb  0.2     0
2026-09-26T10:39:18+00:00
COMMAND         %CPU   RSS
mysqld          47.5 1112896
isuride         24.4 23796
bench           20.3 196748
nginx            1.9 11508
nginx            1.9 11448
systemd-journal  1.3 219628
rsyslogd         0.7  5584
jbd2/sda1-8      0.7     0
kworker/0:1H-kb  0.2     0
2026-09-26T10:39:20+00:00
COMMAND         %CPU   RSS
mysqld          47.5 1115324
isuride         25.1 25060
bench           20.2 206604
nginx            1.9 11508
nginx            1.9 11448
systemd-journal  1.3 224940
curl             1.0 12316
rsyslogd         0.7  5584
jbd2/sda1-8      0.7     0
2026-09-26T10:39:22+00:00
COMMAND         %CPU   RSS
mysqld          47.5 1118248
isuride         25.9 25420
bench           20.2 208168
curl             5.0 12316
nginx            1.9 11508
nginx            1.9 11448
systemd-journal  1.3 227100
rsyslogd         0.7  5584
jbd2/sda1-8      0.7     0
2026-09-26T10:39:24+00:00
COMMAND         %CPU   RSS
mysqld          47.5 1119956
isuride         26.5 25192
bench           20.2 211836
nginx            1.9 11508
nginx            1.9 11448
systemd-journal  1.3 228408
rsyslogd         0.7  5584
jbd2/sda1-8      0.7     0
kworker/0:1H-kb  0.2     0
2026-09-26T10:39:26+00:00
COMMAND         %CPU   RSS
mysqld          47.5 1122484
isuride         27.1 26696
bench           20.2 223816
nginx            1.9 11508
nginx            1.9 11448
systemd-journal  1.3 228408
rsyslogd         0.7  5584
jbd2/sda1-8      0.7     0
kworker/0:1H-kb  0.2     0
2026-09-26T10:39:28+00:00
COMMAND         %CPU   RSS
mysqld          47.6 1123312
isuride         27.7 26832
bench           20.1 223828
nginx            1.9 11508
nginx            1.9 11448
systemd-journal  1.3 228408
rsyslogd         0.7  5584
jbd2/sda1-8      0.7     0
curl             0.5 12316
2026-09-26T10:39:30+00:00
COMMAND         %CPU   RSS
mysqld          47.6 1125936
isuride         28.3 26020
bench           20.1 234248
nginx            1.9 11508
nginx            1.9 11448
curl             1.7 12308
systemd-journal  1.3 228408
rsyslogd         0.7  5584
jbd2/sda1-8      0.7     0
2026-09-26T10:39:32+00:00
COMMAND         %CPU   RSS
mysqld          47.6 1126880
isuride         28.9 24636
bench           20.0 235008
nginx            1.9 11508
nginx            1.9 11448
systemd-journal  1.3 228408
rsyslogd         0.7  5584
jbd2/sda1-8      0.7     0
kworker/0:1H-kb  0.2     0
2026-09-26T10:39:34+00:00
COMMAND         %CPU   RSS
mysqld          47.6 1126944
isuride         29.4 27140
bench           20.0 246520
nginx            1.9 11544
nginx            1.9 11524
systemd-journal  1.3 228408
curl             0.8 12348
rsyslogd         0.7  5584
jbd2/sda1-8      0.7     0
2026-09-26T10:39:36+00:00
COMMAND         %CPU   RSS
mysqld          47.6 1127980
isuride         29.9 27168
bench           20.0 247880
nginx            1.9 11592
nginx            1.9 11532
systemd-journal  1.3 228408
rsyslogd         0.7  5584
jbd2/sda1-8      0.7     0
curl             0.7 12308
2026-09-26T10:39:38+00:00
COMMAND         %CPU   RSS
mysqld          47.7 1129360
isuride         30.3 28712
bench           20.0 256476
nginx            1.9 11700
nginx            1.9 11640
systemd-journal  1.3 228568
rsyslogd         0.7  5584
jbd2/sda1-8      0.7     0
kworker/0:1H-kb  0.2     0
2026-09-26T10:39:40+00:00
COMMAND         %CPU   RSS
mysqld          47.7 1129652
isuride         30.7 29240
bench           19.9 256728
nginx            1.9 11816
nginx            1.9 11692
systemd-journal  1.3 234532
rsyslogd         0.7  5584
jbd2/sda1-8      0.7     0
curl             0.5 12300
2026-09-26T10:39:42+00:00
COMMAND         %CPU   RSS
mysqld          47.7 1131512
isuride         31.0 28172
bench           19.9 273272
nginx            1.9 11844
nginx            1.9 11760
systemd-journal  1.3 237512
rsyslogd         0.7  5584
jbd2/sda1-8      0.7     0
kworker/0:1H-kb  0.2     0
2026-09-26T10:39:44+00:00
COMMAND         %CPU   RSS
mysqld          47.7 1134848
isuride         31.4 31320
bench           19.8 273528
nginx            1.9 11924
nginx            1.9 11824
systemd-journal  1.4 241264
rsyslogd         0.7  5584
jbd2/sda1-8      0.7     0
kworker/0:1H-kb  0.2     0
2026-09-26T10:39:46+00:00
COMMAND         %CPU   RSS
mysqld          47.8 1130628
isuride         31.7 30800
bench           19.7 274140
curl            16.6 12316
nginx            1.9 12000
nginx            1.9 11872
systemd-journal  1.4 244392
rsyslogd         0.7  5584
jbd2/sda1-8      0.7     0
2026-09-26T10:39:48+00:00
COMMAND         %CPU   RSS
mysqld          47.8 1130704
isuride         32.1 30624
bench           19.7 286624
nginx            1.9 12000
nginx            1.9 11904
systemd-journal  1.4 246284
rsyslogd         0.7  5584
jbd2/sda1-8      0.7     0
curl             0.7 12312
2026-09-26T10:39:50+00:00
COMMAND         %CPU   RSS
mysqld          47.8 1130820
isuride         32.4 24224
bench           19.6 286788
curl             5.8 12316
nginx            1.9 12020
nginx            1.9 11904
systemd-journal  1.4 251684
rsyslogd         0.7  5584
jbd2/sda1-8      0.7     0
2026-09-26T10:39:52+00:00
COMMAND         %CPU   RSS
mysqld          47.8 1130820
isuride         32.8 23096
bench           19.6 302244
nginx            1.9 12020
nginx            1.9 11904
systemd-journal  1.4 257892
rsyslogd         0.7  5584
jbd2/sda1-8      0.7     0
kworker/0:1H-kb  0.2     0
