procs -----------memory---------- ---swap-- -----io---- -system-- -------cpu------- -----timestamp-----
 r  b   swpd   free   buff  cache   si   so    bi    bo   in   cs us sy id wa st gu                 UTC
 3  0      0 293848  74032 2395316    0    0   157  6763 7399  137 27 12 61  1  0  0 2026-09-26 10:38:47
12  0      0 248852  74040 2401348    0    0    44 62720 17763 39867 31 17 38 14  0  0 2026-09-26 10:38:48
 2  0      0 253380  74040 2402524    0    0     0 12452 17907 54629 21 15 62  2  0  0 2026-09-26 10:38:49
 4  0      0 251896  74040 2403800    0    0     0 10072 28247 84010 23 23 52  2  0  0 2026-09-26 10:38:50
 0  1      0 249164  74040 2405248    0    0     0 15640 29711 100558 34 28 35  2  0  0 2026-09-26 10:38:51
 5  0      0 243912  74040 2407152    0    0     4 19884 26630 103496 41 32 25  2  0  0 2026-09-26 10:38:52
 7  1      0 224592  74040 2409128    0    0     0 19020 22778 95934 48 37 13  2  0  0 2026-09-26 10:38:53
15  1      0 212040  74040 2411360    0    0     0 22016 22996 107405 55 40  5  1  0  0 2026-09-26 10:38:54
25  1      0 194148  74040 2414788    0    0     0 26980 21896 102930 54 43  3  1  0  0 2026-09-26 10:38:55
22  0      0 183172  74040 2419776    0    0     0 27600 21383 100437 53 43  3  1  0  0 2026-09-26 10:38:56
10  1      0 166336  74040 2422168    0    0     0 22464 21622 104674 58 40  2  0  0  0 2026-09-26 10:38:57
33  1      0 152456  74040 2425400    0    0     0 25872 22133 98480 55 43  1  1  0  0 2026-09-26 10:38:58
38  0      0 146188  74040 2427564    0    0     0 24236 21918 96703 57 42  1  0  0  0 2026-09-26 10:38:59
 8  0      0 128480  74040 2432572    0    0     0 42060 20914 97826 55 43  2  1  0  0 2026-09-26 10:39:00
38  0      0 116504  74040 2434716    0    0     4 25976 21305 98022 57 40  3  1  0  0 2026-09-26 10:39:01
10  0      0 104916  74040 2436920    0    0     0 30256 20017 98409 58 41  1  1  0  0 2026-09-26 10:39:02
13  0      0  96808  74040 2439116    0    0     0 23000 21361 95418 56 40  3  1  0  0 2026-09-26 10:39:03
12  1      0  89032  74040 2441700    0    0     0 25620 19906 97732 56 43  1  0  0  0 2026-09-26 10:39:04
61  1      0  75732  74040 2443856    0    0     0 25212 21727 98044 57 41  1  0  0  0 2026-09-26 10:39:05
47  0      0  70480  74040 2446160    0    0     0 30136 21408 99103 58 41  2  0  0  0 2026-09-26 10:39:06
32  0      0  82952  73656 2436828    0    0     0 26260 20087 99877 56 43  1  1  0  0 2026-09-26 10:39:07
procs -----------memory---------- ---swap-- -----io---- -system-- -------cpu------- -----timestamp-----
 r  b   swpd   free   buff  cache   si   so    bi    bo   in   cs us sy id wa st gu                 UTC
17  0      0  95528  73128 2414132    0    0    16 26824 19863 95212 56 43  1  1  0  0 2026-09-26 10:39:08
46  0      0  86820  73128 2416576    0    0     4 26088 20455 95026 57 42  1  0  0  0 2026-09-26 10:39:09
30  0      0  77632  73128 2418936    0    0     0 45268 18369 96976 56 42  1  1  0  0 2026-09-26 10:39:10
62  0      0  69100  73128 2421148    0    0     0 27100 21087 94834 58 40  2  1  0  0 2026-09-26 10:39:11
20  0      0  83472  73108 2407816    0    0     0 33024 20143 95104 54 44  2  1  0  0 2026-09-26 10:39:12
16  0      0  68668  73108 2410432    0    0     0 26816 19852 95164 57 42  1  0  0  0 2026-09-26 10:39:13
12  1      0  76340  73104 2403476    0    0     0 28528 20661 96167 55 45  1  1  0  0 2026-09-26 10:39:14
 9  1      0  70068  73104 2405796    0    0     0 25848 19323 96587 59 41  1  0  0  0 2026-09-26 10:39:15
14  0      0  85256  73064 2382304    0    0     0 26040 19818 95169 57 42  1  0  0  0 2026-09-26 10:39:16
10  1      0  79788  73064 2384156    0    0     4 31960 21586 96685 56 43  1  1  0  0 2026-09-26 10:39:17
60  0      0 100212  73064 2361260    0    0     0 30516 20829 92596 57 42  1  0  0  0 2026-09-26 10:39:18
 6  1      0  88956  73064 2363644    0    0     0 25812 18242 91461 60 39  1  1  0  0 2026-09-26 10:39:19
 9  1      0  79180  73064 2366928    0    0     0 53156 18417 93792 58 42  1  0  0  0 2026-09-26 10:39:20
47  1      0  86012  73064 2361152    0    0     0 27788 21943 101335 55 44  1  1  0  0 2026-09-26 10:39:21
26  1      0  98668  73064 2339892    0    0     0 25808 19566 92780 60 40  1  0  0  0 2026-09-26 10:39:22
19  1      0 102160  73064 2342144    0    0     0 31152 20922 94197 56 43  1  0  0  0 2026-09-26 10:39:23
24  1      0  90384  73064 2343776    0    0     0 25580 20465 93483 58 42  1  1  0  0 2026-09-26 10:39:24
 9  0      0 100420  73064 2329964    0    0     4 24752 21304 97315 57 42  1  1  0  0 2026-09-26 10:39:25
38  0      0  95336  73064 2332176    0    0     0 24924 21074 95598 56 43  1  0  0  0 2026-09-26 10:39:26
27  1      0  82260  73068 2333704    0    0     0 28180 19909 93253 58 41  1  1  0  0 2026-09-26 10:39:27
 7  0      0  81028  73068 2335232    0    0     0 23140 20653 95592 58 41  2  1  0  0 2026-09-26 10:39:28
procs -----------memory---------- ---swap-- -----io---- -system-- -------cpu------- -----timestamp-----
 r  b   swpd   free   buff  cache   si   so    bi    bo   in   cs us sy id wa st gu                 UTC
22  0      0  94804  73068 2306988    0    0     0 21876 18743 88755 57 41  2  1  0  0 2026-09-26 10:39:29
14  0      0  94400  73068 2309008    0    0     0 36144 19333 97218 57 42  1  0  0  0 2026-09-26 10:39:30
29  0      0  99876  73068 2310508    0    0     0 21676 20090 90006 58 40  1  0  0  0 2026-09-26 10:39:31
10  0      0  94388  73068 2312172    0    0     0 25704 18745 95801 56 43  1  0  0  0 2026-09-26 10:39:32
29  1      0  93648  73068 2299084    0    0     0 28144 20219 91223 57 42  1  1  0  0 2026-09-26 10:39:33
17  1      0  89968  73068 2301884    0    0     4 22364 18228 92579 60 40  1  0  0  0 2026-09-26 10:39:34
55  1      0  84984  73068 2303716    0    0     0 27772 19520 97278 56 43  1  0  0  0 2026-09-26 10:39:35
24  0      0  94044  73068 2284516    0    0     0 22688 21592 93536 57 41  1  1  0  0 2026-09-26 10:39:36
30  1      0  92380  73068 2286352    0    0     0 28020 19410 94029 58 41  1  0  0  0 2026-09-26 10:39:37
56  0      0  89168  73068 2281676    0    0     0 23980 20413 90284 58 41  0  0  0  0 2026-09-26 10:39:38
39  0      0  86984  73068 2284524    0    0     0 27108 21852 93813 56 43  1  0  0  0 2026-09-26 10:39:39
24  0      0 101732  73068 2269624    0    0     0 25944 20987 92194 60 39  1  1  0  0 2026-09-26 10:39:40
67  1      0  92780  73068 2272832    0    0     0 24788 20123 96649 57 42  1  0  0  0 2026-09-26 10:39:41
43  0      0  87764  73068 2275368    0    0     0 25208 20219 90434 60 39  1  0  0  0 2026-09-26 10:39:42
29  0      0  81492  73068 2280248    0    0     0 47132 21244 92674 53 45  2  1  0  0 2026-09-26 10:39:43
59  1      0  96160  73068 2264016    0    0     4 25664 18700 87356 58 41  1  0  0  0 2026-09-26 10:39:44
17  0      0  96604  73068 2260388    0    0     0 26832 20548 91327 59 40  1  1  0  0 2026-09-26 10:39:45
69  0      0  87380  73068 2263024    0    0     0 26420 18763 93375 57 43  1  0  0  0 2026-09-26 10:39:46
 9  1      0  96288  73068 2247052    0    0     0 27564 20648 92071 60 40  1  0  0  0 2026-09-26 10:39:47
10  1      0  96544  73068 2251704    0    0     0 24024 19658 94205 56 43  1  1  0  0 2026-09-26 10:39:48
 7  0      0  96688  73068 2253992    0    0     0  6844 19027 108399 64 34  1  0  0  0 2026-09-26 10:39:49
procs -----------memory---------- ---swap-- -----io---- -system-- -------cpu------- -----timestamp-----
 r  b   swpd   free   buff  cache   si   so    bi    bo   in   cs us sy id wa st gu                 UTC
 9  0      0  99428  73068 2256724    0    0     0  2736 18940 111942 65 32  3  0  0  0 2026-09-26 10:39:50
20  0      0  81544  73068 2259280    0    0     0  1304 18105 107071 66 32  3  0  0  0 2026-09-26 10:39:51
17  0      0  85480  73068 2254588    0    0     0  1196 18291 111878 65 32  3  0  0  0 2026-09-26 10:39:52
