2026-10-07T14:16:40+00:00
COMMAND         %CPU   RSS
nginx            2.4 32044
nginx            2.4 31708
mysqld           0.2 727628
isuride          0.1 12568
kworker/u4:0-wr  0.0     0
kworker/u4:4-ev  0.0     0
sh               0.0  1588
kworker/u4:3-ev  0.0     0
rcu_preempt      0.0     0
2026-10-07T14:16:42+00:00
COMMAND         %CPU   RSS
ps              20.0  3768
bash            20.0   580
bench           10.6 47168
nginx            2.4 32044
nginx            2.4 31708
bash             0.9  2052
isuride          0.7 14720
mysqld           0.2 757628
kworker/u4:0-ev  0.0     0
2026-10-07T14:16:45+00:00
COMMAND         %CPU   RSS
bench           19.3 55232
isuride          2.8 15500
nginx            2.4 32044
nginx            2.4 31708
bash             0.4  2052
mysqld           0.2 757684
kworker/u4:0-ev  0.0     0
kworker/u4:4-wr  0.0     0
sh               0.0  1588
2026-10-07T14:16:47+00:00
COMMAND         %CPU   RSS
bench           22.7 78532
isuride          4.8 16124
nginx            2.5 32044
nginx            2.4 31708
bash             0.3  2052
mysqld           0.2 757940
kworker/u4:0-ev  0.0     0
kworker/u4:4-ev  0.0     0
sh               0.0  1588
2026-10-07T14:16:49+00:00
COMMAND         %CPU   RSS
bench           23.9 107088
isuride          6.6 16784
nginx            2.5 32044
nginx            2.4 31708
mysqld           0.2 758900
bash             0.2  2056
kworker/u4:0-fl  0.0     0
kworker/u4:4-ev  0.0     0
kworker/u4:3-ev  0.0     0
2026-10-07T14:16:51+00:00
COMMAND         %CPU   RSS
bench           24.9 139256
isuride          8.4 18152
nginx            2.5 32044
nginx            2.5 31708
mysqld           0.2 759604
bash             0.1  2056
kworker/u4:0-ev  0.0     0
kworker/u4:4-ev  0.0     0
kworker/u4:3-ev  0.0     0
2026-10-07T14:16:53+00:00
COMMAND         %CPU   RSS
bench           26.2 150452
isuride         10.2 19040
nginx            2.5 32044
nginx            2.5 31708
mysqld           0.2 760064
bash             0.1  2056
kworker/u4:0-ev  0.0     0
kworker/u4:4-ev  0.0     0
kworker/u4:3-ev  0.0     0
2026-10-07T14:16:55+00:00
COMMAND         %CPU   RSS
bench           27.0 168608
isuride         11.8 19392
nginx            2.6 32044
nginx            2.5 31708
mysqld           0.2 760436
bash             0.1  2056
kworker/u4:0-ex  0.0     0
kworker/u4:4-ev  0.0     0
kworker/u4:3-ev  0.0     0
2026-10-07T14:16:57+00:00
COMMAND         %CPU   RSS
bench           27.9 183456
isuride         13.3 20404
nginx            2.6 32044
nginx            2.6 31708
mysqld           0.2 760808
bash             0.1  2056
kworker/u4:0-ev  0.0     0
kworker/u4:4-ev  0.0     0
kworker/u4:3-ev  0.0     0
2026-10-07T14:16:59+00:00
COMMAND         %CPU   RSS
bench           28.2 199084
isuride         14.6 21272
nginx            2.7 32044
nginx            2.6 31708
mysqld           0.2 761148
bash             0.1  2056
kworker/u4:0-ev  0.0     0
kworker/u4:4-fl  0.0     0
kworker/u4:3-ev  0.0     0
2026-10-07T14:17:01+00:00
COMMAND         %CPU   RSS
bench           28.5 215012
isuride         15.7 21880
nginx            2.7 32044
nginx            2.6 31708
mysqld           0.2 761472
bash             0.0  2056
kworker/u4:0-ev  0.0     0
kworker/u4:4-ev  0.0     0
kworker/u4:3-ev  0.0     0
2026-10-07T14:17:03+00:00
COMMAND         %CPU   RSS
bench           28.8 237092
isuride         16.8 22072
nginx            2.7 32044
nginx            2.7 31708
mysqld           0.2 761668
bash             0.0  2056
kworker/u4:0-wr  0.0     0
kworker/u4:4-ev  0.0     0
kworker/u4:3-ev  0.0     0
2026-10-07T14:17:05+00:00
COMMAND         %CPU   RSS
bench           29.3 251116
isuride         17.8 23412
nginx            2.7 32044
nginx            2.7 31708
mysqld           0.2 761740
kworker/u4:0-ev  0.0     0
bash             0.0  2056
kworker/u4:4-ex  0.0     0
kworker/u4:3-ev  0.0     0
2026-10-07T14:17:07+00:00
COMMAND         %CPU   RSS
bench           29.7 269444
isuride         18.6 24732
nginx            2.8 32044
nginx            2.7 31708
mysqld           0.2 762112
kworker/u4:0-fl  0.0     0
bash             0.0  2056
kworker/u4:4-fl  0.0     0
kworker/u4:3-ev  0.0     0
2026-10-07T14:17:09+00:00
COMMAND         %CPU   RSS
bench           29.9 289680
curl            20.0 11952
isuride         19.4 25260
nginx            2.8 32044
nginx            2.8 31708
mysqld           0.2 762832
kworker/u4:0-ex  0.0     0
bash             0.0  2056
kworker/u4:4-fl  0.0     0
2026-10-07T14:17:11+00:00
COMMAND         %CPU   RSS
bench           30.2 294260
isuride         20.2 25136
nginx            2.8 32044
nginx            2.8 31708
mysqld           0.2 763176
kworker/u4:0-ev  0.0     0
kworker/u4:4-fl  0.0     0
bash             0.0  2056
kworker/u4:3-ev  0.0     0
2026-10-07T14:17:13+00:00
COMMAND         %CPU   RSS
bench           30.7 311308
isuride         21.0 24368
nginx            2.9 32044
nginx            2.8 31708
mysqld           0.2 763372
kworker/u4:0-ev  0.0     0
kworker/u4:4-fl  0.0     0
bash             0.0  2056
kworker/u4:3-ev  0.0     0
2026-10-07T14:17:15+00:00
COMMAND         %CPU   RSS
bench           31.3 334484
isuride         21.6 26724
nginx            2.9 32044
nginx            2.9 31708
mysqld           0.2 763552
kworker/u4:0-ev  0.0     0
kworker/u4:4-fl  0.0     0
bash             0.0  2056
kworker/u4:3-ev  0.0     0
2026-10-07T14:17:17+00:00
COMMAND         %CPU   RSS
bench           31.5 336796
isuride         22.2 27552
curl             7.1 12344
nginx            2.9 32044
nginx            2.9 31708
mysqld           0.2 763656
kworker/u4:0-ev  0.1     0
kworker/u4:4-fl  0.0     0
bash             0.0  2056
2026-10-07T14:17:19+00:00
COMMAND         %CPU   RSS
bench           31.9 340664
isuride         22.5 28864
nginx            3.0 32044
nginx            2.9 31708
mysqld           0.2 763792
kworker/u4:0-fl  0.1     0
kworker/u4:4-fl  0.0     0
bash             0.0  2056
kworker/u4:2-ev  0.0     0
2026-10-07T14:17:21+00:00
COMMAND         %CPU   RSS
ps              50.0  3768
bench           32.3 354836
isuride         23.1 29528
curl             7.6 12344
nginx            3.0 32044
nginx            3.0 31708
mysqld           0.2 764056
kworker/u4:0-ev  0.1     0
kworker/u4:4-fl  0.0     0
2026-10-07T14:17:23+00:00
COMMAND         %CPU   RSS
bench           32.6 356036
isuride         23.5 30328
curl             5.0 12336
nginx            3.0 32044
nginx            3.0 31708
mysqld           0.2 764180
kworker/u4:0-ev  0.1     0
kworker/u4:4-fl  0.0     0
bash             0.0  2056
2026-10-07T14:17:25+00:00
COMMAND         %CPU   RSS
bench           33.0 384260
isuride         24.0 29120
curl             5.8 12344
nginx            3.1 32044
nginx            3.0 31708
mysqld           0.2 764576
kworker/u4:0-ex  0.1     0
kworker/u4:4-fl  0.0     0
bash             0.0  2056
2026-10-07T14:17:27+00:00
COMMAND         %CPU   RSS
bench           33.0 384552
isuride         24.4 29268
curl            14.2 12336
nginx            3.1 32044
nginx            3.1 31708
mysqld           0.2 764684
kworker/u4:0-ev  0.1     0
kworker/u4:4-fl  0.0     0
bash             0.0  2056
2026-10-07T14:17:29+00:00
COMMAND         %CPU   RSS
bench           33.2 404748
isuride         24.8 30980
nginx            3.1 32044
nginx            3.1 31708
mysqld           0.2 765220
kworker/u4:0-ev  0.1     0
kworker/u4:4-fl  0.0     0
bash             0.0  2056
kworker/u4:2-ev  0.0     0
2026-10-07T14:17:31+00:00
COMMAND         %CPU   RSS
bench           33.3 405992
isuride         25.2 32936
nginx            3.2 32044
nginx            3.1 31708
mysqld           0.2 765408
kworker/u4:0-ev  0.1     0
kworker/u4:4-fl  0.0     0
bash             0.0  2056
kworker/u4:2-ex  0.0     0
2026-10-07T14:17:33+00:00
COMMAND         %CPU   RSS
bench           33.5 430600
isuride         25.6 32380
nginx            3.2 32044
nginx            3.2 31708
curl             1.3 12344
mysqld           0.2 765724
kworker/u4:0-ex  0.1     0
kworker/u4:4-fl  0.0     0
bash             0.0  2056
2026-10-07T14:17:35+00:00
COMMAND         %CPU   RSS
bench           33.4 432212
isuride         26.0 32524
nginx            3.2 32044
nginx            3.2 31708
curl             2.7 12344
mysqld           0.2 765972
kworker/u4:0-ev  0.1     0
bash             0.0  2056
kworker/u4:4-ex  0.0     0
2026-10-07T14:17:37+00:00
COMMAND         %CPU   RSS
bench           33.5 447844
isuride         26.3 32052
nginx            3.3 32044
nginx            3.2 31708
curl             2.0 12332
mysqld           0.2 766256
kworker/u4:0-ev  0.1     0
bash             0.0  2056
kworker/u4:4-ev  0.0     0
2026-10-07T14:17:39+00:00
COMMAND         %CPU   RSS
bench           33.5 449704
isuride         26.7 34372
nginx            3.3 32044
nginx            3.3 31708
curl             2.3 12344
mysqld           0.2 766404
kworker/u4:0-ev  0.1     0
bash             0.0  2056
kworker/u4:4-ex  0.0     0
2026-10-07T14:17:41+00:00
COMMAND         %CPU   RSS
bench           33.7 472388
isuride         26.9 34260
nginx            3.3 32044
nginx            3.3 31708
mysqld           0.2 766536
kworker/u4:0-ev  0.1     0
bash             0.0  2056
kworker/u4:4-ev  0.0     0
kworker/u4:2-fl  0.0     0
2026-10-07T14:17:43+00:00
COMMAND         %CPU   RSS
bench           33.7 473652
isuride         27.2 26136
nginx            3.4 32044
nginx            3.3 31708
mysqld           0.2 766920
kworker/u4:0-wr  0.1     0
kworker/u4:4-ev  0.0     0
bash             0.0  2056
kworker/u4:2-fl  0.0     0
2026-10-07T14:17:45+00:00
COMMAND         %CPU   RSS
bench           33.7 501192
isuride         27.7 23916
nginx            3.4 32044
nginx            3.4 31708
mysqld           0.2 766920
kworker/u4:0-wr  0.1     0
kworker/u4:4-wr  0.0     0
bash             0.0  2056
kworker/u4:2-fl  0.0     0
