procs -----------memory---------- ---swap-- -----io---- -system-- -------cpu------- -----timestamp-----
 r  b   swpd   free   buff  cache   si   so    bi    bo   in   cs us sy id wa st gu                 UTC
 2  0      0 860684  97344 2079804    0    0     3    19  340    1  3  1 96  0  0  0 2026-10-07 14:16:40
 1  0      0 807384  97344 2081132    0    0    16 61180 11723 23137 27 13 39 20  0  0 2026-10-07 14:16:41
25  1      0 799132  97344 2080568    0    0     0  7020 15102 38296 26 12 58  3  0  0 2026-10-07 14:16:42
 0  0      0 795352  97344 2080808    0    0     0  6748 11703 34061 33 30 33  4  0  0 2026-10-07 14:16:43
 0  0      0 789556  97344 2081248    0    0     0 11228 20620 63356 36 29 31  3  0  0 2026-10-07 14:16:44
 6  2      0 785808  97344 2081840    0    0     0 12844 18586 63169 43 30 23  4  0  0 2026-10-07 14:16:45
 0  1      0 784408  97344 2082820    0    0     0 18188 19567 74087 48 36 12  5  0  0 2026-10-07 14:16:46
 9  1      0 770548  97344 2084640    0    0     0 19764 23511 90569 43 32 20  5  0  0 2026-10-07 14:16:47
34  0      0 747764  97344 2086784    0    0     0 24500 23217 89743 48 34 11  6  0  0 2026-10-07 14:16:48
 7  0      0 729988  97344 2087904    0    0     0 21432 21579 83001 51 34  9  7  0  0 2026-10-07 14:16:49
17  1      0 710372  97344 2089944    0    0     0 22628 21172 80611 50 36  7  7  0  0 2026-10-07 14:16:50
13  1      0 699688  97344 2090972    0    0     0 19336 19178 74315 56 36  5  3  0  0 2026-10-07 14:16:51
15  1      0 686600  97344 2092080    0    0     0 20360 19424 80345 56 39  2  2  0  0 2026-10-07 14:16:52
27  0      0 674280  97344 2093016    0    0     0 21052 18498 78656 53 37  6  4  0  0 2026-10-07 14:16:53
32  0      0 667004  97344 2094936    0    0     0 21112 18332 70628 54 42  3  2  0  0 2026-10-07 14:16:54
20  1      0 650376  97344 2096128    0    0     0 20596 19556 76060 56 42  2  1  0  0 2026-10-07 14:16:55
 8  2      0 645348  97344 2097080    0    0     0 18348 16691 64924 57 38  3  3  0  0 2026-10-07 14:16:56
11  1      0 630748  97344 2098276    0    0     0 22564 19672 81387 55 37  4  3  0  0 2026-10-07 14:16:57
49  1      0 630196  97344 2099404    0    0     0 27356 19315 76148 57 40  2  2  0  0 2026-10-07 14:16:58
53  1      0 612100  97344 2100560    0    0     0 23108 19341 79299 54 37  5  4  0  0 2026-10-07 14:16:59
65  1      0 610616  97344 2101684    0    0     0 23396 18584 76429 56 38  3  3  0  0 2026-10-07 14:17:00
procs -----------memory---------- ---swap-- -----io---- -system-- -------cpu------- -----timestamp-----
 r  b   swpd   free   buff  cache   si   so    bi    bo   in   cs us sy id wa st gu                 UTC
62  1      0 590488  97344 2102808    0    0     0 20592 17433 73459 56 38  4  3  0  0 2026-10-07 14:17:01
35  0      0 583404  97344 2104028    0    0     0 20528 17176 67734 56 37  4  3  0  0 2026-10-07 14:17:02
38  1      0 581948  97344 2105188    0    0     0 21624 19091 78151 56 42  2  1  0  0 2026-10-07 14:17:03
38  1      0 570680  97344 2106308    0    0     0 19412 17269 67024 58 36  4  2  0  0 2026-10-07 14:17:04
 9  0      0 565432  97344 2107324    0    0     0 20060 15612 64024 57 38  3  3  0  0 2026-10-07 14:17:05
 8  2      0 544292  97344 2108648    0    0     0 23380 18881 81123 56 40  2  2  0  0 2026-10-07 14:17:06
39  1      0 539564  97344 2111092    0    0     0 27140 19897 85553 54 41  3  3  0  0 2026-10-07 14:17:07
33  0      0 521568  97344 2113352    0    0     0 22672 18258 73630 57 36  5  3  0  0 2026-10-07 14:17:08
55  0      0 512880  97344 2114384    0    0     0 22904 17050 61728 59 39  1  1  0  0 2026-10-07 14:17:09
15  1      0 512500  97344 2115540    0    0     0 20280 17874 68627 58 39  2  1  0  0 2026-10-07 14:17:10
56  0      0 489712  97344 2116700    0    0     0 17300 15591 63573 58 36  4  2  0  0 2026-10-07 14:17:11
42  0      0 488956  97344 2117776    0    0     0 22556 16222 68211 58 39  2  1  0  0 2026-10-07 14:17:12
49  0      0 487712  97344 2119360    0    0     0 25004 19684 89771 57 39  2  2  0  0 2026-10-07 14:17:13
29  1      0 462020  97344 2120052    0    0     0 19404 14719 51483 60 39  1  1  0  0 2026-10-07 14:17:14
25  1      0 458520  97344 2120708    0    0     0  9436 10203 30674 58 41  1  1  0  0 2026-10-07 14:17:15
24  0      0 460404  97344 2121304    0    0     0 12900 12834 43199 58 40  2  1  0  0 2026-10-07 14:17:16
11  0      0 456684  97344 2121640    0    0     0  8244 6589 22239 59 41  0  0  0  0 2026-10-07 14:17:17
13  1      0 451408  97344 2122376    0    0     0 13708 12787 48520 58 39  3  1  0  0 2026-10-07 14:17:18
13  1      0 436036  97344 2123520    0    0     0 19400 16060 64754 60 38  2  1  0  0 2026-10-07 14:17:19
34  0      0 434304  97344 2124256    0    0     0 11016 12536 44374 61 38  1  1  0  0 2026-10-07 14:17:20
17  1      0 430344  97344 2125128    0    0     0 14128 14110 51248 60 38  1  1  0  0 2026-10-07 14:17:21
procs -----------memory---------- ---swap-- -----io---- -system-- -------cpu------- -----timestamp-----
 r  b   swpd   free   buff  cache   si   so    bi    bo   in   cs us sy id wa st gu                 UTC
 6  1      0 429392  97344 2125552    0    0     0  9472 9985 30954 56 42  1  1  0  0 2026-10-07 14:17:22
19  0      0 433056  97344 2126512    0    0     0 13252 14111 48812 62 37  1  0  0  0 2026-10-07 14:17:23
57  0      0 404628  97344 2127232    0    0     0 17752 13005 47971 59 36  3  2  0  0 2026-10-07 14:17:24
37  1      0 399820  97344 2128360    0    0     0 15440 14819 56275 60 37  3  1  0  0 2026-10-07 14:17:25
46  1      0 396124  97344 2129260    0    0     0 16100 13874 53511 61 37  2  1  0  0 2026-10-07 14:17:26
30  0      0 397096  97344 2130204    0    0     0 14892 14537 55155 62 37  1  1  0  0 2026-10-07 14:17:27
47  0      0 386884  97344 2131520    0    0     0 15552 15548 67563 61 38  2  1  0  0 2026-10-07 14:17:28
20  0      0 369808  97344 2132716    0    0     0 19448 16535 69499 62 37  1  1  0  0 2026-10-07 14:17:29
14  0      0 364584  97344 2135220    0    0     0 20988 17223 71066 60 37  2  1  0  0 2026-10-07 14:17:30
34  0      0 361380  97344 2137348    0    0     0 19848 16669 63299 56 39  3  1  0  0 2026-10-07 14:17:31
11  1      0 346560  97344 2138580    0    0     0 20212 17767 68597 58 40  2  1  0  0 2026-10-07 14:17:33
 5  1      0 331244  97344 2139840    0    0     0 21216 16992 74842 58 38  3  1  0  0 2026-10-07 14:17:34
27  1      0 325748  97344 2141124    0    0     0 24288 18546 74894 59 37  3  1  0  0 2026-10-07 14:17:35
34  0      0 322276  97344 2142208    0    0     0 18188 15823 57289 58 38  3  2  0  0 2026-10-07 14:17:36
25  0      0 326104  97344 2143316    0    0     0 18028 16068 60883 57 38  4  1  0  0 2026-10-07 14:17:37
29  1      0 312808  97344 2144620    0    0     0 21112 18533 73796 59 36  4  2  0  0 2026-10-07 14:17:38
16  0      0 308552  97344 2146192    0    0     0 22152 17591 77821 60 36  4  1  0  0 2026-10-07 14:17:39
54  0      0 305164  97344 2147176    0    0     0 16836 12497 47336 58 39  2  1  0  0 2026-10-07 14:17:40
13  0      0 288404  97344 2148212    0    0     0 17236 14609 55224 60 35  3  2  0  0 2026-10-07 14:17:41
39  0      0 275584  97344 2149072    0    0     0 17844 14220 53053 58 38  3  2  0  0 2026-10-07 14:17:42
45  0      0 274888  97344 2149956    0    0     0 15276 17371 67498 59 36  4  1  0  0 2026-10-07 14:17:43
procs -----------memory---------- ---swap-- -----io---- -system-- -------cpu------- -----timestamp-----
 r  b   swpd   free   buff  cache   si   so    bi    bo   in   cs us sy id wa st gu                 UTC
15  0      0 277012  97344 2151060    0    0     0  5200 13589 85459 60 33  7  1  0  0 2026-10-07 14:17:44
 8  0      0 262796  97344 2152264    0    0     0  3672 17248 103659 61 31  8  0  0  0 2026-10-07 14:17:45
 9  0      0 260184  97344 2153728    0    0     0  3344 19516 123506 58 35  8  0  0  0 2026-10-07 14:17:46
 3  0      0 256700  97344 2155056    0    0     0  2124 18565 110948 59 34  7  0  0  0 2026-10-07 14:17:47
