time=00:45:42.856 level=DEBUG source=/tmp/isucon14/bench/cmd/run.go:90 msg=target targetURL=https://isuride.xiv.isucon.net targetAddr=127.0.0.1:443 benchrun.GetTargetAddress()="" paymentURL=http://127.0.0.1:12346
time=00:45:42.856 level=INFO msg=負荷走行を開始します
time=00:45:45.616 level=DEBUG source=/tmp/isucon14/bench/benchmarker/scenario/scenario.go:315 msg=時間経過 tick=60
time=00:45:45.616 level=DEBUG source=/tmp/isucon14/bench/benchmarker/scenario/scenario.go:317 msg=eval reqs=5 score="[0 0 0 3 2]" criteria="[5 2 5 5]"
time=00:45:47.406 level=INFO msg=一定の売上が立ったためオーナーの椅子が増加します 名前=再座堂 増加数=1
time=00:45:47.411 level=INFO msg=一定の売上が立ったためオーナーの椅子が増加します 名前=ReSit 増加数=2
time=00:45:47.413 level=INFO msg=一定の売上が立ったためオーナーの椅子が増加します 名前=和やか交通 増加数=1
time=00:45:47.416 level=DEBUG source=/tmp/isucon14/bench/benchmarker/scenario/scenario.go:315 msg=時間経過 tick=120
time=00:45:47.417 level=DEBUG source=/tmp/isucon14/bench/benchmarker/scenario/scenario.go:317 msg=eval reqs=20 score="[0 0 0 13 7]" criteria="[20 7 20 20]"
time=00:45:49.201 level=INFO msg=一定の売上が立ったためオーナーの椅子が増加します 名前=和やか交通 増加数=1
time=00:45:49.203 level=INFO msg=一定の売上が立ったためオーナーの椅子が増加します 名前="Timeless Seats" 増加数=1
time=00:45:49.205 level=INFO msg=一定の売上が立ったためオーナーの椅子が増加します 名前=再座堂 増加数=1
time=00:45:49.209 level=INFO msg=一定の売上が立ったためオーナーの椅子が増加します 名前=ReSit 増加数=1
time=00:45:49.210 level=INFO msg=一定の売上が立ったためオーナーの椅子が増加します 名前="LuxeLine Taxi" 増加数=1
time=00:45:49.216 level=DEBUG source=/tmp/isucon14/bench/benchmarker/scenario/scenario.go:315 msg=時間経過 tick=180
time=00:45:49.216 level=DEBUG source=/tmp/isucon14/bench/benchmarker/scenario/scenario.go:317 msg=eval reqs=34 score="[0 0 0 25 9]" criteria="[34 9 34 34]"
time=00:45:49.216 level=INFO msg=これまでに地域内の評判によって7人、既存ユーザーの招待経由で34人が新規登録しました
time=00:45:49.216 level=INFO msg=0.0%のライドは椅子がマッチされるまでの時間、73.5%のライドはマッチされた椅子が乗車地点までに掛かる時間、0.0%のライドは椅子の実移動時間に不満がありました
time=00:45:50.817 level=WARN msg="ユーザー登録に失敗しました (CODE=17): POST /api/app/usersへのリクエストに対して、期待されたHTTPステータスコードが確認できませんでした (expected:201, actual:500)"
time=00:45:51.004 level=INFO msg=一定の売上が立ったためオーナーの椅子が増加します 名前="Timeless Seats" 増加数=1
time=00:45:51.011 level=INFO msg=一定の売上が立ったためオーナーの椅子が増加します 名前="LuxeLine Taxi" 増加数=2
time=00:45:51.012 level=INFO msg=一定の売上が立ったためオーナーの椅子が増加します 名前=ReSit 増加数=1
time=00:45:51.015 level=INFO msg=一定の売上が立ったためオーナーの椅子が増加します 名前=再座堂 増加数=1
time=00:45:51.016 level=DEBUG source=/tmp/isucon14/bench/benchmarker/scenario/scenario.go:315 msg=時間経過 tick=240
time=00:45:51.016 level=DEBUG source=/tmp/isucon14/bench/benchmarker/scenario/scenario.go:317 msg=eval reqs=49 score="[0 0 0 38 11]" criteria="[49 11 49 49]"
time=00:45:52.686 level=WARN msg="ユーザー登録に失敗しました (CODE=17): POST /api/app/usersへのリクエストに対して、期待されたHTTPステータスコードが確認できませんでした (expected:201, actual:500)"
time=00:45:52.811 level=INFO msg=一定の売上が立ったためオーナーの椅子が増加します 名前=和やか交通 増加数=3
time=00:45:52.811 level=INFO msg=一定の売上が立ったためオーナーの椅子が増加します 名前=ReSit 増加数=1
time=00:45:52.813 level=INFO msg=一定の売上が立ったためオーナーの椅子が増加します 名前=再座堂 増加数=2
time=00:45:52.816 level=DEBUG source=/tmp/isucon14/bench/benchmarker/scenario/scenario.go:315 msg=時間経過 tick=300
time=00:45:52.816 level=DEBUG source=/tmp/isucon14/bench/benchmarker/scenario/scenario.go:317 msg=eval reqs=64 score="[0 0 7 45 12]" criteria="[64 12 64 57]"
time=00:45:54.593 level=INFO msg=一定の売上が立ったためオーナーの椅子が増加します 名前="LuxeLine Taxi" 増加数=1
time=00:45:54.616 level=INFO msg=これまでに地域内の評判によって19人、既存ユーザーの招待経由で57人が新規登録しました
time=00:45:54.616 level=INFO msg=これまでに低評価なライドによって3人が利用をやめました
time=00:45:54.616 level=INFO msg=1.3%のライドは椅子がマッチされるまでの時間、82.7%のライドはマッチされた椅子が乗車地点までに掛かる時間、12.7%のライドは椅子の実移動時間に不満がありました
time=00:45:54.616 level=DEBUG source=/tmp/isucon14/bench/benchmarker/scenario/scenario.go:315 msg=時間経過 tick=360
time=00:45:54.616 level=DEBUG source=/tmp/isucon14/bench/benchmarker/scenario/scenario.go:317 msg=eval reqs=75 score="[0 3 13 47 12]" criteria="[74 13 72 59]"
time=00:45:54.626 level=INFO msg=一定の売上が立ったためオーナーの椅子が増加します 名前=ReSit 増加数=1
time=00:45:54.626 level=INFO msg=一定の売上が立ったためオーナーの椅子が増加します 名前=和やか交通 増加数=1
time=00:45:54.627 level=INFO msg=一定の売上が立ったためオーナーの椅子が増加します 名前="Timeless Seats" 増加数=2
time=00:45:56.416 level=DEBUG source=/tmp/isucon14/bench/benchmarker/scenario/scenario.go:315 msg=時間経過 tick=420
time=00:45:56.416 level=DEBUG source=/tmp/isucon14/bench/benchmarker/scenario/scenario.go:317 msg=eval reqs=90 score="[0 10 17 50 13]" criteria="[77 20 86 63]"
time=00:45:56.441 level=INFO msg=一定の売上が立ったためオーナーの椅子が増加します 名前="LuxeLine Taxi" 増加数=2
time=00:45:56.455 level=INFO msg=一定の売上が立ったためオーナーの椅子が増加します 名前=ReSit 増加数=2
time=00:45:56.455 level=INFO msg=一定の売上が立ったためオーナーの椅子が増加します 名前=和やか交通 増加数=1
time=00:45:56.472 level=INFO msg=一定の売上が立ったためオーナーの椅子が増加します 名前=再座堂 増加数=2
time=00:45:58.209 level=INFO msg=一定の売上が立ったためオーナーの椅子が増加します 名前="Timeless Seats" 増加数=1
time=00:45:58.216 level=DEBUG source=/tmp/isucon14/bench/benchmarker/scenario/scenario.go:315 msg=時間経過 tick=480
time=00:45:58.216 level=DEBUG source=/tmp/isucon14/bench/benchmarker/scenario/scenario.go:317 msg=eval reqs=109 score="[7 14 24 51 13]" criteria="[79 27 96 65]"
time=00:45:58.245 level=INFO msg=一定の売上が立ったためオーナーの椅子が増加します 名前=再座堂 増加数=1
time=00:45:58.246 level=INFO msg=一定の売上が立ったためオーナーの椅子が増加します 名前=ReSit 増加数=2
time=00:45:58.268 level=INFO msg=一定の売上が立ったためオーナーの椅子が増加します 名前=和やか交通 増加数=2
time=00:46:00.016 level=INFO msg=これまでに地域内の評判によって31人、既存ユーザーの招待経由で63人が新規登録しました
time=00:46:00.016 level=INFO msg=これまでに低評価なライドによって17人が利用をやめました
time=00:46:00.016 level=INFO msg=37.3%のライドは椅子がマッチされるまでの時間、73.8%のライドはマッチされた椅子が乗車地点までに掛かる時間、31.7%のライドは椅子の実移動時間に不満がありました
time=00:46:00.016 level=DEBUG source=/tmp/isucon14/bench/benchmarker/scenario/scenario.go:315 msg=時間経過 tick=540
time=00:46:00.016 level=DEBUG source=/tmp/isucon14/bench/benchmarker/scenario/scenario.go:317 msg=eval reqs=126 score="[14 18 29 52 13]" criteria="[79 33 104 68]"
time=00:46:00.091 level=INFO msg=一定の売上が立ったためオーナーの椅子が増加します 名前=和やか交通 増加数=1
time=00:46:00.091 level=INFO msg=一定の売上が立ったためオーナーの椅子が増加します 名前=再座堂 増加数=1
time=00:46:00.102 level=INFO msg=一定の売上が立ったためオーナーの椅子が増加します 名前=ReSit 増加数=1
time=00:46:01.816 level=DEBUG source=/tmp/isucon14/bench/benchmarker/scenario/scenario.go:315 msg=時間経過 tick=600
time=00:46:01.816 level=DEBUG source=/tmp/isucon14/bench/benchmarker/scenario/scenario.go:317 msg=eval reqs=145 score="[23 24 33 52 13]" criteria="[82 39 108 69]"
time=00:46:01.822 level=INFO msg=一定の売上が立ったためオーナーの椅子が増加します 名前=ReSit 増加数=1
time=00:46:01.824 level=INFO msg=一定の売上が立ったためオーナーの椅子が増加します 名前=和やか交通 増加数=2
time=00:46:01.839 level=INFO msg=一定の売上が立ったためオーナーの椅子が増加します 名前="Timeless Seats" 増加数=1
time=00:46:01.889 level=INFO msg=一定の売上が立ったためオーナーの椅子が増加します 名前=再座堂 増加数=2
time=00:46:01.890 level=INFO msg=一定の売上が立ったためオーナーの椅子が増加します 名前="LuxeLine Taxi" 増加数=1
time=00:46:03.616 level=DEBUG source=/tmp/isucon14/bench/benchmarker/scenario/scenario.go:315 msg=時間経過 tick=660
time=00:46:03.616 level=DEBUG source=/tmp/isucon14/bench/benchmarker/scenario/scenario.go:317 msg=eval reqs=163 score="[30 29 35 55 14]" criteria="[86 46 114 74]"
time=00:46:03.690 level=INFO msg=一定の売上が立ったためオーナーの椅子が増加します 名前=ReSit 増加数=1
time=00:46:03.690 level=INFO msg=一定の売上が立ったためオーナーの椅子が増加します 名前=和やか交通 増加数=1
time=00:46:03.711 level=INFO msg=一定の売上が立ったためオーナーの椅子が増加します 名前=再座堂 増加数=2
time=00:46:05.416 level=DEBUG source=/tmp/isucon14/bench/benchmarker/scenario/scenario.go:315 msg=時間経過 tick=720
time=00:46:05.416 level=DEBUG source=/tmp/isucon14/bench/benchmarker/scenario/scenario.go:317 msg=eval reqs=185 score="[37 36 38 59 15]" criteria="[98 54 121 76]"
time=00:46:05.416 level=INFO msg=これまでに地域内の評判によって43人、既存ユーザーの招待経由で70人が新規登録しました
time=00:46:05.416 level=INFO msg=これまでに低評価なライドによって37人が利用をやめました
time=00:46:05.416 level=INFO msg=47.0%のライドは椅子がマッチされるまでの時間、70.8%のライドはマッチされた椅子が乗車地点までに掛かる時間、46.8%のライドは椅子の実移動時間に不満がありました
time=00:46:05.433 level=INFO msg=一定の売上が立ったためオーナーの椅子が増加します 名前="LuxeLine Taxi" 増加数=2
time=00:46:05.474 level=INFO msg=一定の売上が立ったためオーナーの椅子が増加します 名前="Timeless Seats" 増加数=1
time=00:46:05.488 level=INFO msg=一定の売上が立ったためオーナーの椅子が増加します 名前=和やか交通 増加数=2
time=00:46:05.490 level=INFO msg=一定の売上が立ったためオーナーの椅子が増加します 名前=ReSit 増加数=1
time=00:46:05.499 level=INFO msg=一定の売上が立ったためオーナーの椅子が増加します 名前=再座堂 増加数=1
time=00:46:07.216 level=DEBUG source=/tmp/isucon14/bench/benchmarker/scenario/scenario.go:315 msg=時間経過 tick=780
time=00:46:07.216 level=DEBUG source=/tmp/isucon14/bench/benchmarker/scenario/scenario.go:317 msg=eval reqs=209 score="[40 45 42 66 16]" criteria="[118 64 128 81]"
time=00:46:07.240 level=INFO msg=一定の売上が立ったためオーナーの椅子が増加します 名前="Timeless Seats" 増加数=2
time=00:46:07.242 level=INFO msg=一定の売上が立ったためオーナーの椅子が増加します 名前=再座堂 増加数=3
time=00:46:07.274 level=INFO msg=一定の売上が立ったためオーナーの椅子が増加します 名前=ReSit 増加数=1
time=00:46:07.306 level=INFO msg=一定の売上が立ったためオーナーの椅子が増加します 名前=和やか交通 増加数=1
time=00:46:07.333 level=INFO msg=一定の売上が立ったためオーナーの椅子が増加します 名前="LuxeLine Taxi" 増加数=1
time=00:46:09.016 level=DEBUG source=/tmp/isucon14/bench/benchmarker/scenario/scenario.go:315 msg=時間経過 tick=840
time=00:46:09.016 level=DEBUG source=/tmp/isucon14/bench/benchmarker/scenario/scenario.go:317 msg=eval reqs=229 score="[41 53 49 68 18]" criteria="[137 75 132 83]"
time=00:46:09.067 level=INFO msg=一定の売上が立ったためオーナーの椅子が増加します 名前="LuxeLine Taxi" 増加数=1
time=00:46:09.071 level=INFO msg=一定の売上が立ったためオーナーの椅子が増加します 名前=ReSit 増加数=1
time=00:46:09.098 level=INFO msg=一定の売上が立ったためオーナーの椅子が増加します 名前=和やか交通 増加数=4
time=00:46:10.817 level=DEBUG source=/tmp/isucon14/bench/benchmarker/scenario/scenario.go:315 msg=時間経過 tick=900
time=00:46:10.817 level=DEBUG source=/tmp/isucon14/bench/benchmarker/scenario/scenario.go:317 msg=eval reqs=254 score="[41 65 54 75 19]" criteria="[162 88 139 85]"
time=00:46:10.817 level=INFO msg=これまでに地域内の評判によって55人、既存ユーザーの招待経由で86人が新規登録しました
time=00:46:10.817 level=INFO msg=これまでに低評価なライドによって53人が利用をやめました
time=00:46:10.817 level=INFO msg=36.2%のライドは椅子がマッチされるまでの時間、65.4%のライドはマッチされた椅子が乗車地点までに掛かる時間、55.9%のライドは椅子の実移動時間に不満がありました
time=00:46:10.820 level=INFO msg=一定の売上が立ったためオーナーの椅子が増加します 名前="Timeless Seats" 増加数=1
time=00:46:10.820 level=INFO msg=一定の売上が立ったためオーナーの椅子が増加します 名前=ReSit 増加数=2
time=00:46:10.925 level=INFO msg=一定の売上が立ったためオーナーの椅子が増加します 名前=再座堂 増加数=2
time=00:46:10.927 level=INFO msg=一定の売上が立ったためオーナーの椅子が増加します 名前=和やか交通 増加数=1
time=00:46:12.616 level=DEBUG source=/tmp/isucon14/bench/benchmarker/scenario/scenario.go:315 msg=時間経過 tick=960
time=00:46:12.617 level=DEBUG source=/tmp/isucon14/bench/benchmarker/scenario/scenario.go:317 msg=eval reqs=289 score="[41 78 65 84 21]" criteria="[196 109 149 90]"
time=00:46:12.678 level=INFO msg=一定の売上が立ったためオーナーの椅子が増加します 名前="LuxeLine Taxi" 増加数=3
time=00:46:12.712 level=INFO msg=一定の売上が立ったためオーナーの椅子が増加します 名前="Timeless Seats" 増加数=1
time=00:46:12.750 level=INFO msg=一定の売上が立ったためオーナーの椅子が増加します 名前=ReSit 増加数=2
time=00:46:12.757 level=INFO msg=一定の売上が立ったためオーナーの椅子が増加します 名前=再座堂 増加数=3
time=00:46:12.819 level=INFO msg=一定の売上が立ったためオーナーの椅子が増加します 名前=和やか交通 増加数=2
time=00:46:14.416 level=DEBUG source=/tmp/isucon14/bench/benchmarker/scenario/scenario.go:315 msg=時間経過 tick=1020
time=00:46:14.416 level=DEBUG source=/tmp/isucon14/bench/benchmarker/scenario/scenario.go:317 msg=eval reqs=317 score="[42 88 76 90 21]" criteria="[223 125 155 91]"
time=00:46:14.524 level=INFO msg=一定の売上が立ったためオーナーの椅子が増加します 名前="Timeless Seats" 増加数=3
time=00:46:14.553 level=INFO msg=一定の売上が立ったためオーナーの椅子が増加します 名前=ReSit 増加数=1
time=00:46:14.562 level=INFO msg=一定の売上が立ったためオーナーの椅子が増加します 名前=再座堂 増加数=1
time=00:46:14.598 level=INFO msg=一定の売上が立ったためオーナーの椅子が増加します 名前=和やか交通 増加数=2
time=00:46:15.427 level=WARN msg="ユーザー登録に失敗しました (CODE=17): POST /api/app/usersへのリクエストに対して、期待されたHTTPステータスコードが確認できませんでした (expected:201, actual:500)"
time=00:46:16.216 level=DEBUG source=/tmp/isucon14/bench/benchmarker/scenario/scenario.go:315 msg=時間経過 tick=1080
time=00:46:16.216 level=DEBUG source=/tmp/isucon14/bench/benchmarker/scenario/scenario.go:317 msg=eval reqs=344 score="[42 98 84 99 21]" criteria="[250 142 162 93]"
time=00:46:16.216 level=INFO msg=これまでに地域内の評判によって67人、既存ユーザーの招待経由で109人が新規登録しました
time=00:46:16.216 level=INFO msg=これまでに低評価なライドによって68人が利用をやめました
time=00:46:16.216 level=INFO msg=27.3%のライドは椅子がマッチされるまでの時間、58.7%のライドはマッチされた椅子が乗車地点までに掛かる時間、62.9%のライドは椅子の実移動時間に不満がありました
time=00:46:16.323 level=INFO msg=一定の売上が立ったためオーナーの椅子が増加します 名前=再座堂 増加数=2
time=00:46:16.353 level=INFO msg=一定の売上が立ったためオーナーの椅子が増加します 名前=和やか交通 増加数=2
time=00:46:16.406 level=INFO msg=一定の売上が立ったためオーナーの椅子が増加します 名前="LuxeLine Taxi" 増加数=1
time=00:46:16.475 level=INFO msg=一定の売上が立ったためオーナーの椅子が増加します 名前=ReSit 増加数=1
time=00:46:17.151 level=WARN msg="ユーザー登録に失敗しました (CODE=17): POST /api/app/usersへのリクエストに対して、期待されたHTTPステータスコードが確認できませんでした (expected:201, actual:500)"
time=00:46:18.016 level=DEBUG source=/tmp/isucon14/bench/benchmarker/scenario/scenario.go:315 msg=時間経過 tick=1140
time=00:46:18.016 level=DEBUG source=/tmp/isucon14/bench/benchmarker/scenario/scenario.go:317 msg=eval reqs=381 score="[43 110 99 107 22]" criteria="[286 166 168 97]"
time=00:46:18.163 level=INFO msg=一定の売上が立ったためオーナーの椅子が増加します 名前="LuxeLine Taxi" 増加数=2
time=00:46:18.165 level=INFO msg=一定の売上が立ったためオーナーの椅子が増加します 名前=再座堂 増加数=2
time=00:46:18.182 level=INFO msg=一定の売上が立ったためオーナーの椅子が増加します 名前=和やか交通 増加数=2
time=00:46:18.216 level=INFO msg=一定の売上が立ったためオーナーの椅子が増加します 名前="Timeless Seats" 増加数=1
time=00:46:18.278 level=INFO msg=一定の売上が立ったためオーナーの椅子が増加します 名前=ReSit 増加数=2
time=00:46:19.816 level=DEBUG source=/tmp/isucon14/bench/benchmarker/scenario/scenario.go:315 msg=時間経過 tick=1200
time=00:46:19.816 level=DEBUG source=/tmp/isucon14/bench/benchmarker/scenario/scenario.go:317 msg=eval reqs=410 score="[44 117 116 111 22]" criteria="[314 187 172 97]"
time=00:46:19.872 level=INFO msg=一定の売上が立ったためオーナーの椅子が増加します 名前="Timeless Seats" 増加数=2
time=00:46:19.875 level=INFO msg=一定の売上が立ったためオーナーの椅子が増加します 名前=和やか交通 増加数=3
time=00:46:19.899 level=INFO msg=一定の売上が立ったためオーナーの椅子が増加します 名前=再座堂 増加数=1
time=00:46:19.901 level=INFO msg=一定の売上が立ったためオーナーの椅子が増加します 名前="LuxeLine Taxi" 増加数=1
time=00:46:19.950 level=INFO msg=一定の売上が立ったためオーナーの椅子が増加します 名前=ReSit 増加数=1
time=00:46:21.616 level=INFO msg=これまでに地域内の評判によって79人、既存ユーザーの招待経由で122人が新規登録しました
time=00:46:21.616 level=INFO msg=これまでに低評価なライドによって74人が利用をやめました
time=00:46:21.616 level=INFO msg=22.0%のライドは椅子がマッチされるまでの時間、51.9%のライドはマッチされた椅子が乗車地点までに掛かる時間、68.8%のライドは椅子の実移動時間に不満がありました
time=00:46:21.616 level=DEBUG source=/tmp/isucon14/bench/benchmarker/scenario/scenario.go:315 msg=時間経過 tick=1260
time=00:46:21.616 level=DEBUG source=/tmp/isucon14/bench/benchmarker/scenario/scenario.go:317 msg=eval reqs=441 score="[45 121 137 116 22]" criteria="[344 212 177 98]"
time=00:46:21.701 level=INFO msg=一定の売上が立ったためオーナーの椅子が増加します 名前="LuxeLine Taxi" 増加数=1
time=00:46:21.733 level=INFO msg=一定の売上が立ったためオーナーの椅子が増加します 名前=ReSit 増加数=2
time=00:46:21.756 level=INFO msg=一定の売上が立ったためオーナーの椅子が増加します 名前=再座堂 増加数=2
time=00:46:21.810 level=INFO msg=一定の売上が立ったためオーナーの椅子が増加します 名前=和やか交通 増加数=1
time=00:46:21.812 level=INFO msg=一定の売上が立ったためオーナーの椅子が増加します 名前="Timeless Seats" 増加数=1
time=00:46:23.416 level=DEBUG source=/tmp/isucon14/bench/benchmarker/scenario/scenario.go:315 msg=時間経過 tick=1320
time=00:46:23.416 level=DEBUG source=/tmp/isucon14/bench/benchmarker/scenario/scenario.go:317 msg=eval reqs=479 score="[45 133 156 123 22]" criteria="[382 237 184 99]"
time=00:46:23.516 level=INFO msg=一定の売上が立ったためオーナーの椅子が増加します 名前="Timeless Seats" 増加数=2
time=00:46:23.522 level=INFO msg=一定の売上が立ったためオーナーの椅子が増加します 名前="LuxeLine Taxi" 増加数=2
time=00:46:23.553 level=INFO msg=一定の売上が立ったためオーナーの椅子が増加します 名前=ReSit 増加数=2
time=00:46:23.558 level=INFO msg=一定の売上が立ったためオーナーの椅子が増加します 名前=和やか交通 増加数=3
time=00:46:23.673 level=INFO msg=一定の売上が立ったためオーナーの椅子が増加します 名前=再座堂 増加数=2
time=00:46:25.216 level=DEBUG source=/tmp/isucon14/bench/benchmarker/scenario/scenario.go:315 msg=時間経過 tick=1380
time=00:46:25.216 level=DEBUG source=/tmp/isucon14/bench/benchmarker/scenario/scenario.go:317 msg=eval reqs=512 score="[45 142 170 132 23]" criteria="[415 261 193 101]"
time=00:46:25.290 level=INFO msg=一定の売上が立ったためオーナーの椅子が増加します 名前=再座堂 増加数=2
time=00:46:25.301 level=INFO msg=一定の売上が立ったためオーナーの椅子が増加します 名前=ReSit 増加数=1
time=00:46:25.325 level=INFO msg=一定の売上が立ったためオーナーの椅子が増加します 名前=和やか交通 増加数=1
time=00:46:25.416 level=INFO msg=一定の売上が立ったためオーナーの椅子が増加します 名前="Timeless Seats" 増加数=1
time=00:46:25.420 level=INFO msg=一定の売上が立ったためオーナーの椅子が増加します 名前="LuxeLine Taxi" 増加数=1
time=00:46:27.016 level=DEBUG source=/tmp/isucon14/bench/benchmarker/scenario/scenario.go:315 msg=時間経過 tick=1440
time=00:46:27.016 level=DEBUG source=/tmp/isucon14/bench/benchmarker/scenario/scenario.go:317 msg=eval reqs=555 score="[46 147 196 143 23]" criteria="[457 298 202 103]"
time=00:46:27.016 level=INFO msg=これまでに地域内の評判によって91人、既存ユーザーの招待経由で145人が新規登録しました
time=00:46:27.016 level=INFO msg=これまでに低評価なライドによって81人が利用をやめました
time=00:46:27.016 level=INFO msg=17.7%のライドは椅子がマッチされるまでの時間、46.3%のライドはマッチされた椅子が乗車地点までに掛かる時間、72.5%のライドは椅子の実移動時間に不満がありました
time=00:46:27.070 level=INFO msg=一定の売上が立ったためオーナーの椅子が増加します 名前=再座堂 増加数=1
time=00:46:27.143 level=INFO msg=一定の売上が立ったためオーナーの椅子が増加します 名前=和やか交通 増加数=2
time=00:46:27.261 level=INFO msg=一定の売上が立ったためオーナーの椅子が増加します 名前=ReSit 増加数=1
time=00:46:27.266 level=INFO msg=一定の売上が立ったためオーナーの椅子が増加します 名前="Timeless Seats" 増加数=2
time=00:46:27.382 level=INFO msg=一定の売上が立ったためオーナーの椅子が増加します 名前="LuxeLine Taxi" 増加数=2
time=00:46:28.816 level=DEBUG source=/tmp/isucon14/bench/benchmarker/scenario/scenario.go:315 msg=時間経過 tick=1500
time=00:46:28.816 level=DEBUG source=/tmp/isucon14/bench/benchmarker/scenario/scenario.go:317 msg=eval reqs=588 score="[46 149 216 154 23]" criteria="[490 329 212 104]"
time=00:46:28.920 level=INFO msg=一定の売上が立ったためオーナーの椅子が増加します 名前="Timeless Seats" 増加数=1
time=00:46:29.002 level=INFO msg=一定の売上が立ったためオーナーの椅子が増加します 名前=ReSit 増加数=2
time=00:46:29.036 level=INFO msg=一定の売上が立ったためオーナーの椅子が増加します 名前=和やか交通 増加数=2
time=00:46:29.147 level=INFO msg=一定の売上が立ったためオーナーの椅子が増加します 名前="LuxeLine Taxi" 増加数=1
time=00:46:29.413 level=INFO msg=一定の売上が立ったためオーナーの椅子が増加します 名前=再座堂 増加数=2
time=00:46:30.616 level=DEBUG source=/tmp/isucon14/bench/benchmarker/scenario/scenario.go:315 msg=時間経過 tick=1560
time=00:46:30.616 level=DEBUG source=/tmp/isucon14/bench/benchmarker/scenario/scenario.go:317 msg=eval reqs=629 score="[49 153 246 158 23]" criteria="[528 363 216 104]"
time=00:46:30.674 level=INFO msg=一定の売上が立ったためオーナーの椅子が増加します 名前="Timeless Seats" 増加数=2
time=00:46:30.748 level=INFO msg=一定の売上が立ったためオーナーの椅子が増加します 名前=和やか交通 増加数=2
time=00:46:30.878 level=INFO msg=一定の売上が立ったためオーナーの椅子が増加します 名前=再座堂 増加数=1
time=00:46:30.881 level=INFO msg=一定の売上が立ったためオーナーの椅子が増加します 名前=ReSit 増加数=1
time=00:46:32.417 level=DEBUG source=/tmp/isucon14/bench/benchmarker/scenario/scenario.go:315 msg=時間経過 tick=1620
time=00:46:32.417 level=DEBUG source=/tmp/isucon14/bench/benchmarker/scenario/scenario.go:317 msg=eval reqs=655 score="[49 156 265 162 23]" criteria="[554 386 220 104]"
time=00:46:32.417 level=INFO msg=これまでに地域内の評判によって103人、既存ユーザーの招待経由で162人が新規登録しました
time=00:46:32.417 level=INFO msg=これまでに低評価なライドによって83人が利用をやめました
time=00:46:32.417 level=INFO msg=15.4%のライドは椅子がマッチされるまでの時間、41.1%のライドはマッチされた椅子が乗車地点までに掛かる時間、75.3%のライドは椅子の実移動時間に不満がありました
time=00:46:32.487 level=INFO msg=一定の売上が立ったためオーナーの椅子が増加します 名前=ReSit 増加数=2
time=00:46:32.606 level=INFO msg=一定の売上が立ったためオーナーの椅子が増加します 名前="Timeless Seats" 増加数=1
time=00:46:32.641 level=INFO msg=一定の売上が立ったためオーナーの椅子が増加します 名前="LuxeLine Taxi" 増加数=3
time=00:46:32.643 level=INFO msg=一定の売上が立ったためオーナーの椅子が増加します 名前=再座堂 増加数=1
time=00:46:32.689 level=INFO msg=一定の売上が立ったためオーナーの椅子が増加します 名前=和やか交通 増加数=1
time=00:46:34.216 level=DEBUG source=/tmp/isucon14/bench/benchmarker/scenario/scenario.go:315 msg=時間経過 tick=1680
time=00:46:34.216 level=DEBUG source=/tmp/isucon14/bench/benchmarker/scenario/scenario.go:317 msg=eval reqs=695 score="[49 158 296 169 23]" criteria="[594 424 224 107]"
time=00:46:34.364 level=INFO msg=一定の売上が立ったためオーナーの椅子が増加します 名前="Timeless Seats" 増加数=1
time=00:46:34.552 level=INFO msg=一定の売上が立ったためオーナーの椅子が増加します 名前="LuxeLine Taxi" 増加数=2
time=00:46:34.617 level=INFO msg=一定の売上が立ったためオーナーの椅子が増加します 名前=再座堂 増加数=2
time=00:46:34.631 level=INFO msg=一定の売上が立ったためオーナーの椅子が増加します 名前=和やか交通 増加数=2
time=00:46:36.016 level=DEBUG source=/tmp/isucon14/bench/benchmarker/scenario/scenario.go:315 msg=時間経過 tick=1740
time=00:46:36.016 level=DEBUG source=/tmp/isucon14/bench/benchmarker/scenario/scenario.go:317 msg=eval reqs=738 score="[50 164 330 171 23]" criteria="[636 460 225 108]"
time=00:46:36.148 level=INFO msg=一定の売上が立ったためオーナーの椅子が増加します 名前="Timeless Seats" 増加数=1
time=00:46:36.189 level=INFO msg=一定の売上が立ったためオーナーの椅子が増加します 名前=ReSit 増加数=4
time=00:46:36.249 level=INFO msg=一定の売上が立ったためオーナーの椅子が増加します 名前=再座堂 増加数=1
time=00:46:36.409 level=INFO msg=一定の売上が立ったためオーナーの椅子が増加します 名前="LuxeLine Taxi" 増加数=1
time=00:46:36.452 level=INFO msg=一定の売上が立ったためオーナーの椅子が増加します 名前=和やか交通 増加数=1
time=00:46:37.695 level=WARN msg="取得した付近の椅子情報に不備があります (CODE=30): ID:01M3F6AY62S7V5DB94GHH2KNGFの椅子は既にライド中です"
time=00:46:37.816 level=INFO msg=これまでに地域内の評判によって115人、既存ユーザーの招待経由で175人が新規登録しました
time=00:46:37.816 level=INFO msg=これまでに低評価なライドによって88人が利用をやめました
time=00:46:37.816 level=INFO msg=13.2%のライドは椅子がマッチされるまでの時間、36.6%のライドはマッチされた椅子が乗車地点までに掛かる時間、78.1%のライドは椅子の実移動時間に不満がありました
time=00:46:37.816 level=DEBUG source=/tmp/isucon14/bench/benchmarker/scenario/scenario.go:315 msg=時間経過 tick=1800
time=00:46:37.816 level=DEBUG source=/tmp/isucon14/bench/benchmarker/scenario/scenario.go:317 msg=eval reqs=771 score="[50 168 354 176 23]" criteria="[669 489 228 110]"
time=00:46:38.001 level=INFO msg=一定の売上が立ったためオーナーの椅子が増加します 名前=再座堂 増加数=2
time=00:46:38.046 level=INFO msg=一定の売上が立ったためオーナーの椅子が増加します 名前=ReSit 増加数=1
time=00:46:38.180 level=INFO msg=一定の売上が立ったためオーナーの椅子が増加します 名前=和やか交通 増加数=2
time=00:46:39.617 level=DEBUG source=/tmp/isucon14/bench/benchmarker/scenario/scenario.go:315 msg=時間経過 tick=1860
time=00:46:39.617 level=DEBUG source=/tmp/isucon14/bench/benchmarker/scenario/scenario.go:317 msg=eval reqs=808 score="[50 175 384 176 23]" criteria="[706 519 228 110]"
time=00:46:39.758 level=INFO msg=一定の売上が立ったためオーナーの椅子が増加します 名前="Timeless Seats" 増加数=2
time=00:46:39.759 level=INFO msg=一定の売上が立ったためオーナーの椅子が増加します 名前=和やか交通 増加数=1
time=00:46:39.807 level=INFO msg=一定の売上が立ったためオーナーの椅子が増加します 名前=ReSit 増加数=1
time=00:46:40.009 level=INFO msg=一定の売上が立ったためオーナーの椅子が増加します 名前=再座堂 増加数=1
time=00:46:41.416 level=DEBUG source=/tmp/isucon14/bench/benchmarker/scenario/scenario.go:315 msg=時間経過 tick=1920
time=00:46:41.417 level=DEBUG source=/tmp/isucon14/bench/benchmarker/scenario/scenario.go:317 msg=eval reqs=854 score="[51 184 417 179 23]" criteria="[750 556 228 113]"
time=00:46:41.652 level=INFO msg=一定の売上が立ったためオーナーの椅子が増加します 名前="LuxeLine Taxi" 増加数=4
time=00:46:41.766 level=INFO msg=一定の売上が立ったためオーナーの椅子が増加します 名前="Timeless Seats" 増加数=2
time=00:46:41.785 level=INFO msg=一定の売上が立ったためオーナーの椅子が増加します 名前=和やか交通 増加数=1
time=00:46:41.787 level=INFO msg=一定の売上が立ったためオーナーの椅子が増加します 名前=再座堂 増加数=1
time=00:46:43.216 level=DEBUG source=/tmp/isucon14/bench/benchmarker/scenario/scenario.go:315 msg=時間経過 tick=1980
time=00:46:43.218 level=INFO msg=これまでに地域内の評判によって127人、既存ユーザーの招待経由で183人が新規登録しました
time=00:46:43.218 level=DEBUG source=/tmp/isucon14/bench/benchmarker/scenario/scenario.go:317 msg=eval reqs=891 score="[51 189 445 183 23]" criteria="[787 588 229 116]"
time=00:46:43.218 level=INFO msg=これまでに低評価なライドによって95人が利用をやめました
time=00:46:43.218 level=INFO msg=11.7%のライドは椅子がマッチされるまでの時間、34.0%のライドはマッチされた椅子が乗車地点までに掛かる時間、80.6%のライドは椅子の実移動時間に不満がありました
time=00:46:43.271 level=INFO msg=一定の売上が立ったためオーナーの椅子が増加します 名前=和やか交通 増加数=2
time=00:46:43.289 level=WARN msg="椅子がライドを受理できませんでした (CODE=3): POST /api/chair/rides/{rideID}/statusのリクエストが失敗しました: Post \"https://isuride.xiv.isucon.net/api/chair/rides/01M3F6BBVHK02PQDGTSD78QF9Y/status\": EOF"
time=00:46:43.426 level=INFO msg=一定の売上が立ったためオーナーの椅子が増加します 名前="Timeless Seats" 増加数=1
time=00:46:43.471 level=INFO msg=一定の売上が立ったためオーナーの椅子が増加します 名前=再座堂 増加数=2
time=00:46:43.476 level=INFO msg=一定の売上が立ったためオーナーの椅子が増加します 名前=ReSit 増加数=4
time=00:46:48.816 level=INFO msg=最終地域情報 名前=チェアタウン ユーザー登録数=173 アクティブユーザー数=128
time=00:46:48.816 level=INFO msg=最終地域情報 名前=コシカケシティ ユーザー登録数=153 アクティブユーザー数=103
time=00:46:48.816 level=INFO msg=最終オーナー情報 名前=和やか交通 売上=1462000 椅子数=57
time=00:46:48.816 level=INFO msg=最終オーナー情報 名前=ReSit 売上=1139400 椅子数=50
time=00:46:48.816 level=INFO msg=最終オーナー情報 名前="Timeless Seats" 売上=788800 椅子数=38
time=00:46:48.816 level=INFO msg=最終オーナー情報 名前="LuxeLine Taxi" 売上=824700 椅子数=39
time=00:46:48.816 level=INFO msg=最終オーナー情報 名前=再座堂 売上=1224500 椅子数=52
time=00:46:48.816 level=INFO msg=11.3%のライドは椅子がマッチされるまでの時間、33.8%のライドはマッチされた椅子が乗車地点までに掛かる時間、81.2%のライドは椅子の実移動時間に不満がありました
time=00:46:48.816 level=INFO msg=結果 pass=true スコア=63985 種別エラー数="map[3:1 17:4 30:1]"
time=00:46:48.817 level=INFO msg=負荷走行が終了しました
