2026-09-26T15:45:42+00:00
COMMAND         %CPU   RSS
mysqld          17.0 1089828
nginx            1.0 17032
nginx            1.0 17096
systemd-journal  0.5 198880
rsyslogd         0.3  5248
jbd2/sda1-8      0.3     0
kworker/0:1H-kb  0.1     0
kworker/1:1H-kb  0.1     0
rcu_preempt      0.1     0
2026-09-26T15:45:44+00:00
COMMAND         %CPU   RSS
mysqld          17.0 1091324
bench           10.0 50180
isuride          1.0 15016
nginx            1.0 17032
nginx            1.0 17096
systemd-journal  0.5 199612
rsyslogd         0.3  5248
jbd2/sda1-8      0.3     0
kworker/0:1H-kb  0.1     0
2026-09-26T15:45:46+00:00
COMMAND         %CPU   RSS
mysqld          17.0 1092296
bench           15.7 77480
isuride          3.3 15836
nginx            1.0 17032
nginx            1.0 17096
systemd-journal  0.5 201104
rsyslogd         0.3  5248
jbd2/sda1-8      0.3     0
kworker/0:1H-kb  0.1     0
2026-09-26T15:45:48+00:00
COMMAND         %CPU   RSS
bench           19.5 107888
mysqld          17.0 1094788
isuride          5.7 16668
nginx            1.0 17032
nginx            1.0 17096
systemd-journal  0.5 206704
rsyslogd         0.3  5248
jbd2/sda1-8      0.3     0
kworker/0:1H-kb  0.1     0
2026-09-26T15:45:50+00:00
COMMAND         %CPU   RSS
bench           22.4 139212
mysqld          17.0 1098196
isuride          8.2 17316
nginx            1.0 17032
nginx            1.0 17096
systemd-journal  0.5 207408
rsyslogd         0.3  5248
jbd2/sda1-8      0.3     0
kworker/u4:3-ev  0.1     0
2026-09-26T15:45:52+00:00
COMMAND         %CPU   RSS
bench           23.1 160756
mysqld          17.0 1101824
isuride         10.5 18804
nginx            1.0 17032
nginx            1.0 17096
systemd-journal  0.5 207408
rsyslogd         0.3  5248
jbd2/sda1-8      0.3     0
kworker/0:1H-kb  0.1     0
2026-09-26T15:45:54+00:00
COMMAND         %CPU   RSS
bench           23.3 183900
mysqld          17.0 1105604
isuride         12.4 20100
nginx            1.0 17032
nginx            1.0 17096
systemd-journal  0.5 209276
rsyslogd         0.3  5240
jbd2/sda1-8      0.3     0
kworker/0:1H-kb  0.1     0
2026-09-26T15:45:56+00:00
COMMAND         %CPU   RSS
bench           23.4 194844
mysqld          17.0 1108500
isuride         14.2 21360
nginx            1.0 17032
nginx            1.0 17096
systemd-journal  0.5 215724
rsyslogd         0.3  5240
jbd2/sda1-8      0.3     0
kworker/0:1H-kb  0.1     0
2026-09-26T15:45:58+00:00
COMMAND         %CPU   RSS
bench           23.6 208292
mysqld          17.1 1111660
isuride         15.8 21064
nginx            1.0 17032
nginx            1.0 17096
systemd-journal  0.5 215824
rsyslogd         0.3  5240
jbd2/sda1-8      0.3     0
kworker/0:1H-kb  0.1     0
2026-09-26T15:46:00+00:00
COMMAND         %CPU   RSS
bench           23.7 217656
isuride         17.3 22212
mysqld          17.1 1115488
nginx            1.0 17032
nginx            1.0 17096
systemd-journal  0.5 215824
rsyslogd         0.3  5240
jbd2/sda1-8      0.3     0
kworker/0:1H-kb  0.1     0
2026-09-26T15:46:02+00:00
COMMAND         %CPU   RSS
bench           23.8 227008
isuride         18.6 23220
mysqld          17.1 1122100
nginx            1.0 17032
nginx            1.0 17096
systemd-journal  0.5 215824
rsyslogd         0.3  5240
jbd2/sda1-8      0.3     0
kworker/0:1H-kb  0.1     0
2026-09-26T15:46:04+00:00
COMMAND         %CPU   RSS
bench           24.0 239836
isuride         19.7 23820
mysqld          17.1 1122548
nginx            1.0 17032
nginx            1.0 17096
systemd-journal  0.5 215824
rsyslogd         0.3  5240
jbd2/sda1-8      0.3     0
kworker/0:1H-kb  0.1     0
2026-09-26T15:46:06+00:00
COMMAND         %CPU   RSS
bench           24.3 253572
isuride         20.7 22996
mysqld          17.1 1126392
nginx            1.0 17032
nginx            1.0 17096
systemd-journal  0.5 215824
rsyslogd         0.3  5240
jbd2/sda1-8      0.3     0
kworker/0:1H-kb  0.1     0
2026-09-26T15:46:08+00:00
COMMAND         %CPU   RSS
bench           24.4 253868
isuride         21.7 25472
mysqld          17.1 1129772
nginx            1.0 17032
nginx            1.0 17096
systemd-journal  0.5 215824
rsyslogd         0.3  5240
jbd2/sda1-8      0.3     0
kworker/0:1H-kb  0.1     0
2026-09-26T15:46:10+00:00
COMMAND         %CPU   RSS
bench           24.5 274908
isuride         22.5 24560
mysqld          17.1 1130852
nginx            1.0 17032
nginx            1.0 17096
systemd-journal  0.5 215824
rsyslogd         0.3  5240
jbd2/sda1-8      0.3     0
kworker/u4:3-ev  0.1     0
2026-09-26T15:46:12+00:00
COMMAND         %CPU   RSS
bench           24.8 292904
isuride         23.3 27748
mysqld          17.1 1133788
nginx            1.0 17032
nginx            1.0 17096
systemd-journal  0.5 215824
rsyslogd         0.3  5240
jbd2/sda1-8      0.3     0
kworker/u4:3-ev  0.1     0
2026-09-26T15:46:14+00:00
COMMAND         %CPU   RSS
bench           25.0 315552
isuride         23.9 30392
mysqld          17.1 1136708
curl             3.8 12324
nginx            1.0 17032
nginx            1.0 17096
systemd-journal  0.5 215824
rsyslogd         0.3  5240
jbd2/sda1-8      0.3     0
2026-09-26T15:46:17+00:00
COMMAND         %CPU   RSS
bench           25.0 319960
isuride         24.6 28664
mysqld          17.1 1137912
nginx            1.0 17032
nginx            1.0 17096
systemd-journal  0.5 215824
rsyslogd         0.3  5240
jbd2/sda1-8      0.3     0
kworker/u4:3-ex  0.1     0
2026-09-26T15:46:19+00:00
COMMAND         %CPU   RSS
isuride         25.2 31492
bench           25.1 349516
mysqld          17.1 1141348
nginx            1.0 17032
nginx            1.0 17096
systemd-journal  0.5 215824
rsyslogd         0.3  5240
jbd2/sda1-8      0.3     0
kworker/u4:3-ev  0.1     0
2026-09-26T15:46:21+00:00
COMMAND         %CPU   RSS
isuride         25.8 30960
bench           25.1 351412
mysqld          17.1 1141704
nginx            1.0 17032
nginx            1.0 17096
systemd-journal  0.5 215824
rsyslogd         0.3  5240
jbd2/sda1-8      0.3     0
kworker/u4:3-ev  0.1     0
2026-09-26T15:46:23+00:00
COMMAND         %CPU   RSS
isuride         26.3 31408
bench           25.2 379124
mysqld          17.1 1144656
nginx            1.0 17032
nginx            1.0 17096
systemd-journal  0.5 215824
rsyslogd         0.3  5240
jbd2/sda1-8      0.3     0
kworker/u4:3-ev  0.2     0
2026-09-26T15:46:25+00:00
COMMAND         %CPU   RSS
isuride         26.7 34188
bench           25.3 390916
mysqld          17.1 1144908
nginx            1.0 17032
nginx            1.0 17096
systemd-journal  0.5 217936
rsyslogd         0.3  5240
jbd2/sda1-8      0.3     0
kworker/u4:3-fl  0.2     0
2026-09-26T15:46:27+00:00
COMMAND         %CPU   RSS
isuride         27.2 35276
bench           25.5 410300
mysqld          17.1 1147008
nginx            1.0 17032
nginx            1.0 17096
systemd-journal  0.5 222392
rsyslogd         0.3  5240
jbd2/sda1-8      0.3     0
kworker/u4:3-ev  0.2     0
2026-09-26T15:46:29+00:00
COMMAND         %CPU   RSS
isuride         27.6 36872
bench           25.6 443716
mysqld          17.2 1147036
nginx            1.0 17032
nginx            1.0 17096
systemd-journal  0.5 223892
rsyslogd         0.3  5240
jbd2/sda1-8      0.3     0
kworker/u4:3-ev  0.2     0
2026-09-26T15:46:31+00:00
COMMAND         %CPU   RSS
isuride         28.0 38408
bench           25.8 449000
mysqld          17.2 1147048
nginx            1.0 17032
nginx            1.0 17096
systemd-journal  0.5 223892
rsyslogd         0.3  5240
jbd2/sda1-8      0.3     0
kworker/u4:3-ev  0.2     0
2026-09-26T15:46:33+00:00
COMMAND         %CPU   RSS
isuride         28.4 39520
bench           25.8 453456
mysqld          17.2 1148296
nginx            1.0 17032
nginx            1.0 17096
systemd-journal  0.5 223892
rsyslogd         0.3  5244
jbd2/sda1-8      0.3     0
kworker/u4:3-ev  0.2     0
2026-09-26T15:46:35+00:00
COMMAND         %CPU   RSS
isuride         28.7 40960
bench           25.9 495792
mysqld          17.2 1149196
nginx            1.0 17032
nginx            1.0 17096
systemd-journal  0.5 223892
rsyslogd         0.3  5244
jbd2/sda1-8      0.3     0
kworker/u4:3-fl  0.2     0
2026-09-26T15:46:37+00:00
COMMAND         %CPU   RSS
isuride         29.0 42312
bench           26.0 498492
mysqld          17.2 1149208
curl             2.5 12308
nginx            1.0 17032
nginx            1.0 17096
systemd-journal  0.5 223892
rsyslogd         0.3  5244
jbd2/sda1-8      0.3     0
2026-09-26T15:46:39+00:00
COMMAND         %CPU   RSS
isuride         29.3 43324
bench           26.0 525416
mysqld          17.2 1152564
curl             2.2 12324
nginx            1.0 17032
nginx            1.0 17128
systemd-journal  0.5 223892
rsyslogd         0.3  5244
jbd2/sda1-8      0.3     0
2026-09-26T15:46:41+00:00
COMMAND         %CPU   RSS
isuride         29.5 44172
bench           26.2 530620
mysqld          17.2 1151344
curl             3.3 12324
nginx            1.0 17112
nginx            1.0 17132
systemd-journal  0.5 223892
rsyslogd         0.3  5244
jbd2/sda1-8      0.3     0
2026-09-26T15:46:43+00:00
COMMAND         %CPU   RSS
isuride         29.8 40916
bench           26.2 533196
mysqld          17.2 1152956
curl             1.0 12324
nginx            1.0 17116
nginx            1.0 17136
systemd-journal  0.5 223892
rsyslogd         0.3  5244
jbd2/sda1-8      0.3     0
2026-09-26T15:46:45+00:00
COMMAND         %CPU   RSS
isuride         30.1 37940
bench           26.2 562660
mysqld          17.2 1152956
nginx            1.0 17312
nginx            1.0 17204
systemd-journal  0.5 223892
rsyslogd         0.3  5244
jbd2/sda1-8      0.3     0
kworker/u4:3-ev  0.2     0
2026-09-26T15:46:47+00:00
COMMAND         %CPU   RSS
isuride         30.5 35444
bench           26.0 562668
mysqld          17.2 1152956
nginx            1.0 17312
nginx            1.0 17204
systemd-journal  0.5 223892
rsyslogd         0.3  5244
jbd2/sda1-8      0.3     0
kworker/u4:3-ev  0.2     0
