procs -----------memory---------- ---swap-- -----io---- -system-- -------cpu------- -----timestamp-----
 r  b   swpd   free   buff  cache   si   so    bi    bo   in   cs us sy id wa st gu                 UTC
 3  0      0 669868  73124 1994764    0    0    83  3302 3217   61 12  6 82  0  0  0 2026-09-26 15:45:42
 9  1      0 634752  73128 1992540    0    0   152 64260 18076 38018 30 14 40 16  0  0 2026-09-26 15:45:43
 0  0      0 638784  73128 1993980    0    0     0 12876 26248 80157 23 18 57  2  0  0 2026-09-26 15:45:44
 9  1      0 634008  73128 1995404    0    0   160 15476 30085 97584 29 24 44  3  0  0 2026-09-26 15:45:45
11  0      0 614384  73128 1997428    0    0     0 24736 28354 116455 43 33 21  3  0  0 2026-09-26 15:45:46
 9  0      0 597088  73128 2000700    0    0     0 36756 28746 118717 47 34 17  2  0  0 2026-09-26 15:45:47
35  0      0 566600  73128 2003348    0    0     0 29188 26754 121601 52 39  8  1  0  0 2026-09-26 15:45:48
37  1      0 546508  73128 2007584    0    0     0 28432 24523 115804 53 41  5  2  0  0 2026-09-26 15:45:49
 3  0      0 522344  73128 2011112    0    0     0 30448 23399 117296 54 44  2  1  0  0 2026-09-26 15:45:50
 6  1      0 505868  73128 2013220    0    0     0 27824 23809 118851 57 40  3  1  0  0 2026-09-26 15:45:51
46  0      0 493532  73128 2015240    0    0     4 27236 23407 113356 56 41  3  1  0  0 2026-09-26 15:45:52
26  0      0 471648  73128 2018656    0    0     0 28360 22737 112408 57 40  3  1  0  0 2026-09-26 15:45:53
13  1      0 459576  73128 2022004    0    0     0 27992 22237 112822 57 39  3  1  0  0 2026-09-26 15:45:54
16  0      0 437444  73128 2025560    0    0     0 29744 23881 112901 58 40  2  1  0  0 2026-09-26 15:45:55
45  1      0 431232  73128 2028768    0    0     0 31088 21248 114160 56 41  2  1  0  0 2026-09-26 15:45:56
 7  1      0 418048  73128 2030808    0    0     0 46108 22029 109006 57 41  2  1  0  0 2026-09-26 15:45:57
24  0      0 411932  73128 2032828    0    0     0 33996 19441 112427 59 40  1  0  0  0 2026-09-26 15:45:58
21  0      0 399380  73128 2034468    0    0    16 30568 22078 107928 58 40  2  1  0  0 2026-09-26 15:45:59
28  1      0 392792  73128 2037808    0    0     0 30924 21554 105615 55 44  1  0  0  0 2026-09-26 15:46:00
 9  0      0 384324  73128 2040292    0    0     0 31264 21299 110835 57 42  1  1  0  0 2026-09-26 15:46:01
47  0      0 370476  73128 2043836    0    0     0 32932 19883 112624 58 42  1  0  0  0 2026-09-26 15:46:02
procs -----------memory---------- ---swap-- -----io---- -system-- -------cpu------- -----timestamp-----
 r  b   swpd   free   buff  cache   si   so    bi    bo   in   cs us sy id wa st gu                 UTC
17  0      0 361924  73128 2046244    0    0     0 35056 20051 114547 57 40  2  0  0  0 2026-09-26 15:46:03
35  1      0 348320  73128 2048472    0    0     0 28968 21195 106854 59 40  1  0  0  0 2026-09-26 15:46:04
21  1      0 344588  73128 2050852    0    0     0 28004 21410 110561 59 39  2  1  0  0 2026-09-26 15:46:05
61  0      0 322960  73128 2053680    0    0     0 29764 19905 107454 59 40  1  1  0  0 2026-09-26 15:46:06
49  0      0 323516  73128 2056456    0    0     0 28688 21753 113590 57 41  2  1  0  0 2026-09-26 15:46:07
10  0      0 314628  73128 2058964    0    0     0 33896 20795 106813 55 44  1  0  0  0 2026-09-26 15:46:08
24  1      0 293100  73128 2061260    0    0     0 33048 21959 107139 58 40  1  1  0  0 2026-09-26 15:46:09
57  0      0 283484  73128 2064760    0    0     0 29084 21588 108308 59 40  1  0  0  0 2026-09-26 15:46:10
13  0      0 271740  73128 2067380    0    0     0 28344 22227 104239 58 42  1  0  0  0 2026-09-26 15:46:11
13  1      0 263924  73128 2069492    0    0     0 25992 20784 104842 62 37  1  1  0  0 2026-09-26 15:46:12
 7  1      0 251868  73128 2071344    0    0     0 31912 20477 103441 58 40  1  1  0  0 2026-09-26 15:46:13
10  0      0 231988  73128 2072908    0    0     0 31680 20573 106727 56 43  1  1  0  0 2026-09-26 15:46:14
50  1      0 218932  73128 2074748    0    0     0 28100 20065 99885 61 38  1  0  0  0 2026-09-26 15:46:15
26  0      0 221996  73128 2077708    0    0     0 29092 19931 101403 57 41  2  1  0  0 2026-09-26 15:46:16
57  0      0 184728  73128 2079404    0    0     0 29024 21752 101898 60 38  1  0  0  0 2026-09-26 15:46:17
10  1      0 173724  73128 2081352    0    0     0 34488 20774 103152 60 39  1  1  0  0 2026-09-26 15:46:18
46  1      0 166208  73128 2083384    0    0     0 35088 20719 108466 58 41  1  0  0  0 2026-09-26 15:46:19
24  0      0 164764  73128 2085440    0    0     0 28836 19689 107332 60 38  2  1  0  0 2026-09-26 15:46:20
43  0      0 138892  73128 2086788    0    0     0 26720 21293 99942 60 40  1  0  0  0 2026-09-26 15:46:21
48  1      0 130608  73128 2089564    0    0     0 30032 20307 102383 61 38  1  1  0  0 2026-09-26 15:46:22
52  0      0 124308  73128 2090472    0    0     0 29712 18994 105681 61 39  1  0  0  0 2026-09-26 15:46:23
procs -----------memory---------- ---swap-- -----io---- -system-- -------cpu------- -----timestamp-----
 r  b   swpd   free   buff  cache   si   so    bi    bo   in   cs us sy id wa st gu                 UTC
16  0      0 115064  73128 2094556    0    0     0 28156 19964 101561 62 37  1  0  0  0 2026-09-26 15:46:24
52  0      0  97284  73128 2097028    0    0     0 28696 19913 99950 60 39  0  0  0  0 2026-09-26 15:46:25
45  0      0  81948  73128 2100308    0    0     0 27924 21896 99860 61 38  1  0  0  0 2026-09-26 15:46:26
27  0      0  85080  73128 2102544    0    0     0 27200 20837 99888 61 37  1  1  0  0 2026-09-26 15:46:27
19  0      0  97828  68872 2076336    0    0     0 34488 21082 102271 60 40  1  0  0  0 2026-09-26 15:46:28
41  1      0  85512  68800 2059660    0    0     0 45216 18903 95514 62 37  1  0  0  0 2026-09-26 15:46:29
11  1      0  81164  68800 2061412    0    0     0 31392 19582 103687 61 39  1  0  0  0 2026-09-26 15:46:30
28  0      0  73424  68800 2063968    0    0     0 28448 21018 103110 57 41  1  1  0  0 2026-09-26 15:46:31
46  1      0  76060  68800 2065048    0    0     0 27580 17688 96889 61 39  1  0  0  0 2026-09-26 15:46:32
19  0      0  74240  68752 2036436    0    0     0 26728 20192 95045 61 38  1  0  0  0 2026-09-26 15:46:33
30  0      0  80672  68740 2017832    0    0     0 30008 17682 96855 62 37  1  0  0  0 2026-09-26 15:46:34
22  0      0  84748  68740 2004292    0    0     0 27092 20849 103709 61 39  1  0  0  0 2026-09-26 15:46:35
23  1      0  79276  68740 2006196    0    0     0 26260 21702 100282 61 38  1  1  0  0 2026-09-26 15:46:36
51  0      0  78320  68740 2001524    0    0     4 26904 21477 103756 64 37  0  0  0  0 2026-09-26 15:46:37
13  0      0  83268  68740 1989340    0    0     0 31148 21614 103460 61 37  2  0  0  0 2026-09-26 15:46:38
16  0      0  91800  68744 1964160    0    0     0 30384 18143 92455 65 35  1  0  0  0 2026-09-26 15:46:39
10  1      0  83260  68744 1967420    0    0     4 26764 19708 102941 60 40  1  0  0  0 2026-09-26 15:46:40
44  0      0  78756  68744 1970416    0    0     0 28424 21102 101670 60 39  1  1  0  0 2026-09-26 15:46:41
34  0      0  89100  68744 1952416    0    0     0 26368 18871 94386 63 36  1  0  0  0 2026-09-26 15:46:42
38  0      0  84036  68744 1956220    0    0     0 26940 20183 102380 63 37  1  0  0  0 2026-09-26 15:46:43
10  0      0  90936  68744 1939328    0    0     4 20872 16779 115498 64 35  1  1  0  0 2026-09-26 15:46:44
procs -----------memory---------- ---swap-- -----io---- -system-- -------cpu------- -----timestamp-----
 r  b   swpd   free   buff  cache   si   so    bi    bo   in   cs us sy id wa st gu                 UTC
25  0      0  89776  68744 1941136    0    0     0  6512 18741 124991 67 30  3  0  0  0 2026-09-26 15:46:45
67  0      0  90512  68744 1943276    0    0     0  4304 16941 134509 67 31  3  0  0  0 2026-09-26 15:46:46
15  0      0  84996  68744 1945496    0    0     0  3844 18181 130240 68 29  3  0  0  0 2026-09-26 15:46:47
