2026-09-26T15:41:18+00:00
COMMAND         %CPU   RSS
mysqld          16.9 1085344
nginx            1.0 17032
nginx            1.0 17024
systemd-journal  0.5 168896
rsyslogd         0.3  5240
jbd2/sda1-8      0.3     0
kworker/0:1H-kb  0.1     0
kworker/1:1H-kb  0.1     0
rcu_preempt      0.1     0
2026-09-26T15:41:20+00:00
COMMAND         %CPU   RSS
mysqld          16.9 1090612
bench           10.5 53524
isuride          1.1 15072
nginx            1.0 17032
nginx            1.0 17024
systemd-journal  0.5 172408
rsyslogd         0.3  5240
jbd2/sda1-8      0.3     0
kworker/0:1H-kb  0.1     0
2026-09-26T15:41:22+00:00
COMMAND         %CPU   RSS
mysqld          16.9 1091840
bench           16.4 73684
isuride          3.3 16168
nginx            1.0 17032
nginx            1.0 17024
systemd-journal  0.5 174620
rsyslogd         0.3  5240
jbd2/sda1-8      0.3     0
kworker/0:1H-kb  0.1     0
2026-09-26T15:41:24+00:00
COMMAND         %CPU   RSS
bench           20.2 107364
mysqld          17.0 1095156
isuride          5.7 16892
nginx            1.0 17032
nginx            1.0 17024
systemd-journal  0.5 178728
rsyslogd         0.3  5240
jbd2/sda1-8      0.3     0
kworker/0:1H-kb  0.1     0
2026-09-26T15:41:26+00:00
COMMAND         %CPU   RSS
bench           21.8 133420
mysqld          17.0 1097360
isuride          8.2 17348
nginx            1.0 17032
nginx            1.0 17024
systemd-journal  0.5 181280
rsyslogd         0.3  5240
jbd2/sda1-8      0.3     0
kworker/0:1H-kb  0.1     0
2026-09-26T15:41:28+00:00
COMMAND         %CPU   RSS
bench           23.0 166248
mysqld          17.0 1100940
isuride         10.4 18768
nginx            1.0 17032
nginx            1.0 17024
systemd-journal  0.5 181280
rsyslogd         0.3  5240
jbd2/sda1-8      0.3     0
kworker/0:1H-kb  0.1     0
2026-09-26T15:41:30+00:00
COMMAND         %CPU   RSS
bench           23.5 182580
mysqld          17.0 1105496
isuride         12.4 20260
nginx            1.0 17032
nginx            1.0 17024
systemd-journal  0.5 181280
rsyslogd         0.3  5240
jbd2/sda1-8      0.3     0
kworker/0:1H-kb  0.1     0
2026-09-26T15:41:32+00:00
COMMAND         %CPU   RSS
bench           23.6 203416
mysqld          17.0 1109420
isuride         14.2 19500
nginx            1.0 17032
nginx            1.0 17024
systemd-journal  0.5 181280
rsyslogd         0.3  5240
jbd2/sda1-8      0.3     0
kworker/0:1H-kb  0.1     0
2026-09-26T15:41:34+00:00
COMMAND         %CPU   RSS
bench           23.6 217508
mysqld          17.0 1114208
isuride         15.8 21136
nginx            1.0 17032
nginx            1.0 17024
systemd-journal  0.5 181280
rsyslogd         0.3  5240
jbd2/sda1-8      0.3     0
kworker/0:1H-kb  0.1     0
2026-09-26T15:41:36+00:00
COMMAND         %CPU   RSS
bench           23.6 225408
isuride         17.3 22848
mysqld          17.0 1117404
curl            12.5 12356
nginx            1.0 17032
nginx            1.0 17024
systemd-journal  0.5 181280
rsyslogd         0.3  5240
jbd2/sda1-8      0.3     0
2026-09-26T15:41:38+00:00
COMMAND         %CPU   RSS
bench           23.6 237860
isuride         18.5 22876
mysqld          17.0 1121136
nginx            1.0 17032
nginx            1.0 17024
systemd-journal  0.5 181280
rsyslogd         0.3  5240
jbd2/sda1-8      0.3     0
kworker/0:1H-kb  0.1     0
2026-09-26T15:41:40+00:00
COMMAND         %CPU   RSS
bench           23.6 238744
isuride         19.6 25008
mysqld          17.0 1123156
curl            10.0 12324
nginx            1.0 17032
nginx            1.0 17024
systemd-journal  0.5 181280
rsyslogd         0.3  5240
jbd2/sda1-8      0.3     0
2026-09-26T15:41:42+00:00
COMMAND         %CPU   RSS
bench           23.7 252904
isuride         20.6 24704
mysqld          17.0 1126092
curl             5.2 12324
nginx            1.0 17032
nginx            1.0 17024
systemd-journal  0.5 181280
rsyslogd         0.3  5240
jbd2/sda1-8      0.3     0
2026-09-26T15:41:44+00:00
COMMAND         %CPU   RSS
bench           23.9 263896
isuride         21.5 25444
mysqld          17.0 1127852
nginx            1.0 17032
nginx            1.0 17024
systemd-journal  0.5 181280
rsyslogd         0.3  5240
jbd2/sda1-8      0.3     0
kworker/0:1H-kb  0.1     0
2026-09-26T15:41:46+00:00
COMMAND         %CPU   RSS
bench           24.1 284704
isuride         22.3 25252
mysqld          17.0 1130896
nginx            1.0 17032
nginx            1.0 17024
systemd-journal  0.5 181280
rsyslogd         0.3  5244
jbd2/sda1-8      0.3     0
kworker/0:1H-kb  0.1     0
2026-09-26T15:41:48+00:00
COMMAND         %CPU   RSS
bench           24.4 307852
isuride         23.0 26876
mysqld          17.0 1133916
nginx            1.0 17032
nginx            1.0 17024
systemd-journal  0.5 181280
rsyslogd         0.3  5244
jbd2/sda1-8      0.3     0
kworker/0:1H-kb  0.1     0
2026-09-26T15:41:50+00:00
COMMAND         %CPU   RSS
bench           24.5 310956
isuride         23.5 29980
mysqld          17.0 1135964
curl             4.0 12324
nginx            1.0 17032
nginx            1.0 17024
systemd-journal  0.5 181280
rsyslogd         0.3  5244
jbd2/sda1-8      0.3     0
2026-09-26T15:41:52+00:00
COMMAND         %CPU   RSS
bench           24.6 338412
isuride         24.2 31272
mysqld          17.0 1137316
nginx            1.0 17032
nginx            1.0 17024
systemd-journal  0.5 182788
rsyslogd         0.3  5244
jbd2/sda1-8      0.3     0
kworker/0:1H-kb  0.1     0
2026-09-26T15:41:54+00:00
COMMAND         %CPU   RSS
bench           24.8 344480
isuride         24.7 33088
mysqld          17.0 1138356
curl             7.1 12324
nginx            1.0 17032
nginx            1.0 17024
systemd-journal  0.5 189360
rsyslogd         0.3  5248
jbd2/sda1-8      0.3     0
2026-09-26T15:41:56+00:00
COMMAND         %CPU   RSS
isuride         25.1 32864
bench           25.0 369580
mysqld          17.1 1144592
nginx            1.0 17032
nginx            1.0 17024
systemd-journal  0.5 190516
rsyslogd         0.3  5240
jbd2/sda1-8      0.3     0
kworker/0:1H-kb  0.1     0
2026-09-26T15:41:58+00:00
COMMAND         %CPU   RSS
isuride         25.6 34328
bench           25.1 373648
mysqld          17.1 1143260
nginx            1.0 17032
nginx            1.0 17024
systemd-journal  0.5 190516
rsyslogd         0.3  5240
jbd2/sda1-8      0.3     0
kworker/0:1H-kb  0.1     0
2026-09-26T15:42:00+00:00
COMMAND         %CPU   RSS
isuride         26.0 35564
bench           25.2 399928
mysqld          17.1 1144192
nginx            1.0 17032
nginx            1.0 17024
systemd-journal  0.5 190516
rsyslogd         0.3  5240
jbd2/sda1-8      0.3     0
kworker/0:1H-kb  0.1     0
2026-09-26T15:42:02+00:00
COMMAND         %CPU   RSS
isuride         26.5 36872
bench           25.2 402052
mysqld          17.1 1144612
curl            11.1 12324
nginx            1.0 17032
nginx            1.0 17024
systemd-journal  0.5 190516
rsyslogd         0.3  5240
jbd2/sda1-8      0.3     0
2026-09-26T15:42:04+00:00
COMMAND         %CPU   RSS
isuride         26.9 36472
bench           25.3 429548
mysqld          17.1 1144900
nginx            1.0 17032
nginx            1.0 17024
systemd-journal  0.5 190516
rsyslogd         0.3  5240
jbd2/sda1-8      0.3     0
kworker/0:1H-kb  0.1     0
2026-09-26T15:42:06+00:00
COMMAND         %CPU   RSS
isuride         27.2 37240
bench           25.3 432332
mysqld          17.1 1144944
nginx            1.0 17032
nginx            1.0 17024
systemd-journal  0.5 190516
rsyslogd         0.3  5240
jbd2/sda1-8      0.3     0
kworker/0:1H-kb  0.1     0
2026-09-26T15:42:08+00:00
COMMAND         %CPU   RSS
isuride         27.5 38108
bench           25.4 457956
mysqld          17.1 1145128
nginx            1.0 17032
nginx            1.0 17024
systemd-journal  0.5 190516
rsyslogd         0.3  5240
jbd2/sda1-8      0.3     0
kworker/0:1H-kb  0.1     0
2026-09-26T15:42:10+00:00
COMMAND         %CPU   RSS
isuride         27.8 40628
bench           25.4 461000
mysqld          17.1 1147080
curl             4.3 12312
nginx            1.0 17032
nginx            1.0 17024
systemd-journal  0.5 190516
rsyslogd         0.3  5240
jbd2/sda1-8      0.3     0
2026-09-26T15:42:13+00:00
COMMAND         %CPU   RSS
isuride         28.1 41300
bench           25.4 474396
mysqld          17.1 1148128
curl             3.1 12324
nginx            1.0 17032
nginx            1.0 17024
systemd-journal  0.5 190516
rsyslogd         0.3  5240
jbd2/sda1-8      0.3     0
2026-09-26T15:42:15+00:00
COMMAND         %CPU   RSS
isuride         28.3 40704
bench           25.5 489796
mysqld          17.1 1156944
nginx            1.0 17032
nginx            1.0 17024
systemd-journal  0.5 190516
rsyslogd         0.3  5240
jbd2/sda1-8      0.3     0
kworker/0:1H-kb  0.1     0
2026-09-26T15:42:17+00:00
COMMAND         %CPU   RSS
isuride         28.6 41800
bench           25.5 492236
mysqld          17.1 1150176
curl             3.3 12324
nginx            1.0 17032
nginx            1.0 17024
systemd-journal  0.5 190516
rsyslogd         0.3  5240
jbd2/sda1-8      0.3     0
2026-09-26T15:42:19+00:00
COMMAND         %CPU   RSS
isuride         28.7 44440
bench           25.4 520080
mysqld          17.1 1150176
nginx            1.0 17032
nginx            1.0 17096
systemd-journal  0.5 190516
rsyslogd         0.3  5240
jbd2/sda1-8      0.3     0
kworker/0:1H-kb  0.1     0
2026-09-26T15:42:21+00:00
COMMAND         %CPU   RSS
isuride         29.1 36324
bench           25.4 529196
mysqld          17.1 1150368
nginx            1.0 17032
nginx            1.0 17096
systemd-journal  0.5 190516
rsyslogd         0.3  5240
jbd2/sda1-8      0.3     0
kworker/0:1H-kb  0.1     0
2026-09-26T15:42:23+00:00
COMMAND         %CPU   RSS
isuride         29.6 33888
bench           25.3 529240
mysqld          17.1 1150368
nginx            1.0 17032
nginx            1.0 17096
systemd-journal  0.5 195404
rsyslogd         0.3  5240
jbd2/sda1-8      0.3     0
kworker/0:1H-kb  0.1     0
