procs -----------memory---------- ---swap-- -----io---- -system-- -------cpu------- -----timestamp-----
 r  b   swpd   free   buff  cache   si   so    bi    bo   in   cs us sy id wa st gu                 UTC
 4  0      0 641984  73012 2004324    0    0    82  3256 3189   60 12  6 82  0  0  0 2026-09-26 15:41:18
14  0      0 624548  73020 2007496    0    0    76 64104 18717 41196 32 13 40 15  0  0 2026-09-26 15:41:19
11  0      0 615224  73020 2009312    0    0     0 13396 28804 85969 24 18 55  3  0  0 2026-09-26 15:41:20
 6  0      0 605200  73020 2011212    0    0     0 17508 31234 102517 32 26 39  3  0  0 2026-09-26 15:41:21
 3  1      0 588916  73020 2013824    0    0     0 23140 28635 115041 43 31 22  3  0  0 2026-09-26 15:41:22
14  0      0 564808  73020 2016912    0    0     4 24876 25988 119490 51 35 12  2  0  0 2026-09-26 15:41:23
16  1      0 541680  73020 2019868    0    0    16 34408 24967 118341 51 35 12  2  0  0 2026-09-26 15:41:24
20  1      0 521820  73020 2024804    0    0     0 34508 24203 122214 53 38  8  2  0  0 2026-09-26 15:41:25
20  0      0 507984  73020 2026756    0    0     0 27444 23833 122346 55 40  4  1  0  0 2026-09-26 15:41:26
20  1      0 485564  73020 2028496    0    0     0 27832 24165 119298 55 41  4  1  0  0 2026-09-26 15:41:27
22  1      0 462128  73020 2030092    0    0     0 27524 23026 113856 58 39  2  1  0  0 2026-09-26 15:41:28
 8  1      0 441564  73020 2032988    0    0    64 28580 22249 110323 56 43  1  1  0  0 2026-09-26 15:41:29
17  0      0 436020  73020 2034704    0    0     0 26760 24686 116134 55 38  5  2  0  0 2026-09-26 15:41:30
28  0      0 406032  73020 2036448    0    0     0 28988 22114 105942 57 37  4  3  0  0 2026-09-26 15:41:31
14  0      0 407500  73020 2038332    0    0     0 24672 24960 122125 55 39  5  1  0  0 2026-09-26 15:41:32
 8  1      0 387404  73020 2040028    0    0     0 28060 19757 114735 56 41  2  1  0  0 2026-09-26 15:41:33
13  1      0 383948  73020 2041972    0    0     0 36004 22196 113776 57 40  3  1  0  0 2026-09-26 15:41:34
34  0      0 372112  73020 2043568    0    0     0 40344 23598 111550 54 42  3  1  0  0 2026-09-26 15:41:35
22  1      0 367076  73020 2045468    0    0     0 27696 23555 112503 56 39  4  2  0  0 2026-09-26 15:41:36
13  1      0 363068  73020 2048220    0    0     0 32572 20358 110021 55 41  3  1  0  0 2026-09-26 15:41:37
68  0      0 342732  73020 2051116    0    0     0 29636 22096 108482 57 41  2  1  0  0 2026-09-26 15:41:38
procs -----------memory---------- ---swap-- -----io---- -system-- -------cpu------- -----timestamp-----
 r  b   swpd   free   buff  cache   si   so    bi    bo   in   cs us sy id wa st gu                 UTC
21  1      0 343356  73020 2052424    0    0     0 30408 22648 106562 56 39  3  2  0  0 2026-09-26 15:41:39
27  1      0 336344  73020 2054636    0    0     0 29640 21364 112941 57 40  2  1  0  0 2026-09-26 15:41:40
45  0      0 317884  73020 2057208    0    0     0 30048 21345 114245 57 41  2  1  0  0 2026-09-26 15:41:41
38  0      0 310340  73020 2059716    0    0     0 28080 22279 111339 58 39  3  1  0  0 2026-09-26 15:41:42
14  0      0 302976  73020 2061628    0    0     0 28228 20504 105301 58 39  2  1  0  0 2026-09-26 15:41:43
51  0      0 296840  73020 2063368    0    0    16 27820 20201 110969 58 39  3  1  0  0 2026-09-26 15:41:44
15  0      0 284308  73020 2065248    0    0    16 37732 21756 105874 59 38  2  1  0  0 2026-09-26 15:41:45
37  2      0 265156  73020 2067632    0    0     4 28068 20130 107024 60 38  2  0  0  0 2026-09-26 15:41:46
34  1      0 260116  73020 2069672    0    0     0 28640 22218 100639 58 39  2  1  0  0 2026-09-26 15:41:47
14  0      0 241328  73020 2071144    0    0     0 26624 22758 107418 57 39  3  1  0  0 2026-09-26 15:41:48
14  1      0 224772  73020 2073700    0    0     0 31588 18530 100201 62 36  1  1  0  0 2026-09-26 15:41:49
 8  1      0 226952  73020 2075412    0    0     0 28224 21121 100124 58 36  4  2  0  0 2026-09-26 15:41:50
40  1      0 196032  73020 2077420    0    0     0 26600 22533 101925 60 36  3  1  0  0 2026-09-26 15:41:51
41  1      0 189204  73020 2081648    0    0     0 33104 18975 104415 58 41  1  0  0  0 2026-09-26 15:41:52
34  0      0 179064  73020 2084744    0    0     0 29436 21265 104814 61 38  2  1  0  0 2026-09-26 15:41:53
42  0      0 173828  73020 2089532    0    0     0 30208 22632 102029 60 39  1  1  0  0 2026-09-26 15:41:54
55  0      0 144060  73020 2092380    0    0     0 40804 21948 97970 60 39  1  0  0  0 2026-09-26 15:41:55
14  1      0 132240  73020 2094904    0    0     0 28488 18984 103649 63 37  1  0  0  0 2026-09-26 15:41:56
60  0      0 130572  73020 2095876    0    0     0 41420 19408 104117 61 38  1  1  0  0 2026-09-26 15:41:57
20  0      0 126728  73020 2097916    0    0     0 27936 20926 103812 62 36  2  1  0  0 2026-09-26 15:41:58
51  0      0 104736  73020 2099256    0    0     0 28300 21307 97894 59 39  1  1  0  0 2026-09-26 15:41:59
procs -----------memory---------- ---swap-- -----io---- -system-- -------cpu------- -----timestamp-----
 r  b   swpd   free   buff  cache   si   so    bi    bo   in   cs us sy id wa st gu                 UTC
17  0      0  91344  73020 2100736    0    0     0 27852 19484 98524 61 39  0  0  0  0 2026-09-26 15:42:00
15  0      0  89952  73020 2102476    0    0     0 28676 20462 105671 61 37  1  1  0  0 2026-09-26 15:42:01
25  0      0  88000  73020 2104024    0    0     0 29092 21033 98469 60 39  1  1  0  0 2026-09-26 15:42:02
39  0      0  86876  72196 2088116    0    0     0 29876 18247 102687 60 39  1  0  0  0 2026-09-26 15:42:03
 9  0      0  91520  71936 2081164    0    0     4 25696 19964 95681 62 37  0  0  0  0 2026-09-26 15:42:04
23  0      0  77052  71936 2083536    0    0     0 27424 19265 97963 66 34  1  0  0  0 2026-09-26 15:42:05
 8  1      0  72452  71936 2085148    0    0     0 39380 22004 102834 62 37  1  1  0  0 2026-09-26 15:42:06
52  0      0  79668  71920 2070512    0    0     0 29284 19714 101653 61 39  0  0  0  0 2026-09-26 15:42:07
45  0      0  88620  71780 2046040    0    0     0 25416 21701 100058 62 37  1  1  0  0 2026-09-26 15:42:08
37  0      0  71428  71780 2047792    0    0     0 27768 18054 92614 64 35  1  0  0  0 2026-09-26 15:42:09
35  0      0  75164  71780 2049460    0    0     0 29788 20132 103761 62 38  1  0  0  0 2026-09-26 15:42:10
15  0      0  72128  71756 2042556    0    0     0 29344 19114 100423 60 38  1  1  0  0 2026-09-26 15:42:11
 8  1      0  81264  71756 2036240    0    0     0 29880 21902 104754 61 38  1  0  0  0 2026-09-26 15:42:12
27  0      0  78228  71756 2006532    0    0     0 25372 19627 96506 64 34  1  1  0  0 2026-09-26 15:42:13
 7  1      0  90516  71756 2008068    0    0     0 26396 20700 99320 60 38  2  1  0  0 2026-09-26 15:42:14
54  1      0  84372  71756 2002624    0    0     0 29984 20350 95032 63 36  1  0  0  0 2026-09-26 15:42:15
 9  0      0  80200  71756 2004960    0    0     4 36052 19446 94486 61 36  2  1  0  0 2026-09-26 15:42:16
27  1      0  74180  71756 2006372    0    0     0 29768 20191 100402 58 37  3  2  0  0 2026-09-26 15:42:17
14  1      0  84600  71756 1977584    0    0     4 28176 20238 96064 60 37  2  1  0  0 2026-09-26 15:42:18
15  0      0  84376  71756 1959032    0    0     0 25580 20083 98833 65 33  1  1  0  0 2026-09-26 15:42:19
20  0      0  85948  71756 1961004    0    0     0 15048 19519 139126 62 36  2  0  0  0 2026-09-26 15:42:20
procs -----------memory---------- ---swap-- -----io---- -system-- -------cpu------- -----timestamp-----
 r  b   swpd   free   buff  cache   si   so    bi    bo   in   cs us sy id wa st gu                 UTC
 5  0      0  85448  71756 1963040    0    0     0  6736 18274 129581 66 29  5  0  0  0 2026-09-26 15:42:21
27  0      0  84956  71756 1968012    0    0     0  4188 18281 130484 67 30  3  0  0  0 2026-09-26 15:42:22
48  0      0  85912  71760 1971676    0    0     0  3812 15777 138903 65 31  4  0  0  0 2026-09-26 15:42:23
25  0      0 507096  71760 1972944    0    0     0  2560 14067 96340 64 33  3  0  0  0 2026-09-26 15:42:24
