2026-09-26T15:51:06+00:00
COMMAND         %CPU   RSS
mysqld          17.3 1089924
nginx            1.0 17312
nginx            1.0 17204
systemd-journal  0.5 224316
rsyslogd         0.3  5244
jbd2/sda1-8      0.3     0
kworker/1:1H-kb  0.1     0
kworker/0:1H-kb  0.1     0
rcu_preempt      0.1     0
2026-09-26T15:51:08+00:00
COMMAND         %CPU   RSS
mysqld          17.3 1092268
bench            9.5 52680
nginx            1.0 17312
nginx            1.0 17204
isuride          0.9 14988
systemd-journal  0.5 224316
rsyslogd         0.3  5244
jbd2/sda1-8      0.3     0
kworker/1:1H-kb  0.1     0
2026-09-26T15:51:10+00:00
COMMAND         %CPU   RSS
mysqld          17.3 1093248
bench           15.7 72928
isuride          3.0 15428
nginx            1.0 17312
nginx            1.0 17204
systemd-journal  0.5 224316
rsyslogd         0.3  5244
jbd2/sda1-8      0.3     0
kworker/1:1H-kb  0.1     0
2026-09-26T15:51:12+00:00
COMMAND         %CPU   RSS
bench           19.4 103416
mysqld          17.3 1095020
isuride          5.4 16376
nginx            1.0 17312
nginx            1.0 17204
systemd-journal  0.5 224316
rsyslogd         0.3  5244
jbd2/sda1-8      0.3     0
kworker/1:1H-kb  0.1     0
2026-09-26T15:51:14+00:00
COMMAND         %CPU   RSS
bench           22.5 142040
mysqld          17.3 1098784
isuride          7.8 17096
nginx            1.0 17312
nginx            1.0 17204
systemd-journal  0.5 224316
rsyslogd         0.3  5244
jbd2/sda1-8      0.3     0
kworker/1:1H-kb  0.1     0
2026-09-26T15:51:16+00:00
COMMAND         %CPU   RSS
bench           23.3 165792
mysqld          17.3 1101992
isuride         10.2 18724
nginx            1.0 17312
nginx            1.0 17204
systemd-journal  0.5 224316
rsyslogd         0.3  5244
jbd2/sda1-8      0.3     0
kworker/1:1H-kb  0.1     0
2026-09-26T15:51:18+00:00
COMMAND         %CPU   RSS
bench           24.3 199376
mysqld          17.3 1106740
isuride         12.2 20084
nginx            1.0 17312
nginx            1.0 17204
systemd-journal  0.5 224316
rsyslogd         0.3  5244
jbd2/sda1-8      0.3     0
kworker/1:1H-kb  0.1     0
2026-09-26T15:51:20+00:00
COMMAND         %CPU   RSS
bench           24.5 214508
mysqld          17.3 1110352
curl            14.2 12388
isuride         14.2 20752
nginx            1.0 17312
nginx            1.0 17204
systemd-journal  0.5 224316
rsyslogd         0.3  5244
jbd2/sda1-8      0.3     0
2026-09-26T15:51:22+00:00
COMMAND         %CPU   RSS
bench           24.5 226732
mysqld          17.3 1113320
isuride         16.0 21712
nginx            1.0 17312
nginx            1.0 17204
systemd-journal  0.5 224316
rsyslogd         0.3  5244
jbd2/sda1-8      0.3     0
kworker/1:1H-kb  0.1     0
2026-09-26T15:51:24+00:00
COMMAND         %CPU   RSS
bench           24.5 230332
isuride         17.5 21348
mysqld          17.3 1116012
nginx            1.0 17312
nginx            1.0 17204
systemd-journal  0.5 224316
jbd2/sda1-8      0.3     0
rsyslogd         0.3  5244
kworker/1:1H-kb  0.1     0
2026-09-26T15:51:26+00:00
COMMAND         %CPU   RSS
bench           24.6 235768
isuride         18.8 22996
mysqld          17.3 1122144
nginx            1.0 17312
nginx            1.0 17204
systemd-journal  0.5 224316
jbd2/sda1-8      0.3     0
rsyslogd         0.3  5244
kworker/1:1H-kb  0.1     0
2026-09-26T15:51:28+00:00
COMMAND         %CPU   RSS
bench           24.6 244464
isuride         20.1 22680
mysqld          17.3 1126008
nginx            1.0 17312
nginx            1.0 17204
systemd-journal  0.5 224316
jbd2/sda1-8      0.3     0
rsyslogd         0.3  5244
kworker/1:1H-kb  0.1     0
2026-09-26T15:51:30+00:00
COMMAND         %CPU   RSS
bench           25.0 254384
isuride         21.2 25008
mysqld          17.3 1127092
nginx            1.0 17312
nginx            1.0 17204
systemd-journal  0.5 224316
jbd2/sda1-8      0.3     0
rsyslogd         0.3  5244
kworker/1:1H-kb  0.1     0
2026-09-26T15:51:32+00:00
COMMAND         %CPU   RSS
bench           25.1 268952
isuride         22.1 24548
mysqld          17.4 1129952
nginx            1.0 17312
nginx            1.0 17204
systemd-journal  0.5 224316
jbd2/sda1-8      0.3     0
rsyslogd         0.3  5244
kworker/1:1H-kb  0.1     0
2026-09-26T15:51:35+00:00
COMMAND         %CPU   RSS
bench           25.4 292776
isuride         23.0 26432
mysqld          17.4 1132156
nginx            1.0 17312
nginx            1.0 17204
systemd-journal  0.5 224316
jbd2/sda1-8      0.3     0
rsyslogd         0.3  5244
kworker/1:1H-kb  0.1     0
2026-09-26T15:51:37+00:00
COMMAND         %CPU   RSS
bench           25.5 307832
isuride         23.8 27048
mysqld          17.4 1133540
curl             3.0 12324
nginx            1.0 17312
nginx            1.0 17204
systemd-journal  0.5 224316
jbd2/sda1-8      0.3     0
rsyslogd         0.3  5244
2026-09-26T15:51:39+00:00
COMMAND         %CPU   RSS
bench           25.8 315444
isuride         24.5 28736
mysqld          17.4 1135492
curl             9.0 12324
nginx            1.0 17312
nginx            1.0 17204
systemd-journal  0.5 224380
jbd2/sda1-8      0.3     0
rsyslogd         0.3  5244
2026-09-26T15:51:41+00:00
COMMAND         %CPU   RSS
bench           25.9 346432
isuride         25.2 28824
mysqld          17.4 1136788
nginx            1.0 17312
nginx            1.0 17204
systemd-journal  0.5 224380
jbd2/sda1-8      0.3     0
rsyslogd         0.3  5244
kworker/1:1H-kb  0.1     0
2026-09-26T15:51:43+00:00
COMMAND         %CPU   RSS
bench           26.0 376376
isuride         25.9 30552
mysqld          17.4 1138364
nginx            1.0 17312
nginx            1.0 17204
systemd-journal  0.5 224380
jbd2/sda1-8      0.3     0
rsyslogd         0.3  5244
kworker/1:1H-kb  0.1     0
2026-09-26T15:51:45+00:00
COMMAND         %CPU   RSS
isuride         26.4 31952
bench           26.2 381764
mysqld          17.4 1143152
nginx            1.0 17312
nginx            1.0 17204
systemd-journal  0.5 224380
jbd2/sda1-8      0.3     0
rsyslogd         0.3  5244
kworker/1:1H-kb  0.1     0
2026-09-26T15:51:47+00:00
COMMAND         %CPU   RSS
isuride         27.0 31636
bench           26.3 410208
mysqld          17.4 1144324
nginx            1.0 17312
nginx            1.0 17204
systemd-journal  0.5 224380
jbd2/sda1-8      0.3     0
rsyslogd         0.3  5244
kworker/1:1H-kb  0.1     0
2026-09-26T15:51:49+00:00
COMMAND         %CPU   RSS
isuride         27.4 34692
bench           26.5 414084
mysqld          17.4 1146492
nginx            1.0 17312
nginx            1.0 17204
systemd-journal  0.5 224380
jbd2/sda1-8      0.3     0
rsyslogd         0.3  5244
kworker/1:1H-kb  0.1     0
2026-09-26T15:51:51+00:00
COMMAND         %CPU   RSS
isuride         27.8 33868
bench           26.6 445824
mysqld          17.4 1146712
nginx            1.0 17312
nginx            1.0 17204
systemd-journal  0.5 224380
jbd2/sda1-8      0.3     0
rsyslogd         0.3  5244
kworker/1:1H-kb  0.1     0
2026-09-26T15:51:53+00:00
COMMAND         %CPU   RSS
isuride         28.1 38128
bench           26.9 459352
mysqld          17.4 1147272
curl            14.2 12324
nginx            1.0 17312
nginx            1.0 17204
systemd-journal  0.5 224384
jbd2/sda1-8      0.3     0
rsyslogd         0.3  5244
2026-09-26T15:51:55+00:00
COMMAND         %CPU   RSS
isuride         28.6 38244
bench           27.0 481612
mysqld          17.4 1148136
curl             4.5 12312
nginx            1.0 17312
nginx            1.0 17204
systemd-journal  0.5 224384
jbd2/sda1-8      0.3     0
rsyslogd         0.3  5244
2026-09-26T15:51:57+00:00
COMMAND         %CPU   RSS
isuride         29.0 39468
bench           27.0 483820
mysqld          17.4 1148224
nginx            1.0 17312
nginx            1.0 17204
systemd-journal  0.5 224384
jbd2/sda1-8      0.3     0
rsyslogd         0.3  5244
kworker/1:1H-kb  0.1     0
2026-09-26T15:51:59+00:00
COMMAND         %CPU   RSS
isuride         29.4 38588
bench           27.1 530296
mysqld          17.4 1149164
curl             2.5 12308
nginx            1.0 17312
nginx            1.0 17204
systemd-journal  0.5 224384
jbd2/sda1-8      0.3     0
rsyslogd         0.3  5244
2026-09-26T15:52:01+00:00
COMMAND         %CPU   RSS
isuride         29.7 41012
bench           27.1 533216
mysqld          17.4 1150028
curl             8.3 12324
nginx            1.0 17312
nginx            1.0 17204
systemd-journal  0.5 224384
jbd2/sda1-8      0.3     0
rsyslogd         0.3  5244
2026-09-26T15:52:03+00:00
COMMAND         %CPU   RSS
isuride         29.9 42816
bench           27.2 559092
mysqld          17.5 1152028
curl             2.8 12324
nginx            1.0 17312
nginx            1.0 17204
systemd-journal  0.5 224384
jbd2/sda1-8      0.3     0
rsyslogd         0.3  5244
2026-09-26T15:52:05+00:00
COMMAND         %CPU   RSS
isuride         30.2 43544
bench           27.2 561636
mysqld          17.5 1151072
curl             7.1 12324
nginx            1.0 17312
nginx            1.0 17204
systemd-journal  0.5 224384
jbd2/sda1-8      0.3     0
rsyslogd         0.3  5244
2026-09-26T15:52:07+00:00
COMMAND         %CPU   RSS
isuride         30.4 45212
bench           27.3 564040
mysqld          17.5 1151076
curl             3.0 12324
nginx            1.0 17312
nginx            1.0 17204
systemd-journal  0.5 224384
jbd2/sda1-8      0.3     0
rsyslogd         0.3  5244
2026-09-26T15:52:09+00:00
COMMAND         %CPU   RSS
isuride         30.8 37660
bench           27.3 597608
curl            20.0 12312
mysqld          17.5 1151076
nginx            1.0 17312
nginx            1.0 17236
systemd-journal  0.5 224384
jbd2/sda1-8      0.3     0
rsyslogd         0.3  5244
2026-09-26T15:52:11+00:00
COMMAND         %CPU   RSS
isuride         31.2 35684
bench           27.3 597616
mysqld          17.5 1151092
nginx            1.0 17312
nginx            1.0 17236
systemd-journal  0.5 224384
jbd2/sda1-8      0.3     0
rsyslogd         0.3  5244
kworker/1:1H-kb  0.1     0
