procs -----------memory---------- ---swap-- -----io---- -system-- -------cpu------- -----timestamp-----
 r  b   swpd   free   buff  cache   si   so    bi    bo   in   cs us sy id wa st gu                 UTC
 3  0      0 707268  70176 1959044    0    0    84  3413 3295   63 12  6 82  0  0  0 2026-09-26 15:51:06
 7  1      0 677856  70180 1954568    0    0    64 64644 17863 37271 30 13 42 16  0  0 2026-09-26 15:51:07
 2  0      0 673572  70180 1955108    0    0     0 11280 23821 69470 20 15 62  3  0  0 2026-09-26 15:51:08
 3  1      0 668648  70180 1955776    0    0     0 15304 29619 93779 27 24 46  3  0  0 2026-09-26 15:51:09
 9  2      0 654088  70180 1956844    0    0     0 19528 30243 109380 38 30 28  4  0  0 2026-09-26 15:51:10
 7  1      0 636264  70180 1959264    0    0     0 26496 29488 119566 44 35 18  3  0  0 2026-09-26 15:51:11
12  0      0 617880  70180 1960668    0    0     4 22228 28224 120726 46 32 19  2  0  0 2026-09-26 15:51:12
10  0      0 588648  70180 1964216    0    0     0 25864 25846 116378 51 39  9  1  0  0 2026-09-26 15:51:13
23  1      0 567508  70180 1965984    0    0     0 26380 25042 119887 52 42  5  1  0  0 2026-09-26 15:51:14
13  1      0 547444  70180 1967428    0    0     0 26100 24956 117755 55 39  6  1  0  0 2026-09-26 15:51:15
17  1      0 537108  70180 1970360    0    0     8 25988 27954 123282 55 38  6  2  0  0 2026-09-26 15:51:16
28  1      0 512932  70180 1972608    0    0     0 26684 24364 112456 56 41  3  1  0  0 2026-09-26 15:51:17
40  0      0 489272  70180 1974700    0    0     0 26256 22423 110490 57 39  3  1  0  0 2026-09-26 15:51:18
 9  1      0 480200  70180 1976664    0    0     4 27060 24463 110303 56 40  3  1  0  0 2026-09-26 15:51:19
27  0      0 463860  70180 1978896    0    0    24 27716 23083 112513 57 40  2  1  0  0 2026-09-26 15:51:20
13  0      0 459164  70180 1981280    0    0     0 25856 22460 115361 57 40  2  1  0  0 2026-09-26 15:51:21
 8  1      0 444784  70180 1983028    0    0     4 34424 22984 115893 57 39  3  1  0  0 2026-09-26 15:51:22
16  1      0 434224  70180 1986188    0    0     0 30336 24342 112479 55 43  2  1  0  0 2026-09-26 15:51:23
36  0      0 433144  70184 1988480    0    0     0 27680 22088 109476 57 40  3  1  0  0 2026-09-26 15:51:24
11  0      0 417552  70184 1991792    0    0     4 28020 23887 110828 56 41  3  1  0  0 2026-09-26 15:51:25
 7  0      0 409100  70184 1994424    0    0    20 29828 21208 112769 56 41  2  1  0  0 2026-09-26 15:51:26
procs -----------memory---------- ---swap-- -----io---- -system-- -------cpu------- -----timestamp-----
 r  b   swpd   free   buff  cache   si   so    bi    bo   in   cs us sy id wa st gu                 UTC
26  1      0 401732  70184 1996264    0    0     0 28908 22574 106834 56 42  1  1  0  0 2026-09-26 15:51:27
31  1      0 393420  70184 1998468    0    0     0 24728 23616 111145 56 40  4  1  0  0 2026-09-26 15:51:28
11  0      0 382372  70184 2000772    0    0     4 26272 20911 106995 57 41  2  1  0  0 2026-09-26 15:51:29
16  0      0 373300  70184 2003288    0    0     0 31856 20668 110524 57 42  1  0  0  0 2026-09-26 15:51:30
56  1      0 362280  70184 2005668    0    0     4 27948 21756 103264 56 41  2  1  0  0 2026-09-26 15:51:31
10  0      0 349456  70184 2008080    0    0     4 33128 22371 105825 58 40  2  1  0  0 2026-09-26 15:51:32
16  1      0 344956  70184 2011496    0    0     0 25976 22540 110298 59 39  2  1  0  0 2026-09-26 15:51:33
22  0      0 318048  70184 2013876    0    0     0 27476 20619 99997 61 39  0  0  0  0 2026-09-26 15:51:34
26  1      0 314568  70184 2016384    0    0     4 28728 22192 109350 57 41  1  0  0  0 2026-09-26 15:51:35
24  0      0 301984  70184 2019396    0    0     0 27972 22271 104435 58 39  2  1  0  0 2026-09-26 15:51:36
44  1      0 283124  70184 2021788    0    0     0 27488 21531 100008 62 36  2  1  0  0 2026-09-26 15:51:37
19  0      0 278392  70184 2023036    0    0     0 28148 21512 107567 58 40  1  1  0  0 2026-09-26 15:51:38
37  1      0 245396  70184 2024336    0    0     0 28396 20207 100958 58 41  1  0  0  0 2026-09-26 15:51:39
11  1      0 248212  70184 2025892    0    0     0 25780 21792 107065 60 37  2  1  0  0 2026-09-26 15:51:40
27  0      0 238852  70184 2027264    0    0    32 25504 19223 97139 62 37  1  1  0  0 2026-09-26 15:51:41
40  2      0 208040  70184 2028624    0    0     0 31808 21832 100990 59 39  2  1  0  0 2026-09-26 15:51:42
23  0      0 204700  70184 2030400    0    0     0 23988 20401 100786 62 36  2  0  0  0 2026-09-26 15:51:43
32  1      0 194428  70184 2033120    0    0     0 25700 22659 106984 61 37  2  1  0  0 2026-09-26 15:51:44
16  0      0 173552  70184 2034748    0    0     0 25300 21089 102493 61 38  1  1  0  0 2026-09-26 15:51:45
29  1      0 152668  70184 2036860    0    0     0 25016 19658 98387 62 37  1  0  0  0 2026-09-26 15:51:46
14  1      0 152684  70184 2038788    0    0     0 25948 20520 105207 60 39  1  0  0  0 2026-09-26 15:51:47
procs -----------memory---------- ---swap-- -----io---- -system-- -------cpu------- -----timestamp-----
 r  b   swpd   free   buff  cache   si   so    bi    bo   in   cs us sy id wa st gu                 UTC
47  1      0 133284  70184 2040044    0    0     0 27436 19458 101759 60 38  1  0  0  0 2026-09-26 15:51:48
18  0      0 116336  70184 2041448    0    0     0 24888 19900 99745 61 38  1  0  0  0 2026-09-26 15:51:49
11  1      0 101984  70184 2042928    0    0     0 24852 20500 102562 60 38  2  1  0  0 2026-09-26 15:51:50
17  0      0 107424  70184 2045344    0    0     0 23792 19437 93962 59 39  1  1  0  0 2026-09-26 15:51:51
 9  0      0  95840  70184 2046784    0    0     0 34752 19896 98238 64 36  0  0  0  0 2026-09-26 15:51:52
37  0      0 100528  69224 2023032    0    0     0 25740 19425 97421 61 38  1  0  0  0 2026-09-26 15:51:53
20  0      0  85604  69224 2024452    0    0     0 25060 21523 98869 60 39  1  0  0  0 2026-09-26 15:51:54
30  0      0  85216  69224 2026800    0    0     0 24468 21999 106545 62 36  2  0  0  0 2026-09-26 15:51:55
11  1      0  75732  69224 2028668    0    0     0 26548 20971 99753 60 38  2  1  0  0 2026-09-26 15:51:56
48  1      0  75924  69180 1999840    0    0     0 24668 18867 94911 65 34  1  1  0  0 2026-09-26 15:51:57
19  1      0  85580  68768 1979136    0    0     0 22464 19046 97528 63 36  1  0  0  0 2026-09-26 15:51:58
16  0      0  88788  68768 1959884    0    0     0 23864 20216 92079 64 36  1  0  0  0 2026-09-26 15:51:59
 8  1      0  83848  68768 1961556    0    0     4 26952 20622 99755 61 37  2  1  0  0 2026-09-26 15:52:00
50  0      0  74272  68768 1964812    0    0     0 28020 20592 100538 61 38  1  1  0  0 2026-09-26 15:52:01
37  0      0  89068  68768 1947432    0    0     0 32768 21880 103574 60 37  3  0  0  0 2026-09-26 15:52:02
17  0      0  76120  68768 1948648    0    0     0 22660 20857 94493 63 34  2  1  0  0 2026-09-26 15:52:03
11  0      0  80112  68768 1942988    0    0    16 26212 20717 94387 63 37  1  0  0  0 2026-09-26 15:52:04
40  1      0  91688  68768 1938164    0    0     0 25716 20471 92783 63 37  1  1  0  0 2026-09-26 15:52:05
28  0      0  74680  68768 1940440    0    0     4 28104 20579 89337 64 36  1  0  0  0 2026-09-26 15:52:06
12  1      0  79860  68768 1935328    0    0     0 26780 21037 96926 62 38  1  0  0  0 2026-09-26 15:52:07
22  0      0  72272  68768 1916632    0    0     0 18828 21677 110898 62 36  2  0  0  0 2026-09-26 15:52:08
procs -----------memory---------- ---swap-- -----io---- -system-- -------cpu------- -----timestamp-----
 r  b   swpd   free   buff  cache   si   so    bi    bo   in   cs us sy id wa st gu                 UTC
 6  0      0  75508  68768 1917828    0    0     0  5944 16371 131702 67 31  2  0  0  0 2026-09-26 15:52:09
 9  0      0  80348  68768 1919008    0    0     0  4272 20621 134542 65 32  3  1  0  0 2026-09-26 15:52:10
 8  0      0  78612  68768 1920040    0    0     0  4076 18174 132130 67 31  2  0  0  0 2026-09-26 15:52:11
