2026-09-26T14:57:32+00:00
COMMAND         %CPU   RSS
mysqld          14.4 1081524
nginx            0.8 14468
nginx            0.8 14320
systemd-journal  0.4 203256
rsyslogd         0.2  5608
jbd2/sda1-8      0.2     0
rcu_preempt      0.1     0
kworker/0:1H-kb  0.0     0
kworker/1:1H-kb  0.0     0
2026-09-26T14:57:34+00:00
COMMAND         %CPU   RSS
mysqld          14.4 1084260
bench            9.5 53148
isuride          1.0 15200
nginx            0.8 14468
nginx            0.8 14320
systemd-journal  0.4 204432
rsyslogd         0.2  5608
jbd2/sda1-8      0.2     0
rcu_preempt      0.1     0
2026-09-26T14:57:36+00:00
COMMAND         %CPU   RSS
bench           14.7 73012
mysqld          14.4 1085332
isuride          3.2 16088
nginx            0.8 14468
nginx            0.8 14320
systemd-journal  0.4 208900
rsyslogd         0.2  5608
jbd2/sda1-8      0.2     0
rcu_preempt      0.1     0
2026-09-26T14:57:38+00:00
COMMAND         %CPU   RSS
bench           17.1 95164
mysqld          14.4 1087924
isuride          5.7 16808
nginx            0.8 14468
nginx            0.8 14320
systemd-journal  0.4 211180
rsyslogd         0.2  5584
jbd2/sda1-8      0.2     0
rcu_preempt      0.1     0
2026-09-26T14:57:40+00:00
COMMAND         %CPU   RSS
bench           18.9 120528
mysqld          14.4 1091076
isuride          8.1 18576
nginx            0.8 14468
nginx            0.8 14320
systemd-journal  0.4 215428
rsyslogd         0.2  5584
jbd2/sda1-8      0.2     0
rcu_preempt      0.1     0
2026-09-26T14:57:42+00:00
COMMAND         %CPU   RSS
bench           19.4 152368
mysqld          14.4 1094372
isuride         10.3 19108
nginx            0.8 14468
nginx            0.8 14320
systemd-journal  0.4 219192
rsyslogd         0.2  5584
jbd2/sda1-8      0.2     0
rcu_preempt      0.1     0
2026-09-26T14:57:44+00:00
COMMAND         %CPU   RSS
bench           20.1 166180
mysqld          14.4 1098692
isuride         12.3 19808
nginx            0.8 14468
nginx            0.8 14320
systemd-journal  0.4 221280
rsyslogd         0.2  5584
jbd2/sda1-8      0.2     0
rcu_preempt      0.1     0
2026-09-26T14:57:46+00:00
COMMAND         %CPU   RSS
bench           20.1 179516
mysqld          14.4 1102860
isuride         14.0 20440
nginx            0.8 14468
nginx            0.8 14320
systemd-journal  0.4 227240
rsyslogd         0.2  5584
jbd2/sda1-8      0.2     0
rcu_preempt      0.1     0
2026-09-26T14:57:49+00:00
COMMAND         %CPU   RSS
bench           20.3 182360
isuride         15.6 21856
mysqld          14.4 1106296
nginx            0.8 14468
nginx            0.8 14320
systemd-journal  0.4 229500
rsyslogd         0.2  5584
jbd2/sda1-8      0.2     0
rcu_preempt      0.1     0
2026-09-26T14:57:51+00:00
COMMAND         %CPU   RSS
bench           20.4 191288
isuride         17.1 21796
mysqld          14.4 1109640
nginx            0.8 14468
nginx            0.8 14320
systemd-journal  0.4 233692
rsyslogd         0.2  5584
jbd2/sda1-8      0.2     0
rcu_preempt      0.1     0
2026-09-26T14:57:53+00:00
COMMAND         %CPU   RSS
bench           20.6 203804
isuride         18.4 21916
mysqld          14.4 1113592
nginx            0.8 14468
nginx            0.8 14320
systemd-journal  0.4 233692
rsyslogd         0.2  5584
jbd2/sda1-8      0.2     0
rcu_preempt      0.1     0
2026-09-26T14:57:55+00:00
COMMAND         %CPU   RSS
bench           20.7 218432
isuride         19.6 22592
mysqld          14.5 1116644
curl             5.2 12308
nginx            0.8 14468
nginx            0.8 14320
systemd-journal  0.4 233692
rsyslogd         0.2  5584
jbd2/sda1-8      0.2     0
2026-09-26T14:57:57+00:00
COMMAND         %CPU   RSS
bench           20.9 240312
isuride         20.6 23916
mysqld          14.5 1119280
curl             7.6 12320
nginx            0.8 14468
nginx            0.8 14320
systemd-journal  0.4 233692
rsyslogd         0.2  5584
jbd2/sda1-8      0.2     0
2026-09-26T14:57:59+00:00
COMMAND         %CPU   RSS
isuride         21.6 25840
bench           20.9 241852
mysqld          14.5 1121476
curl             1.1 12320
nginx            0.8 14468
nginx            0.8 14320
systemd-journal  0.4 233692
rsyslogd         0.2  5584
jbd2/sda1-8      0.2     0
2026-09-26T14:58:01+00:00
COMMAND         %CPU   RSS
isuride         22.6 24368
bench           21.0 264464
mysqld          14.5 1123344
nginx            0.8 14468
nginx            0.8 14320
systemd-journal  0.4 233692
rsyslogd         0.2  5584
jbd2/sda1-8      0.2     0
rcu_preempt      0.1     0
2026-09-26T14:58:03+00:00
COMMAND         %CPU   RSS
isuride         23.4 26640
bench           21.0 287048
mysqld          14.5 1125616
curl            12.5 12320
nginx            0.8 14468
nginx            0.8 14320
systemd-journal  0.4 233692
rsyslogd         0.2  5584
jbd2/sda1-8      0.2     0
2026-09-26T14:58:05+00:00
COMMAND         %CPU   RSS
isuride         24.3 28728
bench           21.2 289812
mysqld          14.5 1126820
curl             1.0 12312
nginx            0.8 14468
nginx            0.8 14320
systemd-journal  0.4 233692
rsyslogd         0.2  5584
jbd2/sda1-8      0.2     0
2026-09-26T14:58:07+00:00
COMMAND         %CPU   RSS
isuride         24.9 26444
bench           21.1 294884
mysqld          14.5 1127800
nginx            0.8 14468
nginx            0.8 14320
curl             0.7 12320
systemd-journal  0.4 233692
rsyslogd         0.2  5584
jbd2/sda1-8      0.2     0
2026-09-26T14:58:09+00:00
COMMAND         %CPU   RSS
isuride         25.5 27776
bench           21.1 309100
mysqld          14.5 1129944
nginx            0.8 14468
nginx            0.8 14320
systemd-journal  0.4 238884
rsyslogd         0.2  5584
jbd2/sda1-8      0.2     0
rcu_preempt      0.1     0
2026-09-26T14:58:11+00:00
COMMAND         %CPU   RSS
isuride         26.0 30076
bench           21.1 311156
mysqld          14.5 1133136
nginx            0.8 14468
nginx            0.8 14320
curl             0.6 12312
systemd-journal  0.4 241764
rsyslogd         0.2  5584
jbd2/sda1-8      0.2     0
2026-09-26T14:58:13+00:00
COMMAND         %CPU   RSS
isuride         26.3 30172
bench           21.2 334664
mysqld          14.5 1133436
curl             0.9 12308
nginx            0.8 14468
nginx            0.8 14320
systemd-journal  0.4 245424
rsyslogd         0.2  5584
jbd2/sda1-8      0.2     0
2026-09-26T14:58:15+00:00
COMMAND         %CPU   RSS
isuride         26.9 29644
bench           21.2 336616
mysqld          14.5 1133500
nginx            0.8 14468
nginx            0.8 14320
systemd-journal  0.4 247504
rsyslogd         0.2  5584
jbd2/sda1-8      0.2     0
rcu_preempt      0.1     0
2026-09-26T14:58:17+00:00
COMMAND         %CPU   RSS
isuride         27.3 31536
bench           21.2 349456
mysqld          14.6 1135428
nginx            0.8 14468
nginx            0.8 14320
curl             0.4 12320
systemd-journal  0.4 252080
rsyslogd         0.2  5584
jbd2/sda1-8      0.2     0
2026-09-26T14:58:19+00:00
COMMAND         %CPU   RSS
isuride         27.8 29276
bench           21.3 349476
mysqld          14.6 1135428
nginx            0.8 14468
nginx            0.8 14320
systemd-journal  0.4 254776
rsyslogd         0.2  5584
jbd2/sda1-8      0.2     0
rcu_preempt      0.1     0
2026-09-26T14:58:21+00:00
COMMAND         %CPU   RSS
isuride         28.1 31344
bench           21.3 350920
mysqld          14.6 1136176
nginx            0.8 14468
nginx            0.8 14320
curl             0.6 12320
systemd-journal  0.4 256784
rsyslogd         0.2  5584
jbd2/sda1-8      0.2     0
2026-09-26T14:58:23+00:00
COMMAND         %CPU   RSS
isuride         28.5 30820
bench           21.4 366776
mysqld          14.6 1137112
nginx            0.8 14468
nginx            0.8 14320
systemd-journal  0.4 257628
rsyslogd         0.2  5584
jbd2/sda1-8      0.2     0
rcu_preempt      0.1     0
2026-09-26T14:58:25+00:00
COMMAND         %CPU   RSS
isuride         28.9 32012
bench           21.4 368040
mysqld          14.6 1139128
nginx            0.8 14468
nginx            0.8 14320
curl             0.6 12320
systemd-journal  0.4 257628
rsyslogd         0.2  5584
jbd2/sda1-8      0.2     0
2026-09-26T14:58:27+00:00
COMMAND         %CPU   RSS
isuride         29.2 32120
bench           21.4 383412
mysqld          14.6 1139272
nginx            0.8 14420
nginx            0.8 14272
systemd-journal  0.4 257628
curl             0.2 12320
rsyslogd         0.2  5584
jbd2/sda1-8      0.2     0
2026-09-26T14:58:29+00:00
COMMAND         %CPU   RSS
isuride         29.4 32232
bench           21.4 383888
mysqld          14.6 1139312
nginx            0.8 14420
nginx            0.8 14284
systemd-journal  0.4 257628
rsyslogd         0.2  5584
jbd2/sda1-8      0.2     0
rcu_preempt      0.1     0
2026-09-26T14:58:31+00:00
COMMAND         %CPU   RSS
isuride         29.6 32540
bench           21.4 385352
mysqld          14.6 1139368
nginx            0.8 14420
nginx            0.8 14304
curl             0.5 12312
systemd-journal  0.4 257628
rsyslogd         0.2  5584
jbd2/sda1-8      0.2     0
2026-09-26T14:58:33+00:00
COMMAND         %CPU   RSS
isuride         29.9 32416
bench           21.5 405296
mysqld          14.6 1139432
nginx            0.8 14432
nginx            0.8 14380
systemd-journal  0.4 257628
rsyslogd         0.2  5584
curl             0.2 12312
jbd2/sda1-8      0.2     0
2026-09-26T14:58:35+00:00
COMMAND         %CPU   RSS
isuride         30.2 29008
bench           21.4 406332
mysqld          14.6 1139432
nginx            0.8 14452
nginx            0.8 14388
systemd-journal  0.4 257628
rsyslogd         0.2  5584
jbd2/sda1-8      0.2     0
rcu_preempt      0.1     0
2026-09-26T14:58:37+00:00
COMMAND         %CPU   RSS
isuride         30.6 28752
bench           21.3 420996
mysqld          14.6 1139184
nginx            0.8 14428
nginx            0.8 14364
systemd-journal  0.4 257868
rsyslogd         0.2  5376
jbd2/sda1-8      0.2     0
rcu_preempt      0.1     0
