procs -----------memory---------- ---swap-- -----io---- -system-- -------cpu------- -----timestamp-----
 r  b   swpd   free   buff  cache   si   so    bi    bo   in   cs us sy id wa st gu                 UTC
 3  0      0 398620  69460 2261516    0    0    54  2268 2571   45 10  4 85  0  0  0 2026-09-26 14:57:32
10  0      0 381812  69508 2267540    0    0   148 62080 17518 35892 29 13 40 18  0  0 2026-09-26 14:57:33
 2  0      0 376636  69520 2269188    0    0     0 15996 23943 73195 25 21 51  3  0  0 2026-09-26 14:57:34
 7  0      0 378096  69520 2270996    0    0     0 17316 27427 94680 40 28 30  2  0  0 2026-09-26 14:57:35
 9  1      0 356984  69532 2273492    0    0   128 22228 25711 106695 48 34 16  2  0  0 2026-09-26 14:57:36
14  0      0 342220  69544 2276248    0    0     0 24664 24888 109221 47 37 14  2  0  0 2026-09-26 14:57:37
 5  0      0 323584  69548 2279072    0    0     0 27408 23098 106412 49 39  9  3  0  0 2026-09-26 14:57:38
33  0      0 297260  69560 2283200    0    0     4 42500 22236 99854 54 42  3  1  0  0 2026-09-26 14:57:39
14  0      0 282000  69572 2287404    0    0     0 29932 23074 103483 55 42  3  1  0  0 2026-09-26 14:57:40
22  1      0 261588  69580 2290248    0    0     0 27024 22089 101401 55 42  2  1  0  0 2026-09-26 14:57:41
31  1      0 240168  69592 2293320    0    0     0 31052 20952 101983 56 42  2  1  0  0 2026-09-26 14:57:42
14  1      0 228868  69596 2296620    0    0     0 27632 19856 98761 58 42  1  0  0  0 2026-09-26 14:57:43
33  1      0 212740  69596 2299420    0    0     4 27988 22075 95924 57 42  1  1  0  0 2026-09-26 14:57:44
21  0      0 206192  69600 2303444    0    0     0 30448 22268 100591 55 43  1  1  0  0 2026-09-26 14:57:45
19  0      0 192412  69604 2306260    0    0     0 29632 21478 96734 56 42  2  1  0  0 2026-09-26 14:57:46
 9  1      0 179744  69604 2309684    0    0     0 30068 21232 100783 55 43  2  0  0  0 2026-09-26 14:57:47
39  1      0 174680  69608 2312608    0    0     4 30044 19826 99812 53 46  1  1  0  0 2026-09-26 14:57:48
42  1      0 158048  69612 2315500    0    0     0 50712 20966 95924 55 43  2  1  0  0 2026-09-26 14:57:49
36  1      0 155052  69612 2318100    0    0     0 29704 18800 99045 56 43  1  0  0  0 2026-09-26 14:57:50
24  0      0 137708  69612 2320404    0    0     0 28112 21552 99514 56 42  1  1  0  0 2026-09-26 14:57:51
 4  1      0 133436  69612 2322828    0    0     4 32592 21089 100738 57 41  2  1  0  0 2026-09-26 14:57:52
procs -----------memory---------- ---swap-- -----io---- -system-- -------cpu------- -----timestamp-----
 r  b   swpd   free   buff  cache   si   so    bi    bo   in   cs us sy id wa st gu                 UTC
14  0      0 117264  69612 2325956    0    0    72 27872 19139 95915 57 42  1  1  0  0 2026-09-26 14:57:53
48  0      0 103712  69616 2328184    0    0     0 45816 18476 101134 56 44  1  0  0  0 2026-09-26 14:57:54
59  1      0 100184  69620 2331528    0    0     0 29472 21667 100815 59 41  1  0  0  0 2026-09-26 14:57:55
17  1      0  75280  69620 2333840    0    0    20 25916 21051 96793 59 40  1  1  0  0 2026-09-26 14:57:56
29  1      0  72668  69620 2336044    0    0     0 29880 20359 102872 55 45  1  0  0  0 2026-09-26 14:57:57
28  1      0  85464  68816 2322444    0    0    24 29292 21922 102189 55 44  1  0  0  0 2026-09-26 14:57:58
14  0      0  77848  68728 2307816    0    0     0 26180 20014 95622 57 43  1  1  0  0 2026-09-26 14:57:59
52  1      0  82100  68688 2303832    0    0     0 25956 20223 100403 57 42  1  0  0  0 2026-09-26 14:58:00
16  1      0  73588  68688 2306944    0    0     4 28752 20164 98760 58 41  0  1  0  0 2026-09-26 14:58:01
24  1      0  80000  68664 2283032    0    0     4 31444 21036 98692 58 42  1  0  0  0 2026-09-26 14:58:02
19  0      0  78924  68664 2271140    0    0     0 27692 19109 92128 58 41  1  0  0  0 2026-09-26 14:58:03
12  1      0  77952  68664 2273196    0    0     0 24576 17014 70026 55 40  3  2  0  0 2026-09-26 14:58:04
44  0      0  78156  68664 2269408    0    0     0 25696 19732 89683 57 40  2  1  0  0 2026-09-26 14:58:05
41  0      0  75436  68664 2272336    0    0     4 27832 21270 96869 55 42  3  1  0  0 2026-09-26 14:58:06
18  0      0  77912  68664 2248736    0    0    16 30248 18458 92522 57 41  1  1  0  0 2026-09-26 14:58:07
13  1      0  72608  68664 2255316    0    0     0 25896 19810 94807 57 40  3  1  0  0 2026-09-26 14:58:08
55  0      0  73520  68664 2249128    0    0     0 31632 21032 97374 57 42  1  1  0  0 2026-09-26 14:58:09
29  2      0  79048  68664 2242484    0    0    20 28932 20541 97864 57 41  2  1  0  0 2026-09-26 14:58:10
17  1      0  80960  68664 2221400    0    0     0 26332 19336 87988 59 37  3  1  0  0 2026-09-26 14:58:11
45  0      0  84252  68664 2207440    0    0     0 43924 22229 93942 56 38  4  2  0  0 2026-09-26 14:58:12
27  0      0  81116  68664 2211944    0    0    16 31872 20764 93889 59 37  3  1  0  0 2026-09-26 14:58:13
procs -----------memory---------- ---swap-- -----io---- -system-- -------cpu------- -----timestamp-----
 r  b   swpd   free   buff  cache   si   so    bi    bo   in   cs us sy id wa st gu                 UTC
65  0      0  72868  68664 2216580    0    0     0 26016 19629 94573 58 41  1  1  0  0 2026-09-26 14:58:14
40  0      0  84040  68364 2208540    0    0     0 27572 18728 94731 57 42  1  0  0  0 2026-09-26 14:58:15
28  1      0 130088  67900 2145616    0    0     8 26024 17682 82349 56 42  2  1  0  0 2026-09-26 14:58:16
34  1      0 128752  67900 2148432    0    0     0 39472 14576 64571 56 43  0  1  0  0 2026-09-26 14:58:17
19  0      0 126304  67900 2151484    0    0     0 17380 15401 69109 61 39  1  0  0  0 2026-09-26 14:58:18
 8  1      0 123320  67900 2156252    0    0   964 30616 20531 91015 59 41  1  0  0  0 2026-09-26 14:58:19
49  0      0 112988  67900 2159880    0    0     0 28324 20471 96196 59 39  2  1  0  0 2026-09-26 14:58:20
10  1      0  91508  67900 2163956    0    0     0 25684 19378 90074 62 38  1  0  0  0 2026-09-26 14:58:21
15  0      0  89896  67900 2166404    0    0     4 26572 22884 97126 57 42  1  0  0  0 2026-09-26 14:58:22
52  0      0  80316  67900 2169108    0    0     4 29388 20803 95784 59 41  0  0  0  0 2026-09-26 14:58:23
39  0      0  85504  67900 2171996    0    0     0 24336 20036 97062 58 41  1  1  0  0 2026-09-26 14:58:24
21  1      0  74300  67900 2174740    0    0     0 25692 22097 92276 60 39  1  0  0  0 2026-09-26 14:58:25
15  0      0 120252  67432 2119688    0    0     0 25004 20426 94935 58 40  2  1  0  0 2026-09-26 14:58:26
29  0      0 113068  67432 2122472    0    0   184 25440 21752 93430 58 40  2  1  0  0 2026-09-26 14:58:27
32  0      0 111224  67432 2125016    0    0   544 41388 18911 93008 58 41  1  0  0  0 2026-09-26 14:58:28
10  0      0 104476  67432 2127144    0    0   352 25528 17867 95348 60 39  1  1  0  0 2026-09-26 14:58:29
20  1      0 100224  67432 2128996    0    0     4 28320 17805 96853 60 39  1  0  0  0 2026-09-26 14:58:30
 4  2      0  89636  67432 2131052    0    0     0 23132 17078 93457 61 39  1  0  0  0 2026-09-26 14:58:31
27  0      0  79644  67536 2132916    0    0   100 27384 19926 102211 58 41  1  1  0  0 2026-09-26 14:58:32
12  1      0  77964  67540 2134732    0    0     4 31492 16859 97943 60 39  1  0  0  0 2026-09-26 14:58:33
70  0      0  82056  67544 2136060    0    0     4  9436 17682 109070 63 33  3  1  0  0 2026-09-26 14:58:34
procs -----------memory---------- ---swap-- -----io---- -system-- -------cpu------- -----timestamp-----
 r  b   swpd   free   buff  cache   si   so    bi    bo   in   cs us sy id wa st gu                 UTC
30  0      0  79864  67544 2137352    0    0     0  5836 18254 113526 65 33  2  0  0  0 2026-09-26 14:58:35
20  0      0 109860  67276 2103692    0    0    16  5740 18897 112889 61 35  5  0  0  0 2026-09-26 14:58:36
 5  0      0  95068  67276 2105736    0    0     4  5356 19716 106766 64 33  3  1  0  0 2026-09-26 14:58:37
