2026-09-26T10:24:10+00:00
COMMAND         %CPU   RSS
mysqld          50.0 1041144
nginx            1.8 10108
nginx            1.8 10136
systemd-journal  1.3 246664
jbd2/sda1-8      0.7     0
rsyslogd         0.7  5584
rcu_preempt      0.2     0
kworker/1:1H-kb  0.2     0
kworker/0:1H-kb  0.2     0
2026-09-26T10:24:12+00:00
COMMAND         %CPU   RSS
mysqld          50.0 1042196
bench            9.5 49916
nginx            1.8 10108
nginx            1.8 10136
systemd-journal  1.3 247200
jbd2/sda1-8      0.7     0
rsyslogd         0.7  5584
isuride          0.7 15092
rcu_preempt      0.2     0
2026-09-26T10:24:14+00:00
COMMAND         %CPU   RSS
mysqld          50.0 1042544
bench            8.4 51272
isuride          2.0 15292
nginx            1.8 10108
nginx            1.8 10136
systemd-journal  1.3 248132
jbd2/sda1-8      0.7     0
rsyslogd         0.7  5584
rcu_preempt      0.2     0
2026-09-26T10:24:16+00:00
COMMAND         %CPU   RSS
mysqld          50.0 1043132
bench            8.6 51464
isuride          3.4 15572
nginx            1.8 10108
nginx            1.8 10136
systemd-journal  1.3 249204
jbd2/sda1-8      0.7     0
rsyslogd         0.7  5584
rcu_preempt      0.2     0
2026-09-26T10:24:18+00:00
COMMAND         %CPU   RSS
mysqld          50.0 1044188
bench            9.1 58196
isuride          4.9 15672
nginx            1.8 10108
nginx            1.8 10136
systemd-journal  1.3 253776
jbd2/sda1-8      0.7     0
rsyslogd         0.7  5584
rcu_preempt      0.2     0
2026-09-26T10:24:20+00:00
COMMAND         %CPU   RSS
mysqld          50.0 1045172
curl            25.0     0
bench            9.9 62800
isuride          6.4 15916
nginx            1.8 10108
nginx            1.8 10136
systemd-journal  1.3 255684
jbd2/sda1-8      0.7     0
rsyslogd         0.7  5584
2026-09-26T10:24:22+00:00
COMMAND         %CPU   RSS
mysqld          50.0 1046928
bench           10.4 70948
isuride          7.8 16064
nginx            1.8 10108
nginx            1.8 10136
systemd-journal  1.3 257152
jbd2/sda1-8      0.7     0
rsyslogd         0.7  5584
rcu_preempt      0.2     0
2026-09-26T10:24:24+00:00
COMMAND         %CPU   RSS
mysqld          50.0 1049116
bench           10.9 79648
isuride          9.1 16544
nginx            1.8 10108
nginx            1.8 10136
systemd-journal  1.3 261736
jbd2/sda1-8      0.7     0
rsyslogd         0.7  5584
rcu_preempt      0.2     0
2026-09-26T10:24:26+00:00
COMMAND         %CPU   RSS
mysqld          50.0 1051312
bench           11.2 81908
isuride         10.3 16324
nginx            1.8 10108
nginx            1.8 10136
systemd-journal  1.3 264448
jbd2/sda1-8      0.7     0
rsyslogd         0.7  5584
rcu_preempt      0.2     0
2026-09-26T10:24:28+00:00
COMMAND         %CPU   RSS
mysqld          50.0 1054284
bench           11.6 85876
isuride         11.4 16796
nginx            1.8 10108
nginx            1.8 10136
systemd-journal  1.3 266216
jbd2/sda1-8      0.7     0
rsyslogd         0.7  5584
rcu_preempt      0.2     0
2026-09-26T10:24:30+00:00
COMMAND         %CPU   RSS
mysqld          50.0 1061200
isuride         12.4 17008
bench           11.8 92800
nginx            1.8 10108
nginx            1.8 10136
systemd-journal  1.3 270688
jbd2/sda1-8      0.7     0
rsyslogd         0.7  5584
rcu_preempt      0.2     0
2026-09-26T10:24:32+00:00
COMMAND         %CPU   RSS
mysqld          50.1 1062480
isuride         13.4 17424
bench           12.2 101940
nginx            1.8 10108
nginx            1.8 10136
systemd-journal  1.3 273644
jbd2/sda1-8      0.7     0
rsyslogd         0.7  5584
rcu_preempt      0.2     0
2026-09-26T10:24:34+00:00
COMMAND         %CPU   RSS
mysqld          50.1 1065256
isuride         14.3 17500
bench           12.5 109416
nginx            1.8 10108
nginx            1.8 10136
systemd-journal  1.3 275468
jbd2/sda1-8      0.7     0
rsyslogd         0.7  5584
rcu_preempt      0.2     0
2026-09-26T10:24:36+00:00
COMMAND         %CPU   RSS
mysqld          50.1 1065920
isuride         15.1 17840
bench           12.7 118864
nginx            1.8 10108
nginx            1.8 10136
systemd-journal  1.3 280704
jbd2/sda1-8      0.7     0
rsyslogd         0.7  5584
rcu_preempt      0.2     0
2026-09-26T10:24:38+00:00
COMMAND         %CPU   RSS
mysqld          50.1 1068412
isuride         15.8 17872
bench           13.1 126232
nginx            1.8 10108
nginx            1.8 10136
systemd-journal  1.3 282824
jbd2/sda1-8      0.7     0
rsyslogd         0.7  5584
rcu_preempt      0.2     0
2026-09-26T10:24:40+00:00
COMMAND         %CPU   RSS
mysqld          50.1 1064608
isuride         16.5 18384
bench           13.2 132728
nginx            1.8 10108
nginx            1.8 10136
systemd-journal  1.4 286396
jbd2/sda1-8      0.7     0
rsyslogd         0.7  5584
rcu_preempt      0.2     0
2026-09-26T10:24:42+00:00
COMMAND         %CPU   RSS
mysqld          50.2 1062540
isuride         17.2 18036
bench           13.4 140268
curl            12.5 12316
nginx            1.8 10108
nginx            1.8 10136
systemd-journal  1.4 290848
jbd2/sda1-8      0.7     0
rsyslogd         0.7  5584
2026-09-26T10:24:44+00:00
COMMAND         %CPU   RSS
mysqld          50.2 1058952
isuride         17.7 18628
bench           13.6 140456
nginx            1.8 10108
nginx            1.8 10136
systemd-journal  1.4 292828
jbd2/sda1-8      0.7     0
rsyslogd         0.7  5584
rcu_preempt      0.2     0
2026-09-26T10:24:46+00:00
COMMAND         %CPU   RSS
mysqld          50.2 1059940
curl            25.0 12308
isuride         18.3 18488
bench           13.7 144836
nginx            1.8 10108
nginx            1.8 10136
systemd-journal  1.4 298312
jbd2/sda1-8      0.7     0
rsyslogd         0.7  5584
2026-09-26T10:24:48+00:00
COMMAND         %CPU   RSS
mysqld          50.2 1061076
isuride         18.8 18584
bench           13.9 147600
nginx            1.8 10108
nginx            1.8 10136
systemd-journal  1.4 300836
jbd2/sda1-8      0.7     0
rsyslogd         0.7  5584
rcu_preempt      0.2     0
2026-09-26T10:24:50+00:00
COMMAND         %CPU   RSS
mysqld          50.3 1057056
isuride         19.3 19420
bench           14.0 151800
nginx            1.8 10108
nginx            1.8 10136
systemd-journal  1.4 300836
jbd2/sda1-8      0.7     0
rsyslogd         0.7  5584
rcu_preempt      0.2     0
2026-09-26T10:24:52+00:00
COMMAND         %CPU   RSS
mysqld          50.3 1055268
isuride         19.8 20124
bench           14.2 163452
nginx            1.8 10108
nginx            1.8 10136
systemd-journal  1.4 300836
jbd2/sda1-8      0.7     0
rsyslogd         0.7  5584
rcu_preempt      0.2     0
2026-09-26T10:24:54+00:00
COMMAND         %CPU   RSS
mysqld          50.3 1048940
isuride         20.3 20032
bench           14.2 163512
nginx            1.8 10108
nginx            1.8 10136
systemd-journal  1.4 300836
jbd2/sda1-8      0.7     0
rsyslogd         0.7  5584
rcu_preempt      0.2     0
2026-09-26T10:24:56+00:00
COMMAND         %CPU   RSS
mysqld          50.3 1049828
isuride         20.7 20192
bench           14.4 168060
nginx            1.8 10108
nginx            1.8 10136
systemd-journal  1.4 300836
jbd2/sda1-8      0.7     0
rsyslogd         0.7  5584
rcu_preempt      0.2     0
2026-09-26T10:24:58+00:00
COMMAND         %CPU   RSS
mysqld          50.4 1047564
isuride         21.2 21336
bench           14.5 173908
nginx            1.8 10108
nginx            1.8 10136
systemd-journal  1.4 300836
jbd2/sda1-8      0.7     0
rsyslogd         0.7  5584
rcu_preempt      0.2     0
2026-09-26T10:25:00+00:00
COMMAND         %CPU   RSS
mysqld          50.4 1049372
isuride         21.5 20196
bench           14.6 177904
nginx            1.8 10108
nginx            1.8 10136
systemd-journal  1.4 300836
jbd2/sda1-8      0.7     0
rsyslogd         0.7  5584
rcu_preempt      0.2     0
2026-09-26T10:25:02+00:00
COMMAND         %CPU   RSS
mysqld          50.4 1050752
isuride         21.9 20600
bench           14.7 178068
curl            14.2 12068
nginx            1.8 10108
nginx            1.8 10136
systemd-journal  1.4 300836
jbd2/sda1-8      0.7     0
rsyslogd         0.7  5584
2026-09-26T10:25:04+00:00
COMMAND         %CPU   RSS
mysqld          50.4 1050344
isuride         22.2 21288
bench           14.8 183292
nginx            1.8 10108
nginx            1.8 10136
systemd-journal  1.4 301924
jbd2/sda1-8      0.7     0
rsyslogd         0.7  5584
rcu_preempt      0.2     0
2026-09-26T10:25:06+00:00
COMMAND         %CPU   RSS
mysqld          50.5 1049664
isuride         22.5 20696
bench           14.9 189876
nginx            1.8 10108
nginx            1.8 10164
systemd-journal  1.4 307540
jbd2/sda1-8      0.7     0
rsyslogd         0.7  5584
rcu_preempt      0.2     0
2026-09-26T10:25:08+00:00
COMMAND         %CPU   RSS
mysqld          50.5 1048752
curl            25.0 11940
isuride         22.9 21808
bench           15.0 190076
nginx            1.8 10108
nginx            1.8 10188
systemd-journal  1.4 166764
jbd2/sda1-8      0.7     0
rsyslogd         0.7  5600
2026-09-26T10:25:10+00:00
COMMAND         %CPU   RSS
mysqld          50.5 1049880
isuride         23.1 21372
bench           15.0 196868
nginx            1.8 10108
nginx            1.8 10192
systemd-journal  1.4 168820
jbd2/sda1-8      0.7     0
rsyslogd         0.7  5600
rcu_preempt      0.2     0
2026-09-26T10:25:12+00:00
COMMAND         %CPU   RSS
mysqld          50.6 1047984
isuride         23.4 19436
bench           15.0 196884
nginx            1.8 10108
nginx            1.8 10192
systemd-journal  1.4 174544
jbd2/sda1-8      0.7     0
rsyslogd         0.7  5584
rcu_preempt      0.2     0
2026-09-26T10:25:14+00:00
COMMAND         %CPU   RSS
ps               100  3756
mysqld          50.6 1044788
isuride         23.8 20624
curl            20.0 11560
bench           15.2 203740
nginx            1.9 10108
nginx            1.8 10208
systemd-journal  1.4 176872
jbd2/sda1-8      0.7     0
