procs -----------memory---------- ---swap-- -----io---- -system-- -------cpu------- -----timestamp-----
 r  b   swpd   free   buff  cache   si   so    bi    bo   in   cs us sy id wa st gu                 UTC
 3  0      0 224044  73928 2501096    0    0   151  6712 7239  130 28 12 60  1  0  0 2026-09-26 10:24:10
15  0      0 206936  73928 2503448    0    0   100 62156 18214 36117 29 14 40 17  0  0 2026-09-26 10:24:11
 3  0      0 195064  73928 2504208    0    0     0  4572 11477 38170 18 11 70  1  0  0 2026-09-26 10:24:12
 0  0      0 192072  73928 2504988    0    0     0 12800 18603 51877 18 13 66  4  0  0 2026-09-26 10:24:13
 3  0      0 194852  73928 2506632    0    0     0  7188 26398 69555 24 16 58  2  0  0 2026-09-26 10:24:14
 6  0      0 190316  73928 2509196    0    0     0  8580 26368 75711 25 17 55  2  0  0 2026-09-26 10:24:15
 7  0      0 190064  73928 2510272    0    0     0  7248 26817 77970 26 19 54  2  0  0 2026-09-26 10:24:16
 0  0      0 183348  73928 2511240    0    0     0  9968 30391 90531 30 22 47  2  0  0 2026-09-26 10:24:17
 0  0      0 177300  73928 2512336    0    0     0  9176 30335 91184 33 19 46  2  0  0 2026-09-26 10:24:18
 2  1      0 175312  73928 2513712    0    0     0 10500 27525 90303 36 23 39  2  0  0 2026-09-26 10:24:19
 9  0      0 164684  73928 2515088    0    0     0 11916 28530 96245 38 23 37  2  0  0 2026-09-26 10:24:20
 4  0      0 159404  73928 2516332    0    0     0 11356 28531 99227 39 26 33  2  0  0 2026-09-26 10:24:21
 1  0      0 150588  73928 2517536    0    0     0  9588 29003 100135 42 22 35  2  0  0 2026-09-26 10:24:22
 3  0      0 142612  73928 2520076    0    0     0 11628 26899 101902 44 24 31  2  0  0 2026-09-26 10:24:23
 5  0      0 133064  73928 2521516    0    0     0 38492 24607 96528 49 29 21  2  0  0 2026-09-26 10:24:24
 8  0      0 129332  73928 2523052    0    0     0 12876 24035 101978 46 26 25  2  0  0 2026-09-26 10:24:25
 8  0      0 126088  73928 2524604    0    0     0 16376 25215 102450 46 28 24  2  0  0 2026-09-26 10:24:26
11  0      0 118288  73928 2527072    0    0     0 20716 22761 96642 49 27 21  3  0  0 2026-09-26 10:24:27
18  0      0 114104  73928 2528820    0    0     0 16280 23407 99910 50 31 16  2  0  0 2026-09-26 10:24:28
 1  0      0 106196  73928 2530356    0    0     0 37172 23096 88976 50 32 15  3  0  0 2026-09-26 10:24:29
10  0      0  93596  73928 2532548    0    0     0 18544 22128 90926 51 29 17  3  0  0 2026-09-26 10:24:30
procs -----------memory---------- ---swap-- -----io---- -system-- -------cpu------- -----timestamp-----
 r  b   swpd   free   buff  cache   si   so    bi    bo   in   cs us sy id wa st gu                 UTC
 5  1      0  83740  73928 2534008    0    0     0 19304 21044 89945 50 31 15  4  0  0 2026-09-26 10:24:31
15  0      0  78224  73928 2535904    0    0     0 20112 21362 88328 57 30 11  3  0  0 2026-09-26 10:24:32
13  0      0  70380  73928 2538444    0    0     0 19940 21671 90475 54 31 11  4  0  0 2026-09-26 10:24:33
11  0      0  62844  73928 2542688    0    0     0 16668 22382 91866 57 31 11  2  0  0 2026-09-26 10:24:34
21  0      0  90696  73176 2521640    0    0     0 18032 22053 89411 55 32 11  2  0  0 2026-09-26 10:24:35
13  0      0  82180  73176 2523224    0    0     0 18504 22296 88010 57 31 10  3  0  0 2026-09-26 10:24:36
19  0      0  75904  73176 2524856    0    0     0 21556 20631 85286 56 33  9  2  0  0 2026-09-26 10:24:37
 5  1      0  64148  73176 2526460    0    0     0 16068 21382 86418 56 31 11  2  0  0 2026-09-26 10:24:38
 7  0      0  89992  72988 2503256    0    0     0 33756 19329 87206 60 32  7  2  0  0 2026-09-26 10:24:39
 4  0      0  86716  72988 2505032    0    0     0 17408 21369 91057 60 31  7  2  0  0 2026-09-26 10:24:40
11  0      0  78032  72992 2506772    0    0     0 23260 20907 90665 60 32  7  1  0  0 2026-09-26 10:24:41
25  0      0  76648  72992 2508572    0    0     0 20908 20256 90264 59 32  7  2  0  0 2026-09-26 10:24:42
11  1      0  64500  72992 2510480    0    0     0 17092 19997 83264 59 31  8  2  0  0 2026-09-26 10:24:43
17  1      0  64692  72992 2511876    0    0     0 57360 18917 78961 58 34  7  2  0  0 2026-09-26 10:24:44
10  0      0  62984  72992 2514716    0    0     0 19164 20291 84603 61 33  5  1  0  0 2026-09-26 10:24:45
23  0      0  80432  72960 2503056    0    0     0 17640 20030 89269 60 33  6  1  0  0 2026-09-26 10:24:46
44  0      0  77440  72960 2504800    0    0     0 15924 18022 79878 61 31  6  1  0  0 2026-09-26 10:24:47
28  0      0  64772  72960 2506568    0    0     0 21656 21184 83969 58 35  6  1  0  0 2026-09-26 10:24:48
 7  0      0  67416  72960 2507600    0    0     0 16700 19534 83984 58 31  9  2  0  0 2026-09-26 10:24:49
12  0      0  64584  72960 2508920    0    0     0 17248 20992 89229 60 32  6  2  0  0 2026-09-26 10:24:50
13  0      0  79068  72932 2497044    0    0     0 18912 20348 85999 59 34  6  2  0  0 2026-09-26 10:24:51
procs -----------memory---------- ---swap-- -----io---- -system-- -------cpu------- -----timestamp-----
 r  b   swpd   free   buff  cache   si   so    bi    bo   in   cs us sy id wa st gu                 UTC
38  0      0  75596  72912 2486932    0    0     0 17708 19734 85058 62 33  4  1  0  0 2026-09-26 10:24:52
20  0      0  78856  72912 2488436    0    0     0 19756 21003 92437 62 33  4  1  0  0 2026-09-26 10:24:53
18  0      0  84628  72912 2489928    0    0     0 16876 20053 82550 62 31  5  1  0  0 2026-09-26 10:24:54
27  1      0  75220  72912 2491292    0    0     0 16920 20939 85634 60 31  7  2  0  0 2026-09-26 10:24:55
23  1      0  73556  72912 2492376    0    0     0 21720 20855 86851 61 32  6  1  0  0 2026-09-26 10:24:56
 9  1      0  75248  72912 2481120    0    0     0 17680 20234 87132 63 33  4  1  0  0 2026-09-26 10:24:57
33  0      0  79340  72912 2481872    0    0     0 17476 20147 86031 60 34  5  1  0  0 2026-09-26 10:24:58
69  1      0  76184  72912 2483032    0    0     0 29056 16915 81418 63 34  3  1  0  0 2026-09-26 10:24:59
26  0      0  68632  72912 2485192    0    0     0 27348 18394 83500 61 33  5  1  0  0 2026-09-26 10:25:00
10  0      0  64224  72912 2486328    0    0     4 16752 18492 83359 63 32  4  1  0  0 2026-09-26 10:25:01
16  0      0  70908  72912 2487512    0    0     0 18264 19560 90196 62 34  4  1  0  0 2026-09-26 10:25:02
17  1      0  83784  72912 2462196    0    0     0 20320 18337 81424 61 35  3  1  0  0 2026-09-26 10:25:03
26  0      0  78196  72912 2466420    0    0     0 17084 19458 81052 60 32  6  2  0  0 2026-09-26 10:25:04
 9  0      0  82028  72912 2468352    0    0     0 18128 18698 82714 63 32  4  1  0  0 2026-09-26 10:25:05
29  1      0  67160  72912 2471080    0    0     0 17192 18930 82447 63 33  3  1  0  0 2026-09-26 10:25:06
25  1      0  64724  72912 2472124    0    0     0 17784 20779 82182 62 33  4  1  0  0 2026-09-26 10:25:07
43  1      0  67724  72912 2471500    0    0     4 38656 15724 68774 61 38  2  0  0  0 2026-09-26 10:25:08
31  1      0  72996  72912 2474004    0    0     0 16876 19041 84882 64 34  2  1  0  0 2026-09-26 10:25:09
28  1      0  79192  72912 2449104    0    0     0 16308 17753 80244 64 33  3  1  0  0 2026-09-26 10:25:10
22  0      0  76556  72912 2450924    0    0     0 15872 19514 86124 62 33  4  1  0  0 2026-09-26 10:25:11
19  0      0  81592  72912 2455084    0    0     0  7304 19624 95245 68 26  6  0  0  0 2026-09-26 10:25:12
procs -----------memory---------- ---swap-- -----io---- -system-- -------cpu------- -----timestamp-----
 r  b   swpd   free   buff  cache   si   so    bi    bo   in   cs us sy id wa st gu                 UTC
16  0      0  72752  72912 2456640    0    0     0  1172 15603 70733 68 27  4  0  0  0 2026-09-26 10:25:13
11  0      0  71832  72912 2458360    0    0     0  1268 15204 65597 71 27  2  0  0  0 2026-09-26 10:25:14
 5  0      0  67328  72912 2460228    0    0     0  1192 14232 72498 70 28  3  0  0  0 2026-09-26 10:25:15
