2026-09-26T10:07:00+00:00
COMMAND         %CPU   RSS
mysqld          53.5 1029856
nginx            1.9  9712
nginx            1.9  9696
fwupd            1.6 43512
systemd-journal  1.4 208312
jbd2/sda1-8      0.8     0
rsyslogd         0.7  5532
rcu_preempt      0.3     0
kworker/0:1H-kb  0.2     0
2026-09-26T10:07:02+00:00
COMMAND         %CPU   RSS
mysqld          53.5 1036436
bench            8.0 49120
nginx            1.9  9712
nginx            1.9  9696
fwupd            1.5 43512
systemd-journal  1.4 208696
jbd2/sda1-8      0.8     0
rsyslogd         0.7  5532
isuride          0.6 14804
2026-09-26T10:07:04+00:00
COMMAND         %CPU   RSS
mysqld          53.5 1036644
bench            8.2 52852
isuride          2.2 15168
nginx            1.9  9712
nginx            1.9  9696
systemd-journal  1.4 210032
fwupd            1.4 43512
jbd2/sda1-8      0.8     0
rsyslogd         0.7  5532
2026-09-26T10:07:06+00:00
COMMAND         %CPU   RSS
mysqld          53.5 1037424
bench            8.8 54068
isuride          3.7 15588
nginx            1.9  9712
nginx            1.9  9696
systemd-journal  1.4 211120
fwupd            1.3 43512
jbd2/sda1-8      0.8     0
rsyslogd         0.7  5532
2026-09-26T10:07:08+00:00
COMMAND         %CPU   RSS
mysqld          53.6 1038200
bench            9.3 60764
isuride          5.2 15788
nginx            1.9  9712
nginx            1.9  9696
systemd-journal  1.4 212188
fwupd            1.2 43512
jbd2/sda1-8      0.8     0
rsyslogd         0.7  5532
2026-09-26T10:07:10+00:00
COMMAND         %CPU   RSS
mysqld          53.6 1039392
bench            9.8 61920
isuride          6.6 16152
nginx            1.9  9712
nginx            1.9  9696
systemd-journal  1.4 216044
fwupd            1.1 43512
jbd2/sda1-8      0.8     0
rsyslogd         0.7  5532
2026-09-26T10:07:12+00:00
COMMAND         %CPU   RSS
mysqld          53.6 1040856
bench           10.2 71232
isuride          7.9 16376
nginx            1.9  9712
nginx            1.9  9696
systemd-journal  1.4 218304
fwupd            1.0 43512
jbd2/sda1-8      0.8     0
rsyslogd         0.7  5532
2026-09-26T10:07:14+00:00
COMMAND         %CPU   RSS
mysqld          53.7 1042976
bench           10.6 72104
isuride          9.1 16940
nginx            1.9  9712
nginx            1.9  9696
systemd-journal  1.4 219768
fwupd            1.0 43512
jbd2/sda1-8      0.8     0
rsyslogd         0.7  5532
2026-09-26T10:07:16+00:00
COMMAND         %CPU   RSS
mysqld          53.7 1045872
curl            16.6 12316
bench           10.9 77012
isuride         10.1 17016
nginx            1.9  9712
nginx            1.9  9696
systemd-journal  1.4 220976
fwupd            0.9 43512
jbd2/sda1-8      0.8     0
2026-09-26T10:07:18+00:00
COMMAND         %CPU   RSS
mysqld          53.7 1047660
bench           11.4 82816
isuride         11.1 17044
nginx            1.9  9712
nginx            1.9  9696
systemd-journal  1.4 224032
fwupd            0.9 43512
jbd2/sda1-8      0.8     0
rsyslogd         0.7  5532
2026-09-26T10:07:20+00:00
COMMAND         %CPU   RSS
mysqld          53.8 1050464
isuride         11.9 17224
bench           11.5 86908
nginx            1.9  9712
nginx            1.9  9696
systemd-journal  1.4 227228
fwupd            0.8 43512
jbd2/sda1-8      0.8     0
rsyslogd         0.7  5532
2026-09-26T10:07:22+00:00
COMMAND         %CPU   RSS
mysqld          53.8 1057800
isuride         12.6 17472
bench           11.6 89768
curl             7.1 12316
nginx            1.9  9712
nginx            1.9  9696
systemd-journal  1.4 228568
jbd2/sda1-8      0.8     0
fwupd            0.8 43512
2026-09-26T10:07:24+00:00
COMMAND         %CPU   RSS
mysqld          53.9 1060692
isuride         13.4 18240
bench           11.6 93448
nginx            1.9  9712
nginx            1.9  9696
systemd-journal  1.4 230664
jbd2/sda1-8      0.8     0
rsyslogd         0.7  5532
fwupd            0.7 43512
2026-09-26T10:07:26+00:00
COMMAND         %CPU   RSS
mysqld          53.9 1065252
isuride         14.1 17280
bench           11.7 96180
nginx            1.9  9712
nginx            1.9  9696
systemd-journal  1.4 234576
jbd2/sda1-8      0.8     0
rsyslogd         0.7  5532
fwupd            0.7 43512
2026-09-26T10:07:28+00:00
COMMAND         %CPU   RSS
mysqld          53.9 1067976
isuride         14.8 17656
bench           11.8 96912
nginx            1.9  9712
nginx            1.9  9696
systemd-journal  1.4 238084
jbd2/sda1-8      0.8     0
rsyslogd         0.7  5532
fwupd            0.7 43512
2026-09-26T10:07:30+00:00
COMMAND         %CPU   RSS
mysqld          54.0 1069468
isuride         15.3 17424
bench           11.9 100124
nginx            1.9  9712
nginx            1.9  9696
systemd-journal  1.4 240136
jbd2/sda1-8      0.8     0
rsyslogd         0.7  5532
fwupd            0.6 43512
2026-09-26T10:07:32+00:00
COMMAND         %CPU   RSS
mysqld          54.0 1071824
isuride         15.9 17840
bench           12.0 102652
nginx            1.9  9712
nginx            1.9  9696
systemd-journal  1.4 242828
jbd2/sda1-8      0.8     0
rsyslogd         0.7  5532
fwupd            0.6 43512
2026-09-26T10:07:34+00:00
COMMAND         %CPU   RSS
mysqld          54.1 1072164
isuride         16.2 19512
bench           12.1 106520
nginx            1.9  9712
nginx            1.9  9696
systemd-journal  1.4 245152
jbd2/sda1-8      0.8     0
rsyslogd         0.7  5532
fwupd            0.6 43512
2026-09-26T10:07:36+00:00
COMMAND         %CPU   RSS
mysqld          54.1 1073596
isuride         16.7 18236
bench           12.1 109632
nginx            1.9  9712
nginx            1.9  9696
systemd-journal  1.4 246672
jbd2/sda1-8      0.8     0
rsyslogd         0.7  5532
fwupd            0.6 43512
2026-09-26T10:07:39+00:00
COMMAND         %CPU   RSS
mysqld          54.2 1075304
isuride         17.0 18872
bench           12.2 112768
nginx            1.9  9712
nginx            1.9  9696
systemd-journal  1.5 247900
jbd2/sda1-8      0.8     0
rsyslogd         0.7  5532
fwupd            0.5 43512
2026-09-26T10:07:41+00:00
COMMAND         %CPU   RSS
mysqld          54.2 1073356
isuride         17.4 19088
bench           12.3 115556
nginx            1.9  9712
nginx            1.9  9696
systemd-journal  1.5 250532
jbd2/sda1-8      0.8     0
rsyslogd         0.7  5532
fwupd            0.5 43512
2026-09-26T10:07:43+00:00
COMMAND         %CPU   RSS
mysqld          54.3 1075816
isuride         17.7 18660
bench           12.3 118512
nginx            1.9  9712
nginx            1.9  9696
systemd-journal  1.5 254360
jbd2/sda1-8      0.8     0
rsyslogd         0.7  5532
fwupd            0.5 43512
2026-09-26T10:07:45+00:00
COMMAND         %CPU   RSS
mysqld          54.3 1078044
isuride         18.0 19852
bench           12.3 124228
nginx            1.9  9712
nginx            1.9  9696
systemd-journal  1.5 255656
jbd2/sda1-8      0.8     0
rsyslogd         0.7  5532
fwupd            0.5 43512
2026-09-26T10:07:47+00:00
COMMAND         %CPU   RSS
mysqld          54.3 1073172
isuride         18.3 18528
bench           12.3 127204
nginx            1.9  9712
nginx            1.9  9696
systemd-journal  1.5 256920
jbd2/sda1-8      0.8     0
rsyslogd         0.7  5532
fwupd            0.5 43512
2026-09-26T10:07:49+00:00
COMMAND         %CPU   RSS
mysqld          54.4 1076432
isuride         18.5 19120
bench           12.4 131412
nginx            1.9  9712
nginx            1.9  9696
systemd-journal  1.5 257920
jbd2/sda1-8      0.8     0
rsyslogd         0.7  5532
fwupd            0.5 43512
2026-09-26T10:07:51+00:00
COMMAND         %CPU   RSS
mysqld          54.4 1075464
isuride         18.7 19084
bench           12.5 136368
nginx            1.9  9712
nginx            1.9  9696
systemd-journal  1.5 262344
jbd2/sda1-8      0.8     0
rsyslogd         0.7  5532
fwupd            0.4 43512
2026-09-26T10:07:53+00:00
COMMAND         %CPU   RSS
mysqld          54.5 1072660
isuride         19.0 19100
bench           12.5 136588
nginx            1.9  9712
nginx            1.9  9696
systemd-journal  1.5 263700
jbd2/sda1-8      0.8     0
rsyslogd         0.7  5532
fwupd            0.4 43512
2026-09-26T10:07:55+00:00
COMMAND         %CPU   RSS
mysqld          54.5 1073920
isuride         19.2 19968
bench           12.6 142856
nginx            1.9  9712
nginx            1.9  9696
systemd-journal  1.5 263700
jbd2/sda1-8      0.8     0
rsyslogd         0.7  5532
fwupd            0.4 43512
2026-09-26T10:07:57+00:00
COMMAND         %CPU   RSS
mysqld          54.6 1068364
isuride         19.5 19384
bench           12.6 142968
nginx            1.9  9712
nginx            1.9  9696
systemd-journal  1.5 264440
jbd2/sda1-8      0.8     0
rsyslogd         0.7  5532
fwupd            0.4 43512
2026-09-26T10:07:59+00:00
COMMAND         %CPU   RSS
mysqld          54.6 1071420
isuride         19.6 20208
bench           12.7 148476
nginx            1.9  9712
nginx            1.9  9696
systemd-journal  1.5 265576
jbd2/sda1-8      0.8     0
rsyslogd         0.7  5532
fwupd            0.4 43512
2026-09-26T10:08:01+00:00
COMMAND         %CPU   RSS
mysqld          54.7 1073524
isuride         19.8 20816
bench           12.7 148944
nginx            1.9  9712
nginx            1.9  9696
systemd-journal  1.5 266612
jbd2/sda1-8      0.8     0
rsyslogd         0.7  5532
fwupd            0.4 43512
2026-09-26T10:08:03+00:00
COMMAND         %CPU   RSS
mysqld          54.7 1066276
isuride         20.0 18644
bench           12.7 154920
nginx            1.9  9712
nginx            1.9  9696
systemd-journal  1.5 270600
jbd2/sda1-8      0.8     0
rsyslogd         0.7  5532
fwupd            0.4 43512
2026-09-26T10:08:05+00:00
COMMAND         %CPU   RSS
mysqld          54.8 1066296
isuride         20.2 18200
bench           12.7 154920
nginx            1.9  9696
nginx            1.9  9712
systemd-journal  1.5 273336
jbd2/sda1-8      0.8     0
rsyslogd         0.7  5532
fwupd            0.4 43512
