procs -----------memory---------- ---swap-- -----io---- -system-- -------cpu------- -----timestamp-----
 r  b   swpd   free   buff  cache   si   so    bi    bo   in   cs us sy id wa st gu                 UTC
 3  0      0 329040  89128 2377988    0    0   161  6997 7493  134 30 12 57  1  0  0 2026-09-26 10:07:00
 3  0      0 281852  89128 2379740    0    0     0 52036 10449 20444 28 19 40 13  0  0 2026-09-26 10:07:01
 0  0      0 279080  89128 2380352    0    0     0  6172 17036 46934 68 14 17  2  0  0 2026-09-26 10:07:02
 7  0      0 278828  89128 2381140    0    0     0  4648 23615 66189 37 16 47  1  0  0 2026-09-26 10:07:03
 7  1      0 278588  89128 2381860    0    0     0 13632 25841 73512 38 17 43  2  0  0 2026-09-26 10:07:04
 1  0      0 278112  89128 2382704    0    0     0  9264 24602 79022 48 20 31  1  0  0 2026-09-26 10:07:05
 8  1      0 277860  89128 2383660    0    0     0 10192 24273 83224 51 21 27  2  0  0 2026-09-26 10:07:06
 5  0      0 276856  89128 2384732    0    0     0 10624 23879 83155 52 23 23  1  0  0 2026-09-26 10:07:07
 8  1      0 274868  89128 2385676    0    0     0 11448 22798 80637 58 23 18  2  0  0 2026-09-26 10:07:08
 1  0      0 274392  89128 2386548    0    0     0 13352 21451 80155 61 24 15  1  0  0 2026-09-26 10:07:09
11  0      0 278008  89128 2388012    0    0     0 11636 22175 83980 56 24 19  1  0  0 2026-09-26 10:07:10
 8  0      0 268236  89128 2389224    0    0     0 12240 20932 80948 58 26 15  1  0  0 2026-09-26 10:07:11
 7  0      0 261684  89128 2390352    0    0     0 13888 21521 82351 60 26 13  1  0  0 2026-09-26 10:07:12
29  1      0 256392  89128 2391376    0    0     0 15000 19193 72329 63 27  9  1  0  0 2026-09-26 10:07:13
13  0      0 250596  89128 2392372    0    0     0 31780 17108 64877 66 31  3  1  0  0 2026-09-26 10:07:14
12  0      0 248104  89128 2393536    0    0     0 16024 18446 68274 65 28  5  1  0  0 2026-09-26 10:07:15
 5  0      0 243344  89128 2395792    0    0     0 19692 20361 79539 60 29 10  2  0  0 2026-09-26 10:07:16
20  0      0 237804  89128 2396824    0    0     0 16500 18673 66165 64 32  3  1  0  0 2026-09-26 10:07:17
14  0      0 233372  89128 2397888    0    0     0 16532 17791 68319 63 32  5  1  0  0 2026-09-26 10:07:18
11  1      0 227324  89128 2399072    0    0     0 19352 19151 73376 62 30  7  2  0  0 2026-09-26 10:07:19
10  0      0 221924  89128 2400248    0    0     0 16104 19941 76647 63 27  8  2  0  0 2026-09-26 10:07:20
procs -----------memory---------- ---swap-- -----io---- -system-- -------cpu------- -----timestamp-----
 r  b   swpd   free   buff  cache   si   so    bi    bo   in   cs us sy id wa st gu                 UTC
17  0      0 219800  89128 2401520    0    0     0 17312 20124 75912 62 30  7  2  0  0 2026-09-26 10:07:21
13  0      0 213244  89128 2402696    0    0     0 17020 18966 74577 66 29  4  1  0  0 2026-09-26 10:07:22
11  0      0 204456  89128 2403900    0    0     0 16160 19126 75078 66 29  4  1  0  0 2026-09-26 10:07:23
12  1      0 196184  89128 2405464    0    0     0 16512 18265 71948 68 28  4  1  0  0 2026-09-26 10:07:24
18  0      0 193948  89128 2406944    0    0     0 17840 19795 78486 63 31  5  1  0  0 2026-09-26 10:07:25
24  0      0 188152  89128 2409188    0    0     0 19636 20049 75089 66 30  3  1  0  0 2026-09-26 10:07:26
12  0      0 182016  89128 2410292    0    0     0 16956 17198 66091 65 33  2  0  0  0 2026-09-26 10:07:27
 8  0      0 180792  89128 2414020    0    0     0 15620 16943 68751 67 29  3  1  0  0 2026-09-26 10:07:28
23  1      0 170264  89128 2415056    0    0     0 41692 16576 67347 67 31  2  1  0  0 2026-09-26 10:07:29
22  0      0 165252  89128 2416568    0    0     0 16320 19036 74498 68 27  4  1  0  0 2026-09-26 10:07:30
44  1      0 163752  89128 2417724    0    0     0 20224 18649 70452 68 29  3  1  0  0 2026-09-26 10:07:31
29  0      0 161988  89128 2418948    0    0     0 19676 20049 76154 68 29  3  1  0  0 2026-09-26 10:07:32
 9  0      0 156744  89128 2421248    0    0     0 15496 18435 66633 71 28  2  0  0  0 2026-09-26 10:07:33
 9  0      0 154508  89128 2423356    0    0     0 17676 18156 70400 70 29  1  0  0  0 2026-09-26 10:07:34
24  1      0 149720  89128 2424560    0    0     0 37844 18184 65822 69 29  1  1  0  0 2026-09-26 10:07:35
40  1      0 145464  89128 2425844    0    0     0 19212 18356 75490 69 29  2  0  0  0 2026-09-26 10:07:36
17  2      0 144220  89128 2427096    0    0     0 18504 18397 74301 69 30  2  1  0  0 2026-09-26 10:07:37
30  0      0 139712  89128 2428120    0    0     0 16948 18217 65126 69 30  1  0  0  0 2026-09-26 10:07:38
12  0      0 133192  89128 2430680    0    0     0 17208 17961 67671 67 30  2  1  0  0 2026-09-26 10:07:39
18  0      0 133192  89128 2432784    0    0     0 19536 17865 70168 68 32  1  0  0  0 2026-09-26 10:07:40
23  0      0 127944  89128 2433944    0    0     0 18184 18616 70084 68 30  2  1  0  0 2026-09-26 10:07:41
procs -----------memory---------- ---swap-- -----io---- -system-- -------cpu------- -----timestamp-----
 r  b   swpd   free   buff  cache   si   so    bi    bo   in   cs us sy id wa st gu                 UTC
27  0      0 124164  89128 2435152    0    0     0 16232 16726 64206 74 26  1  0  0  0 2026-09-26 10:07:42
35  0      0 120636  89128 2437292    0    0     0 19092 19472 72777 68 30  2  0  0  0 2026-09-26 10:07:43
34  1      0 111828  89128 2438304    0    0     0 14088 17432 58849 74 25  0  1  0  0 2026-09-26 10:07:44
10  1      0 120048  89128 2439480    0    0     0 42248 18985 71730 68 31  1  0  0  0 2026-09-26 10:07:45
39  1      0 115272  89128 2440512    0    0     0 21064 17800 66662 72 27  1  0  0  0 2026-09-26 10:07:46
37  0      0 107024  89128 2441724    0    0     0 14632 16700 65517 72 27  0  0  0  0 2026-09-26 10:07:47
34  0      0 105164  89128 2442496    0    0     0 12824 14503 52714 76 24  0  0  0  0 2026-09-26 10:07:48
34  0      0 105560  89128 2443472    0    0     0 14348 17021 62376 72 27  0  0  0  0 2026-09-26 10:07:49
22  0      0 101424  89128 2444580    0    0     0 17776 13981 57587 74 25  1  0  0  0 2026-09-26 10:07:50
18  1      0  95124  89128 2445608    0    0     0 14260 15865 60993 73 27  1  0  0  0 2026-09-26 10:07:51
20  1      0  96044  89128 2446468    0    0     0 15128 17663 70070 71 28  1  0  0  0 2026-09-26 10:07:52
12  1      0  89748  89128 2447012    0    0     0 13588 16561 60666 73 27  0  0  0  0 2026-09-26 10:07:53
10  0      0  84960  89128 2447628    0    0     0 15552 17028 67847 67 32  1  1  0  0 2026-09-26 10:07:54
18  0      0  78940  89128 2448288    0    0     0 14608 16386 61117 70 30  1  0  0  0 2026-09-26 10:07:55
34  1      0  85352  89128 2449196    0    0     0 16116 17448 66892 70 30  1  0  0  0 2026-09-26 10:07:56
23  1      0  94952  89128 2450188    0    0     0 15576 17378 63208 69 31  0  0  0  0 2026-09-26 10:07:57
25  0      0  84676  89128 2451296    0    0     0 14760 15700 60893 72 28  1  0  0  0 2026-09-26 10:07:58
53  1      0  80928  89128 2452204    0    0     0 12896 15505 53615 74 27  0  0  0  0 2026-09-26 10:07:59
15  0      0  73368  89128 2453524    0    0     0 38604 16247 57699 73 27  0  0  0  0 2026-09-26 10:08:00
13  0      0  73368  89128 2453964    0    0     0 16864 16699 63879 71 28  0  0  0  0 2026-09-26 10:08:01
 8  0      0  78868  89128 2455224    0    0     0  8976 15506 65350 78 22  1  0  0  0 2026-09-26 10:08:02
procs -----------memory---------- ---swap-- -----io---- -system-- -------cpu------- -----timestamp-----
 r  b   swpd   free   buff  cache   si   so    bi    bo   in   cs us sy id wa st gu                 UTC
 9  0      0  76104  89128 2456464    0    0     0   956 17594 77149 70 22  8  0  0  0 2026-09-26 10:08:03
 0  0      0  75852  89128 2457884    0    0     0   612 19706 82564 67 20 13  0  0  0 2026-09-26 10:08:04
13  0      0  72580  89128 2459088    0    0     0 24940 18635 79796 66 22 12  0  0  0 2026-09-26 10:08:05
12  0      0  67792  89128 2460296    0    0     0   864 18085 80830 70 21 10  0  0  0 2026-09-26 10:08:06
