2026-09-26T09:36:29+00:00
COMMAND         %CPU   RSS
mysqld          40.2 737600
nginx            1.4  9712
nginx            1.4  9628
systemd-journal  1.0 229608
rsyslogd         0.5  5532
jbd2/sda1-8      0.5     0
kworker/1:1H-kb  0.2     0
rcu_preempt      0.2     0
kworker/0:1H-kb  0.1     0
2026-09-26T09:36:31+00:00
COMMAND         %CPU   RSS
mysqld          40.2 769440
bench           10.5 47028
nginx            1.4  9712
nginx            1.4  9628
systemd-journal  1.0 229944
isuride          0.8 15232
rsyslogd         0.5  5532
jbd2/sda1-8      0.5     0
kworker/1:1H-kb  0.2     0
2026-09-26T09:36:33+00:00
COMMAND         %CPU   RSS
mysqld          40.3 811408
bench            9.7 53488
isuride          2.3 15296
nginx            1.4  9712
nginx            1.4  9628
systemd-journal  1.0 230872
rsyslogd         0.5  5532
jbd2/sda1-8      0.5     0
kworker/1:1H-kb  0.2     0
2026-09-26T09:36:35+00:00
COMMAND         %CPU   RSS
mysqld          40.4 827616
bench           10.2 53852
isuride          3.9 15748
nginx            1.4  9712
nginx            1.4  9628
systemd-journal  1.0 232652
rsyslogd         0.5  5532
jbd2/sda1-8      0.5     0
kworker/1:1H-kb  0.2     0
2026-09-26T09:36:37+00:00
COMMAND         %CPU   RSS
mysqld          40.4 785040
bench           10.0 54224
isuride          5.3 16164
nginx            1.4  9712
nginx            1.4  9628
systemd-journal  1.0 237652
rsyslogd         0.5  5532
jbd2/sda1-8      0.5     0
kworker/1:1H-kb  0.2     0
2026-09-26T09:36:39+00:00
COMMAND         %CPU   RSS
mysqld          40.5 788184
bench           10.5 57396
isuride          6.6 16204
nginx            1.4  9712
nginx            1.4  9628
systemd-journal  1.0 239512
rsyslogd         0.5  5532
jbd2/sda1-8      0.5     0
kworker/1:1H-kb  0.2     0
2026-09-26T09:36:41+00:00
COMMAND         %CPU   RSS
mysqld          40.6 791384
bench           10.9 66188
isuride          7.7 16400
nginx            1.4  9712
nginx            1.4  9628
systemd-journal  1.0 241180
rsyslogd         0.5  5532
jbd2/sda1-8      0.5     0
kworker/1:1H-kb  0.2     0
2026-09-26T09:36:43+00:00
COMMAND         %CPU   RSS
mysqld          40.7 795828
bench           11.0 66640
isuride          8.7 16780
nginx            1.4  9712
nginx            1.4  9628
systemd-journal  1.0 243604
rsyslogd         0.5  5532
jbd2/sda1-8      0.5     0
kworker/1:1H-kb  0.2     0
2026-09-26T09:36:45+00:00
COMMAND         %CPU   RSS
mysqld          40.8 796956
bench           11.3 73140
isuride          9.6 16696
nginx            1.4  9712
nginx            1.4  9628
systemd-journal  1.0 247020
rsyslogd         0.5  5532
jbd2/sda1-8      0.5     0
kworker/1:1H-kb  0.2     0
2026-09-26T09:36:47+00:00
COMMAND         %CPU   RSS
mysqld          40.9 799132
bench           11.5 78104
isuride         10.5 17036
nginx            1.4  9712
nginx            1.4  9628
systemd-journal  1.0 248464
rsyslogd         0.5  5532
jbd2/sda1-8      0.5     0
kworker/1:1H-kb  0.2     0
2026-09-26T09:36:49+00:00
COMMAND         %CPU   RSS
mysqld          41.0 806628
bench           11.6 84536
isuride         11.3 17216
nginx            1.4  9712
nginx            1.4  9628
systemd-journal  1.0 249664
rsyslogd         0.5  5532
jbd2/sda1-8      0.5     0
kworker/1:1H-kb  0.2     0
2026-09-26T09:36:51+00:00
COMMAND         %CPU   RSS
mysqld          41.2 824324
isuride         12.1 17456
bench           12.0 84612
nginx            1.4  9712
nginx            1.4  9628
systemd-journal  1.0 250348
rsyslogd         0.5  5532
jbd2/sda1-8      0.5     0
kworker/1:1H-kb  0.2     0
2026-09-26T09:36:53+00:00
COMMAND         %CPU   RSS
mysqld          41.3 828196
isuride         12.7 18024
bench           12.1 86700
curl             8.3     0
nginx            1.4  9712
nginx            1.4  9628
systemd-journal  1.0 251240
rsyslogd         0.5  5532
jbd2/sda1-8      0.5     0
2026-09-26T09:36:55+00:00
COMMAND         %CPU   RSS
mysqld          41.4 827676
isuride         13.2 18368
bench           12.3 90276
nginx            1.4  9712
nginx            1.4  9628
systemd-journal  1.0 254340
rsyslogd         0.5  5532
jbd2/sda1-8      0.5     0
kworker/1:1H-kb  0.2     0
2026-09-26T09:36:57+00:00
COMMAND         %CPU   RSS
mysqld          41.5 809632
isuride         13.8 17644
bench           12.4 96652
nginx            1.4  9712
nginx            1.4  9628
systemd-journal  1.0 256848
rsyslogd         0.5  5532
jbd2/sda1-8      0.5     0
kworker/1:1H-kb  0.2     0
2026-09-26T09:36:59+00:00
COMMAND         %CPU   RSS
mysqld          41.6 808904
isuride         14.2 18264
bench           12.4 99148
nginx            1.4  9712
nginx            1.4  9628
systemd-journal  1.0 258228
rsyslogd         0.5  5532
jbd2/sda1-8      0.5     0
kworker/1:1H-kb  0.2     0
2026-09-26T09:37:01+00:00
COMMAND         %CPU   RSS
mysqld          41.7 812036
isuride         14.6 19076
bench           12.3 99976
nginx            1.4  9712
nginx            1.4  9628
systemd-journal  1.0 259220
rsyslogd         0.5  5532
jbd2/sda1-8      0.5     0
kworker/1:1H-kb  0.2     0
2026-09-26T09:37:03+00:00
COMMAND         %CPU   RSS
mysqld          41.8 812076
isuride         15.0 18536
bench           12.3 105976
nginx            1.4  9712
nginx            1.4  9628
systemd-journal  1.0 261480
rsyslogd         0.5  5532
jbd2/sda1-8      0.5     0
kworker/1:1H-kb  0.2     0
2026-09-26T09:37:05+00:00
COMMAND         %CPU   RSS
mysqld          41.9 802168
isuride         15.5 18900
bench           12.3 109504
nginx            1.4  9712
nginx            1.4  9628
systemd-journal  1.0 264404
rsyslogd         0.5  5532
jbd2/sda1-8      0.5     0
kworker/1:1H-kb  0.2     0
2026-09-26T09:37:07+00:00
COMMAND         %CPU   RSS
mysqld          42.0 821208
isuride         15.8 18692
bench           12.3 109660
nginx            1.5  9712
nginx            1.4  9628
systemd-journal  1.0 265872
rsyslogd         0.5  5532
jbd2/sda1-8      0.5     0
kworker/1:1H-kb  0.2     0
2026-09-26T09:37:09+00:00
COMMAND         %CPU   RSS
mysqld          42.1 842228
isuride         16.2 20112
bench           12.4 115196
nginx            1.5  9712
nginx            1.4  9628
systemd-journal  1.0 266616
rsyslogd         0.5  5532
jbd2/sda1-8      0.5     0
kworker/1:1H-kb  0.2     0
2026-09-26T09:37:11+00:00
COMMAND         %CPU   RSS
mysqld          42.2 829560
isuride         16.5 19988
bench           12.5 115392
nginx            1.5  9712
nginx            1.4  9628
systemd-journal  1.0 267124
rsyslogd         0.5  5532
jbd2/sda1-8      0.5     0
kworker/1:1H-kb  0.2     0
2026-09-26T09:37:13+00:00
COMMAND         %CPU   RSS
mysqld          42.4 841964
isuride         16.7 19236
bench           12.5 121688
nginx            1.5  9712
nginx            1.4  9628
systemd-journal  1.0 267964
rsyslogd         0.5  5532
jbd2/sda1-8      0.5     0
kworker/1:1H-kb  0.2     0
2026-09-26T09:37:15+00:00
COMMAND         %CPU   RSS
mysqld          42.5 810008
isuride         16.9 19256
bench           12.6 122416
nginx            1.5  9712
nginx            1.4  9628
systemd-journal  1.0 268880
rsyslogd         0.5  5532
jbd2/sda1-8      0.5     0
kworker/1:1H-kb  0.2     0
2026-09-26T09:37:17+00:00
COMMAND         %CPU   RSS
mysqld          42.6 809020
isuride         17.2 19656
bench           12.7 127736
nginx            1.5  9712
nginx            1.4  9628
systemd-journal  1.1 272844
rsyslogd         0.5  5532
jbd2/sda1-8      0.5     0
kworker/1:1H-kb  0.2     0
2026-09-26T09:37:19+00:00
COMMAND         %CPU   RSS
mysqld          42.7 801148
isuride         17.5 20152
bench           12.6 127876
nginx            1.5  9712
nginx            1.5  9628
systemd-journal  1.1 274472
rsyslogd         0.5  5532
jbd2/sda1-8      0.5     0
kworker/1:1H-kb  0.2     0
2026-09-26T09:37:21+00:00
COMMAND         %CPU   RSS
mysqld          42.8 803276
isuride         17.7 20856
bench           12.7 134324
curl             4.7 11852
nginx            1.5  9712
nginx            1.5  9628
systemd-journal  1.1 275472
rsyslogd         0.5  5532
jbd2/sda1-8      0.5     0
2026-09-26T09:37:23+00:00
COMMAND         %CPU   RSS
mysqld          42.9 800492
isuride         17.9 20428
bench           12.7 135040
nginx            1.5  9712
nginx            1.5  9628
systemd-journal  1.1 276392
rsyslogd         0.5  5532
jbd2/sda1-8      0.5     0
kworker/1:1H-kb  0.2     0
2026-09-26T09:37:25+00:00
COMMAND         %CPU   RSS
mysqld          43.0 805708
isuride         18.1 20228
bench           12.6 136028
nginx            1.5  9712
nginx            1.5  9628
systemd-journal  1.1 277280
rsyslogd         0.5  5532
jbd2/sda1-8      0.5     0
kworker/1:1H-kb  0.2     0
2026-09-26T09:37:27+00:00
COMMAND         %CPU   RSS
mysqld          43.1 807400
isuride         18.2 21244
bench           12.6 141924
nginx            1.5  9712
nginx            1.5  9628
systemd-journal  1.1 278048
rsyslogd         0.5  5532
jbd2/sda1-8      0.5     0
kworker/1:1H-kb  0.2     0
2026-09-26T09:37:29+00:00
COMMAND         %CPU   RSS
mysqld          43.2 841628
isuride         18.4 21764
bench           12.6 141988
curl             5.8 12032
nginx            1.5  9712
nginx            1.5  9628
systemd-journal  1.1 281264
rsyslogd         0.5  5532
jbd2/sda1-8      0.5     0
2026-09-26T09:37:31+00:00
COMMAND         %CPU   RSS
mysqld          43.3 787716
isuride         18.6 19088
bench           12.6 149952
nginx            1.5  9712
nginx            1.5  9628
systemd-journal  1.1 284048
rsyslogd         0.5  5532
jbd2/sda1-8      0.5     0
kworker/1:1H-kb  0.2     0
2026-09-26T09:37:33+00:00
COMMAND         %CPU   RSS
mysqld          43.4 787764
isuride         19.0 18760
bench           12.6 149960
nginx            1.5  9712
nginx            1.5  9628
systemd-journal  1.1 285564
rsyslogd         0.6  5532
jbd2/sda1-8      0.5     0
kworker/1:1H-kb  0.2     0
