procs -----------memory---------- ---swap-- -----io---- -system-- -------cpu------- -----timestamp-----
 r  b   swpd   free   buff  cache   si   so    bi    bo   in   cs us sy id wa st gu                 UTC
 3  0      0 1714856  88136 1297388    0    0   328  5344 5808  104 23  9 68  0  0  0 2026-09-26 09:36:29
 2  0      0 1642064  88136 1297672    0    0    16 46028 14642 28925 29 13 42 16  0  0 2026-09-26 09:36:30
20  0      0 1640640  88136 1299456    0    0     0 11580 15587 46516 73 13 14  1  0  0 2026-09-26 09:36:31
 3  1      0 1593620  88136 1299044    0    0     0 17276 20218 61545 51 17 31  2  0  0 2026-09-26 09:36:32
 6  0      0 1596300  88136 1303848    0    0     0  9464 22382 66690 46 18 34  2  0  0 2026-09-26 09:36:33
 8  0      0 1576700  88136 1300680    0    0     0  9016 19401 63352 51 21 26  2  0  0 2026-09-26 09:36:34
 9  0      0 1572668  88136 1304584    0    0     0 10852 20220 65625 57 25 18  1  0  0 2026-09-26 09:36:35
14  0      0 1569404  88136 1302380    0    0     0 11784 22406 76591 49 23 26  2  0  0 2026-09-26 09:36:36
14  0      0 1599624  88136 1305808    0    0     0 25364 21159 70254 61 24 13  2  0  0 2026-09-26 09:36:37
 8  0      0 1601840  88136 1306756    0    0     0 13724 18167 67679 67 26  7  1  0  0 2026-09-26 09:36:38
10  0      0 1591440  88136 1307628    0    0     0 12392 17785 62229 60 27 12  1  0  0 2026-09-26 09:36:39
24  0      0 1587104  88136 1308960    0    0     0 14588 19556 73541 64 24 11  1  0  0 2026-09-26 09:36:40
 8  0      0 1584412  88136 1309936    0    0     0 14216 19925 72073 64 27  9  1  0  0 2026-09-26 09:36:41
17  0      0 1561568  88136 1315500    0    0     0 14420 18992 71516 65 26  8  1  0  0 2026-09-26 09:36:42
10  0      0 1535640  88136 1311820    0    0     0 16796 18465 67072 66 29  5  1  0  0 2026-09-26 09:36:43
22  1      0 1524804  88136 1317040    0    0     0 15916 18660 66273 69 27  4  1  0  0 2026-09-26 09:36:44
25  0      0 1540288  88136 1317196    0    0     0 17408 18525 68747 70 27  3  1  0  0 2026-09-26 09:36:45
20  0      0 1544084  88136 1318320    0    0     0 14116 17249 65435 68 27  5  1  0  0 2026-09-26 09:36:46
 5  0      0 1541936  88136 1319212    0    0     0 15152 18658 68827 68 29  3  0  0  0 2026-09-26 09:36:47
 9  1      0 1518308  88136 1320336    0    0     0 17312 17096 62715 69 29  2  1  0  0 2026-09-26 09:36:48
16  0      0 1517636  88136 1322268    0    0     0 16336 18245 68746 63 33  4  1  0  0 2026-09-26 09:36:49
procs -----------memory---------- ---swap-- -----io---- -system-- -------cpu------- -----timestamp-----
 r  b   swpd   free   buff  cache   si   so    bi    bo   in   cs us sy id wa st gu                 UTC
42  0      0 1516916  88136 1322184    0    0     0  8020 10997 33960 71 29  0  0  0  0 2026-09-26 09:36:50
40  0      0 1520112  88136 1330672    0    0     0 14176 15203 55664 67 33  1  0  0  0 2026-09-26 09:36:51
 9  0      0 1510060  88136 1325880    0    0     0 14044 14672 50696 71 29  1  0  0  0 2026-09-26 09:36:52
21  0      0 1490628  88136 1331900    0    0     0 40880 15617 56582 71 29  1  0  0  0 2026-09-26 09:36:53
32  1      0 1484664  88136 1327668    0    0     0 16816 18265 64008 69 30  1  0  0  0 2026-09-26 09:36:54
 5  0      0 1441096  88136 1332536    0    0     0 16288 16825 56534 73 26  0  0  0  0 2026-09-26 09:36:55
27  1      0 1454140  88136 1329528    0    0     0 15332 16321 56017 65 32  3  1  0  0 2026-09-26 09:36:56
12  0      0 1474392  88136 1330836    0    0     0 17100 15683 57239 70 28  1  1  0  0 2026-09-26 09:36:57
37  0      0 1479660  88136 1331912    0    0     0 16572 18922 67356 62 26  9  3  0  0 2026-09-26 09:36:58
21  0      0 1483264  88136 1332936    0    0     0 15660 16282 56244 68 27  4  1  0  0 2026-09-26 09:36:59
34  0      0 1486216  88136 1342084    0    0     0 15892 15446 53916 66 29  4  2  0  0 2026-09-26 09:37:00
22  0      0 1456200  88136 1334608    0    0     0 17992 16546 61864 72 27  1  0  0  0 2026-09-26 09:37:01
11  0      0 1437464  88136 1339644    0    0     0 16608 17591 59096 69 30  1  1  0  0 2026-09-26 09:37:02
14  1      0 1509684  88136 1336628    0    0     0 21452 18725 67821 68 28  4  1  0  0 2026-09-26 09:37:03
12  0      0 1443956  88136 1337696    0    0     0 16808 15791 54473 68 31  1  0  0  0 2026-09-26 09:37:04
15  0      0 1507124  88136 1338724    0    0     0 18888 18525 72779 65 31  4  1  0  0 2026-09-26 09:37:05
13  0      0 1473116  88136 1339792    0    0     0 16520 16681 57701 69 29  2  1  0  0 2026-09-26 09:37:06
43  0      0 1483900  88136 1340784    0    0     0 17640 17899 65988 67 30  2  1  0  0 2026-09-26 09:37:07
25  0      0 1424232  88136 1342756    0    0     0 44216 15523 51694 71 28  1  1  0  0 2026-09-26 09:37:08
17  0      0 1456604  88136 1350284    0    0     0  9840 11690 39710 69 30  1  0  0  0 2026-09-26 09:37:09
27  1      0 1494848  88136 1343816    0    0     0 16556 12421 42691 72 27  1  1  0  0 2026-09-26 09:37:10
procs -----------memory---------- ---swap-- -----io---- -system-- -------cpu------- -----timestamp-----
 r  b   swpd   free   buff  cache   si   so    bi    bo   in   cs us sy id wa st gu                 UTC
34  0      0 1467728  88136 1353740    0    0     0  6948 8607 26646 66 32  1  1  0  0 2026-09-26 09:37:11
17  0      0 1414892  88136 1344912    0    0     0 12752 13374 45639 73 27  0  0  0  0 2026-09-26 09:37:12
13  0      0 1411116  88136 1351404    0    0     0 13412 13874 46283 71 29  1  0  0  0 2026-09-26 09:37:13
35  0      0 1451524  88136 1346400    0    0     0 14256 14627 54824 68 27  4  1  0  0 2026-09-26 09:37:14
 6  0      0 1432968  88136 1348748    0    0     0 13032 12015 43407 71 27  2  1  0  0 2026-09-26 09:37:15
14  0      0 1495304  88136 1348156    0    0     0 15052 16829 60516 69 30  1  0  0  0 2026-09-26 09:37:16
45  0      0 1424032  88136 1349072    0    0     0 12936 12923 44756 72 28  0  0  0  0 2026-09-26 09:37:17
71  0      0 1419496  88136 1359652    0    0     0 18136 17981 62649 68 32  1  0  0  0 2026-09-26 09:37:18
37  1      0 1445128  88136 1351680    0    0     0 16268 13203 47152 73 27  0  0  0  0 2026-09-26 09:37:19
49  1      0 1436236  88136 1358848    0    0     0 14552 16457 54594 69 30  1  0  0  0 2026-09-26 09:37:20
20  0      0 1450316  88136 1353304    0    0     0 14932 16313 53494 66 29  3  2  0  0 2026-09-26 09:37:21
22  0      0 1393980  88136 1361876    0    0     0 11728 12060 41981 68 30  1  1  0  0 2026-09-26 09:37:22
24  0      0 1406332  88136 1354968    0    0     0 41080 13889 51394 71 28  1  0  0  0 2026-09-26 09:37:23
11  1      0 1392552  88136 1358888    0    0     0 13428 13817 46362 73 27  1  0  0  0 2026-09-26 09:37:24
17  0      0 1419056  88136 1359016    0    0     0 20852 17039 63014 65 31  3  1  0  0 2026-09-26 09:37:25
60  0      0 1383484  88136 1362868    0    0     0 10296 11115 36619 72 28  0  0  0  0 2026-09-26 09:37:26
17  0      0 1404168  88136 1371728    0    0     0 15488 15094 53620 67 29  3  1  0  0 2026-09-26 09:37:27
55  0      0 1396992  88136 1361064    0    0     0 12888 11769 40097 70 29  1  1  0  0 2026-09-26 09:37:28
20  0      0 1371540  88136 1373488    0    0     0 12768 14416 45678 69 31  1  0  0  0 2026-09-26 09:37:29
19  0      0 1348004  88136 1362496    0    0     0 13968 14772 50926 72 28  0  0  0  0 2026-09-26 09:37:30
 9  0      0 1416592  88136 1363636    0    0     0  3880 16857 75752 73 23  4  0  0  0 2026-09-26 09:37:31
procs -----------memory---------- ---swap-- -----io---- -system-- -------cpu------- -----timestamp-----
 r  b   swpd   free   buff  cache   si   so    bi    bo   in   cs us sy id wa st gu                 UTC
 9  0      0 1416616  88136 1364948    0    0     0   912 17393 79897 71 21  8  0  0  0 2026-09-26 09:37:32
 7  0      0 1422476  88136 1366108    0    0     0   728 15774 77342 72 23  5  0  0  0 2026-09-26 09:37:33
15  0      0 1434604  88136 1367148    0    0     0   588 16063 71523 73 22  6  0  0  0 2026-09-26 09:37:34
 5  0      0 1434352  88136 1368384    0    0     0   800 17742 79839 68 22 10  1  0  0 2026-09-26 09:37:35
