time=18:26:27.749 level=INFO msg=負荷走行を開始します
time=18:26:27.749 level=DEBUG source=/tmp/isucon14/bench/cmd/run.go:90 msg=target targetURL=https://isuride.xiv.isucon.net targetAddr=127.0.0.1:443 benchrun.GetTargetAddress()="" paymentURL=http://127.0.0.1:12346
time=18:26:30.488 level=DEBUG source=/tmp/isucon14/bench/benchmarker/scenario/scenario.go:315 msg=時間経過 tick=60
time=18:26:30.488 level=DEBUG source=/tmp/isucon14/bench/benchmarker/scenario/scenario.go:317 msg=eval reqs=0 score="[0 0 0 0 0]" criteria="[0 0 0 0]"
time=18:26:32.288 level=DEBUG source=/tmp/isucon14/bench/benchmarker/scenario/scenario.go:315 msg=時間経過 tick=120
time=18:26:32.288 level=DEBUG source=/tmp/isucon14/bench/benchmarker/scenario/scenario.go:317 msg=eval reqs=2 score="[0 0 0 2 0]" criteria="[2 0 2 2]"
time=18:26:34.089 level=INFO msg=これまでに地域内の評判によって4人、既存ユーザーの招待経由で2人が新規登録しました
time=18:26:34.089 level=INFO msg=0.0%のライドは椅子がマッチされるまでの時間、100.0%のライドはマッチされた椅子が乗車地点までに掛かる時間、0.0%のライドは椅子の実移動時間に不満がありました
time=18:26:34.089 level=DEBUG source=/tmp/isucon14/bench/benchmarker/scenario/scenario.go:315 msg=時間経過 tick=180
time=18:26:34.089 level=DEBUG source=/tmp/isucon14/bench/benchmarker/scenario/scenario.go:317 msg=eval reqs=2 score="[0 0 0 2 0]" criteria="[2 0 2 2]"
time=18:26:35.918 level=DEBUG source=/tmp/isucon14/bench/benchmarker/scenario/scenario.go:315 msg=時間経過 tick=240
time=18:26:35.918 level=DEBUG source=/tmp/isucon14/bench/benchmarker/scenario/scenario.go:317 msg=eval reqs=3 score="[0 0 0 3 0]" criteria="[3 0 3 3]"
time=18:26:37.749 level=DEBUG source=/tmp/isucon14/bench/benchmarker/scenario/scenario.go:315 msg=時間経過 tick=300
time=18:26:37.749 level=DEBUG source=/tmp/isucon14/bench/benchmarker/scenario/scenario.go:317 msg=eval reqs=4 score="[0 0 1 3 0]" criteria="[3 0 4 4]"
time=18:26:39.548 level=INFO msg=これまでに地域内の評判によって8人、既存ユーザーの招待経由で3人が新規登録しました
time=18:26:39.548 level=INFO msg=50.0%のライドは椅子がマッチされるまでの時間、100.0%のライドはマッチされた椅子が乗車地点までに掛かる時間、8.3%のライドは椅子の実移動時間に不満がありました
time=18:26:39.548 level=DEBUG source=/tmp/isucon14/bench/benchmarker/scenario/scenario.go:315 msg=時間経過 tick=360
time=18:26:39.548 level=DEBUG source=/tmp/isucon14/bench/benchmarker/scenario/scenario.go:317 msg=eval reqs=6 score="[0 1 2 3 0]" criteria="[3 0 6 5]"
time=18:26:39.549 level=INFO msg=一定の売上が立ったためオーナーの椅子が増加します 名前=ふたたび椅子堂 増加数=1
time=18:26:41.349 level=DEBUG source=/tmp/isucon14/bench/benchmarker/scenario/scenario.go:315 msg=時間経過 tick=420
time=18:26:41.349 level=DEBUG source=/tmp/isucon14/bench/benchmarker/scenario/scenario.go:317 msg=eval reqs=7 score="[0 2 2 3 0]" criteria="[4 0 6 5]"
time=18:26:42.707 level=WARN msg="取得したオーナーの椅子一覧の情報が想定しているものと異なります (CODE=26): total_distanceの反映が遅いデータがあります (id: 01M3EGK5RZTHFMB88TPZ7QB3M8)"
time=18:26:43.149 level=DEBUG source=/tmp/isucon14/bench/benchmarker/scenario/scenario.go:315 msg=時間経過 tick=480
time=18:26:43.149 level=DEBUG source=/tmp/isucon14/bench/benchmarker/scenario/scenario.go:317 msg=eval reqs=8 score="[0 2 3 3 0]" criteria="[4 0 7 6]"
time=18:26:44.948 level=DEBUG source=/tmp/isucon14/bench/benchmarker/scenario/scenario.go:315 msg=時間経過 tick=540
time=18:26:44.948 level=DEBUG source=/tmp/isucon14/bench/benchmarker/scenario/scenario.go:317 msg=eval reqs=12 score="[1 4 4 3 0]" criteria="[5 0 9 7]"
time=18:26:44.948 level=INFO msg=これまでに地域内の評判によって14人、既存ユーザーの招待経由で3人が新規登録しました
time=18:26:44.948 level=INFO msg=これまでに低評価なライドによって3人が利用をやめました
time=18:26:44.948 level=INFO msg=58.3%のライドは椅子がマッチされるまでの時間、100.0%のライドはマッチされた椅子が乗車地点までに掛かる時間、33.3%のライドは椅子の実移動時間に不満がありました
time=18:26:44.958 level=INFO msg=一定の売上が立ったためオーナーの椅子が増加します 名前=椅子のめぐりや 増加数=1
time=18:26:46.733 level=INFO msg=一定の売上が立ったためオーナーの椅子が増加します 名前=ZenSeat 増加数=1
time=18:26:46.748 level=DEBUG source=/tmp/isucon14/bench/benchmarker/scenario/scenario.go:315 msg=時間経過 tick=600
time=18:26:46.748 level=DEBUG source=/tmp/isucon14/bench/benchmarker/scenario/scenario.go:317 msg=eval reqs=15 score="[3 5 4 3 0]" criteria="[5 0 10 7]"
time=18:26:46.760 level=INFO msg=一定の売上が立ったためオーナーの椅子が増加します 名前=ふたたび椅子堂 増加数=1
time=18:26:48.548 level=DEBUG source=/tmp/isucon14/bench/benchmarker/scenario/scenario.go:315 msg=時間経過 tick=660
time=18:26:48.548 level=DEBUG source=/tmp/isucon14/bench/benchmarker/scenario/scenario.go:317 msg=eval reqs=20 score="[5 8 4 3 0]" criteria="[5 0 11 9]"
time=18:26:48.554 level=INFO msg=一定の売上が立ったためオーナーの椅子が増加します 名前=ふたたび椅子堂 増加数=1
time=18:26:50.343 level=INFO msg=一定の売上が立ったためオーナーの椅子が増加します 名前=椅子のめぐりや 増加数=2
time=18:26:50.348 level=DEBUG source=/tmp/isucon14/bench/benchmarker/scenario/scenario.go:315 msg=時間経過 tick=720
time=18:26:50.349 level=INFO msg=これまでに地域内の評判によって20人、既存ユーザーの招待経由で3人が新規登録しました
time=18:26:50.349 level=INFO msg=これまでに低評価なライドによって13人が利用をやめました
time=18:26:50.349 level=INFO msg=81.5%のライドは椅子がマッチされるまでの時間、96.3%のライドはマッチされた椅子が乗車地点までに掛かる時間、50.0%のライドは椅子の実移動時間に不満がありました
time=18:26:50.349 level=DEBUG source=/tmp/isucon14/bench/benchmarker/scenario/scenario.go:317 msg=eval reqs=27 score="[5 14 5 3 0]" criteria="[5 1 14 13]"
time=18:26:50.359 level=INFO msg=一定の売上が立ったためオーナーの椅子が増加します 名前=暮らしの椅子研究所 増加数=1
time=18:26:50.376 level=INFO msg=一定の売上が立ったためオーナーの椅子が増加します 名前=ZenSeat 増加数=1
time=18:26:52.150 level=DEBUG source=/tmp/isucon14/bench/benchmarker/scenario/scenario.go:315 msg=時間経過 tick=780
time=18:26:52.150 level=DEBUG source=/tmp/isucon14/bench/benchmarker/scenario/scenario.go:317 msg=eval reqs=28 score="[5 15 5 3 0]" criteria="[5 1 14 14]"
time=18:26:53.949 level=DEBUG source=/tmp/isucon14/bench/benchmarker/scenario/scenario.go:315 msg=時間経過 tick=840
time=18:26:53.949 level=DEBUG source=/tmp/isucon14/bench/benchmarker/scenario/scenario.go:317 msg=eval reqs=32 score="[5 17 7 3 0]" criteria="[5 1 17 17]"
time=18:26:55.748 level=DEBUG source=/tmp/isucon14/bench/benchmarker/scenario/scenario.go:315 msg=時間経過 tick=900
time=18:26:55.748 level=DEBUG source=/tmp/isucon14/bench/benchmarker/scenario/scenario.go:317 msg=eval reqs=34 score="[5 17 9 3 0]" criteria="[5 2 19 18]"
time=18:26:55.748 level=INFO msg=これまでに地域内の評判によって28人、既存ユーザーの招待経由で3人が新規登録しました
time=18:26:55.748 level=INFO msg=これまでに低評価なライドによって14人が利用をやめました
time=18:26:55.748 level=INFO msg=85.3%のライドは椅子がマッチされるまでの時間、94.1%のライドはマッチされた椅子が乗車地点までに掛かる時間、45.6%のライドは椅子の実移動時間に不満がありました
time=18:26:55.750 level=INFO msg=一定の売上が立ったためオーナーの椅子が増加します 名前=木座デザイン 増加数=1
time=18:26:57.548 level=DEBUG source=/tmp/isucon14/bench/benchmarker/scenario/scenario.go:315 msg=時間経過 tick=960
time=18:26:57.548 level=DEBUG source=/tmp/isucon14/bench/benchmarker/scenario/scenario.go:317 msg=eval reqs=35 score="[6 17 9 3 0]" criteria="[5 2 19 18]"
time=18:26:59.348 level=DEBUG source=/tmp/isucon14/bench/benchmarker/scenario/scenario.go:315 msg=時間経過 tick=1020
time=18:26:59.348 level=DEBUG source=/tmp/isucon14/bench/benchmarker/scenario/scenario.go:317 msg=eval reqs=38 score="[9 17 9 3 0]" criteria="[5 2 19 18]"
time=18:26:59.373 level=INFO msg=一定の売上が立ったためオーナーの椅子が増加します 名前=ふたたび椅子堂 増加数=1
time=18:27:01.148 level=DEBUG source=/tmp/isucon14/bench/benchmarker/scenario/scenario.go:315 msg=時間経過 tick=1080
time=18:27:01.150 level=INFO msg=これまでに地域内の評判によって35人、既存ユーザーの招待経由で3人が新規登録しました
time=18:27:01.150 level=INFO msg=これまでに低評価なライドによって17人が利用をやめました
time=18:27:01.150 level=INFO msg=87.2%のライドは椅子がマッチされるまでの時間、94.9%のライドはマッチされた椅子が乗車地点までに掛かる時間、52.6%のライドは椅子の実移動時間に不満がありました
time=18:27:01.150 level=DEBUG source=/tmp/isucon14/bench/benchmarker/scenario/scenario.go:317 msg=eval reqs=39 score="[10 17 9 3 0]" criteria="[5 2 19 18]"
time=18:27:02.948 level=DEBUG source=/tmp/isucon14/bench/benchmarker/scenario/scenario.go:315 msg=時間経過 tick=1140
time=18:27:02.948 level=DEBUG source=/tmp/isucon14/bench/benchmarker/scenario/scenario.go:317 msg=eval reqs=42 score="[11 18 10 3 0]" criteria="[5 3 20 19]"
time=18:27:02.974 level=INFO msg=一定の売上が立ったためオーナーの椅子が増加します 名前=ZenSeat 増加数=1
time=18:27:02.985 level=INFO msg=一定の売上が立ったためオーナーの椅子が増加します 名前=ふたたび椅子堂 増加数=1
time=18:27:04.839 level=DEBUG source=/tmp/isucon14/bench/benchmarker/scenario/scenario.go:315 msg=時間経過 tick=1200
time=18:27:04.839 level=DEBUG source=/tmp/isucon14/bench/benchmarker/scenario/scenario.go:317 msg=eval reqs=44 score="[12 19 10 3 0]" criteria="[5 3 20 20]"
time=18:27:06.669 level=DEBUG source=/tmp/isucon14/bench/benchmarker/scenario/scenario.go:315 msg=時間経過 tick=1260
time=18:27:06.669 level=INFO msg=これまでに地域内の評判によって41人、既存ユーザーの招待経由で3人が新規登録しました
time=18:27:06.669 level=DEBUG source=/tmp/isucon14/bench/benchmarker/scenario/scenario.go:317 msg=eval reqs=46 score="[13 20 10 3 0]" criteria="[5 3 21 20]"
time=18:27:06.669 level=INFO msg=これまでに低評価なライドによって22人が利用をやめました
time=18:27:06.669 level=INFO msg=89.1%のライドは椅子がマッチされるまでの時間、93.5%のライドはマッチされた椅子が乗車地点までに掛かる時間、55.4%のライドは椅子の実移動時間に不満がありました
time=18:27:08.469 level=DEBUG source=/tmp/isucon14/bench/benchmarker/scenario/scenario.go:315 msg=時間経過 tick=1320
time=18:27:08.469 level=DEBUG source=/tmp/isucon14/bench/benchmarker/scenario/scenario.go:317 msg=eval reqs=48 score="[13 22 10 3 0]" criteria="[5 3 22 21]"
time=18:27:08.527 level=INFO msg=一定の売上が立ったためオーナーの椅子が増加します 名前=ZenSeat 増加数=1
time=18:27:10.329 level=DEBUG source=/tmp/isucon14/bench/benchmarker/scenario/scenario.go:315 msg=時間経過 tick=1380
time=18:27:10.329 level=DEBUG source=/tmp/isucon14/bench/benchmarker/scenario/scenario.go:317 msg=eval reqs=49 score="[14 22 10 3 0]" criteria="[5 3 22 21]"
time=18:27:10.420 level=INFO msg=一定の売上が立ったためオーナーの椅子が増加します 名前=ふたたび椅子堂 増加数=1
time=18:27:12.128 level=DEBUG source=/tmp/isucon14/bench/benchmarker/scenario/scenario.go:315 msg=時間経過 tick=1440
time=18:27:12.128 level=INFO msg=これまでに地域内の評判によって47人、既存ユーザーの招待経由で3人が新規登録しました
time=18:27:12.128 level=INFO msg=これまでに低評価なライドによって27人が利用をやめました
time=18:27:12.128 level=INFO msg=90.6%のライドは椅子がマッチされるまでの時間、94.3%のライドはマッチされた椅子が乗車地点までに掛かる時間、59.4%のライドは椅子の実移動時間に不満がありました
time=18:27:12.128 level=DEBUG source=/tmp/isucon14/bench/benchmarker/scenario/scenario.go:317 msg=eval reqs=53 score="[18 22 10 3 0]" criteria="[5 3 22 21]"
time=18:27:12.153 level=INFO msg=一定の売上が立ったためオーナーの椅子が増加します 名前=暮らしの椅子研究所 増加数=1
time=18:27:13.929 level=DEBUG source=/tmp/isucon14/bench/benchmarker/scenario/scenario.go:315 msg=時間経過 tick=1500
time=18:27:13.929 level=DEBUG source=/tmp/isucon14/bench/benchmarker/scenario/scenario.go:317 msg=eval reqs=56 score="[20 22 11 3 0]" criteria="[5 4 23 21]"
time=18:27:14.028 level=INFO msg=一定の売上が立ったためオーナーの椅子が増加します 名前=椅子のめぐりや 増加数=1
time=18:27:14.080 level=INFO msg=一定の売上が立ったためオーナーの椅子が増加します 名前=ふたたび椅子堂 増加数=1
time=18:27:14.087 level=INFO msg=一定の売上が立ったためオーナーの椅子が増加します 名前=ZenSeat 増加数=1
time=18:27:15.729 level=DEBUG source=/tmp/isucon14/bench/benchmarker/scenario/scenario.go:315 msg=時間経過 tick=1560
time=18:27:15.729 level=DEBUG source=/tmp/isucon14/bench/benchmarker/scenario/scenario.go:317 msg=eval reqs=58 score="[22 22 11 3 0]" criteria="[5 4 23 21]"
time=18:27:17.528 level=DEBUG source=/tmp/isucon14/bench/benchmarker/scenario/scenario.go:315 msg=時間経過 tick=1620
time=18:27:17.528 level=DEBUG source=/tmp/isucon14/bench/benchmarker/scenario/scenario.go:317 msg=eval reqs=62 score="[26 22 11 3 0]" criteria="[5 4 23 21]"
time=18:27:17.528 level=INFO msg=これまでに地域内の評判によって53人、既存ユーザーの招待経由で3人が新規登録しました
time=18:27:17.529 level=INFO msg=これまでに低評価なライドによって34人が利用をやめました
time=18:27:17.529 level=INFO msg=91.9%のライドは椅子がマッチされるまでの時間、93.5%のライドはマッチされた椅子が乗車地点までに掛かる時間、64.5%のライドは椅子の実移動時間に不満がありました
time=18:27:17.583 level=INFO msg=一定の売上が立ったためオーナーの椅子が増加します 名前=ふたたび椅子堂 増加数=1
time=18:27:19.328 level=DEBUG source=/tmp/isucon14/bench/benchmarker/scenario/scenario.go:315 msg=時間経過 tick=1680
time=18:27:19.328 level=DEBUG source=/tmp/isucon14/bench/benchmarker/scenario/scenario.go:317 msg=eval reqs=66 score="[28 23 12 3 0]" criteria="[5 5 24 22]"
time=18:27:19.396 level=INFO msg=一定の売上が立ったためオーナーの椅子が増加します 名前=暮らしの椅子研究所 増加数=1
time=18:27:21.128 level=DEBUG source=/tmp/isucon14/bench/benchmarker/scenario/scenario.go:315 msg=時間経過 tick=1740
time=18:27:21.128 level=DEBUG source=/tmp/isucon14/bench/benchmarker/scenario/scenario.go:317 msg=eval reqs=68 score="[30 23 12 3 0]" criteria="[5 5 24 22]"
time=18:27:22.929 level=DEBUG source=/tmp/isucon14/bench/benchmarker/scenario/scenario.go:315 msg=時間経過 tick=1800
time=18:27:22.929 level=DEBUG source=/tmp/isucon14/bench/benchmarker/scenario/scenario.go:317 msg=eval reqs=71 score="[33 23 12 3 0]" criteria="[5 5 24 22]"
time=18:27:22.930 level=INFO msg=これまでに地域内の評判によって59人、既存ユーザーの招待経由で3人が新規登録しました
time=18:27:22.930 level=INFO msg=これまでに低評価なライドによって42人が利用をやめました
time=18:27:22.930 level=INFO msg=93.0%のライドは椅子がマッチされるまでの時間、93.0%のライドはマッチされた椅子が乗車地点までに掛かる時間、67.6%のライドは椅子の実移動時間に不満がありました
time=18:27:23.094 level=INFO msg=一定の売上が立ったためオーナーの椅子が増加します 名前=ZenSeat 増加数=1
time=18:27:23.143 level=INFO msg=一定の売上が立ったためオーナーの椅子が増加します 名前=ふたたび椅子堂 増加数=1
time=18:27:24.728 level=DEBUG source=/tmp/isucon14/bench/benchmarker/scenario/scenario.go:315 msg=時間経過 tick=1860
time=18:27:24.728 level=DEBUG source=/tmp/isucon14/bench/benchmarker/scenario/scenario.go:317 msg=eval reqs=71 score="[33 23 12 3 0]" criteria="[5 5 24 22]"
time=18:27:26.528 level=DEBUG source=/tmp/isucon14/bench/benchmarker/scenario/scenario.go:315 msg=時間経過 tick=1920
time=18:27:26.528 level=DEBUG source=/tmp/isucon14/bench/benchmarker/scenario/scenario.go:317 msg=eval reqs=72 score="[33 24 12 3 0]" criteria="[5 5 24 23]"
time=18:27:26.601 level=INFO msg=一定の売上が立ったためオーナーの椅子が増加します 名前=椅子のめぐりや 増加数=1
time=18:27:28.329 level=DEBUG source=/tmp/isucon14/bench/benchmarker/scenario/scenario.go:315 msg=時間経過 tick=1980
time=18:27:28.329 level=INFO msg=これまでに地域内の評判によって65人、既存ユーザーの招待経由で3人が新規登録しました
time=18:27:28.329 level=INFO msg=これまでに低評価なライドによって45人が利用をやめました
time=18:27:28.329 level=INFO msg=93.3%のライドは椅子がマッチされるまでの時間、92.0%のライドはマッチされた椅子が乗車地点までに掛かる時間、68.0%のライドは椅子の実移動時間に不満がありました
time=18:27:28.329 level=DEBUG source=/tmp/isucon14/bench/benchmarker/scenario/scenario.go:317 msg=eval reqs=75 score="[35 24 13 3 0]" criteria="[5 6 25 23]"
time=18:27:33.690 level=INFO msg=最終地域情報 名前=チェアタウン ユーザー登録数=38 アクティブユーザー数=16
time=18:27:33.690 level=INFO msg=最終地域情報 名前=コシカケシティ ユーザー登録数=42 アクティブユーザー数=19
time=18:27:33.690 level=INFO msg=最終オーナー情報 名前=木座デザイン 売上=30200 椅子数=5
time=18:27:33.690 level=INFO msg=最終オーナー情報 名前=ふたたび椅子堂 売上=163900 椅子数=13
time=18:27:33.690 level=INFO msg=最終オーナー情報 名前=椅子のめぐりや 売上=79000 椅子数=9
time=18:27:33.690 level=INFO msg=最終オーナー情報 名前=暮らしの椅子研究所 売上=54500 椅子数=7
time=18:27:33.690 level=INFO msg=最終オーナー情報 名前=ZenSeat 売上=115900 椅子数=10
time=18:27:33.690 level=INFO msg=93.3%のライドは椅子がマッチされるまでの時間、92.0%のライドはマッチされた椅子が乗車地点までに掛かる時間、68.0%のライドは椅子の実移動時間に不満がありました
time=18:27:33.690 level=INFO msg=結果 pass=true スコア=6873 種別エラー数=map[26:1]
time=18:27:33.690 level=INFO msg=負荷走行が終了しました
