2026-09-26T09:26:27+00:00
COMMAND         %CPU   RSS
mysqld          24.3 634072
nginx            1.0  9600
nginx            0.8  9572
systemd-journal  0.6 209908
rsyslogd         0.3  5528
jbd2/sda1-8      0.3     0
isuride          0.2 10080
rcu_preempt      0.1     0
kworker/1:1H-kb  0.1     0
2026-09-26T09:26:29+00:00
COMMAND         %CPU   RSS
mysqld          24.5 713416
bench            9.5 47496
isuride          1.0 14992
nginx            1.0  9600
nginx            0.8  9572
systemd-journal  0.6 210300
jbd2/sda1-8      0.3     0
rsyslogd         0.3  5528
rcu_preempt      0.1     0
2026-09-26T09:26:31+00:00
COMMAND         %CPU   RSS
mysqld          24.6 703492
bench            9.4 53120
isuride          2.5 15864
nginx            1.0  9600
nginx            0.8  9572
systemd-journal  0.6 211184
rsyslogd         0.3  5528
jbd2/sda1-8      0.3     0
rcu_preempt      0.1     0
2026-09-26T09:26:33+00:00
COMMAND         %CPU   RSS
mysqld          24.7 678276
bench            9.6 57980
isuride          4.0 15904
nginx            1.0  9600
nginx            0.8  9572
systemd-journal  0.6 213216
rsyslogd         0.3  5528
jbd2/sda1-8      0.3     0
rcu_preempt      0.1     0
2026-09-26T09:26:35+00:00
COMMAND         %CPU   RSS
mysqld          24.9 679356
bench           10.9 60620
isuride          5.5 16276
nginx            1.0  9600
nginx            0.9  9572
systemd-journal  0.6 216776
rsyslogd         0.3  5528
jbd2/sda1-8      0.3     0
rcu_preempt      0.1     0
2026-09-26T09:26:37+00:00
COMMAND         %CPU   RSS
mysqld          25.0 683720
bench           11.3 65436
isuride          6.9 16396
nginx            1.0  9600
nginx            0.9  9572
systemd-journal  0.6 218156
rsyslogd         0.3  5528
jbd2/sda1-8      0.3     0
rcu_preempt      0.1     0
2026-09-26T09:26:39+00:00
COMMAND         %CPU   RSS
mysqld          25.2 688108
bench           11.5 71592
isuride          8.1 16860
nginx            1.0  9600
nginx            0.9  9572
systemd-journal  0.6 219328
rsyslogd         0.3  5528
jbd2/sda1-8      0.3     0
rcu_preempt      0.1     0
2026-09-26T09:26:41+00:00
COMMAND         %CPU   RSS
mysqld          25.4 690312
bench           11.4 76056
isuride          9.2 17204
nginx            1.0  9600
nginx            0.9  9572
systemd-journal  0.6 220488
rsyslogd         0.3  5528
jbd2/sda1-8      0.3     0
rcu_preempt      0.1     0
2026-09-26T09:26:43+00:00
COMMAND         %CPU   RSS
mysqld          25.6 694104
bench           11.7 76420
isuride         10.2 17740
nginx            1.0  9600
nginx            0.9  9572
systemd-journal  0.6 223968
rsyslogd         0.3  5528
jbd2/sda1-8      0.3     0
rcu_preempt      0.1     0
2026-09-26T09:26:45+00:00
COMMAND         %CPU   RSS
mysqld          25.8 695292
bench           11.8 77184
isuride         11.0 17008
nginx            1.0  9600
nginx            0.9  9572
systemd-journal  0.6 226504
rsyslogd         0.3  5528
jbd2/sda1-8      0.3     0
rcu_preempt      0.1     0
2026-09-26T09:26:47+00:00
COMMAND         %CPU   RSS
mysqld          26.0 717680
bench           12.0 80576
isuride         11.8 17180
curl             7.1 12064
nginx            1.0  9600
nginx            0.9  9572
systemd-journal  0.6 227756
rsyslogd         0.3  5528
jbd2/sda1-8      0.3     0
2026-09-26T09:26:49+00:00
COMMAND         %CPU   RSS
mysqld          26.2 758528
isuride         12.4 18036
bench           12.1 84012
curl             4.7     0
nginx            1.0  9600
nginx            0.9  9572
systemd-journal  0.6 228788
rsyslogd         0.3  5528
jbd2/sda1-8      0.3     0
2026-09-26T09:26:51+00:00
COMMAND         %CPU   RSS
mysqld          26.4 706768
isuride         12.8 17424
bench           12.1 87964
nginx            1.0  9600
nginx            0.9  9572
systemd-journal  0.6 229752
rsyslogd         0.3  5528
jbd2/sda1-8      0.3     0
rcu_preempt      0.1     0
2026-09-26T09:26:53+00:00
COMMAND         %CPU   RSS
mysqld          26.6 708880
isuride         13.3 17524
bench           12.1 92340
nginx            1.0  9600
nginx            0.9  9572
systemd-journal  0.6 233756
rsyslogd         0.3  5528
jbd2/sda1-8      0.3     0
rcu_preempt      0.1     0
2026-09-26T09:26:55+00:00
COMMAND         %CPU   RSS
mysqld          26.8 713236
isuride         13.8 17248
bench           12.2 100268
nginx            1.0  9600
nginx            0.9  9572
systemd-journal  0.6 238468
rsyslogd         0.3  5528
jbd2/sda1-8      0.3     0
rcu_preempt      0.1     0
2026-09-26T09:26:57+00:00
COMMAND         %CPU   RSS
mysqld          27.0 714316
isuride         14.2 18016
bench           12.2 105892
nginx            1.0  9600
nginx            0.9  9572
systemd-journal  0.7 239628
rsyslogd         0.3  5528
jbd2/sda1-8      0.3     0
rcu_preempt      0.1     0
2026-09-26T09:26:59+00:00
COMMAND         %CPU   RSS
mysqld          27.2 714432
isuride         14.7 17988
bench           12.2 109724
nginx            1.0  9600
nginx            0.9  9572
systemd-journal  0.7 243060
rsyslogd         0.3  5528
jbd2/sda1-8      0.3     0
rcu_preempt      0.1     0
2026-09-26T09:27:01+00:00
COMMAND         %CPU   RSS
mysqld          27.4 711688
isuride         15.1 18560
bench           12.2 110060
nginx            1.0  9600
nginx            0.9  9572
systemd-journal  0.7 244920
rsyslogd         0.3  5528
jbd2/sda1-8      0.3     0
rcu_preempt      0.1     0
2026-09-26T09:27:03+00:00
COMMAND         %CPU   RSS
mysqld          27.6 713860
isuride         15.5 18616
bench           12.2 114796
nginx            1.0  9600
nginx            0.9  9572
systemd-journal  0.7 246108
rsyslogd         0.3  5528
jbd2/sda1-8      0.3     0
rcu_preempt      0.1     0
2026-09-26T09:27:05+00:00
COMMAND         %CPU   RSS
mysqld          27.8 715228
isuride         15.8 19324
bench           12.6 115312
nginx            1.0  9600
nginx            1.0  9572
systemd-journal  0.7 246452
jbd2/sda1-8      0.3     0
rsyslogd         0.3  5528
rcu_preempt      0.1     0
2026-09-26T09:27:07+00:00
COMMAND         %CPU   RSS
mysqld          28.0 728376
isuride         16.0 19188
bench           12.6 117252
nginx            1.0  9600
nginx            1.0  9572
systemd-journal  0.7 247268
jbd2/sda1-8      0.3     0
rsyslogd         0.3  5528
rcu_preempt      0.1     0
2026-09-26T09:27:09+00:00
COMMAND         %CPU   RSS
mysqld          28.2 743648
isuride         16.3 20332
bench           12.5 117468
nginx            1.0  9600
nginx            1.0  9572
systemd-journal  0.7 247976
jbd2/sda1-8      0.3     0
rsyslogd         0.3  5528
rcu_preempt      0.1     0
2026-09-26T09:27:11+00:00
COMMAND         %CPU   RSS
mysqld          28.4 733140
isuride         16.5 19288
bench           12.5 124504
nginx            1.0  9600
nginx            1.0  9572
systemd-journal  0.7 251992
jbd2/sda1-8      0.3     0
rsyslogd         0.3  5528
rcu_preempt      0.1     0
2026-09-26T09:27:13+00:00
COMMAND         %CPU   RSS
mysqld          28.6 716376
isuride         16.8 20968
bench           12.5 125408
nginx            1.0  9600
nginx            1.0  9572
systemd-journal  0.7 253644
jbd2/sda1-8      0.3     0
rsyslogd         0.3  5528
rcu_preempt      0.1     0
2026-09-26T09:27:15+00:00
COMMAND         %CPU   RSS
mysqld          28.8 733164
isuride         17.0 20396
bench           12.6 133972
nginx            1.0  9600
nginx            1.0  9572
systemd-journal  0.7 254448
jbd2/sda1-8      0.3     0
rsyslogd         0.3  5528
rcu_preempt      0.1     0
2026-09-26T09:27:17+00:00
COMMAND         %CPU   RSS
mysqld          29.0 710448
isuride         17.2 19820
bench           12.5 134060
nginx            1.1  9600
nginx            1.0  9572
systemd-journal  0.7 255684
jbd2/sda1-8      0.3     0
rsyslogd         0.3  5528
rcu_preempt      0.1     0
2026-09-26T09:27:19+00:00
COMMAND         %CPU   RSS
mysqld          29.2 713616
isuride         17.3 20396
bench           12.5 139648
nginx            1.1  9600
nginx            1.0  9572
systemd-journal  0.7 256652
jbd2/sda1-8      0.3     0
rsyslogd         0.3  5528
rcu_preempt      0.1     0
2026-09-26T09:27:21+00:00
COMMAND         %CPU   RSS
mysqld          29.4 709608
isuride         17.5 20368
bench           12.6 139724
nginx            1.1  9600
nginx            1.0  9572
systemd-journal  0.7 257360
jbd2/sda1-8      0.3     0
rsyslogd         0.3  5528
rcu_preempt      0.1     0
2026-09-26T09:27:23+00:00
COMMAND         %CPU   RSS
mysqld          29.6 711700
isuride         17.6 21436
bench           12.6 142008
nginx            1.1  9600
nginx            1.0  9580
systemd-journal  0.7 260072
jbd2/sda1-8      0.3     0
rsyslogd         0.3  5528
rcu_preempt      0.1     0
2026-09-26T09:27:25+00:00
COMMAND         %CPU   RSS
mysqld          29.8 730128
isuride         17.7 20864
bench           12.5 146516
nginx            1.1  9600
nginx            1.0  9580
systemd-journal  0.7 262484
jbd2/sda1-8      0.3     0
rsyslogd         0.3  5528
rcu_preempt      0.1     0
2026-09-26T09:27:28+00:00
COMMAND         %CPU   RSS
mysqld          30.0 751628
isuride         17.9 20928
bench           12.5 146544
nginx            1.1  9600
nginx            1.0  9580
systemd-journal  0.7 263900
jbd2/sda1-8      0.3     0
rsyslogd         0.3  5528
rcu_preempt      0.1     0
2026-09-26T09:27:30+00:00
COMMAND         %CPU   RSS
mysqld          30.2 697540
isuride         18.1 19148
bench           12.5 154368
nginx            1.1  9600
nginx            1.0  9580
systemd-journal  0.7 265132
jbd2/sda1-8      0.3     0
rsyslogd         0.3  5528
rcu_preempt      0.1     0
2026-09-26T09:27:32+00:00
COMMAND         %CPU   RSS
mysqld          30.4 697540
isuride         18.4 18744
bench           12.4 154372
nginx            1.1  9600
nginx            1.0  9580
systemd-journal  0.7 266828
jbd2/sda1-8      0.3     0
rsyslogd         0.3  5528
rcu_preempt      0.1     0
