procs -----------memory---------- ---swap-- -----io---- -system-- -------cpu------- -----timestamp-----
 r  b   swpd   free   buff  cache   si   so    bi    bo   in   cs us sy id wa st gu                 UTC
 3  0      0 2258044  88132 858436    0    0   509  3189 3561   60 15  6 79  0  0  0 2026-09-26 09:26:27
 9  0      0 2189020  88132 863192    0    0   112 54708 16692 35408 32 13 40 15  0  0 2026-09-26 09:26:28
 8  0      0 2144980  88132 869132    0    0     0  5516 16155 49606 70 11 19  1  0  0 2026-09-26 09:26:29
 0  0      0 2126456  88132 864808    0    0     0  6756 25563 70436 40 17 41  2  0  0 2026-09-26 09:26:30
11  0      0 2113484  88132 867924    0    0     0  9548 20300 65589 60 20 19  1  0  0 2026-09-26 09:26:31
 1  0      0 2156396  88132 866720    0    0     0  9360 22672 77198 52 21 27  1  0  0 2026-09-26 09:26:32
 0  0      0 2099708  88132 867836    0    0     0 21852 21152 71020 55 23 21  1  0  0 2026-09-26 09:26:33
10  0      0 2099216  88132 868808    0    0     0 11888 19802 72944 59 26 14  1  0  0 2026-09-26 09:26:34
 2  0      0 2072532  88132 869840    0    0     0 13268 18864 70313 61 26 12  1  0  0 2026-09-26 09:26:35
21  1      0 2077004  88132 870764    0    0     0 11548 17736 65480 61 29  9  1  0  0 2026-09-26 09:26:36
19  0      0 2108036  88132 872064    0    0     0 17124 17531 61308 65 27  7  1  0  0 2026-09-26 09:26:37
26  1      0 2100832  88132 881936    0    0     0 25864 20524 75995 61 28 10  2  0  0 2026-09-26 09:26:38
21  1      0 2093236  88132 874464    0    0     0 17052 18241 66200 70 26  4  1  0  0 2026-09-26 09:26:39
26  0      0 2073880  88132 880512    0    0     0 16360 18945 72199 65 29  5  1  0  0 2026-09-26 09:26:40
10  1      0 2067504  88132 877084    0    0     0 17608 18969 70455 64 29  6  2  0  0 2026-09-26 09:26:41
39  0      0 2030224  88132 881792    0    0     0 16704 18215 67640 66 30  3  1  0  0 2026-09-26 09:26:42
14  0      0 2034600  88132 880636    0    0     0 17948 18578 71387 66 32  2  0  0  0 2026-09-26 09:26:43
29  0      0 2020532  88132 882020    0    0     0 15264 16697 56143 69 29  2  1  0  0 2026-09-26 09:26:44
11  0      0 2025952  88132 883268    0    0     0 17076 20281 77949 63 30  6  2  0  0 2026-09-26 09:26:45
21  0      0 2044332  88132 884640    0    0     0 16336 18500 69959 66 31  3  0  0  0 2026-09-26 09:26:46
18  1      0 2052580  88132 893952    0    0     0 17956 20306 80012 66 30  3  1  0  0 2026-09-26 09:26:47
procs -----------memory---------- ---swap-- -----io---- -system-- -------cpu------- -----timestamp-----
 r  b   swpd   free   buff  cache   si   so    bi    bo   in   cs us sy id wa st gu                 UTC
22  0      0 2073928  88132 887172    0    0     0 16896 17747 64441 72 28  1  0  0  0 2026-09-26 09:26:48
16  0      0 2040984  88132 894772    0    0     0 16316 16996 64617 66 33  1  0  0  0 2026-09-26 09:26:49
15  0      0 2041340  88132 889424    0    0     0 13564 16168 59202 75 24  1  1  0  0 2026-09-26 09:26:50
12  0      0 2015248  88132 891820    0    0     0 14528 17402 58658 74 26  1  0  0  0 2026-09-26 09:26:51
24  0      0 2014996  88132 892680    0    0     0 23164 18902 72603 65 27  6  1  0  0 2026-09-26 09:26:52
12  1      0 2058076  88132 894488    0    0     0 17396 18174 64982 74 25  1  0  0  0 2026-09-26 09:26:53
29  0      0 2056508  88132 897964    0    0     0 29932 18743 69320 70 28  2  1  0  0 2026-09-26 09:26:54
40  0      0 2028300  88132 899212    0    0     0 14572 18241 69278 73 27  1  0  0  0 2026-09-26 09:26:55
10  1      0 2016972  88132 908668    0    0     0 16272 17831 67456 71 29  1  0  0  0 2026-09-26 09:26:56
11  1      0 1961028  88132 901464    0    0     0 15048 15071 55811 71 29  0  0  0  0 2026-09-26 09:26:57
18  0      0 1922516  88132 907872    0    0     0 16180 16401 57508 69 31  1  0  0  0 2026-09-26 09:26:58
29  0      0 1921776  88132 903624    0    0     0 31340 18101 65018 70 30  0  0  0  0 2026-09-26 09:26:59
31  0      0 1945812  88132 908776    0    0     0 17336 15769 60042 72 28  1  0  0  0 2026-09-26 09:27:00
29  0      0 2014212  88132 908436    0    0     0 20108 17010 72454 67 32  1  1  0  0 2026-09-26 09:27:01
15  0      0 1978872  88132 909660    0    0     0 16732 16630 60235 73 26  1  1  0  0 2026-09-26 09:27:02
36  1      0 1982644  88132 910932    0    0     0 18216 17830 70143 70 30  0  0  0  0 2026-09-26 09:27:03
53  1      0 1941004  88132 916112    0    0     0  8280 9272 29728 72 28  0  0  0  0 2026-09-26 09:27:04
37  0      0 1979356  88132 912180    0    0    68  6296 8848 26245 68 31  1  1  0  0 2026-09-26 09:27:05
30  0      0 1974648  88132 912976    0    0     0 11492 15013 45243 72 28  0  0  0  0 2026-09-26 09:27:06
17  0      0 1965556  88132 926852    0    0     0 14504 17035 57744 68 30  2  1  0  0 2026-09-26 09:27:07
25  0      0 1935356  88132 914840    0    0     0 17696 13288 45147 72 28  1  0  0  0 2026-09-26 09:27:08
procs -----------memory---------- ---swap-- -----io---- -system-- -------cpu------- -----timestamp-----
 r  b   swpd   free   buff  cache   si   so    bi    bo   in   cs us sy id wa st gu                 UTC
20  0      0 1898824  88132 921728    0    0     0 30808 13221 44571 71 27  1  1  0  0 2026-09-26 09:27:09
31  0      0 1948760  88132 918824    0    0     0 17384 16789 59654 70 28  2  1  0  0 2026-09-26 09:27:10
49  0      0 1903652  88132 924204    0    0     0 16116 16593 60051 70 29  1  1  0  0 2026-09-26 09:27:11
35  0      0 1928928  88132 920732    0    0     0 14516 14704 56203 67 29  3  1  0  0 2026-09-26 09:27:12
 9  1      0 1954128  88132 921516    0    0     0  9048 10096 34395 75 25  0  0  0  0 2026-09-26 09:27:13
13  0      0 1961236  88132 922332    0    0     0 14108 16188 57737 70 29  2  0  0  0 2026-09-26 09:27:14
17  0      0 1906404  88132 927376    0    0     0  7944 11086 31962 75 25  0  0  0  0 2026-09-26 09:27:15
33  0      0 1930992  88132 934928    0    0     0 15740 15629 60731 69 30  1  1  0  0 2026-09-26 09:27:16
27  1      0 1874356  88132 925028    0    0     0 14736 15569 57710 72 27  1  0  0  0 2026-09-26 09:27:17
21  0      0 1895196  88132 935028    0    0     0 15384 15779 58501 71 27  2  1  0  0 2026-09-26 09:27:18
28  1      0 1921688  88132 928176    0    0     0 13448 16710 56784 74 24  1  1  0  0 2026-09-26 09:27:19
23  0      0 1876736  88132 933736    0    0     0 10700 14529 46094 73 27  1  0  0  0 2026-09-26 09:27:20
16  1      0 1890940  88132 929552    0    0     0  8996 12112 40045 71 28  1  0  0  0 2026-09-26 09:27:21
12  0      0 1859864  88132 933360    0    0     0 10172 12464 40413 72 27  1  1  0  0 2026-09-26 09:27:22
23  0      0 1898900  88132 931312    0    0     0 14516 14409 50635 73 26  1  0  0  0 2026-09-26 09:27:23
11  0      0 1918832  88132 931840    0    0     0 31680 14017 45309 75 25  1  0  0  0 2026-09-26 09:27:24
23  0      0 1923732  88132 942204    0    0     0 15528 16899 59555 70 27  3  1  0  0 2026-09-26 09:27:25
37  0      0 1868608  88132 933780    0    0     0 12984 15879 53954 73 26  1  0  0  0 2026-09-26 09:27:26
62  0      0 1872300  88132 945124    0    0     0 12164 13582 49617 72 27  1  0  0  0 2026-09-26 09:27:27
18  0      0 1820056  88132 935724    0    0     0 15788 14285 50844 75 24  0  0  0  0 2026-09-26 09:27:28
29  1      0 1855476  88132 936644    0    0     0 19484 12908 61287 76 20  4  0  0  0 2026-09-26 09:27:29
procs -----------memory---------- ---swap-- -----io---- -system-- -------cpu------- -----timestamp-----
 r  b   swpd   free   buff  cache   si   so    bi    bo   in   cs us sy id wa st gu                 UTC
12  0      0 1874352  88132 937916    0    0     0   960 20422 86951 68 21 11  0  0  0 2026-09-26 09:27:30
 8  0      0 1882216  88132 939172    0    0     0   632 19178 85526 67 23 10  0  0  0 2026-09-26 09:27:31
15  0      0 1890032  88132 940388    0    0     0   872 16498 77839 71 21  8  0  0  0 2026-09-26 09:27:32
